Archive member included because of file (symbol)

c:/program files (x86)/atmel/atmel toolchain/avr8 gcc/native/3.4.2.1002/avr8-gnu-toolchain/bin/../lib/gcc/avr/4.7.2/../../../../avr/lib/avr6\libm.a(addsf3.o)
                              controller/PIDController.o (__subsf3)
c:/program files (x86)/atmel/atmel toolchain/avr8 gcc/native/3.4.2.1002/avr8-gnu-toolchain/bin/../lib/gcc/avr/4.7.2/../../../../avr/lib/avr6\libm.a(addsf3x.o)
                              c:/program files (x86)/atmel/atmel toolchain/avr8 gcc/native/3.4.2.1002/avr8-gnu-toolchain/bin/../lib/gcc/avr/4.7.2/../../../../avr/lib/avr6\libm.a(addsf3.o) (__addsf3x)
c:/program files (x86)/atmel/atmel toolchain/avr8 gcc/native/3.4.2.1002/avr8-gnu-toolchain/bin/../lib/gcc/avr/4.7.2/../../../../avr/lib/avr6\libm.a(asin.o)
                              navigation/AHRS.o (asin)
c:/program files (x86)/atmel/atmel toolchain/avr8 gcc/native/3.4.2.1002/avr8-gnu-toolchain/bin/../lib/gcc/avr/4.7.2/../../../../avr/lib/avr6\libm.a(atan2.o)
                              navigation/AHRS.o (atan2)
c:/program files (x86)/atmel/atmel toolchain/avr8 gcc/native/3.4.2.1002/avr8-gnu-toolchain/bin/../lib/gcc/avr/4.7.2/../../../../avr/lib/avr6\libm.a(atan.o)
                              c:/program files (x86)/atmel/atmel toolchain/avr8 gcc/native/3.4.2.1002/avr8-gnu-toolchain/bin/../lib/gcc/avr/4.7.2/../../../../avr/lib/avr6\libm.a(atan2.o) (atan)
c:/program files (x86)/atmel/atmel toolchain/avr8 gcc/native/3.4.2.1002/avr8-gnu-toolchain/bin/../lib/gcc/avr/4.7.2/../../../../avr/lib/avr6\libm.a(cmpsf2.o)
                              controller/PIDController.o (__nesf2)
c:/program files (x86)/atmel/atmel toolchain/avr8 gcc/native/3.4.2.1002/avr8-gnu-toolchain/bin/../lib/gcc/avr/4.7.2/../../../../avr/lib/avr6\libm.a(cos.o)
                              util/CoordinateUtil.o (cos)
c:/program files (x86)/atmel/atmel toolchain/avr8 gcc/native/3.4.2.1002/avr8-gnu-toolchain/bin/../lib/gcc/avr/4.7.2/../../../../avr/lib/avr6\libm.a(divsf3.o)
                              HelicopterMain.o (__divsf3)
c:/program files (x86)/atmel/atmel toolchain/avr8 gcc/native/3.4.2.1002/avr8-gnu-toolchain/bin/../lib/gcc/avr/4.7.2/../../../../avr/lib/avr6\libm.a(divsf3x.o)
                              c:/program files (x86)/atmel/atmel toolchain/avr8 gcc/native/3.4.2.1002/avr8-gnu-toolchain/bin/../lib/gcc/avr/4.7.2/../../../../avr/lib/avr6\libm.a(divsf3.o) (__divsf3x)
c:/program files (x86)/atmel/atmel toolchain/avr8 gcc/native/3.4.2.1002/avr8-gnu-toolchain/bin/../lib/gcc/avr/4.7.2/../../../../avr/lib/avr6\libm.a(fixsfsi.o)
                              tasks/NavigationTask.o (__fixsfsi)
c:/program files (x86)/atmel/atmel toolchain/avr8 gcc/native/3.4.2.1002/avr8-gnu-toolchain/bin/../lib/gcc/avr/4.7.2/../../../../avr/lib/avr6\libm.a(fixunssfsi.o)
                              drivers/SerialDriver.o (__fixunssfsi)
c:/program files (x86)/atmel/atmel toolchain/avr8 gcc/native/3.4.2.1002/avr8-gnu-toolchain/bin/../lib/gcc/avr/4.7.2/../../../../avr/lib/avr6\libm.a(floatsisf.o)
                              drivers/SerialDriver.o (__floatunsisf)
c:/program files (x86)/atmel/atmel toolchain/avr8 gcc/native/3.4.2.1002/avr8-gnu-toolchain/bin/../lib/gcc/avr/4.7.2/../../../../avr/lib/avr6\libm.a(floor.o)
                              drivers/SerialDriver.o (floor)
c:/program files (x86)/atmel/atmel toolchain/avr8 gcc/native/3.4.2.1002/avr8-gnu-toolchain/bin/../lib/gcc/avr/4.7.2/../../../../avr/lib/avr6\libm.a(fp_arccos.o)
                              c:/program files (x86)/atmel/atmel toolchain/avr8 gcc/native/3.4.2.1002/avr8-gnu-toolchain/bin/../lib/gcc/avr/4.7.2/../../../../avr/lib/avr6\libm.a(asin.o) (__fp_arccos)
c:/program files (x86)/atmel/atmel toolchain/avr8 gcc/native/3.4.2.1002/avr8-gnu-toolchain/bin/../lib/gcc/avr/4.7.2/../../../../avr/lib/avr6\libm.a(fp_cmp.o)
                              c:/program files (x86)/atmel/atmel toolchain/avr8 gcc/native/3.4.2.1002/avr8-gnu-toolchain/bin/../lib/gcc/avr/4.7.2/../../../../avr/lib/avr6\libm.a(cmpsf2.o) (__fp_cmp)
c:/program files (x86)/atmel/atmel toolchain/avr8 gcc/native/3.4.2.1002/avr8-gnu-toolchain/bin/../lib/gcc/avr/4.7.2/../../../../avr/lib/avr6\libm.a(fp_inf.o)
                              c:/program files (x86)/atmel/atmel toolchain/avr8 gcc/native/3.4.2.1002/avr8-gnu-toolchain/bin/../lib/gcc/avr/4.7.2/../../../../avr/lib/avr6\libm.a(addsf3x.o) (__fp_inf)
c:/program files (x86)/atmel/atmel toolchain/avr8 gcc/native/3.4.2.1002/avr8-gnu-toolchain/bin/../lib/gcc/avr/4.7.2/../../../../avr/lib/avr6\libm.a(fp_mintl.o)
                              c:/program files (x86)/atmel/atmel toolchain/avr8 gcc/native/3.4.2.1002/avr8-gnu-toolchain/bin/../lib/gcc/avr/4.7.2/../../../../avr/lib/avr6\libm.a(floor.o) (__fp_mintl)
c:/program files (x86)/atmel/atmel toolchain/avr8 gcc/native/3.4.2.1002/avr8-gnu-toolchain/bin/../lib/gcc/avr/4.7.2/../../../../avr/lib/avr6\libm.a(fp_mpack.o)
[...]
Memory Configuration

Name             Origin             Length             Attributes
text             0x00000000         0x00100000         xr
data             0x00800200         0x0000fe00         rw !x
eeprom           0x00810000         0x00010000         rw !x
fuse             0x00820000         0x00000400         rw !x
lock             0x00830000         0x00000400         rw !x
signature        0x00840000         0x00000400         rw !x
user_signatures  0x00850000         0x00000400         rw !x
*default*        0x00000000         0xffffffff

Linker script and memory map

Address of section .data set to 0x800200
LOAD c:/program files (x86)/atmel/atmel toolchain/avr8 gcc/native/3.4.2.1002/avr8-gnu-toolchain/bin/../lib/gcc/avr/4.7.2/../../../../avr/lib/avr6/crtm2560.o
LOAD buffer/Buffer.o
LOAD buffer/Record.o
LOAD controller/PIDController.o
LOAD drivers/SerialDriver.o
LOAD drivers/SPIDriver.o
LOAD drivers/TWIDriver.o
LOAD HelicopterMain.o
LOAD interfaces/GroundControlStationInterface.o
LOAD interfaces/RadioControllerInterface.o
LOAD messages/Message.o
LOAD messages/SyncMessage.o
LOAD messages/SystemTelemetryMessage.o
LOAD model/SystemModel.o
LOAD navigation/AHRS.o
LOAD scheduler/Scheduler.o
LOAD sensors/BarometerSensor.o
LOAD sensors/GPSSensor.o
LOAD sensors/IMUSensor.o
LOAD sensors/MagnetometerSensor.o
LOAD tasks/NavigationTask.o
LOAD tasks/PIDInnerLoopTask.o
LOAD tasks/PIDOuterLoopTask.o
LOAD tasks/ReadIMUSensorTask.o
LOAD tasks/SensorProcessingTask.o
LOAD tasks/SimTelemetryTask.o
LOAD tasks/Task.o
LOAD tasks/TransmitTelemetryTask.o
LOAD util/CommonHeader.o
LOAD util/CoordinateUtil.o
LOAD util/MatrixUtil.o
LOAD util/Timer.o
START GROUP
LOAD c:/program files (x86)/atmel/atmel toolchain/avr8 gcc/native/3.4.2.1002/avr8-gnu-toolchain/bin/../lib/gcc/avr/4.7.2/../../../../avr/lib/avr6\libm.a
END GROUP
LOAD c:/program files (x86)/atmel/atmel toolchain/avr8 gcc/native/3.4.2.1002/avr8-gnu-toolchain/bin/../lib/gcc/avr/4.7.2/avr6\libgcc.a
LOAD c:/program files (x86)/atmel/atmel toolchain/avr8 gcc/native/3.4.2.1002/avr8-gnu-toolchain/bin/../lib/gcc/avr/4.7.2/../../../../avr/lib/avr6\libm.a
LOAD c:/program files (x86)/atmel/atmel toolchain/avr8 gcc/native/3.4.2.1002/avr8-gnu-toolchain/bin/../lib/gcc/avr/4.7.2/avr6\libgcc.a
LOAD c:/program files (x86)/atmel/atmel toolchain/avr8 gcc/native/3.4.2.1002/avr8-gnu-toolchain/bin/../lib/gcc/avr/4.7.2/../../../../avr/lib/avr6\libc.a
LOAD c:/program files (x86)/atmel/atmel toolchain/avr8 gcc/native/3.4.2.1002/avr8-gnu-toolchain/bin/../lib/gcc/avr/4.7.2/avr6\libgcc.a

.hash
 *(.hash)

.dynsym
 *(.dynsym)

.dynstr
 *(.dynstr)

.gnu.version
 *(.gnu.version)

.gnu.version_d
 *(.gnu.version_d)

.gnu.version_r
 *(.gnu.version_r)

.rel.init
 *(.rel.init)

.rela.init
 *(.rela.init)

.rel.text
 *(.rel.text)
 *(.rel.text.*)
 *(.rel.gnu.linkonce.t*)

.rela.text
 *(.rela.text)
 *(.rela.text.*)
 *(.rela.gnu.linkonce.t*)

.rel.fini
 *(.rel.fini)

.rela.fini
 *(.rela.fini)

.rel.rodata
 *(.rel.rodata)
 *(.rel.rodata.*)
 *(.rel.gnu.linkonce.r*)

.rela.rodata
 *(.rela.rodata)
 *(.rela.rodata.*)
 *(.rela.gnu.linkonce.r*)

.rel.data
 *(.rel.data)
 *(.rel.data.*)
 *(.rel.gnu.linkonce.d*)

.rela.data
 *(.rela.data)
 *(.rela.data.*)
 *(.rela.gnu.linkonce.d*)

.rel.ctors
 *(.rel.ctors)

.rela.ctors
 *(.rela.ctors)

.rel.dtors
 *(.rel.dtors)

.rela.dtors
 *(.rela.dtors)

.rel.got
 *(.rel.got)

.rela.got
 *(.rela.got)

.rel.bss
 *(.rel.bss)

.rela.bss
 *(.rela.bss)

.rel.plt
 *(.rel.plt)

.rela.plt
 *(.rela.plt)

.text           0x00000000     0xdb28
 *(.vectors)
 .vectors       0x00000000       0xe4 c:/program files (x86)/atmel/atmel toolchain/avr8 gcc/native/3.4.2.1002/avr8-gnu-toolchain/bin/../lib/gcc/avr/4.7.2/../../../../avr/lib/avr6/crtm2560.o
                0x00000000                __vector_default
                0x00000000                __vectors
 *(.vectors)
 *(.progmem.gcc*)
 .progmem.gcc_fplib
                0x000000e4       0x14 c:/program files (x86)/atmel/atmel toolchain/avr8 gcc/native/3.4.2.1002/avr8-gnu-toolchain/bin/../lib/gcc/avr/4.7.2/../../../../avr/lib/avr6\libm.a(asin.o)
 .progmem.gcc_fplib
                0x000000f8       0x2d c:/program files (x86)/atmel/atmel toolchain/avr8 gcc/native/3.4.2.1002/avr8-gnu-toolchain/bin/../lib/gcc/avr/4.7.2/../../../../avr/lib/avr6\libm.a(atan.o)
 .progmem.gcc_fplib
                0x00000125       0x28 c:/program files (x86)/atmel/atmel toolchain/avr8 gcc/native/3.4.2.1002/avr8-gnu-toolchain/bin/../lib/gcc/avr/4.7.2/../../../../avr/lib/avr6\libm.a(fp_arccos.o)
 .progmem.gcc_fplib
                0x0000014d       0x1e c:/program files (x86)/atmel/atmel toolchain/avr8 gcc/native/3.4.2.1002/avr8-gnu-toolchain/bin/../lib/gcc/avr/4.7.2/../../../../avr/lib/avr6\libm.a(fp_sinus.o)
 .progmem.gcc_fplib
                0x0000016b       0x28 c:/program files (x86)/atmel/atmel toolchain/avr8 gcc/native/3.4.2.1002/avr8-gnu-toolchain/bin/../lib/gcc/avr/4.7.2/../../../../avr/lib/avr6\libm.a(exp.o)
 .progmem.gcc_fplib
                0x00000193       0x5a c:/program files (x86)/atmel/atmel toolchain/avr8 gcc/native/3.4.2.1002/avr8-gnu-toolchain/bin/../lib/gcc/avr/4.7.2/../../../../avr/lib/avr6\libm.a(log.o)
 *(.progmem*)
                0x000001ee                . = ALIGN (0x2)
 *fill*         0x000001ed        0x1 
                0x000001ee                __trampolines_start = .
 *(.trampolines)
 .trampolines   0x000001ee       0xb8 linker stubs
 *(.trampolines*)
                0x000002a6                __trampolines_end = .
 *(.jumptables)
 *(.jumptables*)
 *(.lowtext)
 *(.lowtext*)
                0x000002a6                __ctors_start = .
 *(.ctors)
                0x000002a6                __ctors_end = .
                0x000002a6                __dtors_start = .
 *(.dtors)
                0x000002a6                __dtors_end = .
 SORT(*)(.ctors)
 SORT(*)(.dtors)
 *(.init0)
 .init0         0x000002a6        0x0 c:/program files (x86)/atmel/atmel toolchain/avr8 gcc/native/3.4.2.1002/avr8-gnu-toolchain/bin/../lib/gcc/avr/4.7.2/../../../../avr/lib/avr6/crtm2560.o
                0x000002a6                __init
 *(.init0)
 *(.init1)
 *(.init1)
 *(.init2)
 .init2         0x000002a6       0x10 c:/program files (x86)/atmel/atmel toolchain/avr8 gcc/native/3.4.2.1002/avr8-gnu-toolchain/bin/../lib/gcc/avr/4.7.2/../../../../avr/lib/avr6/crtm2560.o
 *(.init2)
 *(.init3)
 *(.init3)
 *(.init4)
 .init4         0x000002b6       0x1a c:/program files (x86)/atmel/atmel toolchain/avr8 gcc/native/3.4.2.1002/avr8-gnu-toolchain/bin/../lib/gcc/avr/4.7.2/avr6\libgcc.a(_copy_data.o)
                0x000002b6                __do_copy_data
 .init4         0x000002d0       0x10 c:/program files (x86)/atmel/atmel toolchain/avr8 gcc/native/3.4.2.1002/avr8-gnu-toolchain/bin/../lib/gcc/avr/4.7.2/avr6\libgcc.a(_clear_bss.o)
                0x000002d0                __do_clear_bss
 *(.init4)
 *(.init5)
 *(.init5)
 *(.init6)
 *(.init6)
 *(.init7)
 *(.init7)
 *(.init8)
 *(.init8)
 *(.init9)
 .init9         0x000002e0        0x8 c:/program files (x86)/atmel/atmel toolchain/avr8 gcc/native/3.4.2.1002/avr8-gnu-toolchain/bin/../lib/gcc/avr/4.7.2/../../../../avr/lib/avr6/crtm2560.o
 *(.init9)
 *(.text)
 .text          0x000002e8        0x4 c:/program files (x86)/atmel/atmel toolchain/avr8 gcc/native/3.4.2.1002/avr8-gnu-toolchain/bin/../lib/gcc/avr/4.7.2/../../../../avr/lib/avr6/crtm2560.o
                0x000002e8                __vector_38
                0x000002e8                __vector_22
                0x000002e8                __vector_28
                0x000002e8                __vector_1
                0x000002e8                __vector_32
                0x000002e8                __vector_34
                0x000002e8                __vector_24
                0x000002e8                __vector_12
                0x000002e8                __vector_55
                0x000002e8                __bad_interrupt
                0x000002e8                __vector_6
                0x000002e8                __vector_31
                0x000002e8                __vector_35
                0x000002e8                __vector_39
                0x000002e8                __vector_3
                0x000002e8                __vector_23
                0x000002e8                __vector_30
                0x000002e8                __vector_45
                0x000002e8                __vector_25
                0x000002e8                __vector_11
                0x000002e8                __vector_54
                0x000002e8                __vector_13
                0x000002e8                __vector_19
                0x000002e8                __vector_56
                0x000002e8                __vector_7
                0x000002e8                __vector_49
                0x000002e8                __vector_41
                0x000002e8                __vector_43
                0x000002e8                __vector_27
                0x000002e8                __vector_5
                0x000002e8                __vector_33
                0x000002e8                __vector_47
                0x000002e8                __vector_52
                0x000002e8                __vector_37
                0x000002e8                __vector_4
                0x000002e8                __vector_44
                0x000002e8                __vector_51
                0x000002e8                __vector_9
                0x000002e8                __vector_2
                0x000002e8                __vector_21
                0x000002e8                __vector_15
                0x000002e8                __vector_36
                0x000002e8                __vector_29
                0x000002e8                __vector_40
                0x000002e8                __vector_8
                0x000002e8                __vector_26
                0x000002e8                __vector_48
                0x000002e8                __vector_14
                0x000002e8                __vector_53
                0x000002e8                __vector_10
                0x000002e8                __vector_50
                0x000002e8                __vector_16
                0x000002e8                __vector_18
                0x000002e8                __vector_20
                0x000002e8                __vector_42
                0x000002ec                . = ALIGN (0x2)
 *(.text.*)
 .text._ZNK10helicopter5model11SystemModel19ReferenceMagYawRadsEv
                0x000002ec       0x2c controller/PIDController.o
                0x000002ec                _ZNK10helicopter5model11SystemModel19ReferenceMagYawRadsEv
 .text._ZNK10helicopter5model11SystemModel10YawControlEv
                0x00000318       0x2c controller/PIDController.o
                0x00000318                _ZNK10helicopter5model11SystemModel10YawControlEv
 .text._ZN10helicopter5model11SystemModel10YawControlEf
                0x00000344       0x40 controller/PIDController.o
                0x00000344                _ZN10helicopter5model11SystemModel10YawControlEf
 .text._ZNK10helicopter5model11SystemModel37YawControlBeforeServoLimitsAdjustmentEv
                0x00000384       0x2c controller/PIDController.o
                0x00000384                _ZNK10helicopter5model11SystemModel37YawControlBeforeServoLimitsAdjustmentEv
 .text._ZN10helicopter5model11SystemModel37YawControlBeforeServoLimitsAdjustmentEf
                0x000003b0       0x40 controller/PIDController.o
                0x000003b0                _ZN10helicopter5model11SystemModel37YawControlBeforeServoLimitsAdjustmentEf
 .text._ZNK10helicopter5model11SystemModel33ReferenceYawVelocityRadsPerSecondEv
                0x000003f0       0x2c controller/PIDController.o
                0x000003f0                _ZNK10helicopter5model11SystemModel33ReferenceYawVelocityRadsPerSecondEv
 .text._ZNK10helicopter5model11SystemModel11YawIntegralEv
                0x0000041c       0x2c controller/PIDController.o
                0x0000041c                _ZNK10helicopter5model11SystemModel11YawIntegralEv
 .text._ZN10helicopter5model11SystemModel11YawIntegralEf
                0x00000448       0x40 controller/PIDController.o
                0x00000448                _ZN10helicopter5model11SystemModel11YawIntegralEf
 .text._ZN10helicopter5model11SystemModel15YawProportionalEf
                0x00000488       0x40 controller/PIDController.o
                0x00000488                _ZN10helicopter5model11SystemModel15YawProportionalEf
 .text._ZN10helicopter5model11SystemModel18YawDerivativeErrorEf
                0x000004c8       0x40 controller/PIDController.o
                0x000004c8                _ZN10helicopter5model11SystemModel18YawDerivativeErrorEf
 .text._ZNK10helicopter5model11SystemModel14XNEDLocalFrameEv
                0x00000508       0x2c controller/PIDController.o
                0x00000508                _ZNK10helicopter5model11SystemModel14XNEDLocalFrameEv
 .text._ZNK10helicopter5model11SystemModel23ReferenceXNEDLocalFrameEv
                0x00000534       0x2c controller/PIDController.o
                0x00000534                _ZNK10helicopter5model11SystemModel23ReferenceXNEDLocalFrameEv
 .text._ZNK10helicopter5model11SystemModel43LongitudeControlBeforeServoLimitsAdjustmentEv
                0x00000560       0x2c controller/PIDController.o
                0x00000560                _ZNK10helicopter5model11SystemModel43LongitudeControlBeforeServoLimitsAdjustmentEv
 .text._ZN10helicopter5model11SystemModel43LongitudeControlBeforeServoLimitsAdjustmentEf
                0x0000058c       0x40 controller/PIDController.o
                0x0000058c                _ZN10helicopter5model11SystemModel43LongitudeControlBeforeServoLimitsAdjustmentEf
 .text._ZNK10helicopter5model11SystemModel16LongitudeControlEv
                0x000005cc       0x2c controller/PIDController.o
                0x000005cc                _ZNK10helicopter5model11SystemModel16LongitudeControlEv
 .text._ZN10helicopter5model11SystemModel16LongitudeControlEf
                0x000005f8       0x40 controller/PIDController.o
                0x000005f8                _ZN10helicopter5model11SystemModel16LongitudeControlEf
 .text._ZNK10helicopter5model11SystemModel24XVelocityMetersPerSecondEv
                0x00000638       0x2c controller/PIDController.o
                0x00000638                _ZNK10helicopter5model11SystemModel24XVelocityMetersPerSecondEv
 .text._ZNK10helicopter5model11SystemModel33ReferenceXVelocityMetersPerSecondEv
                0x00000664       0x2c controller/PIDController.o
                0x00000664                _ZNK10helicopter5model11SystemModel33ReferenceXVelocityMetersPerSecondEv
 .text._ZNK10helicopter5model11SystemModel27XLongitudeOuterLoopSetpointEv
                0x00000690       0x2c controller/PIDController.o
                0x00000690                _ZNK10helicopter5model11SystemModel27XLongitudeOuterLoopSetpointEv
 .text._ZN10helicopter5model11SystemModel27XLongitudeOuterLoopSetpointEf
                0x000006bc       0x40 controller/PIDController.o
                0x000006bc                _ZN10helicopter5model11SystemModel27XLongitudeOuterLoopSetpointEf
 .text._ZN10helicopter5model11SystemModel13XProportionalEf
                0x000006fc       0x40 controller/PIDController.o
                0x000006fc                _ZN10helicopter5model11SystemModel13XProportionalEf
 .text._ZNK10helicopter5model11SystemModel9XIntegralEv
                0x0000073c       0x2e controller/PIDController.o
                0x0000073c                _ZNK10helicopter5model11SystemModel9XIntegralEv
 .text._ZN10helicopter5model11SystemModel9XIntegralEf
                0x0000076a       0x46 controller/PIDController.o
                0x0000076a                _ZN10helicopter5model11SystemModel9XIntegralEf
 .text._ZN10helicopter5model11SystemModel16XDerivativeErrorEf
                0x000007b0       0x46 controller/PIDController.o
                0x000007b0                _ZN10helicopter5model11SystemModel16XDerivativeErrorEf
 .text._ZNK10helicopter5model11SystemModel14YNEDLocalFrameEv
                0x000007f6       0x30 controller/PIDController.o
                0x000007f6                _ZNK10helicopter5model11SystemModel14YNEDLocalFrameEv
 .text._ZNK10helicopter5model11SystemModel23ReferenceYNEDLocalFrameEv
                0x00000826       0x30 controller/PIDController.o
                0x00000826                _ZNK10helicopter5model11SystemModel23ReferenceYNEDLocalFrameEv
 .text._ZNK10helicopter5model11SystemModel41LateralControlBeforeServoLimitsAdjustmentEv
                0x00000856       0x30 controller/PIDController.o
                0x00000856                _ZNK10helicopter5model11SystemModel41LateralControlBeforeServoLimitsAdjustmentEv
 .text._ZN10helicopter5model11SystemModel41LateralControlBeforeServoLimitsAdjustmentEf
                0x00000886       0x46 controller/PIDController.o
                0x00000886                _ZN10helicopter5model11SystemModel41LateralControlBeforeServoLimitsAdjustmentEf
 .text._ZNK10helicopter5model11SystemModel14LateralControlEv
                0x000008cc       0x30 controller/PIDController.o
                0x000008cc                _ZNK10helicopter5model11SystemModel14LateralControlEv
 .text._ZN10helicopter5model11SystemModel14LateralControlEf
                0x000008fc       0x46 controller/PIDController.o
                0x000008fc                _ZN10helicopter5model11SystemModel14LateralControlEf
 .text._ZNK10helicopter5model11SystemModel24YVelocityMetersPerSecondEv
                0x00000942       0x30 controller/PIDController.o
                0x00000942                _ZNK10helicopter5model11SystemModel24YVelocityMetersPerSecondEv
 .text._ZNK10helicopter5model11SystemModel33ReferenceYVelocityMetersPerSecondEv
                0x00000972       0x30 controller/PIDController.o
                0x00000972                _ZNK10helicopter5model11SystemModel33ReferenceYVelocityMetersPerSecondEv
 .text._ZNK10helicopter5model11SystemModel25YLateralOuterLoopSetpointEv
                0x000009a2       0x30 controller/PIDController.o
                0x000009a2                _ZNK10helicopter5model11SystemModel25YLateralOuterLoopSetpointEv
 .text._ZN10helicopter5model11SystemModel25YLateralOuterLoopSetpointEf
                0x000009d2       0x46 controller/PIDController.o
                0x000009d2                _ZN10helicopter5model11SystemModel25YLateralOuterLoopSetpointEf
 .text._ZN10helicopter5model11SystemModel13YProportionalEf
                0x00000a18       0x46 controller/PIDController.o
                0x00000a18                _ZN10helicopter5model11SystemModel13YProportionalEf
 .text._ZNK10helicopter5model11SystemModel9YIntegralEv
                0x00000a5e       0x30 controller/PIDController.o
                0x00000a5e                _ZNK10helicopter5model11SystemModel9YIntegralEv
 .text._ZN10helicopter5model11SystemModel9YIntegralEf
                0x00000a8e       0x46 controller/PIDController.o
                0x00000a8e                _ZN10helicopter5model11SystemModel9YIntegralEf
 .text._ZN10helicopter5model11SystemModel16YDerivativeErrorEf
                0x00000ad4       0x46 controller/PIDController.o
                0x00000ad4                _ZN10helicopter5model11SystemModel16YDerivativeErrorEf
 .text._ZNK10helicopter5model11SystemModel14ZNEDLocalFrameEv
                0x00000b1a       0x30 controller/PIDController.o
                0x00000b1a                _ZNK10helicopter5model11SystemModel14ZNEDLocalFrameEv
 .text._ZNK10helicopter5model11SystemModel29ReferenceZNEDLocalFrameMetersEv
                0x00000b4a       0x30 controller/PIDController.o
                0x00000b4a                _ZNK10helicopter5model11SystemModel29ReferenceZNEDLocalFrameMetersEv
 .text._ZNK10helicopter5model11SystemModel26MainRotorCollectiveControlEv
                0x00000b7a       0x30 controller/PIDController.o
                0x00000b7a                _ZNK10helicopter5model11SystemModel26MainRotorCollectiveControlEv
 .text._ZN10helicopter5model11SystemModel26MainRotorCollectiveControlEf
                0x00000baa       0x46 controller/PIDController.o
                0x00000baa                _ZN10helicopter5model11SystemModel26MainRotorCollectiveControlEf
 .text._ZNK10helicopter5model11SystemModel43MainRotorControlBeforeServoLimitsAdjustmentEv
                0x00000bf0       0x30 controller/PIDController.o
                0x00000bf0                _ZNK10helicopter5model11SystemModel43MainRotorControlBeforeServoLimitsAdjustmentEv
 .text._ZN10helicopter5model11SystemModel43MainRotorControlBeforeServoLimitsAdjustmentEf
                0x00000c20       0x46 controller/PIDController.o
                0x00000c20                _ZN10helicopter5model11SystemModel43MainRotorControlBeforeServoLimitsAdjustmentEf
 .text._ZNK10helicopter5model11SystemModel24ZVelocityMetersPerSecondEv
                0x00000c66       0x30 controller/PIDController.o
                0x00000c66                _ZNK10helicopter5model11SystemModel24ZVelocityMetersPerSecondEv
 .text._ZNK10helicopter5model11SystemModel33ReferenceZVelocityMetersPerSecondEv
                0x00000c96       0x30 controller/PIDController.o
                0x00000c96                _ZNK10helicopter5model11SystemModel33ReferenceZVelocityMetersPerSecondEv
 .text._ZNK10helicopter5model11SystemModel9ZIntegralEv
                0x00000cc6       0x30 controller/PIDController.o
                0x00000cc6                _ZNK10helicopter5model11SystemModel9ZIntegralEv
 .text._ZN10helicopter5model11SystemModel9ZIntegralEf
                0x00000cf6       0x46 controller/PIDController.o
                0x00000cf6                _ZN10helicopter5model11SystemModel9ZIntegralEf
 .text._ZN10helicopter5model11SystemModel13ZProportionalEf
                0x00000d3c       0x46 controller/PIDController.o
                0x00000d3c                _ZN10helicopter5model11SystemModel13ZProportionalEf
 .text._ZN10helicopter5model11SystemModel16ZDerivativeErrorEf
                0x00000d82       0x46 controller/PIDController.o
                0x00000d82                _ZN10helicopter5model11SystemModel16ZDerivativeErrorEf
 .text._ZNK10helicopter5model11SystemModel11BlownFramesEv
                0x00000dc8       0x30 controller/PIDController.o
                0x00000dc8                _ZNK10helicopter5model11SystemModel11BlownFramesEv
 .text._ZN10helicopter5model11SystemModel11BlownFramesEl
                0x00000df8       0x46 controller/PIDController.o
                0x00000df8                _ZN10helicopter5model11SystemModel11BlownFramesEl
 .text._ZNK10helicopter5model11SystemModel16OperationalStateEv
                0x00000e3e       0x22 controller/PIDController.o
                0x00000e3e                _ZNK10helicopter5model11SystemModel16OperationalStateEv
 .text._ZNK10helicopter5model11SystemModel31YawAngularVelocityRadsPerSecondEv
                0x00000e60       0x30 controller/PIDController.o
                0x00000e60                _ZNK10helicopter5model11SystemModel31YawAngularVelocityRadsPerSecondEv
 .text._ZNK10helicopter5model11SystemModel33PitchAngularVelocityRadsPerSecondEv
                0x00000e90       0x30 controller/PIDController.o
                0x00000e90                _ZNK10helicopter5model11SystemModel33PitchAngularVelocityRadsPerSecondEv
 .text._ZNK10helicopter5model11SystemModel32RollAngularVelocityRadsPerSecondEv
                0x00000ec0       0x30 controller/PIDController.o
                0x00000ec0                _ZNK10helicopter5model11SystemModel32RollAngularVelocityRadsPerSecondEv
 .text._ZNK10helicopter5model11SystemModel7YawRadsEv
                0x00000ef0       0x30 controller/PIDController.o
                0x00000ef0                _ZNK10helicopter5model11SystemModel7YawRadsEv
 .text._ZNK10helicopter5model11SystemModel9PitchRadsEv
                0x00000f20       0x30 controller/PIDController.o
                0x00000f20                _ZNK10helicopter5model11SystemModel9PitchRadsEv
 .text._ZNK10helicopter5model11SystemModel8RollRadsEv
                0x00000f50       0x30 controller/PIDController.o
                0x00000f50                _ZNK10helicopter5model11SystemModel8RollRadsEv
 .text._ZN10helicopter10controller13PIDControllerC2EPNS_5model11SystemModelE
                0x00000f80      0x202 controller/PIDController.o
                0x00000f80                _ZN10helicopter10controller13PIDControllerC2EPNS_5model11SystemModelE
                0x00000f80                _ZN10helicopter10controller13PIDControllerC1EPNS_5model11SystemModelE
 .text._ZN10helicopter10controller13PIDController21calculateProportionalEff
                0x00001182       0x5e controller/PIDController.o
                0x00001182                _ZN10helicopter10controller13PIDController21calculateProportionalEff
 .text._ZN10helicopter10controller13PIDController27calculateIntegralAntiWindupEfff
                0x000011e0       0xa2 controller/PIDController.o
                0x000011e0                _ZN10helicopter10controller13PIDController27calculateIntegralAntiWindupEfff
 .text._ZN10helicopter10controller13PIDController17calculateIntegralEffff
                0x00001282      0x1a4 controller/PIDController.o
                0x00001282                _ZN10helicopter10controller13PIDController17calculateIntegralEffff
 .text._ZN10helicopter10controller13PIDController22calculateVelocityErrorEff
                0x00001426       0x5e controller/PIDController.o
                0x00001426                _ZN10helicopter10controller13PIDController22calculateVelocityErrorEff
 .text._ZN10helicopter10controller13PIDController30calculateOuterLoopControlValueEfffffi
                0x00001484      0x10e controller/PIDController.o
                0x00001484                _ZN10helicopter10controller13PIDController30calculateOuterLoopControlValueEfffffi
 .text._ZN10helicopter10controller13PIDController27adjustControlForServoLimitsEfff
                0x00001592       0xb8 controller/PIDController.o
                0x00001592                _ZN10helicopter10controller13PIDController27adjustControlForServoLimitsEfff
 .text._Z30calculateInnerLoopControlValuefffff
                0x0000164a       0xc2 controller/PIDController.o
                0x0000164a                _Z30calculateInnerLoopControlValuefffff
 .text._ZN10helicopter10controller13PIDController23adjustForSetpointLimitsEfff
                0x0000170c       0xb8 controller/PIDController.o
                0x0000170c                _ZN10helicopter10controller13PIDController23adjustForSetpointLimitsEfff
 .text._ZN10helicopter10controller13PIDController13addBlownFrameEv
                0x000017c4       0x46 controller/PIDController.o
                0x000017c4                _ZN10helicopter10controller13PIDController13addBlownFrameEv
 .text._ZN10helicopter10controller13PIDController35convertYawErrorFrom2PitoPlusMinusPiEf
                0x0000180a       0xa8 controller/PIDController.o
                0x0000180a                _ZN10helicopter10controller13PIDController35convertYawErrorFrom2PitoPlusMinusPiEf
 .text._ZN10helicopter10controller13PIDController34tailRotorCollectiveOuterLoopUpdateEv
                0x000018b2      0x306 controller/PIDController.o
                0x000018b2                _ZN10helicopter10controller13PIDController34tailRotorCollectiveOuterLoopUpdateEv
 .text._ZN10helicopter10controller13PIDController34mainRotorCollectiveOuterLoopUpdateEv
                0x00001bb8      0x2f4 controller/PIDController.o
                0x00001bb8                _ZN10helicopter10controller13PIDController34mainRotorCollectiveOuterLoopUpdateEv
 .text._ZN10helicopter10controller13PIDController30cyclicLongitudeOuterLoopUpdateEv
                0x00001eac      0x2c8 controller/PIDController.o
                0x00001eac                _ZN10helicopter10controller13PIDController30cyclicLongitudeOuterLoopUpdateEv
 .text._ZN10helicopter10controller13PIDController28cyclicLateralOuterLoopUpdateEv
                0x00002174      0x2cc controller/PIDController.o
                0x00002174                _ZN10helicopter10controller13PIDController28cyclicLateralOuterLoopUpdateEv
 .text._ZN10helicopter10controller13PIDController30cyclicLongitudeInnerLoopUpdateEv
                0x00002440      0x1a0 controller/PIDController.o
                0x00002440                _ZN10helicopter10controller13PIDController30cyclicLongitudeInnerLoopUpdateEv
 .text._ZN10helicopter10controller13PIDController28cyclicLateralInnerLoopUpdateEv
                0x000025e0      0x1a2 controller/PIDController.o
                0x000025e0                _ZN10helicopter10controller13PIDController28cyclicLateralInnerLoopUpdateEv
 .text._ZN10helicopter7drivers12SerialDriverD2Ev
                0x00002782       0x3c drivers/SerialDriver.o
                0x00002782                _ZN10helicopter7drivers12SerialDriverD1Ev
                0x00002782                _ZN10helicopter7drivers12SerialDriverD2Ev
 .text._ZN10helicopter7drivers12SerialDriverD0Ev
                0x000027be       0x2a drivers/SerialDriver.o
                0x000027be                _ZN10helicopter7drivers12SerialDriverD0Ev
 .text._ZN10helicopter7drivers12SerialDriver10startTimerEv
                0x000027e8       0x36 drivers/SerialDriver.o
                0x000027e8                _ZN10helicopter7drivers12SerialDriver10startTimerEv
 .text._ZN10helicopter7drivers12SerialDriver9stopTimerEv
                0x0000281e       0x36 drivers/SerialDriver.o
                0x0000281e                _ZN10helicopter7drivers12SerialDriver9stopTimerEv
 .text._ZN10helicopter7drivers12SerialDriver4initEv
                0x00002854      0x1f2 drivers/SerialDriver.o
                0x00002854                _ZN10helicopter7drivers12SerialDriver4initEv
 .text._ZN10helicopter7drivers12SerialDriver8transmitEf
                0x00002a46       0xfe drivers/SerialDriver.o
                0x00002a46                _ZN10helicopter7drivers12SerialDriver8transmitEf
 .text._ZN10helicopter7drivers12SerialDriver8transmitEi
                0x00002b44       0x8e drivers/SerialDriver.o
                0x00002b44                _ZN10helicopter7drivers12SerialDriver8transmitEi
 .text._ZN10helicopter7drivers12SerialDriver8transmitEm
                0x00002bd2      0x114 drivers/SerialDriver.o
                0x00002bd2                _ZN10helicopter7drivers12SerialDriver8transmitEm
 .text._ZN10helicopter7drivers12SerialDriver8transmitEl
                0x00002ce6      0x11c drivers/SerialDriver.o
                0x00002ce6                _ZN10helicopter7drivers12SerialDriver8transmitEl
 .text._ZN10helicopter7drivers12SerialDriver8transmitEx
                0x00002e02      0x2c2 drivers/SerialDriver.o
                0x00002e02                _ZN10helicopter7drivers12SerialDriver8transmitEx
 .text._ZN10helicopter7drivers12SerialDriver8transmitEh
                0x000030c4      0x110 drivers/SerialDriver.o
                0x000030c4                _ZN10helicopter7drivers12SerialDriver8transmitEh
 .text._ZN10helicopter7drivers12SerialDriver7receiveERh
                0x000031d4      0x15a drivers/SerialDriver.o
                0x000031d4                _ZN10helicopter7drivers12SerialDriver7receiveERh
 .text._ZN10helicopter7drivers9SPIDriver4initEv
                0x0000332e       0x6c drivers/SPIDriver.o
                0x0000332e                _ZN10helicopter7drivers9SPIDriver4initEv
 .text._ZN10helicopter7drivers9SPIDriver16beginTransactionEv
                0x0000339a       0x58 drivers/SPIDriver.o
                0x0000339a                _ZN10helicopter7drivers9SPIDriver16beginTransactionEv
 .text._ZN10helicopter7drivers9SPIDriver14endTransactionEv
                0x000033f2       0x58 drivers/SPIDriver.o
                0x000033f2                _ZN10helicopter7drivers9SPIDriver14endTransactionEv
 .text._ZN10helicopter7drivers9SPIDriver5writeEh
                0x0000344a       0x3c drivers/SPIDriver.o
                0x0000344a                _ZN10helicopter7drivers9SPIDriver5writeEh
 .text._ZN10helicopter7drivers9SPIDriver16transactionWriteEhh
                0x00003486       0x46 drivers/SPIDriver.o
                0x00003486                _ZN10helicopter7drivers9SPIDriver16transactionWriteEhh
 .text._ZN10helicopter5tasks4TaskD2Ev
                0x000034cc       0x3c HelicopterMain.o
                0x000034cc                _ZN10helicopter5tasks4TaskD2Ev
                0x000034cc                _ZN10helicopter5tasks4TaskD1Ev
 .text._ZN10helicopter5tasks4TaskD0Ev
                0x00003508       0x2a HelicopterMain.o
                0x00003508                _ZN10helicopter5tasks4TaskD0Ev
 .text._ZN10helicopter5tasks12FlashLEDTaskC2Eiii
                0x00003532       0x6c HelicopterMain.o
                0x00003532                _ZN10helicopter5tasks12FlashLEDTaskC2Eiii
                0x00003532                _ZN10helicopter5tasks12FlashLEDTaskC1Eiii
 .text._ZN10helicopter5tasks12FlashLEDTask4initEv
                0x0000359e       0x48 HelicopterMain.o
                0x0000359e                _ZN10helicopter5tasks12FlashLEDTask4initEv
 .text._ZN10helicopter5tasks12FlashLEDTask11runTaskImplEv
                0x000035e6       0x98 HelicopterMain.o
                0x000035e6                _ZN10helicopter5tasks12FlashLEDTask11runTaskImplEv
 .text._ZN10helicopter9scheduler9Scheduler13hasBlownFrameEv
                0x0000367e       0x22 HelicopterMain.o
                0x0000367e                _ZN10helicopter9scheduler9Scheduler13hasBlownFrameEv
 .text._ZN10helicopter4util5TimerC2Em9PRESCALERm
                0x000036a0       0x80 HelicopterMain.o
                0x000036a0                _ZN10helicopter4util5TimerC2Em9PRESCALERm
                0x000036a0                _ZN10helicopter4util5TimerC1Em9PRESCALERm
 .text._ZN10helicopter7drivers12SerialDriverC2EmNS1_8UartPortEbPNS_4util5TimerE
                0x00003720       0x8c HelicopterMain.o
                0x00003720                _ZN10helicopter7drivers12SerialDriverC2EmNS1_8UartPortEbPNS_4util5TimerE
                0x00003720                _ZN10helicopter7drivers12SerialDriverC1EmNS1_8UartPortEbPNS_4util5TimerE
 .text._ZN10helicopter10interfaces29GroundControlStationInterfaceC2EPNS_7drivers12SerialDriverE
                0x000037ac       0x30 HelicopterMain.o
                0x000037ac                _ZN10helicopter10interfaces29GroundControlStationInterfaceC1EPNS_7drivers12SerialDriverE
                0x000037ac                _ZN10helicopter10interfaces29GroundControlStationInterfaceC2EPNS_7drivers12SerialDriverE
 .text._ZN10helicopter5model11SystemModelC2Ev
                0x000037dc      0x518 HelicopterMain.o
                0x000037dc                _ZN10helicopter5model11SystemModelC1Ev
                0x000037dc                _ZN10helicopter5model11SystemModelC2Ev
 .text._ZN10helicopter5model11SystemModel19ReferenceMagYawRadsEf
                0x00003cf4       0x40 HelicopterMain.o
                0x00003cf4                _ZN10helicopter5model11SystemModel19ReferenceMagYawRadsEf
 .text._ZN10helicopter5model11SystemModel33ReferenceYawVelocityRadsPerSecondEf
                0x00003d34       0x40 HelicopterMain.o
                0x00003d34                _ZN10helicopter5model11SystemModel33ReferenceYawVelocityRadsPerSecondEf
 .text._ZN10helicopter5model11SystemModel23ReferenceXNEDLocalFrameEf
                0x00003d74       0x40 HelicopterMain.o
                0x00003d74                _ZN10helicopter5model11SystemModel23ReferenceXNEDLocalFrameEf
 .text._ZN10helicopter5model11SystemModel33ReferenceXVelocityMetersPerSecondEf
                0x00003db4       0x40 HelicopterMain.o
                0x00003db4                _ZN10helicopter5model11SystemModel33ReferenceXVelocityMetersPerSecondEf
 .text._ZN10helicopter5model11SystemModel23ReferenceYNEDLocalFrameEf
                0x00003df4       0x46 HelicopterMain.o
                0x00003df4                _ZN10helicopter5model11SystemModel23ReferenceYNEDLocalFrameEf
 .text._ZN10helicopter5model11SystemModel33ReferenceYVelocityMetersPerSecondEf
                0x00003e3a       0x46 HelicopterMain.o
                0x00003e3a                _ZN10helicopter5model11SystemModel33ReferenceYVelocityMetersPerSecondEf
 .text._ZN10helicopter5model11SystemModel29ReferenceZNEDLocalFrameMetersEf
                0x00003e80       0x46 HelicopterMain.o
                0x00003e80                _ZN10helicopter5model11SystemModel29ReferenceZNEDLocalFrameMetersEf
 .text._ZN10helicopter5model11SystemModel33ReferenceZVelocityMetersPerSecondEf
                0x00003ec6       0x46 HelicopterMain.o
                0x00003ec6                _ZN10helicopter5model11SystemModel33ReferenceZVelocityMetersPerSecondEf
 .text._ZNK10helicopter5model11SystemModel15LatitudeDegreesEv
                0x00003f0c       0x30 HelicopterMain.o
                0x00003f0c                _ZNK10helicopter5model11SystemModel15LatitudeDegreesEv
 .text._ZNK10helicopter5model11SystemModel16LongitudeDegreesEv
                0x00003f3c       0x30 HelicopterMain.o
                0x00003f3c                _ZNK10helicopter5model11SystemModel16LongitudeDegreesEv
 .text._ZN10helicopter5model11SystemModel20InitialXPositionEcefEl
                0x00003f6c       0x4c HelicopterMain.o
                0x00003f6c                _ZN10helicopter5model11SystemModel20InitialXPositionEcefEl
 .text._ZN10helicopter5model11SystemModel20InitialYPositionEcefEl
                0x00003fb8       0x4c HelicopterMain.o
                0x00003fb8                _ZN10helicopter5model11SystemModel20InitialYPositionEcefEl
 .text._ZN10helicopter5model11SystemModel20InitialZPositionEcefEl
                0x00004004       0x4c HelicopterMain.o
                0x00004004                _ZN10helicopter5model11SystemModel20InitialZPositionEcefEl
 .text._ZN10helicopter5model11SystemModel16OperationalStateENS1_14OperatingStateE
                0x00004050       0x26 HelicopterMain.o
                0x00004050                _ZN10helicopter5model11SystemModel16OperationalStateENS1_14OperatingStateE
 .text._ZNK10helicopter5model11SystemModel7XEcefCmEv
                0x00004076       0x30 HelicopterMain.o
                0x00004076                _ZNK10helicopter5model11SystemModel7XEcefCmEv
 .text._ZNK10helicopter5model11SystemModel7YEcefCmEv
                0x000040a6       0x30 HelicopterMain.o
                0x000040a6                _ZNK10helicopter5model11SystemModel7YEcefCmEv
 .text._ZNK10helicopter5model11SystemModel7ZEcefCmEv
                0x000040d6       0x30 HelicopterMain.o
                0x000040d6                _ZNK10helicopter5model11SystemModel7ZEcefCmEv
 .text._ZNK10helicopter5model11SystemModel17PressureMillibarsEv
                0x00004106       0x30 HelicopterMain.o
                0x00004106                _ZNK10helicopter5model11SystemModel17PressureMillibarsEv
 .text._ZN10helicopter5model11SystemModel21InitialAltitudeMetersEf
                0x00004136       0x46 HelicopterMain.o
                0x00004136                _ZN10helicopter5model11SystemModel21InitialAltitudeMetersEf
 .text._ZN10helicopter10controller13PIDController16setXIntegralGainEf
                0x0000417c       0x40 HelicopterMain.o
                0x0000417c                _ZN10helicopter10controller13PIDController16setXIntegralGainEf
 .text._ZN10helicopter10controller13PIDController18setXDerivativeGainEf
                0x000041bc       0x40 HelicopterMain.o
                0x000041bc                _ZN10helicopter10controller13PIDController18setXDerivativeGainEf
 .text._ZN10helicopter10controller13PIDController20setXProportionalGainEf
                0x000041fc       0x40 HelicopterMain.o
                0x000041fc                _ZN10helicopter10controller13PIDController20setXProportionalGainEf
 .text._ZN10helicopter10controller13PIDController18setXAntiWindupGainEf
                0x0000423c       0x40 HelicopterMain.o
                0x0000423c                _ZN10helicopter10controller13PIDController18setXAntiWindupGainEf
 .text._ZN10helicopter10controller13PIDController25setLongitudeInnerLoopGainEf
                0x0000427c       0x40 HelicopterMain.o
                0x0000427c                _ZN10helicopter10controller13PIDController25setLongitudeInnerLoopGainEf
 .text._ZN10helicopter10controller13PIDController27setPitchAngularVelocityGainEf
                0x000042bc       0x40 HelicopterMain.o
                0x000042bc                _ZN10helicopter10controller13PIDController27setPitchAngularVelocityGainEf
 .text._ZN10helicopter10controller13PIDController32setMinLongitudeServoControlValueEf
                0x000042fc       0x46 HelicopterMain.o
                0x000042fc                _ZN10helicopter10controller13PIDController32setMinLongitudeServoControlValueEf
 .text._ZN10helicopter10controller13PIDController32setMaxLongitudeServoControlValueEf
                0x00004342       0x46 HelicopterMain.o
                0x00004342                _ZN10helicopter10controller13PIDController32setMaxLongitudeServoControlValueEf
 .text._ZN10helicopter10controller13PIDController16setYIntegralGainEf
                0x00004388       0x40 HelicopterMain.o
                0x00004388                _ZN10helicopter10controller13PIDController16setYIntegralGainEf
 .text._ZN10helicopter10controller13PIDController18setYDerivativeGainEf
                0x000043c8       0x40 HelicopterMain.o
                0x000043c8                _ZN10helicopter10controller13PIDController18setYDerivativeGainEf
 .text._ZN10helicopter10controller13PIDController20setYProportionalGainEf
                0x00004408       0x40 HelicopterMain.o
                0x00004408                _ZN10helicopter10controller13PIDController20setYProportionalGainEf
 .text._ZN10helicopter10controller13PIDController18setYAntiWindupGainEf
                0x00004448       0x40 HelicopterMain.o
                0x00004448                _ZN10helicopter10controller13PIDController18setYAntiWindupGainEf
 .text._ZN10helicopter10controller13PIDController23setLateralInnerLoopGainEf
                0x00004488       0x40 HelicopterMain.o
                0x00004488                _ZN10helicopter10controller13PIDController23setLateralInnerLoopGainEf
 .text._ZN10helicopter10controller13PIDController26setRollAngularVelocityGainEf
                0x000044c8       0x46 HelicopterMain.o
                0x000044c8                _ZN10helicopter10controller13PIDController26setRollAngularVelocityGainEf
 .text._ZN10helicopter10controller13PIDController30setMinLateralServoControlValueEf
                0x0000450e       0x46 HelicopterMain.o
                0x0000450e                _ZN10helicopter10controller13PIDController30setMinLateralServoControlValueEf
 .text._ZN10helicopter10controller13PIDController30setMaxLateralServoControlValueEf
                0x00004554       0x46 HelicopterMain.o
                0x00004554                _ZN10helicopter10controller13PIDController30setMaxLateralServoControlValueEf
 .text._ZN10helicopter10controller13PIDController32setMinMainRotorServoControlValueEf
                0x0000459a       0x46 HelicopterMain.o
                0x0000459a                _ZN10helicopter10controller13PIDController32setMinMainRotorServoControlValueEf
 .text._ZN10helicopter10controller13PIDController32setMaxMainRotorServoControlValueEf
                0x000045e0       0x46 HelicopterMain.o
                0x000045e0                _ZN10helicopter10controller13PIDController32setMaxMainRotorServoControlValueEf
 .text._ZN10helicopter10controller13PIDController22setMaxRollSetpointRadsEf
                0x00004626       0x46 HelicopterMain.o
                0x00004626                _ZN10helicopter10controller13PIDController22setMaxRollSetpointRadsEf
 .text._ZN10helicopter10controller13PIDController22setMinRollSetpointRadsEf
                0x0000466c       0x46 HelicopterMain.o
                0x0000466c                _ZN10helicopter10controller13PIDController22setMinRollSetpointRadsEf
 .text._ZN10helicopter10controller13PIDController23setMaxPitchSetpointRadsEf
                0x000046b2       0x46 HelicopterMain.o
                0x000046b2                _ZN10helicopter10controller13PIDController23setMaxPitchSetpointRadsEf
 .text._ZN10helicopter10controller13PIDController23setMinPitchSetpointRadsEf
                0x000046f8       0x46 HelicopterMain.o
                0x000046f8                _ZN10helicopter10controller13PIDController23setMinPitchSetpointRadsEf
 .text._ZN10helicopter10controller13PIDController22setYawProportionalGainEf
                0x0000473e       0x40 HelicopterMain.o
                0x0000473e                _ZN10helicopter10controller13PIDController22setYawProportionalGainEf
 .text._ZN10helicopter10controller13PIDController18setYawIntegralGainEf
                0x0000477e       0x40 HelicopterMain.o
                0x0000477e                _ZN10helicopter10controller13PIDController18setYawIntegralGainEf
 .text._ZN10helicopter10controller13PIDController20setYawDerivativeGainEf
                0x000047be       0x40 HelicopterMain.o
                0x000047be                _ZN10helicopter10controller13PIDController20setYawDerivativeGainEf
 .text._ZN10helicopter10controller13PIDController21setIntervalPeriodSecsEf
                0x000047fe       0x46 HelicopterMain.o
                0x000047fe                _ZN10helicopter10controller13PIDController21setIntervalPeriodSecsEf
 .text._ZN10helicopter10controller13PIDController20setYawAntiWindupGainEf
                0x00004844       0x40 HelicopterMain.o
                0x00004844                _ZN10helicopter10controller13PIDController20setYawAntiWindupGainEf
 .text._ZN10helicopter10controller13PIDController21setMinYawServoControlEf
                0x00004884       0x46 HelicopterMain.o
                0x00004884                _ZN10helicopter10controller13PIDController21setMinYawServoControlEf
 .text._ZN10helicopter10controller13PIDController21setMaxYawServoControlEf
                0x000048ca       0x46 HelicopterMain.o
                0x000048ca                _ZN10helicopter10controller13PIDController21setMaxYawServoControlEf
 .text._ZN10helicopter10controller13PIDController18setControlMaxValueEf
                0x00004910       0x46 HelicopterMain.o
                0x00004910                _ZN10helicopter10controller13PIDController18setControlMaxValueEf
 .text._ZN10helicopter10controller13PIDController18setControlMinValueEf
                0x00004956       0x46 HelicopterMain.o
                0x00004956                _ZN10helicopter10controller13PIDController18setControlMinValueEf
 .text._ZN10helicopter10interfaces24RadioControllerInterface14SetSystemModelEPNS_5model11SystemModelE
                0x0000499c       0x30 HelicopterMain.o
                0x0000499c                _ZN10helicopter10interfaces24RadioControllerInterface14SetSystemModelEPNS_5model11SystemModelE
 .text._ZN10helicopter7drivers9SPIDriverC2ENS1_17SLAVE_SELECT_LINEE
                0x000049cc       0x26 HelicopterMain.o
                0x000049cc                _ZN10helicopter7drivers9SPIDriverC1ENS1_17SLAVE_SELECT_LINEE
                0x000049cc                _ZN10helicopter7drivers9SPIDriverC2ENS1_17SLAVE_SELECT_LINEE
 .text._ZN10helicopter7sensors9IMUSensorC2EPNS_7drivers9SPIDriverE
                0x000049f2      0x116 HelicopterMain.o
                0x000049f2                _ZN10helicopter7sensors9IMUSensorC1EPNS_7drivers9SPIDriverE
                0x000049f2                _ZN10helicopter7sensors9IMUSensorC2EPNS_7drivers9SPIDriverE
 .text._ZN10helicopter10navigation4AHRSC2Ef
                0x00004b08      0x1d2 HelicopterMain.o
                0x00004b08                _ZN10helicopter10navigation4AHRSC2Ef
                0x00004b08                _ZN10helicopter10navigation4AHRSC1Ef
 .text._Z33setupDefaultsandReferencePositionPN10helicopter5model11SystemModelEPNS_10controller13PIDControllerE
                0x00004cda      0x27a HelicopterMain.o
                0x00004cda                _Z33setupDefaultsandReferencePositionPN10helicopter5model11SystemModelEPNS_10controller13PIDControllerE
 .text.main     0x00004f54      0x528 HelicopterMain.o
                0x00004f54                main
 .text._ZN10helicopter5tasks12FlashLEDTaskD2Ev
                0x0000547c       0x44 HelicopterMain.o
                0x0000547c                _ZN10helicopter5tasks12FlashLEDTaskD1Ev
                0x0000547c                _ZN10helicopter5tasks12FlashLEDTaskD2Ev
 .text._ZN10helicopter5tasks12FlashLEDTaskD0Ev
                0x000054c0       0x2a HelicopterMain.o
                0x000054c0                _ZN10helicopter5tasks12FlashLEDTaskD0Ev
 .text._ZN10helicopter10interfaces29GroundControlStationInterface17calculateChecksumEPhiRhS3_
                0x000054ea       0xaa interfaces/GroundControlStationInterface.o
                0x000054ea                _ZN10helicopter10interfaces29GroundControlStationInterface17calculateChecksumEPhiRhS3_
 .text._ZN10helicopter10interfaces29GroundControlStationInterface8transmitEPNS_8messages7MessageE
                0x00005594      0x1e8 interfaces/GroundControlStationInterface.o
                0x00005594                _ZN10helicopter10interfaces29GroundControlStationInterface8transmitEPNS_8messages7MessageE
 .text._ZN10helicopter10interfaces29GroundControlStationInterface7receiveERPNS_8messages7MessageE
                0x0000577c      0x2ec interfaces/GroundControlStationInterface.o
                0x0000577c                _ZN10helicopter10interfaces29GroundControlStationInterface7receiveERPNS_8messages7MessageE
 .text._ZN10helicopter10interfaces24RadioControllerInterfaceC2Ev
                0x00005a68       0x4e interfaces/RadioControllerInterface.o
                0x00005a68                _ZN10helicopter10interfaces24RadioControllerInterfaceC2Ev
                0x00005a68                _ZN10helicopter10interfaces24RadioControllerInterfaceC1Ev
 .text._ZNK10helicopter10interfaces24RadioControllerInterface33PreviousInputCaptureRegisterValueEv
                0x00005ab6       0x2c interfaces/RadioControllerInterface.o
                0x00005ab6                _ZNK10helicopter10interfaces24RadioControllerInterface33PreviousInputCaptureRegisterValueEv
 .text._ZN10helicopter10interfaces24RadioControllerInterface33PreviousInputCaptureRegisterValueEl
                0x00005ae2       0x40 interfaces/RadioControllerInterface.o
                0x00005ae2                _ZN10helicopter10interfaces24RadioControllerInterface33PreviousInputCaptureRegisterValueEl
 .text._ZNK10helicopter10interfaces24RadioControllerInterface17ServoChannelIndexEv
                0x00005b22       0x24 interfaces/RadioControllerInterface.o
                0x00005b22                _ZNK10helicopter10interfaces24RadioControllerInterface17ServoChannelIndexEv
 .text._ZN10helicopter10interfaces24RadioControllerInterface17ServoChannelIndexEi
                0x00005b46       0x30 interfaces/RadioControllerInterface.o
                0x00005b46                _ZN10helicopter10interfaces24RadioControllerInterface17ServoChannelIndexEi
 .text._ZNK10helicopter10interfaces24RadioControllerInterface14GetSystemModelEv
                0x00005b76       0x24 interfaces/RadioControllerInterface.o
                0x00005b76                _ZNK10helicopter10interfaces24RadioControllerInterface14GetSystemModelEv
 .text._ZN10helicopter10interfaces24RadioControllerInterface20SetServoChannelValueEif
                0x00005b9a       0x68 interfaces/RadioControllerInterface.o
                0x00005b9a                _ZN10helicopter10interfaces24RadioControllerInterface20SetServoChannelValueEif
 .text._ZNK10helicopter10interfaces24RadioControllerInterface20GetServoChannelValueEi
                0x00005c02       0x58 interfaces/RadioControllerInterface.o
                0x00005c02                _ZNK10helicopter10interfaces24RadioControllerInterface20GetServoChannelValueEi
 .text._Z10ScaleValuei
                0x00005c5a       0xdc interfaces/RadioControllerInterface.o
                0x00005c5a                _Z10ScaleValuei
 .text.__vector_46
                0x00005d36      0x2ee interfaces/RadioControllerInterface.o
                0x00005d36                __vector_46
 .text._ZN10helicopter10interfaces24RadioControllerInterface27getRadioControllerInterfaceEv
                0x00006024       0x42 interfaces/RadioControllerInterface.o
                0x00006024                _ZN10helicopter10interfaces24RadioControllerInterface27getRadioControllerInterfaceEv
 .text._ZN10helicopter10interfaces24RadioControllerInterface4initEv
                0x00006066       0x74 interfaces/RadioControllerInterface.o
                0x00006066                _ZN10helicopter10interfaces24RadioControllerInterface4initEv
 .text._ZN10helicopter10interfaces24RadioControllerInterface5startEv
                0x000060da       0x2c interfaces/RadioControllerInterface.o
                0x000060da                _ZN10helicopter10interfaces24RadioControllerInterface5startEv
 .text._ZN10helicopter8messages7MessageD2Ev
                0x00006106       0x3c messages/Message.o
                0x00006106                _ZN10helicopter8messages7MessageD1Ev
                0x00006106                _ZN10helicopter8messages7MessageD2Ev
 .text._ZN10helicopter8messages7MessageD0Ev
                0x00006142       0x2a messages/Message.o
                0x00006142                _ZN10helicopter8messages7MessageD0Ev
 .text._ZN10helicopter8messages7Message14getMessageSizeEv
                0x0000616c       0x24 messages/Message.o
                0x0000616c                _ZN10helicopter8messages7Message14getMessageSizeEv
 .text._ZN10helicopter8messages7Message8getBytesEv
                0x00006190       0x1e messages/Message.o
                0x00006190                _ZN10helicopter8messages7Message8getBytesEv
 .text._ZN10helicopter8messages7Message12buildMessageEPh
                0x000061ae       0x22 messages/Message.o
                0x000061ae                _ZN10helicopter8messages7Message12buildMessageEPh
 .text._ZN10helicopter8messages7MessageC2Ehi
                0x000061d0       0x4e messages/SyncMessage.o
                0x000061d0                _ZN10helicopter8messages7MessageC1Ehi
                0x000061d0                _ZN10helicopter8messages7MessageC2Ehi
 .text._ZN10helicopter8messages11SyncMessageC2Ev
                0x0000621e       0x36 messages/SyncMessage.o
                0x0000621e                _ZN10helicopter8messages11SyncMessageC1Ev
                0x0000621e                _ZN10helicopter8messages11SyncMessageC2Ev
 .text._ZN10helicopter8messages11SyncMessageD2Ev
                0x00006254       0x44 messages/SyncMessage.o
                0x00006254                _ZN10helicopter8messages11SyncMessageD2Ev
                0x00006254                _ZN10helicopter8messages11SyncMessageD1Ev
 .text._ZN10helicopter8messages11SyncMessageD0Ev
                0x00006298       0x2a messages/SyncMessage.o
                0x00006298                _ZN10helicopter8messages11SyncMessageD0Ev
 .text._ZN10helicopter8messages11SyncMessage8getBytesEv
                0x000062c2       0x4a messages/SyncMessage.o
                0x000062c2                _ZN10helicopter8messages11SyncMessage8getBytesEv
 .text._ZN10helicopter8messages11SyncMessage12buildMessageEPh
                0x0000630c       0x3a messages/SyncMessage.o
                0x0000630c                _ZN10helicopter8messages11SyncMessage12buildMessageEPh
 .text._ZN10helicopter8messages7Message6encodeERPhRl
                0x00006346       0x5c messages/SystemTelemetryMessage.o
                0x00006346                _ZN10helicopter8messages7Message6encodeERPhRl
 .text._ZN10helicopter8messages7Message6encodeERPhRf
                0x000063a2       0x5c messages/SystemTelemetryMessage.o
                0x000063a2                _ZN10helicopter8messages7Message6encodeERPhRf
 .text._ZN10helicopter8messages7Message6encodeERPhRh
                0x000063fe       0x5a messages/SystemTelemetryMessage.o
                0x000063fe                _ZN10helicopter8messages7Message6encodeERPhRh
 .text._ZN10helicopter8messages7Message6decodeERPhRh
                0x00006458       0x5a messages/SystemTelemetryMessage.o
                0x00006458                _ZN10helicopter8messages7Message6decodeERPhRh
 .text._ZN10helicopter8messages7Message6decodeERPhRl
                0x000064b2       0x5c messages/SystemTelemetryMessage.o
                0x000064b2                _ZN10helicopter8messages7Message6decodeERPhRl
 .text._ZN10helicopter8messages7Message6decodeERPhRf
                0x0000650e       0x5c messages/SystemTelemetryMessage.o
                0x0000650e                _ZN10helicopter8messages7Message6decodeERPhRf
 .text._ZNK10helicopter5model11SystemModel15YawProportionalEv
                0x0000656a       0x2c messages/SystemTelemetryMessage.o
                0x0000656a                _ZNK10helicopter5model11SystemModel15YawProportionalEv
 .text._ZNK10helicopter5model11SystemModel18YawDerivativeErrorEv
                0x00006596       0x2c messages/SystemTelemetryMessage.o
                0x00006596                _ZNK10helicopter5model11SystemModel18YawDerivativeErrorEv
 .text._ZN10helicopter5model11SystemModel24XVelocityMetersPerSecondEf
                0x000065c2       0x40 messages/SystemTelemetryMessage.o
                0x000065c2                _ZN10helicopter5model11SystemModel24XVelocityMetersPerSecondEf
 .text._ZNK10helicopter5model11SystemModel13XProportionalEv
                0x00006602       0x2c messages/SystemTelemetryMessage.o
                0x00006602                _ZNK10helicopter5model11SystemModel13XProportionalEv
 .text._ZNK10helicopter5model11SystemModel16XDerivativeErrorEv
                0x0000662e       0x30 messages/SystemTelemetryMessage.o
                0x0000662e                _ZNK10helicopter5model11SystemModel16XDerivativeErrorEv
 .text._ZN10helicopter5model11SystemModel24YVelocityMetersPerSecondEf
                0x0000665e       0x46 messages/SystemTelemetryMessage.o
                0x0000665e                _ZN10helicopter5model11SystemModel24YVelocityMetersPerSecondEf
 .text._ZNK10helicopter5model11SystemModel13YProportionalEv
                0x000066a4       0x30 messages/SystemTelemetryMessage.o
                0x000066a4                _ZNK10helicopter5model11SystemModel13YProportionalEv
 .text._ZNK10helicopter5model11SystemModel16YDerivativeErrorEv
                0x000066d4       0x30 messages/SystemTelemetryMessage.o
                0x000066d4                _ZNK10helicopter5model11SystemModel16YDerivativeErrorEv
 .text._ZNK10helicopter5model11SystemModel17AltitudeMetersAglEv
                0x00006704       0x30 messages/SystemTelemetryMessage.o
                0x00006704                _ZNK10helicopter5model11SystemModel17AltitudeMetersAglEv
 .text._ZNK10helicopter5model11SystemModel13ZProportionalEv
                0x00006734       0x30 messages/SystemTelemetryMessage.o
                0x00006734                _ZNK10helicopter5model11SystemModel13ZProportionalEv
 .text._ZNK10helicopter5model11SystemModel16ZDerivativeErrorEv
                0x00006764       0x30 messages/SystemTelemetryMessage.o
                0x00006764                _ZNK10helicopter5model11SystemModel16ZDerivativeErrorEv
 .text._ZN10helicopter5model11SystemModel15LatitudeDegreesEf
                0x00006794       0x46 messages/SystemTelemetryMessage.o
                0x00006794                _ZN10helicopter5model11SystemModel15LatitudeDegreesEf
 .text._ZN10helicopter5model11SystemModel16LongitudeDegreesEf
                0x000067da       0x46 messages/SystemTelemetryMessage.o
                0x000067da                _ZN10helicopter5model11SystemModel16LongitudeDegreesEf
 .text._ZNK10helicopter5model11SystemModel8TimeoutsEv
                0x00006820       0x30 messages/SystemTelemetryMessage.o
                0x00006820                _ZNK10helicopter5model11SystemModel8TimeoutsEv
 .text._ZN10helicopter5model11SystemModel8TimeoutsEl
                0x00006850       0x46 messages/SystemTelemetryMessage.o
                0x00006850                _ZN10helicopter5model11SystemModel8TimeoutsEl
 .text._ZNK10helicopter5model11SystemModel20UnrecognizedMsgTypesEv
                0x00006896       0x30 messages/SystemTelemetryMessage.o
                0x00006896                _ZNK10helicopter5model11SystemModel20UnrecognizedMsgTypesEv
 .text._ZN10helicopter5model11SystemModel20UnrecognizedMsgTypesEl
                0x000068c6       0x46 messages/SystemTelemetryMessage.o
                0x000068c6                _ZN10helicopter5model11SystemModel20UnrecognizedMsgTypesEl
 .text._ZNK10helicopter5model11SystemModel14ChecksumErrorsEv
                0x0000690c       0x30 messages/SystemTelemetryMessage.o
                0x0000690c                _ZNK10helicopter5model11SystemModel14ChecksumErrorsEv
 .text._ZN10helicopter5model11SystemModel14ChecksumErrorsEl
                0x0000693c       0x46 messages/SystemTelemetryMessage.o
                0x0000693c                _ZN10helicopter5model11SystemModel14ChecksumErrorsEl
 .text._ZNK10helicopter5model11SystemModel33SerialCommunicationBufferOverrunsEv
                0x00006982       0x30 messages/SystemTelemetryMessage.o
                0x00006982                _ZNK10helicopter5model11SystemModel33SerialCommunicationBufferOverrunsEv
 .text._ZN10helicopter5model11SystemModel31YawAngularVelocityRadsPerSecondEf
                0x000069b2       0x46 messages/SystemTelemetryMessage.o
                0x000069b2                _ZN10helicopter5model11SystemModel31YawAngularVelocityRadsPerSecondEf
 .text._ZN10helicopter5model11SystemModel33PitchAngularVelocityRadsPerSecondEf
                0x000069f8       0x46 messages/SystemTelemetryMessage.o
                0x000069f8                _ZN10helicopter5model11SystemModel33PitchAngularVelocityRadsPerSecondEf
 .text._ZN10helicopter5model11SystemModel32RollAngularVelocityRadsPerSecondEf
                0x00006a3e       0x46 messages/SystemTelemetryMessage.o
                0x00006a3e                _ZN10helicopter5model11SystemModel32RollAngularVelocityRadsPerSecondEf
 .text._ZNK10helicopter5model11SystemModel12XAccelFrdMssEv
                0x00006a84       0x30 messages/SystemTelemetryMessage.o
                0x00006a84                _ZNK10helicopter5model11SystemModel12XAccelFrdMssEv
 .text._ZN10helicopter5model11SystemModel12XAccelFrdMssEf
                0x00006ab4       0x46 messages/SystemTelemetryMessage.o
                0x00006ab4                _ZN10helicopter5model11SystemModel12XAccelFrdMssEf
 .text._ZNK10helicopter5model11SystemModel12YAccelFrdMssEv
                0x00006afa       0x30 messages/SystemTelemetryMessage.o
                0x00006afa                _ZNK10helicopter5model11SystemModel12YAccelFrdMssEv
 .text._ZN10helicopter5model11SystemModel12YAccelFrdMssEf
                0x00006b2a       0x46 messages/SystemTelemetryMessage.o
                0x00006b2a                _ZN10helicopter5model11SystemModel12YAccelFrdMssEf
 .text._ZNK10helicopter5model11SystemModel12ZAccelFrdMssEv
                0x00006b70       0x30 messages/SystemTelemetryMessage.o
                0x00006b70                _ZNK10helicopter5model11SystemModel12ZAccelFrdMssEv
 .text._ZN10helicopter5model11SystemModel12ZAccelFrdMssEf
                0x00006ba0       0x46 messages/SystemTelemetryMessage.o
                0x00006ba0                _ZN10helicopter5model11SystemModel12ZAccelFrdMssEf
 .text._ZNK10helicopter5model11SystemModel7XMagFrdEv
                0x00006be6       0x30 messages/SystemTelemetryMessage.o
                0x00006be6                _ZNK10helicopter5model11SystemModel7XMagFrdEv
 .text._ZN10helicopter5model11SystemModel7XMagFrdEf
                0x00006c16       0x46 messages/SystemTelemetryMessage.o
                0x00006c16                _ZN10helicopter5model11SystemModel7XMagFrdEf
 .text._ZNK10helicopter5model11SystemModel7YMagFrdEv
                0x00006c5c       0x30 messages/SystemTelemetryMessage.o
                0x00006c5c                _ZNK10helicopter5model11SystemModel7YMagFrdEv
 .text._ZN10helicopter5model11SystemModel7YMagFrdEf
                0x00006c8c       0x46 messages/SystemTelemetryMessage.o
                0x00006c8c                _ZN10helicopter5model11SystemModel7YMagFrdEf
 .text._ZNK10helicopter5model11SystemModel7ZMagFrdEv
                0x00006cd2       0x30 messages/SystemTelemetryMessage.o
                0x00006cd2                _ZNK10helicopter5model11SystemModel7ZMagFrdEv
 .text._ZN10helicopter5model11SystemModel7ZMagFrdEf
                0x00006d02       0x46 messages/SystemTelemetryMessage.o
                0x00006d02                _ZN10helicopter5model11SystemModel7ZMagFrdEf
 .text._ZN10helicopter5model11SystemModel7XEcefCmEl
                0x00006d48       0x46 messages/SystemTelemetryMessage.o
                0x00006d48                _ZN10helicopter5model11SystemModel7XEcefCmEl
 .text._ZN10helicopter5model11SystemModel7YEcefCmEl
                0x00006d8e       0x46 messages/SystemTelemetryMessage.o
                0x00006d8e                _ZN10helicopter5model11SystemModel7YEcefCmEl
 .text._ZN10helicopter5model11SystemModel7ZEcefCmEl
                0x00006dd4       0x46 messages/SystemTelemetryMessage.o
                0x00006dd4                _ZN10helicopter5model11SystemModel7ZEcefCmEl
 .text._ZNK10helicopter5model11SystemModel9XVEcefCmsEv
                0x00006e1a       0x30 messages/SystemTelemetryMessage.o
                0x00006e1a                _ZNK10helicopter5model11SystemModel9XVEcefCmsEv
 .text._ZN10helicopter5model11SystemModel9XVEcefCmsEl
                0x00006e4a       0x46 messages/SystemTelemetryMessage.o
                0x00006e4a                _ZN10helicopter5model11SystemModel9XVEcefCmsEl
 .text._ZNK10helicopter5model11SystemModel9YVEcefCmsEv
                0x00006e90       0x30 messages/SystemTelemetryMessage.o
                0x00006e90                _ZNK10helicopter5model11SystemModel9YVEcefCmsEv
 .text._ZN10helicopter5model11SystemModel9YVEcefCmsEl
                0x00006ec0       0x46 messages/SystemTelemetryMessage.o
                0x00006ec0                _ZN10helicopter5model11SystemModel9YVEcefCmsEl
 .text._ZNK10helicopter5model11SystemModel9ZVEcefCmsEv
                0x00006f06       0x30 messages/SystemTelemetryMessage.o
                0x00006f06                _ZNK10helicopter5model11SystemModel9ZVEcefCmsEv
 .text._ZN10helicopter5model11SystemModel17PressureMillibarsEf
                0x00006f36       0x46 messages/SystemTelemetryMessage.o
                0x00006f36                _ZN10helicopter5model11SystemModel17PressureMillibarsEf
 .text._ZN10helicopter8messages22SystemTelemetryMessageC2Ev
                0x00006f7c      0x4fa messages/SystemTelemetryMessage.o
                0x00006f7c                _ZN10helicopter8messages22SystemTelemetryMessageC2Ev
                0x00006f7c                _ZN10helicopter8messages22SystemTelemetryMessageC1Ev
 .text._ZN10helicopter8messages22SystemTelemetryMessageD2Ev
                0x00007476       0x44 messages/SystemTelemetryMessage.o
                0x00007476                _ZN10helicopter8messages22SystemTelemetryMessageD2Ev
                0x00007476                _ZN10helicopter8messages22SystemTelemetryMessageD1Ev
 .text._ZN10helicopter8messages22SystemTelemetryMessageD0Ev
                0x000074ba       0x2a messages/SystemTelemetryMessage.o
                0x000074ba                _ZN10helicopter8messages22SystemTelemetryMessageD0Ev
 .text._ZN10helicopter8messages22SystemTelemetryMessage8getBytesEv
                0x000074e4      0x78a messages/SystemTelemetryMessage.o
                0x000074e4                _ZN10helicopter8messages22SystemTelemetryMessage8getBytesEv
 .text._ZN10helicopter8messages22SystemTelemetryMessage12buildMessageEPh
                0x00007c6e      0x77c messages/SystemTelemetryMessage.o
                0x00007c6e                _ZN10helicopter8messages22SystemTelemetryMessage12buildMessageEPh
 .text._ZN10helicopter8messages22SystemTelemetryMessage14buildMessageStEPh
                0x000083ea       0x5e messages/SystemTelemetryMessage.o
                0x000083ea                _ZN10helicopter8messages22SystemTelemetryMessage14buildMessageStEPh
 .text._ZN10helicopter8messages22SystemTelemetryMessage21buildMessageFromModelEPNS_5model11SystemModelE
                0x00008448      0x64c messages/SystemTelemetryMessage.o
                0x00008448                _ZN10helicopter8messages22SystemTelemetryMessage21buildMessageFromModelEPNS_5model11SystemModelE
 .text._ZN10helicopter8messages22SystemTelemetryMessage35updateModelFromMessageFromSimulatorEPNS_5model11SystemModelE
                0x00008a94      0x27e messages/SystemTelemetryMessage.o
                0x00008a94                _ZN10helicopter8messages22SystemTelemetryMessage35updateModelFromMessageFromSimulatorEPNS_5model11SystemModelE
 .text._ZN10helicopter10navigation4AHRS14scaleAndAdjustEPfS2_fRA3_f
                0x00008d12      0x148 navigation/AHRS.o
                0x00008d12                _ZN10helicopter10navigation4AHRS14scaleAndAdjustEPfS2_fRA3_f
 .text._ZN10helicopter10navigation4AHRS17orthonormalizeDcmEv
                0x00008e5a      0x128 navigation/AHRS.o
                0x00008e5a                _ZN10helicopter10navigation4AHRS17orthonormalizeDcmEv
 .text._ZN10helicopter10navigation4AHRS6updateEfffffffff
                0x00008f82      0x81a navigation/AHRS.o
                0x00008f82                _ZN10helicopter10navigation4AHRS6updateEfffffffff
 .text._ZN10helicopter10navigation4AHRS10getYawRadsEv
                0x0000979c       0x2c navigation/AHRS.o
                0x0000979c                _ZN10helicopter10navigation4AHRS10getYawRadsEv
 .text._ZN10helicopter10navigation4AHRS12getPitchRadsEv
                0x000097c8       0x2c navigation/AHRS.o
                0x000097c8                _ZN10helicopter10navigation4AHRS12getPitchRadsEv
 .text._ZN10helicopter10navigation4AHRS11getRollRadsEv
                0x000097f4       0x2c navigation/AHRS.o
                0x000097f4                _ZN10helicopter10navigation4AHRS11getRollRadsEv
 .text._ZN10helicopter5tasks4Task8getDelayEv
                0x00009820       0x24 scheduler/Scheduler.o
                0x00009820                _ZN10helicopter5tasks4Task8getDelayEv
 .text._ZN10helicopter5tasks4Task9getPeriodEv
                0x00009844       0x24 scheduler/Scheduler.o
                0x00009844                _ZN10helicopter5tasks4Task9getPeriodEv
 .text._ZN10helicopter5tasks4Task8setDelayEi
                0x00009868       0x30 scheduler/Scheduler.o
                0x00009868                _ZN10helicopter5tasks4Task8setDelayEi
 .text._ZN10helicopter5tasks4Task15getIsReadyToRunEv
                0x00009898       0x22 scheduler/Scheduler.o
                0x00009898                _ZN10helicopter5tasks4Task15getIsReadyToRunEv
 .text._ZN10helicopter5tasks4Task15setIsReadyToRunEb
                0x000098ba       0x26 scheduler/Scheduler.o
                0x000098ba                _ZN10helicopter5tasks4Task15setIsReadyToRunEb
 .text._ZN10helicopter5tasks4Task11reduceDelayEv
                0x000098e0       0x34 scheduler/Scheduler.o
                0x000098e0                _ZN10helicopter5tasks4Task11reduceDelayEv
 .text._ZN10helicopter9scheduler9Scheduler13getNumOfTasksEv
                0x00009914       0x24 scheduler/Scheduler.o
                0x00009914                _ZN10helicopter9scheduler9Scheduler13getNumOfTasksEv
 .text._ZN10helicopter9scheduler9Scheduler8getTasksEv
                0x00009938       0x1e scheduler/Scheduler.o
                0x00009938                _ZN10helicopter9scheduler9Scheduler8getTasksEv
 .text._ZN10helicopter9scheduler9Scheduler13hasBlownFrameEb
                0x00009956       0x26 scheduler/Scheduler.o
                0x00009956                _ZN10helicopter9scheduler9Scheduler13hasBlownFrameEb
 .text._ZN10helicopter9scheduler9Scheduler20hasCompletedDispatchEv
                0x0000997c       0x22 scheduler/Scheduler.o
                0x0000997c                _ZN10helicopter9scheduler9Scheduler20hasCompletedDispatchEv
 .text._ZN10helicopter9scheduler9Scheduler12getSchedulerEv
                0x0000999e       0x5a scheduler/Scheduler.o
                0x0000999e                _ZN10helicopter9scheduler9Scheduler12getSchedulerEv
 .text._ZN10helicopter9scheduler9SchedulerC2Em9PRESCALERi
                0x000099f8       0xc6 scheduler/Scheduler.o
                0x000099f8                _ZN10helicopter9scheduler9SchedulerC2Em9PRESCALERi
                0x000099f8                _ZN10helicopter9scheduler9SchedulerC1Em9PRESCALERi
 .text._ZN10helicopter9scheduler9Scheduler7addTaskEPNS_5tasks4TaskE
                0x00009abe       0x76 scheduler/Scheduler.o
                0x00009abe                _ZN10helicopter9scheduler9Scheduler7addTaskEPNS_5tasks4TaskE
 .text._ZN10helicopter9scheduler9Scheduler4initEv
                0x00009b34       0xc2 scheduler/Scheduler.o
                0x00009b34                _ZN10helicopter9scheduler9Scheduler4initEv
 .text._ZN10helicopter9scheduler9Scheduler8dispatchEv
                0x00009bf6       0xee scheduler/Scheduler.o
                0x00009bf6                _ZN10helicopter9scheduler9Scheduler8dispatchEv
 .text._ZN10helicopter9scheduler9Scheduler5startEv
                0x00009ce4       0xc6 scheduler/Scheduler.o
                0x00009ce4                _ZN10helicopter9scheduler9Scheduler5startEv
 .text.__vector_17
                0x00009daa      0x122 scheduler/Scheduler.o
                0x00009daa                __vector_17
 .text._ZN10helicopter7sensors9IMUSensor4initEv
                0x00009ecc      0x2a0 sensors/IMUSensor.o
                0x00009ecc                _ZN10helicopter7sensors9IMUSensor4initEv
 .text._ZN10helicopter5tasks4Task4initEv
                0x0000a16c       0x1a tasks/NavigationTask.o
                0x0000a16c                _ZN10helicopter5tasks4Task4initEv
 .text._ZN10helicopter5model11SystemModel14XNEDLocalFrameEf
                0x0000a186       0x40 tasks/NavigationTask.o
                0x0000a186                _ZN10helicopter5model11SystemModel14XNEDLocalFrameEf
 .text._ZN10helicopter5model11SystemModel14YNEDLocalFrameEf
                0x0000a1c6       0x46 tasks/NavigationTask.o
                0x0000a1c6                _ZN10helicopter5model11SystemModel14YNEDLocalFrameEf
 .text._ZN10helicopter5model11SystemModel17AltitudeMetersAglEf
                0x0000a20c       0x46 tasks/NavigationTask.o
                0x0000a20c                _ZN10helicopter5model11SystemModel17AltitudeMetersAglEf
 .text._ZN10helicopter5model11SystemModel14ZNEDLocalFrameEf
                0x0000a252       0x46 tasks/NavigationTask.o
                0x0000a252                _ZN10helicopter5model11SystemModel14ZNEDLocalFrameEf
 .text._ZN10helicopter5model11SystemModel24ZVelocityMetersPerSecondEf
                0x0000a298       0x46 tasks/NavigationTask.o
                0x0000a298                _ZN10helicopter5model11SystemModel24ZVelocityMetersPerSecondEf
 .text._ZNK10helicopter5model11SystemModel20InitialXPositionEcefEv
                0x0000a2de       0x3c tasks/NavigationTask.o
                0x0000a2de                _ZNK10helicopter5model11SystemModel20InitialXPositionEcefEv
 .text._ZNK10helicopter5model11SystemModel20InitialYPositionEcefEv
                0x0000a31a       0x3c tasks/NavigationTask.o
                0x0000a31a                _ZNK10helicopter5model11SystemModel20InitialYPositionEcefEv
 .text._ZNK10helicopter5model11SystemModel20InitialZPositionEcefEv
                0x0000a356       0x3c tasks/NavigationTask.o
                0x0000a356                _ZNK10helicopter5model11SystemModel20InitialZPositionEcefEv
 .text._ZN10helicopter5model11SystemModel7YawRadsEf
                0x0000a392       0x46 tasks/NavigationTask.o
                0x0000a392                _ZN10helicopter5model11SystemModel7YawRadsEf
 .text._ZN10helicopter5model11SystemModel9PitchRadsEf
                0x0000a3d8       0x46 tasks/NavigationTask.o
                0x0000a3d8                _ZN10helicopter5model11SystemModel9PitchRadsEf
 .text._ZN10helicopter5model11SystemModel8RollRadsEf
                0x0000a41e       0x46 tasks/NavigationTask.o
                0x0000a41e                _ZN10helicopter5model11SystemModel8RollRadsEf
 .text._ZNK10helicopter5model11SystemModel21InitialAltitudeMetersEv
                0x0000a464       0x30 tasks/NavigationTask.o
                0x0000a464                _ZNK10helicopter5model11SystemModel21InitialAltitudeMetersEv
 .text._ZN10helicopter5tasks14NavigationTaskC2EPNS_10navigation4AHRSEPNS_5model11SystemModelEii
                0x0000a494       0x7e tasks/NavigationTask.o
                0x0000a494                _ZN10helicopter5tasks14NavigationTaskC1EPNS_10navigation4AHRSEPNS_5model11SystemModelEii
                0x0000a494                _ZN10helicopter5tasks14NavigationTaskC2EPNS_10navigation4AHRSEPNS_5model11SystemModelEii
 .text._ZN10helicopter5tasks14NavigationTask11runTaskImplEv
                0x0000a512      0x826 tasks/NavigationTask.o
                0x0000a512                _ZN10helicopter5tasks14NavigationTask11runTaskImplEv
 .text._ZN10helicopter5tasks14NavigationTaskD2Ev
                0x0000ad38       0x44 tasks/NavigationTask.o
                0x0000ad38                _ZN10helicopter5tasks14NavigationTaskD1Ev
                0x0000ad38                _ZN10helicopter5tasks14NavigationTaskD2Ev
 .text._ZN10helicopter5tasks14NavigationTaskD0Ev
                0x0000ad7c       0x2a tasks/NavigationTask.o
                0x0000ad7c                _ZN10helicopter5tasks14NavigationTaskD0Ev
 .text._ZN10helicopter5tasks16PIDInnerLoopTaskC2EPNS_10controller13PIDControllerEii
                0x0000ada6       0x64 tasks/PIDInnerLoopTask.o
                0x0000ada6                _ZN10helicopter5tasks16PIDInnerLoopTaskC2EPNS_10controller13PIDControllerEii
                0x0000ada6                _ZN10helicopter5tasks16PIDInnerLoopTaskC1EPNS_10controller13PIDControllerEii
 .text._ZN10helicopter5tasks16PIDInnerLoopTask11runTaskImplEv
                0x0000ae0a       0x36 tasks/PIDInnerLoopTask.o
                0x0000ae0a                _ZN10helicopter5tasks16PIDInnerLoopTask11runTaskImplEv
 .text._ZN10helicopter5tasks16PIDInnerLoopTaskD2Ev
                0x0000ae40       0x44 tasks/PIDInnerLoopTask.o
                0x0000ae40                _ZN10helicopter5tasks16PIDInnerLoopTaskD1Ev
                0x0000ae40                _ZN10helicopter5tasks16PIDInnerLoopTaskD2Ev
 .text._ZN10helicopter5tasks16PIDInnerLoopTaskD0Ev
                0x0000ae84       0x2a tasks/PIDInnerLoopTask.o
                0x0000ae84                _ZN10helicopter5tasks16PIDInnerLoopTaskD0Ev
 .text._ZN10helicopter5tasks16PIDOuterLoopTaskC2EPNS_10controller13PIDControllerEii
                0x0000aeae       0x64 tasks/PIDOuterLoopTask.o
                0x0000aeae                _ZN10helicopter5tasks16PIDOuterLoopTaskC1EPNS_10controller13PIDControllerEii
                0x0000aeae                _ZN10helicopter5tasks16PIDOuterLoopTaskC2EPNS_10controller13PIDControllerEii
 .text._ZN10helicopter5tasks16PIDOuterLoopTask11runTaskImplEv
                0x0000af12       0x52 tasks/PIDOuterLoopTask.o
                0x0000af12                _ZN10helicopter5tasks16PIDOuterLoopTask11runTaskImplEv
 .text._ZN10helicopter5tasks16PIDOuterLoopTaskD2Ev
                0x0000af64       0x44 tasks/PIDOuterLoopTask.o
                0x0000af64                _ZN10helicopter5tasks16PIDOuterLoopTaskD1Ev
                0x0000af64                _ZN10helicopter5tasks16PIDOuterLoopTaskD2Ev
 .text._ZN10helicopter5tasks16PIDOuterLoopTaskD0Ev
                0x0000afa8       0x2a tasks/PIDOuterLoopTask.o
                0x0000afa8                _ZN10helicopter5tasks16PIDOuterLoopTaskD0Ev
 .text._ZN10helicopter5model11SystemModel33SerialCommunicationBufferOverrunsEl
                0x0000afd2       0x46 tasks/SimTelemetryTask.o
                0x0000afd2                _ZN10helicopter5model11SystemModel33SerialCommunicationBufferOverrunsEl
 .text._ZN10helicopter10controller13PIDController16setZIntegralGainEf
                0x0000b018       0x46 tasks/SimTelemetryTask.o
                0x0000b018                _ZN10helicopter10controller13PIDController16setZIntegralGainEf
 .text._ZN10helicopter10controller13PIDController18setZDerivativeGainEf
                0x0000b05e       0x46 tasks/SimTelemetryTask.o
                0x0000b05e                _ZN10helicopter10controller13PIDController18setZDerivativeGainEf
 .text._ZN10helicopter10controller13PIDController20setZProportionalGainEf
                0x0000b0a4       0x46 tasks/SimTelemetryTask.o
                0x0000b0a4                _ZN10helicopter10controller13PIDController20setZProportionalGainEf
 .text._ZN10helicopter10controller13PIDController18setZAntiWindupGainEf
                0x0000b0ea       0x46 tasks/SimTelemetryTask.o
                0x0000b0ea                _ZN10helicopter10controller13PIDController18setZAntiWindupGainEf
 .text._ZN10helicopter5tasks16SimTelemetryTaskC2EPNS_10interfaces29GroundControlStationInterfaceEPNS_5model11SystemModelEPNS_10controller13PIDControllerEii
                0x0000b130       0x98 tasks/SimTelemetryTask.o
                0x0000b130                _ZN10helicopter5tasks16SimTelemetryTaskC2EPNS_10interfaces29GroundControlStationInterfaceEPNS_5model11SystemModelEPNS_10controller13PIDControllerEii
                0x0000b130                _ZN10helicopter5tasks16SimTelemetryTaskC1EPNS_10interfaces29GroundControlStationInterfaceEPNS_5model11SystemModelEPNS_10controller13PIDControllerEii
 .text._ZN10helicopter5tasks16SimTelemetryTask11runTaskImplEv
                0x0000b1c8      0x4aa tasks/SimTelemetryTask.o
                0x0000b1c8                _ZN10helicopter5tasks16SimTelemetryTask11runTaskImplEv
 .text._ZN10helicopter5tasks16SimTelemetryTaskD2Ev
                0x0000b672       0x44 tasks/SimTelemetryTask.o
                0x0000b672                _ZN10helicopter5tasks16SimTelemetryTaskD1Ev
                0x0000b672                _ZN10helicopter5tasks16SimTelemetryTaskD2Ev
 .text._ZN10helicopter5tasks16SimTelemetryTaskD0Ev
                0x0000b6b6       0x2a tasks/SimTelemetryTask.o
                0x0000b6b6                _ZN10helicopter5tasks16SimTelemetryTaskD0Ev
 .text._ZN10helicopter5tasks4Task11runTaskImplEv
                0x0000b6e0       0x1a tasks/Task.o
                0x0000b6e0                _ZN10helicopter5tasks4Task11runTaskImplEv
 .text._ZN10helicopter5tasks4TaskC2Eii
                0x0000b6fa       0x5c tasks/Task.o
                0x0000b6fa                _ZN10helicopter5tasks4TaskC2Eii
                0x0000b6fa                _ZN10helicopter5tasks4TaskC1Eii
 .text._ZN10helicopter5tasks4Task7runTaskEv
                0x0000b756       0x36 tasks/Task.o
                0x0000b756                _ZN10helicopter5tasks4Task7runTaskEv
 .text._ZN10helicopter5tasks21TransmitTelemetryTaskC2EPNS_10interfaces29GroundControlStationInterfaceEPNS_5model11SystemModelEii
                0x0000b78c       0x7e tasks/TransmitTelemetryTask.o
                0x0000b78c                _ZN10helicopter5tasks21TransmitTelemetryTaskC2EPNS_10interfaces29GroundControlStationInterfaceEPNS_5model11SystemModelEii
                0x0000b78c                _ZN10helicopter5tasks21TransmitTelemetryTaskC1EPNS_10interfaces29GroundControlStationInterfaceEPNS_5model11SystemModelEii
 .text._ZN10helicopter5tasks21TransmitTelemetryTask11runTaskImplEv
                0x0000b80a       0x66 tasks/TransmitTelemetryTask.o
                0x0000b80a                _ZN10helicopter5tasks21TransmitTelemetryTask11runTaskImplEv
 .text._ZN10helicopter5tasks21TransmitTelemetryTaskD2Ev
                0x0000b870       0x44 tasks/TransmitTelemetryTask.o
                0x0000b870                _ZN10helicopter5tasks21TransmitTelemetryTaskD1Ev
                0x0000b870                _ZN10helicopter5tasks21TransmitTelemetryTaskD2Ev
 .text._ZN10helicopter5tasks21TransmitTelemetryTaskD0Ev
                0x0000b8b4       0x2a tasks/TransmitTelemetryTask.o
                0x0000b8b4                _ZN10helicopter5tasks21TransmitTelemetryTaskD0Ev
 .text._Znwj    0x0000b8de       0x22 util/CommonHeader.o
                0x0000b8de                _Znwj
 .text._ZdlPv   0x0000b900       0x2a util/CommonHeader.o
                0x0000b900                _ZdlPv
 .text._Znaj    0x0000b92a       0x22 util/CommonHeader.o
                0x0000b92a                _Znaj
 .text._ZdaPv   0x0000b94c       0x2a util/CommonHeader.o
                0x0000b94c                _ZdaPv
 .text._ZN10helicopter4util14CoordinateUtil12DegreesToRadEf
                0x0000b976       0x3e util/CoordinateUtil.o
                0x0000b976                _ZN10helicopter4util14CoordinateUtil12DegreesToRadEf
 .text._ZN10helicopter4util14CoordinateUtil37CalculateECEFToLocalNEDRotationMatrixEffRA3_A3_f
                0x0000b9b4      0x26c util/CoordinateUtil.o
                0x0000b9b4                _ZN10helicopter4util14CoordinateUtil37CalculateECEFToLocalNEDRotationMatrixEffRA3_A3_f
 .text._ZN10helicopter4util14CoordinateUtil25ConvertFromECEFToLocalNEDEllllllPA3_fRfS4_S4_
                0x0000bc20      0x1a6 util/CoordinateUtil.o
                0x0000bc20                _ZN10helicopter4util14CoordinateUtil25ConvertFromECEFToLocalNEDEllllllPA3_fRfS4_S4_
 .text._ZN10helicopter4util10MatrixUtil12CrossProductEPfS2_RA3_f
                0x0000bdc6      0x1aa util/MatrixUtil.o
                0x0000bdc6                _ZN10helicopter4util10MatrixUtil12CrossProductEPfS2_RA3_f
 .text._ZN10helicopter4util10MatrixUtil9NormalizeERA3_f
                0x0000bf70      0x148 util/MatrixUtil.o
                0x0000bf70                _ZN10helicopter4util10MatrixUtil9NormalizeERA3_f
 .text._ZN10helicopter4util10MatrixUtil20CreateRotationMatrixEfffRA3_A3_f
                0x0000c0b8      0x48e util/MatrixUtil.o
                0x0000c0b8                _ZN10helicopter4util10MatrixUtil20CreateRotationMatrixEfffRA3_A3_f
 .text._ZN10helicopter4util10MatrixUtil30CreateRotationMatrixTransposedEfffRA3_A3_f
                0x0000c546      0x48e util/MatrixUtil.o
                0x0000c546                _ZN10helicopter4util10MatrixUtil30CreateRotationMatrixTransposedEfffRA3_A3_f
 .text._ZN10helicopter4util10MatrixUtil12RotateMatrixEPA3_fPfS4_
                0x0000c9d4      0x152 util/MatrixUtil.o
                0x0000c9d4                _ZN10helicopter4util10MatrixUtil12RotateMatrixEPA3_fPfS4_
 .text._ZN10helicopter4util10MatrixUtil10DotProductEPfS2_
                0x0000cb26       0xe2 util/MatrixUtil.o
                0x0000cb26                _ZN10helicopter4util10MatrixUtil10DotProductEPfS2_
 .text._ZN10helicopter4util5Timer10startTimerEv
                0x0000cc08      0x174 util/Timer.o
                0x0000cc08                _ZN10helicopter4util5Timer10startTimerEv
 .text._ZN10helicopter4util5Timer11hasTimedoutEv
                0x0000cd7c       0x34 util/Timer.o
                0x0000cd7c                _ZN10helicopter4util5Timer11hasTimedoutEv
 .text._ZN10helicopter4util5Timer9stopTimerEv
                0x0000cdb0       0x3e util/Timer.o
                0x0000cdb0                _ZN10helicopter4util5Timer9stopTimerEv
 .text.avr-libc.fplib
                0x0000cdee        0xa c:/program files (x86)/atmel/atmel toolchain/avr8 gcc/native/3.4.2.1002/avr8-gnu-toolchain/bin/../lib/gcc/avr/4.7.2/../../../../avr/lib/avr6\libm.a(addsf3.o)
                0x0000cdee                __subsf3
                0x0000cdf0                __addsf3
 .text.avr-libc.fplib
                0x0000cdf8       0xc0 c:/program files (x86)/atmel/atmel toolchain/avr8 gcc/native/3.4.2.1002/avr8-gnu-toolchain/bin/../lib/gcc/avr/4.7.2/../../../../avr/lib/avr6\libm.a(addsf3x.o)
                0x0000ce12                __addsf3x
 .text.avr-libc.fplib
                0x0000ceb8       0x2e c:/program files (x86)/atmel/atmel toolchain/avr8 gcc/native/3.4.2.1002/avr8-gnu-toolchain/bin/../lib/gcc/avr/4.7.2/../../../../avr/lib/avr6\libm.a(asin.o)
                0x0000ceb8                asin
 .text.avr-libc.fplib
                0x0000cee6       0x74 c:/program files (x86)/atmel/atmel toolchain/avr8 gcc/native/3.4.2.1002/avr8-gnu-toolchain/bin/../lib/gcc/avr/4.7.2/../../../../avr/lib/avr6\libm.a(atan2.o)
                0x0000cf04                atan2
 .text.avr-libc.fplib
                0x0000cf5a       0x50 c:/program files (x86)/atmel/atmel toolchain/avr8 gcc/native/3.4.2.1002/avr8-gnu-toolchain/bin/../lib/gcc/avr/4.7.2/../../../../avr/lib/avr6\libm.a(atan.o)
                0x0000cf5a                atan
 .text.avr-libc.fplib
                0x0000cfaa        0x8 c:/program files (x86)/atmel/atmel toolchain/avr8 gcc/native/3.4.2.1002/avr8-gnu-toolchain/bin/../lib/gcc/avr/4.7.2/../../../../avr/lib/avr6\libm.a(cmpsf2.o)
                0x0000cfaa                __nesf2
                0x0000cfaa                __eqsf2
                0x0000cfaa                __cmpsf2
                0x0000cfaa                __ltsf2
                0x0000cfaa                __lesf2
 .text.avr-libc.fplib
                0x0000cfb2        0x6 c:/program files (x86)/atmel/atmel toolchain/avr8 gcc/native/3.4.2.1002/avr8-gnu-toolchain/bin/../lib/gcc/avr/4.7.2/../../../../avr/lib/avr6\libm.a(cos.o)
                0x0000cfb2                cos
 .text.avr-libc.fplib
                0x0000cfb8        0x4 c:/program files (x86)/atmel/atmel toolchain/avr8 gcc/native/3.4.2.1002/avr8-gnu-toolchain/bin/../lib/gcc/avr/4.7.2/../../../../avr/lib/avr6\libm.a(divsf3.o)
                0x0000cfb8                __divsf3
 .text.avr-libc.fplib
                0x0000cfbc       0xcc c:/program files (x86)/atmel/atmel toolchain/avr8 gcc/native/3.4.2.1002/avr8-gnu-toolchain/bin/../lib/gcc/avr/4.7.2/../../../../avr/lib/avr6\libm.a(divsf3x.o)
                0x0000cfd2                __divsf3x
                0x0000cfd6                __divsf3_pse
 .text.avr-libc.fplib
                0x0000d088        0xa c:/program files (x86)/atmel/atmel toolchain/avr8 gcc/native/3.4.2.1002/avr8-gnu-toolchain/bin/../lib/gcc/avr/4.7.2/../../../../avr/lib/avr6\libm.a(fixsfsi.o)
                0x0000d088                __fixsfsi
 .text.avr-libc.fplib
                0x0000d092       0x58 c:/program files (x86)/atmel/atmel toolchain/avr8 gcc/native/3.4.2.1002/avr8-gnu-toolchain/bin/../lib/gcc/avr/4.7.2/../../../../avr/lib/avr6\libm.a(fixunssfsi.o)
                0x0000d092                __fixunssfsi
 .text.avr-libc.fplib
                0x0000d0ea       0x7a c:/program files (x86)/atmel/atmel toolchain/avr8 gcc/native/3.4.2.1002/avr8-gnu-toolchain/bin/../lib/gcc/avr/4.7.2/../../../../avr/lib/avr6\libm.a(floatsisf.o)
                0x0000d0ea                __floatunsisf
                0x0000d0ee                __floatsisf
 .text.avr-libc.fplib
                0x0000d164       0x26 c:/program files (x86)/atmel/atmel toolchain/avr8 gcc/native/3.4.2.1002/avr8-gnu-toolchain/bin/../lib/gcc/avr/4.7.2/../../../../avr/lib/avr6\libm.a(floor.o)
                0x0000d164                floor
 .text.avr-libc.fplib
                0x0000d18a       0x36 c:/program files (x86)/atmel/atmel toolchain/avr8 gcc/native/3.4.2.1002/avr8-gnu-toolchain/bin/../lib/gcc/avr/4.7.2/../../../../avr/lib/avr6\libm.a(fp_arccos.o)
                0x0000d18a                __fp_arccos
 .text.avr-libc.fplib
                0x0000d1c0       0x48 c:/program files (x86)/atmel/atmel toolchain/avr8 gcc/native/3.4.2.1002/avr8-gnu-toolchain/bin/../lib/gcc/avr/4.7.2/../../../../avr/lib/avr6\libm.a(fp_cmp.o)
                0x0000d1c0                __fp_cmp
 .text.avr-libc.fplib
                0x0000d208        0xc c:/program files (x86)/atmel/atmel toolchain/avr8 gcc/native/3.4.2.1002/avr8-gnu-toolchain/bin/../lib/gcc/avr/4.7.2/../../../../avr/lib/avr6\libm.a(fp_inf.o)
                0x0000d208                __fp_inf
 .text.avr-libc.fplib
                0x0000d214       0x36 c:/program files (x86)/atmel/atmel toolchain/avr8 gcc/native/3.4.2.1002/avr8-gnu-toolchain/bin/../lib/gcc/avr/4.7.2/../../../../avr/lib/avr6\libm.a(fp_mintl.o)
                0x0000d214                __fp_mintl
 .text.avr-libc.fplib
                0x0000d24a       0x1c c:/program files (x86)/atmel/atmel toolchain/avr8 gcc/native/3.4.2.1002/avr8-gnu-toolchain/bin/../lib/gcc/avr/4.7.2/../../../../avr/lib/avr6\libm.a(fp_mpack.o)
                0x0000d24a                __fp_mpack
                0x0000d24e                __fp_mpack_finite
 .text.avr-libc.fplib
                0x0000d266        0x6 c:/program files (x86)/atmel/atmel toolchain/avr8 gcc/native/3.4.2.1002/avr8-gnu-toolchain/bin/../lib/gcc/avr/4.7.2/../../../../avr/lib/avr6\libm.a(fp_nan.o)
                0x0000d266                __fp_nan
 .text.avr-libc.fplib
                0x0000d26c       0x4a c:/program files (x86)/atmel/atmel toolchain/avr8 gcc/native/3.4.2.1002/avr8-gnu-toolchain/bin/../lib/gcc/avr/4.7.2/../../../../avr/lib/avr6\libm.a(fp_powser.o)
                0x0000d26c                __fp_powser
 .text.avr-libc.fplib
                0x0000d2b6       0x22 c:/program files (x86)/atmel/atmel toolchain/avr8 gcc/native/3.4.2.1002/avr8-gnu-toolchain/bin/../lib/gcc/avr/4.7.2/../../../../avr/lib/avr6\libm.a(fp_powsodd.o)
                0x0000d2b6                __fp_powsodd
 .text.avr-libc.fplib
                0x0000d2d8        0xe c:/program files (x86)/atmel/atmel toolchain/avr8 gcc/native/3.4.2.1002/avr8-gnu-toolchain/bin/../lib/gcc/avr/4.7.2/../../../../avr/lib/avr6\libm.a(fp_pscA.o)
                0x0000d2d8                __fp_pscA
 .text.avr-libc.fplib
                0x0000d2e6        0xe c:/program files (x86)/atmel/atmel toolchain/avr8 gcc/native/3.4.2.1002/avr8-gnu-toolchain/bin/../lib/gcc/avr/4.7.2/../../../../avr/lib/avr6\libm.a(fp_pscB.o)
                0x0000d2e6                __fp_pscB
 .text.avr-libc.fplib
                0x0000d2f4       0x50 c:/program files (x86)/atmel/atmel toolchain/avr8 gcc/native/3.4.2.1002/avr8-gnu-toolchain/bin/../lib/gcc/avr/4.7.2/../../../../avr/lib/avr6\libm.a(fp_rempio2.o)
                0x0000d2f6                __fp_rempio2
 .text.avr-libc.fplib
                0x0000d344       0x22 c:/program files (x86)/atmel/atmel toolchain/avr8 gcc/native/3.4.2.1002/avr8-gnu-toolchain/bin/../lib/gcc/avr/4.7.2/../../../../avr/lib/avr6\libm.a(fp_round.o)