Archive member included because of file (symbol)

c:/program files (x86)/atmel/atmel toolchain/avr8 gcc/native/3.4.2.1002/avr8-gnu-toolchain/bin/../lib/gcc/avr/4.7.2/../../../../avr/lib/avr6\libm.a(addsf3.o)
                              controller/PIDController.o (__subsf3)
c:/program files (x86)/atmel/atmel toolchain/avr8 gcc/native/3.4.2.1002/avr8-gnu-toolchain/bin/../lib/gcc/avr/4.7.2/../../../../avr/lib/avr6\libm.a(addsf3x.o)
                              c:/program files (x86)/atmel/atmel toolchain/avr8 gcc/native/3.4.2.1002/avr8-gnu-toolchain/bin/../lib/gcc/avr/4.7.2/../../../../avr/lib/avr6\libm.a(addsf3.o) (__addsf3x)
c:/program files (x86)/atmel/atmel toolchain/avr8 gcc/native/3.4.2.1002/avr8-gnu-toolchain/bin/../lib/gcc/avr/4.7.2/../../../../avr/lib/avr6\libm.a(cmpsf2.o)
                              controller/PIDController.o (__nesf2)
c:/program files (x86)/atmel/atmel toolchain/avr8 gcc/native/3.4.2.1002/avr8-gnu-toolchain/bin/../lib/gcc/avr/4.7.2/../../../../avr/lib/avr6\libm.a(cos.o)
                              util/CoordinateUtil.o (cos)
c:/program files (x86)/atmel/atmel toolchain/avr8 gcc/native/3.4.2.1002/avr8-gnu-toolchain/bin/../lib/gcc/avr/4.7.2/../../../../avr/lib/avr6\libm.a(divsf3.o)
                              messages/SystemTelemetryMessage.o (__divsf3)
c:/program files (x86)/atmel/atmel toolchain/avr8 gcc/native/3.4.2.1002/avr8-gnu-toolchain/bin/../lib/gcc/avr/4.7.2/../../../../avr/lib/avr6\libm.a(divsf3x.o)
                              c:/program files (x86)/atmel/atmel toolchain/avr8 gcc/native/3.4.2.1002/avr8-gnu-toolchain/bin/../lib/gcc/avr/4.7.2/../../../../avr/lib/avr6\libm.a(divsf3.o) (__divsf3x)
c:/program files (x86)/atmel/atmel toolchain/avr8 gcc/native/3.4.2.1002/avr8-gnu-toolchain/bin/../lib/gcc/avr/4.7.2/../../../../avr/lib/avr6\libm.a(fixsfsi.o)
                              HelicopterMain.o (__fixsfsi)
c:/program files (x86)/atmel/atmel toolchain/avr8 gcc/native/3.4.2.1002/avr8-gnu-toolchain/bin/../lib/gcc/avr/4.7.2/../../../../avr/lib/avr6\libm.a(fixunssfsi.o)
                              drivers/SerialDriver.o (__fixunssfsi)
c:/program files (x86)/atmel/atmel toolchain/avr8 gcc/native/3.4.2.1002/avr8-gnu-toolchain/bin/../lib/gcc/avr/4.7.2/../../../../avr/lib/avr6\libm.a(floatsisf.o)
                              drivers/SerialDriver.o (__floatunsisf)
c:/program files (x86)/atmel/atmel toolchain/avr8 gcc/native/3.4.2.1002/avr8-gnu-toolchain/bin/../lib/gcc/avr/4.7.2/../../../../avr/lib/avr6\libm.a(floor.o)
                              drivers/SerialDriver.o (floor)
c:/program files (x86)/atmel/atmel toolchain/avr8 gcc/native/3.4.2.1002/avr8-gnu-toolchain/bin/../lib/gcc/avr/4.7.2/../../../../avr/lib/avr6\libm.a(fp_cmp.o)
                              c:/program files (x86)/atmel/atmel toolchain/avr8 gcc/native/3.4.2.1002/avr8-gnu-toolchain/bin/../lib/gcc/avr/4.7.2/../../../../avr/lib/avr6\libm.a(cmpsf2.o) (__fp_cmp)
c:/program files (x86)/atmel/atmel toolchain/avr8 gcc/native/3.4.2.1002/avr8-gnu-toolchain/bin/../lib/gcc/avr/4.7.2/../../../../avr/lib/avr6\libm.a(fp_inf.o)
                              c:/program files (x86)/atmel/atmel toolchain/avr8 gcc/native/3.4.2.1002/avr8-gnu-toolchain/bin/../lib/gcc/avr/4.7.2/../../../../avr/lib/avr6\libm.a(addsf3x.o) (__fp_inf)
c:/program files (x86)/atmel/atmel toolchain/avr8 gcc/native/3.4.2.1002/avr8-gnu-toolchain/bin/../lib/gcc/avr/4.7.2/../../../../avr/lib/avr6\libm.a(fp_mintl.o)
                              c:/program files (x86)/atmel/atmel toolchain/avr8 gcc/native/3.4.2.1002/avr8-gnu-toolchain/bin/../lib/gcc/avr/4.7.2/../../../../avr/lib/avr6\libm.a(floor.o) (__fp_mintl)
c:/program files (x86)/atmel/atmel toolchain/avr8 gcc/native/3.4.2.1002/avr8-gnu-toolchain/bin/../lib/gcc/avr/4.7.2/../../../../avr/lib/avr6\libm.a(fp_mpack.o)
                              c:/program files (x86)/atmel/atmel toolchain/avr8 gcc/native/3.4.2.1002/avr8-gnu-toolchain/bin/../lib/gcc/avr/4.7.2/../../../../avr/lib/avr6\libm.a(floor.o) (__fp_mpack)
c:/program files (x86)/atmel/atmel toolchain/avr8 gcc/native/3.4.2.1002/avr8-gnu-toolchain/bin/../lib/gcc/avr/4.7.2/../../../../avr/lib/avr6\libm.a(fp_nan.o)
                              c:/program files (x86)/atmel/atmel toolchain/avr8 gcc/native/3.4.2.1002/avr8-gnu-toolchain/bin/../lib/gcc/avr/4.7.2/../../../../avr/lib/avr6\libm.a(addsf3x.o) (__fp_nan)
c:/program files (x86)/atmel/atmel toolchain/avr8 gcc/native/3.4.2.1002/avr8-gnu-toolchain/bin/../lib/gcc/avr/4.7.2/../../../../avr/lib/avr6\libm.a(fp_pscA.o)
                              c:/program files (x86)/atmel/atmel toolchain/avr8 gcc/native/3.4.2.1002/avr8-gnu-toolchain/bin/../lib/gcc/avr/4.7.2/../../../../avr/lib/avr6\libm.a(addsf3x.o) (__fp_pscA)
c:/program files (x86)/atmel/atmel toolchain/avr8 gcc/native/3.4.2.1002/avr8-gnu-toolchain/bin/../lib/gcc/avr/4.7.2/../../../../avr/lib/avr6\libm.a(fp_pscB.o)
[...]
Memory Configuration

Name             Origin             Length             Attributes
text             0x00000000         0x00100000         xr
data             0x00800200         0x0000fe00         rw !x
eeprom           0x00810000         0x00010000         rw !x
fuse             0x00820000         0x00000400         rw !x
lock             0x00830000         0x00000400         rw !x
signature        0x00840000         0x00000400         rw !x
user_signatures  0x00850000         0x00000400         rw !x
*default*        0x00000000         0xffffffff

Linker script and memory map

Address of section .data set to 0x800200
LOAD c:/program files (x86)/atmel/atmel toolchain/avr8 gcc/native/3.4.2.1002/avr8-gnu-toolchain/bin/../lib/gcc/avr/4.7.2/../../../../avr/lib/avr6/crtm2560.o
LOAD buffer/Buffer.o
LOAD buffer/Record.o
LOAD controller/PIDController.o
LOAD drivers/MagnetometerDriver.o
LOAD drivers/SerialDriver.o
LOAD drivers/SPIDriver.o
LOAD drivers/TWIDriver.o
LOAD HelicopterMain.o
LOAD interfaces/GroundControlStationInterface.o
LOAD interfaces/RadioControllerInterface.o
LOAD messages/Message.o
LOAD messages/SyncMessage.o
LOAD messages/SystemTelemetryMessage.o
LOAD model/SystemModel.o
LOAD scheduler/Scheduler.o
LOAD sensors/BarometerSensor.o
LOAD sensors/GPSSensor.o
LOAD sensors/IMUSensor.o
LOAD sensors/MagnetometerSensor.o
LOAD tasks/PIDInnerLoopTask.o
LOAD tasks/PIDOuterLoopTask.o
LOAD tasks/ReadIMUSensorTask.o
LOAD tasks/SensorProcessingTask.o
LOAD tasks/SimTelemetryTask.o
LOAD tasks/Task.o
LOAD tasks/TransmitTelemetryTask.o
LOAD util/CommonHeader.o
LOAD util/CoordinateUtil.o
LOAD util/MatrixUtil.o
LOAD util/Timer.o
START GROUP
LOAD c:/program files (x86)/atmel/atmel toolchain/avr8 gcc/native/3.4.2.1002/avr8-gnu-toolchain/bin/../lib/gcc/avr/4.7.2/../../../../avr/lib/avr6\libm.a
END GROUP
LOAD c:/program files (x86)/atmel/atmel toolchain/avr8 gcc/native/3.4.2.1002/avr8-gnu-toolchain/bin/../lib/gcc/avr/4.7.2/avr6\libgcc.a
LOAD c:/program files (x86)/atmel/atmel toolchain/avr8 gcc/native/3.4.2.1002/avr8-gnu-toolchain/bin/../lib/gcc/avr/4.7.2/../../../../avr/lib/avr6\libm.a
LOAD c:/program files (x86)/atmel/atmel toolchain/avr8 gcc/native/3.4.2.1002/avr8-gnu-toolchain/bin/../lib/gcc/avr/4.7.2/avr6\libgcc.a
LOAD c:/program files (x86)/atmel/atmel toolchain/avr8 gcc/native/3.4.2.1002/avr8-gnu-toolchain/bin/../lib/gcc/avr/4.7.2/../../../../avr/lib/avr6\libc.a
LOAD c:/program files (x86)/atmel/atmel toolchain/avr8 gcc/native/3.4.2.1002/avr8-gnu-toolchain/bin/../lib/gcc/avr/4.7.2/avr6\libgcc.a

.hash
 *(.hash)

.dynsym
 *(.dynsym)

.dynstr
 *(.dynstr)

.gnu.version
 *(.gnu.version)

.gnu.version_d
 *(.gnu.version_d)

.gnu.version_r
 *(.gnu.version_r)

.rel.init
 *(.rel.init)

.rela.init
 *(.rela.init)

.rel.text
 *(.rel.text)
 *(.rel.text.*)
 *(.rel.gnu.linkonce.t*)

.rela.text
 *(.rela.text)
 *(.rela.text.*)
 *(.rela.gnu.linkonce.t*)

.rel.fini
 *(.rel.fini)

.rela.fini
 *(.rela.fini)

.rel.rodata
 *(.rel.rodata)
 *(.rel.rodata.*)
 *(.rel.gnu.linkonce.r*)

.rela.rodata
 *(.rela.rodata)
 *(.rela.rodata.*)
 *(.rela.gnu.linkonce.r*)

.rel.data
 *(.rel.data)
 *(.rel.data.*)
 *(.rel.gnu.linkonce.d*)

.rela.data
 *(.rela.data)
 *(.rela.data.*)
 *(.rela.gnu.linkonce.d*)

.rel.ctors
 *(.rel.ctors)

.rela.ctors
 *(.rela.ctors)

.rel.dtors
 *(.rel.dtors)

.rela.dtors
 *(.rela.dtors)

.rel.got
 *(.rel.got)

.rela.got
 *(.rela.got)

.rel.bss
 *(.rel.bss)

.rela.bss
 *(.rela.bss)

.rel.plt
 *(.rel.plt)

.rela.plt
 *(.rela.plt)

.text           0x00000000     0x604c
 *(.vectors)
 .vectors       0x00000000       0xe4 c:/program files (x86)/atmel/atmel toolchain/avr8 gcc/native/3.4.2.1002/avr8-gnu-toolchain/bin/../lib/gcc/avr/4.7.2/../../../../avr/lib/avr6/crtm2560.o
                0x00000000                __vector_default
                0x00000000                __vectors
 *(.vectors)
 *(.progmem.gcc*)
 .progmem.gcc_fplib
                0x000000e4       0x1e c:/program files (x86)/atmel/atmel toolchain/avr8 gcc/native/3.4.2.1002/avr8-gnu-toolchain/bin/../lib/gcc/avr/4.7.2/../../../../avr/lib/avr6\libm.a(fp_sinus.o)
 *(.progmem*)
                0x00000102                . = ALIGN (0x2)
                0x00000102                __trampolines_start = .
 *(.trampolines)
 .trampolines   0x00000102       0xb4 linker stubs
 *(.trampolines*)
                0x000001b6                __trampolines_end = .
 *(.jumptables)
 *(.jumptables*)
 *(.lowtext)
 *(.lowtext*)
                0x000001b6                __ctors_start = .
 *(.ctors)
                0x000001b6                __ctors_end = .
                0x000001b6                __dtors_start = .
 *(.dtors)
                0x000001b6                __dtors_end = .
 SORT(*)(.ctors)
 SORT(*)(.dtors)
 *(.init0)
 .init0         0x000001b6        0x0 c:/program files (x86)/atmel/atmel toolchain/avr8 gcc/native/3.4.2.1002/avr8-gnu-toolchain/bin/../lib/gcc/avr/4.7.2/../../../../avr/lib/avr6/crtm2560.o
                0x000001b6                __init
 *(.init0)
 *(.init1)
 *(.init1)
 *(.init2)
 .init2         0x000001b6       0x10 c:/program files (x86)/atmel/atmel toolchain/avr8 gcc/native/3.4.2.1002/avr8-gnu-toolchain/bin/../lib/gcc/avr/4.7.2/../../../../avr/lib/avr6/crtm2560.o
 *(.init2)
 *(.init3)
 *(.init3)
 *(.init4)
 .init4         0x000001c6       0x1a c:/program files (x86)/atmel/atmel toolchain/avr8 gcc/native/3.4.2.1002/avr8-gnu-toolchain/bin/../lib/gcc/avr/4.7.2/avr6\libgcc.a(_copy_data.o)
                0x000001c6                __do_copy_data
 .init4         0x000001e0       0x10 c:/program files (x86)/atmel/atmel toolchain/avr8 gcc/native/3.4.2.1002/avr8-gnu-toolchain/bin/../lib/gcc/avr/4.7.2/avr6\libgcc.a(_clear_bss.o)
                0x000001e0                __do_clear_bss
 *(.init4)
 *(.init5)
 *(.init5)
 *(.init6)
 *(.init6)
 *(.init7)
 *(.init7)
 *(.init8)
 *(.init8)
 *(.init9)
 .init9         0x000001f0        0x8 c:/program files (x86)/atmel/atmel toolchain/avr8 gcc/native/3.4.2.1002/avr8-gnu-toolchain/bin/../lib/gcc/avr/4.7.2/../../../../avr/lib/avr6/crtm2560.o
 *(.init9)
 *(.text)
 .text          0x000001f8        0x4 c:/program files (x86)/atmel/atmel toolchain/avr8 gcc/native/3.4.2.1002/avr8-gnu-toolchain/bin/../lib/gcc/avr/4.7.2/../../../../avr/lib/avr6/crtm2560.o
                0x000001f8                __vector_38
                0x000001f8                __vector_22
                0x000001f8                __vector_28
                0x000001f8                __vector_1
                0x000001f8                __vector_32
                0x000001f8                __vector_34
                0x000001f8                __vector_24
                0x000001f8                __vector_12
                0x000001f8                __vector_55
                0x000001f8                __bad_interrupt
                0x000001f8                __vector_6
                0x000001f8                __vector_31
                0x000001f8                __vector_35
                0x000001f8                __vector_39
                0x000001f8                __vector_3
                0x000001f8                __vector_23
                0x000001f8                __vector_30
                0x000001f8                __vector_45
                0x000001f8                __vector_25
                0x000001f8                __vector_11
                0x000001f8                __vector_54
                0x000001f8                __vector_13
                0x000001f8                __vector_19
                0x000001f8                __vector_56
                0x000001f8                __vector_7
                0x000001f8                __vector_49
                0x000001f8                __vector_41
                0x000001f8                __vector_43
                0x000001f8                __vector_27
                0x000001f8                __vector_5
                0x000001f8                __vector_33
                0x000001f8                __vector_47
                0x000001f8                __vector_52
                0x000001f8                __vector_37
                0x000001f8                __vector_4
                0x000001f8                __vector_44
                0x000001f8                __vector_51
                0x000001f8                __vector_9
                0x000001f8                __vector_2
                0x000001f8                __vector_21
                0x000001f8                __vector_15
                0x000001f8                __vector_36
                0x000001f8                __vector_29
                0x000001f8                __vector_40
                0x000001f8                __vector_8
                0x000001f8                __vector_26
                0x000001f8                __vector_48
                0x000001f8                __vector_14
                0x000001f8                __vector_53
                0x000001f8                __vector_10
                0x000001f8                __vector_50
                0x000001f8                __vector_16
                0x000001f8                __vector_18
                0x000001f8                __vector_20
                0x000001f8                __vector_42
                0x000001fc                . = ALIGN (0x2)
 *(.text.*)
 .text._ZN10helicopter10controller13PIDControllerC2EPNS_5model11SystemModelE
                0x000001fc      0x164 controller/PIDController.o
                0x000001fc                _ZN10helicopter10controller13PIDControllerC2EPNS_5model11SystemModelE
                0x000001fc                _ZN10helicopter10controller13PIDControllerC1EPNS_5model11SystemModelE
 .text._ZN10helicopter10controller13PIDController21calculateProportionalEff
                0x00000360       0x16 controller/PIDController.o
                0x00000360                _ZN10helicopter10controller13PIDController21calculateProportionalEff
 .text._ZN10helicopter10controller13PIDController27calculateIntegralAntiWindupEfff
                0x00000376       0x2e controller/PIDController.o
                0x00000376                _ZN10helicopter10controller13PIDController27calculateIntegralAntiWindupEfff
 .text._ZN10helicopter10controller13PIDController17calculateIntegralEffff
                0x000003a4      0x168 controller/PIDController.o
                0x000003a4                _ZN10helicopter10controller13PIDController17calculateIntegralEffff
 .text._ZN10helicopter10controller13PIDController22calculateVelocityErrorEff
                0x0000050c       0x16 controller/PIDController.o
                0x0000050c                _ZN10helicopter10controller13PIDController22calculateVelocityErrorEff
 .text._ZN10helicopter10controller13PIDController30calculateOuterLoopControlValueEfffffi
                0x00000522       0xca controller/PIDController.o
                0x00000522                _ZN10helicopter10controller13PIDController30calculateOuterLoopControlValueEfffffi
 .text._ZN10helicopter10controller13PIDController27adjustControlForServoLimitsEfff
                0x000005ec       0x8a controller/PIDController.o
                0x000005ec                _ZN10helicopter10controller13PIDController27adjustControlForServoLimitsEfff
 .text._Z30calculateInnerLoopControlValuefffff
                0x00000676       0x6a controller/PIDController.o
                0x00000676                _Z30calculateInnerLoopControlValuefffff
 .text._ZN10helicopter10controller13PIDController23adjustForSetpointLimitsEfff
                0x000006e0       0x8a controller/PIDController.o
                0x000006e0                _ZN10helicopter10controller13PIDController23adjustForSetpointLimitsEfff
 .text._ZN10helicopter10controller13PIDController13addBlownFrameEv
                0x0000076a       0x22 controller/PIDController.o
                0x0000076a                _ZN10helicopter10controller13PIDController13addBlownFrameEv
 .text._ZN10helicopter10controller13PIDController27convertYawErrorFrom360to180Ef
                0x0000078c       0x8c controller/PIDController.o
                0x0000078c                _ZN10helicopter10controller13PIDController27convertYawErrorFrom360to180Ef
 .text._ZN10helicopter10controller13PIDController34tailRotorCollectiveOuterLoopUpdateEv
                0x00000818      0x1f8 controller/PIDController.o
                0x00000818                _ZN10helicopter10controller13PIDController34tailRotorCollectiveOuterLoopUpdateEv
 .text._ZN10helicopter10controller13PIDController34mainRotorCollectiveOuterLoopUpdateEv
                0x00000a10      0x21c controller/PIDController.o
                0x00000a10                _ZN10helicopter10controller13PIDController34mainRotorCollectiveOuterLoopUpdateEv
 .text._ZN10helicopter10controller13PIDController30cyclicLongitudeOuterLoopUpdateEv
                0x00000c2c      0x1f2 controller/PIDController.o
                0x00000c2c                _ZN10helicopter10controller13PIDController30cyclicLongitudeOuterLoopUpdateEv
 .text._ZN10helicopter10controller13PIDController28cyclicLateralOuterLoopUpdateEv
                0x00000e1e      0x210 controller/PIDController.o
                0x00000e1e                _ZN10helicopter10controller13PIDController28cyclicLateralOuterLoopUpdateEv
 .text._ZN10helicopter10controller13PIDController30cyclicLongitudeInnerLoopUpdateEv
                0x0000102e       0xdc controller/PIDController.o
                0x0000102e                _ZN10helicopter10controller13PIDController30cyclicLongitudeInnerLoopUpdateEv
 .text._ZN10helicopter10controller13PIDController28cyclicLateralInnerLoopUpdateEv
                0x0000110a       0xea controller/PIDController.o
                0x0000110a                _ZN10helicopter10controller13PIDController28cyclicLateralInnerLoopUpdateEv
 .text._ZN10helicopter7drivers12SerialDriverD2Ev
                0x000011f4        0xc drivers/SerialDriver.o
                0x000011f4                _ZN10helicopter7drivers12SerialDriverD1Ev
                0x000011f4                _ZN10helicopter7drivers12SerialDriverD2Ev
 .text._ZN10helicopter7drivers12SerialDriver8transmitEf
                0x00001200       0x84 drivers/SerialDriver.o
                0x00001200                _ZN10helicopter7drivers12SerialDriver8transmitEf
 .text._ZN10helicopter7drivers12SerialDriver8transmitEi
                0x00001284       0x4c drivers/SerialDriver.o
                0x00001284                _ZN10helicopter7drivers12SerialDriver8transmitEi
 .text._ZN10helicopter7drivers12SerialDriver8transmitEm
                0x000012d0       0x9e drivers/SerialDriver.o
                0x000012d0                _ZN10helicopter7drivers12SerialDriver8transmitEm
 .text._ZN10helicopter7drivers12SerialDriver8transmitEl
                0x0000136e       0xa6 drivers/SerialDriver.o
                0x0000136e                _ZN10helicopter7drivers12SerialDriver8transmitEl
 .text._ZN10helicopter7drivers12SerialDriver7receiveERh
                0x00001414       0x70 drivers/SerialDriver.o
                0x00001414                _ZN10helicopter7drivers12SerialDriver7receiveERh
 .text._ZN10helicopter7drivers12SerialDriver8transmitEh
                0x00001484       0x5a drivers/SerialDriver.o
                0x00001484                _ZN10helicopter7drivers12SerialDriver8transmitEh
 .text._ZN10helicopter7drivers12SerialDriver10initializeEv
                0x000014de       0xde drivers/SerialDriver.o
                0x000014de                _ZN10helicopter7drivers12SerialDriver10initializeEv
 .text._ZN10helicopter7drivers12SerialDriverD0Ev
                0x000015bc       0x10 drivers/SerialDriver.o
                0x000015bc                _ZN10helicopter7drivers12SerialDriverD0Ev
 .text._ZN10helicopter7drivers12SerialDriver10startTimerEv
                0x000015cc       0x10 drivers/SerialDriver.o
                0x000015cc                _ZN10helicopter7drivers12SerialDriver10startTimerEv
 .text._ZN10helicopter7drivers12SerialDriver9stopTimerEv
                0x000015dc       0x10 drivers/SerialDriver.o
                0x000015dc                _ZN10helicopter7drivers12SerialDriver9stopTimerEv
 .text._ZN10helicopter7drivers9SPIDriver4initEv
                0x000015ec       0x12 drivers/SPIDriver.o
                0x000015ec                _ZN10helicopter7drivers9SPIDriver4initEv
 .text._ZN10helicopter7drivers9SPIDriver16beginTransactionEv
                0x000015fe       0x14 drivers/SPIDriver.o
                0x000015fe                _ZN10helicopter7drivers9SPIDriver16beginTransactionEv
 .text._ZN10helicopter7drivers9SPIDriver14endTransactionEv
                0x00001612       0x14 drivers/SPIDriver.o
                0x00001612                _ZN10helicopter7drivers9SPIDriver14endTransactionEv
 .text._ZN10helicopter7drivers9SPIDriver5writeEh
                0x00001626        0xa drivers/SPIDriver.o
                0x00001626                _ZN10helicopter7drivers9SPIDriver5writeEh
 .text._ZN10helicopter7drivers9SPIDriver5writeEhh
                0x00001630       0x1e drivers/SPIDriver.o
                0x00001630                _ZN10helicopter7drivers9SPIDriver5writeEhh
 .text._ZN10helicopter5tasks12FlashLEDTask4initEv
                0x0000164e       0x1a HelicopterMain.o
                0x0000164e                _ZN10helicopter5tasks12FlashLEDTask4initEv
 .text._ZN10helicopter5tasks12FlashLEDTask11runTaskImplEv
                0x00001668       0x44 HelicopterMain.o
                0x00001668                _ZN10helicopter5tasks12FlashLEDTask11runTaskImplEv
 .text._ZN10helicopter5tasks12FlashLEDTaskD2Ev
                0x000016ac        0xc HelicopterMain.o
                0x000016ac                _ZN10helicopter5tasks12FlashLEDTaskD1Ev
                0x000016ac                _ZN10helicopter5tasks12FlashLEDTaskD2Ev
 .text._ZN10helicopter5tasks12FlashLEDTaskD0Ev
                0x000016b8       0x10 HelicopterMain.o
                0x000016b8                _ZN10helicopter5tasks12FlashLEDTaskD0Ev
 .text._Z33setupDefaultsandReferencePositionPN10helicopter5model11SystemModelEPNS_10controller13PIDControllerE
                0x000016c8      0x28e HelicopterMain.o
                0x000016c8                _Z33setupDefaultsandReferencePositionPN10helicopter5model11SystemModelEPNS_10controller13PIDControllerE
 .text.main     0x00001956      0x6fc HelicopterMain.o
                0x00001956                main
 .text._ZN10helicopter10interfaces29GroundControlStationInterface17calculateChecksumEPhiRhS3_
                0x00002052       0x38 interfaces/GroundControlStationInterface.o
                0x00002052                _ZN10helicopter10interfaces29GroundControlStationInterface17calculateChecksumEPhiRhS3_
 .text._ZN10helicopter10interfaces29GroundControlStationInterface8transmitEPNS_8messages7MessageE
                0x0000208a      0x198 interfaces/GroundControlStationInterface.o
                0x0000208a                _ZN10helicopter10interfaces29GroundControlStationInterface8transmitEPNS_8messages7MessageE
 .text._ZN10helicopter10interfaces29GroundControlStationInterface7receiveERPNS_8messages7MessageE
                0x00002222      0x23a interfaces/GroundControlStationInterface.o
                0x00002222                _ZN10helicopter10interfaces29GroundControlStationInterface7receiveERPNS_8messages7MessageE
 .text._Z10ScaleValuei
                0x0000245c       0xbc interfaces/RadioControllerInterface.o
                0x0000245c                _Z10ScaleValuei
 .text._ZN10helicopter10interfaces24RadioControllerInterface27getRadioControllerInterfaceEv
                0x00002518       0x50 interfaces/RadioControllerInterface.o
                0x00002518                _ZN10helicopter10interfaces24RadioControllerInterface27getRadioControllerInterfaceEv
 .text.__vector_46
                0x00002568      0x196 interfaces/RadioControllerInterface.o
                0x00002568                __vector_46
 .text._ZN10helicopter10interfaces24RadioControllerInterface4initEv
                0x000026fe       0x38 interfaces/RadioControllerInterface.o
                0x000026fe                _ZN10helicopter10interfaces24RadioControllerInterface4initEv
 .text._ZN10helicopter10interfaces24RadioControllerInterface5startEv
                0x00002736        0xc interfaces/RadioControllerInterface.o
                0x00002736                _ZN10helicopter10interfaces24RadioControllerInterface5startEv
 .text._ZN10helicopter8messages7MessageD2Ev
                0x00002742        0xc messages/Message.o
                0x00002742                _ZN10helicopter8messages7MessageD1Ev
                0x00002742                _ZN10helicopter8messages7MessageD2Ev
 .text._ZN10helicopter8messages7Message8getBytesEv
                0x0000274e        0x6 messages/Message.o
                0x0000274e                _ZN10helicopter8messages7Message8getBytesEv
 .text._ZN10helicopter8messages7Message12buildMessageEPh
                0x00002754        0x2 messages/Message.o
                0x00002754                _ZN10helicopter8messages7Message12buildMessageEPh
 .text._ZN10helicopter8messages7MessageD0Ev
                0x00002756       0x10 messages/Message.o
                0x00002756                _ZN10helicopter8messages7MessageD0Ev
 .text._ZN10helicopter8messages7Message14getMessageSizeEv
                0x00002766        0x8 messages/Message.o
                0x00002766                _ZN10helicopter8messages7Message14getMessageSizeEv
 .text._ZN10helicopter8messages11SyncMessageD2Ev
                0x0000276e        0xc messages/SyncMessage.o
                0x0000276e                _ZN10helicopter8messages11SyncMessageD2Ev
                0x0000276e                _ZN10helicopter8messages11SyncMessageD1Ev
 .text._ZN10helicopter8messages11SyncMessage12buildMessageEPh
                0x0000277a       0x10 messages/SyncMessage.o
                0x0000277a                _ZN10helicopter8messages11SyncMessage12buildMessageEPh
 .text._ZN10helicopter8messages11SyncMessage8getBytesEv
                0x0000278a       0x1e messages/SyncMessage.o
                0x0000278a                _ZN10helicopter8messages11SyncMessage8getBytesEv
 .text._ZN10helicopter8messages11SyncMessageD0Ev
                0x000027a8       0x10 messages/SyncMessage.o
                0x000027a8                _ZN10helicopter8messages11SyncMessageD0Ev
 .text._ZN10helicopter8messages22SystemTelemetryMessageD2Ev
                0x000027b8        0xc messages/SystemTelemetryMessage.o
                0x000027b8                _ZN10helicopter8messages22SystemTelemetryMessageD2Ev
                0x000027b8                _ZN10helicopter8messages22SystemTelemetryMessageD1Ev
 .text._ZN10helicopter8messages22SystemTelemetryMessageD0Ev
                0x000027c4       0x10 messages/SystemTelemetryMessage.o
                0x000027c4                _ZN10helicopter8messages22SystemTelemetryMessageD0Ev
 .text._ZN10helicopter8messages22SystemTelemetryMessage8getBytesEv
                0x000027d4      0x674 messages/SystemTelemetryMessage.o
                0x000027d4                _ZN10helicopter8messages22SystemTelemetryMessage8getBytesEv
 .text._ZN10helicopter8messages22SystemTelemetryMessage12buildMessageEPh
                0x00002e48      0x69e messages/SystemTelemetryMessage.o
                0x00002e48                _ZN10helicopter8messages22SystemTelemetryMessage12buildMessageEPh
 .text._ZN10helicopter8messages22SystemTelemetryMessage14buildMessageStEPh
                0x000034e6      0x314 messages/SystemTelemetryMessage.o
                0x000034e6                _ZN10helicopter8messages22SystemTelemetryMessage14buildMessageStEPh
 .text._ZN10helicopter8messages22SystemTelemetryMessage21buildMessageFromModelEPNS_5model11SystemModelE
                0x000037fa      0x7e2 messages/SystemTelemetryMessage.o
                0x000037fa                _ZN10helicopter8messages22SystemTelemetryMessage21buildMessageFromModelEPNS_5model11SystemModelE
 .text._ZN10helicopter8messages22SystemTelemetryMessage35updateModelFromMessageFromSimulatorEPNS_5model11SystemModelE
                0x00003fdc      0x154 messages/SystemTelemetryMessage.o
                0x00003fdc                _ZN10helicopter8messages22SystemTelemetryMessage35updateModelFromMessageFromSimulatorEPNS_5model11SystemModelE
 .text._ZN10helicopter9scheduler9SchedulerC2Em9PRESCALERi
                0x00004130       0x66 scheduler/Scheduler.o
                0x00004130                _ZN10helicopter9scheduler9SchedulerC2Em9PRESCALERi
                0x00004130                _ZN10helicopter9scheduler9SchedulerC1Em9PRESCALERi
 .text._ZN10helicopter9scheduler9Scheduler12getSchedulerEv
                0x00004196       0x4c scheduler/Scheduler.o
                0x00004196                _ZN10helicopter9scheduler9Scheduler12getSchedulerEv
 .text._ZN10helicopter9scheduler9Scheduler7addTaskEPNS_5tasks4TaskE
                0x000041e2       0x34 scheduler/Scheduler.o
                0x000041e2                _ZN10helicopter9scheduler9Scheduler7addTaskEPNS_5tasks4TaskE
 .text._ZN10helicopter9scheduler9Scheduler4initEv
                0x00004216       0x7e scheduler/Scheduler.o
                0x00004216                _ZN10helicopter9scheduler9Scheduler4initEv
 .text._ZN10helicopter9scheduler9Scheduler8dispatchEv
                0x00004294       0x82 scheduler/Scheduler.o
                0x00004294                _ZN10helicopter9scheduler9Scheduler8dispatchEv
 .text._ZN10helicopter9scheduler9Scheduler5startEv
                0x00004316       0x72 scheduler/Scheduler.o
                0x00004316                _ZN10helicopter9scheduler9Scheduler5startEv
 .text.__vector_17
                0x00004388       0xa6 scheduler/Scheduler.o
                0x00004388                __vector_17
 .text._ZN10helicopter7sensors9IMUSensor4initEv
                0x0000442e       0xb4 sensors/IMUSensor.o
                0x0000442e                _ZN10helicopter7sensors9IMUSensor4initEv
 .text._ZN10helicopter5tasks4Task4initEv
                0x000044e2        0x2 tasks/PIDInnerLoopTask.o
                0x000044e2                _ZN10helicopter5tasks4Task4initEv
 .text._ZN10helicopter5tasks16PIDInnerLoopTaskD2Ev
                0x000044e4        0xc tasks/PIDInnerLoopTask.o
                0x000044e4                _ZN10helicopter5tasks16PIDInnerLoopTaskD1Ev
                0x000044e4                _ZN10helicopter5tasks16PIDInnerLoopTaskD2Ev
 .text._ZN10helicopter5tasks16PIDInnerLoopTaskD0Ev
                0x000044f0       0x10 tasks/PIDInnerLoopTask.o
                0x000044f0                _ZN10helicopter5tasks16PIDInnerLoopTaskD0Ev
 .text._ZN10helicopter5tasks16PIDInnerLoopTask11runTaskImplEv
                0x00004500       0x1c tasks/PIDInnerLoopTask.o
                0x00004500                _ZN10helicopter5tasks16PIDInnerLoopTask11runTaskImplEv
 .text._ZN10helicopter5tasks16PIDInnerLoopTaskC2EPNS_10controller13PIDControllerEii
                0x0000451c       0x2a tasks/PIDInnerLoopTask.o
                0x0000451c                _ZN10helicopter5tasks16PIDInnerLoopTaskC2EPNS_10controller13PIDControllerEii
                0x0000451c                _ZN10helicopter5tasks16PIDInnerLoopTaskC1EPNS_10controller13PIDControllerEii
 .text._ZN10helicopter5tasks16PIDOuterLoopTaskD2Ev
                0x00004546        0xc tasks/PIDOuterLoopTask.o
                0x00004546                _ZN10helicopter5tasks16PIDOuterLoopTaskD1Ev
                0x00004546                _ZN10helicopter5tasks16PIDOuterLoopTaskD2Ev
 .text._ZN10helicopter5tasks16PIDOuterLoopTaskD0Ev
                0x00004552       0x10 tasks/PIDOuterLoopTask.o
                0x00004552                _ZN10helicopter5tasks16PIDOuterLoopTaskD0Ev
 .text._ZN10helicopter5tasks16PIDOuterLoopTask11runTaskImplEv
                0x00004562       0x2c tasks/PIDOuterLoopTask.o
                0x00004562                _ZN10helicopter5tasks16PIDOuterLoopTask11runTaskImplEv
 .text._ZN10helicopter5tasks16PIDOuterLoopTaskC2EPNS_10controller13PIDControllerEii
                0x0000458e       0x2a tasks/PIDOuterLoopTask.o
                0x0000458e                _ZN10helicopter5tasks16PIDOuterLoopTaskC1EPNS_10controller13PIDControllerEii
                0x0000458e                _ZN10helicopter5tasks16PIDOuterLoopTaskC2EPNS_10controller13PIDControllerEii
 .text._ZN10helicopter5tasks20SensorProcessingTaskD2Ev
                0x000045b8        0xc tasks/SensorProcessingTask.o
                0x000045b8                _ZN10helicopter5tasks20SensorProcessingTaskD1Ev
                0x000045b8                _ZN10helicopter5tasks20SensorProcessingTaskD2Ev
 .text._ZN10helicopter5tasks20SensorProcessingTaskD0Ev
                0x000045c4       0x10 tasks/SensorProcessingTask.o
                0x000045c4                _ZN10helicopter5tasks20SensorProcessingTaskD0Ev
 .text._ZN10helicopter5tasks20SensorProcessingTask11runTaskImplEv
                0x000045d4      0x1ac tasks/SensorProcessingTask.o
                0x000045d4                _ZN10helicopter5tasks20SensorProcessingTask11runTaskImplEv
 .text._ZN10helicopter5tasks20SensorProcessingTaskC2EPNS_5model11SystemModelEii
                0x00004780       0x2a tasks/SensorProcessingTask.o
                0x00004780                _ZN10helicopter5tasks20SensorProcessingTaskC1EPNS_5model11SystemModelEii
                0x00004780                _ZN10helicopter5tasks20SensorProcessingTaskC2EPNS_5model11SystemModelEii
 .text._ZN10helicopter5tasks16SimTelemetryTaskD2Ev
                0x000047aa        0xc tasks/SimTelemetryTask.o
                0x000047aa                _ZN10helicopter5tasks16SimTelemetryTaskD1Ev
                0x000047aa                _ZN10helicopter5tasks16SimTelemetryTaskD2Ev
 .text._ZN10helicopter5tasks16SimTelemetryTaskD0Ev
                0x000047b6       0x10 tasks/SimTelemetryTask.o
                0x000047b6                _ZN10helicopter5tasks16SimTelemetryTaskD0Ev
 .text._ZN10helicopter5tasks16SimTelemetryTask11runTaskImplEv
                0x000047c6      0x3d4 tasks/SimTelemetryTask.o
                0x000047c6                _ZN10helicopter5tasks16SimTelemetryTask11runTaskImplEv
 .text._ZN10helicopter5tasks16SimTelemetryTaskC2EPNS_10interfaces29GroundControlStationInterfaceEPNS_5model11SystemModelEPNS_10controller13PIDControllerEii
                0x00004b9a       0x56 tasks/SimTelemetryTask.o
                0x00004b9a                _ZN10helicopter5tasks16SimTelemetryTaskC2EPNS_10interfaces29GroundControlStationInterfaceEPNS_5model11SystemModelEPNS_10controller13PIDControllerEii
                0x00004b9a                _ZN10helicopter5tasks16SimTelemetryTaskC1EPNS_10interfaces29GroundControlStationInterfaceEPNS_5model11SystemModelEPNS_10controller13PIDControllerEii
 .text._ZN10helicopter5tasks4Task11runTaskImplEv
                0x00004bf0        0x2 tasks/Task.o
                0x00004bf0                _ZN10helicopter5tasks4Task11runTaskImplEv
 .text._ZN10helicopter5tasks4TaskD2Ev
                0x00004bf2        0xc tasks/Task.o
                0x00004bf2                _ZN10helicopter5tasks4TaskD2Ev
                0x00004bf2                _ZN10helicopter5tasks4TaskD1Ev
 .text._ZN10helicopter5tasks4Task7runTaskEv
                0x00004bfe       0x14 tasks/Task.o
                0x00004bfe                _ZN10helicopter5tasks4Task7runTaskEv
 .text._ZN10helicopter5tasks4TaskD0Ev
                0x00004c12       0x10 tasks/Task.o
                0x00004c12                _ZN10helicopter5tasks4TaskD0Ev
 .text._ZN10helicopter5tasks4TaskC2Eii
                0x00004c22       0x16 tasks/Task.o
                0x00004c22                _ZN10helicopter5tasks4TaskC2Eii
                0x00004c22                _ZN10helicopter5tasks4TaskC1Eii
 .text._ZN10helicopter5tasks21TransmitTelemetryTaskD2Ev
                0x00004c38        0xc tasks/TransmitTelemetryTask.o
                0x00004c38                _ZN10helicopter5tasks21TransmitTelemetryTaskD1Ev
                0x00004c38                _ZN10helicopter5tasks21TransmitTelemetryTaskD2Ev
 .text._ZN10helicopter5tasks21TransmitTelemetryTaskD0Ev
                0x00004c44       0x10 tasks/TransmitTelemetryTask.o
                0x00004c44                _ZN10helicopter5tasks21TransmitTelemetryTaskD0Ev
 .text._ZN10helicopter5tasks21TransmitTelemetryTask11runTaskImplEv
                0x00004c54       0x3e tasks/TransmitTelemetryTask.o
                0x00004c54                _ZN10helicopter5tasks21TransmitTelemetryTask11runTaskImplEv
 .text._ZN10helicopter5tasks21TransmitTelemetryTaskC2EPNS_10interfaces29GroundControlStationInterfaceEPNS_5model11SystemModelEii
                0x00004c92       0x40 tasks/TransmitTelemetryTask.o
                0x00004c92                _ZN10helicopter5tasks21TransmitTelemetryTaskC2EPNS_10interfaces29GroundControlStationInterfaceEPNS_5model11SystemModelEii
                0x00004c92                _ZN10helicopter5tasks21TransmitTelemetryTaskC1EPNS_10interfaces29GroundControlStationInterfaceEPNS_5model11SystemModelEii
 .text._Znwj    0x00004cd2        0x6 util/CommonHeader.o
                0x00004cd2                _Znwj
 .text._ZdlPv   0x00004cd8        0xa util/CommonHeader.o
                0x00004cd8                _ZdlPv
 .text._Znaj    0x00004ce2        0x6 util/CommonHeader.o
                0x00004ce2                _Znaj
 .text._ZdaPv   0x00004ce8        0xa util/CommonHeader.o
                0x00004ce8                _ZdaPv
 .text._ZN10helicopter4util14CoordinateUtil12DegreesToRadEf
                0x00004cf2        0xe util/CoordinateUtil.o
                0x00004cf2                _ZN10helicopter4util14CoordinateUtil12DegreesToRadEf
 .text._ZN10helicopter4util14CoordinateUtil37CalculateECEFToLocalNEDRotationMatrixEffPA3_f
                0x00004d00      0x15a util/CoordinateUtil.o
                0x00004d00                _ZN10helicopter4util14CoordinateUtil37CalculateECEFToLocalNEDRotationMatrixEffPA3_f
 .text._ZN10helicopter4util14CoordinateUtil11calculateNeEff
                0x00004e5a       0x7e util/CoordinateUtil.o
                0x00004e5a                _ZN10helicopter4util14CoordinateUtil11calculateNeEff
 .text._ZN10helicopter4util14CoordinateUtil25ConvertFromGeodeticToECEFEfffRfS2_S2_
                0x00004ed8      0x15a util/CoordinateUtil.o
                0x00004ed8                _ZN10helicopter4util14CoordinateUtil25ConvertFromGeodeticToECEFEfffRfS2_S2_
 .text._ZN10helicopter4util14CoordinateUtil25ConvertFromECEFToLocalNEDEffffffPA3_fRfS4_S4_
                0x00005032      0x106 util/CoordinateUtil.o
                0x00005032                _ZN10helicopter4util14CoordinateUtil25ConvertFromECEFToLocalNEDEffffffPA3_fRfS4_S4_
 .text._ZN10helicopter4util14CoordinateUtil29ConvertFromGeodedicToLocalNEDEffffffPA3_fRfS4_S4_
                0x00005138      0x12e util/CoordinateUtil.o
                0x00005138                _ZN10helicopter4util14CoordinateUtil29ConvertFromGeodedicToLocalNEDEffffffPA3_fRfS4_S4_
 .text._ZN10helicopter4util10MatrixUtil20CreateRotationMatrixEfffPA3_f
                0x00005266      0x296 util/MatrixUtil.o
                0x00005266                _ZN10helicopter4util10MatrixUtil20CreateRotationMatrixEfffPA3_f
 .text._ZN10helicopter4util10MatrixUtil12RotateMatrixEPA3_fPfS4_
                0x000054fc       0xca util/MatrixUtil.o
                0x000054fc                _ZN10helicopter4util10MatrixUtil12RotateMatrixEPA3_fPfS4_
 .text._ZN10helicopter4util5Timer11hasTimedoutEv
                0x000055c6        0x8 util/Timer.o
                0x000055c6                _ZN10helicopter4util5Timer11hasTimedoutEv
 .text._ZN10helicopter4util5Timer9stopTimerEv
                0x000055ce       0x10 util/Timer.o
                0x000055ce                _ZN10helicopter4util5Timer9stopTimerEv
 .text._ZN10helicopter4util5Timer10startTimerEv
                0x000055de       0xf2 util/Timer.o
                0x000055de                _ZN10helicopter4util5Timer10startTimerEv
 .text.avr-libc.fplib
                0x000056d0        0xa c:/program files (x86)/atmel/atmel toolchain/avr8 gcc/native/3.4.2.1002/avr8-gnu-toolchain/bin/../lib/gcc/avr/4.7.2/../../../../avr/lib/avr6\libm.a(addsf3.o)
                0x000056d0                __subsf3
                0x000056d2                __addsf3
 .text.avr-libc.fplib
                0x000056da       0xc0 c:/program files (x86)/atmel/atmel toolchain/avr8 gcc/native/3.4.2.1002/avr8-gnu-toolchain/bin/../lib/gcc/avr/4.7.2/../../../../avr/lib/avr6\libm.a(addsf3x.o)
                0x000056f4                __addsf3x
 .text.avr-libc.fplib
                0x0000579a        0x8 c:/program files (x86)/atmel/atmel toolchain/avr8 gcc/native/3.4.2.1002/avr8-gnu-toolchain/bin/../lib/gcc/avr/4.7.2/../../../../avr/lib/avr6\libm.a(cmpsf2.o)
                0x0000579a                __nesf2
                0x0000579a                __eqsf2
                0x0000579a                __cmpsf2
                0x0000579a                __ltsf2
                0x0000579a                __lesf2
 .text.avr-libc.fplib
                0x000057a2        0x6 c:/program files (x86)/atmel/atmel toolchain/avr8 gcc/native/3.4.2.1002/avr8-gnu-toolchain/bin/../lib/gcc/avr/4.7.2/../../../../avr/lib/avr6\libm.a(cos.o)
                0x000057a2                cos
 .text.avr-libc.fplib
                0x000057a8        0x4 c:/program files (x86)/atmel/atmel toolchain/avr8 gcc/native/3.4.2.1002/avr8-gnu-toolchain/bin/../lib/gcc/avr/4.7.2/../../../../avr/lib/avr6\libm.a(divsf3.o)
                0x000057a8                __divsf3
 .text.avr-libc.fplib
                0x000057ac       0xcc c:/program files (x86)/atmel/atmel toolchain/avr8 gcc/native/3.4.2.1002/avr8-gnu-toolchain/bin/../lib/gcc/avr/4.7.2/../../../../avr/lib/avr6\libm.a(divsf3x.o)
                0x000057c2                __divsf3x
                0x000057c6                __divsf3_pse
 .text.avr-libc.fplib
                0x00005878        0xa c:/program files (x86)/atmel/atmel toolchain/avr8 gcc/native/3.4.2.1002/avr8-gnu-toolchain/bin/../lib/gcc/avr/4.7.2/../../../../avr/lib/avr6\libm.a(fixsfsi.o)
                0x00005878                __fixsfsi
 .text.avr-libc.fplib
                0x00005882       0x58 c:/program files (x86)/atmel/atmel toolchain/avr8 gcc/native/3.4.2.1002/avr8-gnu-toolchain/bin/../lib/gcc/avr/4.7.2/../../../../avr/lib/avr6\libm.a(fixunssfsi.o)
                0x00005882                __fixunssfsi
 .text.avr-libc.fplib
                0x000058da       0x7a c:/program files (x86)/atmel/atmel toolchain/avr8 gcc/native/3.4.2.1002/avr8-gnu-toolchain/bin/../lib/gcc/avr/4.7.2/../../../../avr/lib/avr6\libm.a(floatsisf.o)
                0x000058da                __floatunsisf
                0x000058de                __floatsisf
 .text.avr-libc.fplib
                0x00005954       0x26 c:/program files (x86)/atmel/atmel toolchain/avr8 gcc/native/3.4.2.1002/avr8-gnu-toolchain/bin/../lib/gcc/avr/4.7.2/../../../../avr/lib/avr6\libm.a(floor.o)
                0x00005954                floor
 .text.avr-libc.fplib
                0x0000597a       0x48 c:/program files (x86)/atmel/atmel toolchain/avr8 gcc/native/3.4.2.1002/avr8-gnu-toolchain/bin/../lib/gcc/avr/4.7.2/../../../../avr/lib/avr6\libm.a(fp_cmp.o)
                0x0000597a                __fp_cmp
 .text.avr-libc.fplib
                0x000059c2        0xc c:/program files (x86)/atmel/atmel toolchain/avr8 gcc/native/3.4.2.1002/avr8-gnu-toolchain/bin/../lib/gcc/avr/4.7.2/../../../../avr/lib/avr6\libm.a(fp_inf.o)
                0x000059c2                __fp_inf
 .text.avr-libc.fplib
                0x000059ce       0x36 c:/program files (x86)/atmel/atmel toolchain/avr8 gcc/native/3.4.2.1002/avr8-gnu-toolchain/bin/../lib/gcc/avr/4.7.2/../../../../avr/lib/avr6\libm.a(fp_mintl.o)
                0x000059ce                __fp_mintl
 .text.avr-libc.fplib
                0x00005a04       0x1c c:/program files (x86)/atmel/atmel toolchain/avr8 gcc/native/3.4.2.1002/avr8-gnu-toolchain/bin/../lib/gcc/avr/4.7.2/../../../../avr/lib/avr6\libm.a(fp_mpack.o)
                0x00005a04                __fp_mpack
                0x00005a08                __fp_mpack_finite
 .text.avr-libc.fplib
                0x00005a20        0x6 c:/program files (x86)/atmel/atmel toolchain/avr8 gcc/native/3.4.2.1002/avr8-gnu-toolchain/bin/../lib/gcc/avr/4.7.2/../../../../avr/lib/avr6\libm.a(fp_nan.o)
                0x00005a20                __fp_nan
 .text.avr-libc.fplib
                0x00005a26        0xe c:/program files (x86)/atmel/atmel toolchain/avr8 gcc/native/3.4.2.1002/avr8-gnu-toolchain/bin/../lib/gcc/avr/4.7.2/../../../../avr/lib/avr6\libm.a(fp_pscA.o)
                0x00005a26                __fp_pscA
 .text.avr-libc.fplib
                0x00005a34        0xe c:/program files (x86)/atmel/atmel toolchain/avr8 gcc/native/3.4.2.1002/avr8-gnu-toolchain/bin/../lib/gcc/avr/4.7.2/../../../../avr/lib/avr6\libm.a(fp_pscB.o)
                0x00005a34                __fp_pscB
 .text.avr-libc.fplib
                0x00005a42       0x50 c:/program files (x86)/atmel/atmel toolchain/avr8 gcc/native/3.4.2.1002/avr8-gnu-toolchain/bin/../lib/gcc/avr/4.7.2/../../../../avr/lib/avr6\libm.a(fp_rempio2.o)
                0x00005a44                __fp_rempio2
 .text.avr-libc.fplib
                0x00005a92       0x22 c:/program files (x86)/atmel/atmel toolchain/avr8 gcc/native/3.4.2.1002/avr8-gnu-toolchain/bin/../lib/gcc/avr/4.7.2/../../../../avr/lib/avr6\libm.a(fp_round.o)
                0x00005a92                __fp_round
 .text.avr-libc.fplib
                0x00005ab4       0x22 c:/program files (x86)/atmel/atmel toolchain/avr8 gcc/native/3.4.2.1002/avr8-gnu-toolchain/bin/../lib/gcc/avr/4.7.2/../../../../avr/lib/avr6\libm.a(fp_sinus.o)
                0x00005ab4                __fp_sinus
 .text.avr-libc.fplib
                0x00005ad6       0x44 c:/program files (x86)/atmel/atmel toolchain/avr8 gcc/native/3.4.2.1002/avr8-gnu-toolchain/bin/../lib/gcc/avr/4.7.2/../../../../avr/lib/avr6\libm.a(fp_split3.o)
                0x00005ad6                __fp_split3
                0x00005ae6                __fp_splitA
 .text.avr-libc.fplib
                0x00005b1a       0x2e c:/program files (x86)/atmel/atmel toolchain/avr8 gcc/native/3.4.2.1002/avr8-gnu-toolchain/bin/../lib/gcc/avr/4.7.2/../../../../avr/lib/avr6\libm.a(fp_trunc.o)
                0x00005b1a                __fp_trunc
 .text.avr-libc.fplib
                0x00005b48        0xe c:/program files (x86)/atmel/atmel toolchain/avr8 gcc/native/3.4.2.1002/avr8-gnu-toolchain/bin/../lib/gcc/avr/4.7.2/../../../../avr/lib/avr6\libm.a(fp_zero.o)
                0x00005b48                __fp_zero
                0x00005b4a                __fp_szero
 .text.avr-libc.fplib
                0x00005b56        0x8 c:/program files (x86)/atmel/atmel toolchain/avr8 gcc/native/3.4.2.1002/avr8-gnu-toolchain/bin/../lib/gcc/avr/4.7.2/../../../../avr/lib/avr6\libm.a(gesf2.o)
                0x00005b56                __gesf2
                0x00005b56                __gtsf2
 .text.avr-libc.fplib
                0x00005b5e        0x4 c:/program files (x86)/atmel/atmel toolchain/avr8 gcc/native/3.4.2.1002/avr8-gnu-toolchain/bin/../lib/gcc/avr/4.7.2/../../../../avr/lib/avr6\libm.a(mulsf3.o)
                0x00005b5e                __mulsf3
 .text.avr-libc.fplib
                0x00005b62       0xc2 c:/program files (x86)/atmel/atmel toolchain/avr8 gcc/native/3.4.2.1002/avr8-gnu-toolchain/bin/../lib/gcc/avr/4.7.2/../../../../avr/lib/avr6\libm.a(mulsf3x.o)
                0x00005b76                __mulsf3x
                0x00005b7a                __mulsf3_pse
 .text.avr-libc.fplib
                0x00005c24        0xc c:/program files (x86)/atmel/atmel toolchain/avr8 gcc/native/3.4.2.1002/avr8-gnu-toolchain/bin/../lib/gcc/avr/4.7.2/../../../../avr/lib/avr6\libm.a(sin.o)
                0x00005c24                sin
 .text.avr-libc.fplib
                0x00005c30       0x84 c:/program files (x86)/atmel/atmel toolchain/avr8 gcc/native/3.4.2.1002/avr8-gnu-toolchain/bin/../lib/gcc/avr/4.7.2/../../../../avr/lib/avr6\libm.a(sqrt.o)
                0x00005c38                sqrt
 .text.avr-libc.fplib
                0x00005cb4        0xe c:/program files (x86)/atmel/atmel toolchain/avr8 gcc/native/3.4.2.1002/avr8-gnu-toolchain/bin/../lib/gcc/avr/4.7.2/../../../../avr/lib/avr6\libm.a(fp_norm2.o)
                0x00005cb4                __fp_norm2
 .text.avr-libc.fplib
                0x00005cc2       0x22 c:/program files (x86)/atmel/atmel toolchain/avr8 gcc/native/3.4.2.1002/avr8-gnu-toolchain/bin/../lib/gcc/avr/4.7.2/../../../../avr/lib/avr6\libm.a(fp_powsodd.o)
                0x00005cc2                __fp_powsodd
 .text.avr-libc.fplib
                0x00005ce4       0x4a c:/program files (x86)/atmel/atmel toolchain/avr8 gcc/native/3.4.2.1002/avr8-gnu-toolchain/bin/../lib/gcc/avr/4.7.2/../../../../avr/lib/avr6\libm.a(fp_powser.o)
                0x00005ce4                __fp_powser
 .text.libgcc.div
                0x00005d2e       0x28 c:/program files (x86)/atmel/atmel toolchain/avr8 gcc/native/3.4.2.1002/avr8-gnu-toolchain/bin/../lib/gcc/avr/4.7.2/avr6\libgcc.a(_divmodhi4.o)
                0x00005d2e                _div
                0x00005d2e                __divmodhi4
 .text.libgcc.div
                0x00005d56       0x44 c:/program files (x86)/atmel/atmel toolchain/avr8 gcc/native/3.4.2.1002/avr8-gnu-toolchain/bin/../lib/gcc/avr/4.7.2/avr6\libgcc.a(_udivmodsi4.o)
                0x00005d56                __udivmodsi4
 .text.libgcc.div
                0x00005d9a       0x28 c:/program files (x86)/atmel/atmel toolchain/avr8 gcc/native/3.4.2.1002/avr8-gnu-toolchain/bin/../lib/gcc/avr/4.7.2/avr6\libgcc.a(_udivmodhi4.o)
                0x00005d9a                __udivmodhi4
 .text.avr-libc
                0x00005dc2      0x274 c:/program files (x86)/atmel/atmel toolchain/avr8 gcc/native/3.4.2.1002/avr8-gnu-toolchain/bin/../lib/gcc/avr/4.7.2/../../../../avr/lib/avr6\libc.a(malloc.o)
                0x00005dc2                malloc
                0x00005ef8                free
 .text.avr-libc
                0x00006036       0x12 c:/program files (x86)/atmel/atmel toolchain/avr8 gcc/native/3.4.2.1002/avr8-gnu-toolchain/bin/../lib/gcc/avr/4.7.2/../../../../avr/lib/avr6\libc.a(memcpy.o)
                0x00006036                memcpy
                0x00006048                . = ALIGN (0x2)
 *(.fini9)
 .fini9         0x00006048        0x0 c:/program files (x86)/atmel/atmel toolchain/avr8 gcc/native/3.4.2.1002/avr8-gnu-toolchain/bin/../lib/gcc/avr/4.7.2/avr6\libgcc.a(_exit.o)
                0x00006048                _exit
                0x00006048                exit
 *(.fini9)
 *(.fini8)
 *(.fini8)
 *(.fini7)
 *(.fini7)
 *(.fini6)
 *(.fini6)
 *(.fini5)
 *(.fini5)
 *(.fini4)
 *(.fini4)
 *(.fini3)
 *(.fini3)
 *(.fini2)
 *(.fini2)
 *(.fini1)
 *(.fini1)
 *(.fini0)
 .fini0         0x00006048        0x4 c:/program files (x86)/atmel/atmel toolchain/avr8 gcc/native/3.4.2.1002/avr8-gnu-toolchain/bin/../lib/gcc/avr/4.7.2/avr6\libgcc.a(_exit.o)
 *(.fini0)
                0x0000604c                _etext = .

.data           0x00800200       0xa2 load address 0x0000604c
                0x00800200                PROVIDE (__data_start, .)
 *(.data)
 .data          0x00800200        0x0 c:/program files (x86)/atmel/atmel toolchain/avr8 gcc/native/3.4.2.1002/avr8-gnu-toolchain/bin/../lib/gcc/avr/4.7.2/../../../../avr/lib/avr6/crtm2560.o
 .data          0x00800200        0x0 buffer/Buffer.o
 .data          0x00800200        0x0 buffer/Record.o
 .data          0x00800200        0x0 controller/PIDController.o
 .data          0x00800200        0x0 drivers/MagnetometerDriver.o
 .data          0x00800200        0x0 drivers/SerialDriver.o
 .data          0x00800200        0x0 drivers/SPIDriver.o
 .data          0x00800200        0x0 drivers/TWIDriver.o
 .data          0x00800200        0x0 HelicopterMain.o
 .data          0x00800200        0x0 interfaces/GroundControlStationInterface.o
 .data          0x00800200        0x0 interfaces/RadioControllerInterface.o
 .data          0x00800200        0x0 messages/Message.o
 .data          0x00800200        0x0 messages/SyncMessage.o
 .data          0x00800200        0x0 messages/SystemTelemetryMessage.o
 .data          0x00800200        0x0 model/SystemModel.o
 .data          0x00800200        0x0 scheduler/Scheduler.o
 .data          0x00800200        0x0 sensors/BarometerSensor.o
 .data          0x00800200        0x0 sensors/GPSSensor.o
 .data          0x00800200        0x0 sensors/IMUSensor.o
 .data          0x00800200        0x0 sensors/MagnetometerSensor.o
 .data          0x00800200        0x0 tasks/PIDInnerLoopTask.o
 .data          0x00800200        0x0 tasks/PIDOuterLoopTask.o
 .data          0x00800200        0x0 tasks/ReadIMUSensorTask.o
 .data          0x00800200        0x0 tasks/SensorProcessingTask.o
 .data          0x00800200        0x0 tasks/SimTelemetryTask.o
 .data          0x00800200        0x0 tasks/Task.o
 .data          0x00800200        0x0 tasks/TransmitTelemetryTask.o
 .data          0x00800200        0x0 util/CommonHeader.o
 .data          0x00800200        0x0 util/CoordinateUtil.o
 .data          0x00800200        0x0 util/MatrixUtil.o
 .data          0x00800200        0x0 util/Timer.o
 .data          0x00800200        0x0 c:/program files (x86)/atmel/atmel toolchain/avr8 gcc/native/3.4.2.1002/avr8-gnu-toolchain/bin/../lib/gcc/avr/4.7.2/../../../../avr/lib/avr6\libm.a(addsf3.o)
 .data          0x00800200        0x0 c:/program files (x86)/atmel/atmel toolchain/avr8 gcc/native/3.4.2.1002/avr8-gnu-toolchain/bin/../lib/gcc/avr/4.7.2/../../../../avr/lib/avr6\libm.a(addsf3x.o)
 .data          0x00800200        0x0 c:/program files (x86)/atmel/atmel toolchain/avr8 gcc/native/3.4.2.1002/avr8-gnu-toolchain/bin/../lib/gcc/avr/4.7.2/../../../../avr/lib/avr6\libm.a(cmpsf2.o)
 .data          0x00800200        0x0 c:/program files (x86)/atmel/atmel toolchain/avr8 gcc/native/3.4.2.1002/avr8-gnu-toolchain/bin/../lib/gcc/avr/4.7.2/../../../../avr/lib/avr6\libm.a(cos.o)
 .data          0x00800200        0x0 c:/program files (x86)/atmel/atmel toolchain/avr8 gcc/native/3.4.2.1002/avr8-gnu-toolchain/bin/../lib/gcc/avr/4.7.2/../../../../avr/lib/avr6\libm.a(divsf3.o)
 .data          0x00800200        0x0 c:/program files (x86)/atmel/atmel toolchain/avr8 gcc/native/3.4.2.1002/avr8-gnu-toolchain/bin/../lib/gcc/avr/4.7.2/../../../../avr/lib/avr6\libm.a(divsf3x.o)
 .data          0x00800200        0x0 c:/program files (x86)/atmel/atmel toolchain/avr8 gcc/native/3.4.2.1002/avr8-gnu-toolchain/bin/../lib/gcc/avr/4.7.2/../../../../avr/lib/avr6\libm.a(fixsfsi.o)
 .data          0x00800200        0x0 c:/program files (x86)/atmel/atmel toolchain/avr8 gcc/native/3.4.2.1002/avr8-gnu-toolchain/bin/../lib/gcc/avr/4.7.2/../../../../avr/lib/avr6\libm.a(fixunssfsi.o)
 .data          0x00800200        0x0 c:/program files (x86)/atmel/atmel toolchain/avr8 gcc/native/3.4.2.1002/avr8-gnu-toolchain/bin/../lib/gcc/avr/4.7.2/../../../../avr/lib/avr6\libm.a(floatsisf.o)
 .data          0x00800200        0x0 c:/program files (x86)/atmel/atmel toolchain/avr8 gcc/native/3.4.2.1002/avr8-gnu-toolchain/bin/../lib/gcc/avr/4.7.2/../../../../avr/lib/avr6\libm.a(floor.o)
 .data          0x00800200        0x0 c:/program files (x86)/atmel/atmel toolchain/avr8 gcc/native/3.4.2.1002/avr8-gnu-toolchain/bin/../lib/gcc/avr/4.7.2/../../../../avr/lib/avr6\libm.a(fp_cmp.o)
 .data          0x00800200        0x0 c:/program files (x86)/atmel/atmel toolchain/avr8 gcc/native/3.4.2.1002/avr8-gnu-toolchain/bin/../lib/gcc/avr/4.7.2/../../../../avr/lib/avr6\libm.a(fp_inf.o)
 .data          0x00800200        0x0 c:/program files (x86)/atmel/atmel toolchain/avr8 gcc/native/3.4.2.1002/avr8-gnu-toolchain/bin/../lib/gcc/avr/4.7.2/../../../../avr/lib/avr6\libm.a(fp_mintl.o)
 .data          0x00800200        0x0 c:/program files (x86)/atmel/atmel toolchain/avr8 gcc/native/3.4.2.1002/avr8-gnu-toolchain/bin/../lib/gcc/avr/4.7.2/../../../../avr/lib/avr6\libm.a(fp_mpack.o)
 .data          0x00800200        0x0 c:/program files (x86)/atmel/atmel toolchain/avr8 gcc/native/3.4.2.1002/avr8-gnu-toolchain/bin/../lib/gcc/avr/4.7.2/../../../../avr/lib/avr6\libm.a(fp_nan.o)
 .data          0x00800200        0x0 c:/program files (x86)/atmel/atmel toolchain/avr8 gcc/native/3.4.2.1002/avr8-gnu-toolchain/bin/../lib/gcc/avr/4.7.2/../../../../avr/lib/avr6\libm.a(fp_pscA.o)
 .data          0x00800200        0x0 c:/program files (x86)/atmel/atmel toolchain/avr8 gcc/native/3.4.2.1002/avr8-gnu-toolchain/bin/../lib/gcc/avr/4.7.2/../../../../avr/lib/avr6\libm.a(fp_pscB.o)
 .data          0x00800200        0x0 c:/program files (x86)/atmel/atmel toolchain/avr8 gcc/native/3.4.2.1002/avr8-gnu-toolchain/bin/../lib/gcc/avr/4.7.2/../../../../avr/lib/avr6\libm.a(fp_rempio2.o)
 .data          0x00800200        0x0 c:/program files (x86)/atmel/atmel toolchain/avr8 gcc/native/3.4.2.1002/avr8-gnu-toolchain/bin/../lib/gcc/avr/4.7.2/../../../../avr/lib/avr6\libm.a(fp_round.o)
 .data          0x00800200        0x0 c:/program files (x86)/atmel/atmel toolchain/avr8 gcc/native/3.4.2.1002/avr8-gnu-toolchain/bin/../lib/gcc/avr/4.7.2/../../../../avr/lib/avr6\libm.a(fp_sinus.o)
 .data          0x00800200        0x0 c:/program files (x86)/atmel/atmel toolchain/avr8 gcc/native/3.4.2.1002/avr8-gnu-toolchain/bin/../lib/gcc/avr/4.7.2/../../../../avr/lib/avr6\libm.a(fp_split3.o)
 .data          0x00800200        0x0 c:/program files (x86)/atmel/atmel toolchain/avr8 gcc/native/3.4.2.1002/avr8-gnu-toolchain/bin/../lib/gcc/avr/4.7.2/../../../../avr/lib/avr6\libm.a(fp_trunc.o)
 .data          0x00800200        0x0 c:/program files (x86)/atmel/atmel toolchain/avr8 gcc/native/3.4.2.1002/avr8-gnu-toolchain/bin/../lib/gcc/avr/4.7.2/../../../../avr/lib/avr6\libm.a(fp_zero.o)
 .data          0x00800200        0x0 c:/program files (x86)/atmel/atmel toolchain/avr8 gcc/native/3.4.2.1002/avr8-gnu-toolchain/bin/../lib/gcc/avr/4.7.2/../../../../avr/lib/avr6\libm.a(gesf2.o)
 .data          0x00800200        0x0 c:/program files (x86)/atmel/atmel toolchain/avr8 gcc/native/3.4.2.1002/avr8-gnu-toolchain/bin/../lib/gcc/avr/4.7.2/../../../../avr/lib/avr6\libm.a(mulsf3.o)
 .data          0x00800200        0x0 c:/program files (x86)/atmel/atmel toolchain/avr8 gcc/native/3.4.2.1002/avr8-gnu-toolchain/bin/../lib/gcc/avr/4.7.2/../../../../avr/lib/avr6\libm.a(mulsf3x.o)
 .data          0x00800200        0x0 c:/program files (x86)/atmel/atmel toolchain/avr8 gcc/native/3.4.2.1002/avr8-gnu-toolchain/bin/../lib/gcc/avr/4.7.2/../../../../avr/lib/avr6\libm.a(sin.o)
 .data          0x00800200        0x0 c:/program files (x86)/atmel/atmel toolchain/avr8 gcc/native/3.4.2.1002/avr8-gnu-toolchain/bin/../lib/gcc/avr/4.7.2/../../../../avr/lib/avr6\libm.a(sqrt.o)
 .data          0x00800200        0x0 c:/program files (x86)/atmel/atmel toolchain/avr8 gcc/native/3.4.2.1002/avr8-gnu-toolchain/bin/../lib/gcc/avr/4.7.2/../../../../avr/lib/avr6\libm.a(fp_norm2.o)
 .data          0x00800200        0x0 c:/program files (x86)/atmel/atmel toolchain/avr8 gcc/native/3.4.2.1002/avr8-gnu-toolchain/bin/../lib/gcc/avr/4.7.2/../../../../avr/lib/avr6\libm.a(fp_powsodd.o)
 .data          0x00800200        0x0 c:/program files (x86)/atmel/atmel toolchain/avr8 gcc/native/3.4.2.1002/avr8-gnu-toolchain/bin/../lib/gcc/avr/4.7.2/../../../../avr/lib/avr6\libm.a(fp_powser.o)
 .data          0x00800200        0x0 c:/program files (x86)/atmel/atmel toolchain/avr8 gcc/native/3.4.2.1002/avr8-gnu-toolchain/bin/../lib/gcc/avr/4.7.2/avr6\libgcc.a(_divmodhi4.o)
 .data          0x00800200        0x0 c:/program files (x86)/atmel/atmel toolchain/avr8 gcc/native/3.4.2.1002/avr8-gnu-toolchain/bin/../lib/gcc/avr/4.7.2/avr6\libgcc.a(_udivmodsi4.o)
 .data          0x00800200        0x0 c:/program files (x86)/atmel/atmel toolchain/avr8 gcc/native/3.4.2.1002/avr8-gnu-toolchain/bin/../lib/gcc/avr/4.7.2/avr6\libgcc.a(_exit.o)
 .data          0x00800200        0x0 c:/program files (x86)/atmel/atmel toolchain/avr8 gcc/native/3.4.2.1002/avr8-gnu-toolchain/bin/../lib/gcc/avr/4.7.2/avr6\libgcc.a(_copy_data.o)
 .data          0x00800200        0x0 c:/program files (x86)/atmel/atmel toolchain/avr8 gcc/native/3.4.2.1002/avr8-gnu-toolchain/bin/../lib/gcc/avr/4.7.2/avr6\libgcc.a(_clear_bss.o)
 .data          0x00800200        0x0 c:/program files (x86)/atmel/atmel toolchain/avr8 gcc/native/3.4.2.1002/avr8-gnu-toolchain/bin/../lib/gcc/avr/4.7.2/avr6\libgcc.a(_muldi3.o)
 .data          0x00800200        0x0 c:/program files (x86)/atmel/atmel toolchain/avr8 gcc/native/3.4.2.1002/avr8-gnu-toolchain/bin/../lib/gcc/avr/4.7.2/avr6\libgcc.a(_ashldi3.o)
 .data          0x00800200        0x0 c:/program files (x86)/atmel/atmel toolchain/avr8 gcc/native/3.4.2.1002/avr8-gnu-toolchain/bin/../lib/gcc/avr/4.7.2/avr6\libgcc.a(_ashrdi3.o)
 .data          0x00800200        0x0 c:/program files (x86)/atmel/atmel toolchain/avr8 gcc/native/3.4.2.1002/avr8-gnu-toolchain/bin/../lib/gcc/avr/4.7.2/avr6\libgcc.a(_adddi3.o)
 .data          0x00800200        0x0 c:/program files (x86)/atmel/atmel toolchain/avr8 gcc/native/3.4.2.1002/avr8-gnu-toolchain/bin/../lib/gcc/avr/4.7.2/avr6\libgcc.a(_subdi3.o)
 .data          0x00800200        0x0 c:/program files (x86)/atmel/atmel toolchain/avr8 gcc/native/3.4.2.1002/avr8-gnu-toolchain/bin/../lib/gcc/avr/4.7.2/avr6\libgcc.a(_udivmodhi4.o)
 .data          0x00800200        0x0 c:/program files (x86)/atmel/atmel toolchain/avr8 gcc/native/3.4.2.1002/avr8-gnu-toolchain/bin/../lib/gcc/avr/4.7.2/avr6\libgcc.a(_umulhisi3.o)
 .data          0x00800200        0x6 c:/program files (x86)/atmel/atmel toolchain/avr8 gcc/native/3.4.2.1002/avr8-gnu-toolchain/bin/../lib/gcc/avr/4.7.2/../../../../avr/lib/avr6\libc.a(malloc.o)
                0x00800200                __malloc_heap_end
                0x00800202                __malloc_heap_start
                0x00800204                __malloc_margin
 .data          0x00800206        0x0 c:/program files (x86)/atmel/atmel toolchain/avr8 gcc/native/3.4.2.1002/avr8-gnu-toolchain/bin/../lib/gcc/avr/4.7.2/../../../../avr/lib/avr6\libc.a(atof.o)
 .data          0x00800206        0x0 c:/program files (x86)/atmel/atmel toolchain/avr8 gcc/native/3.4.2.1002/avr8-gnu-toolchain/bin/../lib/gcc/avr/4.7.2/../../../../avr/lib/avr6\libc.a(memcpy.o)
 .data          0x00800206        0x0 c:/program files (x86)/atmel/atmel toolchain/avr8 gcc/native/3.4.2.1002/avr8-gnu-toolchain/bin/../lib/gcc/avr/4.7.2/../../../../avr/lib/avr6\libc.a(strtod.o)
 .data          0x00800206        0x0 c:/program files (x86)/atmel/atmel toolchain/avr8 gcc/native/3.4.2.1002/avr8-gnu-toolchain/bin/../lib/gcc/avr/4.7.2/../../../../avr/lib/avr6\libc.a(isspace.o)
 .data          0x00800206        0x0 c:/program files (x86)/atmel/atmel toolchain/avr8 gcc/native/3.4.2.1002/avr8-gnu-toolchain/bin/../lib/gcc/avr/4.7.2/../../../../avr/lib/avr6\libc.a(strncasecmp_P.o)
 .data          0x00800206        0x0 c:/program files (x86)/atmel/atmel toolchain/avr8 gcc/native/3.4.2.1002/avr8-gnu-toolchain/bin/../lib/gcc/avr/4.7.2/../../../../avr/lib/avr6\libc.a(errno.o)
 .data          0x00800206        0x0 c:/program files (x86)/atmel/atmel toolchain/avr8 gcc/native/3.4.2.1002/avr8-gnu-toolchain/bin/../lib/gcc/avr/4.7.2/../../../../avr/lib/avr6\libc.a(cty_isfalse.o)
 .data          0x00800206        0x0 c:/program files (x86)/atmel/atmel toolchain/avr8 gcc/native/3.4.2.1002/avr8-gnu-toolchain/bin/../lib/gcc/avr/4.7.2/avr6\libgcc.a(_muluhisi3.o)
 *(.data*)
 *(.rodata)
 *(.rodata*)
 .rodata._ZTVN10helicopter7drivers12SerialDriverE
                0x00800206       0x16 drivers/SerialDriver.o
                0x00800206                _ZTVN10helicopter7drivers12SerialDriverE
 .rodata._ZTVN10helicopter5tasks12FlashLEDTaskE
                0x0080021c        0xe HelicopterMain.o
                0x0080021c                _ZTVN10helicopter5tasks12FlashLEDTaskE
 .rodata._ZTVN10helicopter8messages7MessageE
                0x0080022a        0xc messages/Message.o
                0x0080022a                _ZTVN10helicopter8messages7MessageE
 .rodata._ZTVN10helicopter8messages11SyncMessageE
                0x00800236        0xc messages/SyncMessage.o
                0x00800236                _ZTVN10helicopter8messages11SyncMessageE
 .rodata._ZTVN10helicopter8messages22SystemTelemetryMessageE
                0x00800242        0xc messages/SystemTelemetryMessage.o
                0x00800242                _ZTVN10helicopter8messages22SystemTelemetryMessageE
 .rodata._ZTVN10helicopter5tasks16PIDInnerLoopTaskE
                0x0080024e        0xe tasks/PIDInnerLoopTask.o
                0x0080024e                _ZTVN10helicopter5tasks16PIDInnerLoopTaskE
 .rodata._ZTVN10helicopter5tasks16PIDOuterLoopTaskE
                0x0080025c        0xe tasks/PIDOuterLoopTask.o
                0x0080025c                _ZTVN10helicopter5tasks16PIDOuterLoopTaskE
 .rodata._ZTVN10helicopter5tasks20SensorProcessingTaskE
                0x0080026a        0xe tasks/SensorProcessingTask.o
                0x0080026a                _ZTVN10helicopter5tasks20SensorProcessingTaskE
 .rodata._ZTVN10helicopter5tasks16SimTelemetryTaskE
                0x00800278        0xe tasks/SimTelemetryTask.o
                0x00800278                _ZTVN10helicopter5tasks16SimTelemetryTaskE
 .rodata._ZTVN10helicopter5tasks4TaskE
                0x00800286        0xe tasks/Task.o
                0x00800286                _ZTVN10helicopter5tasks4TaskE
 .rodata._ZTVN10helicopter5tasks21TransmitTelemetryTaskE
                0x00800294        0xe tasks/TransmitTelemetryTask.o
                0x00800294                _ZTVN10helicopter5tasks21TransmitTelemetryTaskE
 *(.gnu.linkonce.d*)
                0x008002a2                . = ALIGN (0x2)
                0x008002a2                _edata = .
                0x008002a2                PROVIDE (__data_end, .)

.bss            0x008002a2        0x8
                0x008002a2                PROVIDE (__bss_start, .)
 *(.bss)
 *(.bss*)
 .bss._ZN10helicopter10interfaces24RadioControllerInterface24radioControllerInterfaceE
                0x008002a2        0x2 interfaces/RadioControllerInterface.o
                0x008002a2                _ZN10helicopter10interfaces24RadioControllerInterface24radioControllerInterfaceE
 .bss._ZN10helicopter9scheduler9Scheduler9schedulerE
                0x008002a4        0x2 scheduler/Scheduler.o
                0x008002a4                _ZN10helicopter9scheduler9Scheduler9schedulerE
 *(COMMON)
 COMMON         0x008002a6        0x4 c:/program files (x86)/atmel/atmel toolchain/avr8 gcc/native/3.4.2.1002/avr8-gnu-toolchain/bin/../lib/gcc/avr/4.7.2/../../../../avr/lib/avr6\libc.a(malloc.o)
                0x008002a6                __brkval
                0x008002a8                __flp
                0x008002aa                PROVIDE (__bss_end, .)
                0x0000604c                __data_load_start = LOADADDR (.data)
                0x000060ee                __data_load_end = (__data_load_start + SIZEOF (.data))

.noinit         0x008002aa        0x0
                0x008002aa                PROVIDE (__noinit_start, .)
 *(.noinit*)
                0x008002aa                PROVIDE (__noinit_end, .)
                0x008002aa                _end = .
                0x008002aa                PROVIDE (__heap_start, .)

.eeprom         0x00810000        0x0
 *(.eeprom*)
                0x00810000                __eeprom_end = .

.fuse
 *(.fuse)
 *(.lfuse)
 *(.hfuse)
 *(.efuse)

.lock
 *(.lock*)

.signature
 *(.signature*)

.user_signatures
 *(.user_signatures*)

.stab           0x00000000     0x35dc
 *(.stab)
 .stab          0x00000000      0x6e4 c:/program files (x86)/atmel/atmel toolchain/avr8 gcc/native/3.4.2.1002/avr8-gnu-toolchain/bin/../lib/gcc/avr/4.7.2/../../../../avr/lib/avr6/crtm2560.o
 .stab          0x000006e4       0x78 c:/program files (x86)/atmel/atmel toolchain/avr8 gcc/native/3.4.2.1002/avr8-gnu-toolchain/bin/../lib/gcc/avr/4.7.2/../../../../avr/lib/avr6\libm.a(addsf3.o)
                                 0x84 (size before relaxing)
 .stab          0x0000075c      0x4bc c:/program files (x86)/atmel/atmel toolchain/avr8 gcc/native/3.4.2.1002/avr8-gnu-toolchain/bin/../lib/gcc/avr/4.7.2/../../../../avr/lib/avr6\libm.a(addsf3x.o)
                                0x4c8 (size before relaxing)
 .stab          0x00000c18       0x90 c:/program files (x86)/atmel/atmel toolchain/avr8 gcc/native/3.4.2.1002/avr8-gnu-toolchain/bin/../lib/gcc/avr/4.7.2/../../../../avr/lib/avr6\libm.a(cmpsf2.o)
                                 0x9c (size before relaxing)
 .stab          0x00000ca8       0x54 c:/program files (x86)/atmel/atmel toolchain/avr8 gcc/native/3.4.2.1002/avr8-gnu-toolchain/bin/../lib/gcc/avr/4.7.2/../../../../avr/lib/avr6\libm.a(cos.o)
                                 0x60 (size before relaxing)
 .stab          0x00000cfc       0x48 c:/program files (x86)/atmel/atmel toolchain/avr8 gcc/native/3.4.2.1002/avr8-gnu-toolchain/bin/../lib/gcc/avr/4.7.2/../../../../avr/lib/avr6\libm.a(divsf3.o)
                                 0x54 (size before relaxing)
 .stab          0x00000d44      0x510 c:/program files (x86)/atmel/atmel toolchain/avr8 gcc/native/3.4.2.1002/avr8-gnu-toolchain/bin/../lib/gcc/avr/4.7.2/../../../../avr/lib/avr6\libm.a(divsf3x.o)
                                0x51c (size before relaxing)
 .stab          0x00001254       0x6c c:/program files (x86)/atmel/atmel toolchain/avr8 gcc/native/3.4.2.1002/avr8-gnu-toolchain/bin/../lib/gcc/avr/4.7.2/../../../../avr/lib/avr6\libm.a(fixsfsi.o)
                                 0x78 (size before relaxing)
 .stab          0x000012c0      0x240 c:/program files (x86)/atmel/atmel toolchain/avr8 gcc/native/3.4.2.1002/avr8-gnu-toolchain/bin/../lib/gcc/avr/4.7.2/../../../../avr/lib/avr6\libm.a(fixunssfsi.o)
                                0x24c (size before relaxing)
 .stab          0x00001500      0x318 c:/program files (x86)/atmel/atmel toolchain/avr8 gcc/native/3.4.2.1002/avr8-gnu-toolchain/bin/../lib/gcc/avr/4.7.2/../../../../avr/lib/avr6\libm.a(floatsisf.o)
                                0x324 (size before relaxing)
 .stab          0x00001818      0x114 c:/program files (x86)/atmel/atmel toolchain/avr8 gcc/native/3.4.2.1002/avr8-gnu-toolchain/bin/../lib/gcc/avr/4.7.2/../../../../avr/lib/avr6\libm.a(floor.o)
                                0x120 (size before relaxing)
 .stab          0x0000192c      0x1e0 c:/program files (x86)/atmel/atmel toolchain/avr8 gcc/native/3.4.2.1002/avr8-gnu-toolchain/bin/../lib/gcc/avr/4.7.2/../../../../avr/lib/avr6\libm.a(fp_cmp.o)
                                0x1ec (size before relaxing)
 .stab          0x00001b0c       0x78 c:/program files (x86)/atmel/atmel toolchain/avr8 gcc/native/3.4.2.1002/avr8-gnu-toolchain/bin/../lib/gcc/avr/4.7.2/../../../../avr/lib/avr6\libm.a(fp_inf.o)
                                 0x84 (size before relaxing)
 .stab          0x00001b84      0x174 c:/program files (x86)/atmel/atmel toolchain/avr8 gcc/native/3.4.2.1002/avr8-gnu-toolchain/bin/../lib/gcc/avr/4.7.2/../../../../avr/lib/avr6\libm.a(fp_mintl.o)
                                0x180 (size before relaxing)
 .stab          0x00001cf8       0xe4 c:/program files (x86)/atmel/atmel toolchain/avr8 gcc/native/3.4.2.1002/avr8-gnu-toolchain/bin/../lib/gcc/avr/4.7.2/../../../../avr/lib/avr6\libm.a(fp_mpack.o)
                                 0xf0 (size before relaxing)
 .stab          0x00001ddc       0x54 c:/program files (x86)/atmel/atmel toolchain/avr8 gcc/native/3.4.2.1002/avr8-gnu-toolchain/bin/../lib/gcc/avr/4.7.2/../../../../avr/lib/avr6\libm.a(fp_nan.o)
                                 0x60 (size before relaxing)
 .stab          0x00001e30       0x84 c:/program files (x86)/atmel/atmel toolchain/avr8 gcc/native/3.4.2.1002/avr8-gnu-toolchain/bin/../lib/gcc/avr/4.7.2/../../../../avr/lib/avr6\libm.a(fp_pscA.o)
                                 0x90 (size before relaxing)
 .stab          0x00001eb4       0x84 c:/program files (x86)/atmel/atmel toolchain/avr8 gcc/native/3.4.2.1002/avr8-gnu-toolchain/bin/../lib/gcc/avr/4.7.2/../../../../avr/lib/avr6\libm.a(fp_pscB.o)
                                 0x90 (size before relaxing)
 .stab          0x00001f38      0x21c c:/program files (x86)/atmel/atmel toolchain/avr8 gcc/native/3.4.2.1002/avr8-gnu-toolchain/bin/../lib/gcc/avr/4.7.2/../../../../avr/lib/avr6\libm.a(fp_rempio2.o)
                                0x228 (size before relaxing)
 .stab          0x00002154       0xfc c:/program files (x86)/atmel/atmel toolchain/avr8 gcc/native/3.4.2.1002/avr8-gnu-toolchain/bin/../lib/gcc/avr/4.7.2/../../../../avr/lib/avr6\libm.a(fp_round.o)
                                0x108 (size before relaxing)
 .stab          0x00002250       0xfc c:/program files (x86)/atmel/atmel toolchain/avr8 gcc/native/3.4.2.1002/avr8-gnu-toolchain/bin/../lib/gcc/avr/4.7.2/../../../../avr/lib/avr6\libm.a(fp_sinus.o)
                                0x108 (size before relaxing)
 .stab          0x0000234c      0x1d4 c:/program files (x86)/atmel/atmel toolchain/avr8 gcc/native/3.4.2.1002/avr8-gnu-toolchain/bin/../lib/gcc/avr/4.7.2/../../../../avr/lib/avr6\libm.a(fp_split3.o)
                                0x1e0 (size before relaxing)
 .stab          0x00002520      0x144 c:/program files (x86)/atmel/atmel toolchain/avr8 gcc/native/3.4.2.1002/avr8-gnu-toolchain/bin/../lib/gcc/avr/4.7.2/../../../../avr/lib/avr6\libm.a(fp_trunc.o)
                                0x150 (size before relaxing)
 .stab          0x00002664       0x90 c:/program files (x86)/atmel/atmel toolchain/avr8 gcc/native/3.4.2.1002/avr8-gnu-toolchain/bin/../lib/gcc/avr/4.7.2/../../../../avr/lib/avr6\libm.a(fp_zero.o)
                                 0x9c (size before relaxing)
 .stab          0x000026f4       0x6c c:/program files (x86)/atmel/atmel toolchain/avr8 gcc/native/3.4.2.1002/avr8-gnu-toolchain/bin/../lib/gcc/avr/4.7.2/../../../../avr/lib/avr6\libm.a(gesf2.o)
                                 0x78 (size before relaxing)
 .stab          0x00002760       0x48 c:/program files (x86)/atmel/atmel toolchain/avr8 gcc/native/3.4.2.1002/avr8-gnu-toolchain/bin/../lib/gcc/avr/4.7.2/../../../../avr/lib/avr6\libm.a(mulsf3.o)
                                 0x54 (size before relaxing)
 .stab          0x000027a8      0x4d4 c:/program files (x86)/atmel/atmel toolchain/avr8 gcc/native/3.4.2.1002/avr8-gnu-toolchain/bin/../lib/gcc/avr/4.7.2/../../../../avr/lib/avr6\libm.a(mulsf3x.o)
                                0x4e0 (size before relaxing)
 .stab          0x00002c7c       0x78 c:/program files (x86)/atmel/atmel toolchain/avr8 gcc/native/3.4.2.1002/avr8-gnu-toolchain/bin/../lib/gcc/avr/4.7.2/../../../../avr/lib/avr6\libm.a(sin.o)
                                 0x84 (size before relaxing)
 .stab          0x00002cf4      0x354 c:/program files (x86)/atmel/atmel toolchain/avr8 gcc/native/3.4.2.1002/avr8-gnu-toolchain/bin/../lib/gcc/avr/4.7.2/../../../../avr/lib/avr6\libm.a(sqrt.o)
                                0x360 (size before relaxing)
 .stab          0x00003048       0x84 c:/program files (x86)/atmel/atmel toolchain/avr8 gcc/native/3.4.2.1002/avr8-gnu-toolchain/bin/../lib/gcc/avr/4.7.2/../../../../avr/lib/avr6\libm.a(fp_norm2.o)
                                 0x90 (size before relaxing)
 .stab          0x000030cc       0xfc c:/program files (x86)/atmel/atmel toolchain/avr8 gcc/native/3.4.2.1002/avr8-gnu-toolchain/bin/../lib/gcc/avr/4.7.2/../../../../avr/lib/avr6\libm.a(fp_powsodd.o)
                                0x108 (size before relaxing)
 .stab          0x000031c8      0x1ec c:/program files (x86)/atmel/atmel toolchain/avr8 gcc/native/3.4.2.1002/avr8-gnu-toolchain/bin/../lib/gcc/avr/4.7.2/../../../../avr/lib/avr6\libm.a(fp_powser.o)
                                0x1f8 (size before relaxing)
 .stab          0x000033b4       0x3c c:/program files (x86)/atmel/atmel toolchain/avr8 gcc/native/3.4.2.1002/avr8-gnu-toolchain/bin/../lib/gcc/avr/4.7.2/../../../../avr/lib/avr6\libc.a(atof.o)
                                 0x48 (size before relaxing)
 .stab          0x000033f0       0x84 c:/program files (x86)/atmel/atmel toolchain/avr8 gcc/native/3.4.2.1002/avr8-gnu-toolchain/bin/../lib/gcc/avr/4.7.2/../../../../avr/lib/avr6\libc.a(memcpy.o)
                                 0x90 (size before relaxing)
 .stab          0x00003474       0x18 c:/program files (x86)/atmel/atmel toolchain/avr8 gcc/native/3.4.2.1002/avr8-gnu-toolchain/bin/../lib/gcc/avr/4.7.2/../../../../avr/lib/avr6\libc.a(isspace.o)
                                 0xa8 (size before relaxing)
 .stab          0x0000348c      0x138 c:/program files (x86)/atmel/atmel toolchain/avr8 gcc/native/3.4.2.1002/avr8-gnu-toolchain/bin/../lib/gcc/avr/4.7.2/../../../../avr/lib/avr6\libc.a(strncasecmp_P.o)
                                0x144 (size before relaxing)
 .stab          0x000035c4       0x18 c:/program files (x86)/atmel/atmel toolchain/avr8 gcc/native/3.4.2.1002/avr8-gnu-toolchain/bin/../lib/gcc/avr/4.7.2/../../../../avr/lib/avr6\libc.a(cty_isfalse.o)
                                 0x6c (size before relaxing)

.stabstr        0x00000000     0x10a6
 *(.stabstr)
 .stabstr       0x00000000     0x10a6 c:/program files (x86)/atmel/atmel toolchain/avr8 gcc/native/3.4.2.1002/avr8-gnu-toolchain/bin/../lib/gcc/avr/4.7.2/../../../../avr/lib/avr6/crtm2560.o

.stab.excl
 *(.stab.excl)

.stab.exclstr
 *(.stab.exclstr)

.stab.index
 *(.stab.index)

.stab.indexstr
 *(.stab.indexstr)

.comment        0x00000000       0x2f
 *(.comment)
 .comment       0x00000000       0x2f buffer/Buffer.o
                                 0x30 (size before relaxing)
 .comment       0x00000000       0x30 buffer/Record.o
 .comment       0x00000000       0x30 controller/PIDController.o
 .comment       0x00000000       0x30 drivers/MagnetometerDriver.o
 .comment       0x00000000       0x30 drivers/SerialDriver.o
 .comment       0x00000000       0x30 drivers/SPIDriver.o
 .comment       0x00000000       0x30 drivers/TWIDriver.o
 .comment       0x00000000       0x30 HelicopterMain.o
 .comment       0x00000000       0x30 interfaces/GroundControlStationInterface.o
 .comment       0x00000000       0x30 interfaces/RadioControllerInterface.o
 .comment       0x00000000       0x30 messages/Message.o
 .comment       0x00000000       0x30 messages/SyncMessage.o
 .comment       0x00000000       0x30 messages/SystemTelemetryMessage.o
 .comment       0x00000000       0x30 model/SystemModel.o
 .comment       0x00000000       0x30 scheduler/Scheduler.o
 .comment       0x00000000       0x30 sensors/BarometerSensor.o
 .comment       0x00000000       0x30 sensors/GPSSensor.o
 .comment       0x00000000       0x30 sensors/IMUSensor.o
 .comment       0x00000000       0x30 sensors/MagnetometerSensor.o
 .comment       0x00000000       0x30 tasks/PIDInnerLoopTask.o
 .comment       0x00000000       0x30 tasks/PIDOuterLoopTask.o
 .comment       0x00000000       0x30 tasks/ReadIMUSensorTask.o
 .comment       0x00000000       0x30 tasks/SensorProcessingTask.o
 .comment       0x00000000       0x30 tasks/SimTelemetryTask.o
 .comment       0x00000000       0x30 tasks/Task.o
 .comment       0x00000000       0x30 tasks/TransmitTelemetryTask.o
 .comment       0x00000000       0x30 util/CommonHeader.o
 .comment       0x00000000       0x30 util/CoordinateUtil.o
 .comment       0x00000000       0x30 util/MatrixUtil.o
 .comment       0x00000000       0x30 util/Timer.o
 .comment       0x00000000       0x30 c:/program files (x86)/atmel/atmel toolchain/avr8 gcc/native/3.4.2.1002/avr8-gnu-toolchain/bin/../lib/gcc/avr/4.7.2/../../../../avr/lib/avr6\libc.a(malloc.o)
 .comment       0x00000000       0x30 c:/program files (x86)/atmel/atmel toolchain/avr8 gcc/native/3.4.2.1002/avr8-gnu-toolchain/bin/../lib/gcc/avr/4.7.2/../../../../avr/lib/avr6\libc.a(strtod.o)
 .comment       0x00000000       0x30 c:/program files (x86)/atmel/atmel toolchain/avr8 gcc/native/3.4.2.1002/avr8-gnu-toolchain/bin/../lib/gcc/avr/4.7.2/../../../../avr/lib/avr6\libc.a(errno.o)

.debug
 *(.debug)

.line
 *(.line)

.debug_srcinfo
 *(.debug_srcinfo)

.debug_sfnames
 *(.debug_sfnames)

.debug_aranges  0x00000000      0x830
 *(.debug_aranges)
 .debug_aranges
                0x00000000       0x38 buffer/Buffer.o
 .debug_aranges
                0x00000038       0x40 buffer/Record.o
 .debug_aranges
                0x00000078       0xa8 controller/PIDController.o
 .debug_aranges
                0x00000120       0x28 drivers/MagnetometerDriver.o
 .debug_aranges
                0x00000148       0x80 drivers/SerialDriver.o
 .debug_aranges
                0x000001c8       0x68 drivers/SPIDriver.o
 .debug_aranges
                0x00000230       0x38 drivers/TWIDriver.o
 .debug_aranges
                0x00000268       0x48 HelicopterMain.o
 .debug_aranges
                0x000002b0       0x30 interfaces/GroundControlStationInterface.o
 .debug_aranges
                0x000002e0       0x40 interfaces/RadioControllerInterface.o
 .debug_aranges
                0x00000320       0x40 messages/Message.o
 .debug_aranges
                0x00000360       0x40 messages/SyncMessage.o
 .debug_aranges
                0x000003a0       0x58 messages/SystemTelemetryMessage.o
 .debug_aranges
                0x000003f8       0x18 model/SystemModel.o
 .debug_aranges
                0x00000410       0x58 scheduler/Scheduler.o
 .debug_aranges
                0x00000468       0x28 sensors/BarometerSensor.o
 .debug_aranges
                0x00000490       0x38 sensors/GPSSensor.o
 .debug_aranges
                0x000004c8       0x28 sensors/IMUSensor.o
 .debug_aranges
                0x000004f0       0x30 sensors/MagnetometerSensor.o
 .debug_aranges
                0x00000520       0x40 tasks/PIDInnerLoopTask.o
 .debug_aranges
                0x00000560       0x40 tasks/PIDOuterLoopTask.o
 .debug_aranges
                0x000005a0       0x40 tasks/ReadIMUSensorTask.o
 .debug_aranges
                0x000005e0       0x40 tasks/SensorProcessingTask.o
 .debug_aranges
                0x00000620       0x40 tasks/SimTelemetryTask.o
 .debug_aranges
                0x00000660       0x48 tasks/Task.o
 .debug_aranges
                0x000006a8       0x40 tasks/TransmitTelemetryTask.o
 .debug_aranges
                0x000006e8       0x38 util/CommonHeader.o
 .debug_aranges
                0x00000720       0x48 util/CoordinateUtil.o
 .debug_aranges
                0x00000768       0x38 util/MatrixUtil.o
 .debug_aranges
                0x000007a0       0x30 util/Timer.o
 .debug_aranges
                0x000007d0       0x28 c:/program files (x86)/atmel/atmel toolchain/avr8 gcc/native/3.4.2.1002/avr8-gnu-toolchain/bin/../lib/gcc/avr/4.7.2/../../../../avr/lib/avr6\libc.a(malloc.o)
 .debug_aranges
                0x000007f8       0x20 c:/program files (x86)/atmel/atmel toolchain/avr8 gcc/native/3.4.2.1002/avr8-gnu-toolchain/bin/../lib/gcc/avr/4.7.2/../../../../avr/lib/avr6\libc.a(strtod.o)
 .debug_aranges
                0x00000818       0x18 c:/program files (x86)/atmel/atmel toolchain/avr8 gcc/native/3.4.2.1002/avr8-gnu-toolchain/bin/../lib/gcc/avr/4.7.2/../../../../avr/lib/avr6\libc.a(errno.o)

.debug_pubnames
 *(.debug_pubnames)

.debug_info     0x00000000    0x20ee8
 *(.debug_info)
 .debug_info    0x00000000      0x5ca buffer/Buffer.o
 .debug_info    0x000005ca      0x576 buffer/Record.o
 .debug_info    0x00000b40     0x36ed controller/PIDController.o
 .debug_info    0x0000422d      0x1de drivers/MagnetometerDriver.o
 .debug_info    0x0000440b      0xb50 drivers/SerialDriver.o
 .debug_info    0x00004f5b      0x604 drivers/SPIDriver.o
 .debug_info    0x0000555f      0x2b9 drivers/TWIDriver.o
 .debug_info    0x00005818     0x46e0 HelicopterMain.o
 .debug_info    0x00009ef8      0x856 interfaces/GroundControlStationInterface.o
 .debug_info    0x0000a74e     0x1b75 interfaces/RadioControllerInterface.o
 .debug_info    0x0000c2c3      0x49a messages/Message.o
 .debug_info    0x0000c75d      0x523 messages/SyncMessage.o
 .debug_info    0x0000cc80     0x4256 messages/SystemTelemetryMessage.o
 .debug_info    0x00010ed6       0x4d model/SystemModel.o
 .debug_info    0x00010f23      0x95e scheduler/Scheduler.o
 .debug_info    0x00011881      0x8c1 sensors/BarometerSensor.o
 .debug_info    0x00012142      0x7fa sensors/GPSSensor.o
 .debug_info    0x0001293c      0x98b sensors/IMUSensor.o
 .debug_info    0x000132c7      0x7a1 sensors/MagnetometerSensor.o
 .debug_info    0x00013a68     0x1ec3 tasks/PIDInnerLoopTask.o
 .debug_info    0x0001592b     0x1ed5 tasks/PIDOuterLoopTask.o
 .debug_info    0x00017800     0x1e76 tasks/ReadIMUSensorTask.o
 .debug_info    0x00019676     0x1890 tasks/SensorProcessingTask.o
 .debug_info    0x0001af06     0x2b63 tasks/SimTelemetryTask.o
 .debug_info    0x0001da69      0x450 tasks/Task.o
 .debug_info    0x0001deb9     0x18e4 tasks/TransmitTelemetryTask.o
 .debug_info    0x0001f79d      0x1d8 util/CommonHeader.o
 .debug_info    0x0001f975      0x840 util/CoordinateUtil.o
 .debug_info    0x000201b5      0x45d util/MatrixUtil.o
 .debug_info    0x00020612      0x298 util/Timer.o
 .debug_info    0x000208aa      0x23d c:/program files (x86)/atmel/atmel toolchain/avr8 gcc/native/3.4.2.1002/avr8-gnu-toolchain/bin/../lib/gcc/avr/4.7.2/../../../../avr/lib/avr6\libc.a(malloc.o)
 .debug_info    0x00020ae7      0x3ce c:/program files (x86)/atmel/atmel toolchain/avr8 gcc/native/3.4.2.1002/avr8-gnu-toolchain/bin/../lib/gcc/avr/4.7.2/../../../../avr/lib/avr6\libc.a(strtod.o)
 .debug_info    0x00020eb5       0x33 c:/program files (x86)/atmel/atmel toolchain/avr8 gcc/native/3.4.2.1002/avr8-gnu-toolchain/bin/../lib/gcc/avr/4.7.2/../../../../avr/lib/avr6\libc.a(errno.o)
 *(.gnu.linkonce.wi.*)

.debug_abbrev   0x00000000     0x5342
 *(.debug_abbrev)
 .debug_abbrev  0x00000000      0x27c buffer/Buffer.o
 .debug_abbrev  0x0000027c      0x284 buffer/Record.o
 .debug_abbrev  0x00000500      0x349 controller/PIDController.o
 .debug_abbrev  0x00000849      0x139 drivers/MagnetometerDriver.o
 .debug_abbrev  0x00000982      0x349 drivers/SerialDriver.o
 .debug_abbrev  0x00000ccb      0x1cb drivers/SPIDriver.o
 .debug_abbrev  0x00000e96      0x174 drivers/TWIDriver.o
 .debug_abbrev  0x0000100a      0x5c8 HelicopterMain.o
 .debug_abbrev  0x000015d2      0x2e4 interfaces/GroundControlStationInterface.o
 .debug_abbrev  0x000018b6      0x32b interfaces/RadioControllerInterface.o
 .debug_abbrev  0x00001be1      0x23c messages/Message.o
 .debug_abbrev  0x00001e1d      0x2dc messages/SyncMessage.o
 .debug_abbrev  0x000020f9      0x434 messages/SystemTelemetryMessage.o
 .debug_abbrev  0x0000252d       0x3e model/SystemModel.o
 .debug_abbrev  0x0000256b      0x373 scheduler/Scheduler.o
 .debug_abbrev  0x000028de      0x254 sensors/BarometerSensor.o
 .debug_abbrev  0x00002b32      0x270 sensors/GPSSensor.o
 .debug_abbrev  0x00002da2      0x251 sensors/IMUSensor.o
 .debug_abbrev  0x00002ff3      0x248 sensors/MagnetometerSensor.o
 .debug_abbrev  0x0000323b      0x345 tasks/PIDInnerLoopTask.o
 .debug_abbrev  0x00003580      0x345 tasks/PIDOuterLoopTask.o
 .debug_abbrev  0x000038c5      0x3a7 tasks/ReadIMUSensorTask.o
 .debug_abbrev  0x00003c6c      0x34e tasks/SensorProcessingTask.o
 .debug_abbrev  0x00003fba      0x468 tasks/SimTelemetryTask.o
 .debug_abbrev  0x00004422      0x23d tasks/Task.o
 .debug_abbrev  0x0000465f      0x3f8 tasks/TransmitTelemetryTask.o
 .debug_abbrev  0x00004a57       0xfb util/CommonHeader.o
 .debug_abbrev  0x00004b52      0x20a util/CoordinateUtil.o
 .debug_abbrev  0x00004d5c      0x15d util/MatrixUtil.o
 .debug_abbrev  0x00004eb9      0x1a6 util/Timer.o
 .debug_abbrev  0x0000505f       0xf9 c:/program files (x86)/atmel/atmel toolchain/avr8 gcc/native/3.4.2.1002/avr8-gnu-toolchain/bin/../lib/gcc/avr/4.7.2/../../../../avr/lib/avr6\libc.a(malloc.o)
 .debug_abbrev  0x00005158      0x1c0 c:/program files (x86)/atmel/atmel toolchain/avr8 gcc/native/3.4.2.1002/avr8-gnu-toolchain/bin/../lib/gcc/avr/4.7.2/../../../../avr/lib/avr6\libc.a(strtod.o)
 .debug_abbrev  0x00005318       0x2a c:/program files (x86)/atmel/atmel toolchain/avr8 gcc/native/3.4.2.1002/avr8-gnu-toolchain/bin/../lib/gcc/avr/4.7.2/../../../../avr/lib/avr6\libc.a(errno.o)

.debug_line     0x00000000     0x3b79
 *(.debug_line)
 .debug_line    0x00000000       0xd9 buffer/Buffer.o
 .debug_line    0x000000d9      0x146 buffer/Record.o
 .debug_line    0x0000021f      0x3c9 controller/PIDController.o
 .debug_line    0x000005e8      0x129 drivers/MagnetometerDriver.o
 .debug_line    0x00000711      0x27b drivers/SerialDriver.o
 .debug_line    0x0000098c      0x12f drivers/SPIDriver.o
 .debug_line    0x00000abb       0xd3 drivers/TWIDriver.o
 .debug_line    0x00000b8e      0x5e7 HelicopterMain.o
 .debug_line    0x00001175      0x1ea interfaces/GroundControlStationInterface.o
 .debug_line    0x0000135f      0x186 interfaces/RadioControllerInterface.o
 .debug_line    0x000014e5       0xb4 messages/Message.o
 .debug_line    0x00001599      0x16d messages/SyncMessage.o
 .debug_line    0x00001706      0x49b messages/SystemTelemetryMessage.o
 .debug_line    0x00001ba1       0x47 model/SystemModel.o
 .debug_line    0x00001be8      0x2a2 scheduler/Scheduler.o
 .debug_line    0x00001e8a      0x255 sensors/BarometerSensor.o
 .debug_line    0x000020df      0x1d8 sensors/GPSSensor.o
 .debug_line    0x000022b7      0x219 sensors/IMUSensor.o
 .debug_line    0x000024d0      0x1c3 sensors/MagnetometerSensor.o
 .debug_line    0x00002693       0xfd tasks/PIDInnerLoopTask.o
 .debug_line    0x00002790       0xff tasks/PIDOuterLoopTask.o
 .debug_line    0x0000288f      0x1aa tasks/ReadIMUSensorTask.o
 .debug_line    0x00002a39      0x171 tasks/SensorProcessingTask.o
 .debug_line    0x00002baa      0x31d tasks/SimTelemetryTask.o
 .debug_line    0x00002ec7       0xa0 tasks/Task.o
 .debug_line    0x00002f67      0x196 tasks/TransmitTelemetryTask.o
 .debug_line    0x000030fd      0x1ac util/CommonHeader.o
 .debug_line    0x000032a9      0x187 util/CoordinateUtil.o
 .debug_line    0x00003430      0x164 util/MatrixUtil.o
 .debug_line    0x00003594       0x96 util/Timer.o
 .debug_line    0x0000362a      0x20e c:/program files (x86)/atmel/atmel toolchain/avr8 gcc/native/3.4.2.1002/avr8-gnu-toolchain/bin/../lib/gcc/avr/4.7.2/../../../../avr/lib/avr6\libc.a(malloc.o)
 .debug_line    0x00003838      0x2c1 c:/program files (x86)/atmel/atmel toolchain/avr8 gcc/native/3.4.2.1002/avr8-gnu-toolchain/bin/../lib/gcc/avr/4.7.2/../../../../avr/lib/avr6\libc.a(strtod.o)
 .debug_line    0x00003af9       0x80 c:/program files (x86)/atmel/atmel toolchain/avr8 gcc/native/3.4.2.1002/avr8-gnu-toolchain/bin/../lib/gcc/avr/4.7.2/../../../../avr/lib/avr6\libc.a(errno.o)

.debug_frame    0x00000000     0x1cbc
 *(.debug_frame)
 .debug_frame   0x00000000       0x6c buffer/Buffer.o
 .debug_frame   0x0000006c       0xc4 buffer/Record.o
 .debug_frame   0x00000130      0x534 controller/PIDController.o
 .debug_frame   0x00000664       0x34 drivers/MagnetometerDriver.o
 .debug_frame   0x00000698      0x250 drivers/SerialDriver.o
 .debug_frame   0x000008e8      0x108 drivers/SPIDriver.o
 .debug_frame   0x000009f0       0x54 drivers/TWIDriver.o
 .debug_frame   0x00000a44       0x98 HelicopterMain.o
 .debug_frame   0x00000adc      0x118 interfaces/GroundControlStationInterface.o
 .debug_frame   0x00000bf4       0xfc interfaces/RadioControllerInterface.o
 .debug_frame   0x00000cf0       0x64 messages/Message.o
 .debug_frame   0x00000d54       0x84 messages/SyncMessage.o
 .debug_frame   0x00000dd8      0x14c messages/SystemTelemetryMessage.o
 .debug_frame   0x00000f24      0x194 scheduler/Scheduler.o
 .debug_frame   0x000010b8       0xa8 sensors/BarometerSensor.o
 .debug_frame   0x00001160       0xdc sensors/GPSSensor.o
 .debug_frame   0x0000123c       0x64 sensors/IMUSensor.o
 .debug_frame   0x000012a0       0x90 sensors/MagnetometerSensor.o
 .debug_frame   0x00001330       0x84 tasks/PIDInnerLoopTask.o
 .debug_frame   0x000013b4       0x84 tasks/PIDOuterLoopTask.o
 .debug_frame   0x00001438       0x98 tasks/ReadIMUSensorTask.o
 .debug_frame   0x000014d0       0xd0 tasks/SensorProcessingTask.o
 .debug_frame   0x000015a0       0xd0 tasks/SimTelemetryTask.o
 .debug_frame   0x00001670       0x74 tasks/Task.o
 .debug_frame   0x000016e4       0xa0 tasks/TransmitTelemetryTask.o
 .debug_frame   0x00001784       0x54 util/CommonHeader.o
 .debug_frame   0x000017d8      0x200 util/CoordinateUtil.o
 .debug_frame   0x000019d8      0x1b0 util/MatrixUtil.o
 .debug_frame   0x00001b88       0x6c util/Timer.o
 .debug_frame   0x00001bf4       0x68 c:/program files (x86)/atmel/atmel toolchain/avr8 gcc/native/3.4.2.1002/avr8-gnu-toolchain/bin/../lib/gcc/avr/4.7.2/../../../../avr/lib/avr6\libc.a(malloc.o)
 .debug_frame   0x00001c5c       0x60 c:/program files (x86)/atmel/atmel toolchain/avr8 gcc/native/3.4.2.1002/avr8-gnu-toolchain/bin/../lib/gcc/avr/4.7.2/../../../../avr/lib/avr6\libc.a(strtod.o)

.debug_str      0x00000000     0x8345
 *(.debug_str)
 .debug_str     0x00000000      0x4e1 buffer/Buffer.o
                                0x523 (size before relaxing)
 .debug_str     0x000004e1       0xc8 buffer/Record.o
                                0x499 (size before relaxing)
 .debug_str     0x000005a9     0x3bc3 controller/PIDController.o
                               0x3d4f (size before relaxing)
 .debug_str     0x0000416c       0xfc drivers/MagnetometerDriver.o
                                0x231 (size before relaxing)
 .debug_str     0x00004268      0x514 drivers/SerialDriver.o
                                0x6af (size before relaxing)
 .debug_str     0x0000477c      0x2b5 drivers/SPIDriver.o
                                0x3dc (size before relaxing)
 .debug_str     0x00004a31      0x172 drivers/TWIDriver.o
                                0x2c5 (size before relaxing)
 .debug_str     0x00004ba3     0x125b HelicopterMain.o
                               0x51c5 (size before relaxing)
 .debug_str     0x00005dfe      0x1f8 interfaces/GroundControlStationInterface.o
                                0x5e0 (size before relaxing)
 .debug_str     0x00005ff6      0x105 interfaces/RadioControllerInterface.o
                               0x2a93 (size before relaxing)
 .debug_str     0x000060fb      0x29d messages/Message.o
                                0x45f (size before relaxing)
 .debug_str     0x00006398      0x125 messages/SyncMessage.o
                                0x310 (size before relaxing)
 .debug_str     0x000064bd      0x2cb messages/SystemTelemetryMessage.o
                               0x2aa0 (size before relaxing)
 .debug_str     0x00006788       0x19 model/SystemModel.o
                                 0xac (size before relaxing)
 .debug_str     0x000067a1      0x225 scheduler/Scheduler.o
                                0x73c (size before relaxing)
 .debug_str     0x000069c6      0x4a2 sensors/BarometerSensor.o
                                0x899 (size before relaxing)
 .debug_str     0x00006e68      0x2c0 sensors/GPSSensor.o
                                0x523 (size before relaxing)
 .debug_str     0x00007128       0x8b sensors/IMUSensor.o
                                0x936 (size before relaxing)
 .debug_str     0x000071b3      0x366 sensors/MagnetometerSensor.o
                                0x6f3 (size before relaxing)
 .debug_str     0x00007519      0x12e tasks/PIDInnerLoopTask.o
                               0x3ab5 (size before relaxing)
 .debug_str     0x00007647      0x10c tasks/PIDOuterLoopTask.o
                               0x3ab5 (size before relaxing)
 .debug_str     0x00007753      0x121 tasks/ReadIMUSensorTask.o
                               0x2cdb (size before relaxing)
 .debug_str     0x00007874      0x1b0 tasks/SensorProcessingTask.o
                               0x25c3 (size before relaxing)
 .debug_str     0x00007a24      0x174 tasks/SimTelemetryTask.o
                               0x3ec9 (size before relaxing)
 .debug_str     0x00007b98       0xd2 tasks/Task.o
                                0x388 (size before relaxing)
 .debug_str     0x00007c6a      0x152 tasks/TransmitTelemetryTask.o
                               0x28c1 (size before relaxing)
 .debug_str     0x00007dbc       0x2a util/CommonHeader.o
                                0x195 (size before relaxing)
 .debug_str     0x00007de6      0x240 util/CoordinateUtil.o
                                0x49c (size before relaxing)
 .debug_str     0x00008026       0xb8 util/MatrixUtil.o
                                0x243 (size before relaxing)
 .debug_str     0x000080de       0x1c util/Timer.o
                                0x2dd (size before relaxing)
 .debug_str     0x000080fa       0xf4 c:/program files (x86)/atmel/atmel toolchain/avr8 gcc/native/3.4.2.1002/avr8-gnu-toolchain/bin/../lib/gcc/avr/4.7.2/../../../../avr/lib/avr6\libc.a(malloc.o)
                                0x17c (size before relaxing)
 .debug_str     0x000081ee       0xf4 c:/program files (x86)/atmel/atmel toolchain/avr8 gcc/native/3.4.2.1002/avr8-gnu-toolchain/bin/../lib/gcc/avr/4.7.2/../../../../avr/lib/avr6\libc.a(strtod.o)
                                0x19b (size before relaxing)
 .debug_str     0x000082e2       0x63 c:/program files (x86)/atmel/atmel toolchain/avr8 gcc/native/3.4.2.1002/avr8-gnu-toolchain/bin/../lib/gcc/avr/4.7.2/../../../../avr/lib/avr6\libc.a(errno.o)
                                 0x75 (size before relaxing)

.debug_loc      0x00000000     0xfda6
 *(.debug_loc)
 .debug_loc     0x00000000      0x1f4 buffer/Buffer.o
 .debug_loc     0x000001f4      0x307 buffer/Record.o
 .debug_loc     0x000004fb     0x20f7 controller/PIDController.o
 .debug_loc     0x000025f2       0x4c drivers/MagnetometerDriver.o
 .debug_loc     0x0000263e      0xc2d drivers/SerialDriver.o
 .debug_loc     0x0000326b      0x436 drivers/SPIDriver.o
 .debug_loc     0x000036a1       0xb6 drivers/TWIDriver.o
 .debug_loc     0x00003757      0x6ba HelicopterMain.o
 .debug_loc     0x00003e11      0x8a2 interfaces/GroundControlStationInterface.o
 .debug_loc     0x000046b3      0x80a interfaces/RadioControllerInterface.o
 .debug_loc     0x00004ebd       0x74 messages/Message.o
 .debug_loc     0x00004f31      0x172 messages/SyncMessage.o
 .debug_loc     0x000050a3     0x5803 messages/SystemTelemetryMessage.o
 .debug_loc     0x0000a8a6      0x6f3 scheduler/Scheduler.o
 .debug_loc     0x0000af99     0x1115 sensors/BarometerSensor.o
 .debug_loc     0x0000c0ae      0x56b sensors/GPSSensor.o
 .debug_loc     0x0000c619      0x116 sensors/IMUSensor.o
 .debug_loc     0x0000c72f      0x235 sensors/MagnetometerSensor.o
 .debug_loc     0x0000c964      0x19d tasks/PIDInnerLoopTask.o
 .debug_loc     0x0000cb01      0x19d tasks/PIDOuterLoopTask.o
 .debug_loc     0x0000cc9e      0x4cd tasks/ReadIMUSensorTask.o
 .debug_loc     0x0000d16b      0x315 tasks/SensorProcessingTask.o