Archive member included because of file (symbol)

c:/program files (x86)/atmel/atmel toolchain/avr8 gcc/native/3.4.2.1002/avr8-gnu-toolchain/bin/../lib/gcc/avr/4.7.2/../../../../avr/lib/avr6\libm.a(addsf3.o)
                              controller/PIDController.o (__subsf3)
c:/program files (x86)/atmel/atmel toolchain/avr8 gcc/native/3.4.2.1002/avr8-gnu-toolchain/bin/../lib/gcc/avr/4.7.2/../../../../avr/lib/avr6\libm.a(addsf3x.o)
                              c:/program files (x86)/atmel/atmel toolchain/avr8 gcc/native/3.4.2.1002/avr8-gnu-toolchain/bin/../lib/gcc/avr/4.7.2/../../../../avr/lib/avr6\libm.a(addsf3.o) (__addsf3x)
c:/program files (x86)/atmel/atmel toolchain/avr8 gcc/native/3.4.2.1002/avr8-gnu-toolchain/bin/../lib/gcc/avr/4.7.2/../../../../avr/lib/avr6\libm.a(asin.o)
                              tasks/TransmitTelemetryTask.o (asin)
c:/program files (x86)/atmel/atmel toolchain/avr8 gcc/native/3.4.2.1002/avr8-gnu-toolchain/bin/../lib/gcc/avr/4.7.2/../../../../avr/lib/avr6\libm.a(atan2.o)
                              tasks/TransmitTelemetryTask.o (atan2)
c:/program files (x86)/atmel/atmel toolchain/avr8 gcc/native/3.4.2.1002/avr8-gnu-toolchain/bin/../lib/gcc/avr/4.7.2/../../../../avr/lib/avr6\libm.a(atan.o)
                              c:/program files (x86)/atmel/atmel toolchain/avr8 gcc/native/3.4.2.1002/avr8-gnu-toolchain/bin/../lib/gcc/avr/4.7.2/../../../../avr/lib/avr6\libm.a(atan2.o) (atan)
c:/program files (x86)/atmel/atmel toolchain/avr8 gcc/native/3.4.2.1002/avr8-gnu-toolchain/bin/../lib/gcc/avr/4.7.2/../../../../avr/lib/avr6\libm.a(cmpsf2.o)
                              HelicopterMain.o (__nesf2)
c:/program files (x86)/atmel/atmel toolchain/avr8 gcc/native/3.4.2.1002/avr8-gnu-toolchain/bin/../lib/gcc/avr/4.7.2/../../../../avr/lib/avr6\libm.a(cos.o)
                              util/CoordinateUtil.o (cos)
c:/program files (x86)/atmel/atmel toolchain/avr8 gcc/native/3.4.2.1002/avr8-gnu-toolchain/bin/../lib/gcc/avr/4.7.2/../../../../avr/lib/avr6\libm.a(divsf3.o)
                              HelicopterMain.o (__divsf3)
c:/program files (x86)/atmel/atmel toolchain/avr8 gcc/native/3.4.2.1002/avr8-gnu-toolchain/bin/../lib/gcc/avr/4.7.2/../../../../avr/lib/avr6\libm.a(divsf3x.o)
                              c:/program files (x86)/atmel/atmel toolchain/avr8 gcc/native/3.4.2.1002/avr8-gnu-toolchain/bin/../lib/gcc/avr/4.7.2/../../../../avr/lib/avr6\libm.a(divsf3.o) (__divsf3x)
c:/program files (x86)/atmel/atmel toolchain/avr8 gcc/native/3.4.2.1002/avr8-gnu-toolchain/bin/../lib/gcc/avr/4.7.2/../../../../avr/lib/avr6\libm.a(fixsfsi.o)
                              HelicopterMain.o (__fixsfsi)
c:/program files (x86)/atmel/atmel toolchain/avr8 gcc/native/3.4.2.1002/avr8-gnu-toolchain/bin/../lib/gcc/avr/4.7.2/../../../../avr/lib/avr6\libm.a(fixunssfsi.o)
                              drivers/SerialDriver.o (__fixunssfsi)
c:/program files (x86)/atmel/atmel toolchain/avr8 gcc/native/3.4.2.1002/avr8-gnu-toolchain/bin/../lib/gcc/avr/4.7.2/../../../../avr/lib/avr6\libm.a(floatsisf.o)
                              drivers/SerialDriver.o (__floatunsisf)
c:/program files (x86)/atmel/atmel toolchain/avr8 gcc/native/3.4.2.1002/avr8-gnu-toolchain/bin/../lib/gcc/avr/4.7.2/../../../../avr/lib/avr6\libm.a(floor.o)
                              drivers/SerialDriver.o (floor)
c:/program files (x86)/atmel/atmel toolchain/avr8 gcc/native/3.4.2.1002/avr8-gnu-toolchain/bin/../lib/gcc/avr/4.7.2/../../../../avr/lib/avr6\libm.a(fp_arccos.o)
                              c:/program files (x86)/atmel/atmel toolchain/avr8 gcc/native/3.4.2.1002/avr8-gnu-toolchain/bin/../lib/gcc/avr/4.7.2/../../../../avr/lib/avr6\libm.a(asin.o) (__fp_arccos)
c:/program files (x86)/atmel/atmel toolchain/avr8 gcc/native/3.4.2.1002/avr8-gnu-toolchain/bin/../lib/gcc/avr/4.7.2/../../../../avr/lib/avr6\libm.a(fp_cmp.o)
                              c:/program files (x86)/atmel/atmel toolchain/avr8 gcc/native/3.4.2.1002/avr8-gnu-toolchain/bin/../lib/gcc/avr/4.7.2/../../../../avr/lib/avr6\libm.a(cmpsf2.o) (__fp_cmp)
c:/program files (x86)/atmel/atmel toolchain/avr8 gcc/native/3.4.2.1002/avr8-gnu-toolchain/bin/../lib/gcc/avr/4.7.2/../../../../avr/lib/avr6\libm.a(fp_inf.o)
                              c:/program files (x86)/atmel/atmel toolchain/avr8 gcc/native/3.4.2.1002/avr8-gnu-toolchain/bin/../lib/gcc/avr/4.7.2/../../../../avr/lib/avr6\libm.a(addsf3x.o) (__fp_inf)
c:/program files (x86)/atmel/atmel toolchain/avr8 gcc/native/3.4.2.1002/avr8-gnu-toolchain/bin/../lib/gcc/avr/4.7.2/../../../../avr/lib/avr6\libm.a(fp_mintl.o)
                              c:/program files (x86)/atmel/atmel toolchain/avr8 gcc/native/3.4.2.1002/avr8-gnu-toolchain/bin/../lib/gcc/avr/4.7.2/../../../../avr/lib/avr6\libm.a(floor.o) (__fp_mintl)
c:/program files (x86)/atmel/atmel toolchain/avr8 gcc/native/3.4.2.1002/avr8-gnu-toolchain/bin/../lib/gcc/avr/4.7.2/../../../../avr/lib/avr6\libm.a(fp_mpack.o)
[...]
Memory Configuration

Name             Origin             Length             Attributes
text             0x00000000         0x00100000         xr
data             0x00800200         0x0000fe00         rw !x
eeprom           0x00810000         0x00010000         rw !x
fuse             0x00820000         0x00000400         rw !x
lock             0x00830000         0x00000400         rw !x
signature        0x00840000         0x00000400         rw !x
user_signatures  0x00850000         0x00000400         rw !x
*default*        0x00000000         0xffffffff

Linker script and memory map

Address of section .data set to 0x800200
LOAD c:/program files (x86)/atmel/atmel toolchain/avr8 gcc/native/3.4.2.1002/avr8-gnu-toolchain/bin/../lib/gcc/avr/4.7.2/../../../../avr/lib/avr6/crtm2560.o
LOAD buffer/Buffer.o
LOAD buffer/CircularBuffer.o
LOAD buffer/Record.o
LOAD controller/PIDController.o
LOAD drivers/SerialDriver.o
LOAD drivers/SPIDriver.o
LOAD drivers/TWIDriver.o
LOAD HelicopterMain.o
LOAD interfaces/GroundControlStationInterface.o
LOAD interfaces/RadioControllerInterface.o
LOAD messages/ControlMessage.o
LOAD messages/GainsMessage.o
LOAD messages/Message.o
LOAD messages/SensorDataMessage.o
LOAD messages/SimpleTelemetryMessage.o
LOAD messages/SyncMessage.o
LOAD messages/SystemTelemetryMessage.o
LOAD model/SystemModel.o
LOAD navigation/AHRS.o
LOAD scheduler/Scheduler.o
LOAD sensors/BarometerSensor.o
LOAD sensors/GPSSensor.o
LOAD sensors/IMUSensor.o
LOAD sensors/MagnetometerSensor.o
LOAD tasks/NavigationTask.o
LOAD tasks/PIDInnerLoopTask.o
LOAD tasks/PIDOuterLoopTask.o
LOAD tasks/PVNavigationTask.o
LOAD tasks/ReadBarometerSensorTask.o
LOAD tasks/ReadGPSSensorTask.o
LOAD tasks/ReadIMUSensorTask.o
LOAD tasks/ReadMagnetometerSensorTask.o
LOAD tasks/ServoControlTask.o
LOAD tasks/SimTelemetryTask.o
LOAD tasks/Task.o
LOAD tasks/TransmitTelemetryTask.o
LOAD util/CommonHeader.o
LOAD util/CoordinateUtil.o
LOAD util/MatrixUtil.o
LOAD util/Timer.o
START GROUP
LOAD c:/program files (x86)/atmel/atmel toolchain/avr8 gcc/native/3.4.2.1002/avr8-gnu-toolchain/bin/../lib/gcc/avr/4.7.2/../../../../avr/lib/avr6\libm.a
END GROUP
LOAD c:/program files (x86)/atmel/atmel toolchain/avr8 gcc/native/3.4.2.1002/avr8-gnu-toolchain/bin/../lib/gcc/avr/4.7.2/avr6\libgcc.a
LOAD c:/program files (x86)/atmel/atmel toolchain/avr8 gcc/native/3.4.2.1002/avr8-gnu-toolchain/bin/../lib/gcc/avr/4.7.2/../../../../avr/lib/avr6\libm.a
LOAD c:/program files (x86)/atmel/atmel toolchain/avr8 gcc/native/3.4.2.1002/avr8-gnu-toolchain/bin/../lib/gcc/avr/4.7.2/avr6\libgcc.a
LOAD c:/program files (x86)/atmel/atmel toolchain/avr8 gcc/native/3.4.2.1002/avr8-gnu-toolchain/bin/../lib/gcc/avr/4.7.2/../../../../avr/lib/avr6\libc.a
LOAD c:/program files (x86)/atmel/atmel toolchain/avr8 gcc/native/3.4.2.1002/avr8-gnu-toolchain/bin/../lib/gcc/avr/4.7.2/avr6\libgcc.a

.hash
 *(.hash)

.dynsym
 *(.dynsym)

.dynstr
 *(.dynstr)

.gnu.version
 *(.gnu.version)

.gnu.version_d
 *(.gnu.version_d)

.gnu.version_r
 *(.gnu.version_r)

.rel.init
 *(.rel.init)

.rela.init
 *(.rela.init)

.rel.text
 *(.rel.text)
 *(.rel.text.*)
 *(.rel.gnu.linkonce.t*)

.rela.text
 *(.rela.text)
 *(.rela.text.*)
 *(.rela.gnu.linkonce.t*)

.rel.fini
 *(.rel.fini)

.rela.fini
 *(.rela.fini)

.rel.rodata
 *(.rel.rodata)
 *(.rel.rodata.*)
 *(.rel.gnu.linkonce.r*)

.rela.rodata
 *(.rela.rodata)
 *(.rela.rodata.*)
 *(.rela.gnu.linkonce.r*)

.rel.data
 *(.rel.data)
 *(.rel.data.*)
 *(.rel.gnu.linkonce.d*)

.rela.data
 *(.rela.data)
 *(.rela.data.*)
 *(.rela.gnu.linkonce.d*)

.rel.ctors
 *(.rel.ctors)

.rela.ctors
 *(.rela.ctors)

.rel.dtors
 *(.rel.dtors)

.rela.dtors
 *(.rela.dtors)

.rel.got
 *(.rel.got)

.rela.got
 *(.rela.got)

.rel.bss
 *(.rel.bss)

.rela.bss
 *(.rela.bss)

.rel.plt
 *(.rel.plt)

.rela.plt
 *(.rela.plt)

.text           0x00000000     0xe212
 *(.vectors)
 .vectors       0x00000000       0xe4 c:/program files (x86)/atmel/atmel toolchain/avr8 gcc/native/3.4.2.1002/avr8-gnu-toolchain/bin/../lib/gcc/avr/4.7.2/../../../../avr/lib/avr6/crtm2560.o
                0x00000000                __vector_default
                0x00000000                __vectors
 *(.vectors)
 *(.progmem.gcc*)
 .progmem.gcc_fplib
                0x000000e4       0x14 c:/program files (x86)/atmel/atmel toolchain/avr8 gcc/native/3.4.2.1002/avr8-gnu-toolchain/bin/../lib/gcc/avr/4.7.2/../../../../avr/lib/avr6\libm.a(asin.o)
 .progmem.gcc_fplib
                0x000000f8       0x2d c:/program files (x86)/atmel/atmel toolchain/avr8 gcc/native/3.4.2.1002/avr8-gnu-toolchain/bin/../lib/gcc/avr/4.7.2/../../../../avr/lib/avr6\libm.a(atan.o)
 .progmem.gcc_fplib
                0x00000125       0x28 c:/program files (x86)/atmel/atmel toolchain/avr8 gcc/native/3.4.2.1002/avr8-gnu-toolchain/bin/../lib/gcc/avr/4.7.2/../../../../avr/lib/avr6\libm.a(fp_arccos.o)
 .progmem.gcc_fplib
                0x0000014d       0x1e c:/program files (x86)/atmel/atmel toolchain/avr8 gcc/native/3.4.2.1002/avr8-gnu-toolchain/bin/../lib/gcc/avr/4.7.2/../../../../avr/lib/avr6\libm.a(fp_sinus.o)
 .progmem.gcc_fplib
                0x0000016b       0x5a c:/program files (x86)/atmel/atmel toolchain/avr8 gcc/native/3.4.2.1002/avr8-gnu-toolchain/bin/../lib/gcc/avr/4.7.2/../../../../avr/lib/avr6\libm.a(log.o)
 .progmem.gcc_fplib
                0x000001c5       0x28 c:/program files (x86)/atmel/atmel toolchain/avr8 gcc/native/3.4.2.1002/avr8-gnu-toolchain/bin/../lib/gcc/avr/4.7.2/../../../../avr/lib/avr6\libm.a(exp.o)
 *(.progmem*)
                0x000001ee                . = ALIGN (0x2)
 *fill*         0x000001ed        0x1 
                0x000001ee                __trampolines_start = .
 *(.trampolines)
 .trampolines   0x000001ee      0x148 linker stubs
 *(.trampolines*)
                0x00000336                __trampolines_end = .
 *(.jumptables)
 *(.jumptables*)
 *(.lowtext)
 *(.lowtext*)
                0x00000336                __ctors_start = .
 *(.ctors)
 .ctors         0x00000336        0x2 drivers/SerialDriver.o
                0x00000338                __ctors_end = .
                0x00000338                __dtors_start = .
 *(.dtors)
 .dtors         0x00000338        0x2 drivers/SerialDriver.o
                0x0000033a                __dtors_end = .
 SORT(*)(.ctors)
 SORT(*)(.dtors)
 *(.init0)
 .init0         0x0000033a        0x0 c:/program files (x86)/atmel/atmel toolchain/avr8 gcc/native/3.4.2.1002/avr8-gnu-toolchain/bin/../lib/gcc/avr/4.7.2/../../../../avr/lib/avr6/crtm2560.o
                0x0000033a                __init
 *(.init0)
 *(.init1)
 *(.init1)
 *(.init2)
 .init2         0x0000033a       0x10 c:/program files (x86)/atmel/atmel toolchain/avr8 gcc/native/3.4.2.1002/avr8-gnu-toolchain/bin/../lib/gcc/avr/4.7.2/../../../../avr/lib/avr6/crtm2560.o
 *(.init2)
 *(.init3)
 *(.init3)
 *(.init4)
 .init4         0x0000034a       0x1a c:/program files (x86)/atmel/atmel toolchain/avr8 gcc/native/3.4.2.1002/avr8-gnu-toolchain/bin/../lib/gcc/avr/4.7.2/avr6\libgcc.a(_copy_data.o)
                0x0000034a                __do_copy_data
 .init4         0x00000364       0x10 c:/program files (x86)/atmel/atmel toolchain/avr8 gcc/native/3.4.2.1002/avr8-gnu-toolchain/bin/../lib/gcc/avr/4.7.2/avr6\libgcc.a(_clear_bss.o)
                0x00000364                __do_clear_bss
 *(.init4)
 *(.init5)
 *(.init5)
 *(.init6)
 .init6         0x00000374       0x20 c:/program files (x86)/atmel/atmel toolchain/avr8 gcc/native/3.4.2.1002/avr8-gnu-toolchain/bin/../lib/gcc/avr/4.7.2/avr6\libgcc.a(_ctors.o)
                0x00000374                __do_global_ctors
 *(.init6)
 *(.init7)
 *(.init7)
 *(.init8)
 *(.init8)
 *(.init9)
 .init9         0x00000394        0x8 c:/program files (x86)/atmel/atmel toolchain/avr8 gcc/native/3.4.2.1002/avr8-gnu-toolchain/bin/../lib/gcc/avr/4.7.2/../../../../avr/lib/avr6/crtm2560.o
 *(.init9)
 *(.text)
 .text          0x0000039c        0x4 c:/program files (x86)/atmel/atmel toolchain/avr8 gcc/native/3.4.2.1002/avr8-gnu-toolchain/bin/../lib/gcc/avr/4.7.2/../../../../avr/lib/avr6/crtm2560.o
                0x0000039c                __vector_38
                0x0000039c                __vector_22
                0x0000039c                __vector_28
                0x0000039c                __vector_1
                0x0000039c                __vector_32
                0x0000039c                __vector_34
                0x0000039c                __vector_24
                0x0000039c                __vector_12
                0x0000039c                __vector_55
                0x0000039c                __bad_interrupt
                0x0000039c                __vector_6
                0x0000039c                __vector_31
                0x0000039c                __vector_35
                0x0000039c                __vector_39
                0x0000039c                __vector_3
                0x0000039c                __vector_23
                0x0000039c                __vector_30
                0x0000039c                __vector_45
                0x0000039c                __vector_11
                0x0000039c                __vector_54
                0x0000039c                __vector_17
                0x0000039c                __vector_19
                0x0000039c                __vector_56
                0x0000039c                __vector_7
                0x0000039c                __vector_49
                0x0000039c                __vector_41
                0x0000039c                __vector_43
                0x0000039c                __vector_27
                0x0000039c                __vector_5
                0x0000039c                __vector_33
                0x0000039c                __vector_47
                0x0000039c                __vector_52
                0x0000039c                __vector_4
                0x0000039c                __vector_44
                0x0000039c                __vector_51
                0x0000039c                __vector_9
                0x0000039c                __vector_2
                0x0000039c                __vector_15
                0x0000039c                __vector_29
                0x0000039c                __vector_40
                0x0000039c                __vector_8
                0x0000039c                __vector_48
                0x0000039c                __vector_14
                0x0000039c                __vector_53
                0x0000039c                __vector_10
                0x0000039c                __vector_50
                0x0000039c                __vector_16
                0x0000039c                __vector_18
                0x0000039c                __vector_20
                0x0000039c                __vector_42
                0x000003a0                . = ALIGN (0x2)
 *(.text.*)
 .text._ZN10helicopter6buffer14CircularBuffer7enqueueEh
                0x000003a0       0x44 buffer/CircularBuffer.o
                0x000003a0                _ZN10helicopter6buffer14CircularBuffer7enqueueEh
 .text._ZN10helicopter6buffer14CircularBuffer7dequeueERh
                0x000003e4       0x46 buffer/CircularBuffer.o
                0x000003e4                _ZN10helicopter6buffer14CircularBuffer7dequeueERh
 .text._ZN10helicopter10controller13PIDControllerC2EPNS_5model11SystemModelE
                0x0000042a      0x164 controller/PIDController.o
                0x0000042a                _ZN10helicopter10controller13PIDControllerC2EPNS_5model11SystemModelE
                0x0000042a                _ZN10helicopter10controller13PIDControllerC1EPNS_5model11SystemModelE
 .text._ZN10helicopter10controller13PIDController30calculateOuterLoopControlValueEfffffi
                0x0000058e       0xca controller/PIDController.o
                0x0000058e                _ZN10helicopter10controller13PIDController30calculateOuterLoopControlValueEfffffi
 .text._ZN10helicopter10controller13PIDController27adjustControlForServoLimitsEfff
                0x00000658       0x8a controller/PIDController.o
                0x00000658                _ZN10helicopter10controller13PIDController27adjustControlForServoLimitsEfff
 .text._Z30calculateInnerLoopControlValuefffff
                0x000006e2       0x6a controller/PIDController.o
                0x000006e2                _Z30calculateInnerLoopControlValuefffff
 .text._ZN10helicopter10controller13PIDController23adjustForSetpointLimitsEfff
                0x0000074c       0x8a controller/PIDController.o
                0x0000074c                _ZN10helicopter10controller13PIDController23adjustForSetpointLimitsEfff
 .text._ZN10helicopter10controller13PIDController13addBlownFrameEv
                0x000007d6       0x22 controller/PIDController.o
                0x000007d6                _ZN10helicopter10controller13PIDController13addBlownFrameEv
 .text._ZN10helicopter10controller13PIDController34tailRotorCollectiveOuterLoopUpdateEv
                0x000007f8      0x2ae controller/PIDController.o
                0x000007f8                _ZN10helicopter10controller13PIDController34tailRotorCollectiveOuterLoopUpdateEv
 .text._ZN10helicopter10controller13PIDController34mainRotorCollectiveOuterLoopUpdateEf
                0x00000aa6      0x238 controller/PIDController.o
                0x00000aa6                _ZN10helicopter10controller13PIDController34mainRotorCollectiveOuterLoopUpdateEf
 .text._ZN10helicopter10controller13PIDController30cyclicLongitudeOuterLoopUpdateEf
                0x00000cde      0x20a controller/PIDController.o
                0x00000cde                _ZN10helicopter10controller13PIDController30cyclicLongitudeOuterLoopUpdateEf
 .text._ZN10helicopter10controller13PIDController28cyclicLateralOuterLoopUpdateEf
                0x00000ee8      0x224 controller/PIDController.o
                0x00000ee8                _ZN10helicopter10controller13PIDController28cyclicLateralOuterLoopUpdateEf
 .text._ZN10helicopter10controller13PIDController15outerLoopUpdateEv
                0x0000110c      0x168 controller/PIDController.o
                0x0000110c                _ZN10helicopter10controller13PIDController15outerLoopUpdateEv
 .text._ZN10helicopter10controller13PIDController30cyclicLongitudeInnerLoopUpdateEv
                0x00001274       0xe0 controller/PIDController.o
                0x00001274                _ZN10helicopter10controller13PIDController30cyclicLongitudeInnerLoopUpdateEv
 .text._ZN10helicopter10controller13PIDController28cyclicLateralInnerLoopUpdateEv
                0x00001354       0xea controller/PIDController.o
                0x00001354                _ZN10helicopter10controller13PIDController28cyclicLateralInnerLoopUpdateEv
 .text._ZN10helicopter7drivers12SerialDriverD2Ev
                0x0000143e        0xc drivers/SerialDriver.o
                0x0000143e                _ZN10helicopter7drivers12SerialDriverD1Ev
                0x0000143e                _ZN10helicopter7drivers12SerialDriverD2Ev
 .text._ZN10helicopter7drivers12SerialDriver8transmitEf
                0x0000144a       0x84 drivers/SerialDriver.o
                0x0000144a                _ZN10helicopter7drivers12SerialDriver8transmitEf
 .text._ZN10helicopter7drivers12SerialDriver8transmitEi
                0x000014ce       0x44 drivers/SerialDriver.o
                0x000014ce                _ZN10helicopter7drivers12SerialDriver8transmitEi
 .text._ZN10helicopter7drivers12SerialDriver8transmitEm
                0x00001512       0x9e drivers/SerialDriver.o
                0x00001512                _ZN10helicopter7drivers12SerialDriver8transmitEm
 .text._ZN10helicopter7drivers12SerialDriver8transmitEl
                0x000015b0       0xa6 drivers/SerialDriver.o
                0x000015b0                _ZN10helicopter7drivers12SerialDriver8transmitEl
 .text._ZN10helicopter7drivers12SerialDriver8transmitEx
                0x00001656      0x1fc drivers/SerialDriver.o
                0x00001656                _ZN10helicopter7drivers12SerialDriver8transmitEx
 .text._ZN10helicopter7drivers12SerialDriver7receiveERh
                0x00001852       0xd6 drivers/SerialDriver.o
                0x00001852                _ZN10helicopter7drivers12SerialDriver7receiveERh
 .text._ZN10helicopter7drivers12SerialDriver8transmitEh
                0x00001928       0xb0 drivers/SerialDriver.o
                0x00001928                _ZN10helicopter7drivers12SerialDriver8transmitEh
 .text._ZN10helicopter7drivers12SerialDriver4initEv
                0x000019d8      0x15e drivers/SerialDriver.o
                0x000019d8                _ZN10helicopter7drivers12SerialDriver4initEv
 .text._ZN10helicopter7drivers12SerialDriverD0Ev
                0x00001b36       0x10 drivers/SerialDriver.o
                0x00001b36                _ZN10helicopter7drivers12SerialDriverD0Ev
 .text._ZN10helicopter6buffer14CircularBufferC2Ei
                0x00001b46       0x44 drivers/SerialDriver.o
                0x00001b46                _ZN10helicopter6buffer14CircularBufferC2Ei
                0x00001b46                _ZN10helicopter6buffer14CircularBufferC1Ei
 .text._Z41__static_initialization_and_destruction_0ii
                0x00001b8a       0x52 drivers/SerialDriver.o
 .text._ZN10helicopter7drivers12SerialDriver10startTimerEv
                0x00001bdc       0x10 drivers/SerialDriver.o
                0x00001bdc                _ZN10helicopter7drivers12SerialDriver10startTimerEv
 .text._ZN10helicopter7drivers12SerialDriver9stopTimerEv
                0x00001bec       0x10 drivers/SerialDriver.o
                0x00001bec                _ZN10helicopter7drivers12SerialDriver9stopTimerEv
 .text._ZN10helicopter7drivers12SerialDriver8transmitEPKci
                0x00001bfc       0x60 drivers/SerialDriver.o
                0x00001bfc                _ZN10helicopter7drivers12SerialDriver8transmitEPKci
 .text._ZN10helicopter7drivers12SerialDriver11clearBufferEv
                0x00001c5c       0x40 drivers/SerialDriver.o
                0x00001c5c                _ZN10helicopter7drivers12SerialDriver11clearBufferEv
 .text.__vector_25
                0x00001c9c       0x58 drivers/SerialDriver.o
                0x00001c9c                __vector_25
 .text.__vector_26
                0x00001cf4       0x80 drivers/SerialDriver.o
                0x00001cf4                __vector_26
 .text.__vector_37
                0x00001d74       0x80 drivers/SerialDriver.o
                0x00001d74                __vector_37
 .text._GLOBAL__sub_I__ZN10helicopter7drivers12SerialDriver13receiveBufferE
                0x00001df4        0xe drivers/SerialDriver.o
 .text._GLOBAL__sub_D__ZN10helicopter7drivers12SerialDriver13receiveBufferE
                0x00001e02        0xe drivers/SerialDriver.o
 .text._ZN10helicopter7drivers9SPIDriver4initEv
                0x00001e10       0x12 drivers/SPIDriver.o
                0x00001e10                _ZN10helicopter7drivers9SPIDriver4initEv
 .text._ZN10helicopter7drivers9SPIDriver16beginTransactionEv
                0x00001e22       0x14 drivers/SPIDriver.o
                0x00001e22                _ZN10helicopter7drivers9SPIDriver16beginTransactionEv
 .text._ZN10helicopter7drivers9SPIDriver14endTransactionEv
                0x00001e36       0x14 drivers/SPIDriver.o
                0x00001e36                _ZN10helicopter7drivers9SPIDriver14endTransactionEv
 .text._ZN10helicopter7drivers9SPIDriver8readByteEv
                0x00001e4a        0xc drivers/SPIDriver.o
                0x00001e4a                _ZN10helicopter7drivers9SPIDriver8readByteEv
 .text._ZN10helicopter7drivers9SPIDriver8readUIntEv
                0x00001e56       0x24 drivers/SPIDriver.o
                0x00001e56                _ZN10helicopter7drivers9SPIDriver8readUIntEv
 .text._ZN10helicopter7drivers9SPIDriver7readIntEv
                0x00001e7a       0x24 drivers/SPIDriver.o
                0x00001e7a                _ZN10helicopter7drivers9SPIDriver7readIntEv
 .text._ZN10helicopter7drivers9SPIDriver5writeEh
                0x00001e9e        0xa drivers/SPIDriver.o
                0x00001e9e                _ZN10helicopter7drivers9SPIDriver5writeEh
 .text._ZN10helicopter7drivers9SPIDriver16transactionWriteEh
                0x00001ea8       0x24 drivers/SPIDriver.o
                0x00001ea8                _ZN10helicopter7drivers9SPIDriver16transactionWriteEh
 .text._ZN10helicopter7drivers9SPIDriver16transactionWriteEhh
                0x00001ecc       0x32 drivers/SPIDriver.o
                0x00001ecc                _ZN10helicopter7drivers9SPIDriver16transactionWriteEhh
 .text._ZN10helicopter7drivers9TWIDriver4initEv
                0x00001efe       0x1c drivers/TWIDriver.o
                0x00001efe                _ZN10helicopter7drivers9TWIDriver4initEv
 .text._ZN10helicopter7drivers9TWIDriver5startEv
                0x00001f1a       0x4a drivers/TWIDriver.o
                0x00001f1a                _ZN10helicopter7drivers9TWIDriver5startEv
 .text._ZN10helicopter7drivers9TWIDriver4stopEv
                0x00001f64        0x8 drivers/TWIDriver.o
                0x00001f64                _ZN10helicopter7drivers9TWIDriver4stopEv
 .text._ZN10helicopter7drivers9TWIDriver5resetEv
                0x00001f6c       0x10 drivers/TWIDriver.o
                0x00001f6c                _ZN10helicopter7drivers9TWIDriver5resetEv
 .text._ZN10helicopter7drivers9TWIDriver5writeEhh
                0x00001f7c       0x50 drivers/TWIDriver.o
                0x00001f7c                _ZN10helicopter7drivers9TWIDriver5writeEhh
 .text._ZN10helicopter7drivers9TWIDriver8readByteEbRh
                0x00001fcc       0x46 drivers/TWIDriver.o
                0x00001fcc                _ZN10helicopter7drivers9TWIDriver8readByteEbRh
 .text._ZN10helicopter5tasks12FlashLEDTask4initEv
                0x00002012       0x1a HelicopterMain.o
                0x00002012                _ZN10helicopter5tasks12FlashLEDTask4initEv
 .text._ZN10helicopter5tasks12FlashLEDTask11runTaskImplEv
                0x0000202c       0x44 HelicopterMain.o
                0x0000202c                _ZN10helicopter5tasks12FlashLEDTask11runTaskImplEv
 .text._ZN10helicopter5tasks12FlashLEDTaskD2Ev
                0x00002070        0xc HelicopterMain.o
                0x00002070                _ZN10helicopter5tasks12FlashLEDTaskD1Ev
                0x00002070                _ZN10helicopter5tasks12FlashLEDTaskD2Ev
 .text._ZN10helicopter5tasks12FlashLEDTaskD0Ev
                0x0000207c       0x10 HelicopterMain.o
                0x0000207c                _ZN10helicopter5tasks12FlashLEDTaskD0Ev
 .text._ZN10helicopter5model11SystemModelC2Ev
                0x0000208c      0x47a HelicopterMain.o
                0x0000208c                _ZN10helicopter5model11SystemModelC1Ev
                0x0000208c                _ZN10helicopter5model11SystemModelC2Ev
 .text._Z33setupDefaultsandReferencePositionPN10helicopter5model11SystemModelEPNS_10controller13PIDControllerE
                0x00002506      0x2e8 HelicopterMain.o
                0x00002506                _Z33setupDefaultsandReferencePositionPN10helicopter5model11SystemModelEPNS_10controller13PIDControllerE
 .text.main     0x000027ee      0xe8e HelicopterMain.o
                0x000027ee                main
 .text._ZN10helicopter10interfaces29GroundControlStationInterface17calculateChecksumEPhiRhS3_
                0x0000367c       0x38 interfaces/GroundControlStationInterface.o
                0x0000367c                _ZN10helicopter10interfaces29GroundControlStationInterface17calculateChecksumEPhiRhS3_
 .text._ZN10helicopter10interfaces29GroundControlStationInterface8transmitEPNS_8messages7MessageE
                0x000036b4      0x1be interfaces/GroundControlStationInterface.o
                0x000036b4                _ZN10helicopter10interfaces29GroundControlStationInterface8transmitEPNS_8messages7MessageE
 .text._ZN10helicopter10interfaces29GroundControlStationInterface7receiveERPNS_8messages7MessageE
                0x00003872      0x2e2 interfaces/GroundControlStationInterface.o
                0x00003872                _ZN10helicopter10interfaces29GroundControlStationInterface7receiveERPNS_8messages7MessageE
 .text._ZN10helicopter10interfaces24RadioControllerInterface40calculatePWMCompareMatchFromControlValueEf
                0x00003b54       0xc2 interfaces/RadioControllerInterface.o
                0x00003b54                _ZN10helicopter10interfaces24RadioControllerInterface40calculatePWMCompareMatchFromControlValueEf
 .text._ZN10helicopter10interfaces24RadioControllerInterface10ScaleValueEl
                0x00003c16       0xb2 interfaces/RadioControllerInterface.o
                0x00003c16                _ZN10helicopter10interfaces24RadioControllerInterface10ScaleValueEl
 .text._ZN10helicopter10interfaces24RadioControllerInterface31convertPulseWidthToCompareMatchEl
                0x00003cc8       0x32 interfaces/RadioControllerInterface.o
                0x00003cc8                _ZN10helicopter10interfaces24RadioControllerInterface31convertPulseWidthToCompareMatchEl
 .text._ZN10helicopter10interfaces24RadioControllerInterface27getRadioControllerInterfaceEv
                0x00003cfa       0xc6 interfaces/RadioControllerInterface.o
                0x00003cfa                _ZN10helicopter10interfaces24RadioControllerInterface27getRadioControllerInterfaceEv
 .text.__vector_46
                0x00003dc0      0x1ac interfaces/RadioControllerInterface.o
                0x00003dc0                __vector_46
 .text._ZN10helicopter10interfaces24RadioControllerInterface4initEv
                0x00003f6c      0x12e interfaces/RadioControllerInterface.o
                0x00003f6c                _ZN10helicopter10interfaces24RadioControllerInterface4initEv
 .text._ZN10helicopter10interfaces24RadioControllerInterface4CCPMEfffRfS2_S2_
                0x0000409a      0x194 interfaces/RadioControllerInterface.o
                0x0000409a                _ZN10helicopter10interfaces24RadioControllerInterface4CCPMEfffRfS2_S2_
 .text._ZN10helicopter10interfaces24RadioControllerInterface5startEv
                0x0000422e      0x260 interfaces/RadioControllerInterface.o
                0x0000422e                _ZN10helicopter10interfaces24RadioControllerInterface5startEv
 .text._ZN10helicopter10interfaces24RadioControllerInterface13controlServosEfffff
                0x0000448e      0x352 interfaces/RadioControllerInterface.o
                0x0000448e                _ZN10helicopter10interfaces24RadioControllerInterface13controlServosEfffff
 .text._ZN10helicopter8messages14ControlMessageD2Ev
                0x000047e0        0xc messages/ControlMessage.o
                0x000047e0                _ZN10helicopter8messages14ControlMessageD1Ev
                0x000047e0                _ZN10helicopter8messages14ControlMessageD2Ev
 .text._ZN10helicopter8messages14ControlMessageD0Ev
                0x000047ec       0x10 messages/ControlMessage.o
                0x000047ec                _ZN10helicopter8messages14ControlMessageD0Ev
 .text._ZN10helicopter8messages14ControlMessage8getBytesEv
                0x000047fc       0x5e messages/ControlMessage.o
                0x000047fc                _ZN10helicopter8messages14ControlMessage8getBytesEv
 .text._ZN10helicopter8messages14ControlMessage12buildMessageEPh
                0x0000485a       0x56 messages/ControlMessage.o
                0x0000485a                _ZN10helicopter8messages14ControlMessage12buildMessageEPh
 .text._ZN10helicopter8messages12GainsMessageD2Ev
                0x000048b0        0xc messages/GainsMessage.o
                0x000048b0                _ZN10helicopter8messages12GainsMessageD2Ev
                0x000048b0                _ZN10helicopter8messages12GainsMessageD1Ev
 .text._ZN10helicopter8messages12GainsMessageD0Ev
                0x000048bc       0x10 messages/GainsMessage.o
                0x000048bc                _ZN10helicopter8messages12GainsMessageD0Ev
 .text._ZN10helicopter8messages12GainsMessage8getBytesEv
                0x000048cc      0x234 messages/GainsMessage.o
                0x000048cc                _ZN10helicopter8messages12GainsMessage8getBytesEv
 .text._ZN10helicopter8messages12GainsMessage12buildMessageEPh
                0x00004b00      0x25e messages/GainsMessage.o
                0x00004b00                _ZN10helicopter8messages12GainsMessage12buildMessageEPh
 .text._ZN10helicopter8messages12GainsMessage14buildMessageStEPh
                0x00004d5e      0x138 messages/GainsMessage.o
                0x00004d5e                _ZN10helicopter8messages12GainsMessage14buildMessageStEPh
 .text._ZN10helicopter8messages7MessageD2Ev
                0x00004e96        0xc messages/Message.o
                0x00004e96                _ZN10helicopter8messages7MessageD1Ev
                0x00004e96                _ZN10helicopter8messages7MessageD2Ev
 .text._ZN10helicopter8messages7Message8getBytesEv
                0x00004ea2        0x6 messages/Message.o
                0x00004ea2                _ZN10helicopter8messages7Message8getBytesEv
 .text._ZN10helicopter8messages7Message12buildMessageEPh
                0x00004ea8        0x2 messages/Message.o
                0x00004ea8                _ZN10helicopter8messages7Message12buildMessageEPh
 .text._ZN10helicopter8messages7MessageD0Ev
                0x00004eaa       0x10 messages/Message.o
                0x00004eaa                _ZN10helicopter8messages7MessageD0Ev
 .text._ZN10helicopter8messages7Message14getMessageSizeEv
                0x00004eba        0x8 messages/Message.o
                0x00004eba                _ZN10helicopter8messages7Message14getMessageSizeEv
 .text._ZN10helicopter8messages17SensorDataMessageD2Ev
                0x00004ec2        0xc messages/SensorDataMessage.o
                0x00004ec2                _ZN10helicopter8messages17SensorDataMessageD1Ev
                0x00004ec2                _ZN10helicopter8messages17SensorDataMessageD2Ev
 .text._ZN10helicopter8messages17SensorDataMessageD0Ev
                0x00004ece       0x10 messages/SensorDataMessage.o
                0x00004ece                _ZN10helicopter8messages17SensorDataMessageD0Ev
 .text._ZN10helicopter8messages17SensorDataMessage8getBytesEv
                0x00004ede      0x12c messages/SensorDataMessage.o
                0x00004ede                _ZN10helicopter8messages17SensorDataMessage8getBytesEv
 .text._ZN10helicopter8messages17SensorDataMessage12buildMessageEPh
                0x0000500a      0x15e messages/SensorDataMessage.o
                0x0000500a                _ZN10helicopter8messages17SensorDataMessage12buildMessageEPh
 .text._ZN10helicopter8messages17SensorDataMessage14buildMessageStEPh
                0x00005168       0xc8 messages/SensorDataMessage.o
                0x00005168                _ZN10helicopter8messages17SensorDataMessage14buildMessageStEPh
 .text._ZN10helicopter8messages22SimpleTelemetryMessageD2Ev
                0x00005230        0xc messages/SimpleTelemetryMessage.o
                0x00005230                _ZN10helicopter8messages22SimpleTelemetryMessageD2Ev
                0x00005230                _ZN10helicopter8messages22SimpleTelemetryMessageD1Ev
 .text._ZN10helicopter8messages22SimpleTelemetryMessageD0Ev
                0x0000523c       0x10 messages/SimpleTelemetryMessage.o
                0x0000523c                _ZN10helicopter8messages22SimpleTelemetryMessageD0Ev
 .text._ZN10helicopter8messages22SimpleTelemetryMessage8getBytesEv
                0x0000524c      0x2f4 messages/SimpleTelemetryMessage.o
                0x0000524c                _ZN10helicopter8messages22SimpleTelemetryMessage8getBytesEv
 .text._ZN10helicopter8messages22SimpleTelemetryMessage12buildMessageEPh
                0x00005540      0x31e messages/SimpleTelemetryMessage.o
                0x00005540                _ZN10helicopter8messages22SimpleTelemetryMessage12buildMessageEPh
 .text._ZN10helicopter8messages22SimpleTelemetryMessage14buildMessageStEPh
                0x0000585e      0x18c messages/SimpleTelemetryMessage.o
                0x0000585e                _ZN10helicopter8messages22SimpleTelemetryMessage14buildMessageStEPh
 .text._ZN10helicopter8messages11SyncMessageD2Ev
                0x000059ea        0xc messages/SyncMessage.o
                0x000059ea                _ZN10helicopter8messages11SyncMessageD2Ev
                0x000059ea                _ZN10helicopter8messages11SyncMessageD1Ev
 .text._ZN10helicopter8messages11SyncMessage12buildMessageEPh
                0x000059f6       0x18 messages/SyncMessage.o
                0x000059f6                _ZN10helicopter8messages11SyncMessage12buildMessageEPh
 .text._ZN10helicopter8messages11SyncMessage8getBytesEv
                0x00005a0e       0x22 messages/SyncMessage.o
                0x00005a0e                _ZN10helicopter8messages11SyncMessage8getBytesEv
 .text._ZN10helicopter8messages11SyncMessageD0Ev
                0x00005a30       0x10 messages/SyncMessage.o
                0x00005a30                _ZN10helicopter8messages11SyncMessageD0Ev
 .text._ZN10helicopter8messages22SystemTelemetryMessageD2Ev
                0x00005a40        0xc messages/SystemTelemetryMessage.o
                0x00005a40                _ZN10helicopter8messages22SystemTelemetryMessageD2Ev
                0x00005a40                _ZN10helicopter8messages22SystemTelemetryMessageD1Ev
 .text._ZN10helicopter8messages22SystemTelemetryMessageD0Ev
                0x00005a4c       0x10 messages/SystemTelemetryMessage.o
                0x00005a4c                _ZN10helicopter8messages22SystemTelemetryMessageD0Ev
 .text._ZN10helicopter8messages22SystemTelemetryMessage8getBytesEv
                0x00005a5c      0x894 messages/SystemTelemetryMessage.o
                0x00005a5c                _ZN10helicopter8messages22SystemTelemetryMessage8getBytesEv
 .text._ZN10helicopter8messages22SystemTelemetryMessage12buildMessageEPh
                0x000062f0      0x8be messages/SystemTelemetryMessage.o
                0x000062f0                _ZN10helicopter8messages22SystemTelemetryMessage12buildMessageEPh
 .text._ZN10helicopter8messages22SystemTelemetryMessage14buildMessageStEPh
                0x00006bae      0x402 messages/SystemTelemetryMessage.o
                0x00006bae                _ZN10helicopter8messages22SystemTelemetryMessage14buildMessageStEPh
 .text._ZN10helicopter8messages22SystemTelemetryMessage21buildMessageFromModelEPNS_5model11SystemModelE
                0x00006fb0      0xd02 messages/SystemTelemetryMessage.o
                0x00006fb0                _ZN10helicopter8messages22SystemTelemetryMessage21buildMessageFromModelEPNS_5model11SystemModelE
 .text._ZN10helicopter8messages22SystemTelemetryMessage35updateModelFromMessageFromSimulatorEPNS_5model11SystemModelE
                0x00007cb2      0x28a messages/SystemTelemetryMessage.o
                0x00007cb2                _ZN10helicopter8messages22SystemTelemetryMessage35updateModelFromMessageFromSimulatorEPNS_5model11SystemModelE
 .text._ZN10helicopter10navigation4AHRS14scaleAndAdjustEPfS2_fRA3_f
                0x00007f3c       0xbe navigation/AHRS.o
                0x00007f3c                _ZN10helicopter10navigation4AHRS14scaleAndAdjustEPfS2_fRA3_f
 .text._ZN10helicopter10navigation4AHRS17orthonormalizeDcmEv
                0x00007ffa       0xae navigation/AHRS.o
                0x00007ffa                _ZN10helicopter10navigation4AHRS17orthonormalizeDcmEv
 .text._ZN10helicopter10navigation4AHRS6updateEfffffffff
                0x000080a8      0x40c navigation/AHRS.o
                0x000080a8                _ZN10helicopter10navigation4AHRS6updateEfffffffff
 .text._ZN10helicopter10navigation4AHRS10getYawRadsEv
                0x000084b4       0x14 navigation/AHRS.o
                0x000084b4                _ZN10helicopter10navigation4AHRS10getYawRadsEv
 .text._ZN10helicopter10navigation4AHRS12getPitchRadsEv
                0x000084c8       0x14 navigation/AHRS.o
                0x000084c8                _ZN10helicopter10navigation4AHRS12getPitchRadsEv
 .text._ZN10helicopter10navigation4AHRS11getRollRadsEv
                0x000084dc       0x14 navigation/AHRS.o
                0x000084dc                _ZN10helicopter10navigation4AHRS11getRollRadsEv
 .text._ZN10helicopter9scheduler9SchedulerC2Em9PRESCALERi
                0x000084f0       0x66 scheduler/Scheduler.o
                0x000084f0                _ZN10helicopter9scheduler9SchedulerC2Em9PRESCALERi
                0x000084f0                _ZN10helicopter9scheduler9SchedulerC1Em9PRESCALERi
 .text._ZN10helicopter9scheduler9Scheduler12getSchedulerEv
                0x00008556       0x4c scheduler/Scheduler.o
                0x00008556                _ZN10helicopter9scheduler9Scheduler12getSchedulerEv
 .text._ZN10helicopter9scheduler9Scheduler7addTaskEPNS_5tasks4TaskE
                0x000085a2       0x34 scheduler/Scheduler.o
                0x000085a2                _ZN10helicopter9scheduler9Scheduler7addTaskEPNS_5tasks4TaskE
 .text._ZN10helicopter9scheduler9Scheduler4initEv
                0x000085d6       0x78 scheduler/Scheduler.o
                0x000085d6                _ZN10helicopter9scheduler9Scheduler4initEv
 .text._ZN10helicopter9scheduler9Scheduler8dispatchEv
                0x0000864e       0x82 scheduler/Scheduler.o
                0x0000864e                _ZN10helicopter9scheduler9Scheduler8dispatchEv
 .text._ZN10helicopter9scheduler9Scheduler5startEv
                0x000086d0       0x72 scheduler/Scheduler.o
                0x000086d0                _ZN10helicopter9scheduler9Scheduler5startEv
 .text.__vector_13
                0x00008742       0xc6 scheduler/Scheduler.o
                0x00008742                __vector_13
 .text._ZN10helicopter7sensors15BarometerSensor4initEv
                0x00008808      0x166 sensors/BarometerSensor.o
                0x00008808                _ZN10helicopter7sensors15BarometerSensor4initEv
 .text._ZN10helicopter7sensors15BarometerSensor13sendD1CommandEv
                0x0000896e        0xe sensors/BarometerSensor.o
                0x0000896e                _ZN10helicopter7sensors15BarometerSensor13sendD1CommandEv
 .text._ZN10helicopter7sensors15BarometerSensor10readD1DataEv
                0x0000897c       0x82 sensors/BarometerSensor.o
                0x0000897c                _ZN10helicopter7sensors15BarometerSensor10readD1DataEv
 .text._ZN10helicopter7sensors15BarometerSensor13sendD2CommandEv
                0x000089fe        0xe sensors/BarometerSensor.o
                0x000089fe                _ZN10helicopter7sensors15BarometerSensor13sendD2CommandEv
 .text._ZN10helicopter7sensors15BarometerSensor10readD2DataEv
                0x00008a0c       0x82 sensors/BarometerSensor.o
                0x00008a0c                _ZN10helicopter7sensors15BarometerSensor10readD2DataEv
 .text._ZN10helicopter7sensors15BarometerSensor15processBaroDataEv
                0x00008a8e      0x67e sensors/BarometerSensor.o
                0x00008a8e                _ZN10helicopter7sensors15BarometerSensor15processBaroDataEv
 .text._ZN10helicopter7sensors9GPSSensor14receiveAckNackEv
                0x0000910c       0xfa sensors/GPSSensor.o
                0x0000910c                _ZN10helicopter7sensors9GPSSensor14receiveAckNackEv
 .text._ZN10helicopter7sensors9GPSSensor14receiveGpsDataEmPhi
                0x00009206       0xf2 sensors/GPSSensor.o
                0x00009206                _ZN10helicopter7sensors9GPSSensor14receiveGpsDataEmPhi
 .text._ZN10helicopter7sensors9GPSSensor10readSensorEPhiS2_i
                0x000092f8       0x7e sensors/GPSSensor.o
                0x000092f8                _ZN10helicopter7sensors9GPSSensor10readSensorEPhiS2_i
 .text._ZN10helicopter7sensors9GPSSensor21processSensorSolutionEv
                0x00009376      0x196 sensors/GPSSensor.o
                0x00009376                _ZN10helicopter7sensors9GPSSensor21processSensorSolutionEv
 .text._ZN10helicopter7sensors9GPSSensor18readSensorSolutionEv
                0x0000950c      0x186 sensors/GPSSensor.o
                0x0000950c                _ZN10helicopter7sensors9GPSSensor18readSensorSolutionEv
 .text._ZN10helicopter7sensors9GPSSensor19readSensorNavStatusEv
                0x00009692       0x74 sensors/GPSSensor.o
                0x00009692                _ZN10helicopter7sensors9GPSSensor19readSensorNavStatusEv
 .text._ZN10helicopter7sensors9GPSSensor13readSensorLLHEv
                0x00009706       0xaa sensors/GPSSensor.o
                0x00009706                _ZN10helicopter7sensors9GPSSensor13readSensorLLHEv
 .text._ZN10helicopter7sensors9GPSSensor4initEv
                0x000097b0       0xd8 sensors/GPSSensor.o
                0x000097b0                _ZN10helicopter7sensors9GPSSensor4initEv
 .text._ZN10helicopter7sensors9GPSSensor5startEv
                0x00009888       0x5c sensors/GPSSensor.o
                0x00009888                _ZN10helicopter7sensors9GPSSensor5startEv
 .text._ZN10helicopter7sensors9GPSSensor10isGpsReadyEv
                0x000098e4       0x10 sensors/GPSSensor.o
                0x000098e4                _ZN10helicopter7sensors9GPSSensor10isGpsReadyEv
 .text.__vector_36
                0x000098f4      0x146 sensors/GPSSensor.o
                0x000098f4                __vector_36
 .text._ZN10helicopter7sensors9IMUSensor10readSensorEv
                0x00009a3a      0x214 sensors/IMUSensor.o
                0x00009a3a                _ZN10helicopter7sensors9IMUSensor10readSensorEv
 .text._ZN10helicopter7sensors9IMUSensor4initEv
                0x00009c4e      0x2ac sensors/IMUSensor.o
                0x00009c4e                _ZN10helicopter7sensors9IMUSensor4initEv
 .text._ZN10helicopter7sensors18MagnetometerSensorC2EPNS_7drivers9TWIDriverE
                0x00009efa       0x70 sensors/MagnetometerSensor.o
                0x00009efa                _ZN10helicopter7sensors18MagnetometerSensorC1EPNS_7drivers9TWIDriverE
                0x00009efa                _ZN10helicopter7sensors18MagnetometerSensorC2EPNS_7drivers9TWIDriverE
 .text._ZN10helicopter7sensors18MagnetometerSensor10readSensorEv
                0x00009f6a      0x314 sensors/MagnetometerSensor.o
                0x00009f6a                _ZN10helicopter7sensors18MagnetometerSensor10readSensorEv
 .text._ZN10helicopter7sensors18MagnetometerSensor4initEv
                0x0000a27e      0x5d0 sensors/MagnetometerSensor.o
                0x0000a27e                _ZN10helicopter7sensors18MagnetometerSensor4initEv
 .text._ZN10helicopter5tasks4Task4initEv
                0x0000a84e        0x2 tasks/NavigationTask.o
                0x0000a84e                _ZN10helicopter5tasks4Task4initEv
 .text._ZN10helicopter5tasks14NavigationTaskD2Ev
                0x0000a850        0xc tasks/NavigationTask.o
                0x0000a850                _ZN10helicopter5tasks14NavigationTaskD1Ev
                0x0000a850                _ZN10helicopter5tasks14NavigationTaskD2Ev
 .text._ZN10helicopter5tasks14NavigationTaskD0Ev
                0x0000a85c       0x10 tasks/NavigationTask.o
                0x0000a85c                _ZN10helicopter5tasks14NavigationTaskD0Ev
 .text._ZN10helicopter5tasks14NavigationTask11runTaskImplEv
                0x0000a86c      0x1de tasks/NavigationTask.o
                0x0000a86c                _ZN10helicopter5tasks14NavigationTask11runTaskImplEv
 .text._ZN10helicopter5tasks14NavigationTaskC2EfPNS_10navigation4AHRSEPNS_5model11SystemModelEii
                0x0000aa4a       0x7a tasks/NavigationTask.o
                0x0000aa4a                _ZN10helicopter5tasks14NavigationTaskC2EfPNS_10navigation4AHRSEPNS_5model11SystemModelEii
                0x0000aa4a                _ZN10helicopter5tasks14NavigationTaskC1EfPNS_10navigation4AHRSEPNS_5model11SystemModelEii
 .text._ZN10helicopter5tasks16PIDInnerLoopTaskD2Ev
                0x0000aac4        0xc tasks/PIDInnerLoopTask.o
                0x0000aac4                _ZN10helicopter5tasks16PIDInnerLoopTaskD1Ev
                0x0000aac4                _ZN10helicopter5tasks16PIDInnerLoopTaskD2Ev
 .text._ZN10helicopter5tasks16PIDInnerLoopTaskD0Ev
                0x0000aad0       0x10 tasks/PIDInnerLoopTask.o
                0x0000aad0                _ZN10helicopter5tasks16PIDInnerLoopTaskD0Ev
 .text._ZN10helicopter5tasks16PIDInnerLoopTask11runTaskImplEv
                0x0000aae0       0x1c tasks/PIDInnerLoopTask.o
                0x0000aae0                _ZN10helicopter5tasks16PIDInnerLoopTask11runTaskImplEv
 .text._ZN10helicopter5tasks16PIDInnerLoopTaskC2EPNS_10controller13PIDControllerEii
                0x0000aafc       0x2a tasks/PIDInnerLoopTask.o
                0x0000aafc                _ZN10helicopter5tasks16PIDInnerLoopTaskC2EPNS_10controller13PIDControllerEii
                0x0000aafc                _ZN10helicopter5tasks16PIDInnerLoopTaskC1EPNS_10controller13PIDControllerEii
 .text._ZN10helicopter5tasks16PIDOuterLoopTaskD2Ev
                0x0000ab26        0xc tasks/PIDOuterLoopTask.o
                0x0000ab26                _ZN10helicopter5tasks16PIDOuterLoopTaskD1Ev
                0x0000ab26                _ZN10helicopter5tasks16PIDOuterLoopTaskD2Ev
 .text._ZN10helicopter5tasks16PIDOuterLoopTaskD0Ev
                0x0000ab32       0x10 tasks/PIDOuterLoopTask.o
                0x0000ab32                _ZN10helicopter5tasks16PIDOuterLoopTaskD0Ev
 .text._ZN10helicopter5tasks16PIDOuterLoopTask11runTaskImplEv
                0x0000ab42        0xc tasks/PIDOuterLoopTask.o
                0x0000ab42                _ZN10helicopter5tasks16PIDOuterLoopTask11runTaskImplEv
 .text._ZN10helicopter5tasks16PIDOuterLoopTaskC2EPNS_10controller13PIDControllerEii
                0x0000ab4e       0x2a tasks/PIDOuterLoopTask.o
                0x0000ab4e                _ZN10helicopter5tasks16PIDOuterLoopTaskC1EPNS_10controller13PIDControllerEii
                0x0000ab4e                _ZN10helicopter5tasks16PIDOuterLoopTaskC2EPNS_10controller13PIDControllerEii
 .text._ZN10helicopter5tasks16PVNavigationTaskD2Ev
                0x0000ab78        0xc tasks/PVNavigationTask.o
                0x0000ab78                _ZN10helicopter5tasks16PVNavigationTaskD1Ev
                0x0000ab78                _ZN10helicopter5tasks16PVNavigationTaskD2Ev
 .text._ZN10helicopter5tasks16PVNavigationTaskD0Ev
                0x0000ab84       0x10 tasks/PVNavigationTask.o
                0x0000ab84                _ZN10helicopter5tasks16PVNavigationTaskD0Ev
 .text._ZN10helicopter5tasks16PVNavigationTask11runTaskImplEv
                0x0000ab94      0x3c6 tasks/PVNavigationTask.o
                0x0000ab94                _ZN10helicopter5tasks16PVNavigationTask11runTaskImplEv
 .text._ZN10helicopter5tasks16PVNavigationTaskC2EfPNS_10navigation4AHRSEPNS_5model11SystemModelEii
                0x0000af5a       0x62 tasks/PVNavigationTask.o
                0x0000af5a                _ZN10helicopter5tasks16PVNavigationTaskC2EfPNS_10navigation4AHRSEPNS_5model11SystemModelEii
                0x0000af5a                _ZN10helicopter5tasks16PVNavigationTaskC1EfPNS_10navigation4AHRSEPNS_5model11SystemModelEii
 .text._ZN10helicopter5tasks23ReadBarometerSensorTaskD2Ev
                0x0000afbc        0xc tasks/ReadBarometerSensorTask.o
                0x0000afbc                _ZN10helicopter5tasks23ReadBarometerSensorTaskD1Ev
                0x0000afbc                _ZN10helicopter5tasks23ReadBarometerSensorTaskD2Ev
 .text._ZN10helicopter5tasks23ReadBarometerSensorTaskD0Ev
                0x0000afc8       0x10 tasks/ReadBarometerSensorTask.o
                0x0000afc8                _ZN10helicopter5tasks23ReadBarometerSensorTaskD0Ev
 .text._ZN10helicopter5tasks23ReadBarometerSensorTask11runTaskImplEv
                0x0000afd8       0x9e tasks/ReadBarometerSensorTask.o
                0x0000afd8                _ZN10helicopter5tasks23ReadBarometerSensorTask11runTaskImplEv
 .text._ZN10helicopter5tasks23ReadBarometerSensorTaskC2EPNS_5model11SystemModelEPNS_7sensors15BarometerSensorEii
                0x0000b076       0x44 tasks/ReadBarometerSensorTask.o
                0x0000b076                _ZN10helicopter5tasks23ReadBarometerSensorTaskC2EPNS_5model11SystemModelEPNS_7sensors15BarometerSensorEii
                0x0000b076                _ZN10helicopter5tasks23ReadBarometerSensorTaskC1EPNS_5model11SystemModelEPNS_7sensors15BarometerSensorEii
 .text._ZN10helicopter5tasks17ReadGPSSensorTaskD2Ev
                0x0000b0ba        0xc tasks/ReadGPSSensorTask.o
                0x0000b0ba                _ZN10helicopter5tasks17ReadGPSSensorTaskD2Ev
                0x0000b0ba                _ZN10helicopter5tasks17ReadGPSSensorTaskD1Ev
 .text._ZN10helicopter5tasks17ReadGPSSensorTaskD0Ev
                0x0000b0c6       0x10 tasks/ReadGPSSensorTask.o
                0x0000b0c6                _ZN10helicopter5tasks17ReadGPSSensorTaskD0Ev
 .text._ZN10helicopter5tasks17ReadGPSSensorTask11runTaskImplEv
                0x0000b0d6       0xea tasks/ReadGPSSensorTask.o
                0x0000b0d6                _ZN10helicopter5tasks17ReadGPSSensorTask11runTaskImplEv
 .text._ZN10helicopter5tasks17ReadGPSSensorTaskC2EPNS_5model11SystemModelEPNS_7sensors9GPSSensorEii
                0x0000b1c0       0x44 tasks/ReadGPSSensorTask.o
                0x0000b1c0                _ZN10helicopter5tasks17ReadGPSSensorTaskC2EPNS_5model11SystemModelEPNS_7sensors9GPSSensorEii
                0x0000b1c0                _ZN10helicopter5tasks17ReadGPSSensorTaskC1EPNS_5model11SystemModelEPNS_7sensors9GPSSensorEii
 .text._ZN10helicopter5tasks17ReadIMUSensorTaskD2Ev
                0x0000b204        0xc tasks/ReadIMUSensorTask.o
                0x0000b204                _ZN10helicopter5tasks17ReadIMUSensorTaskD2Ev
                0x0000b204                _ZN10helicopter5tasks17ReadIMUSensorTaskD1Ev
 .text._ZN10helicopter5tasks17ReadIMUSensorTaskD0Ev
                0x0000b210       0x10 tasks/ReadIMUSensorTask.o
                0x0000b210                _ZN10helicopter5tasks17ReadIMUSensorTaskD0Ev
 .text._ZN10helicopter5tasks17ReadIMUSensorTask11runTaskImplEv
                0x0000b220       0xf2 tasks/ReadIMUSensorTask.o
                0x0000b220                _ZN10helicopter5tasks17ReadIMUSensorTask11runTaskImplEv
 .text._ZN10helicopter5tasks17ReadIMUSensorTaskC2EPNS_5model11SystemModelEPNS_7sensors9IMUSensorEii
                0x0000b312       0x40 tasks/ReadIMUSensorTask.o
                0x0000b312                _ZN10helicopter5tasks17ReadIMUSensorTaskC1EPNS_5model11SystemModelEPNS_7sensors9IMUSensorEii
                0x0000b312                _ZN10helicopter5tasks17ReadIMUSensorTaskC2EPNS_5model11SystemModelEPNS_7sensors9IMUSensorEii
 .text._ZN10helicopter5tasks26ReadMagnetometerSensorTaskD2Ev
                0x0000b352        0xc tasks/ReadMagnetometerSensorTask.o
                0x0000b352                _ZN10helicopter5tasks26ReadMagnetometerSensorTaskD2Ev
                0x0000b352                _ZN10helicopter5tasks26ReadMagnetometerSensorTaskD1Ev
 .text._ZN10helicopter5tasks26ReadMagnetometerSensorTaskD0Ev
                0x0000b35e       0x10 tasks/ReadMagnetometerSensorTask.o
                0x0000b35e                _ZN10helicopter5tasks26ReadMagnetometerSensorTaskD0Ev
 .text._ZN10helicopter5tasks26ReadMagnetometerSensorTask11runTaskImplEv
                0x0000b36e       0x96 tasks/ReadMagnetometerSensorTask.o
                0x0000b36e                _ZN10helicopter5tasks26ReadMagnetometerSensorTask11runTaskImplEv
 .text._ZN10helicopter5tasks26ReadMagnetometerSensorTaskC2EPNS_5model11SystemModelEPNS_7sensors18MagnetometerSensorEii
                0x0000b404       0x40 tasks/ReadMagnetometerSensorTask.o
                0x0000b404                _ZN10helicopter5tasks26ReadMagnetometerSensorTaskC1EPNS_5model11SystemModelEPNS_7sensors18MagnetometerSensorEii
                0x0000b404                _ZN10helicopter5tasks26ReadMagnetometerSensorTaskC2EPNS_5model11SystemModelEPNS_7sensors18MagnetometerSensorEii
 .text._ZN10helicopter5tasks16ServoControlTaskD2Ev
                0x0000b444        0xc tasks/ServoControlTask.o
                0x0000b444                _ZN10helicopter5tasks16ServoControlTaskD1Ev
                0x0000b444                _ZN10helicopter5tasks16ServoControlTaskD2Ev
 .text._ZN10helicopter5tasks16ServoControlTaskD0Ev
                0x0000b450       0x10 tasks/ServoControlTask.o
                0x0000b450                _ZN10helicopter5tasks16ServoControlTaskD0Ev
 .text._ZN10helicopter5tasks16ServoControlTask11runTaskImplEv
                0x0000b460       0x86 tasks/ServoControlTask.o
                0x0000b460                _ZN10helicopter5tasks16ServoControlTask11runTaskImplEv
 .text._ZN10helicopter5tasks16ServoControlTaskC2EPNS_5model11SystemModelEPNS_10interfaces24RadioControllerInterfaceEii
                0x0000b4e6       0x40 tasks/ServoControlTask.o
                0x0000b4e6                _ZN10helicopter5tasks16ServoControlTaskC2EPNS_5model11SystemModelEPNS_10interfaces24RadioControllerInterfaceEii
                0x0000b4e6                _ZN10helicopter5tasks16ServoControlTaskC1EPNS_5model11SystemModelEPNS_10interfaces24RadioControllerInterfaceEii
 .text._ZN10helicopter5tasks16SimTelemetryTaskD2Ev
                0x0000b526        0xc tasks/SimTelemetryTask.o
                0x0000b526                _ZN10helicopter5tasks16SimTelemetryTaskD1Ev
                0x0000b526                _ZN10helicopter5tasks16SimTelemetryTaskD2Ev
 .text._ZN10helicopter5tasks16SimTelemetryTaskD0Ev
                0x0000b532       0x10 tasks/SimTelemetryTask.o
                0x0000b532                _ZN10helicopter5tasks16SimTelemetryTaskD0Ev
 .text._ZN10helicopter5tasks16SimTelemetryTask11runTaskImplEv
                0x0000b542      0x8cc tasks/SimTelemetryTask.o
                0x0000b542                _ZN10helicopter5tasks16SimTelemetryTask11runTaskImplEv
 .text._ZN10helicopter5tasks16SimTelemetryTaskC2EPNS_10interfaces29GroundControlStationInterfaceEPNS_5model11SystemModelEPNS_10controller13PIDControllerENS1_13DATATORECEIVEEii
                0x0000be0e       0x5c tasks/SimTelemetryTask.o
                0x0000be0e                _ZN10helicopter5tasks16SimTelemetryTaskC1EPNS_10interfaces29GroundControlStationInterfaceEPNS_5model11SystemModelEPNS_10controller13PIDControllerENS1_13DATATORECEIVEEii
                0x0000be0e                _ZN10helicopter5tasks16SimTelemetryTaskC2EPNS_10interfaces29GroundControlStationInterfaceEPNS_5model11SystemModelEPNS_10controller13PIDControllerENS1_13DATATORECEIVEEii
 .text._ZN10helicopter5tasks4Task11runTaskImplEv
                0x0000be6a        0x2 tasks/Task.o
                0x0000be6a                _ZN10helicopter5tasks4Task11runTaskImplEv
 .text._ZN10helicopter5tasks4TaskD2Ev
                0x0000be6c        0xc tasks/Task.o
                0x0000be6c                _ZN10helicopter5tasks4TaskD2Ev
                0x0000be6c                _ZN10helicopter5tasks4TaskD1Ev
 .text._ZN10helicopter5tasks4Task7runTaskEv
                0x0000be78       0x10 tasks/Task.o
                0x0000be78                _ZN10helicopter5tasks4Task7runTaskEv
 .text._ZN10helicopter5tasks4TaskD0Ev
                0x0000be88       0x10 tasks/Task.o
                0x0000be88                _ZN10helicopter5tasks4TaskD0Ev
 .text._ZN10helicopter5tasks4TaskC2Eii
                0x0000be98       0x16 tasks/Task.o
                0x0000be98                _ZN10helicopter5tasks4TaskC2Eii
                0x0000be98                _ZN10helicopter5tasks4TaskC1Eii
 .text._ZN10helicopter5tasks21TransmitTelemetryTaskD2Ev
                0x0000beae        0xc tasks/TransmitTelemetryTask.o
                0x0000beae                _ZN10helicopter5tasks21TransmitTelemetryTaskD1Ev
                0x0000beae                _ZN10helicopter5tasks21TransmitTelemetryTaskD2Ev
 .text._ZN10helicopter5tasks21TransmitTelemetryTaskD0Ev
                0x0000beba       0x10 tasks/TransmitTelemetryTask.o
                0x0000beba                _ZN10helicopter5tasks21TransmitTelemetryTaskD0Ev
 .text._ZN10helicopter5tasks21TransmitTelemetryTask11runTaskImplEv
                0x0000beca      0x8ee tasks/TransmitTelemetryTask.o
                0x0000beca                _ZN10helicopter5tasks21TransmitTelemetryTask11runTaskImplEv
 .text._ZN10helicopter5tasks21TransmitTelemetryTaskC2EPNS_10interfaces29GroundControlStationInterfaceEPNS_5model11SystemModelENS1_10DATATOSENDEii
                0x0000c7b8       0x50 tasks/TransmitTelemetryTask.o
                0x0000c7b8                _ZN10helicopter5tasks21TransmitTelemetryTaskC2EPNS_10interfaces29GroundControlStationInterfaceEPNS_5model11SystemModelENS1_10DATATOSENDEii
                0x0000c7b8                _ZN10helicopter5tasks21TransmitTelemetryTaskC1EPNS_10interfaces29GroundControlStationInterfaceEPNS_5model11SystemModelENS1_10DATATOSENDEii
 .text._Znwj    0x0000c808        0x6 util/CommonHeader.o
                0x0000c808                _Znwj
 .text._ZdlPv   0x0000c80e        0xa util/CommonHeader.o
                0x0000c80e                _ZdlPv
 .text._Znaj    0x0000c818        0x6 util/CommonHeader.o
                0x0000c818                _Znaj
 .text._ZdaPv   0x0000c81e        0xa util/CommonHeader.o
                0x0000c81e                _ZdaPv
 .text._ZN10helicopter4util14CoordinateUtil37CalculateECEFToLocalNEDRotationMatrixEffRA3_A3_f
                0x0000c828      0x178 util/CoordinateUtil.o
                0x0000c828                _ZN10helicopter4util14CoordinateUtil37CalculateECEFToLocalNEDRotationMatrixEffRA3_A3_f
 .text._ZN10helicopter4util14CoordinateUtil25ConvertFromECEFToLocalNEDEllllllPA3_fRfS4_S4_
                0x0000c9a0      0x122 util/CoordinateUtil.o
                0x0000c9a0                _ZN10helicopter4util14CoordinateUtil25ConvertFromECEFToLocalNEDEllllllPA3_fRfS4_S4_
 .text._ZN10helicopter4util10MatrixUtil18createLookupTablesEv
                0x0000cac2       0x4e util/MatrixUtil.o
                0x0000cac2                _ZN10helicopter4util10MatrixUtil18createLookupTablesEv
 .text._ZN10helicopter4util10MatrixUtil12CrossProductEPfS2_RA3_f
                0x0000cb10      0x102 util/MatrixUtil.o
                0x0000cb10                _ZN10helicopter4util10MatrixUtil12CrossProductEPfS2_RA3_f
 .text._ZN10helicopter4util10MatrixUtil9NormalizeERA3_f
                0x0000cc12      0x12c util/MatrixUtil.o
                0x0000cc12                _ZN10helicopter4util10MatrixUtil9NormalizeERA3_f
 .text._ZN10helicopter4util10MatrixUtil20CreateRotationMatrixEfffRA3_A3_f
                0x0000cd3e      0x280 util/MatrixUtil.o
                0x0000cd3e                _ZN10helicopter4util10MatrixUtil20CreateRotationMatrixEfffRA3_A3_f
 .text._ZN10helicopter4util10MatrixUtil13RotateMatrixTEPA3_fPfRS2_
                0x0000cfbe       0xc8 util/MatrixUtil.o
                0x0000cfbe                _ZN10helicopter4util10MatrixUtil13RotateMatrixTEPA3_fPfRS2_
 .text._ZN10helicopter4util10MatrixUtil12RotateMatrixEPA3_fPiRS2_
                0x0000d086       0xfe util/MatrixUtil.o
                0x0000d086                _ZN10helicopter4util10MatrixUtil12RotateMatrixEPA3_fPiRS2_
 .text._ZN10helicopter4util10MatrixUtil12RotateMatrixEPA3_fPfRS2_
                0x0000d184       0xca util/MatrixUtil.o
                0x0000d184                _ZN10helicopter4util10MatrixUtil12RotateMatrixEPA3_fPfRS2_
 .text._ZN10helicopter4util10MatrixUtil10DotProductEPfS2_
                0x0000d24e       0x88 util/MatrixUtil.o
                0x0000d24e                _ZN10helicopter4util10MatrixUtil10DotProductEPfS2_
 .text._ZN10helicopter4util5Timer11hasTimedoutEv
                0x0000d2d6       0x1c util/Timer.o
                0x0000d2d6                _ZN10helicopter4util5Timer11hasTimedoutEv
 .text._ZN10helicopter4util5Timer9stopTimerEv
                0x0000d2f2       0x1a util/Timer.o
                0x0000d2f2                _ZN10helicopter4util5Timer9stopTimerEv
 .text._ZN10helicopter4util5Timer10startTimerEv
                0x0000d30c       0xaa util/Timer.o
                0x0000d30c                _ZN10helicopter4util5Timer10startTimerEv
 .text.__vector_21
                0x0000d3b6       0x2e util/Timer.o
                0x0000d3b6                __vector_21
 .text.avr-libc.fplib
                0x0000d3e4        0xa c:/program files (x86)/atmel/atmel toolchain/avr8 gcc/native/3.4.2.1002/avr8-gnu-toolchain/bin/../lib/gcc/avr/4.7.2/../../../../avr/lib/avr6\libm.a(addsf3.o)
                0x0000d3e4                __subsf3
                0x0000d3e6                __addsf3
 .text.avr-libc.fplib
                0x0000d3ee       0xc0 c:/program files (x86)/atmel/atmel toolchain/avr8 gcc/native/3.4.2.1002/avr8-gnu-toolchain/bin/../lib/gcc/avr/4.7.2/../../../../avr/lib/avr6\libm.a(addsf3x.o)
                0x0000d408                __addsf3x
 .text.avr-libc.fplib
                0x0000d4ae       0x2e c:/program files (x86)/atmel/atmel toolchain/avr8 gcc/native/3.4.2.1002/avr8-gnu-toolchain/bin/../lib/gcc/avr/4.7.2/../../../../avr/lib/avr6\libm.a(asin.o)
                0x0000d4ae                asin
 .text.avr-libc.fplib
                0x0000d4dc       0x74 c:/program files (x86)/atmel/atmel toolchain/avr8 gcc/native/3.4.2.1002/avr8-gnu-toolchain/bin/../lib/gcc/avr/4.7.2/../../../../avr/lib/avr6\libm.a(atan2.o)
                0x0000d4fa                atan2
 .text.avr-libc.fplib
                0x0000d550       0x50 c:/program files (x86)/atmel/atmel toolchain/avr8 gcc/native/3.4.2.1002/avr8-gnu-toolchain/bin/../lib/gcc/avr/4.7.2/../../../../avr/lib/avr6\libm.a(atan.o)
                0x0000d550                atan
 .text.avr-libc.fplib
                0x0000d5a0        0x8 c:/program files (x86)/atmel/atmel toolchain/avr8 gcc/native/3.4.2.1002/avr8-gnu-toolchain/bin/../lib/gcc/avr/4.7.2/../../../../avr/lib/avr6\libm.a(cmpsf2.o)
                0x0000d5a0                __nesf2
                0x0000d5a0                __eqsf2
                0x0000d5a0                __cmpsf2
                0x0000d5a0                __ltsf2
                0x0000d5a0                __lesf2
 .text.avr-libc.fplib
                0x0000d5a8        0x6 c:/program files (x86)/atmel/atmel toolchain/avr8 gcc/native/3.4.2.1002/avr8-gnu-toolchain/bin/../lib/gcc/avr/4.7.2/../../../../avr/lib/avr6\libm.a(cos.o)
                0x0000d5a8                cos
 .text.avr-libc.fplib
                0x0000d5ae        0x4 c:/program files (x86)/atmel/atmel toolchain/avr8 gcc/native/3.4.2.1002/avr8-gnu-toolchain/bin/../lib/gcc/avr/4.7.2/../../../../avr/lib/avr6\libm.a(divsf3.o)
                0x0000d5ae                __divsf3
 .text.avr-libc.fplib
                0x0000d5b2       0xcc c:/program files (x86)/atmel/atmel toolchain/avr8 gcc/native/3.4.2.1002/avr8-gnu-toolchain/bin/../lib/gcc/avr/4.7.2/../../../../avr/lib/avr6\libm.a(divsf3x.o)
                0x0000d5c8                __divsf3x
                0x0000d5cc                __divsf3_pse
 .text.avr-libc.fplib
                0x0000d67e        0xa c:/program files (x86)/atmel/atmel toolchain/avr8 gcc/native/3.4.2.1002/avr8-gnu-toolchain/bin/../lib/gcc/avr/4.7.2/../../../../avr/lib/avr6\libm.a(fixsfsi.o)
                0x0000d67e                __fixsfsi
 .text.avr-libc.fplib
                0x0000d688       0x58 c:/program files (x86)/atmel/atmel toolchain/avr8 gcc/native/3.4.2.1002/avr8-gnu-toolchain/bin/../lib/gcc/avr/4.7.2/../../../../avr/lib/avr6\libm.a(fixunssfsi.o)
                0x0000d688                __fixunssfsi
 .text.avr-libc.fplib
                0x0000d6e0       0x7a c:/program files (x86)/atmel/atmel toolchain/avr8 gcc/native/3.4.2.1002/avr8-gnu-toolchain/bin/../lib/gcc/avr/4.7.2/../../../../avr/lib/avr6\libm.a(floatsisf.o)
                0x0000d6e0                __floatunsisf
                0x0000d6e4                __floatsisf
 .text.avr-libc.fplib
                0x0000d75a       0x26 c:/program files (x86)/atmel/atmel toolchain/avr8 gcc/native/3.4.2.1002/avr8-gnu-toolchain/bin/../lib/gcc/avr/4.7.2/../../../../avr/lib/avr6\libm.a(floor.o)
                0x0000d75a                floor
 .text.avr-libc.fplib
                0x0000d780       0x36 c:/program files (x86)/atmel/atmel toolchain/avr8 gcc/native/3.4.2.1002/avr8-gnu-toolchain/bin/../lib/gcc/avr/4.7.2/../../../../avr/lib/avr6\libm.a(fp_arccos.o)
                0x0000d780                __fp_arccos
 .text.avr-libc.fplib
                0x0000d7b6       0x48 c:/program files (x86)/atmel/atmel toolchain/avr8 gcc/native/3.4.2.1002/avr8-gnu-toolchain/bin/../lib/gcc/avr/4.7.2/../../../../avr/lib/avr6\libm.a(fp_cmp.o)
                0x0000d7b6                __fp_cmp
 .text.avr-libc.fplib
                0x0000d7fe        0xc c:/program files (x86)/atmel/atmel toolchain/avr8 gcc/native/3.4.2.1002/avr8-gnu-toolchain/bin/../lib/gcc/avr/4.7.2/../../../../avr/lib/avr6\libm.a(fp_inf.o)
                0x0000d7fe                __fp_inf
 .text.avr-libc.fplib
                0x0000d80a       0x36 c:/program files (x86)/atmel/atmel toolchain/avr8 gcc/native/3.4.2.1002/avr8-gnu-toolchain/bin/../lib/gcc/avr/4.7.2/../../../../avr/lib/avr6\libm.a(fp_mintl.o)
                0x0000d80a                __fp_mintl
 .text.avr-libc.fplib
                0x0000d840       0x1c c:/program files (x86)/atmel/atmel toolchain/avr8 gcc/native/3.4.2.1002/avr8-gnu-toolchain/bin/../lib/gcc/avr/4.7.2/../../../../avr/lib/avr6\libm.a(fp_mpack.o)
                0x0000d840                __fp_mpack
                0x0000d844                __fp_mpack_finite
 .text.avr-libc.fplib
                0x0000d85c        0x6 c:/program files (x86)/atmel/atmel toolchain/avr8 gcc/native/3.4.2.1002/avr8-gnu-toolchain/bin/../lib/gcc/avr/4.7.2/../../../../avr/lib/avr6\libm.a(fp_nan.o)
                0x0000d85c                __fp_nan
 .text.avr-libc.fplib
                0x0000d862       0x4a c:/program files (x86)/atmel/atmel toolchain/avr8 gcc/native/3.4.2.1002/avr8-gnu-toolchain/bin/../lib/gcc/avr/4.7.2/../../../../avr/lib/avr6\libm.a(fp_powser.o)
                0x0000d862                __fp_powser
 .text.avr-libc.fplib
                0x0000d8ac       0x22 c:/program files (x86)/atmel/atmel toolchain/avr8 gcc/native/3.4.2.1002/avr8-gnu-toolchain/bin/../lib/gcc/avr/4.7.2/../../../../avr/lib/avr6\libm.a(fp_powsodd.o)
                0x0000d8ac                __fp_powsodd
 .text.avr-libc.fplib
                0x0000d8ce        0xe c:/program files (x86)/atmel/atmel toolchain/avr8 gcc/native/3.4.2.1002/avr8-gnu-toolchain/bin/../lib/gcc/avr/4.7.2/../../../../avr/lib/avr6\libm.a(fp_pscA.o)
                0x0000d8ce                __fp_pscA
 .text.avr-libc.fplib
                0x0000d8dc        0xe c:/program files (x86)/atmel/atmel toolchain/avr8 gcc/native/3.4.2.1002/avr8-gnu-toolchain/bin/../lib/gcc/avr/4.7.2/../../../../avr/lib/avr6\libm.a(fp_pscB.o)
                0x0000d8dc                __fp_pscB
 .text.avr-libc.fplib
                0x0000d8ea       0x50 c:/program files (x86)/atmel/atmel toolchain/avr8 gcc/native/3.4.2.1002/avr8-gnu-toolchain/bin/../lib/gcc/avr/4.7.2/../../../../avr/lib/avr6\libm.a(fp_rempio2.o)
                0x0000d8ec                __fp_rempio2
 .text.avr-libc.fplib
                0x0000d93a       0x22 c:/program files (x86)/atmel/atmel toolchain/avr8 gcc/native/3.4.2.1002/avr8-gnu-toolchain/bin/../lib/gcc/avr/4.7.2/../../../../avr/lib/avr6\libm.a(fp_round.o)
                0x0000d93a                __fp_round
 .text.avr-libc.fplib
                0x0000d95c       0x22 c:/program files (x86)/atmel/atmel toolchain/avr8 gcc/native/3.4.2.1002/avr8-gnu-toolchain/bin/../lib/gcc/avr/4.7.2/../../../../avr/lib/avr6\libm.a(fp_sinus.o)
                0x0000d95c                __fp_sinus
 .text.avr-libc.fplib
                0x0000d97e       0x44 c:/program files (x86)/atmel/atmel toolchain/avr8 gcc/native/3.4.2.1002/avr8-gnu-toolchain/bin/../lib/gcc/avr/4.7.2/../../../../avr/lib/avr6\libm.a(fp_split3.o)
                0x0000d97e                __fp_split3
                0x0000d98e                __fp_splitA
 .text.avr-libc.fplib
                0x0000d9c2       0x2e c:/program files (x86)/atmel/atmel toolchain/avr8 gcc/native/3.4.2.1002/avr8-gnu-toolchain/bin/../lib/gcc/avr/4.7.2/../../../../avr/lib/avr6\libm.a(fp_trunc.o)
                0x0000d9c2                __fp_trunc
 .text.avr-libc.fplib
                0x0000d9f0        0xe c:/program files (x86)/atmel/atmel toolchain/avr8 gcc/native/3.4.2.1002/avr8-gnu-toolchain/bin/../lib/gcc/avr/4.7.2/../../../../avr/lib/avr6\libm.a(fp_zero.o)
                0x0000d9f0                __fp_zero
                0x0000d9f2                __fp_szero
 .text.avr-libc.fplib
                0x0000d9fe        0x8 c:/program files (x86)/atmel/atmel toolchain/avr8 gcc/native/3.4.2.1002/avr8-gnu-toolchain/bin/../lib/gcc/avr/4.7.2/../../../../avr/lib/avr6\libm.a(gesf2.o)
                0x0000d9fe                __gesf2
                0x0000d9fe                __gtsf2
 .text.avr-libc.fplib
                0x0000da06        0xe c:/program files (x86)/atmel/atmel toolchain/avr8 gcc/native/3.4.2.1002/avr8-gnu-toolchain/bin/../lib/gcc/avr/4.7.2/../../../../avr/lib/avr6\libm.a(inverse.o)
                0x0000da06                inverse
 .text.avr-libc.fplib
                0x0000da14        0xc c:/program files (x86)/atmel/atmel toolchain/avr8 gcc/native/3.4.2.1002/avr8-gnu-toolchain/bin/../lib/gcc/avr/4.7.2/../../../../avr/lib/avr6\libm.a(log10.o)
                0x0000da14                log10
 .text.avr-libc.fplib
                0x0000da20       0x8a c:/program files (x86)/atmel/atmel toolchain/avr8 gcc/native/3.4.2.1002/avr8-gnu-toolchain/bin/../lib/gcc/avr/4.7.2/../../../../avr/lib/avr6\libm.a(log.o)
                0x0000da2a                log
 .text.avr-libc.fplib
                0x0000daaa        0x4 c:/program files (x86)/atmel/atmel toolchain/avr8 gcc/native/3.4.2.1002/avr8-gnu-toolchain/bin/../lib/gcc/avr/4.7.2/../../../../avr/lib/avr6\libm.a(mulsf3.o)
                0x0000daaa                __mulsf3
 .text.avr-libc.fplib
                0x0000daae       0xc2 c:/program files (x86)/atmel/atmel toolchain/avr8 gcc/native/3.4.2.1002/avr8-gnu-toolchain/bin/../lib/gcc/avr/4.7.2/../../../../avr/lib/avr6\libm.a(mulsf3x.o)
                0x0000dac2                __mulsf3x
                0x0000dac6                __mulsf3_pse
 .text.avr-libc.fplib
                0x0000db70       0x98 c:/program files (x86)/atmel/atmel toolchain/avr8 gcc/native/3.4.2.1002/avr8-gnu-toolchain/bin/../lib/gcc/avr/4.7.2/../../../../avr/lib/avr6\libm.a(pow.o)
                0x0000db70                pow
 .text.avr-libc.fplib
                0x0000dc08        0xc c:/program files (x86)/atmel/atmel toolchain/avr8 gcc/native/3.4.2.1002/avr8-gnu-toolchain/bin/../lib/gcc/avr/4.7.2/../../../../avr/lib/avr6\libm.a(sin.o)
                0x0000dc08                sin
 .text.avr-libc.fplib
                0x0000dc14       0x84 c:/program files (x86)/atmel/atmel toolchain/avr8 gcc/native/3.4.2.1002/avr8-gnu-toolchain/bin/../lib/gcc/avr/4.7.2/../../../../avr/lib/avr6\libm.a(sqrt.o)
                0x0000dc1c                sqrt
 .text.avr-libc.fplib
                0x0000dc98        0x6 c:/program files (x86)/atmel/atmel toolchain/avr8 gcc/native/3.4.2.1002/avr8-gnu-toolchain/bin/../lib/gcc/avr/4.7.2/../../../../avr/lib/avr6\libm.a(square.o)
                0x0000dc98                square
 .text.avr-libc.fplib
                0x0000dc9e        0x8 c:/program files (x86)/atmel/atmel toolchain/avr8 gcc/native/3.4.2.1002/avr8-gnu-toolchain/bin/../lib/gcc/avr/4.7.2/../../../../avr/lib/avr6\libm.a(unordsf2.o)
                0x0000dc9e                __unordsf2
 .text.avr-libc.fplib
                0x0000dca6       0x62 c:/program files (x86)/atmel/atmel toolchain/avr8 gcc/native/3.4.2.1002/avr8-gnu-toolchain/bin/../lib/gcc/avr/4.7.2/../../../../avr/lib/avr6\libm.a(exp.o)
                0x0000dcb0                exp
 .text.avr-libc.fplib
                0x0000dd08        0xe c:/program files (x86)/atmel/atmel toolchain/avr8 gcc/native/3.4.2.1002/avr8-gnu-toolchain/bin/../lib/gcc/avr/4.7.2/../../../../avr/lib/avr6\libm.a(fp_norm2.o)
                0x0000dd08                __fp_norm2
 .text.avr-libc.fplib
                0x0000dd16       0x6c c:/program files (x86)/atmel/atmel toolchain/avr8 gcc/native/3.4.2.1002/avr8-gnu-toolchain/bin/../lib/gcc/avr/4.7.2/../../../../avr/lib/avr6\libm.a(ldexp.o)
                0x0000dd1a                ldexp
 .text.avr-libc.fplib
                0x0000dd82       0x66 c:/program files (x86)/atmel/atmel toolchain/avr8 gcc/native/3.4.2.1002/avr8-gnu-toolchain/bin/../lib/gcc/avr/4.7.2/../../../../avr/lib/avr6\libm.a(modf.o)
                0x0000dd82                modf
                0x0000dd82                modff
 .text.libgcc.div
                0x0000dde8       0x44 c:/program files (x86)/atmel/atmel toolchain/avr8 gcc/native/3.4.2.1002/avr8-gnu-toolchain/bin/../lib/gcc/avr/4.7.2/avr6\libgcc.a(_udivmodsi4.o)
                0x0000dde8                __udivmodsi4
 .text.libgcc.mul
                0x0000de2c       0xae c:/program files (x86)/atmel/atmel toolchain/avr8 gcc/native/3.4.2.1002/avr8-gnu-toolchain/bin/../lib/gcc/avr/4.7.2/avr6\libgcc.a(_muldi3.o)
                0x0000de2c                __muldi3
 .text.libgcc   0x0000deda        0x8 c:/program files (x86)/atmel/atmel toolchain/avr8 gcc/native/3.4.2.1002/avr8-gnu-toolchain/bin/../lib/gcc/avr/4.7.2/avr6\libgcc.a(_tablejump_elpm.o)
                0x0000deda                __tablejump_elpm__
 .text.libgcc.builtins
                0x0000dee2       0x1e c:/program files (x86)/atmel/atmel toolchain/avr8 gcc/native/3.4.2.1002/avr8-gnu-toolchain/bin/../lib/gcc/avr/4.7.2/avr6\libgcc.a(_ashldi3.o)
                0x0000dee2                __ashldi3
 .text.libgcc.builtins
                0x0000df00       0x1e c:/program files (x86)/atmel/atmel toolchain/avr8 gcc/native/3.4.2.1002/avr8-gnu-toolchain/bin/../lib/gcc/avr/4.7.2/avr6\libgcc.a(_ashrdi3.o)
                0x0000df00                __ashrdi3
 .text.libgcc   0x0000df1e       0x12 c:/program files (x86)/atmel/atmel toolchain/avr8 gcc/native/3.4.2.1002/avr8-gnu-toolchain/bin/../lib/gcc/avr/4.7.2/avr6\libgcc.a(_adddi3.o)
                0x0000df1e                __adddi3
 .text.libgcc   0x0000df30       0x12 c:/program files (x86)/atmel/atmel toolchain/avr8 gcc/native/3.4.2.1002/avr8-gnu-toolchain/bin/../lib/gcc/avr/4.7.2/avr6\libgcc.a(_subdi3.o)
                0x0000df30                __subdi3
 .text.libgcc.mul
                0x0000df42       0x18 c:/program files (x86)/atmel/atmel toolchain/avr8 gcc/native/3.4.2.1002/avr8-gnu-toolchain/bin/../lib/gcc/avr/4.7.2/avr6\libgcc.a(_umulhisi3.o)
                0x0000df42                __umulhisi3
 .text.avr-libc
                0x0000df5a      0x274 c:/program files (x86)/atmel/atmel toolchain/avr8 gcc/native/3.4.2.1002/avr8-gnu-toolchain/bin/../lib/gcc/avr/4.7.2/../../../../avr/lib/avr6\libc.a(malloc.o)
                0x0000df5a                malloc
                0x0000e090                free
 .text.avr-libc
                0x0000e1ce       0x12 c:/program files (x86)/atmel/atmel toolchain/avr8 gcc/native/3.4.2.1002/avr8-gnu-toolchain/bin/../lib/gcc/avr/4.7.2/../../../../avr/lib/avr6\libc.a(memcpy.o)
                0x0000e1ce                memcpy
 .text.avr-libc
                0x0000e1e0        0xe c:/program files (x86)/atmel/atmel toolchain/avr8 gcc/native/3.4.2.1002/avr8-gnu-toolchain/bin/../lib/gcc/avr/4.7.2/../../../../avr/lib/avr6\libc.a(memset.o)
                0x0000e1e0                memset
                0x0000e1ee                . = ALIGN (0x2)
 *(.fini9)
 .fini9         0x0000e1ee        0x0 c:/program files (x86)/atmel/atmel toolchain/avr8 gcc/native/3.4.2.1002/avr8-gnu-toolchain/bin/../lib/gcc/avr/4.7.2/avr6\libgcc.a(_exit.o)
                0x0000e1ee                _exit
                0x0000e1ee                exit
 *(.fini9)
 *(.fini8)
 *(.fini8)
 *(.fini7)
 *(.fini7)
 *(.fini6)
 .fini6         0x0000e1ee       0x20 c:/program files (x86)/atmel/atmel toolchain/avr8 gcc/native/3.4.2.1002/avr8-gnu-toolchain/bin/../lib/gcc/avr/4.7.2/avr6\libgcc.a(_dtors.o)
                0x0000e1ee                __do_global_dtors
 *(.fini6)
 *(.fini5)
 *(.fini5)
 *(.fini4)
 *(.fini4)
 *(.fini3)
 *(.fini3)
 *(.fini2)
 *(.fini2)
 *(.fini1)
 *(.fini1)
 *(.fini0)
 .fini0         0x0000e20e        0x4 c:/program files (x86)/atmel/atmel toolchain/avr8 gcc/native/3.4.2.1002/avr8-gnu-toolchain/bin/../lib/gcc/avr/4.7.2/avr6\libgcc.a(_exit.o)
 *(.fini0)
                0x0000e212                _etext = .

.data           0x00800200      0x18e load address 0x0000e212
                0x00800200                PROVIDE (__data_start, .)
 *(.data)
 .data          0x00800200        0x0 c:/program files (x86)/atmel/atmel toolchain/avr8 gcc/native/3.4.2.1002/avr8-gnu-toolchain/bin/../lib/gcc/avr/4.7.2/../../../../avr/lib/avr6/crtm2560.o
 .data          0x00800200        0x0 buffer/Buffer.o
 .data          0x00800200        0x0 buffer/CircularBuffer.o
 .data          0x00800200        0x0 buffer/Record.o
 .data          0x00800200        0x0 controller/PIDController.o
 .data          0x00800200        0x0 drivers/SerialDriver.o
 .data          0x00800200        0x0 drivers/SPIDriver.o
 .data          0x00800200        0x0 drivers/TWIDriver.o
 .data          0x00800200        0x0 HelicopterMain.o
 .data          0x00800200        0x0 interfaces/GroundControlStationInterface.o
 .data          0x00800200        0x0 interfaces/RadioControllerInterface.o
 .data          0x00800200        0x0 messages/ControlMessage.o
 .data          0x00800200        0x0 messages/GainsMessage.o
 .data          0x00800200        0x0 messages/Message.o
 .data          0x00800200        0x0 messages/SensorDataMessage.o
 .data          0x00800200        0x0 messages/SimpleTelemetryMessage.o
 .data          0x00800200        0x0 messages/SyncMessage.o
 .data          0x00800200        0x0 messages/SystemTelemetryMessage.o
 .data          0x00800200        0x0 model/SystemModel.o
 .data          0x00800200        0x0 navigation/AHRS.o
 .data          0x00800200        0x0 scheduler/Scheduler.o
 .data          0x00800200        0x0 sensors/BarometerSensor.o
 .data          0x00800200        0x0 sensors/GPSSensor.o
 .data          0x00800200        0x0 sensors/IMUSensor.o
 .data          0x00800200        0x0 sensors/MagnetometerSensor.o
 .data          0x00800200        0x0 tasks/NavigationTask.o
 .data          0x00800200        0x0 tasks/PIDInnerLoopTask.o
 .data          0x00800200        0x0 tasks/PIDOuterLoopTask.o
 .data          0x00800200        0x0 tasks/PVNavigationTask.o
 .data          0x00800200        0x0 tasks/ReadBarometerSensorTask.o
 .data          0x00800200        0x0 tasks/ReadGPSSensorTask.o
 .data          0x00800200        0x0 tasks/ReadIMUSensorTask.o
 .data          0x00800200        0x0 tasks/ReadMagnetometerSensorTask.o
 .data          0x00800200        0x0 tasks/ServoControlTask.o
 .data          0x00800200        0x0 tasks/SimTelemetryTask.o
 .data          0x00800200        0x0 tasks/Task.o
 .data          0x00800200        0x0 tasks/TransmitTelemetryTask.o
 .data          0x00800200        0x0 util/CommonHeader.o
 .data          0x00800200        0x0 util/CoordinateUtil.o
 .data          0x00800200        0x0 util/MatrixUtil.o
 .data          0x00800200        0x0 util/Timer.o
 .data          0x00800200        0x0 c:/program files (x86)/atmel/atmel toolchain/avr8 gcc/native/3.4.2.1002/avr8-gnu-toolchain/bin/../lib/gcc/avr/4.7.2/../../../../avr/lib/avr6\libm.a(addsf3.o)
 .data          0x00800200        0x0 c:/program files (x86)/atmel/atmel toolchain/avr8 gcc/native/3.4.2.1002/avr8-gnu-toolchain/bin/../lib/gcc/avr/4.7.2/../../../../avr/lib/avr6\libm.a(addsf3x.o)
 .data          0x00800200        0x0 c:/program files (x86)/atmel/atmel toolchain/avr8 gcc/native/3.4.2.1002/avr8-gnu-toolchain/bin/../lib/gcc/avr/4.7.2/../../../../avr/lib/avr6\libm.a(asin.o)
 .data          0x00800200        0x0 c:/program files (x86)/atmel/atmel toolchain/avr8 gcc/native/3.4.2.1002/avr8-gnu-toolchain/bin/../lib/gcc/avr/4.7.2/../../../../avr/lib/avr6\libm.a(atan2.o)
 .data          0x00800200        0x0 c:/program files (x86)/atmel/atmel toolchain/avr8 gcc/native/3.4.2.1002/avr8-gnu-toolchain/bin/../lib/gcc/avr/4.7.2/../../../../avr/lib/avr6\libm.a(atan.o)
 .data          0x00800200        0x0 c:/program files (x86)/atmel/atmel toolchain/avr8 gcc/native/3.4.2.1002/avr8-gnu-toolchain/bin/../lib/gcc/avr/4.7.2/../../../../avr/lib/avr6\libm.a(cmpsf2.o)
 .data          0x00800200        0x0 c:/program files (x86)/atmel/atmel toolchain/avr8 gcc/native/3.4.2.1002/avr8-gnu-toolchain/bin/../lib/gcc/avr/4.7.2/../../../../avr/lib/avr6\libm.a(cos.o)
 .data          0x00800200        0x0 c:/program files (x86)/atmel/atmel toolchain/avr8 gcc/native/3.4.2.1002/avr8-gnu-toolchain/bin/../lib/gcc/avr/4.7.2/../../../../avr/lib/avr6\libm.a(divsf3.o)
 .data          0x00800200        0x0 c:/program files (x86)/atmel/atmel toolchain/avr8 gcc/native/3.4.2.1002/avr8-gnu-toolchain/bin/../lib/gcc/avr/4.7.2/../../../../avr/lib/avr6\libm.a(divsf3x.o)
 .data          0x00800200        0x0 c:/program files (x86)/atmel/atmel toolchain/avr8 gcc/native/3.4.2.1002/avr8-gnu-toolchain/bin/../lib/gcc/avr/4.7.2/../../../../avr/lib/avr6\libm.a(fixsfsi.o)
 .data          0x00800200        0x0 c:/program files (x86)/atmel/atmel toolchain/avr8 gcc/native/3.4.2.1002/avr8-gnu-toolchain/bin/../lib/gcc/avr/4.7.2/../../../../avr/lib/avr6\libm.a(fixunssfsi.o)
 .data          0x00800200        0x0 c:/program files (x86)/atmel/atmel toolchain/avr8 gcc/native/3.4.2.1002/avr8-gnu-toolchain/bin/../lib/gcc/avr/4.7.2/../../../../avr/lib/avr6\libm.a(floatsisf.o)
 .data          0x00800200        0x0 c:/program files (x86)/atmel/atmel toolchain/avr8 gcc/native/3.4.2.1002/avr8-gnu-toolchain/bin/../lib/gcc/avr/4.7.2/../../../../avr/lib/avr6\libm.a(floor.o)
 .data          0x00800200        0x0 c:/program files (x86)/atmel/atmel toolchain/avr8 gcc/native/3.4.2.1002/avr8-gnu-toolchain/bin/../lib/gcc/avr/4.7.2/../../../../avr/lib/avr6\libm.a(fp_arccos.o)
 .data          0x00800200        0x0 c:/program files (x86)/atmel/atmel toolchain/avr8 gcc/native/3.4.2.1002/avr8-gnu-toolchain/bin/../lib/gcc/avr/4.7.2/../../../../avr/lib/avr6\libm.a(fp_cmp.o)
 .data          0x00800200        0x0 c:/program files (x86)/atmel/atmel toolchain/avr8 gcc/native/3.4.2.1002/avr8-gnu-toolchain/bin/../lib/gcc/avr/4.7.2/../../../../avr/lib/avr6\libm.a(fp_inf.o)
 .data          0x00800200        0x0 c:/program files (x86)/atmel/atmel toolchain/avr8 gcc/native/3.4.2.1002/avr8-gnu-toolchain/bin/../lib/gcc/avr/4.7.2/../../../../avr/lib/avr6\libm.a(fp_mintl.o)
 .data          0x00800200        0x0 c:/program files (x86)/atmel/atmel toolchain/avr8 gcc/native/3.4.2.1002/avr8-gnu-toolchain/bin/../lib/gcc/avr/4.7.2/../../../../avr/lib/avr6\libm.a(fp_mpack.o)
 .data          0x00800200        0x0 c:/program files (x86)/atmel/atmel toolchain/avr8 gcc/native/3.4.2.1002/avr8-gnu-toolchain/bin/../lib/gcc/avr/4.7.2/../../../../avr/lib/avr6\libm.a(fp_nan.o)
 .data          0x00800200        0x0 c:/program files (x86)/atmel/atmel toolchain/avr8 gcc/native/3.4.2.1002/avr8-gnu-toolchain/bin/../lib/gcc/avr/4.7.2/../../../../avr/lib/avr6\libm.a(fp_powser.o)
 .data          0x00800200        0x0 c:/program files (x86)/atmel/atmel toolchain/avr8 gcc/native/3.4.2.1002/avr8-gnu-toolchain/bin/../lib/gcc/avr/4.7.2/../../../../avr/lib/avr6\libm.a(fp_powsodd.o)
 .data          0x00800200        0x0 c:/program files (x86)/atmel/atmel toolchain/avr8 gcc/native/3.4.2.1002/avr8-gnu-toolchain/bin/../lib/gcc/avr/4.7.2/../../../../avr/lib/avr6\libm.a(fp_pscA.o)
 .data          0x00800200        0x0 c:/program files (x86)/atmel/atmel toolchain/avr8 gcc/native/3.4.2.1002/avr8-gnu-toolchain/bin/../lib/gcc/avr/4.7.2/../../../../avr/lib/avr6\libm.a(fp_pscB.o)
 .data          0x00800200        0x0 c:/program files (x86)/atmel/atmel toolchain/avr8 gcc/native/3.4.2.1002/avr8-gnu-toolchain/bin/../lib/gcc/avr/4.7.2/../../../../avr/lib/avr6\libm.a(fp_rempio2.o)
 .data          0x00800200        0x0 c:/program files (x86)/atmel/atmel toolchain/avr8 gcc/native/3.4.2.1002/avr8-gnu-toolchain/bin/../lib/gcc/avr/4.7.2/../../../../avr/lib/avr6\libm.a(fp_round.o)
 .data          0x00800200        0x0 c:/program files (x86)/atmel/atmel toolchain/avr8 gcc/native/3.4.2.1002/avr8-gnu-toolchain/bin/../lib/gcc/avr/4.7.2/../../../../avr/lib/avr6\libm.a(fp_sinus.o)
 .data          0x00800200        0x0 c:/program files (x86)/atmel/atmel toolchain/avr8 gcc/native/3.4.2.1002/avr8-gnu-toolchain/bin/../lib/gcc/avr/4.7.2/../../../../avr/lib/avr6\libm.a(fp_split3.o)
 .data          0x00800200        0x0 c:/program files (x86)/atmel/atmel toolchain/avr8 gcc/native/3.4.2.1002/avr8-gnu-toolchain/bin/../lib/gcc/avr/4.7.2/../../../../avr/lib/avr6\libm.a(fp_trunc.o)
 .data          0x00800200        0x0 c:/program files (x86)/atmel/atmel toolchain/avr8 gcc/native/3.4.2.1002/avr8-gnu-toolchain/bin/../lib/gcc/avr/4.7.2/../../../../avr/lib/avr6\libm.a(fp_zero.o)
 .data          0x00800200        0x0 c:/program files (x86)/atmel/atmel toolchain/avr8 gcc/native/3.4.2.1002/avr8-gnu-toolchain/bin/../lib/gcc/avr/4.7.2/../../../../avr/lib/avr6\libm.a(gesf2.o)
 .data          0x00800200        0x0 c:/program files (x86)/atmel/atmel toolchain/avr8 gcc/native/3.4.2.1002/avr8-gnu-toolchain/bin/../lib/gcc/avr/4.7.2/../../../../avr/lib/avr6\libm.a(inverse.o)
 .data          0x00800200        0x0 c:/program files (x86)/atmel/atmel toolchain/avr8 gcc/native/3.4.2.1002/avr8-gnu-toolchain/bin/../lib/gcc/avr/4.7.2/../../../../avr/lib/avr6\libm.a(log10.o)
 .data          0x00800200        0x0 c:/program files (x86)/atmel/atmel toolchain/avr8 gcc/native/3.4.2.1002/avr8-gnu-toolchain/bin/../lib/gcc/avr/4.7.2/../../../../avr/lib/avr6\libm.a(log.o)
 .data          0x00800200        0x0 c:/program files (x86)/atmel/atmel toolchain/avr8 gcc/native/3.4.2.1002/avr8-gnu-toolchain/bin/../lib/gcc/avr/4.7.2/../../../../avr/lib/avr6\libm.a(mulsf3.o)
 .data          0x00800200        0x0 c:/program files (x86)/atmel/atmel toolchain/avr8 gcc/native/3.4.2.1002/avr8-gnu-toolchain/bin/../lib/gcc/avr/4.7.2/../../../../avr/lib/avr6\libm.a(mulsf3x.o)
 .data          0x00800200        0x0 c:/program files (x86)/atmel/atmel toolchain/avr8 gcc/native/3.4.2.1002/avr8-gnu-toolchain/bin/../lib/gcc/avr/4.7.2/../../../../avr/lib/avr6\libm.a(pow.o)
 .data          0x00800200        0x0 c:/program files (x86)/atmel/atmel toolchain/avr8 gcc/native/3.4.2.1002/avr8-gnu-toolchain/bin/../lib/gcc/avr/4.7.2/../../../../avr/lib/avr6\libm.a(sin.o)
 .data          0x00800200        0x0 c:/program files (x86)/atmel/atmel toolchain/avr8 gcc/native/3.4.2.1002/avr8-gnu-toolchain/bin/../lib/gcc/avr/4.7.2/../../../../avr/lib/avr6\libm.a(sqrt.o)
 .data          0x00800200        0x0 c:/program files (x86)/atmel/atmel toolchain/avr8 gcc/native/3.4.2.1002/avr8-gnu-toolchain/bin/../lib/gcc/avr/4.7.2/../../../../avr/lib/avr6\libm.a(square.o)
 .data          0x00800200        0x0 c:/program files (x86)/atmel/atmel toolchain/avr8 gcc/native/3.4.2.1002/avr8-gnu-toolchain/bin/../lib/gcc/avr/4.7.2/../../../../avr/lib/avr6\libm.a(unordsf2.o)
 .data          0x00800200        0x0 c:/program files (x86)/atmel/atmel toolchain/avr8 gcc/native/3.4.2.1002/avr8-gnu-toolchain/bin/../lib/gcc/avr/4.7.2/../../../../avr/lib/avr6\libm.a(exp.o)
 .data          0x00800200        0x0 c:/program files (x86)/atmel/atmel toolchain/avr8 gcc/native/3.4.2.1002/avr8-gnu-toolchain/bin/../lib/gcc/avr/4.7.2/../../../../avr/lib/avr6\libm.a(fp_norm2.o)
 .data          0x00800200        0x0 c:/program files (x86)/atmel/atmel toolchain/avr8 gcc/native/3.4.2.1002/avr8-gnu-toolchain/bin/../lib/gcc/avr/4.7.2/../../../../avr/lib/avr6\libm.a(ldexp.o)
 .data          0x00800200        0x0 c:/program files (x86)/atmel/atmel toolchain/avr8 gcc/native/3.4.2.1002/avr8-gnu-toolchain/bin/../lib/gcc/avr/4.7.2/../../../../avr/lib/avr6\libm.a(modf.o)
 .data          0x00800200        0x0 c:/program files (x86)/atmel/atmel toolchain/avr8 gcc/native/3.4.2.1002/avr8-gnu-toolchain/bin/../lib/gcc/avr/4.7.2/avr6\libgcc.a(_divmodhi4.o)
 .data          0x00800200        0x0 c:/program files (x86)/atmel/atmel toolchain/avr8 gcc/native/3.4.2.1002/avr8-gnu-toolchain/bin/../lib/gcc/avr/4.7.2/avr6\libgcc.a(_udivmodsi4.o)
 .data          0x00800200        0x0 c:/program files (x86)/atmel/atmel toolchain/avr8 gcc/native/3.4.2.1002/avr8-gnu-toolchain/bin/../lib/gcc/avr/4.7.2/avr6\libgcc.a(_exit.o)
 .data          0x00800200        0x0 c:/program files (x86)/atmel/atmel toolchain/avr8 gcc/native/3.4.2.1002/avr8-gnu-toolchain/bin/../lib/gcc/avr/4.7.2/avr6\libgcc.a(_copy_data.o)
 .data          0x00800200        0x0 c:/program files (x86)/atmel/atmel toolchain/avr8 gcc/native/3.4.2.1002/avr8-gnu-toolchain/bin/../lib/gcc/avr/4.7.2/avr6\libgcc.a(_clear_bss.o)
 .data          0x00800200        0x0 c:/program files (x86)/atmel/atmel toolchain/avr8 gcc/native/3.4.2.1002/avr8-gnu-toolchain/bin/../lib/gcc/avr/4.7.2/avr6\libgcc.a(_ctors.o)
 .data          0x00800200        0x0 c:/program files (x86)/atmel/atmel toolchain/avr8 gcc/native/3.4.2.1002/avr8-gnu-toolchain/bin/../lib/gcc/avr/4.7.2/avr6\libgcc.a(_dtors.o)
 .data          0x00800200        0x0 c:/program files (x86)/atmel/atmel toolchain/avr8 gcc/native/3.4.2.1002/avr8-gnu-toolchain/bin/../lib/gcc/avr/4.7.2/avr6\libgcc.a(_muldi3.o)
 .data          0x00800200        0x0 c:/program files (x86)/atmel/atmel toolchain/avr8 gcc/native/3.4.2.1002/avr8-gnu-toolchain/bin/../lib/gcc/avr/4.7.2/avr6\libgcc.a(_tablejump_elpm.o)
 .data          0x00800200        0x0 c:/program files (x86)/atmel/atmel toolchain/avr8 gcc/native/3.4.2.1002/avr8-gnu-toolchain/bin/../lib/gcc/avr/4.7.2/avr6\libgcc.a(_ashldi3.o)
 .data          0x00800200        0x0 c:/program files (x86)/atmel/atmel toolchain/avr8 gcc/native/3.4.2.1002/avr8-gnu-toolchain/bin/../lib/gcc/avr/4.7.2/avr6\libgcc.a(_ashrdi3.o)
 .data          0x00800200        0x0 c:/program files (x86)/atmel/atmel toolchain/avr8 gcc/native/3.4.2.1002/avr8-gnu-toolchain/bin/../lib/gcc/avr/4.7.2/avr6\libgcc.a(_adddi3.o)
 .data          0x00800200        0x0 c:/program files (x86)/atmel/atmel toolchain/avr8 gcc/native/3.4.2.1002/avr8-gnu-toolchain/bin/../lib/gcc/avr/4.7.2/avr6\libgcc.a(_subdi3.o)
 .data          0x00800200        0x0 c:/program files (x86)/atmel/atmel toolchain/avr8 gcc/native/3.4.2.1002/avr8-gnu-toolchain/bin/../lib/gcc/avr/4.7.2/avr6\libgcc.a(_udivmodhi4.o)
 .data          0x00800200        0x0 c:/program files (x86)/atmel/atmel toolchain/avr8 gcc/native/3.4.2.1002/avr8-gnu-toolchain/bin/../lib/gcc/avr/4.7.2/avr6\libgcc.a(_umulhisi3.o)
 .data          0x00800200        0x6 c:/program files (x86)/atmel/atmel toolchain/avr8 gcc/native/3.4.2.1002/avr8-gnu-toolchain/bin/../lib/gcc/avr/4.7.2/../../../../avr/lib/avr6\libc.a(malloc.o)
                0x00800200                __malloc_heap_end
                0x00800202                __malloc_heap_start
                0x00800204                __malloc_margin
 .data          0x00800206        0x0 c:/program files (x86)/atmel/atmel toolchain/avr8 gcc/native/3.4.2.1002/avr8-gnu-toolchain/bin/../lib/gcc/avr/4.7.2/../../../../avr/lib/avr6\libc.a(memcpy.o)
 .data          0x00800206        0x0 c:/program files (x86)/atmel/atmel toolchain/avr8 gcc/native/3.4.2.1002/avr8-gnu-toolchain/bin/../lib/gcc/avr/4.7.2/../../../../avr/lib/avr6\libc.a(memset.o)
 *(.data*)
 .data._ZN10helicopter10navigation4AHRS39MAGNETOMETER_ANGULARDISPLACEMENT_WEIGHTE
                0x00800206        0x4 navigation/AHRS.o
                0x00800206                _ZN10helicopter10navigation4AHRS39MAGNETOMETER_ANGULARDISPLACEMENT_WEIGHTE
 .data._ZN10helicopter10navigation4AHRS40ACCELEROMETER_ANGULARDISPLACEMENT_WEIGHTE
                0x0080020a        0x4 navigation/AHRS.o
                0x0080020a                _ZN10helicopter10navigation4AHRS40ACCELEROMETER_ANGULARDISPLACEMENT_WEIGHTE
 *(.rodata)
 *(.rodata*)
 .rodata._ZTVN10helicopter7drivers12SerialDriverE
                0x0080020e       0x18 drivers/SerialDriver.o
                0x0080020e                _ZTVN10helicopter7drivers12SerialDriverE
 .rodata._ZTVN10helicopter5tasks12FlashLEDTaskE
                0x00800226        0xe HelicopterMain.o
                0x00800226                _ZTVN10helicopter5tasks12FlashLEDTaskE
 .rodata._ZTVN10helicopter8messages14ControlMessageE
                0x00800234        0xc messages/ControlMessage.o
                0x00800234                _ZTVN10helicopter8messages14ControlMessageE
 .rodata._ZTVN10helicopter8messages12GainsMessageE
                0x00800240        0xc messages/GainsMessage.o
                0x00800240                _ZTVN10helicopter8messages12GainsMessageE
 .rodata._ZTVN10helicopter8messages7MessageE
                0x0080024c        0xc messages/Message.o
                0x0080024c                _ZTVN10helicopter8messages7MessageE
 .rodata._ZTVN10helicopter8messages17SensorDataMessageE
                0x00800258        0xc messages/SensorDataMessage.o
                0x00800258                _ZTVN10helicopter8messages17SensorDataMessageE
 .rodata._ZTVN10helicopter8messages22SimpleTelemetryMessageE
                0x00800264        0xc messages/SimpleTelemetryMessage.o
                0x00800264                _ZTVN10helicopter8messages22SimpleTelemetryMessageE
 .rodata._ZTVN10helicopter8messages11SyncMessageE
                0x00800270        0xc messages/SyncMessage.o
                0x00800270                _ZTVN10helicopter8messages11SyncMessageE
 .rodata._ZTVN10helicopter8messages22SystemTelemetryMessageE
                0x0080027c        0xc messages/SystemTelemetryMessage.o
                0x0080027c                _ZTVN10helicopter8messages22SystemTelemetryMessageE
 .rodata._ZN10helicopter7sensors9GPSSensor7CFG_RSTE
                0x00800288        0xc sensors/GPSSensor.o
                0x00800288                _ZN10helicopter7sensors9GPSSensor7CFG_RSTE
 .rodata._ZN10helicopter7sensors9GPSSensor8CFG_RATEE
                0x00800294        0xe sensors/GPSSensor.o
                0x00800294                _ZN10helicopter7sensors9GPSSensor8CFG_RATEE
 .rodata._ZN10helicopter7sensors9GPSSensor7CFG_PRTE
                0x008002a2       0x1c sensors/GPSSensor.o
                0x008002a2                _ZN10helicopter7sensors9GPSSensor7CFG_PRTE
 .rodata._ZN10helicopter7sensors9GPSSensor27CFG_MSG_CONFIG_PERIODIC_SOLE
                0x008002be       0x10 sensors/GPSSensor.o
                0x008002be                _ZN10helicopter7sensors9GPSSensor27CFG_MSG_CONFIG_PERIODIC_SOLE
 .rodata._ZN10helicopter7sensors9GPSSensor18NAV_STATUS_POLLMSGE
                0x008002ce        0x8 sensors/GPSSensor.o