Archive member included because of file (symbol)

c:/program files (x86)/atmel/atmel toolchain/avr8 gcc/native/3.4.2.1002/avr8-gnu-toolchain/bin/../lib/gcc/avr/4.7.2/../../../../avr/lib/avr6\libm.a(addsf3.o)
                              controller/PIDController.o (__subsf3)
c:/program files (x86)/atmel/atmel toolchain/avr8 gcc/native/3.4.2.1002/avr8-gnu-toolchain/bin/../lib/gcc/avr/4.7.2/../../../../avr/lib/avr6\libm.a(addsf3x.o)
                              c:/program files (x86)/atmel/atmel toolchain/avr8 gcc/native/3.4.2.1002/avr8-gnu-toolchain/bin/../lib/gcc/avr/4.7.2/../../../../avr/lib/avr6\libm.a(addsf3.o) (__addsf3x)
c:/program files (x86)/atmel/atmel toolchain/avr8 gcc/native/3.4.2.1002/avr8-gnu-toolchain/bin/../lib/gcc/avr/4.7.2/../../../../avr/lib/avr6\libm.a(cmpsf2.o)
                              controller/PIDController.o (__nesf2)
c:/program files (x86)/atmel/atmel toolchain/avr8 gcc/native/3.4.2.1002/avr8-gnu-toolchain/bin/../lib/gcc/avr/4.7.2/../../../../avr/lib/avr6\libm.a(cos.o)
                              util/CoordinateUtil.o (cos)
c:/program files (x86)/atmel/atmel toolchain/avr8 gcc/native/3.4.2.1002/avr8-gnu-toolchain/bin/../lib/gcc/avr/4.7.2/../../../../avr/lib/avr6\libm.a(divsf3.o)
                              messages/SystemTelemetryMessage.o (__divsf3)
c:/program files (x86)/atmel/atmel toolchain/avr8 gcc/native/3.4.2.1002/avr8-gnu-toolchain/bin/../lib/gcc/avr/4.7.2/../../../../avr/lib/avr6\libm.a(divsf3x.o)
                              c:/program files (x86)/atmel/atmel toolchain/avr8 gcc/native/3.4.2.1002/avr8-gnu-toolchain/bin/../lib/gcc/avr/4.7.2/../../../../avr/lib/avr6\libm.a(divsf3.o) (__divsf3x)
c:/program files (x86)/atmel/atmel toolchain/avr8 gcc/native/3.4.2.1002/avr8-gnu-toolchain/bin/../lib/gcc/avr/4.7.2/../../../../avr/lib/avr6\libm.a(fixsfsi.o)
                              HelicopterMain.o (__fixsfsi)
c:/program files (x86)/atmel/atmel toolchain/avr8 gcc/native/3.4.2.1002/avr8-gnu-toolchain/bin/../lib/gcc/avr/4.7.2/../../../../avr/lib/avr6\libm.a(fixunssfsi.o)
                              drivers/SerialDriver.o (__fixunssfsi)
c:/program files (x86)/atmel/atmel toolchain/avr8 gcc/native/3.4.2.1002/avr8-gnu-toolchain/bin/../lib/gcc/avr/4.7.2/../../../../avr/lib/avr6\libm.a(floatsisf.o)
                              drivers/SerialDriver.o (__floatunsisf)
c:/program files (x86)/atmel/atmel toolchain/avr8 gcc/native/3.4.2.1002/avr8-gnu-toolchain/bin/../lib/gcc/avr/4.7.2/../../../../avr/lib/avr6\libm.a(floor.o)
                              drivers/SerialDriver.o (floor)
c:/program files (x86)/atmel/atmel toolchain/avr8 gcc/native/3.4.2.1002/avr8-gnu-toolchain/bin/../lib/gcc/avr/4.7.2/../../../../avr/lib/avr6\libm.a(fp_cmp.o)
                              c:/program files (x86)/atmel/atmel toolchain/avr8 gcc/native/3.4.2.1002/avr8-gnu-toolchain/bin/../lib/gcc/avr/4.7.2/../../../../avr/lib/avr6\libm.a(cmpsf2.o) (__fp_cmp)
c:/program files (x86)/atmel/atmel toolchain/avr8 gcc/native/3.4.2.1002/avr8-gnu-toolchain/bin/../lib/gcc/avr/4.7.2/../../../../avr/lib/avr6\libm.a(fp_inf.o)
                              c:/program files (x86)/atmel/atmel toolchain/avr8 gcc/native/3.4.2.1002/avr8-gnu-toolchain/bin/../lib/gcc/avr/4.7.2/../../../../avr/lib/avr6\libm.a(addsf3x.o) (__fp_inf)
c:/program files (x86)/atmel/atmel toolchain/avr8 gcc/native/3.4.2.1002/avr8-gnu-toolchain/bin/../lib/gcc/avr/4.7.2/../../../../avr/lib/avr6\libm.a(fp_mintl.o)
                              c:/program files (x86)/atmel/atmel toolchain/avr8 gcc/native/3.4.2.1002/avr8-gnu-toolchain/bin/../lib/gcc/avr/4.7.2/../../../../avr/lib/avr6\libm.a(floor.o) (__fp_mintl)
c:/program files (x86)/atmel/atmel toolchain/avr8 gcc/native/3.4.2.1002/avr8-gnu-toolchain/bin/../lib/gcc/avr/4.7.2/../../../../avr/lib/avr6\libm.a(fp_mpack.o)
                              c:/program files (x86)/atmel/atmel toolchain/avr8 gcc/native/3.4.2.1002/avr8-gnu-toolchain/bin/../lib/gcc/avr/4.7.2/../../../../avr/lib/avr6\libm.a(floor.o) (__fp_mpack)
c:/program files (x86)/atmel/atmel toolchain/avr8 gcc/native/3.4.2.1002/avr8-gnu-toolchain/bin/../lib/gcc/avr/4.7.2/../../../../avr/lib/avr6\libm.a(fp_nan.o)
                              c:/program files (x86)/atmel/atmel toolchain/avr8 gcc/native/3.4.2.1002/avr8-gnu-toolchain/bin/../lib/gcc/avr/4.7.2/../../../../avr/lib/avr6\libm.a(addsf3x.o) (__fp_nan)
c:/program files (x86)/atmel/atmel toolchain/avr8 gcc/native/3.4.2.1002/avr8-gnu-toolchain/bin/../lib/gcc/avr/4.7.2/../../../../avr/lib/avr6\libm.a(fp_pscA.o)
                              c:/program files (x86)/atmel/atmel toolchain/avr8 gcc/native/3.4.2.1002/avr8-gnu-toolchain/bin/../lib/gcc/avr/4.7.2/../../../../avr/lib/avr6\libm.a(addsf3x.o) (__fp_pscA)
c:/program files (x86)/atmel/atmel toolchain/avr8 gcc/native/3.4.2.1002/avr8-gnu-toolchain/bin/../lib/gcc/avr/4.7.2/../../../../avr/lib/avr6\libm.a(fp_pscB.o)
[...]
Memory Configuration

Name             Origin             Length             Attributes
text             0x00000000         0x00100000         xr
data             0x00800200         0x0000fe00         rw !x
eeprom           0x00810000         0x00010000         rw !x
fuse             0x00820000         0x00000400         rw !x
lock             0x00830000         0x00000400         rw !x
signature        0x00840000         0x00000400         rw !x
user_signatures  0x00850000         0x00000400         rw !x
*default*        0x00000000         0xffffffff

Linker script and memory map

Address of section .data set to 0x800200
LOAD c:/program files (x86)/atmel/atmel toolchain/avr8 gcc/native/3.4.2.1002/avr8-gnu-toolchain/bin/../lib/gcc/avr/4.7.2/../../../../avr/lib/avr6/crtm2560.o
LOAD buffer/Buffer.o
LOAD buffer/Record.o
LOAD controller/PIDController.o
LOAD drivers/MagnetometerDriver.o
LOAD drivers/SerialDriver.o
LOAD HelicopterMain.o
LOAD interfaces/GroundControlStationInterface.o
LOAD messages/Message.o
LOAD messages/SyncMessage.o
LOAD messages/SystemTelemetryMessage.o
LOAD model/SystemModel.o
LOAD scheduler/Scheduler.o
LOAD sensors/MagnetometerSensor.o
LOAD tasks/PIDInnerLoopTask.o
LOAD tasks/PIDOuterLoopTask.o
LOAD tasks/SensorProcessingTask.o
LOAD tasks/SimTelemetryTask.o
LOAD tasks/Task.o
LOAD tasks/TransmitTelemetryTask.o
LOAD util/CommonHeader.o
LOAD util/CoordinateUtil.o
LOAD util/Timer.o
START GROUP
LOAD c:/program files (x86)/atmel/atmel toolchain/avr8 gcc/native/3.4.2.1002/avr8-gnu-toolchain/bin/../lib/gcc/avr/4.7.2/../../../../avr/lib/avr6\libm.a
END GROUP
LOAD c:/program files (x86)/atmel/atmel toolchain/avr8 gcc/native/3.4.2.1002/avr8-gnu-toolchain/bin/../lib/gcc/avr/4.7.2/avr6\libgcc.a
LOAD c:/program files (x86)/atmel/atmel toolchain/avr8 gcc/native/3.4.2.1002/avr8-gnu-toolchain/bin/../lib/gcc/avr/4.7.2/../../../../avr/lib/avr6\libm.a
LOAD c:/program files (x86)/atmel/atmel toolchain/avr8 gcc/native/3.4.2.1002/avr8-gnu-toolchain/bin/../lib/gcc/avr/4.7.2/avr6\libgcc.a
LOAD c:/program files (x86)/atmel/atmel toolchain/avr8 gcc/native/3.4.2.1002/avr8-gnu-toolchain/bin/../lib/gcc/avr/4.7.2/../../../../avr/lib/avr6\libc.a
LOAD c:/program files (x86)/atmel/atmel toolchain/avr8 gcc/native/3.4.2.1002/avr8-gnu-toolchain/bin/../lib/gcc/avr/4.7.2/avr6\libgcc.a

.hash
 *(.hash)

.dynsym
 *(.dynsym)

.dynstr
 *(.dynstr)

.gnu.version
 *(.gnu.version)

.gnu.version_d
 *(.gnu.version_d)

.gnu.version_r
 *(.gnu.version_r)

.rel.init
 *(.rel.init)

.rela.init
 *(.rela.init)

.rel.text
 *(.rel.text)
 *(.rel.text.*)
 *(.rel.gnu.linkonce.t*)

.rela.text
 *(.rela.text)
 *(.rela.text.*)
 *(.rela.gnu.linkonce.t*)

.rel.fini
 *(.rel.fini)

.rela.fini
 *(.rela.fini)

.rel.rodata
 *(.rel.rodata)
 *(.rel.rodata.*)
 *(.rel.gnu.linkonce.r*)

.rela.rodata
 *(.rela.rodata)
 *(.rela.rodata.*)
 *(.rela.gnu.linkonce.r*)

.rel.data
 *(.rel.data)
 *(.rel.data.*)
 *(.rel.gnu.linkonce.d*)

.rela.data
 *(.rela.data)
 *(.rela.data.*)
 *(.rela.gnu.linkonce.d*)

.rel.ctors
 *(.rel.ctors)

.rela.ctors
 *(.rela.ctors)

.rel.dtors
 *(.rel.dtors)

.rela.dtors
 *(.rela.dtors)

.rel.got
 *(.rel.got)

.rela.got
 *(.rela.got)

.rel.bss
 *(.rel.bss)

.rela.bss
 *(.rela.bss)

.rel.plt
 *(.rel.plt)

.rela.plt
 *(.rela.plt)

.text           0x00000000     0x99ba
 *(.vectors)
 .vectors       0x00000000       0xe4 c:/program files (x86)/atmel/atmel toolchain/avr8 gcc/native/3.4.2.1002/avr8-gnu-toolchain/bin/../lib/gcc/avr/4.7.2/../../../../avr/lib/avr6/crtm2560.o
                0x00000000                __vector_default
                0x00000000                __vectors
 *(.vectors)
 *(.progmem.gcc*)
 .progmem.gcc_fplib
                0x000000e4       0x1e c:/program files (x86)/atmel/atmel toolchain/avr8 gcc/native/3.4.2.1002/avr8-gnu-toolchain/bin/../lib/gcc/avr/4.7.2/../../../../avr/lib/avr6\libm.a(fp_sinus.o)
 .progmem.gcc_fplib
                0x00000102       0x28 c:/program files (x86)/atmel/atmel toolchain/avr8 gcc/native/3.4.2.1002/avr8-gnu-toolchain/bin/../lib/gcc/avr/4.7.2/../../../../avr/lib/avr6\libm.a(exp.o)
 .progmem.gcc_fplib
                0x0000012a       0x5a c:/program files (x86)/atmel/atmel toolchain/avr8 gcc/native/3.4.2.1002/avr8-gnu-toolchain/bin/../lib/gcc/avr/4.7.2/../../../../avr/lib/avr6\libm.a(log.o)
 *(.progmem*)
                0x00000184                . = ALIGN (0x2)
                0x00000184                __trampolines_start = .
 *(.trampolines)
 .trampolines   0x00000184       0xa4 linker stubs
 *(.trampolines*)
                0x00000228                __trampolines_end = .
 *(.jumptables)
 *(.jumptables*)
 *(.lowtext)
 *(.lowtext*)
                0x00000228                __ctors_start = .
 *(.ctors)
                0x00000228                __ctors_end = .
                0x00000228                __dtors_start = .
 *(.dtors)
                0x00000228                __dtors_end = .
 SORT(*)(.ctors)
 SORT(*)(.dtors)
 *(.init0)
 .init0         0x00000228        0x0 c:/program files (x86)/atmel/atmel toolchain/avr8 gcc/native/3.4.2.1002/avr8-gnu-toolchain/bin/../lib/gcc/avr/4.7.2/../../../../avr/lib/avr6/crtm2560.o
                0x00000228                __init
 *(.init0)
 *(.init1)
 *(.init1)
 *(.init2)
 .init2         0x00000228       0x10 c:/program files (x86)/atmel/atmel toolchain/avr8 gcc/native/3.4.2.1002/avr8-gnu-toolchain/bin/../lib/gcc/avr/4.7.2/../../../../avr/lib/avr6/crtm2560.o
 *(.init2)
 *(.init3)
 *(.init3)
 *(.init4)
 .init4         0x00000238       0x1a c:/program files (x86)/atmel/atmel toolchain/avr8 gcc/native/3.4.2.1002/avr8-gnu-toolchain/bin/../lib/gcc/avr/4.7.2/avr6\libgcc.a(_copy_data.o)
                0x00000238                __do_copy_data
 .init4         0x00000252       0x10 c:/program files (x86)/atmel/atmel toolchain/avr8 gcc/native/3.4.2.1002/avr8-gnu-toolchain/bin/../lib/gcc/avr/4.7.2/avr6\libgcc.a(_clear_bss.o)
                0x00000252                __do_clear_bss
 *(.init4)
 *(.init5)
 *(.init5)
 *(.init6)
 *(.init6)
 *(.init7)
 *(.init7)
 *(.init8)
 *(.init8)
 *(.init9)
 .init9         0x00000262        0x8 c:/program files (x86)/atmel/atmel toolchain/avr8 gcc/native/3.4.2.1002/avr8-gnu-toolchain/bin/../lib/gcc/avr/4.7.2/../../../../avr/lib/avr6/crtm2560.o
 *(.init9)
 *(.text)
 .text          0x0000026a        0x4 c:/program files (x86)/atmel/atmel toolchain/avr8 gcc/native/3.4.2.1002/avr8-gnu-toolchain/bin/../lib/gcc/avr/4.7.2/../../../../avr/lib/avr6/crtm2560.o
                0x0000026a                __vector_38
                0x0000026a                __vector_22
                0x0000026a                __vector_28
                0x0000026a                __vector_1
                0x0000026a                __vector_32
                0x0000026a                __vector_34
                0x0000026a                __vector_24
                0x0000026a                __vector_12
                0x0000026a                __vector_55
                0x0000026a                __vector_46
                0x0000026a                __bad_interrupt
                0x0000026a                __vector_6
                0x0000026a                __vector_31
                0x0000026a                __vector_35
                0x0000026a                __vector_39
                0x0000026a                __vector_3
                0x0000026a                __vector_23
                0x0000026a                __vector_30
                0x0000026a                __vector_45
                0x0000026a                __vector_25
                0x0000026a                __vector_11
                0x0000026a                __vector_54
                0x0000026a                __vector_13
                0x0000026a                __vector_19
                0x0000026a                __vector_56
                0x0000026a                __vector_7
                0x0000026a                __vector_49
                0x0000026a                __vector_41
                0x0000026a                __vector_43
                0x0000026a                __vector_27
                0x0000026a                __vector_5
                0x0000026a                __vector_33
                0x0000026a                __vector_47
                0x0000026a                __vector_52
                0x0000026a                __vector_37
                0x0000026a                __vector_4
                0x0000026a                __vector_44
                0x0000026a                __vector_51
                0x0000026a                __vector_9
                0x0000026a                __vector_2
                0x0000026a                __vector_21
                0x0000026a                __vector_15
                0x0000026a                __vector_36
                0x0000026a                __vector_29
                0x0000026a                __vector_40
                0x0000026a                __vector_8
                0x0000026a                __vector_26
                0x0000026a                __vector_48
                0x0000026a                __vector_14
                0x0000026a                __vector_53
                0x0000026a                __vector_10
                0x0000026a                __vector_50
                0x0000026a                __vector_16
                0x0000026a                __vector_18
                0x0000026a                __vector_20
                0x0000026a                __vector_42
                0x0000026e                . = ALIGN (0x2)
 *(.text.*)
 .text._ZNK10helicopter5model11SystemModel13MagYawDegreesEv
                0x0000026e       0x2c controller/PIDController.o
                0x0000026e                _ZNK10helicopter5model11SystemModel13MagYawDegreesEv
 .text._ZNK10helicopter5model11SystemModel22ReferenceMagYawDegreesEv
                0x0000029a       0x2c controller/PIDController.o
                0x0000029a                _ZNK10helicopter5model11SystemModel22ReferenceMagYawDegreesEv
 .text._ZNK10helicopter5model11SystemModel10YawControlEv
                0x000002c6       0x2c controller/PIDController.o
                0x000002c6                _ZNK10helicopter5model11SystemModel10YawControlEv
 .text._ZN10helicopter5model11SystemModel10YawControlEf
                0x000002f2       0x40 controller/PIDController.o
                0x000002f2                _ZN10helicopter5model11SystemModel10YawControlEf
 .text._ZNK10helicopter5model11SystemModel37YawControlBeforeServoLimitsAdjustmentEv
                0x00000332       0x2c controller/PIDController.o
                0x00000332                _ZNK10helicopter5model11SystemModel37YawControlBeforeServoLimitsAdjustmentEv
 .text._ZN10helicopter5model11SystemModel37YawControlBeforeServoLimitsAdjustmentEf
                0x0000035e       0x40 controller/PIDController.o
                0x0000035e                _ZN10helicopter5model11SystemModel37YawControlBeforeServoLimitsAdjustmentEf
 .text._ZNK10helicopter5model11SystemModel27YawVelocityDegreesPerSecondEv
                0x0000039e       0x2c controller/PIDController.o
                0x0000039e                _ZNK10helicopter5model11SystemModel27YawVelocityDegreesPerSecondEv
 .text._ZNK10helicopter5model11SystemModel36ReferenceYawVelocityDegreesPerSecondEv
                0x000003ca       0x2c controller/PIDController.o
                0x000003ca                _ZNK10helicopter5model11SystemModel36ReferenceYawVelocityDegreesPerSecondEv
 .text._ZNK10helicopter5model11SystemModel11YawIntegralEv
                0x000003f6       0x2c controller/PIDController.o
                0x000003f6                _ZNK10helicopter5model11SystemModel11YawIntegralEv
 .text._ZN10helicopter5model11SystemModel11YawIntegralEf
                0x00000422       0x40 controller/PIDController.o
                0x00000422                _ZN10helicopter5model11SystemModel11YawIntegralEf
 .text._ZN10helicopter5model11SystemModel15YawProportionalEf
                0x00000462       0x40 controller/PIDController.o
                0x00000462                _ZN10helicopter5model11SystemModel15YawProportionalEf
 .text._ZN10helicopter5model11SystemModel18YawDerivativeErrorEf
                0x000004a2       0x40 controller/PIDController.o
                0x000004a2                _ZN10helicopter5model11SystemModel18YawDerivativeErrorEf
 .text._ZNK10helicopter5model11SystemModel13XNEDBodyFrameEv
                0x000004e2       0x2c controller/PIDController.o
                0x000004e2                _ZNK10helicopter5model11SystemModel13XNEDBodyFrameEv
 .text._ZNK10helicopter5model11SystemModel22ReferenceXNEDBodyFrameEv
                0x0000050e       0x2c controller/PIDController.o
                0x0000050e                _ZNK10helicopter5model11SystemModel22ReferenceXNEDBodyFrameEv
 .text._ZNK10helicopter5model11SystemModel43LongitudeControlBeforeServoLimitsAdjustmentEv
                0x0000053a       0x2c controller/PIDController.o
                0x0000053a                _ZNK10helicopter5model11SystemModel43LongitudeControlBeforeServoLimitsAdjustmentEv
 .text._ZN10helicopter5model11SystemModel43LongitudeControlBeforeServoLimitsAdjustmentEf
                0x00000566       0x40 controller/PIDController.o
                0x00000566                _ZN10helicopter5model11SystemModel43LongitudeControlBeforeServoLimitsAdjustmentEf
 .text._ZNK10helicopter5model11SystemModel16LongitudeControlEv
                0x000005a6       0x2c controller/PIDController.o
                0x000005a6                _ZNK10helicopter5model11SystemModel16LongitudeControlEv
 .text._ZN10helicopter5model11SystemModel16LongitudeControlEf
                0x000005d2       0x40 controller/PIDController.o
                0x000005d2                _ZN10helicopter5model11SystemModel16LongitudeControlEf
 .text._ZNK10helicopter5model11SystemModel24XVelocityMetersPerSecondEv
                0x00000612       0x2c controller/PIDController.o
                0x00000612                _ZNK10helicopter5model11SystemModel24XVelocityMetersPerSecondEv
 .text._ZNK10helicopter5model11SystemModel33ReferenceXVelocityMetersPerSecondEv
                0x0000063e       0x2c controller/PIDController.o
                0x0000063e                _ZNK10helicopter5model11SystemModel33ReferenceXVelocityMetersPerSecondEv
 .text._ZNK10helicopter5model11SystemModel27XLongitudeOuterLoopSetpointEv
                0x0000066a       0x2c controller/PIDController.o
                0x0000066a                _ZNK10helicopter5model11SystemModel27XLongitudeOuterLoopSetpointEv
 .text._ZN10helicopter5model11SystemModel27XLongitudeOuterLoopSetpointEf
                0x00000696       0x40 controller/PIDController.o
                0x00000696                _ZN10helicopter5model11SystemModel27XLongitudeOuterLoopSetpointEf
 .text._ZN10helicopter5model11SystemModel13XProportionalEf
                0x000006d6       0x46 controller/PIDController.o
                0x000006d6                _ZN10helicopter5model11SystemModel13XProportionalEf
 .text._ZNK10helicopter5model11SystemModel9XIntegralEv
                0x0000071c       0x30 controller/PIDController.o
                0x0000071c                _ZNK10helicopter5model11SystemModel9XIntegralEv
 .text._ZN10helicopter5model11SystemModel9XIntegralEf
                0x0000074c       0x46 controller/PIDController.o
                0x0000074c                _ZN10helicopter5model11SystemModel9XIntegralEf
 .text._ZN10helicopter5model11SystemModel16XDerivativeErrorEf
                0x00000792       0x46 controller/PIDController.o
                0x00000792                _ZN10helicopter5model11SystemModel16XDerivativeErrorEf
 .text._ZNK10helicopter5model11SystemModel17ThetaPitchDegreesEv
                0x000007d8       0x30 controller/PIDController.o
                0x000007d8                _ZNK10helicopter5model11SystemModel17ThetaPitchDegreesEv
 .text._ZNK10helicopter5model11SystemModel33PitchAngularVelocityRadsPerSecondEv
                0x00000808       0x30 controller/PIDController.o
                0x00000808                _ZNK10helicopter5model11SystemModel33PitchAngularVelocityRadsPerSecondEv
 .text._ZNK10helicopter5model11SystemModel13YNEDBodyFrameEv
                0x00000838       0x30 controller/PIDController.o
                0x00000838                _ZNK10helicopter5model11SystemModel13YNEDBodyFrameEv
 .text._ZNK10helicopter5model11SystemModel22ReferenceYNEDBodyFrameEv
                0x00000868       0x30 controller/PIDController.o
                0x00000868                _ZNK10helicopter5model11SystemModel22ReferenceYNEDBodyFrameEv
 .text._ZNK10helicopter5model11SystemModel41LateralControlBeforeServoLimitsAdjustmentEv
                0x00000898       0x30 controller/PIDController.o
                0x00000898                _ZNK10helicopter5model11SystemModel41LateralControlBeforeServoLimitsAdjustmentEv
 .text._ZN10helicopter5model11SystemModel41LateralControlBeforeServoLimitsAdjustmentEf
                0x000008c8       0x46 controller/PIDController.o
                0x000008c8                _ZN10helicopter5model11SystemModel41LateralControlBeforeServoLimitsAdjustmentEf
 .text._ZNK10helicopter5model11SystemModel14LateralControlEv
                0x0000090e       0x30 controller/PIDController.o
                0x0000090e                _ZNK10helicopter5model11SystemModel14LateralControlEv
 .text._ZN10helicopter5model11SystemModel14LateralControlEf
                0x0000093e       0x46 controller/PIDController.o
                0x0000093e                _ZN10helicopter5model11SystemModel14LateralControlEf
 .text._ZNK10helicopter5model11SystemModel24YVelocityMetersPerSecondEv
                0x00000984       0x30 controller/PIDController.o
                0x00000984                _ZNK10helicopter5model11SystemModel24YVelocityMetersPerSecondEv
 .text._ZNK10helicopter5model11SystemModel33ReferenceYVelocityMetersPerSecondEv
                0x000009b4       0x30 controller/PIDController.o
                0x000009b4                _ZNK10helicopter5model11SystemModel33ReferenceYVelocityMetersPerSecondEv
 .text._ZNK10helicopter5model11SystemModel25YLateralOuterLoopSetpointEv
                0x000009e4       0x30 controller/PIDController.o
                0x000009e4                _ZNK10helicopter5model11SystemModel25YLateralOuterLoopSetpointEv
 .text._ZN10helicopter5model11SystemModel25YLateralOuterLoopSetpointEf
                0x00000a14       0x46 controller/PIDController.o
                0x00000a14                _ZN10helicopter5model11SystemModel25YLateralOuterLoopSetpointEf
 .text._ZN10helicopter5model11SystemModel13YProportionalEf
                0x00000a5a       0x46 controller/PIDController.o
                0x00000a5a                _ZN10helicopter5model11SystemModel13YProportionalEf
 .text._ZNK10helicopter5model11SystemModel9YIntegralEv
                0x00000aa0       0x30 controller/PIDController.o
                0x00000aa0                _ZNK10helicopter5model11SystemModel9YIntegralEv
 .text._ZN10helicopter5model11SystemModel9YIntegralEf
                0x00000ad0       0x46 controller/PIDController.o
                0x00000ad0                _ZN10helicopter5model11SystemModel9YIntegralEf
 .text._ZN10helicopter5model11SystemModel16YDerivativeErrorEf
                0x00000b16       0x46 controller/PIDController.o
                0x00000b16                _ZN10helicopter5model11SystemModel16YDerivativeErrorEf
 .text._ZNK10helicopter5model11SystemModel14PhiRollDegreesEv
                0x00000b5c       0x30 controller/PIDController.o
                0x00000b5c                _ZNK10helicopter5model11SystemModel14PhiRollDegreesEv
 .text._ZNK10helicopter5model11SystemModel32RollAngularVelocityRadsPerSecondEv
                0x00000b8c       0x30 controller/PIDController.o
                0x00000b8c                _ZNK10helicopter5model11SystemModel32RollAngularVelocityRadsPerSecondEv
 .text._ZNK10helicopter5model11SystemModel13ZNEDBodyFrameEv
                0x00000bbc       0x30 controller/PIDController.o
                0x00000bbc                _ZNK10helicopter5model11SystemModel13ZNEDBodyFrameEv
 .text._ZNK10helicopter5model11SystemModel26ReferenceZNEDBodyFrameFeetEv
                0x00000bec       0x30 controller/PIDController.o
                0x00000bec                _ZNK10helicopter5model11SystemModel26ReferenceZNEDBodyFrameFeetEv
 .text._ZNK10helicopter5model11SystemModel26MainRotorCollectiveControlEv
                0x00000c1c       0x30 controller/PIDController.o
                0x00000c1c                _ZNK10helicopter5model11SystemModel26MainRotorCollectiveControlEv
 .text._ZN10helicopter5model11SystemModel26MainRotorCollectiveControlEf
                0x00000c4c       0x46 controller/PIDController.o
                0x00000c4c                _ZN10helicopter5model11SystemModel26MainRotorCollectiveControlEf
 .text._ZNK10helicopter5model11SystemModel43MainRotorControlBeforeServoLimitsAdjustmentEv
                0x00000c92       0x30 controller/PIDController.o
                0x00000c92                _ZNK10helicopter5model11SystemModel43MainRotorControlBeforeServoLimitsAdjustmentEv
 .text._ZN10helicopter5model11SystemModel43MainRotorControlBeforeServoLimitsAdjustmentEf
                0x00000cc2       0x46 controller/PIDController.o
                0x00000cc2                _ZN10helicopter5model11SystemModel43MainRotorControlBeforeServoLimitsAdjustmentEf
 .text._ZNK10helicopter5model11SystemModel22ZVelocityFeetPerSecondEv
                0x00000d08       0x30 controller/PIDController.o
                0x00000d08                _ZNK10helicopter5model11SystemModel22ZVelocityFeetPerSecondEv
 .text._ZNK10helicopter5model11SystemModel31ReferenceZVelocityFeetPerSecondEv
                0x00000d38       0x30 controller/PIDController.o
                0x00000d38                _ZNK10helicopter5model11SystemModel31ReferenceZVelocityFeetPerSecondEv
 .text._ZNK10helicopter5model11SystemModel9ZIntegralEv
                0x00000d68       0x30 controller/PIDController.o
                0x00000d68                _ZNK10helicopter5model11SystemModel9ZIntegralEv
 .text._ZN10helicopter5model11SystemModel9ZIntegralEf
                0x00000d98       0x46 controller/PIDController.o
                0x00000d98                _ZN10helicopter5model11SystemModel9ZIntegralEf
 .text._ZN10helicopter5model11SystemModel13ZProportionalEf
                0x00000dde       0x46 controller/PIDController.o
                0x00000dde                _ZN10helicopter5model11SystemModel13ZProportionalEf
 .text._ZN10helicopter5model11SystemModel16ZDerivativeErrorEf
                0x00000e24       0x46 controller/PIDController.o
                0x00000e24                _ZN10helicopter5model11SystemModel16ZDerivativeErrorEf
 .text._ZNK10helicopter5model11SystemModel11BlownFramesEv
                0x00000e6a       0x30 controller/PIDController.o
                0x00000e6a                _ZNK10helicopter5model11SystemModel11BlownFramesEv
 .text._ZN10helicopter5model11SystemModel11BlownFramesEl
                0x00000e9a       0x46 controller/PIDController.o
                0x00000e9a                _ZN10helicopter5model11SystemModel11BlownFramesEl
 .text._ZN10helicopter10controller13PIDControllerC2EPNS_5model11SystemModelE
                0x00000ee0      0x202 controller/PIDController.o
                0x00000ee0                _ZN10helicopter10controller13PIDControllerC2EPNS_5model11SystemModelE
                0x00000ee0                _ZN10helicopter10controller13PIDControllerC1EPNS_5model11SystemModelE
 .text._ZN10helicopter10controller13PIDController21calculateProportionalEff
                0x000010e2       0x5e controller/PIDController.o
                0x000010e2                _ZN10helicopter10controller13PIDController21calculateProportionalEff
 .text._ZN10helicopter10controller13PIDController27calculateIntegralAntiWindupEfff
                0x00001140       0xa2 controller/PIDController.o
                0x00001140                _ZN10helicopter10controller13PIDController27calculateIntegralAntiWindupEfff
 .text._ZN10helicopter10controller13PIDController17calculateIntegralEffff
                0x000011e2      0x1a4 controller/PIDController.o
                0x000011e2                _ZN10helicopter10controller13PIDController17calculateIntegralEffff
 .text._ZN10helicopter10controller13PIDController22calculateVelocityErrorEff
                0x00001386       0x5e controller/PIDController.o
                0x00001386                _ZN10helicopter10controller13PIDController22calculateVelocityErrorEff
 .text._ZN10helicopter10controller13PIDController30calculateOuterLoopControlValueEfffffi
                0x000013e4      0x10e controller/PIDController.o
                0x000013e4                _ZN10helicopter10controller13PIDController30calculateOuterLoopControlValueEfffffi
 .text._ZN10helicopter10controller13PIDController27adjustControlForServoLimitsEfff
                0x000014f2       0xb8 controller/PIDController.o
                0x000014f2                _ZN10helicopter10controller13PIDController27adjustControlForServoLimitsEfff
 .text._Z30calculateInnerLoopControlValuefffff
                0x000015aa       0xc2 controller/PIDController.o
                0x000015aa                _Z30calculateInnerLoopControlValuefffff
 .text._ZN10helicopter10controller13PIDController23adjustForSetpointLimitsEfff
                0x0000166c       0xb8 controller/PIDController.o
                0x0000166c                _ZN10helicopter10controller13PIDController23adjustForSetpointLimitsEfff
 .text._ZN10helicopter10controller13PIDController13addBlownFrameEv
                0x00001724       0x46 controller/PIDController.o
                0x00001724                _ZN10helicopter10controller13PIDController13addBlownFrameEv
 .text._ZN10helicopter10controller13PIDController27convertYawErrorFrom360to180Ef
                0x0000176a       0xa8 controller/PIDController.o
                0x0000176a                _ZN10helicopter10controller13PIDController27convertYawErrorFrom360to180Ef
 .text._ZN10helicopter10controller13PIDController34tailRotorCollectiveOuterLoopUpdateEv
                0x00001812      0x2e8 controller/PIDController.o
                0x00001812                _ZN10helicopter10controller13PIDController34tailRotorCollectiveOuterLoopUpdateEv
 .text._ZN10helicopter10controller13PIDController34mainRotorCollectiveOuterLoopUpdateEv
                0x00001afa      0x2d6 controller/PIDController.o
                0x00001afa                _ZN10helicopter10controller13PIDController34mainRotorCollectiveOuterLoopUpdateEv
 .text._ZN10helicopter10controller13PIDController30cyclicLongitudeOuterLoopUpdateEv
                0x00001dd0      0x2aa controller/PIDController.o
                0x00001dd0                _ZN10helicopter10controller13PIDController30cyclicLongitudeOuterLoopUpdateEv
 .text._ZN10helicopter10controller13PIDController28cyclicLateralOuterLoopUpdateEv
                0x0000207a      0x2ae controller/PIDController.o
                0x0000207a                _ZN10helicopter10controller13PIDController28cyclicLateralOuterLoopUpdateEv
 .text._ZN10helicopter10controller13PIDController30cyclicLongitudeInnerLoopUpdateEv
                0x00002328      0x182 controller/PIDController.o
                0x00002328                _ZN10helicopter10controller13PIDController30cyclicLongitudeInnerLoopUpdateEv
 .text._ZN10helicopter10controller13PIDController28cyclicLateralInnerLoopUpdateEv
                0x000024aa      0x184 controller/PIDController.o
                0x000024aa                _ZN10helicopter10controller13PIDController28cyclicLateralInnerLoopUpdateEv
 .text._ZN10helicopter7drivers12SerialDriverD2Ev
                0x0000262e       0x3c drivers/SerialDriver.o
                0x0000262e                _ZN10helicopter7drivers12SerialDriverD1Ev
                0x0000262e                _ZN10helicopter7drivers12SerialDriverD2Ev
 .text._ZN10helicopter7drivers12SerialDriverD0Ev
                0x0000266a       0x2a drivers/SerialDriver.o
                0x0000266a                _ZN10helicopter7drivers12SerialDriverD0Ev
 .text._ZN10helicopter7drivers12SerialDriver10initializeEv
                0x00002694      0x16c drivers/SerialDriver.o
                0x00002694                _ZN10helicopter7drivers12SerialDriver10initializeEv
 .text._ZN10helicopter7drivers12SerialDriver12transmitByteEhPNS_4util5TimerE
                0x00002800       0x8a drivers/SerialDriver.o
                0x00002800                _ZN10helicopter7drivers12SerialDriver12transmitByteEhPNS_4util5TimerE
 .text._ZN10helicopter7drivers12SerialDriver11receiveByteERhPNS_4util5TimerE
                0x0000288a       0xae drivers/SerialDriver.o
                0x0000288a                _ZN10helicopter7drivers12SerialDriver11receiveByteERhPNS_4util5TimerE
 .text._ZN10helicopter5tasks4TaskD2Ev
                0x00002938       0x3c HelicopterMain.o
                0x00002938                _ZN10helicopter5tasks4TaskD2Ev
                0x00002938                _ZN10helicopter5tasks4TaskD1Ev
 .text._ZN10helicopter5tasks4TaskD0Ev
                0x00002974       0x2a HelicopterMain.o
                0x00002974                _ZN10helicopter5tasks4TaskD0Ev
 .text._ZN10helicopter5tasks12FlashLEDTaskC2Eiii
                0x0000299e       0x6c HelicopterMain.o
                0x0000299e                _ZN10helicopter5tasks12FlashLEDTaskC2Eiii
                0x0000299e                _ZN10helicopter5tasks12FlashLEDTaskC1Eiii
 .text._ZN10helicopter5tasks12FlashLEDTask4initEv
                0x00002a0a       0x48 HelicopterMain.o
                0x00002a0a                _ZN10helicopter5tasks12FlashLEDTask4initEv
 .text._ZN10helicopter5tasks12FlashLEDTask11runTaskImplEv
                0x00002a52       0x98 HelicopterMain.o
                0x00002a52                _ZN10helicopter5tasks12FlashLEDTask11runTaskImplEv
 .text._ZN10helicopter9scheduler9Scheduler13hasBlownFrameEv
                0x00002aea       0x22 HelicopterMain.o
                0x00002aea                _ZN10helicopter9scheduler9Scheduler13hasBlownFrameEv
 .text._ZN10helicopter4util5TimerC2Em9PRESCALERm
                0x00002b0c       0x80 HelicopterMain.o
                0x00002b0c                _ZN10helicopter4util5TimerC2Em9PRESCALERm
                0x00002b0c                _ZN10helicopter4util5TimerC1Em9PRESCALERm
 .text._ZN10helicopter7drivers12SerialDriverC2EmNS1_8UartPortEb
                0x00002b8c       0x72 HelicopterMain.o
                0x00002b8c                _ZN10helicopter7drivers12SerialDriverC2EmNS1_8UartPortEb
                0x00002b8c                _ZN10helicopter7drivers12SerialDriverC1EmNS1_8UartPortEb
 .text._ZN10helicopter10interfaces29GroundControlStationInterfaceC2EPNS_7drivers12SerialDriverEPNS_4util5TimerEb
                0x00002bfe       0x5a HelicopterMain.o
                0x00002bfe                _ZN10helicopter10interfaces29GroundControlStationInterfaceC1EPNS_7drivers12SerialDriverEPNS_4util5TimerEb
                0x00002bfe                _ZN10helicopter10interfaces29GroundControlStationInterfaceC2EPNS_7drivers12SerialDriverEPNS_4util5TimerEb
 .text._ZN10helicopter5model11SystemModelC2Ev
                0x00002c58      0x436 HelicopterMain.o
                0x00002c58                _ZN10helicopter5model11SystemModelC1Ev
                0x00002c58                _ZN10helicopter5model11SystemModelC2Ev
 .text._ZN10helicopter5model11SystemModel22ReferenceMagYawDegreesEf
                0x0000308e       0x40 HelicopterMain.o
                0x0000308e                _ZN10helicopter5model11SystemModel22ReferenceMagYawDegreesEf
 .text._ZN10helicopter5model11SystemModel36ReferenceYawVelocityDegreesPerSecondEf
                0x000030ce       0x40 HelicopterMain.o
                0x000030ce                _ZN10helicopter5model11SystemModel36ReferenceYawVelocityDegreesPerSecondEf
 .text._ZN10helicopter5model11SystemModel22ReferenceXNEDBodyFrameEf
                0x0000310e       0x40 HelicopterMain.o
                0x0000310e                _ZN10helicopter5model11SystemModel22ReferenceXNEDBodyFrameEf
 .text._ZN10helicopter5model11SystemModel33ReferenceXVelocityMetersPerSecondEf
                0x0000314e       0x40 HelicopterMain.o
                0x0000314e                _ZN10helicopter5model11SystemModel33ReferenceXVelocityMetersPerSecondEf
 .text._ZN10helicopter5model11SystemModel22ReferenceYNEDBodyFrameEf
                0x0000318e       0x46 HelicopterMain.o
                0x0000318e                _ZN10helicopter5model11SystemModel22ReferenceYNEDBodyFrameEf
 .text._ZN10helicopter5model11SystemModel33ReferenceYVelocityMetersPerSecondEf
                0x000031d4       0x46 HelicopterMain.o
                0x000031d4                _ZN10helicopter5model11SystemModel33ReferenceYVelocityMetersPerSecondEf
 .text._ZNK10helicopter5model11SystemModel15AltitudeFeetAglEv
                0x0000321a       0x30 HelicopterMain.o
                0x0000321a                _ZNK10helicopter5model11SystemModel15AltitudeFeetAglEv
 .text._ZN10helicopter5model11SystemModel26ReferenceZNEDBodyFrameFeetEf
                0x0000324a       0x46 HelicopterMain.o
                0x0000324a                _ZN10helicopter5model11SystemModel26ReferenceZNEDBodyFrameFeetEf
 .text._ZN10helicopter5model11SystemModel31ReferenceZVelocityFeetPerSecondEf
                0x00003290       0x46 HelicopterMain.o
                0x00003290                _ZN10helicopter5model11SystemModel31ReferenceZVelocityFeetPerSecondEf
 .text._ZNK10helicopter5model11SystemModel15LatitudeDegreesEv
                0x000032d6       0x30 HelicopterMain.o
                0x000032d6                _ZNK10helicopter5model11SystemModel15LatitudeDegreesEv
 .text._ZNK10helicopter5model11SystemModel16LongitudeDegreesEv
                0x00003306       0x30 HelicopterMain.o
                0x00003306                _ZNK10helicopter5model11SystemModel16LongitudeDegreesEv
 .text._ZN10helicopter5model11SystemModel20InitialXPositionEcefEl
                0x00003336       0x4c HelicopterMain.o
                0x00003336                _ZN10helicopter5model11SystemModel20InitialXPositionEcefEl
 .text._ZN10helicopter5model11SystemModel20InitialYPositionEcefEl
                0x00003382       0x4c HelicopterMain.o
                0x00003382                _ZN10helicopter5model11SystemModel20InitialYPositionEcefEl
 .text._ZN10helicopter5model11SystemModel20InitialZPositionEcefEl
                0x000033ce       0x4c HelicopterMain.o
                0x000033ce                _ZN10helicopter5model11SystemModel20InitialZPositionEcefEl
 .text._ZN10helicopter10controller13PIDController16setXIntegralGainEf
                0x0000341a       0x40 HelicopterMain.o
                0x0000341a                _ZN10helicopter10controller13PIDController16setXIntegralGainEf
 .text._ZN10helicopter10controller13PIDController18setXDerivativeGainEf
                0x0000345a       0x40 HelicopterMain.o
                0x0000345a                _ZN10helicopter10controller13PIDController18setXDerivativeGainEf
 .text._ZN10helicopter10controller13PIDController20setXProportionalGainEf
                0x0000349a       0x40 HelicopterMain.o
                0x0000349a                _ZN10helicopter10controller13PIDController20setXProportionalGainEf
 .text._ZN10helicopter10controller13PIDController18setXAntiWindupGainEf
                0x000034da       0x40 HelicopterMain.o
                0x000034da                _ZN10helicopter10controller13PIDController18setXAntiWindupGainEf
 .text._ZN10helicopter10controller13PIDController25setLongitudeInnerLoopGainEf
                0x0000351a       0x40 HelicopterMain.o
                0x0000351a                _ZN10helicopter10controller13PIDController25setLongitudeInnerLoopGainEf
 .text._ZN10helicopter10controller13PIDController27setPitchAngularVelocityGainEf
                0x0000355a       0x40 HelicopterMain.o
                0x0000355a                _ZN10helicopter10controller13PIDController27setPitchAngularVelocityGainEf
 .text._ZN10helicopter10controller13PIDController32setMinLongitudeServoControlValueEf
                0x0000359a       0x46 HelicopterMain.o
                0x0000359a                _ZN10helicopter10controller13PIDController32setMinLongitudeServoControlValueEf
 .text._ZN10helicopter10controller13PIDController32setMaxLongitudeServoControlValueEf
                0x000035e0       0x46 HelicopterMain.o
                0x000035e0                _ZN10helicopter10controller13PIDController32setMaxLongitudeServoControlValueEf
 .text._ZN10helicopter10controller13PIDController16setYIntegralGainEf
                0x00003626       0x40 HelicopterMain.o
                0x00003626                _ZN10helicopter10controller13PIDController16setYIntegralGainEf
 .text._ZN10helicopter10controller13PIDController18setYDerivativeGainEf
                0x00003666       0x40 HelicopterMain.o
                0x00003666                _ZN10helicopter10controller13PIDController18setYDerivativeGainEf
 .text._ZN10helicopter10controller13PIDController20setYProportionalGainEf
                0x000036a6       0x40 HelicopterMain.o
                0x000036a6                _ZN10helicopter10controller13PIDController20setYProportionalGainEf
 .text._ZN10helicopter10controller13PIDController18setYAntiWindupGainEf
                0x000036e6       0x40 HelicopterMain.o
                0x000036e6                _ZN10helicopter10controller13PIDController18setYAntiWindupGainEf
 .text._ZN10helicopter10controller13PIDController23setLateralInnerLoopGainEf
                0x00003726       0x40 HelicopterMain.o
                0x00003726                _ZN10helicopter10controller13PIDController23setLateralInnerLoopGainEf
 .text._ZN10helicopter10controller13PIDController26setRollAngularVelocityGainEf
                0x00003766       0x46 HelicopterMain.o
                0x00003766                _ZN10helicopter10controller13PIDController26setRollAngularVelocityGainEf
 .text._ZN10helicopter10controller13PIDController30setMinLateralServoControlValueEf
                0x000037ac       0x46 HelicopterMain.o
                0x000037ac                _ZN10helicopter10controller13PIDController30setMinLateralServoControlValueEf
 .text._ZN10helicopter10controller13PIDController30setMaxLateralServoControlValueEf
                0x000037f2       0x46 HelicopterMain.o
                0x000037f2                _ZN10helicopter10controller13PIDController30setMaxLateralServoControlValueEf
 .text._ZN10helicopter10controller13PIDController32setMinMainRotorServoControlValueEf
                0x00003838       0x46 HelicopterMain.o
                0x00003838                _ZN10helicopter10controller13PIDController32setMinMainRotorServoControlValueEf
 .text._ZN10helicopter10controller13PIDController32setMaxMainRotorServoControlValueEf
                0x0000387e       0x46 HelicopterMain.o
                0x0000387e                _ZN10helicopter10controller13PIDController32setMaxMainRotorServoControlValueEf
 .text._ZN10helicopter10controller13PIDController25setMaxRollSetpointDegreesEf
                0x000038c4       0x46 HelicopterMain.o
                0x000038c4                _ZN10helicopter10controller13PIDController25setMaxRollSetpointDegreesEf
 .text._ZN10helicopter10controller13PIDController25setMinRollSetpointDegreesEf
                0x0000390a       0x46 HelicopterMain.o
                0x0000390a                _ZN10helicopter10controller13PIDController25setMinRollSetpointDegreesEf
 .text._ZN10helicopter10controller13PIDController26setMaxPitchSetpointDegreesEf
                0x00003950       0x46 HelicopterMain.o
                0x00003950                _ZN10helicopter10controller13PIDController26setMaxPitchSetpointDegreesEf
 .text._ZN10helicopter10controller13PIDController26setMinPitchSetpointDegreesEf
                0x00003996       0x46 HelicopterMain.o
                0x00003996                _ZN10helicopter10controller13PIDController26setMinPitchSetpointDegreesEf
 .text._ZN10helicopter10controller13PIDController22setYawProportionalGainEf
                0x000039dc       0x40 HelicopterMain.o
                0x000039dc                _ZN10helicopter10controller13PIDController22setYawProportionalGainEf
 .text._ZN10helicopter10controller13PIDController18setYawIntegralGainEf
                0x00003a1c       0x40 HelicopterMain.o
                0x00003a1c                _ZN10helicopter10controller13PIDController18setYawIntegralGainEf
 .text._ZN10helicopter10controller13PIDController20setYawDerivativeGainEf
                0x00003a5c       0x40 HelicopterMain.o
                0x00003a5c                _ZN10helicopter10controller13PIDController20setYawDerivativeGainEf
 .text._ZN10helicopter10controller13PIDController21setIntervalPeriodSecsEf
                0x00003a9c       0x46 HelicopterMain.o
                0x00003a9c                _ZN10helicopter10controller13PIDController21setIntervalPeriodSecsEf
 .text._ZN10helicopter10controller13PIDController20setYawAntiWindupGainEf
                0x00003ae2       0x40 HelicopterMain.o
                0x00003ae2                _ZN10helicopter10controller13PIDController20setYawAntiWindupGainEf
 .text._ZN10helicopter10controller13PIDController21setMinYawServoControlEf
                0x00003b22       0x46 HelicopterMain.o
                0x00003b22                _ZN10helicopter10controller13PIDController21setMinYawServoControlEf
 .text._ZN10helicopter10controller13PIDController21setMaxYawServoControlEf
                0x00003b68       0x46 HelicopterMain.o
                0x00003b68                _ZN10helicopter10controller13PIDController21setMaxYawServoControlEf
 .text._ZN10helicopter10controller13PIDController18setControlMaxValueEf
                0x00003bae       0x46 HelicopterMain.o
                0x00003bae                _ZN10helicopter10controller13PIDController18setControlMaxValueEf
 .text._ZN10helicopter10controller13PIDController18setControlMinValueEf
                0x00003bf4       0x46 HelicopterMain.o
                0x00003bf4                _ZN10helicopter10controller13PIDController18setControlMinValueEf
 .text._Z33setupDefaultsandReferencePositionPN10helicopter5model11SystemModelEPNS_10controller13PIDControllerE
                0x00003c3a      0x27a HelicopterMain.o
                0x00003c3a                _Z33setupDefaultsandReferencePositionPN10helicopter5model11SystemModelEPNS_10controller13PIDControllerE
 .text.main     0x00003eb4      0x4c4 HelicopterMain.o
                0x00003eb4                main
 .text._ZN10helicopter5tasks12FlashLEDTaskD2Ev
                0x00004378       0x44 HelicopterMain.o
                0x00004378                _ZN10helicopter5tasks12FlashLEDTaskD1Ev
                0x00004378                _ZN10helicopter5tasks12FlashLEDTaskD2Ev
 .text._ZN10helicopter5tasks12FlashLEDTaskD0Ev
                0x000043bc       0x2a HelicopterMain.o
                0x000043bc                _ZN10helicopter5tasks12FlashLEDTaskD0Ev
 .text._ZN10helicopter10interfaces29GroundControlStationInterface17calculateChecksumEPhiRhS3_
                0x000043e6       0xaa interfaces/GroundControlStationInterface.o
                0x000043e6                _ZN10helicopter10interfaces29GroundControlStationInterface17calculateChecksumEPhiRhS3_
 .text._ZN10helicopter10interfaces29GroundControlStationInterface8transmitEPNS_8messages7MessageE
                0x00004490      0x1fc interfaces/GroundControlStationInterface.o
                0x00004490                _ZN10helicopter10interfaces29GroundControlStationInterface8transmitEPNS_8messages7MessageE
 .text._ZN10helicopter10interfaces29GroundControlStationInterface7receiveERPNS_8messages7MessageE
                0x0000468c      0x320 interfaces/GroundControlStationInterface.o
                0x0000468c                _ZN10helicopter10interfaces29GroundControlStationInterface7receiveERPNS_8messages7MessageE
 .text._ZN10helicopter8messages7MessageD2Ev
                0x000049ac       0x3c messages/Message.o
                0x000049ac                _ZN10helicopter8messages7MessageD1Ev
                0x000049ac                _ZN10helicopter8messages7MessageD2Ev
 .text._ZN10helicopter8messages7MessageD0Ev
                0x000049e8       0x2a messages/Message.o
                0x000049e8                _ZN10helicopter8messages7MessageD0Ev
 .text._ZN10helicopter8messages7Message14getMessageSizeEv
                0x00004a12       0x24 messages/Message.o
                0x00004a12                _ZN10helicopter8messages7Message14getMessageSizeEv
 .text._ZN10helicopter8messages7Message8getBytesEv
                0x00004a36       0x1e messages/Message.o
                0x00004a36                _ZN10helicopter8messages7Message8getBytesEv
 .text._ZN10helicopter8messages7Message12buildMessageEPh
                0x00004a54       0x22 messages/Message.o
                0x00004a54                _ZN10helicopter8messages7Message12buildMessageEPh
 .text._ZN10helicopter8messages7MessageC2Ehi
                0x00004a76       0x4e messages/SyncMessage.o
                0x00004a76                _ZN10helicopter8messages7MessageC1Ehi
                0x00004a76                _ZN10helicopter8messages7MessageC2Ehi
 .text._ZN10helicopter8messages11SyncMessageC2Ev
                0x00004ac4       0x36 messages/SyncMessage.o
                0x00004ac4                _ZN10helicopter8messages11SyncMessageC1Ev
                0x00004ac4                _ZN10helicopter8messages11SyncMessageC2Ev
 .text._ZN10helicopter8messages11SyncMessageD2Ev
                0x00004afa       0x44 messages/SyncMessage.o
                0x00004afa                _ZN10helicopter8messages11SyncMessageD2Ev
                0x00004afa                _ZN10helicopter8messages11SyncMessageD1Ev
 .text._ZN10helicopter8messages11SyncMessageD0Ev
                0x00004b3e       0x2a messages/SyncMessage.o
                0x00004b3e                _ZN10helicopter8messages11SyncMessageD0Ev
 .text._ZN10helicopter8messages11SyncMessage8getBytesEv
                0x00004b68       0x4a messages/SyncMessage.o
                0x00004b68                _ZN10helicopter8messages11SyncMessage8getBytesEv
 .text._ZN10helicopter8messages11SyncMessage12buildMessageEPh
                0x00004bb2       0x3a messages/SyncMessage.o
                0x00004bb2                _ZN10helicopter8messages11SyncMessage12buildMessageEPh
 .text._ZN10helicopter8messages7Message6encodeERPhRl
                0x00004bec       0x5c messages/SystemTelemetryMessage.o
                0x00004bec                _ZN10helicopter8messages7Message6encodeERPhRl
 .text._ZN10helicopter8messages7Message6encodeERPhRf
                0x00004c48       0x5c messages/SystemTelemetryMessage.o
                0x00004c48                _ZN10helicopter8messages7Message6encodeERPhRf
 .text._ZN10helicopter8messages7Message6encodeERPhRh
                0x00004ca4       0x5a messages/SystemTelemetryMessage.o
                0x00004ca4                _ZN10helicopter8messages7Message6encodeERPhRh
 .text._ZN10helicopter8messages7Message6decodeERPhRh
                0x00004cfe       0x5a messages/SystemTelemetryMessage.o
                0x00004cfe                _ZN10helicopter8messages7Message6decodeERPhRh
 .text._ZN10helicopter8messages7Message6decodeERPhRl
                0x00004d58       0x5c messages/SystemTelemetryMessage.o
                0x00004d58                _ZN10helicopter8messages7Message6decodeERPhRl
 .text._ZN10helicopter8messages7Message6decodeERPhRf
                0x00004db4       0x5c messages/SystemTelemetryMessage.o
                0x00004db4                _ZN10helicopter8messages7Message6decodeERPhRf
 .text._ZN10helicopter5model11SystemModel13MagYawDegreesEf
                0x00004e10       0x40 messages/SystemTelemetryMessage.o
                0x00004e10                _ZN10helicopter5model11SystemModel13MagYawDegreesEf
 .text._ZN10helicopter5model11SystemModel27YawVelocityDegreesPerSecondEf
                0x00004e50       0x40 messages/SystemTelemetryMessage.o
                0x00004e50                _ZN10helicopter5model11SystemModel27YawVelocityDegreesPerSecondEf
 .text._ZNK10helicopter5model11SystemModel15YawProportionalEv
                0x00004e90       0x2c messages/SystemTelemetryMessage.o
                0x00004e90                _ZNK10helicopter5model11SystemModel15YawProportionalEv
 .text._ZNK10helicopter5model11SystemModel18YawDerivativeErrorEv
                0x00004ebc       0x2c messages/SystemTelemetryMessage.o
                0x00004ebc                _ZNK10helicopter5model11SystemModel18YawDerivativeErrorEv
 .text._ZN10helicopter5model11SystemModel24XVelocityMetersPerSecondEf
                0x00004ee8       0x40 messages/SystemTelemetryMessage.o
                0x00004ee8                _ZN10helicopter5model11SystemModel24XVelocityMetersPerSecondEf
 .text._ZNK10helicopter5model11SystemModel13XProportionalEv
                0x00004f28       0x30 messages/SystemTelemetryMessage.o
                0x00004f28                _ZNK10helicopter5model11SystemModel13XProportionalEv
 .text._ZNK10helicopter5model11SystemModel16XDerivativeErrorEv
                0x00004f58       0x30 messages/SystemTelemetryMessage.o
                0x00004f58                _ZNK10helicopter5model11SystemModel16XDerivativeErrorEv
 .text._ZN10helicopter5model11SystemModel17ThetaPitchDegreesEf
                0x00004f88       0x46 messages/SystemTelemetryMessage.o
                0x00004f88                _ZN10helicopter5model11SystemModel17ThetaPitchDegreesEf
 .text._ZN10helicopter5model11SystemModel33PitchAngularVelocityRadsPerSecondEf
                0x00004fce       0x46 messages/SystemTelemetryMessage.o
                0x00004fce                _ZN10helicopter5model11SystemModel33PitchAngularVelocityRadsPerSecondEf
 .text._ZN10helicopter5model11SystemModel24YVelocityMetersPerSecondEf
                0x00005014       0x46 messages/SystemTelemetryMessage.o
                0x00005014                _ZN10helicopter5model11SystemModel24YVelocityMetersPerSecondEf
 .text._ZNK10helicopter5model11SystemModel13YProportionalEv
                0x0000505a       0x30 messages/SystemTelemetryMessage.o
                0x0000505a                _ZNK10helicopter5model11SystemModel13YProportionalEv
 .text._ZNK10helicopter5model11SystemModel16YDerivativeErrorEv
                0x0000508a       0x30 messages/SystemTelemetryMessage.o
                0x0000508a                _ZNK10helicopter5model11SystemModel16YDerivativeErrorEv
 .text._ZN10helicopter5model11SystemModel14PhiRollDegreesEf
                0x000050ba       0x46 messages/SystemTelemetryMessage.o
                0x000050ba                _ZN10helicopter5model11SystemModel14PhiRollDegreesEf
 .text._ZN10helicopter5model11SystemModel32RollAngularVelocityRadsPerSecondEf
                0x00005100       0x46 messages/SystemTelemetryMessage.o
                0x00005100                _ZN10helicopter5model11SystemModel32RollAngularVelocityRadsPerSecondEf
 .text._ZN10helicopter5model11SystemModel15AltitudeFeetAglEf
                0x00005146       0x46 messages/SystemTelemetryMessage.o
                0x00005146                _ZN10helicopter5model11SystemModel15AltitudeFeetAglEf
 .text._ZN10helicopter5model11SystemModel22ZVelocityFeetPerSecondEf
                0x0000518c       0x46 messages/SystemTelemetryMessage.o
                0x0000518c                _ZN10helicopter5model11SystemModel22ZVelocityFeetPerSecondEf
 .text._ZNK10helicopter5model11SystemModel13ZProportionalEv
                0x000051d2       0x30 messages/SystemTelemetryMessage.o
                0x000051d2                _ZNK10helicopter5model11SystemModel13ZProportionalEv
 .text._ZNK10helicopter5model11SystemModel16ZDerivativeErrorEv
                0x00005202       0x30 messages/SystemTelemetryMessage.o
                0x00005202                _ZNK10helicopter5model11SystemModel16ZDerivativeErrorEv
 .text._ZN10helicopter5model11SystemModel15LatitudeDegreesEf
                0x00005232       0x46 messages/SystemTelemetryMessage.o
                0x00005232                _ZN10helicopter5model11SystemModel15LatitudeDegreesEf
 .text._ZN10helicopter5model11SystemModel16LongitudeDegreesEf
                0x00005278       0x46 messages/SystemTelemetryMessage.o
                0x00005278                _ZN10helicopter5model11SystemModel16LongitudeDegreesEf
 .text._ZNK10helicopter5model11SystemModel8TimeoutsEv
                0x000052be       0x30 messages/SystemTelemetryMessage.o
                0x000052be                _ZNK10helicopter5model11SystemModel8TimeoutsEv
 .text._ZN10helicopter5model11SystemModel8TimeoutsEl
                0x000052ee       0x46 messages/SystemTelemetryMessage.o
                0x000052ee                _ZN10helicopter5model11SystemModel8TimeoutsEl
 .text._ZNK10helicopter5model11SystemModel20UnrecognizedMsgTypesEv
                0x00005334       0x30 messages/SystemTelemetryMessage.o
                0x00005334                _ZNK10helicopter5model11SystemModel20UnrecognizedMsgTypesEv
 .text._ZN10helicopter5model11SystemModel20UnrecognizedMsgTypesEl
                0x00005364       0x46 messages/SystemTelemetryMessage.o
                0x00005364                _ZN10helicopter5model11SystemModel20UnrecognizedMsgTypesEl
 .text._ZNK10helicopter5model11SystemModel14ChecksumErrorsEv
                0x000053aa       0x30 messages/SystemTelemetryMessage.o
                0x000053aa                _ZNK10helicopter5model11SystemModel14ChecksumErrorsEv
 .text._ZN10helicopter5model11SystemModel14ChecksumErrorsEl
                0x000053da       0x46 messages/SystemTelemetryMessage.o
                0x000053da                _ZN10helicopter5model11SystemModel14ChecksumErrorsEl
 .text._ZNK10helicopter5model11SystemModel33SerialCommunicationBufferOverrunsEv
                0x00005420       0x30 messages/SystemTelemetryMessage.o
                0x00005420                _ZNK10helicopter5model11SystemModel33SerialCommunicationBufferOverrunsEv
 .text._ZN10helicopter8messages22SystemTelemetryMessageC2Ev
                0x00005450      0x410 messages/SystemTelemetryMessage.o
                0x00005450                _ZN10helicopter8messages22SystemTelemetryMessageC2Ev
                0x00005450                _ZN10helicopter8messages22SystemTelemetryMessageC1Ev
 .text._ZN10helicopter8messages22SystemTelemetryMessageD2Ev
                0x00005860       0x44 messages/SystemTelemetryMessage.o
                0x00005860                _ZN10helicopter8messages22SystemTelemetryMessageD2Ev
                0x00005860                _ZN10helicopter8messages22SystemTelemetryMessageD1Ev
 .text._ZN10helicopter8messages22SystemTelemetryMessageD0Ev
                0x000058a4       0x2a messages/SystemTelemetryMessage.o
                0x000058a4                _ZN10helicopter8messages22SystemTelemetryMessageD0Ev
 .text._ZN10helicopter8messages22SystemTelemetryMessage8getBytesEv
                0x000058ce      0x638 messages/SystemTelemetryMessage.o
                0x000058ce                _ZN10helicopter8messages22SystemTelemetryMessage8getBytesEv
 .text._ZN10helicopter8messages22SystemTelemetryMessage12buildMessageEPh
                0x00005f06      0x62a messages/SystemTelemetryMessage.o
                0x00005f06                _ZN10helicopter8messages22SystemTelemetryMessage12buildMessageEPh
 .text._ZN10helicopter8messages22SystemTelemetryMessage14buildMessageStEPh
                0x00006530       0x5e messages/SystemTelemetryMessage.o
                0x00006530                _ZN10helicopter8messages22SystemTelemetryMessage14buildMessageStEPh
 .text._ZN10helicopter8messages22SystemTelemetryMessage21buildMessageFromModelEPNS_5model11SystemModelE
                0x0000658e      0x462 messages/SystemTelemetryMessage.o
                0x0000658e                _ZN10helicopter8messages22SystemTelemetryMessage21buildMessageFromModelEPNS_5model11SystemModelE
 .text._ZN10helicopter8messages22SystemTelemetryMessage35updateModelFromMessageFromSimulatorEPNS_5model11SystemModelE
                0x000069f0      0x1a6 messages/SystemTelemetryMessage.o
                0x000069f0                _ZN10helicopter8messages22SystemTelemetryMessage35updateModelFromMessageFromSimulatorEPNS_5model11SystemModelE
 .text._ZN10helicopter5tasks4Task8getDelayEv
                0x00006b96       0x24 scheduler/Scheduler.o
                0x00006b96                _ZN10helicopter5tasks4Task8getDelayEv
 .text._ZN10helicopter5tasks4Task9getPeriodEv
                0x00006bba       0x24 scheduler/Scheduler.o
                0x00006bba                _ZN10helicopter5tasks4Task9getPeriodEv
 .text._ZN10helicopter5tasks4Task8setDelayEi
                0x00006bde       0x30 scheduler/Scheduler.o
                0x00006bde                _ZN10helicopter5tasks4Task8setDelayEi
 .text._ZN10helicopter5tasks4Task15getIsReadyToRunEv
                0x00006c0e       0x22 scheduler/Scheduler.o
                0x00006c0e                _ZN10helicopter5tasks4Task15getIsReadyToRunEv
 .text._ZN10helicopter5tasks4Task15setIsReadyToRunEb
                0x00006c30       0x26 scheduler/Scheduler.o
                0x00006c30                _ZN10helicopter5tasks4Task15setIsReadyToRunEb
 .text._ZN10helicopter5tasks4Task11reduceDelayEv
                0x00006c56       0x34 scheduler/Scheduler.o
                0x00006c56                _ZN10helicopter5tasks4Task11reduceDelayEv
 .text._ZN10helicopter9scheduler9Scheduler13getNumOfTasksEv
                0x00006c8a       0x24 scheduler/Scheduler.o
                0x00006c8a                _ZN10helicopter9scheduler9Scheduler13getNumOfTasksEv
 .text._ZN10helicopter9scheduler9Scheduler8getTasksEv
                0x00006cae       0x1e scheduler/Scheduler.o
                0x00006cae                _ZN10helicopter9scheduler9Scheduler8getTasksEv
 .text._ZN10helicopter9scheduler9Scheduler13hasBlownFrameEb
                0x00006ccc       0x26 scheduler/Scheduler.o
                0x00006ccc                _ZN10helicopter9scheduler9Scheduler13hasBlownFrameEb
 .text._ZN10helicopter9scheduler9Scheduler20hasCompletedDispatchEv
                0x00006cf2       0x22 scheduler/Scheduler.o
                0x00006cf2                _ZN10helicopter9scheduler9Scheduler20hasCompletedDispatchEv
 .text._ZN10helicopter9scheduler9Scheduler12getSchedulerEv
                0x00006d14       0x5a scheduler/Scheduler.o
                0x00006d14                _ZN10helicopter9scheduler9Scheduler12getSchedulerEv
 .text._ZN10helicopter9scheduler9SchedulerC2Em9PRESCALERi
                0x00006d6e       0xc6 scheduler/Scheduler.o
                0x00006d6e                _ZN10helicopter9scheduler9SchedulerC2Em9PRESCALERi
                0x00006d6e                _ZN10helicopter9scheduler9SchedulerC1Em9PRESCALERi
 .text._ZN10helicopter9scheduler9Scheduler7addTaskEPNS_5tasks4TaskE
                0x00006e34       0x76 scheduler/Scheduler.o
                0x00006e34                _ZN10helicopter9scheduler9Scheduler7addTaskEPNS_5tasks4TaskE
 .text._ZN10helicopter9scheduler9Scheduler4initEv
                0x00006eaa       0xc2 scheduler/Scheduler.o
                0x00006eaa                _ZN10helicopter9scheduler9Scheduler4initEv
 .text._ZN10helicopter9scheduler9Scheduler8dispatchEv
                0x00006f6c       0xee scheduler/Scheduler.o
                0x00006f6c                _ZN10helicopter9scheduler9Scheduler8dispatchEv
 .text._ZN10helicopter9scheduler9Scheduler5startEv
                0x0000705a       0xc6 scheduler/Scheduler.o
                0x0000705a                _ZN10helicopter9scheduler9Scheduler5startEv
 .text.__vector_17
                0x00007120      0x122 scheduler/Scheduler.o
                0x00007120                __vector_17
 .text._ZN10helicopter5tasks4Task4initEv
                0x00007242       0x1a tasks/PIDInnerLoopTask.o
                0x00007242                _ZN10helicopter5tasks4Task4initEv
 .text._ZN10helicopter5tasks16PIDInnerLoopTaskC2EPNS_10controller13PIDControllerEii
                0x0000725c       0x64 tasks/PIDInnerLoopTask.o
                0x0000725c                _ZN10helicopter5tasks16PIDInnerLoopTaskC2EPNS_10controller13PIDControllerEii
                0x0000725c                _ZN10helicopter5tasks16PIDInnerLoopTaskC1EPNS_10controller13PIDControllerEii
 .text._ZN10helicopter5tasks16PIDInnerLoopTask11runTaskImplEv
                0x000072c0       0x36 tasks/PIDInnerLoopTask.o
                0x000072c0                _ZN10helicopter5tasks16PIDInnerLoopTask11runTaskImplEv
 .text._ZN10helicopter5tasks16PIDInnerLoopTaskD2Ev
                0x000072f6       0x44 tasks/PIDInnerLoopTask.o
                0x000072f6                _ZN10helicopter5tasks16PIDInnerLoopTaskD1Ev
                0x000072f6                _ZN10helicopter5tasks16PIDInnerLoopTaskD2Ev
 .text._ZN10helicopter5tasks16PIDInnerLoopTaskD0Ev
                0x0000733a       0x2a tasks/PIDInnerLoopTask.o
                0x0000733a                _ZN10helicopter5tasks16PIDInnerLoopTaskD0Ev
 .text._ZN10helicopter5tasks16PIDOuterLoopTaskC2EPNS_10controller13PIDControllerEii
                0x00007364       0x64 tasks/PIDOuterLoopTask.o
                0x00007364                _ZN10helicopter5tasks16PIDOuterLoopTaskC1EPNS_10controller13PIDControllerEii
                0x00007364                _ZN10helicopter5tasks16PIDOuterLoopTaskC2EPNS_10controller13PIDControllerEii
 .text._ZN10helicopter5tasks16PIDOuterLoopTask11runTaskImplEv
                0x000073c8       0x52 tasks/PIDOuterLoopTask.o
                0x000073c8                _ZN10helicopter5tasks16PIDOuterLoopTask11runTaskImplEv
 .text._ZN10helicopter5tasks16PIDOuterLoopTaskD2Ev
                0x0000741a       0x44 tasks/PIDOuterLoopTask.o
                0x0000741a                _ZN10helicopter5tasks16PIDOuterLoopTaskD1Ev
                0x0000741a                _ZN10helicopter5tasks16PIDOuterLoopTaskD2Ev
 .text._ZN10helicopter5tasks16PIDOuterLoopTaskD0Ev
                0x0000745e       0x2a tasks/PIDOuterLoopTask.o
                0x0000745e                _ZN10helicopter5tasks16PIDOuterLoopTaskD0Ev
 .text._ZN10helicopter5model11SystemModel13XNEDBodyFrameEf
                0x00007488       0x40 tasks/SensorProcessingTask.o
                0x00007488                _ZN10helicopter5model11SystemModel13XNEDBodyFrameEf
 .text._ZN10helicopter5model11SystemModel13YNEDBodyFrameEf
                0x000074c8       0x46 tasks/SensorProcessingTask.o
                0x000074c8                _ZN10helicopter5model11SystemModel13YNEDBodyFrameEf
 .text._ZN10helicopter5model11SystemModel13ZNEDBodyFrameEf
                0x0000750e       0x46 tasks/SensorProcessingTask.o
                0x0000750e                _ZN10helicopter5model11SystemModel13ZNEDBodyFrameEf
 .text._ZNK10helicopter5model11SystemModel20InitialXPositionEcefEv
                0x00007554       0x3c tasks/SensorProcessingTask.o
                0x00007554                _ZNK10helicopter5model11SystemModel20InitialXPositionEcefEv
 .text._ZNK10helicopter5model11SystemModel20InitialYPositionEcefEv
                0x00007590       0x3c tasks/SensorProcessingTask.o
                0x00007590                _ZNK10helicopter5model11SystemModel20InitialYPositionEcefEv
 .text._ZNK10helicopter5model11SystemModel20InitialZPositionEcefEv
                0x000075cc       0x3c tasks/SensorProcessingTask.o
                0x000075cc                _ZNK10helicopter5model11SystemModel20InitialZPositionEcefEv
 .text._ZN10helicopter5tasks20SensorProcessingTaskC2EPNS_5model11SystemModelEii
                0x00007608       0x64 tasks/SensorProcessingTask.o
                0x00007608                _ZN10helicopter5tasks20SensorProcessingTaskC1EPNS_5model11SystemModelEii
                0x00007608                _ZN10helicopter5tasks20SensorProcessingTaskC2EPNS_5model11SystemModelEii
 .text._ZN10helicopter5tasks20SensorProcessingTask11runTaskImplEv
                0x0000766c      0x1f4 tasks/SensorProcessingTask.o
                0x0000766c                _ZN10helicopter5tasks20SensorProcessingTask11runTaskImplEv
 .text._ZN10helicopter5tasks20SensorProcessingTaskD2Ev
                0x00007860       0x44 tasks/SensorProcessingTask.o
                0x00007860                _ZN10helicopter5tasks20SensorProcessingTaskD1Ev
                0x00007860                _ZN10helicopter5tasks20SensorProcessingTaskD2Ev
 .text._ZN10helicopter5tasks20SensorProcessingTaskD0Ev
                0x000078a4       0x2a tasks/SensorProcessingTask.o
                0x000078a4                _ZN10helicopter5tasks20SensorProcessingTaskD0Ev
 .text._ZN10helicopter5model11SystemModel33SerialCommunicationBufferOverrunsEl
                0x000078ce       0x46 tasks/SimTelemetryTask.o
                0x000078ce                _ZN10helicopter5model11SystemModel33SerialCommunicationBufferOverrunsEl
 .text._ZN10helicopter10controller13PIDController16setZIntegralGainEf
                0x00007914       0x46 tasks/SimTelemetryTask.o
                0x00007914                _ZN10helicopter10controller13PIDController16setZIntegralGainEf
 .text._ZN10helicopter10controller13PIDController18setZDerivativeGainEf
                0x0000795a       0x46 tasks/SimTelemetryTask.o
                0x0000795a                _ZN10helicopter10controller13PIDController18setZDerivativeGainEf
 .text._ZN10helicopter10controller13PIDController20setZProportionalGainEf
                0x000079a0       0x46 tasks/SimTelemetryTask.o
                0x000079a0                _ZN10helicopter10controller13PIDController20setZProportionalGainEf
 .text._ZN10helicopter10controller13PIDController18setZAntiWindupGainEf
                0x000079e6       0x46 tasks/SimTelemetryTask.o
                0x000079e6                _ZN10helicopter10controller13PIDController18setZAntiWindupGainEf
 .text._ZN10helicopter5tasks16SimTelemetryTaskC2EPNS_10interfaces29GroundControlStationInterfaceEPNS_5model11SystemModelEPNS_10controller13PIDControllerEii
                0x00007a2c       0x98 tasks/SimTelemetryTask.o
                0x00007a2c                _ZN10helicopter5tasks16SimTelemetryTaskC2EPNS_10interfaces29GroundControlStationInterfaceEPNS_5model11SystemModelEPNS_10controller13PIDControllerEii
                0x00007a2c                _ZN10helicopter5tasks16SimTelemetryTaskC1EPNS_10interfaces29GroundControlStationInterfaceEPNS_5model11SystemModelEPNS_10controller13PIDControllerEii
 .text._ZN10helicopter5tasks16SimTelemetryTask11runTaskImplEv
                0x00007ac4      0x4aa tasks/SimTelemetryTask.o
                0x00007ac4                _ZN10helicopter5tasks16SimTelemetryTask11runTaskImplEv
 .text._ZN10helicopter5tasks16SimTelemetryTaskD2Ev
                0x00007f6e       0x44 tasks/SimTelemetryTask.o
                0x00007f6e                _ZN10helicopter5tasks16SimTelemetryTaskD1Ev
                0x00007f6e                _ZN10helicopter5tasks16SimTelemetryTaskD2Ev
 .text._ZN10helicopter5tasks16SimTelemetryTaskD0Ev
                0x00007fb2       0x2a tasks/SimTelemetryTask.o
                0x00007fb2                _ZN10helicopter5tasks16SimTelemetryTaskD0Ev
 .text._ZN10helicopter5tasks4Task11runTaskImplEv
                0x00007fdc       0x1a tasks/Task.o
                0x00007fdc                _ZN10helicopter5tasks4Task11runTaskImplEv
 .text._ZN10helicopter5tasks4TaskC2Eii
                0x00007ff6       0x5c tasks/Task.o
                0x00007ff6                _ZN10helicopter5tasks4TaskC2Eii
                0x00007ff6                _ZN10helicopter5tasks4TaskC1Eii
 .text._ZN10helicopter5tasks4Task7runTaskEv
                0x00008052       0x36 tasks/Task.o
                0x00008052                _ZN10helicopter5tasks4Task7runTaskEv
 .text._ZN10helicopter5tasks21TransmitTelemetryTaskC2EPNS_10interfaces29GroundControlStationInterfaceEPNS_5model11SystemModelEii
                0x00008088       0x7e tasks/TransmitTelemetryTask.o
                0x00008088                _ZN10helicopter5tasks21TransmitTelemetryTaskC2EPNS_10interfaces29GroundControlStationInterfaceEPNS_5model11SystemModelEii
                0x00008088                _ZN10helicopter5tasks21TransmitTelemetryTaskC1EPNS_10interfaces29GroundControlStationInterfaceEPNS_5model11SystemModelEii
 .text._ZN10helicopter5tasks21TransmitTelemetryTask11runTaskImplEv
                0x00008106       0x66 tasks/TransmitTelemetryTask.o
                0x00008106                _ZN10helicopter5tasks21TransmitTelemetryTask11runTaskImplEv
 .text._ZN10helicopter5tasks21TransmitTelemetryTaskD2Ev
                0x0000816c       0x44 tasks/TransmitTelemetryTask.o
                0x0000816c                _ZN10helicopter5tasks21TransmitTelemetryTaskD1Ev
                0x0000816c                _ZN10helicopter5tasks21TransmitTelemetryTaskD2Ev
 .text._ZN10helicopter5tasks21TransmitTelemetryTaskD0Ev
                0x000081b0       0x2a tasks/TransmitTelemetryTask.o
                0x000081b0                _ZN10helicopter5tasks21TransmitTelemetryTaskD0Ev
 .text._Znwj    0x000081da       0x22 util/CommonHeader.o
                0x000081da                _Znwj
 .text._ZdlPv   0x000081fc       0x2a util/CommonHeader.o
                0x000081fc                _ZdlPv
 .text._Znaj    0x00008226       0x22 util/CommonHeader.o
                0x00008226                _Znaj
 .text._ZdaPv   0x00008248       0x2a util/CommonHeader.o
                0x00008248                _ZdaPv
 .text._ZN10helicopter4util14CoordinateUtil12DegreesToRadEf
                0x00008272       0x3e util/CoordinateUtil.o
                0x00008272                _ZN10helicopter4util14CoordinateUtil12DegreesToRadEf
 .text._ZN10helicopter4util14CoordinateUtil37CalculateECEFToLocalNEDRotationMatrixEffPA3_f
                0x000082b0      0x28c util/CoordinateUtil.o
                0x000082b0                _ZN10helicopter4util14CoordinateUtil37CalculateECEFToLocalNEDRotationMatrixEffPA3_f
 .text._ZN10helicopter4util14CoordinateUtil11calculateNeEff
                0x0000853c       0xd2 util/CoordinateUtil.o
                0x0000853c                _ZN10helicopter4util14CoordinateUtil11calculateNeEff
 .text._ZN10helicopter4util14CoordinateUtil25ConvertFromGeodeticToECEFEfffRfS2_S2_
                0x0000860e      0x21c util/CoordinateUtil.o
                0x0000860e                _ZN10helicopter4util14CoordinateUtil25ConvertFromGeodeticToECEFEfffRfS2_S2_
 .text._ZN10helicopter4util14CoordinateUtil25ConvertFromECEFToLocalNEDEffffffPA3_fRfS4_S4_
                0x0000882a      0x266 util/CoordinateUtil.o
                0x0000882a                _ZN10helicopter4util14CoordinateUtil25ConvertFromECEFToLocalNEDEffffffPA3_fRfS4_S4_
 .text._ZN10helicopter4util14CoordinateUtil29ConvertFromGeodedicToLocalNEDEffffffPA3_fRfS4_S4_
                0x00008a90      0x164 util/CoordinateUtil.o
                0x00008a90                _ZN10helicopter4util14CoordinateUtil29ConvertFromGeodedicToLocalNEDEffffffPA3_fRfS4_S4_
 .text._ZN10helicopter4util5Timer10startTimerEv
                0x00008bf4      0x174 util/Timer.o
                0x00008bf4                _ZN10helicopter4util5Timer10startTimerEv
 .text._ZN10helicopter4util5Timer11hasTimedoutEv
                0x00008d68       0x34 util/Timer.o
                0x00008d68                _ZN10helicopter4util5Timer11hasTimedoutEv
 .text._ZN10helicopter4util5Timer9stopTimerEv
                0x00008d9c       0x3e util/Timer.o
                0x00008d9c                _ZN10helicopter4util5Timer9stopTimerEv
 .text.avr-libc.fplib
                0x00008dda        0xa c:/program files (x86)/atmel/atmel toolchain/avr8 gcc/native/3.4.2.1002/avr8-gnu-toolchain/bin/../lib/gcc/avr/4.7.2/../../../../avr/lib/avr6\libm.a(addsf3.o)
                0x00008dda                __subsf3
                0x00008ddc                __addsf3
 .text.avr-libc.fplib
                0x00008de4       0xc0 c:/program files (x86)/atmel/atmel toolchain/avr8 gcc/native/3.4.2.1002/avr8-gnu-toolchain/bin/../lib/gcc/avr/4.7.2/../../../../avr/lib/avr6\libm.a(addsf3x.o)
                0x00008dfe                __addsf3x
 .text.avr-libc.fplib
                0x00008ea4        0x8 c:/program files (x86)/atmel/atmel toolchain/avr8 gcc/native/3.4.2.1002/avr8-gnu-toolchain/bin/../lib/gcc/avr/4.7.2/../../../../avr/lib/avr6\libm.a(cmpsf2.o)
                0x00008ea4                __nesf2
                0x00008ea4                __eqsf2
                0x00008ea4                __cmpsf2
                0x00008ea4                __ltsf2
                0x00008ea4                __lesf2
 .text.avr-libc.fplib
                0x00008eac        0x6 c:/program files (x86)/atmel/atmel toolchain/avr8 gcc/native/3.4.2.1002/avr8-gnu-toolchain/bin/../lib/gcc/avr/4.7.2/../../../../avr/lib/avr6\libm.a(cos.o)
                0x00008eac                cos
 .text.avr-libc.fplib
                0x00008eb2        0x4 c:/program files (x86)/atmel/atmel toolchain/avr8 gcc/native/3.4.2.1002/avr8-gnu-toolchain/bin/../lib/gcc/avr/4.7.2/../../../../avr/lib/avr6\libm.a(divsf3.o)
                0x00008eb2                __divsf3
 .text.avr-libc.fplib
                0x00008eb6       0xcc c:/program files (x86)/atmel/atmel toolchain/avr8 gcc/native/3.4.2.1002/avr8-gnu-toolchain/bin/../lib/gcc/avr/4.7.2/../../../../avr/lib/avr6\libm.a(divsf3x.o)
                0x00008ecc                __divsf3x
                0x00008ed0                __divsf3_pse
 .text.avr-libc.fplib
                0x00008f82        0xa c:/program files (x86)/atmel/atmel toolchain/avr8 gcc/native/3.4.2.1002/avr8-gnu-toolchain/bin/../lib/gcc/avr/4.7.2/../../../../avr/lib/avr6\libm.a(fixsfsi.o)
                0x00008f82                __fixsfsi
 .text.avr-libc.fplib
                0x00008f8c       0x58 c:/program files (x86)/atmel/atmel toolchain/avr8 gcc/native/3.4.2.1002/avr8-gnu-toolchain/bin/../lib/gcc/avr/4.7.2/../../../../avr/lib/avr6\libm.a(fixunssfsi.o)
                0x00008f8c                __fixunssfsi
 .text.avr-libc.fplib
                0x00008fe4       0x7a c:/program files (x86)/atmel/atmel toolchain/avr8 gcc/native/3.4.2.1002/avr8-gnu-toolchain/bin/../lib/gcc/avr/4.7.2/../../../../avr/lib/avr6\libm.a(floatsisf.o)
                0x00008fe4                __floatunsisf
                0x00008fe8                __floatsisf
 .text.avr-libc.fplib
                0x0000905e       0x26 c:/program files (x86)/atmel/atmel toolchain/avr8 gcc/native/3.4.2.1002/avr8-gnu-toolchain/bin/../lib/gcc/avr/4.7.2/../../../../avr/lib/avr6\libm.a(floor.o)
                0x0000905e                floor
 .text.avr-libc.fplib
                0x00009084       0x48 c:/program files (x86)/atmel/atmel toolchain/avr8 gcc/native/3.4.2.1002/avr8-gnu-toolchain/bin/../lib/gcc/avr/4.7.2/../../../../avr/lib/avr6\libm.a(fp_cmp.o)
                0x00009084                __fp_cmp
 .text.avr-libc.fplib
                0x000090cc        0xc c:/program files (x86)/atmel/atmel toolchain/avr8 gcc/native/3.4.2.1002/avr8-gnu-toolchain/bin/../lib/gcc/avr/4.7.2/../../../../avr/lib/avr6\libm.a(fp_inf.o)
                0x000090cc                __fp_inf
 .text.avr-libc.fplib
                0x000090d8       0x36 c:/program files (x86)/atmel/atmel toolchain/avr8 gcc/native/3.4.2.1002/avr8-gnu-toolchain/bin/../lib/gcc/avr/4.7.2/../../../../avr/lib/avr6\libm.a(fp_mintl.o)
                0x000090d8                __fp_mintl
 .text.avr-libc.fplib
                0x0000910e       0x1c c:/program files (x86)/atmel/atmel toolchain/avr8 gcc/native/3.4.2.1002/avr8-gnu-toolchain/bin/../lib/gcc/avr/4.7.2/../../../../avr/lib/avr6\libm.a(fp_mpack.o)
                0x0000910e                __fp_mpack
                0x00009112                __fp_mpack_finite
 .text.avr-libc.fplib
                0x0000912a        0x6 c:/program files (x86)/atmel/atmel toolchain/avr8 gcc/native/3.4.2.1002/avr8-gnu-toolchain/bin/../lib/gcc/avr/4.7.2/../../../../avr/lib/avr6\libm.a(fp_nan.o)
                0x0000912a                __fp_nan
 .text.avr-libc.fplib
                0x00009130        0xe c:/program files (x86)/atmel/atmel toolchain/avr8 gcc/native/3.4.2.1002/avr8-gnu-toolchain/bin/../lib/gcc/avr/4.7.2/../../../../avr/lib/avr6\libm.a(fp_pscA.o)
                0x00009130                __fp_pscA
 .text.avr-libc.fplib
                0x0000913e        0xe c:/program files (x86)/atmel/atmel toolchain/avr8 gcc/native/3.4.2.1002/avr8-gnu-toolchain/bin/../lib/gcc/avr/4.7.2/../../../../avr/lib/avr6\libm.a(fp_pscB.o)
                0x0000913e                __fp_pscB
 .text.avr-libc.fplib
                0x0000914c       0x50 c:/program files (x86)/atmel/atmel toolchain/avr8 gcc/native/3.4.2.1002/avr8-gnu-toolchain/bin/../lib/gcc/avr/4.7.2/../../../../avr/lib/avr6\libm.a(fp_rempio2.o)
                0x0000914e                __fp_rempio2
 .text.avr-libc.fplib
                0x0000919c       0x22 c:/program files (x86)/atmel/atmel toolchain/avr8 gcc/native/3.4.2.1002/avr8-gnu-toolchain/bin/../lib/gcc/avr/4.7.2/../../../../avr/lib/avr6\libm.a(fp_round.o)
                0x0000919c                __fp_round
 .text.avr-libc.fplib
                0x000091be       0x22 c:/program files (x86)/atmel/atmel toolchain/avr8 gcc/native/3.4.2.1002/avr8-gnu-toolchain/bin/../lib/gcc/avr/4.7.2/../../../../avr/lib/avr6\libm.a(fp_sinus.o)
                0x000091be                __fp_sinus
 .text.avr-libc.fplib
                0x000091e0       0x44 c:/program files (x86)/atmel/atmel toolchain/avr8 gcc/native/3.4.2.1002/avr8-gnu-toolchain/bin/../lib/gcc/avr/4.7.2/../../../../avr/lib/avr6\libm.a(fp_split3.o)
                0x000091e0                __fp_split3
                0x000091f0                __fp_splitA
 .text.avr-libc.fplib
                0x00009224       0x2e c:/program files (x86)/atmel/atmel toolchain/avr8 gcc/native/3.4.2.1002/avr8-gnu-toolchain/bin/../lib/gcc/avr/4.7.2/../../../../avr/lib/avr6\libm.a(fp_trunc.o)
                0x00009224                __fp_trunc
 .text.avr-libc.fplib
                0x00009252        0xe c:/program files (x86)/atmel/atmel toolchain/avr8 gcc/native/3.4.2.1002/avr8-gnu-toolchain/bin/../lib/gcc/avr/4.7.2/../../../../avr/lib/avr6\libm.a(fp_zero.o)
                0x00009252                __fp_zero
                0x00009254                __fp_szero
 .text.avr-libc.fplib
                0x00009260        0x8 c:/program files (x86)/atmel/atmel toolchain/avr8 gcc/native/3.4.2.1002/avr8-gnu-toolchain/bin/../lib/gcc/avr/4.7.2/../../../../avr/lib/avr6\libm.a(gesf2.o)
                0x00009260                __gesf2
                0x00009260                __gtsf2
 .text.avr-libc.fplib
                0x00009268        0x4 c:/program files (x86)/atmel/atmel toolchain/avr8 gcc/native/3.4.2.1002/avr8-gnu-toolchain/bin/../lib/gcc/avr/4.7.2/../../../../avr/lib/avr6\libm.a(mulsf3.o)
                0x00009268                __mulsf3
 .text.avr-libc.fplib
                0x0000926c       0xc2 c:/program files (x86)/atmel/atmel toolchain/avr8 gcc/native/3.4.2.1002/avr8-gnu-toolchain/bin/../lib/gcc/avr/4.7.2/../../../../avr/lib/avr6\libm.a(mulsf3x.o)
                0x00009280                __mulsf3x
                0x00009284                __mulsf3_pse
 .text.avr-libc.fplib
                0x0000932e       0x98 c:/program files (x86)/atmel/atmel toolchain/avr8 gcc/native/3.4.2.1002/avr8-gnu-toolchain/bin/../lib/gcc/avr/4.7.2/../../../../avr/lib/avr6\libm.a(pow.o)
                0x0000932e                pow
 .text.avr-libc.fplib
                0x000093c6        0xc c:/program files (x86)/atmel/atmel toolchain/avr8 gcc/native/3.4.2.1002/avr8-gnu-toolchain/bin/../lib/gcc/avr/4.7.2/../../../../avr/lib/avr6\libm.a(sin.o)
                0x000093c6                sin
 .text.avr-libc.fplib
                0x000093d2       0x84 c:/program files (x86)/atmel/atmel toolchain/avr8 gcc/native/3.4.2.1002/avr8-gnu-toolchain/bin/../lib/gcc/avr/4.7.2/../../../../avr/lib/avr6\libm.a(sqrt.o)
                0x000093da                sqrt
 .text.avr-libc.fplib
                0x00009456       0x62 c:/program files (x86)/atmel/atmel toolchain/avr8 gcc/native/3.4.2.1002/avr8-gnu-toolchain/bin/../lib/gcc/avr/4.7.2/../../../../avr/lib/avr6\libm.a(exp.o)
                0x00009460                exp
 .text.avr-libc.fplib
                0x000094b8        0xe c:/program files (x86)/atmel/atmel toolchain/avr8 gcc/native/3.4.2.1002/avr8-gnu-toolchain/bin/../lib/gcc/avr/4.7.2/../../../../avr/lib/avr6\libm.a(fp_norm2.o)
                0x000094b8                __fp_norm2
 .text.avr-libc.fplib
                0x000094c6       0x4a c:/program files (x86)/atmel/atmel toolchain/avr8 gcc/native/3.4.2.1002/avr8-gnu-toolchain/bin/../lib/gcc/avr/4.7.2/../../../../avr/lib/avr6\libm.a(fp_powser.o)
                0x000094c6                __fp_powser
 .text.avr-libc.fplib
                0x00009510       0x22 c:/program files (x86)/atmel/atmel toolchain/avr8 gcc/native/3.4.2.1002/avr8-gnu-toolchain/bin/../lib/gcc/avr/4.7.2/../../../../avr/lib/avr6\libm.a(fp_powsodd.o)
                0x00009510                __fp_powsodd
 .text.avr-libc.fplib
                0x00009532        0xe c:/program files (x86)/atmel/atmel toolchain/avr8 gcc/native/3.4.2.1002/avr8-gnu-toolchain/bin/../lib/gcc/avr/4.7.2/../../../../avr/lib/avr6\libm.a(inverse.o)
                0x00009532                inverse
 .text.avr-libc.fplib
                0x00009540       0x6c c:/program files (x86)/atmel/atmel toolchain/avr8 gcc/native/3.4.2.1002/avr8-gnu-toolchain/bin/../lib/gcc/avr/4.7.2/../../../../avr/lib/avr6\libm.a(ldexp.o)
                0x00009544                ldexp
 .text.avr-libc.fplib
                0x000095ac       0x8a c:/program files (x86)/atmel/atmel toolchain/avr8 gcc/native/3.4.2.1002/avr8-gnu-toolchain/bin/../lib/gcc/avr/4.7.2/../../../../avr/lib/avr6\libm.a(log.o)
                0x000095b6                log
 .text.avr-libc.fplib
                0x00009636       0x66 c:/program files (x86)/atmel/atmel toolchain/avr8 gcc/native/3.4.2.1002/avr8-gnu-toolchain/bin/../lib/gcc/avr/4.7.2/../../../../avr/lib/avr6\libm.a(modf.o)
                0x00009636                modf
                0x00009636                modff
 .text.libgcc.div
                0x0000969c       0x28 c:/program files (x86)/atmel/atmel toolchain/avr8 gcc/native/3.4.2.1002/avr8-gnu-toolchain/bin/../lib/gcc/avr/4.7.2/avr6\libgcc.a(_divmodhi4.o)
                0x0000969c                _div
                0x0000969c                __divmodhi4
 .text.libgcc.div
                0x000096c4       0x44 c:/program files (x86)/atmel/atmel toolchain/avr8 gcc/native/3.4.2.1002/avr8-gnu-toolchain/bin/../lib/gcc/avr/4.7.2/avr6\libgcc.a(_udivmodsi4.o)
                0x000096c4                __udivmodsi4
 .text.libgcc.div
                0x00009708       0x28 c:/program files (x86)/atmel/atmel toolchain/avr8 gcc/native/3.4.2.1002/avr8-gnu-toolchain/bin/../lib/gcc/avr/4.7.2/avr6\libgcc.a(_udivmodhi4.o)
                0x00009708                __udivmodhi4
 .text.avr-libc
                0x00009730      0x274 c:/program files (x86)/atmel/atmel toolchain/avr8 gcc/native/3.4.2.1002/avr8-gnu-toolchain/bin/../lib/gcc/avr/4.7.2/../../../../avr/lib/avr6\libc.a(malloc.o)
                0x00009730                malloc
                0x00009866                free
 .text.avr-libc
                0x000099a4       0x12 c:/program files (x86)/atmel/atmel toolchain/avr8 gcc/native/3.4.2.1002/avr8-gnu-toolchain/bin/../lib/gcc/avr/4.7.2/../../../../avr/lib/avr6\libc.a(memcpy.o)
                0x000099a4                memcpy
                0x000099b6                . = ALIGN (0x2)
 *(.fini9)
 .fini9         0x000099b6        0x0 c:/program files (x86)/atmel/atmel toolchain/avr8 gcc/native/3.4.2.1002/avr8-gnu-toolchain/bin/../lib/gcc/avr/4.7.2/avr6\libgcc.a(_exit.o)
                0x000099b6                _exit
                0x000099b6                exit
 *(.fini9)
 *(.fini8)
 *(.fini8)
 *(.fini7)
 *(.fini7)
 *(.fini6)
 *(.fini6)
 *(.fini5)
 *(.fini5)
 *(.fini4)
 *(.fini4)
 *(.fini3)
 *(.fini3)
 *(.fini2)
 *(.fini2)
 *(.fini1)
 *(.fini1)
 *(.fini0)
 .fini0         0x000099b6        0x4 c:/program files (x86)/atmel/atmel toolchain/avr8 gcc/native/3.4.2.1002/avr8-gnu-toolchain/bin/../lib/gcc/avr/4.7.2/avr6\libgcc.a(_exit.o)
 *(.fini0)
                0x000099ba                _etext = .

.data           0x00800200       0x9a load address 0x000099ba
                0x00800200                PROVIDE (__data_start, .)
 *(.data)
 .data          0x00800200        0x0 c:/program files (x86)/atmel/atmel toolchain/avr8 gcc/native/3.4.2.1002/avr8-gnu-toolchain/bin/../lib/gcc/avr/4.7.2/../../../../avr/lib/avr6/crtm2560.o
 .data          0x00800200        0x0 buffer/Buffer.o
 .data          0x00800200        0x0 buffer/Record.o
 .data          0x00800200        0x0 controller/PIDController.o
 .data          0x00800200        0x0 drivers/MagnetometerDriver.o
 .data          0x00800200        0x0 drivers/SerialDriver.o
 .data          0x00800200        0x0 HelicopterMain.o
 .data          0x00800200        0x0 interfaces/GroundControlStationInterface.o
 .data          0x00800200        0x0 messages/Message.o
 .data          0x00800200        0x0 messages/SyncMessage.o
 .data          0x00800200        0x0 messages/SystemTelemetryMessage.o
 .data          0x00800200        0x0 model/SystemModel.o
 .data          0x00800200        0x0 scheduler/Scheduler.o
 .data          0x00800200        0x0 sensors/MagnetometerSensor.o
 .data          0x00800200        0x0 tasks/PIDInnerLoopTask.o
 .data          0x00800200        0x0 tasks/PIDOuterLoopTask.o
 .data          0x00800200        0x0 tasks/SensorProcessingTask.o
 .data          0x00800200        0x0 tasks/SimTelemetryTask.o
 .data          0x00800200        0x0 tasks/Task.o
 .data          0x00800200        0x0 tasks/TransmitTelemetryTask.o
 .data          0x00800200        0x0 util/CommonHeader.o
 .data          0x00800200        0x0 util/CoordinateUtil.o
 .data          0x00800200        0x0 util/Timer.o
 .data          0x00800200        0x0 c:/program files (x86)/atmel/atmel toolchain/avr8 gcc/native/3.4.2.1002/avr8-gnu-toolchain/bin/../lib/gcc/avr/4.7.2/../../../../avr/lib/avr6\libm.a(addsf3.o)
 .data          0x00800200        0x0 c:/program files (x86)/atmel/atmel toolchain/avr8 gcc/native/3.4.2.1002/avr8-gnu-toolchain/bin/../lib/gcc/avr/4.7.2/../../../../avr/lib/avr6\libm.a(addsf3x.o)
 .data          0x00800200        0x0 c:/program files (x86)/atmel/atmel toolchain/avr8 gcc/native/3.4.2.1002/avr8-gnu-toolchain/bin/../lib/gcc/avr/4.7.2/../../../../avr/lib/avr6\libm.a(cmpsf2.o)
 .data          0x00800200        0x0 c:/program files (x86)/atmel/atmel toolchain/avr8 gcc/native/3.4.2.1002/avr8-gnu-toolchain/bin/../lib/gcc/avr/4.7.2/../../../../avr/lib/avr6\libm.a(cos.o)
 .data          0x00800200        0x0 c:/program files (x86)/atmel/atmel toolchain/avr8 gcc/native/3.4.2.1002/avr8-gnu-toolchain/bin/../lib/gcc/avr/4.7.2/../../../../avr/lib/avr6\libm.a(divsf3.o)
 .data          0x00800200        0x0 c:/program files (x86)/atmel/atmel toolchain/avr8 gcc/native/3.4.2.1002/avr8-gnu-toolchain/bin/../lib/gcc/avr/4.7.2/../../../../avr/lib/avr6\libm.a(divsf3x.o)
 .data          0x00800200        0x0 c:/program files (x86)/atmel/atmel toolchain/avr8 gcc/native/3.4.2.1002/avr8-gnu-toolchain/bin/../lib/gcc/avr/4.7.2/../../../../avr/lib/avr6\libm.a(fixsfsi.o)
 .data          0x00800200        0x0 c:/program files (x86)/atmel/atmel toolchain/avr8 gcc/native/3.4.2.1002/avr8-gnu-toolchain/bin/../lib/gcc/avr/4.7.2/../../../../avr/lib/avr6\libm.a(fixunssfsi.o)
 .data          0x00800200        0x0 c:/program files (x86)/atmel/atmel toolchain/avr8 gcc/native/3.4.2.1002/avr8-gnu-toolchain/bin/../lib/gcc/avr/4.7.2/../../../../avr/lib/avr6\libm.a(floatsisf.o)
 .data          0x00800200        0x0 c:/program files (x86)/atmel/atmel toolchain/avr8 gcc/native/3.4.2.1002/avr8-gnu-toolchain/bin/../lib/gcc/avr/4.7.2/../../../../avr/lib/avr6\libm.a(floor.o)
 .data          0x00800200        0x0 c:/program files (x86)/atmel/atmel toolchain/avr8 gcc/native/3.4.2.1002/avr8-gnu-toolchain/bin/../lib/gcc/avr/4.7.2/../../../../avr/lib/avr6\libm.a(fp_cmp.o)
 .data          0x00800200        0x0 c:/program files (x86)/atmel/atmel toolchain/avr8 gcc/native/3.4.2.1002/avr8-gnu-toolchain/bin/../lib/gcc/avr/4.7.2/../../../../avr/lib/avr6\libm.a(fp_inf.o)
 .data          0x00800200        0x0 c:/program files (x86)/atmel/atmel toolchain/avr8 gcc/native/3.4.2.1002/avr8-gnu-toolchain/bin/../lib/gcc/avr/4.7.2/../../../../avr/lib/avr6\libm.a(fp_mintl.o)
 .data          0x00800200        0x0 c:/program files (x86)/atmel/atmel toolchain/avr8 gcc/native/3.4.2.1002/avr8-gnu-toolchain/bin/../lib/gcc/avr/4.7.2/../../../../avr/lib/avr6\libm.a(fp_mpack.o)
 .data          0x00800200        0x0 c:/program files (x86)/atmel/atmel toolchain/avr8 gcc/native/3.4.2.1002/avr8-gnu-toolchain/bin/../lib/gcc/avr/4.7.2/../../../../avr/lib/avr6\libm.a(fp_nan.o)
 .data          0x00800200        0x0 c:/program files (x86)/atmel/atmel toolchain/avr8 gcc/native/3.4.2.1002/avr8-gnu-toolchain/bin/../lib/gcc/avr/4.7.2/../../../../avr/lib/avr6\libm.a(fp_pscA.o)
 .data          0x00800200        0x0 c:/program files (x86)/atmel/atmel toolchain/avr8 gcc/native/3.4.2.1002/avr8-gnu-toolchain/bin/../lib/gcc/avr/4.7.2/../../../../avr/lib/avr6\libm.a(fp_pscB.o)
 .data          0x00800200        0x0 c:/program files (x86)/atmel/atmel toolchain/avr8 gcc/native/3.4.2.1002/avr8-gnu-toolchain/bin/../lib/gcc/avr/4.7.2/../../../../avr/lib/avr6\libm.a(fp_rempio2.o)
 .data          0x00800200        0x0 c:/program files (x86)/atmel/atmel toolchain/avr8 gcc/native/3.4.2.1002/avr8-gnu-toolchain/bin/../lib/gcc/avr/4.7.2/../../../../avr/lib/avr6\libm.a(fp_round.o)
 .data          0x00800200        0x0 c:/program files (x86)/atmel/atmel toolchain/avr8 gcc/native/3.4.2.1002/avr8-gnu-toolchain/bin/../lib/gcc/avr/4.7.2/../../../../avr/lib/avr6\libm.a(fp_sinus.o)
 .data          0x00800200        0x0 c:/program files (x86)/atmel/atmel toolchain/avr8 gcc/native/3.4.2.1002/avr8-gnu-toolchain/bin/../lib/gcc/avr/4.7.2/../../../../avr/lib/avr6\libm.a(fp_split3.o)
 .data          0x00800200        0x0 c:/program files (x86)/atmel/atmel toolchain/avr8 gcc/native/3.4.2.1002/avr8-gnu-toolchain/bin/../lib/gcc/avr/4.7.2/../../../../avr/lib/avr6\libm.a(fp_trunc.o)
 .data          0x00800200        0x0 c:/program files (x86)/atmel/atmel toolchain/avr8 gcc/native/3.4.2.1002/avr8-gnu-toolchain/bin/../lib/gcc/avr/4.7.2/../../../../avr/lib/avr6\libm.a(fp_zero.o)
 .data          0x00800200        0x0 c:/program files (x86)/atmel/atmel toolchain/avr8 gcc/native/3.4.2.1002/avr8-gnu-toolchain/bin/../lib/gcc/avr/4.7.2/../../../../avr/lib/avr6\libm.a(gesf2.o)
 .data          0x00800200        0x0 c:/program files (x86)/atmel/atmel toolchain/avr8 gcc/native/3.4.2.1002/avr8-gnu-toolchain/bin/../lib/gcc/avr/4.7.2/../../../../avr/lib/avr6\libm.a(mulsf3.o)
 .data          0x00800200        0x0 c:/program files (x86)/atmel/atmel toolchain/avr8 gcc/native/3.4.2.1002/avr8-gnu-toolchain/bin/../lib/gcc/avr/4.7.2/../../../../avr/lib/avr6\libm.a(mulsf3x.o)
 .data          0x00800200        0x0 c:/program files (x86)/atmel/atmel toolchain/avr8 gcc/native/3.4.2.1002/avr8-gnu-toolchain/bin/../lib/gcc/avr/4.7.2/../../../../avr/lib/avr6\libm.a(pow.o)
 .data          0x00800200        0x0 c:/program files (x86)/atmel/atmel toolchain/avr8 gcc/native/3.4.2.1002/avr8-gnu-toolchain/bin/../lib/gcc/avr/4.7.2/../../../../avr/lib/avr6\libm.a(sin.o)
 .data          0x00800200        0x0 c:/program files (x86)/atmel/atmel toolchain/avr8 gcc/native/3.4.2.1002/avr8-gnu-toolchain/bin/../lib/gcc/avr/4.7.2/../../../../avr/lib/avr6\libm.a(sqrt.o)
 .data          0x00800200        0x0 c:/program files (x86)/atmel/atmel toolchain/avr8 gcc/native/3.4.2.1002/avr8-gnu-toolchain/bin/../lib/gcc/avr/4.7.2/../../../../avr/lib/avr6\libm.a(exp.o)
 .data          0x00800200        0x0 c:/program files (x86)/atmel/atmel toolchain/avr8 gcc/native/3.4.2.1002/avr8-gnu-toolchain/bin/../lib/gcc/avr/4.7.2/../../../../avr/lib/avr6\libm.a(fp_norm2.o)
 .data          0x00800200        0x0 c:/program files (x86)/atmel/atmel toolchain/avr8 gcc/native/3.4.2.1002/avr8-gnu-toolchain/bin/../lib/gcc/avr/4.7.2/../../../../avr/lib/avr6\libm.a(fp_powser.o)
 .data          0x00800200        0x0 c:/program files (x86)/atmel/atmel toolchain/avr8 gcc/native/3.4.2.1002/avr8-gnu-toolchain/bin/../lib/gcc/avr/4.7.2/../../../../avr/lib/avr6\libm.a(fp_powsodd.o)
 .data          0x00800200        0x0 c:/program files (x86)/atmel/atmel toolchain/avr8 gcc/native/3.4.2.1002/avr8-gnu-toolchain/bin/../lib/gcc/avr/4.7.2/../../../../avr/lib/avr6\libm.a(inverse.o)
 .data          0x00800200        0x0 c:/program files (x86)/atmel/atmel toolchain/avr8 gcc/native/3.4.2.1002/avr8-gnu-toolchain/bin/../lib/gcc/avr/4.7.2/../../../../avr/lib/avr6\libm.a(ldexp.o)
 .data          0x00800200        0x0 c:/program files (x86)/atmel/atmel toolchain/avr8 gcc/native/3.4.2.1002/avr8-gnu-toolchain/bin/../lib/gcc/avr/4.7.2/../../../../avr/lib/avr6\libm.a(log.o)
 .data          0x00800200        0x0 c:/program files (x86)/atmel/atmel toolchain/avr8 gcc/native/3.4.2.1002/avr8-gnu-toolchain/bin/../lib/gcc/avr/4.7.2/../../../../avr/lib/avr6\libm.a(modf.o)
 .data          0x00800200        0x0 c:/program files (x86)/atmel/atmel toolchain/avr8 gcc/native/3.4.2.1002/avr8-gnu-toolchain/bin/../lib/gcc/avr/4.7.2/avr6\libgcc.a(_divmodhi4.o)
 .data          0x00800200        0x0 c:/program files (x86)/atmel/atmel toolchain/avr8 gcc/native/3.4.2.1002/avr8-gnu-toolchain/bin/../lib/gcc/avr/4.7.2/avr6\libgcc.a(_udivmodsi4.o)
 .data          0x00800200        0x0 c:/program files (x86)/atmel/atmel toolchain/avr8 gcc/native/3.4.2.1002/avr8-gnu-toolchain/bin/../lib/gcc/avr/4.7.2/avr6\libgcc.a(_exit.o)
 .data          0x00800200        0x0 c:/program files (x86)/atmel/atmel toolchain/avr8 gcc/native/3.4.2.1002/avr8-gnu-toolchain/bin/../lib/gcc/avr/4.7.2/avr6\libgcc.a(_copy_data.o)
 .data          0x00800200        0x0 c:/program files (x86)/atmel/atmel toolchain/avr8 gcc/native/3.4.2.1002/avr8-gnu-toolchain/bin/../lib/gcc/avr/4.7.2/avr6\libgcc.a(_clear_bss.o)
 .data          0x00800200        0x0 c:/program files (x86)/atmel/atmel toolchain/avr8 gcc/native/3.4.2.1002/avr8-gnu-toolchain/bin/../lib/gcc/avr/4.7.2/avr6\libgcc.a(_udivmodhi4.o)
 .data          0x00800200        0x6 c:/program files (x86)/atmel/atmel toolchain/avr8 gcc/native/3.4.2.1002/avr8-gnu-toolchain/bin/../lib/gcc/avr/4.7.2/../../../../avr/lib/avr6\libc.a(malloc.o)
                0x00800200                __malloc_heap_end
                0x00800202                __malloc_heap_start
                0x00800204                __malloc_margin