Archive member included because of file (symbol)

c:/program files (x86)/atmel/atmel toolchain/avr8 gcc/native/3.4.2.1002/avr8-gnu-toolchain/bin/../lib/gcc/avr/4.7.2/../../../../avr/lib/avr6\libm.a(addsf3.o)
                              controller/PIDController.o (__subsf3)
c:/program files (x86)/atmel/atmel toolchain/avr8 gcc/native/3.4.2.1002/avr8-gnu-toolchain/bin/../lib/gcc/avr/4.7.2/../../../../avr/lib/avr6\libm.a(addsf3x.o)
                              c:/program files (x86)/atmel/atmel toolchain/avr8 gcc/native/3.4.2.1002/avr8-gnu-toolchain/bin/../lib/gcc/avr/4.7.2/../../../../avr/lib/avr6\libm.a(addsf3.o) (__addsf3x)
c:/program files (x86)/atmel/atmel toolchain/avr8 gcc/native/3.4.2.1002/avr8-gnu-toolchain/bin/../lib/gcc/avr/4.7.2/../../../../avr/lib/avr6\libm.a(cmpsf2.o)
                              controller/PIDController.o (__nesf2)
c:/program files (x86)/atmel/atmel toolchain/avr8 gcc/native/3.4.2.1002/avr8-gnu-toolchain/bin/../lib/gcc/avr/4.7.2/../../../../avr/lib/avr6\libm.a(cos.o)
                              util/CoordinateUtil.o (cos)
c:/program files (x86)/atmel/atmel toolchain/avr8 gcc/native/3.4.2.1002/avr8-gnu-toolchain/bin/../lib/gcc/avr/4.7.2/../../../../avr/lib/avr6\libm.a(divsf3.o)
                              messages/SystemTelemetryMessage.o (__divsf3)
c:/program files (x86)/atmel/atmel toolchain/avr8 gcc/native/3.4.2.1002/avr8-gnu-toolchain/bin/../lib/gcc/avr/4.7.2/../../../../avr/lib/avr6\libm.a(divsf3x.o)
                              c:/program files (x86)/atmel/atmel toolchain/avr8 gcc/native/3.4.2.1002/avr8-gnu-toolchain/bin/../lib/gcc/avr/4.7.2/../../../../avr/lib/avr6\libm.a(divsf3.o) (__divsf3x)
c:/program files (x86)/atmel/atmel toolchain/avr8 gcc/native/3.4.2.1002/avr8-gnu-toolchain/bin/../lib/gcc/avr/4.7.2/../../../../avr/lib/avr6\libm.a(fixsfsi.o)
                              HelicopterMain.o (__fixsfsi)
c:/program files (x86)/atmel/atmel toolchain/avr8 gcc/native/3.4.2.1002/avr8-gnu-toolchain/bin/../lib/gcc/avr/4.7.2/../../../../avr/lib/avr6\libm.a(fixunssfsi.o)
                              drivers/SerialDriver.o (__fixunssfsi)
c:/program files (x86)/atmel/atmel toolchain/avr8 gcc/native/3.4.2.1002/avr8-gnu-toolchain/bin/../lib/gcc/avr/4.7.2/../../../../avr/lib/avr6\libm.a(floatsisf.o)
                              drivers/SerialDriver.o (__floatunsisf)
c:/program files (x86)/atmel/atmel toolchain/avr8 gcc/native/3.4.2.1002/avr8-gnu-toolchain/bin/../lib/gcc/avr/4.7.2/../../../../avr/lib/avr6\libm.a(floor.o)
                              drivers/SerialDriver.o (floor)
c:/program files (x86)/atmel/atmel toolchain/avr8 gcc/native/3.4.2.1002/avr8-gnu-toolchain/bin/../lib/gcc/avr/4.7.2/../../../../avr/lib/avr6\libm.a(fp_cmp.o)
                              c:/program files (x86)/atmel/atmel toolchain/avr8 gcc/native/3.4.2.1002/avr8-gnu-toolchain/bin/../lib/gcc/avr/4.7.2/../../../../avr/lib/avr6\libm.a(cmpsf2.o) (__fp_cmp)
c:/program files (x86)/atmel/atmel toolchain/avr8 gcc/native/3.4.2.1002/avr8-gnu-toolchain/bin/../lib/gcc/avr/4.7.2/../../../../avr/lib/avr6\libm.a(fp_inf.o)
                              c:/program files (x86)/atmel/atmel toolchain/avr8 gcc/native/3.4.2.1002/avr8-gnu-toolchain/bin/../lib/gcc/avr/4.7.2/../../../../avr/lib/avr6\libm.a(addsf3x.o) (__fp_inf)
c:/program files (x86)/atmel/atmel toolchain/avr8 gcc/native/3.4.2.1002/avr8-gnu-toolchain/bin/../lib/gcc/avr/4.7.2/../../../../avr/lib/avr6\libm.a(fp_mintl.o)
                              c:/program files (x86)/atmel/atmel toolchain/avr8 gcc/native/3.4.2.1002/avr8-gnu-toolchain/bin/../lib/gcc/avr/4.7.2/../../../../avr/lib/avr6\libm.a(floor.o) (__fp_mintl)
c:/program files (x86)/atmel/atmel toolchain/avr8 gcc/native/3.4.2.1002/avr8-gnu-toolchain/bin/../lib/gcc/avr/4.7.2/../../../../avr/lib/avr6\libm.a(fp_mpack.o)
                              c:/program files (x86)/atmel/atmel toolchain/avr8 gcc/native/3.4.2.1002/avr8-gnu-toolchain/bin/../lib/gcc/avr/4.7.2/../../../../avr/lib/avr6\libm.a(floor.o) (__fp_mpack)
c:/program files (x86)/atmel/atmel toolchain/avr8 gcc/native/3.4.2.1002/avr8-gnu-toolchain/bin/../lib/gcc/avr/4.7.2/../../../../avr/lib/avr6\libm.a(fp_nan.o)
                              c:/program files (x86)/atmel/atmel toolchain/avr8 gcc/native/3.4.2.1002/avr8-gnu-toolchain/bin/../lib/gcc/avr/4.7.2/../../../../avr/lib/avr6\libm.a(addsf3x.o) (__fp_nan)
c:/program files (x86)/atmel/atmel toolchain/avr8 gcc/native/3.4.2.1002/avr8-gnu-toolchain/bin/../lib/gcc/avr/4.7.2/../../../../avr/lib/avr6\libm.a(fp_pscA.o)
                              c:/program files (x86)/atmel/atmel toolchain/avr8 gcc/native/3.4.2.1002/avr8-gnu-toolchain/bin/../lib/gcc/avr/4.7.2/../../../../avr/lib/avr6\libm.a(addsf3x.o) (__fp_pscA)
c:/program files (x86)/atmel/atmel toolchain/avr8 gcc/native/3.4.2.1002/avr8-gnu-toolchain/bin/../lib/gcc/avr/4.7.2/../../../../avr/lib/avr6\libm.a(fp_pscB.o)
[...]
Memory Configuration

Name             Origin             Length             Attributes
text             0x00000000         0x00100000         xr
data             0x00800200         0x0000fe00         rw !x
eeprom           0x00810000         0x00010000         rw !x
fuse             0x00820000         0x00000400         rw !x
lock             0x00830000         0x00000400         rw !x
signature        0x00840000         0x00000400         rw !x
user_signatures  0x00850000         0x00000400         rw !x
*default*        0x00000000         0xffffffff

Linker script and memory map

Address of section .data set to 0x800200
LOAD c:/program files (x86)/atmel/atmel toolchain/avr8 gcc/native/3.4.2.1002/avr8-gnu-toolchain/bin/../lib/gcc/avr/4.7.2/../../../../avr/lib/avr6/crtm2560.o
LOAD buffer/Buffer.o
LOAD buffer/Record.o
LOAD controller/PIDController.o
LOAD drivers/MagnetometerDriver.o
LOAD drivers/SerialDriver.o
LOAD HelicopterMain.o
LOAD interfaces/GroundControlStationInterface.o
LOAD interfaces/RadioControllerInterface.o
LOAD messages/Message.o
LOAD messages/SyncMessage.o
LOAD messages/SystemTelemetryMessage.o
LOAD model/SystemModel.o
LOAD scheduler/Scheduler.o
LOAD sensors/MagnetometerSensor.o
LOAD tasks/PIDInnerLoopTask.o
LOAD tasks/PIDOuterLoopTask.o
LOAD tasks/SensorProcessingTask.o
LOAD tasks/SimTelemetryTask.o
LOAD tasks/Task.o
LOAD tasks/TransmitTelemetryTask.o
LOAD util/CommonHeader.o
LOAD util/CoordinateUtil.o
LOAD util/Timer.o
START GROUP
LOAD c:/program files (x86)/atmel/atmel toolchain/avr8 gcc/native/3.4.2.1002/avr8-gnu-toolchain/bin/../lib/gcc/avr/4.7.2/../../../../avr/lib/avr6\libm.a
END GROUP
LOAD c:/program files (x86)/atmel/atmel toolchain/avr8 gcc/native/3.4.2.1002/avr8-gnu-toolchain/bin/../lib/gcc/avr/4.7.2/avr6\libgcc.a
LOAD c:/program files (x86)/atmel/atmel toolchain/avr8 gcc/native/3.4.2.1002/avr8-gnu-toolchain/bin/../lib/gcc/avr/4.7.2/../../../../avr/lib/avr6\libm.a
LOAD c:/program files (x86)/atmel/atmel toolchain/avr8 gcc/native/3.4.2.1002/avr8-gnu-toolchain/bin/../lib/gcc/avr/4.7.2/avr6\libgcc.a
LOAD c:/program files (x86)/atmel/atmel toolchain/avr8 gcc/native/3.4.2.1002/avr8-gnu-toolchain/bin/../lib/gcc/avr/4.7.2/../../../../avr/lib/avr6\libc.a
LOAD c:/program files (x86)/atmel/atmel toolchain/avr8 gcc/native/3.4.2.1002/avr8-gnu-toolchain/bin/../lib/gcc/avr/4.7.2/avr6\libgcc.a

.hash
 *(.hash)

.dynsym
 *(.dynsym)

.dynstr
 *(.dynstr)

.gnu.version
 *(.gnu.version)

.gnu.version_d
 *(.gnu.version_d)

.gnu.version_r
 *(.gnu.version_r)

.rel.init
 *(.rel.init)

.rela.init
 *(.rela.init)

.rel.text
 *(.rel.text)
 *(.rel.text.*)
 *(.rel.gnu.linkonce.t*)

.rela.text
 *(.rela.text)
 *(.rela.text.*)
 *(.rela.gnu.linkonce.t*)

.rel.fini
 *(.rel.fini)

.rela.fini
 *(.rela.fini)

.rel.rodata
 *(.rel.rodata)
 *(.rel.rodata.*)
 *(.rel.gnu.linkonce.r*)

.rela.rodata
 *(.rela.rodata)
 *(.rela.rodata.*)
 *(.rela.gnu.linkonce.r*)

.rel.data
 *(.rel.data)
 *(.rel.data.*)
 *(.rel.gnu.linkonce.d*)

.rela.data
 *(.rela.data)
 *(.rela.data.*)
 *(.rela.gnu.linkonce.d*)

.rel.ctors
 *(.rel.ctors)

.rela.ctors
 *(.rela.ctors)

.rel.dtors
 *(.rel.dtors)

.rela.dtors
 *(.rela.dtors)

.rel.got
 *(.rel.got)

.rela.got
 *(.rela.got)

.rel.bss
 *(.rel.bss)

.rela.bss
 *(.rela.bss)

.rel.plt
 *(.rel.plt)

.rela.plt
 *(.rela.plt)

.text           0x00000000     0xa1ca
 *(.vectors)
 .vectors       0x00000000       0xe4 c:/program files (x86)/atmel/atmel toolchain/avr8 gcc/native/3.4.2.1002/avr8-gnu-toolchain/bin/../lib/gcc/avr/4.7.2/../../../../avr/lib/avr6/crtm2560.o
                0x00000000                __vector_default
                0x00000000                __vectors
 *(.vectors)
 *(.progmem.gcc*)
 .progmem.gcc_fplib
                0x000000e4       0x1e c:/program files (x86)/atmel/atmel toolchain/avr8 gcc/native/3.4.2.1002/avr8-gnu-toolchain/bin/../lib/gcc/avr/4.7.2/../../../../avr/lib/avr6\libm.a(fp_sinus.o)
 .progmem.gcc_fplib
                0x00000102       0x28 c:/program files (x86)/atmel/atmel toolchain/avr8 gcc/native/3.4.2.1002/avr8-gnu-toolchain/bin/../lib/gcc/avr/4.7.2/../../../../avr/lib/avr6\libm.a(exp.o)
 .progmem.gcc_fplib
                0x0000012a       0x5a c:/program files (x86)/atmel/atmel toolchain/avr8 gcc/native/3.4.2.1002/avr8-gnu-toolchain/bin/../lib/gcc/avr/4.7.2/../../../../avr/lib/avr6\libm.a(log.o)
 *(.progmem*)
                0x00000184                . = ALIGN (0x2)
                0x00000184                __trampolines_start = .
 *(.trampolines)
 .trampolines   0x00000184       0xa4 linker stubs
 *(.trampolines*)
                0x00000228                __trampolines_end = .
 *(.jumptables)
 *(.jumptables*)
 *(.lowtext)
 *(.lowtext*)
                0x00000228                __ctors_start = .
 *(.ctors)
                0x00000228                __ctors_end = .
                0x00000228                __dtors_start = .
 *(.dtors)
                0x00000228                __dtors_end = .
 SORT(*)(.ctors)
 SORT(*)(.dtors)
 *(.init0)
 .init0         0x00000228        0x0 c:/program files (x86)/atmel/atmel toolchain/avr8 gcc/native/3.4.2.1002/avr8-gnu-toolchain/bin/../lib/gcc/avr/4.7.2/../../../../avr/lib/avr6/crtm2560.o
                0x00000228                __init
 *(.init0)
 *(.init1)
 *(.init1)
 *(.init2)
 .init2         0x00000228       0x10 c:/program files (x86)/atmel/atmel toolchain/avr8 gcc/native/3.4.2.1002/avr8-gnu-toolchain/bin/../lib/gcc/avr/4.7.2/../../../../avr/lib/avr6/crtm2560.o
 *(.init2)
 *(.init3)
 *(.init3)
 *(.init4)
 .init4         0x00000238       0x1a c:/program files (x86)/atmel/atmel toolchain/avr8 gcc/native/3.4.2.1002/avr8-gnu-toolchain/bin/../lib/gcc/avr/4.7.2/avr6\libgcc.a(_copy_data.o)
                0x00000238                __do_copy_data
 .init4         0x00000252       0x10 c:/program files (x86)/atmel/atmel toolchain/avr8 gcc/native/3.4.2.1002/avr8-gnu-toolchain/bin/../lib/gcc/avr/4.7.2/avr6\libgcc.a(_clear_bss.o)
                0x00000252                __do_clear_bss
 *(.init4)
 *(.init5)
 *(.init5)
 *(.init6)
 *(.init6)
 *(.init7)
 *(.init7)
 *(.init8)
 *(.init8)
 *(.init9)
 .init9         0x00000262        0x8 c:/program files (x86)/atmel/atmel toolchain/avr8 gcc/native/3.4.2.1002/avr8-gnu-toolchain/bin/../lib/gcc/avr/4.7.2/../../../../avr/lib/avr6/crtm2560.o
 *(.init9)
 *(.text)
 .text          0x0000026a        0x4 c:/program files (x86)/atmel/atmel toolchain/avr8 gcc/native/3.4.2.1002/avr8-gnu-toolchain/bin/../lib/gcc/avr/4.7.2/../../../../avr/lib/avr6/crtm2560.o
                0x0000026a                __vector_38
                0x0000026a                __vector_22
                0x0000026a                __vector_28
                0x0000026a                __vector_1
                0x0000026a                __vector_32
                0x0000026a                __vector_34
                0x0000026a                __vector_24
                0x0000026a                __vector_12
                0x0000026a                __vector_55
                0x0000026a                __bad_interrupt
                0x0000026a                __vector_6
                0x0000026a                __vector_31
                0x0000026a                __vector_35
                0x0000026a                __vector_39
                0x0000026a                __vector_3
                0x0000026a                __vector_23
                0x0000026a                __vector_30
                0x0000026a                __vector_45
                0x0000026a                __vector_25
                0x0000026a                __vector_11
                0x0000026a                __vector_54
                0x0000026a                __vector_13
                0x0000026a                __vector_19
                0x0000026a                __vector_56
                0x0000026a                __vector_7
                0x0000026a                __vector_49
                0x0000026a                __vector_41
                0x0000026a                __vector_43
                0x0000026a                __vector_27
                0x0000026a                __vector_5
                0x0000026a                __vector_33
                0x0000026a                __vector_47
                0x0000026a                __vector_52
                0x0000026a                __vector_37
                0x0000026a                __vector_4
                0x0000026a                __vector_44
                0x0000026a                __vector_51
                0x0000026a                __vector_9
                0x0000026a                __vector_2
                0x0000026a                __vector_21
                0x0000026a                __vector_15
                0x0000026a                __vector_36
                0x0000026a                __vector_29
                0x0000026a                __vector_40
                0x0000026a                __vector_8
                0x0000026a                __vector_26
                0x0000026a                __vector_48
                0x0000026a                __vector_14
                0x0000026a                __vector_53
                0x0000026a                __vector_10
                0x0000026a                __vector_50
                0x0000026a                __vector_16
                0x0000026a                __vector_18
                0x0000026a                __vector_20
                0x0000026a                __vector_42
                0x0000026e                . = ALIGN (0x2)
 *(.text.*)
 .text._ZNK10helicopter5model11SystemModel13MagYawDegreesEv
                0x0000026e       0x2c controller/PIDController.o
                0x0000026e                _ZNK10helicopter5model11SystemModel13MagYawDegreesEv
 .text._ZNK10helicopter5model11SystemModel22ReferenceMagYawDegreesEv
                0x0000029a       0x2c controller/PIDController.o
                0x0000029a                _ZNK10helicopter5model11SystemModel22ReferenceMagYawDegreesEv
 .text._ZNK10helicopter5model11SystemModel10YawControlEv
                0x000002c6       0x2c controller/PIDController.o
                0x000002c6                _ZNK10helicopter5model11SystemModel10YawControlEv
 .text._ZN10helicopter5model11SystemModel10YawControlEf
                0x000002f2       0x40 controller/PIDController.o
                0x000002f2                _ZN10helicopter5model11SystemModel10YawControlEf
 .text._ZNK10helicopter5model11SystemModel37YawControlBeforeServoLimitsAdjustmentEv
                0x00000332       0x2c controller/PIDController.o
                0x00000332                _ZNK10helicopter5model11SystemModel37YawControlBeforeServoLimitsAdjustmentEv
 .text._ZN10helicopter5model11SystemModel37YawControlBeforeServoLimitsAdjustmentEf
                0x0000035e       0x40 controller/PIDController.o
                0x0000035e                _ZN10helicopter5model11SystemModel37YawControlBeforeServoLimitsAdjustmentEf
 .text._ZNK10helicopter5model11SystemModel27YawVelocityDegreesPerSecondEv
                0x0000039e       0x2c controller/PIDController.o
                0x0000039e                _ZNK10helicopter5model11SystemModel27YawVelocityDegreesPerSecondEv
 .text._ZNK10helicopter5model11SystemModel36ReferenceYawVelocityDegreesPerSecondEv
                0x000003ca       0x2c controller/PIDController.o
                0x000003ca                _ZNK10helicopter5model11SystemModel36ReferenceYawVelocityDegreesPerSecondEv
 .text._ZNK10helicopter5model11SystemModel11YawIntegralEv
                0x000003f6       0x2c controller/PIDController.o
                0x000003f6                _ZNK10helicopter5model11SystemModel11YawIntegralEv
 .text._ZN10helicopter5model11SystemModel11YawIntegralEf
                0x00000422       0x40 controller/PIDController.o
                0x00000422                _ZN10helicopter5model11SystemModel11YawIntegralEf
 .text._ZN10helicopter5model11SystemModel15YawProportionalEf
                0x00000462       0x40 controller/PIDController.o
                0x00000462                _ZN10helicopter5model11SystemModel15YawProportionalEf
 .text._ZN10helicopter5model11SystemModel18YawDerivativeErrorEf
                0x000004a2       0x40 controller/PIDController.o
                0x000004a2                _ZN10helicopter5model11SystemModel18YawDerivativeErrorEf
 .text._ZNK10helicopter5model11SystemModel13XNEDBodyFrameEv
                0x000004e2       0x2c controller/PIDController.o
                0x000004e2                _ZNK10helicopter5model11SystemModel13XNEDBodyFrameEv
 .text._ZNK10helicopter5model11SystemModel22ReferenceXNEDBodyFrameEv
                0x0000050e       0x2c controller/PIDController.o
                0x0000050e                _ZNK10helicopter5model11SystemModel22ReferenceXNEDBodyFrameEv
 .text._ZNK10helicopter5model11SystemModel43LongitudeControlBeforeServoLimitsAdjustmentEv
                0x0000053a       0x2c controller/PIDController.o
                0x0000053a                _ZNK10helicopter5model11SystemModel43LongitudeControlBeforeServoLimitsAdjustmentEv
 .text._ZN10helicopter5model11SystemModel43LongitudeControlBeforeServoLimitsAdjustmentEf
                0x00000566       0x40 controller/PIDController.o
                0x00000566                _ZN10helicopter5model11SystemModel43LongitudeControlBeforeServoLimitsAdjustmentEf
 .text._ZNK10helicopter5model11SystemModel16LongitudeControlEv
                0x000005a6       0x2c controller/PIDController.o
                0x000005a6                _ZNK10helicopter5model11SystemModel16LongitudeControlEv
 .text._ZN10helicopter5model11SystemModel16LongitudeControlEf
                0x000005d2       0x40 controller/PIDController.o
                0x000005d2                _ZN10helicopter5model11SystemModel16LongitudeControlEf
 .text._ZNK10helicopter5model11SystemModel24XVelocityMetersPerSecondEv
                0x00000612       0x2c controller/PIDController.o
                0x00000612                _ZNK10helicopter5model11SystemModel24XVelocityMetersPerSecondEv
 .text._ZNK10helicopter5model11SystemModel33ReferenceXVelocityMetersPerSecondEv
                0x0000063e       0x2c controller/PIDController.o
                0x0000063e                _ZNK10helicopter5model11SystemModel33ReferenceXVelocityMetersPerSecondEv
 .text._ZNK10helicopter5model11SystemModel27XLongitudeOuterLoopSetpointEv
                0x0000066a       0x2e controller/PIDController.o
                0x0000066a                _ZNK10helicopter5model11SystemModel27XLongitudeOuterLoopSetpointEv
 .text._ZN10helicopter5model11SystemModel27XLongitudeOuterLoopSetpointEf
                0x00000698       0x46 controller/PIDController.o
                0x00000698                _ZN10helicopter5model11SystemModel27XLongitudeOuterLoopSetpointEf
 .text._ZN10helicopter5model11SystemModel13XProportionalEf
                0x000006de       0x46 controller/PIDController.o
                0x000006de                _ZN10helicopter5model11SystemModel13XProportionalEf
 .text._ZNK10helicopter5model11SystemModel9XIntegralEv
                0x00000724       0x30 controller/PIDController.o
                0x00000724                _ZNK10helicopter5model11SystemModel9XIntegralEv
 .text._ZN10helicopter5model11SystemModel9XIntegralEf
                0x00000754       0x46 controller/PIDController.o
                0x00000754                _ZN10helicopter5model11SystemModel9XIntegralEf
 .text._ZN10helicopter5model11SystemModel16XDerivativeErrorEf
                0x0000079a       0x46 controller/PIDController.o
                0x0000079a                _ZN10helicopter5model11SystemModel16XDerivativeErrorEf
 .text._ZNK10helicopter5model11SystemModel17ThetaPitchDegreesEv
                0x000007e0       0x30 controller/PIDController.o
                0x000007e0                _ZNK10helicopter5model11SystemModel17ThetaPitchDegreesEv
 .text._ZNK10helicopter5model11SystemModel33PitchAngularVelocityRadsPerSecondEv
                0x00000810       0x30 controller/PIDController.o
                0x00000810                _ZNK10helicopter5model11SystemModel33PitchAngularVelocityRadsPerSecondEv
 .text._ZNK10helicopter5model11SystemModel13YNEDBodyFrameEv
                0x00000840       0x30 controller/PIDController.o
                0x00000840                _ZNK10helicopter5model11SystemModel13YNEDBodyFrameEv
 .text._ZNK10helicopter5model11SystemModel22ReferenceYNEDBodyFrameEv
                0x00000870       0x30 controller/PIDController.o
                0x00000870                _ZNK10helicopter5model11SystemModel22ReferenceYNEDBodyFrameEv
 .text._ZNK10helicopter5model11SystemModel41LateralControlBeforeServoLimitsAdjustmentEv
                0x000008a0       0x30 controller/PIDController.o
                0x000008a0                _ZNK10helicopter5model11SystemModel41LateralControlBeforeServoLimitsAdjustmentEv
 .text._ZN10helicopter5model11SystemModel41LateralControlBeforeServoLimitsAdjustmentEf
                0x000008d0       0x46 controller/PIDController.o
                0x000008d0                _ZN10helicopter5model11SystemModel41LateralControlBeforeServoLimitsAdjustmentEf
 .text._ZNK10helicopter5model11SystemModel14LateralControlEv
                0x00000916       0x30 controller/PIDController.o
                0x00000916                _ZNK10helicopter5model11SystemModel14LateralControlEv
 .text._ZN10helicopter5model11SystemModel14LateralControlEf
                0x00000946       0x46 controller/PIDController.o
                0x00000946                _ZN10helicopter5model11SystemModel14LateralControlEf
 .text._ZNK10helicopter5model11SystemModel24YVelocityMetersPerSecondEv
                0x0000098c       0x30 controller/PIDController.o
                0x0000098c                _ZNK10helicopter5model11SystemModel24YVelocityMetersPerSecondEv
 .text._ZNK10helicopter5model11SystemModel33ReferenceYVelocityMetersPerSecondEv
                0x000009bc       0x30 controller/PIDController.o
                0x000009bc                _ZNK10helicopter5model11SystemModel33ReferenceYVelocityMetersPerSecondEv
 .text._ZNK10helicopter5model11SystemModel25YLateralOuterLoopSetpointEv
                0x000009ec       0x30 controller/PIDController.o
                0x000009ec                _ZNK10helicopter5model11SystemModel25YLateralOuterLoopSetpointEv
 .text._ZN10helicopter5model11SystemModel25YLateralOuterLoopSetpointEf
                0x00000a1c       0x46 controller/PIDController.o
                0x00000a1c                _ZN10helicopter5model11SystemModel25YLateralOuterLoopSetpointEf
 .text._ZN10helicopter5model11SystemModel13YProportionalEf
                0x00000a62       0x46 controller/PIDController.o
                0x00000a62                _ZN10helicopter5model11SystemModel13YProportionalEf
 .text._ZNK10helicopter5model11SystemModel9YIntegralEv
                0x00000aa8       0x30 controller/PIDController.o
                0x00000aa8                _ZNK10helicopter5model11SystemModel9YIntegralEv
 .text._ZN10helicopter5model11SystemModel9YIntegralEf
                0x00000ad8       0x46 controller/PIDController.o
                0x00000ad8                _ZN10helicopter5model11SystemModel9YIntegralEf
 .text._ZN10helicopter5model11SystemModel16YDerivativeErrorEf
                0x00000b1e       0x46 controller/PIDController.o
                0x00000b1e                _ZN10helicopter5model11SystemModel16YDerivativeErrorEf
 .text._ZNK10helicopter5model11SystemModel14PhiRollDegreesEv
                0x00000b64       0x30 controller/PIDController.o
                0x00000b64                _ZNK10helicopter5model11SystemModel14PhiRollDegreesEv
 .text._ZNK10helicopter5model11SystemModel32RollAngularVelocityRadsPerSecondEv
                0x00000b94       0x30 controller/PIDController.o
                0x00000b94                _ZNK10helicopter5model11SystemModel32RollAngularVelocityRadsPerSecondEv
 .text._ZNK10helicopter5model11SystemModel13ZNEDBodyFrameEv
                0x00000bc4       0x30 controller/PIDController.o
                0x00000bc4                _ZNK10helicopter5model11SystemModel13ZNEDBodyFrameEv
 .text._ZNK10helicopter5model11SystemModel26ReferenceZNEDBodyFrameFeetEv
                0x00000bf4       0x30 controller/PIDController.o
                0x00000bf4                _ZNK10helicopter5model11SystemModel26ReferenceZNEDBodyFrameFeetEv
 .text._ZNK10helicopter5model11SystemModel26MainRotorCollectiveControlEv
                0x00000c24       0x30 controller/PIDController.o
                0x00000c24                _ZNK10helicopter5model11SystemModel26MainRotorCollectiveControlEv
 .text._ZN10helicopter5model11SystemModel26MainRotorCollectiveControlEf
                0x00000c54       0x46 controller/PIDController.o
                0x00000c54                _ZN10helicopter5model11SystemModel26MainRotorCollectiveControlEf
 .text._ZNK10helicopter5model11SystemModel43MainRotorControlBeforeServoLimitsAdjustmentEv
                0x00000c9a       0x30 controller/PIDController.o
                0x00000c9a                _ZNK10helicopter5model11SystemModel43MainRotorControlBeforeServoLimitsAdjustmentEv
 .text._ZN10helicopter5model11SystemModel43MainRotorControlBeforeServoLimitsAdjustmentEf
                0x00000cca       0x46 controller/PIDController.o
                0x00000cca                _ZN10helicopter5model11SystemModel43MainRotorControlBeforeServoLimitsAdjustmentEf
 .text._ZNK10helicopter5model11SystemModel22ZVelocityFeetPerSecondEv
                0x00000d10       0x30 controller/PIDController.o
                0x00000d10                _ZNK10helicopter5model11SystemModel22ZVelocityFeetPerSecondEv
 .text._ZNK10helicopter5model11SystemModel31ReferenceZVelocityFeetPerSecondEv
                0x00000d40       0x30 controller/PIDController.o
                0x00000d40                _ZNK10helicopter5model11SystemModel31ReferenceZVelocityFeetPerSecondEv
 .text._ZNK10helicopter5model11SystemModel9ZIntegralEv
                0x00000d70       0x30 controller/PIDController.o
                0x00000d70                _ZNK10helicopter5model11SystemModel9ZIntegralEv
 .text._ZN10helicopter5model11SystemModel9ZIntegralEf
                0x00000da0       0x46 controller/PIDController.o
                0x00000da0                _ZN10helicopter5model11SystemModel9ZIntegralEf
 .text._ZN10helicopter5model11SystemModel13ZProportionalEf
                0x00000de6       0x46 controller/PIDController.o
                0x00000de6                _ZN10helicopter5model11SystemModel13ZProportionalEf
 .text._ZN10helicopter5model11SystemModel16ZDerivativeErrorEf
                0x00000e2c       0x46 controller/PIDController.o
                0x00000e2c                _ZN10helicopter5model11SystemModel16ZDerivativeErrorEf
 .text._ZNK10helicopter5model11SystemModel11BlownFramesEv
                0x00000e72       0x30 controller/PIDController.o
                0x00000e72                _ZNK10helicopter5model11SystemModel11BlownFramesEv
 .text._ZN10helicopter5model11SystemModel11BlownFramesEl
                0x00000ea2       0x46 controller/PIDController.o
                0x00000ea2                _ZN10helicopter5model11SystemModel11BlownFramesEl
 .text._ZNK10helicopter5model11SystemModel16OperationalStateEv
                0x00000ee8       0x22 controller/PIDController.o
                0x00000ee8                _ZNK10helicopter5model11SystemModel16OperationalStateEv
 .text._ZN10helicopter10controller13PIDControllerC2EPNS_5model11SystemModelE
                0x00000f0a      0x202 controller/PIDController.o
                0x00000f0a                _ZN10helicopter10controller13PIDControllerC2EPNS_5model11SystemModelE
                0x00000f0a                _ZN10helicopter10controller13PIDControllerC1EPNS_5model11SystemModelE
 .text._ZN10helicopter10controller13PIDController21calculateProportionalEff
                0x0000110c       0x5e controller/PIDController.o
                0x0000110c                _ZN10helicopter10controller13PIDController21calculateProportionalEff
 .text._ZN10helicopter10controller13PIDController27calculateIntegralAntiWindupEfff
                0x0000116a       0xa2 controller/PIDController.o
                0x0000116a                _ZN10helicopter10controller13PIDController27calculateIntegralAntiWindupEfff
 .text._ZN10helicopter10controller13PIDController17calculateIntegralEffff
                0x0000120c      0x1a4 controller/PIDController.o
                0x0000120c                _ZN10helicopter10controller13PIDController17calculateIntegralEffff
 .text._ZN10helicopter10controller13PIDController22calculateVelocityErrorEff
                0x000013b0       0x5e controller/PIDController.o
                0x000013b0                _ZN10helicopter10controller13PIDController22calculateVelocityErrorEff
 .text._ZN10helicopter10controller13PIDController30calculateOuterLoopControlValueEfffffi
                0x0000140e      0x10e controller/PIDController.o
                0x0000140e                _ZN10helicopter10controller13PIDController30calculateOuterLoopControlValueEfffffi
 .text._ZN10helicopter10controller13PIDController27adjustControlForServoLimitsEfff
                0x0000151c       0xb8 controller/PIDController.o
                0x0000151c                _ZN10helicopter10controller13PIDController27adjustControlForServoLimitsEfff
 .text._Z30calculateInnerLoopControlValuefffff
                0x000015d4       0xc2 controller/PIDController.o
                0x000015d4                _Z30calculateInnerLoopControlValuefffff
 .text._ZN10helicopter10controller13PIDController23adjustForSetpointLimitsEfff
                0x00001696       0xb8 controller/PIDController.o
                0x00001696                _ZN10helicopter10controller13PIDController23adjustForSetpointLimitsEfff
 .text._ZN10helicopter10controller13PIDController13addBlownFrameEv
                0x0000174e       0x46 controller/PIDController.o
                0x0000174e                _ZN10helicopter10controller13PIDController13addBlownFrameEv
 .text._ZN10helicopter10controller13PIDController27convertYawErrorFrom360to180Ef
                0x00001794       0xa8 controller/PIDController.o
                0x00001794                _ZN10helicopter10controller13PIDController27convertYawErrorFrom360to180Ef
 .text._ZN10helicopter10controller13PIDController34tailRotorCollectiveOuterLoopUpdateEv
                0x0000183c      0x306 controller/PIDController.o
                0x0000183c                _ZN10helicopter10controller13PIDController34tailRotorCollectiveOuterLoopUpdateEv
 .text._ZN10helicopter10controller13PIDController34mainRotorCollectiveOuterLoopUpdateEv
                0x00001b42      0x2f4 controller/PIDController.o
                0x00001b42                _ZN10helicopter10controller13PIDController34mainRotorCollectiveOuterLoopUpdateEv
 .text._ZN10helicopter10controller13PIDController30cyclicLongitudeOuterLoopUpdateEv
                0x00001e36      0x2c8 controller/PIDController.o
                0x00001e36                _ZN10helicopter10controller13PIDController30cyclicLongitudeOuterLoopUpdateEv
 .text._ZN10helicopter10controller13PIDController28cyclicLateralOuterLoopUpdateEv
                0x000020fe      0x2cc controller/PIDController.o
                0x000020fe                _ZN10helicopter10controller13PIDController28cyclicLateralOuterLoopUpdateEv
 .text._ZN10helicopter10controller13PIDController30cyclicLongitudeInnerLoopUpdateEv
                0x000023ca      0x1a0 controller/PIDController.o
                0x000023ca                _ZN10helicopter10controller13PIDController30cyclicLongitudeInnerLoopUpdateEv
 .text._ZN10helicopter10controller13PIDController28cyclicLateralInnerLoopUpdateEv
                0x0000256a      0x1a2 controller/PIDController.o
                0x0000256a                _ZN10helicopter10controller13PIDController28cyclicLateralInnerLoopUpdateEv
 .text._ZN10helicopter7drivers12SerialDriverD2Ev
                0x0000270c       0x3c drivers/SerialDriver.o
                0x0000270c                _ZN10helicopter7drivers12SerialDriverD1Ev
                0x0000270c                _ZN10helicopter7drivers12SerialDriverD2Ev
 .text._ZN10helicopter7drivers12SerialDriverD0Ev
                0x00002748       0x2a drivers/SerialDriver.o
                0x00002748                _ZN10helicopter7drivers12SerialDriverD0Ev
 .text._ZN10helicopter7drivers12SerialDriver10initializeEv
                0x00002772      0x16c drivers/SerialDriver.o
                0x00002772                _ZN10helicopter7drivers12SerialDriver10initializeEv
 .text._ZN10helicopter7drivers12SerialDriver12transmitByteEhPNS_4util5TimerE
                0x000028de       0x8a drivers/SerialDriver.o
                0x000028de                _ZN10helicopter7drivers12SerialDriver12transmitByteEhPNS_4util5TimerE
 .text._ZN10helicopter7drivers12SerialDriver11receiveByteERhPNS_4util5TimerE
                0x00002968       0xae drivers/SerialDriver.o
                0x00002968                _ZN10helicopter7drivers12SerialDriver11receiveByteERhPNS_4util5TimerE
 .text._ZN10helicopter5tasks4TaskD2Ev
                0x00002a16       0x3c HelicopterMain.o
                0x00002a16                _ZN10helicopter5tasks4TaskD2Ev
                0x00002a16                _ZN10helicopter5tasks4TaskD1Ev
 .text._ZN10helicopter5tasks4TaskD0Ev
                0x00002a52       0x2a HelicopterMain.o
                0x00002a52                _ZN10helicopter5tasks4TaskD0Ev
 .text._ZN10helicopter5tasks12FlashLEDTaskC2Eiii
                0x00002a7c       0x6c HelicopterMain.o
                0x00002a7c                _ZN10helicopter5tasks12FlashLEDTaskC2Eiii
                0x00002a7c                _ZN10helicopter5tasks12FlashLEDTaskC1Eiii
 .text._ZN10helicopter5tasks12FlashLEDTask4initEv
                0x00002ae8       0x48 HelicopterMain.o
                0x00002ae8                _ZN10helicopter5tasks12FlashLEDTask4initEv
 .text._ZN10helicopter5tasks12FlashLEDTask11runTaskImplEv
                0x00002b30       0x98 HelicopterMain.o
                0x00002b30                _ZN10helicopter5tasks12FlashLEDTask11runTaskImplEv
 .text._ZN10helicopter9scheduler9Scheduler13hasBlownFrameEv
                0x00002bc8       0x22 HelicopterMain.o
                0x00002bc8                _ZN10helicopter9scheduler9Scheduler13hasBlownFrameEv
 .text._ZN10helicopter4util5TimerC2Em9PRESCALERm
                0x00002bea       0x80 HelicopterMain.o
                0x00002bea                _ZN10helicopter4util5TimerC2Em9PRESCALERm
                0x00002bea                _ZN10helicopter4util5TimerC1Em9PRESCALERm
 .text._ZN10helicopter7drivers12SerialDriverC2EmNS1_8UartPortEb
                0x00002c6a       0x72 HelicopterMain.o
                0x00002c6a                _ZN10helicopter7drivers12SerialDriverC2EmNS1_8UartPortEb
                0x00002c6a                _ZN10helicopter7drivers12SerialDriverC1EmNS1_8UartPortEb
 .text._ZN10helicopter10interfaces29GroundControlStationInterfaceC2EPNS_7drivers12SerialDriverEPNS_4util5TimerEb
                0x00002cdc       0x5a HelicopterMain.o
                0x00002cdc                _ZN10helicopter10interfaces29GroundControlStationInterfaceC1EPNS_7drivers12SerialDriverEPNS_4util5TimerEb
                0x00002cdc                _ZN10helicopter10interfaces29GroundControlStationInterfaceC2EPNS_7drivers12SerialDriverEPNS_4util5TimerEb
 .text._ZN10helicopter5model11SystemModelC2Ev
                0x00002d36      0x440 HelicopterMain.o
                0x00002d36                _ZN10helicopter5model11SystemModelC1Ev
                0x00002d36                _ZN10helicopter5model11SystemModelC2Ev
 .text._ZN10helicopter5model11SystemModel22ReferenceMagYawDegreesEf
                0x00003176       0x40 HelicopterMain.o
                0x00003176                _ZN10helicopter5model11SystemModel22ReferenceMagYawDegreesEf
 .text._ZN10helicopter5model11SystemModel36ReferenceYawVelocityDegreesPerSecondEf
                0x000031b6       0x40 HelicopterMain.o
                0x000031b6                _ZN10helicopter5model11SystemModel36ReferenceYawVelocityDegreesPerSecondEf
 .text._ZN10helicopter5model11SystemModel22ReferenceXNEDBodyFrameEf
                0x000031f6       0x40 HelicopterMain.o
                0x000031f6                _ZN10helicopter5model11SystemModel22ReferenceXNEDBodyFrameEf
 .text._ZN10helicopter5model11SystemModel33ReferenceXVelocityMetersPerSecondEf
                0x00003236       0x40 HelicopterMain.o
                0x00003236                _ZN10helicopter5model11SystemModel33ReferenceXVelocityMetersPerSecondEf
 .text._ZN10helicopter5model11SystemModel22ReferenceYNEDBodyFrameEf
                0x00003276       0x46 HelicopterMain.o
                0x00003276                _ZN10helicopter5model11SystemModel22ReferenceYNEDBodyFrameEf
 .text._ZN10helicopter5model11SystemModel33ReferenceYVelocityMetersPerSecondEf
                0x000032bc       0x46 HelicopterMain.o
                0x000032bc                _ZN10helicopter5model11SystemModel33ReferenceYVelocityMetersPerSecondEf
 .text._ZNK10helicopter5model11SystemModel15AltitudeFeetAglEv
                0x00003302       0x30 HelicopterMain.o
                0x00003302                _ZNK10helicopter5model11SystemModel15AltitudeFeetAglEv
 .text._ZN10helicopter5model11SystemModel26ReferenceZNEDBodyFrameFeetEf
                0x00003332       0x46 HelicopterMain.o
                0x00003332                _ZN10helicopter5model11SystemModel26ReferenceZNEDBodyFrameFeetEf
 .text._ZN10helicopter5model11SystemModel31ReferenceZVelocityFeetPerSecondEf
                0x00003378       0x46 HelicopterMain.o
                0x00003378                _ZN10helicopter5model11SystemModel31ReferenceZVelocityFeetPerSecondEf
 .text._ZNK10helicopter5model11SystemModel15LatitudeDegreesEv
                0x000033be       0x30 HelicopterMain.o
                0x000033be                _ZNK10helicopter5model11SystemModel15LatitudeDegreesEv
 .text._ZNK10helicopter5model11SystemModel16LongitudeDegreesEv
                0x000033ee       0x30 HelicopterMain.o
                0x000033ee                _ZNK10helicopter5model11SystemModel16LongitudeDegreesEv
 .text._ZN10helicopter5model11SystemModel20InitialXPositionEcefEl
                0x0000341e       0x4c HelicopterMain.o
                0x0000341e                _ZN10helicopter5model11SystemModel20InitialXPositionEcefEl
 .text._ZN10helicopter5model11SystemModel20InitialYPositionEcefEl
                0x0000346a       0x4c HelicopterMain.o
                0x0000346a                _ZN10helicopter5model11SystemModel20InitialYPositionEcefEl
 .text._ZN10helicopter5model11SystemModel20InitialZPositionEcefEl
                0x000034b6       0x4c HelicopterMain.o
                0x000034b6                _ZN10helicopter5model11SystemModel20InitialZPositionEcefEl
 .text._ZN10helicopter10controller13PIDController16setXIntegralGainEf
                0x00003502       0x40 HelicopterMain.o
                0x00003502                _ZN10helicopter10controller13PIDController16setXIntegralGainEf
 .text._ZN10helicopter10controller13PIDController18setXDerivativeGainEf
                0x00003542       0x40 HelicopterMain.o
                0x00003542                _ZN10helicopter10controller13PIDController18setXDerivativeGainEf
 .text._ZN10helicopter10controller13PIDController20setXProportionalGainEf
                0x00003582       0x40 HelicopterMain.o
                0x00003582                _ZN10helicopter10controller13PIDController20setXProportionalGainEf
 .text._ZN10helicopter10controller13PIDController18setXAntiWindupGainEf
                0x000035c2       0x40 HelicopterMain.o
                0x000035c2                _ZN10helicopter10controller13PIDController18setXAntiWindupGainEf
 .text._ZN10helicopter10controller13PIDController25setLongitudeInnerLoopGainEf
                0x00003602       0x40 HelicopterMain.o
                0x00003602                _ZN10helicopter10controller13PIDController25setLongitudeInnerLoopGainEf
 .text._ZN10helicopter10controller13PIDController27setPitchAngularVelocityGainEf
                0x00003642       0x40 HelicopterMain.o
                0x00003642                _ZN10helicopter10controller13PIDController27setPitchAngularVelocityGainEf
 .text._ZN10helicopter10controller13PIDController32setMinLongitudeServoControlValueEf
                0x00003682       0x46 HelicopterMain.o
                0x00003682                _ZN10helicopter10controller13PIDController32setMinLongitudeServoControlValueEf
 .text._ZN10helicopter10controller13PIDController32setMaxLongitudeServoControlValueEf
                0x000036c8       0x46 HelicopterMain.o
                0x000036c8                _ZN10helicopter10controller13PIDController32setMaxLongitudeServoControlValueEf
 .text._ZN10helicopter10controller13PIDController16setYIntegralGainEf
                0x0000370e       0x40 HelicopterMain.o
                0x0000370e                _ZN10helicopter10controller13PIDController16setYIntegralGainEf
 .text._ZN10helicopter10controller13PIDController18setYDerivativeGainEf
                0x0000374e       0x40 HelicopterMain.o
                0x0000374e                _ZN10helicopter10controller13PIDController18setYDerivativeGainEf
 .text._ZN10helicopter10controller13PIDController20setYProportionalGainEf
                0x0000378e       0x40 HelicopterMain.o
                0x0000378e                _ZN10helicopter10controller13PIDController20setYProportionalGainEf
 .text._ZN10helicopter10controller13PIDController18setYAntiWindupGainEf
                0x000037ce       0x40 HelicopterMain.o
                0x000037ce                _ZN10helicopter10controller13PIDController18setYAntiWindupGainEf
 .text._ZN10helicopter10controller13PIDController23setLateralInnerLoopGainEf
                0x0000380e       0x40 HelicopterMain.o
                0x0000380e                _ZN10helicopter10controller13PIDController23setLateralInnerLoopGainEf
 .text._ZN10helicopter10controller13PIDController26setRollAngularVelocityGainEf
                0x0000384e       0x46 HelicopterMain.o
                0x0000384e                _ZN10helicopter10controller13PIDController26setRollAngularVelocityGainEf
 .text._ZN10helicopter10controller13PIDController30setMinLateralServoControlValueEf
                0x00003894       0x46 HelicopterMain.o
                0x00003894                _ZN10helicopter10controller13PIDController30setMinLateralServoControlValueEf
 .text._ZN10helicopter10controller13PIDController30setMaxLateralServoControlValueEf
                0x000038da       0x46 HelicopterMain.o
                0x000038da                _ZN10helicopter10controller13PIDController30setMaxLateralServoControlValueEf
 .text._ZN10helicopter10controller13PIDController32setMinMainRotorServoControlValueEf
                0x00003920       0x46 HelicopterMain.o
                0x00003920                _ZN10helicopter10controller13PIDController32setMinMainRotorServoControlValueEf
 .text._ZN10helicopter10controller13PIDController32setMaxMainRotorServoControlValueEf
                0x00003966       0x46 HelicopterMain.o
                0x00003966                _ZN10helicopter10controller13PIDController32setMaxMainRotorServoControlValueEf
 .text._ZN10helicopter10controller13PIDController25setMaxRollSetpointDegreesEf
                0x000039ac       0x46 HelicopterMain.o
                0x000039ac                _ZN10helicopter10controller13PIDController25setMaxRollSetpointDegreesEf
 .text._ZN10helicopter10controller13PIDController25setMinRollSetpointDegreesEf
                0x000039f2       0x46 HelicopterMain.o
                0x000039f2                _ZN10helicopter10controller13PIDController25setMinRollSetpointDegreesEf
 .text._ZN10helicopter10controller13PIDController26setMaxPitchSetpointDegreesEf
                0x00003a38       0x46 HelicopterMain.o
                0x00003a38                _ZN10helicopter10controller13PIDController26setMaxPitchSetpointDegreesEf
 .text._ZN10helicopter10controller13PIDController26setMinPitchSetpointDegreesEf
                0x00003a7e       0x46 HelicopterMain.o
                0x00003a7e                _ZN10helicopter10controller13PIDController26setMinPitchSetpointDegreesEf
 .text._ZN10helicopter10controller13PIDController22setYawProportionalGainEf
                0x00003ac4       0x40 HelicopterMain.o
                0x00003ac4                _ZN10helicopter10controller13PIDController22setYawProportionalGainEf
 .text._ZN10helicopter10controller13PIDController18setYawIntegralGainEf
                0x00003b04       0x40 HelicopterMain.o
                0x00003b04                _ZN10helicopter10controller13PIDController18setYawIntegralGainEf
 .text._ZN10helicopter10controller13PIDController20setYawDerivativeGainEf
                0x00003b44       0x40 HelicopterMain.o
                0x00003b44                _ZN10helicopter10controller13PIDController20setYawDerivativeGainEf
 .text._ZN10helicopter10controller13PIDController21setIntervalPeriodSecsEf
                0x00003b84       0x46 HelicopterMain.o
                0x00003b84                _ZN10helicopter10controller13PIDController21setIntervalPeriodSecsEf
 .text._ZN10helicopter10controller13PIDController20setYawAntiWindupGainEf
                0x00003bca       0x40 HelicopterMain.o
                0x00003bca                _ZN10helicopter10controller13PIDController20setYawAntiWindupGainEf
 .text._ZN10helicopter10controller13PIDController21setMinYawServoControlEf
                0x00003c0a       0x46 HelicopterMain.o
                0x00003c0a                _ZN10helicopter10controller13PIDController21setMinYawServoControlEf
 .text._ZN10helicopter10controller13PIDController21setMaxYawServoControlEf
                0x00003c50       0x46 HelicopterMain.o
                0x00003c50                _ZN10helicopter10controller13PIDController21setMaxYawServoControlEf
 .text._ZN10helicopter10controller13PIDController18setControlMaxValueEf
                0x00003c96       0x46 HelicopterMain.o
                0x00003c96                _ZN10helicopter10controller13PIDController18setControlMaxValueEf
 .text._ZN10helicopter10controller13PIDController18setControlMinValueEf
                0x00003cdc       0x46 HelicopterMain.o
                0x00003cdc                _ZN10helicopter10controller13PIDController18setControlMinValueEf
 .text._ZN10helicopter10interfaces24RadioControllerInterface14SetSystemModelEPNS_5model11SystemModelE
                0x00003d22       0x30 HelicopterMain.o
                0x00003d22                _ZN10helicopter10interfaces24RadioControllerInterface14SetSystemModelEPNS_5model11SystemModelE
 .text._Z33setupDefaultsandReferencePositionPN10helicopter5model11SystemModelEPNS_10controller13PIDControllerE
                0x00003d52      0x27a HelicopterMain.o
                0x00003d52                _Z33setupDefaultsandReferencePositionPN10helicopter5model11SystemModelEPNS_10controller13PIDControllerE
 .text.main     0x00003fcc      0x4ea HelicopterMain.o
                0x00003fcc                main
 .text._ZN10helicopter5tasks12FlashLEDTaskD2Ev
                0x000044b6       0x44 HelicopterMain.o
                0x000044b6                _ZN10helicopter5tasks12FlashLEDTaskD1Ev
                0x000044b6                _ZN10helicopter5tasks12FlashLEDTaskD2Ev
 .text._ZN10helicopter5tasks12FlashLEDTaskD0Ev
                0x000044fa       0x2a HelicopterMain.o
                0x000044fa                _ZN10helicopter5tasks12FlashLEDTaskD0Ev
 .text._ZN10helicopter10interfaces29GroundControlStationInterface17calculateChecksumEPhiRhS3_
                0x00004524       0xaa interfaces/GroundControlStationInterface.o
                0x00004524                _ZN10helicopter10interfaces29GroundControlStationInterface17calculateChecksumEPhiRhS3_
 .text._ZN10helicopter10interfaces29GroundControlStationInterface8transmitEPNS_8messages7MessageE
                0x000045ce      0x1fc interfaces/GroundControlStationInterface.o
                0x000045ce                _ZN10helicopter10interfaces29GroundControlStationInterface8transmitEPNS_8messages7MessageE
 .text._ZN10helicopter10interfaces29GroundControlStationInterface7receiveERPNS_8messages7MessageE
                0x000047ca      0x320 interfaces/GroundControlStationInterface.o
                0x000047ca                _ZN10helicopter10interfaces29GroundControlStationInterface7receiveERPNS_8messages7MessageE
 .text._ZN10helicopter5model11SystemModel16OperationalStateENS1_14OperatingStateE
                0x00004aea       0x26 interfaces/RadioControllerInterface.o
                0x00004aea                _ZN10helicopter5model11SystemModel16OperationalStateENS1_14OperatingStateE
 .text._ZN10helicopter10interfaces24RadioControllerInterfaceC2Ev
                0x00004b10       0x4e interfaces/RadioControllerInterface.o
                0x00004b10                _ZN10helicopter10interfaces24RadioControllerInterfaceC2Ev
                0x00004b10                _ZN10helicopter10interfaces24RadioControllerInterfaceC1Ev
 .text._ZNK10helicopter10interfaces24RadioControllerInterface33PreviousInputCaptureRegisterValueEv
                0x00004b5e       0x2c interfaces/RadioControllerInterface.o
                0x00004b5e                _ZNK10helicopter10interfaces24RadioControllerInterface33PreviousInputCaptureRegisterValueEv
 .text._ZN10helicopter10interfaces24RadioControllerInterface33PreviousInputCaptureRegisterValueEl
                0x00004b8a       0x40 interfaces/RadioControllerInterface.o
                0x00004b8a                _ZN10helicopter10interfaces24RadioControllerInterface33PreviousInputCaptureRegisterValueEl
 .text._ZNK10helicopter10interfaces24RadioControllerInterface17ServoChannelIndexEv
                0x00004bca       0x24 interfaces/RadioControllerInterface.o
                0x00004bca                _ZNK10helicopter10interfaces24RadioControllerInterface17ServoChannelIndexEv
 .text._ZN10helicopter10interfaces24RadioControllerInterface17ServoChannelIndexEi
                0x00004bee       0x30 interfaces/RadioControllerInterface.o
                0x00004bee                _ZN10helicopter10interfaces24RadioControllerInterface17ServoChannelIndexEi
 .text._ZNK10helicopter10interfaces24RadioControllerInterface14GetSystemModelEv
                0x00004c1e       0x24 interfaces/RadioControllerInterface.o
                0x00004c1e                _ZNK10helicopter10interfaces24RadioControllerInterface14GetSystemModelEv
 .text._ZN10helicopter10interfaces24RadioControllerInterface20SetServoChannelValueEif
                0x00004c42       0x68 interfaces/RadioControllerInterface.o
                0x00004c42                _ZN10helicopter10interfaces24RadioControllerInterface20SetServoChannelValueEif
 .text._ZNK10helicopter10interfaces24RadioControllerInterface20GetServoChannelValueEi
                0x00004caa       0x58 interfaces/RadioControllerInterface.o
                0x00004caa                _ZNK10helicopter10interfaces24RadioControllerInterface20GetServoChannelValueEi
 .text._Z10ScaleValuei
                0x00004d02       0xdc interfaces/RadioControllerInterface.o
                0x00004d02                _Z10ScaleValuei
 .text.__vector_46
                0x00004dde      0x2ee interfaces/RadioControllerInterface.o
                0x00004dde                __vector_46
 .text._ZN10helicopter10interfaces24RadioControllerInterface27getRadioControllerInterfaceEv
                0x000050cc       0x42 interfaces/RadioControllerInterface.o
                0x000050cc                _ZN10helicopter10interfaces24RadioControllerInterface27getRadioControllerInterfaceEv
 .text._ZN10helicopter10interfaces24RadioControllerInterface4initEv
                0x0000510e       0x74 interfaces/RadioControllerInterface.o
                0x0000510e                _ZN10helicopter10interfaces24RadioControllerInterface4initEv
 .text._ZN10helicopter10interfaces24RadioControllerInterface5startEv
                0x00005182       0x2c interfaces/RadioControllerInterface.o
                0x00005182                _ZN10helicopter10interfaces24RadioControllerInterface5startEv
 .text._ZN10helicopter8messages7MessageD2Ev
                0x000051ae       0x3c messages/Message.o
                0x000051ae                _ZN10helicopter8messages7MessageD1Ev
                0x000051ae                _ZN10helicopter8messages7MessageD2Ev
 .text._ZN10helicopter8messages7MessageD0Ev
                0x000051ea       0x2a messages/Message.o
                0x000051ea                _ZN10helicopter8messages7MessageD0Ev
 .text._ZN10helicopter8messages7Message14getMessageSizeEv
                0x00005214       0x24 messages/Message.o
                0x00005214                _ZN10helicopter8messages7Message14getMessageSizeEv
 .text._ZN10helicopter8messages7Message8getBytesEv
                0x00005238       0x1e messages/Message.o
                0x00005238                _ZN10helicopter8messages7Message8getBytesEv
 .text._ZN10helicopter8messages7Message12buildMessageEPh
                0x00005256       0x22 messages/Message.o
                0x00005256                _ZN10helicopter8messages7Message12buildMessageEPh
 .text._ZN10helicopter8messages7MessageC2Ehi
                0x00005278       0x4e messages/SyncMessage.o
                0x00005278                _ZN10helicopter8messages7MessageC1Ehi
                0x00005278                _ZN10helicopter8messages7MessageC2Ehi
 .text._ZN10helicopter8messages11SyncMessageC2Ev
                0x000052c6       0x36 messages/SyncMessage.o
                0x000052c6                _ZN10helicopter8messages11SyncMessageC1Ev
                0x000052c6                _ZN10helicopter8messages11SyncMessageC2Ev
 .text._ZN10helicopter8messages11SyncMessageD2Ev
                0x000052fc       0x44 messages/SyncMessage.o
                0x000052fc                _ZN10helicopter8messages11SyncMessageD2Ev
                0x000052fc                _ZN10helicopter8messages11SyncMessageD1Ev
 .text._ZN10helicopter8messages11SyncMessageD0Ev
                0x00005340       0x2a messages/SyncMessage.o
                0x00005340                _ZN10helicopter8messages11SyncMessageD0Ev
 .text._ZN10helicopter8messages11SyncMessage8getBytesEv
                0x0000536a       0x4a messages/SyncMessage.o
                0x0000536a                _ZN10helicopter8messages11SyncMessage8getBytesEv
 .text._ZN10helicopter8messages11SyncMessage12buildMessageEPh
                0x000053b4       0x3a messages/SyncMessage.o
                0x000053b4                _ZN10helicopter8messages11SyncMessage12buildMessageEPh
 .text._ZN10helicopter8messages7Message6encodeERPhRl
                0x000053ee       0x5c messages/SystemTelemetryMessage.o
                0x000053ee                _ZN10helicopter8messages7Message6encodeERPhRl
 .text._ZN10helicopter8messages7Message6encodeERPhRf
                0x0000544a       0x5c messages/SystemTelemetryMessage.o
                0x0000544a                _ZN10helicopter8messages7Message6encodeERPhRf
 .text._ZN10helicopter8messages7Message6encodeERPhRh
                0x000054a6       0x5a messages/SystemTelemetryMessage.o
                0x000054a6                _ZN10helicopter8messages7Message6encodeERPhRh
 .text._ZN10helicopter8messages7Message6decodeERPhRh
                0x00005500       0x5a messages/SystemTelemetryMessage.o
                0x00005500                _ZN10helicopter8messages7Message6decodeERPhRh
 .text._ZN10helicopter8messages7Message6decodeERPhRl
                0x0000555a       0x5c messages/SystemTelemetryMessage.o
                0x0000555a                _ZN10helicopter8messages7Message6decodeERPhRl
 .text._ZN10helicopter8messages7Message6decodeERPhRf
                0x000055b6       0x5c messages/SystemTelemetryMessage.o
                0x000055b6                _ZN10helicopter8messages7Message6decodeERPhRf
 .text._ZN10helicopter5model11SystemModel13MagYawDegreesEf
                0x00005612       0x40 messages/SystemTelemetryMessage.o
                0x00005612                _ZN10helicopter5model11SystemModel13MagYawDegreesEf
 .text._ZN10helicopter5model11SystemModel27YawVelocityDegreesPerSecondEf
                0x00005652       0x40 messages/SystemTelemetryMessage.o
                0x00005652                _ZN10helicopter5model11SystemModel27YawVelocityDegreesPerSecondEf
 .text._ZNK10helicopter5model11SystemModel15YawProportionalEv
                0x00005692       0x2c messages/SystemTelemetryMessage.o
                0x00005692                _ZNK10helicopter5model11SystemModel15YawProportionalEv
 .text._ZNK10helicopter5model11SystemModel18YawDerivativeErrorEv
                0x000056be       0x2c messages/SystemTelemetryMessage.o
                0x000056be                _ZNK10helicopter5model11SystemModel18YawDerivativeErrorEv
 .text._ZN10helicopter5model11SystemModel24XVelocityMetersPerSecondEf
                0x000056ea       0x40 messages/SystemTelemetryMessage.o
                0x000056ea                _ZN10helicopter5model11SystemModel24XVelocityMetersPerSecondEf
 .text._ZNK10helicopter5model11SystemModel13XProportionalEv
                0x0000572a       0x30 messages/SystemTelemetryMessage.o
                0x0000572a                _ZNK10helicopter5model11SystemModel13XProportionalEv
 .text._ZNK10helicopter5model11SystemModel16XDerivativeErrorEv
                0x0000575a       0x30 messages/SystemTelemetryMessage.o
                0x0000575a                _ZNK10helicopter5model11SystemModel16XDerivativeErrorEv
 .text._ZN10helicopter5model11SystemModel17ThetaPitchDegreesEf
                0x0000578a       0x46 messages/SystemTelemetryMessage.o
                0x0000578a                _ZN10helicopter5model11SystemModel17ThetaPitchDegreesEf
 .text._ZN10helicopter5model11SystemModel33PitchAngularVelocityRadsPerSecondEf
                0x000057d0       0x46 messages/SystemTelemetryMessage.o
                0x000057d0                _ZN10helicopter5model11SystemModel33PitchAngularVelocityRadsPerSecondEf
 .text._ZN10helicopter5model11SystemModel24YVelocityMetersPerSecondEf
                0x00005816       0x46 messages/SystemTelemetryMessage.o
                0x00005816                _ZN10helicopter5model11SystemModel24YVelocityMetersPerSecondEf
 .text._ZNK10helicopter5model11SystemModel13YProportionalEv
                0x0000585c       0x30 messages/SystemTelemetryMessage.o
                0x0000585c                _ZNK10helicopter5model11SystemModel13YProportionalEv
 .text._ZNK10helicopter5model11SystemModel16YDerivativeErrorEv
                0x0000588c       0x30 messages/SystemTelemetryMessage.o
                0x0000588c                _ZNK10helicopter5model11SystemModel16YDerivativeErrorEv
 .text._ZN10helicopter5model11SystemModel14PhiRollDegreesEf
                0x000058bc       0x46 messages/SystemTelemetryMessage.o
                0x000058bc                _ZN10helicopter5model11SystemModel14PhiRollDegreesEf
 .text._ZN10helicopter5model11SystemModel32RollAngularVelocityRadsPerSecondEf
                0x00005902       0x46 messages/SystemTelemetryMessage.o
                0x00005902                _ZN10helicopter5model11SystemModel32RollAngularVelocityRadsPerSecondEf
 .text._ZN10helicopter5model11SystemModel15AltitudeFeetAglEf
                0x00005948       0x46 messages/SystemTelemetryMessage.o
                0x00005948                _ZN10helicopter5model11SystemModel15AltitudeFeetAglEf
 .text._ZN10helicopter5model11SystemModel22ZVelocityFeetPerSecondEf
                0x0000598e       0x46 messages/SystemTelemetryMessage.o
                0x0000598e                _ZN10helicopter5model11SystemModel22ZVelocityFeetPerSecondEf
 .text._ZNK10helicopter5model11SystemModel13ZProportionalEv
                0x000059d4       0x30 messages/SystemTelemetryMessage.o
                0x000059d4                _ZNK10helicopter5model11SystemModel13ZProportionalEv
 .text._ZNK10helicopter5model11SystemModel16ZDerivativeErrorEv
                0x00005a04       0x30 messages/SystemTelemetryMessage.o
                0x00005a04                _ZNK10helicopter5model11SystemModel16ZDerivativeErrorEv
 .text._ZN10helicopter5model11SystemModel15LatitudeDegreesEf
                0x00005a34       0x46 messages/SystemTelemetryMessage.o
                0x00005a34                _ZN10helicopter5model11SystemModel15LatitudeDegreesEf
 .text._ZN10helicopter5model11SystemModel16LongitudeDegreesEf
                0x00005a7a       0x46 messages/SystemTelemetryMessage.o
                0x00005a7a                _ZN10helicopter5model11SystemModel16LongitudeDegreesEf
 .text._ZNK10helicopter5model11SystemModel8TimeoutsEv
                0x00005ac0       0x30 messages/SystemTelemetryMessage.o
                0x00005ac0                _ZNK10helicopter5model11SystemModel8TimeoutsEv
 .text._ZN10helicopter5model11SystemModel8TimeoutsEl
                0x00005af0       0x46 messages/SystemTelemetryMessage.o
                0x00005af0                _ZN10helicopter5model11SystemModel8TimeoutsEl
 .text._ZNK10helicopter5model11SystemModel20UnrecognizedMsgTypesEv
                0x00005b36       0x30 messages/SystemTelemetryMessage.o
                0x00005b36                _ZNK10helicopter5model11SystemModel20UnrecognizedMsgTypesEv
 .text._ZN10helicopter5model11SystemModel20UnrecognizedMsgTypesEl
                0x00005b66       0x46 messages/SystemTelemetryMessage.o
                0x00005b66                _ZN10helicopter5model11SystemModel20UnrecognizedMsgTypesEl
 .text._ZNK10helicopter5model11SystemModel14ChecksumErrorsEv
                0x00005bac       0x30 messages/SystemTelemetryMessage.o
                0x00005bac                _ZNK10helicopter5model11SystemModel14ChecksumErrorsEv
 .text._ZN10helicopter5model11SystemModel14ChecksumErrorsEl
                0x00005bdc       0x46 messages/SystemTelemetryMessage.o
                0x00005bdc                _ZN10helicopter5model11SystemModel14ChecksumErrorsEl
 .text._ZNK10helicopter5model11SystemModel33SerialCommunicationBufferOverrunsEv
                0x00005c22       0x30 messages/SystemTelemetryMessage.o
                0x00005c22                _ZNK10helicopter5model11SystemModel33SerialCommunicationBufferOverrunsEv
 .text._ZN10helicopter8messages22SystemTelemetryMessageC2Ev
                0x00005c52      0x410 messages/SystemTelemetryMessage.o
                0x00005c52                _ZN10helicopter8messages22SystemTelemetryMessageC2Ev
                0x00005c52                _ZN10helicopter8messages22SystemTelemetryMessageC1Ev
 .text._ZN10helicopter8messages22SystemTelemetryMessageD2Ev
                0x00006062       0x44 messages/SystemTelemetryMessage.o
                0x00006062                _ZN10helicopter8messages22SystemTelemetryMessageD2Ev
                0x00006062                _ZN10helicopter8messages22SystemTelemetryMessageD1Ev
 .text._ZN10helicopter8messages22SystemTelemetryMessageD0Ev
                0x000060a6       0x2a messages/SystemTelemetryMessage.o
                0x000060a6                _ZN10helicopter8messages22SystemTelemetryMessageD0Ev
 .text._ZN10helicopter8messages22SystemTelemetryMessage8getBytesEv
                0x000060d0      0x638 messages/SystemTelemetryMessage.o
                0x000060d0                _ZN10helicopter8messages22SystemTelemetryMessage8getBytesEv
 .text._ZN10helicopter8messages22SystemTelemetryMessage12buildMessageEPh
                0x00006708      0x62a messages/SystemTelemetryMessage.o
                0x00006708                _ZN10helicopter8messages22SystemTelemetryMessage12buildMessageEPh
 .text._ZN10helicopter8messages22SystemTelemetryMessage14buildMessageStEPh
                0x00006d32       0x5e messages/SystemTelemetryMessage.o
                0x00006d32                _ZN10helicopter8messages22SystemTelemetryMessage14buildMessageStEPh
 .text._ZN10helicopter8messages22SystemTelemetryMessage21buildMessageFromModelEPNS_5model11SystemModelE
                0x00006d90      0x462 messages/SystemTelemetryMessage.o
                0x00006d90                _ZN10helicopter8messages22SystemTelemetryMessage21buildMessageFromModelEPNS_5model11SystemModelE
 .text._ZN10helicopter8messages22SystemTelemetryMessage35updateModelFromMessageFromSimulatorEPNS_5model11SystemModelE
                0x000071f2      0x1a6 messages/SystemTelemetryMessage.o
                0x000071f2                _ZN10helicopter8messages22SystemTelemetryMessage35updateModelFromMessageFromSimulatorEPNS_5model11SystemModelE
 .text._ZN10helicopter5tasks4Task8getDelayEv
                0x00007398       0x24 scheduler/Scheduler.o
                0x00007398                _ZN10helicopter5tasks4Task8getDelayEv
 .text._ZN10helicopter5tasks4Task9getPeriodEv
                0x000073bc       0x24 scheduler/Scheduler.o
                0x000073bc                _ZN10helicopter5tasks4Task9getPeriodEv
 .text._ZN10helicopter5tasks4Task8setDelayEi
                0x000073e0       0x30 scheduler/Scheduler.o
                0x000073e0                _ZN10helicopter5tasks4Task8setDelayEi
 .text._ZN10helicopter5tasks4Task15getIsReadyToRunEv
                0x00007410       0x22 scheduler/Scheduler.o
                0x00007410                _ZN10helicopter5tasks4Task15getIsReadyToRunEv
 .text._ZN10helicopter5tasks4Task15setIsReadyToRunEb
                0x00007432       0x26 scheduler/Scheduler.o
                0x00007432                _ZN10helicopter5tasks4Task15setIsReadyToRunEb
 .text._ZN10helicopter5tasks4Task11reduceDelayEv
                0x00007458       0x34 scheduler/Scheduler.o
                0x00007458                _ZN10helicopter5tasks4Task11reduceDelayEv
 .text._ZN10helicopter9scheduler9Scheduler13getNumOfTasksEv
                0x0000748c       0x24 scheduler/Scheduler.o
                0x0000748c                _ZN10helicopter9scheduler9Scheduler13getNumOfTasksEv
 .text._ZN10helicopter9scheduler9Scheduler8getTasksEv
                0x000074b0       0x1e scheduler/Scheduler.o
                0x000074b0                _ZN10helicopter9scheduler9Scheduler8getTasksEv
 .text._ZN10helicopter9scheduler9Scheduler13hasBlownFrameEb
                0x000074ce       0x26 scheduler/Scheduler.o
                0x000074ce                _ZN10helicopter9scheduler9Scheduler13hasBlownFrameEb
 .text._ZN10helicopter9scheduler9Scheduler20hasCompletedDispatchEv
                0x000074f4       0x22 scheduler/Scheduler.o
                0x000074f4                _ZN10helicopter9scheduler9Scheduler20hasCompletedDispatchEv
 .text._ZN10helicopter9scheduler9Scheduler12getSchedulerEv
                0x00007516       0x5a scheduler/Scheduler.o
                0x00007516                _ZN10helicopter9scheduler9Scheduler12getSchedulerEv
 .text._ZN10helicopter9scheduler9SchedulerC2Em9PRESCALERi
                0x00007570       0xc6 scheduler/Scheduler.o
                0x00007570                _ZN10helicopter9scheduler9SchedulerC2Em9PRESCALERi
                0x00007570                _ZN10helicopter9scheduler9SchedulerC1Em9PRESCALERi
 .text._ZN10helicopter9scheduler9Scheduler7addTaskEPNS_5tasks4TaskE
                0x00007636       0x76 scheduler/Scheduler.o
                0x00007636                _ZN10helicopter9scheduler9Scheduler7addTaskEPNS_5tasks4TaskE
 .text._ZN10helicopter9scheduler9Scheduler4initEv
                0x000076ac       0xc2 scheduler/Scheduler.o
                0x000076ac                _ZN10helicopter9scheduler9Scheduler4initEv
 .text._ZN10helicopter9scheduler9Scheduler8dispatchEv
                0x0000776e       0xee scheduler/Scheduler.o
                0x0000776e                _ZN10helicopter9scheduler9Scheduler8dispatchEv
 .text._ZN10helicopter9scheduler9Scheduler5startEv
                0x0000785c       0xc6 scheduler/Scheduler.o
                0x0000785c                _ZN10helicopter9scheduler9Scheduler5startEv
 .text.__vector_17
                0x00007922      0x122 scheduler/Scheduler.o
                0x00007922                __vector_17
 .text._ZN10helicopter5tasks4Task4initEv
                0x00007a44       0x1a tasks/PIDInnerLoopTask.o
                0x00007a44                _ZN10helicopter5tasks4Task4initEv
 .text._ZN10helicopter5tasks16PIDInnerLoopTaskC2EPNS_10controller13PIDControllerEii
                0x00007a5e       0x64 tasks/PIDInnerLoopTask.o
                0x00007a5e                _ZN10helicopter5tasks16PIDInnerLoopTaskC2EPNS_10controller13PIDControllerEii
                0x00007a5e                _ZN10helicopter5tasks16PIDInnerLoopTaskC1EPNS_10controller13PIDControllerEii
 .text._ZN10helicopter5tasks16PIDInnerLoopTask11runTaskImplEv
                0x00007ac2       0x36 tasks/PIDInnerLoopTask.o
                0x00007ac2                _ZN10helicopter5tasks16PIDInnerLoopTask11runTaskImplEv
 .text._ZN10helicopter5tasks16PIDInnerLoopTaskD2Ev
                0x00007af8       0x44 tasks/PIDInnerLoopTask.o
                0x00007af8                _ZN10helicopter5tasks16PIDInnerLoopTaskD1Ev
                0x00007af8                _ZN10helicopter5tasks16PIDInnerLoopTaskD2Ev
 .text._ZN10helicopter5tasks16PIDInnerLoopTaskD0Ev
                0x00007b3c       0x2a tasks/PIDInnerLoopTask.o
                0x00007b3c                _ZN10helicopter5tasks16PIDInnerLoopTaskD0Ev
 .text._ZN10helicopter5tasks16PIDOuterLoopTaskC2EPNS_10controller13PIDControllerEii
                0x00007b66       0x64 tasks/PIDOuterLoopTask.o
                0x00007b66                _ZN10helicopter5tasks16PIDOuterLoopTaskC1EPNS_10controller13PIDControllerEii
                0x00007b66                _ZN10helicopter5tasks16PIDOuterLoopTaskC2EPNS_10controller13PIDControllerEii
 .text._ZN10helicopter5tasks16PIDOuterLoopTask11runTaskImplEv
                0x00007bca       0x52 tasks/PIDOuterLoopTask.o
                0x00007bca                _ZN10helicopter5tasks16PIDOuterLoopTask11runTaskImplEv
 .text._ZN10helicopter5tasks16PIDOuterLoopTaskD2Ev
                0x00007c1c       0x44 tasks/PIDOuterLoopTask.o
                0x00007c1c                _ZN10helicopter5tasks16PIDOuterLoopTaskD1Ev
                0x00007c1c                _ZN10helicopter5tasks16PIDOuterLoopTaskD2Ev
 .text._ZN10helicopter5tasks16PIDOuterLoopTaskD0Ev
                0x00007c60       0x2a tasks/PIDOuterLoopTask.o
                0x00007c60                _ZN10helicopter5tasks16PIDOuterLoopTaskD0Ev
 .text._ZN10helicopter5model11SystemModel13XNEDBodyFrameEf
                0x00007c8a       0x40 tasks/SensorProcessingTask.o
                0x00007c8a                _ZN10helicopter5model11SystemModel13XNEDBodyFrameEf
 .text._ZN10helicopter5model11SystemModel13YNEDBodyFrameEf
                0x00007cca       0x46 tasks/SensorProcessingTask.o
                0x00007cca                _ZN10helicopter5model11SystemModel13YNEDBodyFrameEf
 .text._ZN10helicopter5model11SystemModel13ZNEDBodyFrameEf
                0x00007d10       0x46 tasks/SensorProcessingTask.o
                0x00007d10                _ZN10helicopter5model11SystemModel13ZNEDBodyFrameEf
 .text._ZNK10helicopter5model11SystemModel20InitialXPositionEcefEv
                0x00007d56       0x3c tasks/SensorProcessingTask.o
                0x00007d56                _ZNK10helicopter5model11SystemModel20InitialXPositionEcefEv
 .text._ZNK10helicopter5model11SystemModel20InitialYPositionEcefEv
                0x00007d92       0x3c tasks/SensorProcessingTask.o
                0x00007d92                _ZNK10helicopter5model11SystemModel20InitialYPositionEcefEv
 .text._ZNK10helicopter5model11SystemModel20InitialZPositionEcefEv
                0x00007dce       0x3c tasks/SensorProcessingTask.o
                0x00007dce                _ZNK10helicopter5model11SystemModel20InitialZPositionEcefEv
 .text._ZN10helicopter5tasks20SensorProcessingTaskC2EPNS_5model11SystemModelEii
                0x00007e0a       0x64 tasks/SensorProcessingTask.o
                0x00007e0a                _ZN10helicopter5tasks20SensorProcessingTaskC1EPNS_5model11SystemModelEii
                0x00007e0a                _ZN10helicopter5tasks20SensorProcessingTaskC2EPNS_5model11SystemModelEii
 .text._ZN10helicopter5tasks20SensorProcessingTask11runTaskImplEv
                0x00007e6e      0x1f4 tasks/SensorProcessingTask.o
                0x00007e6e                _ZN10helicopter5tasks20SensorProcessingTask11runTaskImplEv
 .text._ZN10helicopter5tasks20SensorProcessingTaskD2Ev
                0x00008062       0x44 tasks/SensorProcessingTask.o
                0x00008062                _ZN10helicopter5tasks20SensorProcessingTaskD1Ev
                0x00008062                _ZN10helicopter5tasks20SensorProcessingTaskD2Ev
 .text._ZN10helicopter5tasks20SensorProcessingTaskD0Ev
                0x000080a6       0x2a tasks/SensorProcessingTask.o
                0x000080a6                _ZN10helicopter5tasks20SensorProcessingTaskD0Ev
 .text._ZN10helicopter5model11SystemModel33SerialCommunicationBufferOverrunsEl
                0x000080d0       0x46 tasks/SimTelemetryTask.o
                0x000080d0                _ZN10helicopter5model11SystemModel33SerialCommunicationBufferOverrunsEl
 .text._ZN10helicopter10controller13PIDController16setZIntegralGainEf
                0x00008116       0x46 tasks/SimTelemetryTask.o
                0x00008116                _ZN10helicopter10controller13PIDController16setZIntegralGainEf
 .text._ZN10helicopter10controller13PIDController18setZDerivativeGainEf
                0x0000815c       0x46 tasks/SimTelemetryTask.o
                0x0000815c                _ZN10helicopter10controller13PIDController18setZDerivativeGainEf
 .text._ZN10helicopter10controller13PIDController20setZProportionalGainEf
                0x000081a2       0x46 tasks/SimTelemetryTask.o
                0x000081a2                _ZN10helicopter10controller13PIDController20setZProportionalGainEf
 .text._ZN10helicopter10controller13PIDController18setZAntiWindupGainEf
                0x000081e8       0x46 tasks/SimTelemetryTask.o
                0x000081e8                _ZN10helicopter10controller13PIDController18setZAntiWindupGainEf
 .text._ZN10helicopter5tasks16SimTelemetryTaskC2EPNS_10interfaces29GroundControlStationInterfaceEPNS_5model11SystemModelEPNS_10controller13PIDControllerEii
                0x0000822e       0x98 tasks/SimTelemetryTask.o
                0x0000822e                _ZN10helicopter5tasks16SimTelemetryTaskC2EPNS_10interfaces29GroundControlStationInterfaceEPNS_5model11SystemModelEPNS_10controller13PIDControllerEii
                0x0000822e                _ZN10helicopter5tasks16SimTelemetryTaskC1EPNS_10interfaces29GroundControlStationInterfaceEPNS_5model11SystemModelEPNS_10controller13PIDControllerEii
 .text._ZN10helicopter5tasks16SimTelemetryTask11runTaskImplEv
                0x000082c6      0x4aa tasks/SimTelemetryTask.o
                0x000082c6                _ZN10helicopter5tasks16SimTelemetryTask11runTaskImplEv
 .text._ZN10helicopter5tasks16SimTelemetryTaskD2Ev
                0x00008770       0x44 tasks/SimTelemetryTask.o
                0x00008770                _ZN10helicopter5tasks16SimTelemetryTaskD1Ev
                0x00008770                _ZN10helicopter5tasks16SimTelemetryTaskD2Ev
 .text._ZN10helicopter5tasks16SimTelemetryTaskD0Ev
                0x000087b4       0x2a tasks/SimTelemetryTask.o
                0x000087b4                _ZN10helicopter5tasks16SimTelemetryTaskD0Ev
 .text._ZN10helicopter5tasks4Task11runTaskImplEv
                0x000087de       0x1a tasks/Task.o
                0x000087de                _ZN10helicopter5tasks4Task11runTaskImplEv
 .text._ZN10helicopter5tasks4TaskC2Eii
                0x000087f8       0x5c tasks/Task.o
                0x000087f8                _ZN10helicopter5tasks4TaskC2Eii
                0x000087f8                _ZN10helicopter5tasks4TaskC1Eii
 .text._ZN10helicopter5tasks4Task7runTaskEv
                0x00008854       0x36 tasks/Task.o
                0x00008854                _ZN10helicopter5tasks4Task7runTaskEv
 .text._ZN10helicopter5tasks21TransmitTelemetryTaskC2EPNS_10interfaces29GroundControlStationInterfaceEPNS_5model11SystemModelEii
                0x0000888a       0x7e tasks/TransmitTelemetryTask.o
                0x0000888a                _ZN10helicopter5tasks21TransmitTelemetryTaskC2EPNS_10interfaces29GroundControlStationInterfaceEPNS_5model11SystemModelEii
                0x0000888a                _ZN10helicopter5tasks21TransmitTelemetryTaskC1EPNS_10interfaces29GroundControlStationInterfaceEPNS_5model11SystemModelEii
 .text._ZN10helicopter5tasks21TransmitTelemetryTask11runTaskImplEv
                0x00008908       0x66 tasks/TransmitTelemetryTask.o
                0x00008908                _ZN10helicopter5tasks21TransmitTelemetryTask11runTaskImplEv
 .text._ZN10helicopter5tasks21TransmitTelemetryTaskD2Ev
                0x0000896e       0x44 tasks/TransmitTelemetryTask.o
                0x0000896e                _ZN10helicopter5tasks21TransmitTelemetryTaskD1Ev
                0x0000896e                _ZN10helicopter5tasks21TransmitTelemetryTaskD2Ev
 .text._ZN10helicopter5tasks21TransmitTelemetryTaskD0Ev
                0x000089b2       0x2a tasks/TransmitTelemetryTask.o
                0x000089b2                _ZN10helicopter5tasks21TransmitTelemetryTaskD0Ev
 .text._Znwj    0x000089dc       0x22 util/CommonHeader.o
                0x000089dc                _Znwj
 .text._ZdlPv   0x000089fe       0x2a util/CommonHeader.o
                0x000089fe                _ZdlPv
 .text._Znaj    0x00008a28       0x22 util/CommonHeader.o
                0x00008a28                _Znaj
 .text._ZdaPv   0x00008a4a       0x2a util/CommonHeader.o
                0x00008a4a                _ZdaPv
 .text._ZN10helicopter4util14CoordinateUtil12DegreesToRadEf
                0x00008a74       0x3e util/CoordinateUtil.o
                0x00008a74                _ZN10helicopter4util14CoordinateUtil12DegreesToRadEf
 .text._ZN10helicopter4util14CoordinateUtil37CalculateECEFToLocalNEDRotationMatrixEffPA3_f
                0x00008ab2      0x28c util/CoordinateUtil.o
                0x00008ab2                _ZN10helicopter4util14CoordinateUtil37CalculateECEFToLocalNEDRotationMatrixEffPA3_f
 .text._ZN10helicopter4util14CoordinateUtil11calculateNeEff
                0x00008d3e       0xd2 util/CoordinateUtil.o
                0x00008d3e                _ZN10helicopter4util14CoordinateUtil11calculateNeEff
 .text._ZN10helicopter4util14CoordinateUtil25ConvertFromGeodeticToECEFEfffRfS2_S2_
                0x00008e10      0x21c util/CoordinateUtil.o
                0x00008e10                _ZN10helicopter4util14CoordinateUtil25ConvertFromGeodeticToECEFEfffRfS2_S2_
 .text._ZN10helicopter4util14CoordinateUtil25ConvertFromECEFToLocalNEDEffffffPA3_fRfS4_S4_
                0x0000902c      0x266 util/CoordinateUtil.o
                0x0000902c                _ZN10helicopter4util14CoordinateUtil25ConvertFromECEFToLocalNEDEffffffPA3_fRfS4_S4_
 .text._ZN10helicopter4util14CoordinateUtil29ConvertFromGeodedicToLocalNEDEffffffPA3_fRfS4_S4_
                0x00009292      0x164 util/CoordinateUtil.o
                0x00009292                _ZN10helicopter4util14CoordinateUtil29ConvertFromGeodedicToLocalNEDEffffffPA3_fRfS4_S4_
 .text._ZN10helicopter4util5Timer10startTimerEv
                0x000093f6      0x174 util/Timer.o
                0x000093f6                _ZN10helicopter4util5Timer10startTimerEv
 .text._ZN10helicopter4util5Timer11hasTimedoutEv
                0x0000956a       0x34 util/Timer.o
                0x0000956a                _ZN10helicopter4util5Timer11hasTimedoutEv
 .text._ZN10helicopter4util5Timer9stopTimerEv
                0x0000959e       0x3e util/Timer.o
                0x0000959e                _ZN10helicopter4util5Timer9stopTimerEv
 .text.avr-libc.fplib
                0x000095dc        0xa c:/program files (x86)/atmel/atmel toolchain/avr8 gcc/native/3.4.2.1002/avr8-gnu-toolchain/bin/../lib/gcc/avr/4.7.2/../../../../avr/lib/avr6\libm.a(addsf3.o)
                0x000095dc                __subsf3
                0x000095de                __addsf3
 .text.avr-libc.fplib
                0x000095e6       0xc0 c:/program files (x86)/atmel/atmel toolchain/avr8 gcc/native/3.4.2.1002/avr8-gnu-toolchain/bin/../lib/gcc/avr/4.7.2/../../../../avr/lib/avr6\libm.a(addsf3x.o)
                0x00009600                __addsf3x
 .text.avr-libc.fplib
                0x000096a6        0x8 c:/program files (x86)/atmel/atmel toolchain/avr8 gcc/native/3.4.2.1002/avr8-gnu-toolchain/bin/../lib/gcc/avr/4.7.2/../../../../avr/lib/avr6\libm.a(cmpsf2.o)
                0x000096a6                __nesf2
                0x000096a6                __eqsf2
                0x000096a6                __cmpsf2
                0x000096a6                __ltsf2
                0x000096a6                __lesf2
 .text.avr-libc.fplib
                0x000096ae        0x6 c:/program files (x86)/atmel/atmel toolchain/avr8 gcc/native/3.4.2.1002/avr8-gnu-toolchain/bin/../lib/gcc/avr/4.7.2/../../../../avr/lib/avr6\libm.a(cos.o)
                0x000096ae                cos
 .text.avr-libc.fplib
                0x000096b4        0x4 c:/program files (x86)/atmel/atmel toolchain/avr8 gcc/native/3.4.2.1002/avr8-gnu-toolchain/bin/../lib/gcc/avr/4.7.2/../../../../avr/lib/avr6\libm.a(divsf3.o)
                0x000096b4                __divsf3
 .text.avr-libc.fplib
                0x000096b8       0xcc c:/program files (x86)/atmel/atmel toolchain/avr8 gcc/native/3.4.2.1002/avr8-gnu-toolchain/bin/../lib/gcc/avr/4.7.2/../../../../avr/lib/avr6\libm.a(divsf3x.o)
                0x000096ce                __divsf3x
                0x000096d2                __divsf3_pse
 .text.avr-libc.fplib
                0x00009784        0xa c:/program files (x86)/atmel/atmel toolchain/avr8 gcc/native/3.4.2.1002/avr8-gnu-toolchain/bin/../lib/gcc/avr/4.7.2/../../../../avr/lib/avr6\libm.a(fixsfsi.o)
                0x00009784                __fixsfsi
 .text.avr-libc.fplib
                0x0000978e       0x58 c:/program files (x86)/atmel/atmel toolchain/avr8 gcc/native/3.4.2.1002/avr8-gnu-toolchain/bin/../lib/gcc/avr/4.7.2/../../../../avr/lib/avr6\libm.a(fixunssfsi.o)
                0x0000978e                __fixunssfsi
 .text.avr-libc.fplib
                0x000097e6       0x7a c:/program files (x86)/atmel/atmel toolchain/avr8 gcc/native/3.4.2.1002/avr8-gnu-toolchain/bin/../lib/gcc/avr/4.7.2/../../../../avr/lib/avr6\libm.a(floatsisf.o)
                0x000097e6                __floatunsisf
                0x000097ea                __floatsisf
 .text.avr-libc.fplib
                0x00009860       0x26 c:/program files (x86)/atmel/atmel toolchain/avr8 gcc/native/3.4.2.1002/avr8-gnu-toolchain/bin/../lib/gcc/avr/4.7.2/../../../../avr/lib/avr6\libm.a(floor.o)
                0x00009860                floor
 .text.avr-libc.fplib
                0x00009886       0x48 c:/program files (x86)/atmel/atmel toolchain/avr8 gcc/native/3.4.2.1002/avr8-gnu-toolchain/bin/../lib/gcc/avr/4.7.2/../../../../avr/lib/avr6\libm.a(fp_cmp.o)
                0x00009886                __fp_cmp
 .text.avr-libc.fplib
                0x000098ce        0xc c:/program files (x86)/atmel/atmel toolchain/avr8 gcc/native/3.4.2.1002/avr8-gnu-toolchain/bin/../lib/gcc/avr/4.7.2/../../../../avr/lib/avr6\libm.a(fp_inf.o)
                0x000098ce                __fp_inf
 .text.avr-libc.fplib
                0x000098da       0x36 c:/program files (x86)/atmel/atmel toolchain/avr8 gcc/native/3.4.2.1002/avr8-gnu-toolchain/bin/../lib/gcc/avr/4.7.2/../../../../avr/lib/avr6\libm.a(fp_mintl.o)
                0x000098da                __fp_mintl
 .text.avr-libc.fplib
                0x00009910       0x1c c:/program files (x86)/atmel/atmel toolchain/avr8 gcc/native/3.4.2.1002/avr8-gnu-toolchain/bin/../lib/gcc/avr/4.7.2/../../../../avr/lib/avr6\libm.a(fp_mpack.o)
                0x00009910                __fp_mpack
                0x00009914                __fp_mpack_finite
 .text.avr-libc.fplib
                0x0000992c        0x6 c:/program files (x86)/atmel/atmel toolchain/avr8 gcc/native/3.4.2.1002/avr8-gnu-toolchain/bin/../lib/gcc/avr/4.7.2/../../../../avr/lib/avr6\libm.a(fp_nan.o)
                0x0000992c                __fp_nan
 .text.avr-libc.fplib
                0x00009932        0xe c:/program files (x86)/atmel/atmel toolchain/avr8 gcc/native/3.4.2.1002/avr8-gnu-toolchain/bin/../lib/gcc/avr/4.7.2/../../../../avr/lib/avr6\libm.a(fp_pscA.o)
                0x00009932                __fp_pscA
 .text.avr-libc.fplib
                0x00009940        0xe c:/program files (x86)/atmel/atmel toolchain/avr8 gcc/native/3.4.2.1002/avr8-gnu-toolchain/bin/../lib/gcc/avr/4.7.2/../../../../avr/lib/avr6\libm.a(fp_pscB.o)
                0x00009940                __fp_pscB
 .text.avr-libc.fplib
                0x0000994e       0x50 c:/program files (x86)/atmel/atmel toolchain/avr8 gcc/native/3.4.2.1002/avr8-gnu-toolchain/bin/../lib/gcc/avr/4.7.2/../../../../avr/lib/avr6\libm.a(fp_rempio2.o)
                0x00009950                __fp_rempio2
 .text.avr-libc.fplib
                0x0000999e       0x22 c:/program files (x86)/atmel/atmel toolchain/avr8 gcc/native/3.4.2.1002/avr8-gnu-toolchain/bin/../lib/gcc/avr/4.7.2/../../../../avr/lib/avr6\libm.a(fp_round.o)
                0x0000999e                __fp_round
 .text.avr-libc.fplib
                0x000099c0       0x22 c:/program files (x86)/atmel/atmel toolchain/avr8 gcc/native/3.4.2.1002/avr8-gnu-toolchain/bin/../lib/gcc/avr/4.7.2/../../../../avr/lib/avr6\libm.a(fp_sinus.o)
                0x000099c0                __fp_sinus
 .text.avr-libc.fplib
                0x000099e2       0x44 c:/program files (x86)/atmel/atmel toolchain/avr8 gcc/native/3.4.2.1002/avr8-gnu-toolchain/bin/../lib/gcc/avr/4.7.2/../../../../avr/lib/avr6\libm.a(fp_split3.o)
                0x000099e2                __fp_split3
                0x000099f2                __fp_splitA
 .text.avr-libc.fplib
                0x00009a26       0x2e c:/program files (x86)/atmel/atmel toolchain/avr8 gcc/native/3.4.2.1002/avr8-gnu-toolchain/bin/../lib/gcc/avr/4.7.2/../../../../avr/lib/avr6\libm.a(fp_trunc.o)
                0x00009a26                __fp_trunc
 .text.avr-libc.fplib
                0x00009a54        0xe c:/program files (x86)/atmel/atmel toolchain/avr8 gcc/native/3.4.2.1002/avr8-gnu-toolchain/bin/../lib/gcc/avr/4.7.2/../../../../avr/lib/avr6\libm.a(fp_zero.o)
                0x00009a54                __fp_zero
                0x00009a56                __fp_szero
 .text.avr-libc.fplib
                0x00009a62        0x8 c:/program files (x86)/atmel/atmel toolchain/avr8 gcc/native/3.4.2.1002/avr8-gnu-toolchain/bin/../lib/gcc/avr/4.7.2/../../../../avr/lib/avr6\libm.a(gesf2.o)
                0x00009a62                __gesf2
                0x00009a62                __gtsf2
 .text.avr-libc.fplib
                0x00009a6a        0x4 c:/program files (x86)/atmel/atmel toolchain/avr8 gcc/native/3.4.2.1002/avr8-gnu-toolchain/bin/../lib/gcc/avr/4.7.2/../../../../avr/lib/avr6\libm.a(mulsf3.o)
                0x00009a6a                __mulsf3
 .text.avr-libc.fplib
                0x00009a6e       0xc2 c:/program files (x86)/atmel/atmel toolchain/avr8 gcc/native/3.4.2.1002/avr8-gnu-toolchain/bin/../lib/gcc/avr/4.7.2/../../../../avr/lib/avr6\libm.a(mulsf3x.o)
                0x00009a82                __mulsf3x
                0x00009a86                __mulsf3_pse
 .text.avr-libc.fplib
                0x00009b30       0x98 c:/program files (x86)/atmel/atmel toolchain/avr8 gcc/native/3.4.2.1002/avr8-gnu-toolchain/bin/../lib/gcc/avr/4.7.2/../../../../avr/lib/avr6\libm.a(pow.o)
                0x00009b30                pow
 .text.avr-libc.fplib
                0x00009bc8        0xc c:/program files (x86)/atmel/atmel toolchain/avr8 gcc/native/3.4.2.1002/avr8-gnu-toolchain/bin/../lib/gcc/avr/4.7.2/../../../../avr/lib/avr6\libm.a(sin.o)
                0x00009bc8                sin
 .text.avr-libc.fplib
                0x00009bd4       0x84 c:/program files (x86)/atmel/atmel toolchain/avr8 gcc/native/3.4.2.1002/avr8-gnu-toolchain/bin/../lib/gcc/avr/4.7.2/../../../../avr/lib/avr6\libm.a(sqrt.o)
                0x00009bdc                sqrt
 .text.avr-libc.fplib
                0x00009c58       0x62 c:/program files (x86)/atmel/atmel toolchain/avr8 gcc/native/3.4.2.1002/avr8-gnu-toolchain/bin/../lib/gcc/avr/4.7.2/../../../../avr/lib/avr6\libm.a(exp.o)
                0x00009c62                exp
 .text.avr-libc.fplib
                0x00009cba        0xe c:/program files (x86)/atmel/atmel toolchain/avr8 gcc/native/3.4.2.1002/avr8-gnu-toolchain/bin/../lib/gcc/avr/4.7.2/../../../../avr/lib/avr6\libm.a(fp_norm2.o)
                0x00009cba                __fp_norm2
 .text.avr-libc.fplib
                0x00009cc8       0x4a c:/program files (x86)/atmel/atmel toolchain/avr8 gcc/native/3.4.2.1002/avr8-gnu-toolchain/bin/../lib/gcc/avr/4.7.2/../../../../avr/lib/avr6\libm.a(fp_powser.o)
                0x00009cc8                __fp_powser
 .text.avr-libc.fplib
                0x00009d12       0x22 c:/program files (x86)/atmel/atmel toolchain/avr8 gcc/native/3.4.2.1002/avr8-gnu-toolchain/bin/../lib/gcc/avr/4.7.2/../../../../avr/lib/avr6\libm.a(fp_powsodd.o)
                0x00009d12                __fp_powsodd
 .text.avr-libc.fplib
                0x00009d34        0xe c:/program files (x86)/atmel/atmel toolchain/avr8 gcc/native/3.4.2.1002/avr8-gnu-toolchain/bin/../lib/gcc/avr/4.7.2/../../../../avr/lib/avr6\libm.a(inverse.o)
                0x00009d34                inverse
 .text.avr-libc.fplib
                0x00009d42       0x6c c:/program files (x86)/atmel/atmel toolchain/avr8 gcc/native/3.4.2.1002/avr8-gnu-toolchain/bin/../lib/gcc/avr/4.7.2/../../../../avr/lib/avr6\libm.a(ldexp.o)
                0x00009d46                ldexp
 .text.avr-libc.fplib
                0x00009dae       0x8a c:/program files (x86)/atmel/atmel toolchain/avr8 gcc/native/3.4.2.1002/avr8-gnu-toolchain/bin/../lib/gcc/avr/4.7.2/../../../../avr/lib/avr6\libm.a(log.o)
                0x00009db8                log
 .text.avr-libc.fplib
                0x00009e38       0x66 c:/program files (x86)/atmel/atmel toolchain/avr8 gcc/native/3.4.2.1002/avr8-gnu-toolchain/bin/../lib/gcc/avr/4.7.2/../../../../avr/lib/avr6\libm.a(modf.o)
                0x00009e38                modf
                0x00009e38                modff
 .text.libgcc.div
                0x00009e9e       0x28 c:/program files (x86)/atmel/atmel toolchain/avr8 gcc/native/3.4.2.1002/avr8-gnu-toolchain/bin/../lib/gcc/avr/4.7.2/avr6\libgcc.a(_divmodhi4.o)
                0x00009e9e                _div
                0x00009e9e                __divmodhi4
 .text.libgcc.div
                0x00009ec6       0x44 c:/program files (x86)/atmel/atmel toolchain/avr8 gcc/native/3.4.2.1002/avr8-gnu-toolchain/bin/../lib/gcc/avr/4.7.2/avr6\libgcc.a(_udivmodsi4.o)
                0x00009ec6                __udivmodsi4
 .text.libgcc.div
                0x00009f0a       0x28 c:/program files (x86)/atmel/atmel toolchain/avr8 gcc/native/3.4.2.1002/avr8-gnu-toolchain/bin/../lib/gcc/avr/4.7.2/avr6\libgcc.a(_udivmodhi4.o)
                0x00009f0a                __udivmodhi4
 .text.avr-libc
                0x00009f32      0x274 c:/program files (x86)/atmel/atmel toolchain/avr8 gcc/native/3.4.2.1002/avr8-gnu-toolchain/bin/../lib/gcc/avr/4.7.2/../../../../avr/lib/avr6\libc.a(malloc.o)
                0x00009f32                malloc
                0x0000a068                free
 .text.avr-libc
                0x0000a1a6       0x12 c:/program files (x86)/atmel/atmel toolchain/avr8 gcc/native/3.4.2.1002/avr8-gnu-toolchain/bin/../lib/gcc/avr/4.7.2/../../../../avr/lib/avr6\libc.a(memcpy.o)
                0x0000a1a6                memcpy
 .text.avr-libc
                0x0000a1b8        0xe c:/program files (x86)/atmel/atmel toolchain/avr8 gcc/native/3.4.2.1002/avr8-gnu-toolchain/bin/../lib/gcc/avr/4.7.2/../../../../avr/lib/avr6\libc.a(memset.o)
                0x0000a1b8                memset
                0x0000a1c6                . = ALIGN (0x2)
 *(.fini9)
 .fini9         0x0000a1c6        0x0 c:/program files (x86)/atmel/atmel toolchain/avr8 gcc/native/3.4.2.1002/avr8-gnu-toolchain/bin/../lib/gcc/avr/4.7.2/avr6\libgcc.a(_exit.o)
                0x0000a1c6                _exit
                0x0000a1c6                exit
 *(.fini9)
 *(.fini8)
 *(.fini8)
 *(.fini7)
 *(.fini7)
 *(.fini6)
 *(.fini6)
 *(.fini5)
 *(.fini5)
 *(.fini4)
 *(.fini4)
 *(.fini3)
 *(.fini3)
 *(.fini2)
 *(.fini2)
 *(.fini1)
 *(.fini1)
 *(.fini0)
 .fini0         0x0000a1c6        0x4 c:/program files (x86)/atmel/atmel toolchain/avr8 gcc/native/3.4.2.1002/avr8-gnu-toolchain/bin/../lib/gcc/avr/4.7.2/avr6\libgcc.a(_exit.o)
 *(.fini0)
                0x0000a1ca                _etext = .

.data           0x00800200       0x9a load address 0x0000a1ca
                0x00800200                PROVIDE (__data_start, .)
 *(.data)
 .data          0x00800200        0x0 c:/program files (x86)/atmel/atmel toolchain/avr8 gcc/native/3.4.2.1002/avr8-gnu-toolchain/bin/../lib/gcc/avr/4.7.2/../../../../avr/lib/avr6/crtm2560.o
 .data          0x00800200        0x0 buffer/Buffer.o
 .data          0x00800200        0x0 buffer/Record.o
 .data          0x00800200        0x0 controller/PIDController.o
 .data          0x00800200        0x0 drivers/MagnetometerDriver.o
 .data          0x00800200        0x0 drivers/SerialDriver.o
 .data          0x00800200        0x0 HelicopterMain.o
 .data          0x00800200        0x0 interfaces/GroundControlStationInterface.o
 .data          0x00800200        0x0 interfaces/RadioControllerInterface.o
 .data          0x00800200        0x0 messages/Message.o
 .data          0x00800200        0x0 messages/SyncMessage.o
 .data          0x00800200        0x0 messages/SystemTelemetryMessage.o
 .data          0x00800200        0x0 model/SystemModel.o
 .data          0x00800200        0x0 scheduler/Scheduler.o
 .data          0x00800200        0x0 sensors/MagnetometerSensor.o
 .data          0x00800200        0x0 tasks/PIDInnerLoopTask.o
 .data          0x00800200        0x0 tasks/PIDOuterLoopTask.o
 .data          0x00800200        0x0 tasks/SensorProcessingTask.o
 .data          0x00800200        0x0 tasks/SimTelemetryTask.o
 .data          0x00800200        0x0 tasks/Task.o
 .data          0x00800200        0x0 tasks/TransmitTelemetryTask.o
 .data          0x00800200        0x0 util/CommonHeader.o
 .data          0x00800200        0x0 util/CoordinateUtil.o
 .data          0x00800200        0x0 util/Timer.o
 .data          0x00800200        0x0 c:/program files (x86)/atmel/atmel toolchain/avr8 gcc/native/3.4.2.1002/avr8-gnu-toolchain/bin/../lib/gcc/avr/4.7.2/../../../../avr/lib/avr6\libm.a(addsf3.o)
 .data          0x00800200        0x0 c:/program files (x86)/atmel/atmel toolchain/avr8 gcc/native/3.4.2.1002/avr8-gnu-toolchain/bin/../lib/gcc/avr/4.7.2/../../../../avr/lib/avr6\libm.a(addsf3x.o)
 .data          0x00800200        0x0 c:/program files (x86)/atmel/atmel toolchain/avr8 gcc/native/3.4.2.1002/avr8-gnu-toolchain/bin/../lib/gcc/avr/4.7.2/../../../../avr/lib/avr6\libm.a(cmpsf2.o)
 .data          0x00800200        0x0 c:/program files (x86)/atmel/atmel toolchain/avr8 gcc/native/3.4.2.1002/avr8-gnu-toolchain/bin/../lib/gcc/avr/4.7.2/../../../../avr/lib/avr6\libm.a(cos.o)
 .data          0x00800200        0x0 c:/program files (x86)/atmel/atmel toolchain/avr8 gcc/native/3.4.2.1002/avr8-gnu-toolchain/bin/../lib/gcc/avr/4.7.2/../../../../avr/lib/avr6\libm.a(divsf3.o)
 .data          0x00800200        0x0 c:/program files (x86)/atmel/atmel toolchain/avr8 gcc/native/3.4.2.1002/avr8-gnu-toolchain/bin/../lib/gcc/avr/4.7.2/../../../../avr/lib/avr6\libm.a(divsf3x.o)
 .data          0x00800200        0x0 c:/program files (x86)/atmel/atmel toolchain/avr8 gcc/native/3.4.2.1002/avr8-gnu-toolchain/bin/../lib/gcc/avr/4.7.2/../../../../avr/lib/avr6\libm.a(fixsfsi.o)
 .data          0x00800200        0x0 c:/program files (x86)/atmel/atmel toolchain/avr8 gcc/native/3.4.2.1002/avr8-gnu-toolchain/bin/../lib/gcc/avr/4.7.2/../../../../avr/lib/avr6\libm.a(fixunssfsi.o)
 .data          0x00800200        0x0 c:/program files (x86)/atmel/atmel toolchain/avr8 gcc/native/3.4.2.1002/avr8-gnu-toolchain/bin/../lib/gcc/avr/4.7.2/../../../../avr/lib/avr6\libm.a(floatsisf.o)
 .data          0x00800200        0x0 c:/program files (x86)/atmel/atmel toolchain/avr8 gcc/native/3.4.2.1002/avr8-gnu-toolchain/bin/../lib/gcc/avr/4.7.2/../../../../avr/lib/avr6\libm.a(floor.o)
 .data          0x00800200        0x0 c:/program files (x86)/atmel/atmel toolchain/avr8 gcc/native/3.4.2.1002/avr8-gnu-toolchain/bin/../lib/gcc/avr/4.7.2/../../../../avr/lib/avr6\libm.a(fp_cmp.o)
 .data          0x00800200        0x0 c:/program files (x86)/atmel/atmel toolchain/avr8 gcc/native/3.4.2.1002/avr8-gnu-toolchain/bin/../lib/gcc/avr/4.7.2/../../../../avr/lib/avr6\libm.a(fp_inf.o)
 .data          0x00800200        0x0 c:/program files (x86)/atmel/atmel toolchain/avr8 gcc/native/3.4.2.1002/avr8-gnu-toolchain/bin/../lib/gcc/avr/4.7.2/../../../../avr/lib/avr6\libm.a(fp_mintl.o)
 .data          0x00800200        0x0 c:/program files (x86)/atmel/atmel toolchain/avr8 gcc/native/3.4.2.1002/avr8-gnu-toolchain/bin/../lib/gcc/avr/4.7.2/../../../../avr/lib/avr6\libm.a(fp_mpack.o)
 .data          0x00800200        0x0 c:/program files (x86)/atmel/atmel toolchain/avr8 gcc/native/3.4.2.1002/avr8-gnu-toolchain/bin/../lib/gcc/avr/4.7.2/../../../../avr/lib/avr6\libm.a(fp_nan.o)
 .data          0x00800200        0x0 c:/program files (x86)/atmel/atmel toolchain/avr8 gcc/native/3.4.2.1002/avr8-gnu-toolchain/bin/../lib/gcc/avr/4.7.2/../../../../avr/lib/avr6\libm.a(fp_pscA.o)
 .data          0x00800200        0x0 c:/program files (x86)/atmel/atmel toolchain/avr8 gcc/native/3.4.2.1002/avr8-gnu-toolchain/bin/../lib/gcc/avr/4.7.2/../../../../avr/lib/avr6\libm.a(fp_pscB.o)
 .data          0x00800200        0x0 c:/program files (x86)/atmel/atmel toolchain/avr8 gcc/native/3.4.2.1002/avr8-gnu-toolchain/bin/../lib/gcc/avr/4.7.2/../../../../avr/lib/avr6\libm.a(fp_rempio2.o)
 .data          0x00800200        0x0 c:/program files (x86)/atmel/atmel toolchain/avr8 gcc/native/3.4.2.1002/avr8-gnu-toolchain/bin/../lib/gcc/avr/4.7.2/../../../../avr/lib/avr6\libm.a(fp_round.o)
 .data          0x00800200        0x0 c:/program files (x86)/atmel/atmel toolchain/avr8 gcc/native/3.4.2.1002/avr8-gnu-toolchain/bin/../lib/gcc/avr/4.7.2/../../../../avr/lib/avr6\libm.a(fp_sinus.o)
 .data          0x00800200        0x0 c:/program files (x86)/atmel/atmel toolchain/avr8 gcc/native/3.4.2.1002/avr8-gnu-toolchain/bin/../lib/gcc/avr/4.7.2/../../../../avr/lib/avr6\libm.a(fp_split3.o)