Archive member included because of file (symbol)

c:/program files (x86)/atmel/atmel toolchain/avr8 gcc/native/3.4.2.1002/avr8-gnu-toolchain/bin/../lib/gcc/avr/4.7.2/../../../../avr/lib/avr6\libm.a(addsf3.o)
                              controller/PIDController.o (__subsf3)
c:/program files (x86)/atmel/atmel toolchain/avr8 gcc/native/3.4.2.1002/avr8-gnu-toolchain/bin/../lib/gcc/avr/4.7.2/../../../../avr/lib/avr6\libm.a(addsf3x.o)
                              c:/program files (x86)/atmel/atmel toolchain/avr8 gcc/native/3.4.2.1002/avr8-gnu-toolchain/bin/../lib/gcc/avr/4.7.2/../../../../avr/lib/avr6\libm.a(addsf3.o) (__addsf3x)
c:/program files (x86)/atmel/atmel toolchain/avr8 gcc/native/3.4.2.1002/avr8-gnu-toolchain/bin/../lib/gcc/avr/4.7.2/../../../../avr/lib/avr6\libm.a(asin.o)
                              navigation/AHRS.o (asin)
c:/program files (x86)/atmel/atmel toolchain/avr8 gcc/native/3.4.2.1002/avr8-gnu-toolchain/bin/../lib/gcc/avr/4.7.2/../../../../avr/lib/avr6\libm.a(atan2.o)
                              navigation/AHRS.o (atan2)
c:/program files (x86)/atmel/atmel toolchain/avr8 gcc/native/3.4.2.1002/avr8-gnu-toolchain/bin/../lib/gcc/avr/4.7.2/../../../../avr/lib/avr6\libm.a(atan.o)
                              c:/program files (x86)/atmel/atmel toolchain/avr8 gcc/native/3.4.2.1002/avr8-gnu-toolchain/bin/../lib/gcc/avr/4.7.2/../../../../avr/lib/avr6\libm.a(atan2.o) (atan)
c:/program files (x86)/atmel/atmel toolchain/avr8 gcc/native/3.4.2.1002/avr8-gnu-toolchain/bin/../lib/gcc/avr/4.7.2/../../../../avr/lib/avr6\libm.a(cmpsf2.o)
                              HelicopterMain.o (__nesf2)
c:/program files (x86)/atmel/atmel toolchain/avr8 gcc/native/3.4.2.1002/avr8-gnu-toolchain/bin/../lib/gcc/avr/4.7.2/../../../../avr/lib/avr6\libm.a(cos.o)
                              util/CoordinateUtil.o (cos)
c:/program files (x86)/atmel/atmel toolchain/avr8 gcc/native/3.4.2.1002/avr8-gnu-toolchain/bin/../lib/gcc/avr/4.7.2/../../../../avr/lib/avr6\libm.a(divsf3.o)
                              HelicopterMain.o (__divsf3)
c:/program files (x86)/atmel/atmel toolchain/avr8 gcc/native/3.4.2.1002/avr8-gnu-toolchain/bin/../lib/gcc/avr/4.7.2/../../../../avr/lib/avr6\libm.a(divsf3x.o)
                              c:/program files (x86)/atmel/atmel toolchain/avr8 gcc/native/3.4.2.1002/avr8-gnu-toolchain/bin/../lib/gcc/avr/4.7.2/../../../../avr/lib/avr6\libm.a(divsf3.o) (__divsf3x)
c:/program files (x86)/atmel/atmel toolchain/avr8 gcc/native/3.4.2.1002/avr8-gnu-toolchain/bin/../lib/gcc/avr/4.7.2/../../../../avr/lib/avr6\libm.a(fixsfsi.o)
                              interfaces/RadioControllerInterface.o (__fixsfsi)
c:/program files (x86)/atmel/atmel toolchain/avr8 gcc/native/3.4.2.1002/avr8-gnu-toolchain/bin/../lib/gcc/avr/4.7.2/../../../../avr/lib/avr6\libm.a(fixunssfsi.o)
                              drivers/SerialDriver.o (__fixunssfsi)
c:/program files (x86)/atmel/atmel toolchain/avr8 gcc/native/3.4.2.1002/avr8-gnu-toolchain/bin/../lib/gcc/avr/4.7.2/../../../../avr/lib/avr6\libm.a(floatsisf.o)
                              drivers/SerialDriver.o (__floatunsisf)
c:/program files (x86)/atmel/atmel toolchain/avr8 gcc/native/3.4.2.1002/avr8-gnu-toolchain/bin/../lib/gcc/avr/4.7.2/../../../../avr/lib/avr6\libm.a(floor.o)
                              drivers/SerialDriver.o (floor)
c:/program files (x86)/atmel/atmel toolchain/avr8 gcc/native/3.4.2.1002/avr8-gnu-toolchain/bin/../lib/gcc/avr/4.7.2/../../../../avr/lib/avr6\libm.a(fp_arccos.o)
                              c:/program files (x86)/atmel/atmel toolchain/avr8 gcc/native/3.4.2.1002/avr8-gnu-toolchain/bin/../lib/gcc/avr/4.7.2/../../../../avr/lib/avr6\libm.a(asin.o) (__fp_arccos)
c:/program files (x86)/atmel/atmel toolchain/avr8 gcc/native/3.4.2.1002/avr8-gnu-toolchain/bin/../lib/gcc/avr/4.7.2/../../../../avr/lib/avr6\libm.a(fp_cmp.o)
                              c:/program files (x86)/atmel/atmel toolchain/avr8 gcc/native/3.4.2.1002/avr8-gnu-toolchain/bin/../lib/gcc/avr/4.7.2/../../../../avr/lib/avr6\libm.a(cmpsf2.o) (__fp_cmp)
c:/program files (x86)/atmel/atmel toolchain/avr8 gcc/native/3.4.2.1002/avr8-gnu-toolchain/bin/../lib/gcc/avr/4.7.2/../../../../avr/lib/avr6\libm.a(fp_inf.o)
                              c:/program files (x86)/atmel/atmel toolchain/avr8 gcc/native/3.4.2.1002/avr8-gnu-toolchain/bin/../lib/gcc/avr/4.7.2/../../../../avr/lib/avr6\libm.a(addsf3x.o) (__fp_inf)
c:/program files (x86)/atmel/atmel toolchain/avr8 gcc/native/3.4.2.1002/avr8-gnu-toolchain/bin/../lib/gcc/avr/4.7.2/../../../../avr/lib/avr6\libm.a(fp_mintl.o)
                              c:/program files (x86)/atmel/atmel toolchain/avr8 gcc/native/3.4.2.1002/avr8-gnu-toolchain/bin/../lib/gcc/avr/4.7.2/../../../../avr/lib/avr6\libm.a(floor.o) (__fp_mintl)
c:/program files (x86)/atmel/atmel toolchain/avr8 gcc/native/3.4.2.1002/avr8-gnu-toolchain/bin/../lib/gcc/avr/4.7.2/../../../../avr/lib/avr6\libm.a(fp_mpack.o)
[...]
Memory Configuration

Name             Origin             Length             Attributes
text             0x00000000         0x00100000         xr
data             0x00800200         0x0000fe00         rw !x
eeprom           0x00810000         0x00010000         rw !x
fuse             0x00820000         0x00000400         rw !x
lock             0x00830000         0x00000400         rw !x
signature        0x00840000         0x00000400         rw !x
user_signatures  0x00850000         0x00000400         rw !x
*default*        0x00000000         0xffffffff

Linker script and memory map

Address of section .data set to 0x800200
LOAD c:/program files (x86)/atmel/atmel toolchain/avr8 gcc/native/3.4.2.1002/avr8-gnu-toolchain/bin/../lib/gcc/avr/4.7.2/../../../../avr/lib/avr6/crtm2560.o
LOAD buffer/Buffer.o
LOAD buffer/CircularBuffer.o
LOAD buffer/Record.o
LOAD controller/PIDController.o
LOAD drivers/SerialDriver.o
LOAD drivers/SPIDriver.o
LOAD drivers/TWIDriver.o
LOAD HelicopterMain.o
LOAD interfaces/GroundControlStationInterface.o
LOAD interfaces/RadioControllerInterface.o
LOAD messages/ControlMessage.o
LOAD messages/GainsMessage.o
LOAD messages/Message.o
LOAD messages/SensorDataMessage.o
LOAD messages/SimpleTelemetryMessage.o
LOAD messages/SyncMessage.o
LOAD messages/SystemTelemetryMessage.o
LOAD model/SystemModel.o
LOAD navigation/AHRS.o
LOAD scheduler/Scheduler.o
LOAD sensors/BarometerSensor.o
LOAD sensors/GPSSensor.o
LOAD sensors/IMUSensor.o
LOAD sensors/MagnetometerSensor.o
LOAD tasks/NavigationTask.o
LOAD tasks/PIDInnerLoopTask.o
LOAD tasks/PIDOuterLoopTask.o
LOAD tasks/ReadBarometerSensorTask.o
LOAD tasks/ReadGPSSensorTask.o
LOAD tasks/ReadIMUSensorTask.o
LOAD tasks/ReadMagnetometerSensorTask.o
LOAD tasks/ServoControlTask.o
LOAD tasks/SimTelemetryTask.o
LOAD tasks/Task.o
LOAD tasks/TransmitTelemetryTask.o
LOAD util/CommonHeader.o
LOAD util/CoordinateUtil.o
LOAD util/MatrixUtil.o
LOAD util/Timer.o
START GROUP
LOAD c:/program files (x86)/atmel/atmel toolchain/avr8 gcc/native/3.4.2.1002/avr8-gnu-toolchain/bin/../lib/gcc/avr/4.7.2/../../../../avr/lib/avr6\libm.a
END GROUP
LOAD c:/program files (x86)/atmel/atmel toolchain/avr8 gcc/native/3.4.2.1002/avr8-gnu-toolchain/bin/../lib/gcc/avr/4.7.2/avr6\libgcc.a
LOAD c:/program files (x86)/atmel/atmel toolchain/avr8 gcc/native/3.4.2.1002/avr8-gnu-toolchain/bin/../lib/gcc/avr/4.7.2/../../../../avr/lib/avr6\libm.a
LOAD c:/program files (x86)/atmel/atmel toolchain/avr8 gcc/native/3.4.2.1002/avr8-gnu-toolchain/bin/../lib/gcc/avr/4.7.2/avr6\libgcc.a
LOAD c:/program files (x86)/atmel/atmel toolchain/avr8 gcc/native/3.4.2.1002/avr8-gnu-toolchain/bin/../lib/gcc/avr/4.7.2/../../../../avr/lib/avr6\libc.a
LOAD c:/program files (x86)/atmel/atmel toolchain/avr8 gcc/native/3.4.2.1002/avr8-gnu-toolchain/bin/../lib/gcc/avr/4.7.2/avr6\libgcc.a

.hash
 *(.hash)

.dynsym
 *(.dynsym)

.dynstr
 *(.dynstr)

.gnu.version
 *(.gnu.version)

.gnu.version_d
 *(.gnu.version_d)

.gnu.version_r
 *(.gnu.version_r)

.rel.init
 *(.rel.init)

.rela.init
 *(.rela.init)

.rel.text
 *(.rel.text)
 *(.rel.text.*)
 *(.rel.gnu.linkonce.t*)

.rela.text
 *(.rela.text)
 *(.rela.text.*)
 *(.rela.gnu.linkonce.t*)

.rel.fini
 *(.rel.fini)

.rela.fini
 *(.rela.fini)

.rel.rodata
 *(.rel.rodata)
 *(.rel.rodata.*)
 *(.rel.gnu.linkonce.r*)

.rela.rodata
 *(.rela.rodata)
 *(.rela.rodata.*)
 *(.rela.gnu.linkonce.r*)

.rel.data
 *(.rel.data)
 *(.rel.data.*)
 *(.rel.gnu.linkonce.d*)

.rela.data
 *(.rela.data)
 *(.rela.data.*)
 *(.rela.gnu.linkonce.d*)

.rel.ctors
 *(.rel.ctors)

.rela.ctors
 *(.rela.ctors)

.rel.dtors
 *(.rel.dtors)

.rela.dtors
 *(.rela.dtors)

.rel.got
 *(.rel.got)

.rela.got
 *(.rela.got)

.rel.bss
 *(.rel.bss)

.rela.bss
 *(.rela.bss)

.rel.plt
 *(.rel.plt)

.rela.plt
 *(.rela.plt)

.text           0x00000000     0x5834
 *(.vectors)
 .vectors       0x00000000       0xe4 c:/program files (x86)/atmel/atmel toolchain/avr8 gcc/native/3.4.2.1002/avr8-gnu-toolchain/bin/../lib/gcc/avr/4.7.2/../../../../avr/lib/avr6/crtm2560.o
                0x00000000                __vector_default
                0x00000000                __vectors
 *(.vectors)
 *(.progmem.gcc*)
 .progmem.gcc_fplib
                0x000000e4       0x14 c:/program files (x86)/atmel/atmel toolchain/avr8 gcc/native/3.4.2.1002/avr8-gnu-toolchain/bin/../lib/gcc/avr/4.7.2/../../../../avr/lib/avr6\libm.a(asin.o)
 .progmem.gcc_fplib
                0x000000f8       0x2d c:/program files (x86)/atmel/atmel toolchain/avr8 gcc/native/3.4.2.1002/avr8-gnu-toolchain/bin/../lib/gcc/avr/4.7.2/../../../../avr/lib/avr6\libm.a(atan.o)
 .progmem.gcc_fplib
                0x00000125       0x28 c:/program files (x86)/atmel/atmel toolchain/avr8 gcc/native/3.4.2.1002/avr8-gnu-toolchain/bin/../lib/gcc/avr/4.7.2/../../../../avr/lib/avr6\libm.a(fp_arccos.o)
 *(.progmem*)
                0x0000014e                . = ALIGN (0x2)
 *fill*         0x0000014d        0x1 
                0x0000014e                __trampolines_start = .
 *(.trampolines)
 .trampolines   0x0000014e       0x80 linker stubs
 *(.trampolines*)
                0x000001ce                __trampolines_end = .
 *(.jumptables)
 *(.jumptables*)
 *(.lowtext)
 *(.lowtext*)
                0x000001ce                __ctors_start = .
 *(.ctors)
 .ctors         0x000001ce        0x2 drivers/SerialDriver.o
                0x000001d0                __ctors_end = .
                0x000001d0                __dtors_start = .
 *(.dtors)
 .dtors         0x000001d0        0x2 drivers/SerialDriver.o
                0x000001d2                __dtors_end = .
 SORT(*)(.ctors)
 SORT(*)(.dtors)
 *(.init0)
 .init0         0x000001d2        0x0 c:/program files (x86)/atmel/atmel toolchain/avr8 gcc/native/3.4.2.1002/avr8-gnu-toolchain/bin/../lib/gcc/avr/4.7.2/../../../../avr/lib/avr6/crtm2560.o
                0x000001d2                __init
 *(.init0)
 *(.init1)
 *(.init1)
 *(.init2)
 .init2         0x000001d2       0x10 c:/program files (x86)/atmel/atmel toolchain/avr8 gcc/native/3.4.2.1002/avr8-gnu-toolchain/bin/../lib/gcc/avr/4.7.2/../../../../avr/lib/avr6/crtm2560.o
 *(.init2)
 *(.init3)
 *(.init3)
 *(.init4)
 .init4         0x000001e2       0x1a c:/program files (x86)/atmel/atmel toolchain/avr8 gcc/native/3.4.2.1002/avr8-gnu-toolchain/bin/../lib/gcc/avr/4.7.2/avr6\libgcc.a(_copy_data.o)
                0x000001e2                __do_copy_data
 .init4         0x000001fc       0x10 c:/program files (x86)/atmel/atmel toolchain/avr8 gcc/native/3.4.2.1002/avr8-gnu-toolchain/bin/../lib/gcc/avr/4.7.2/avr6\libgcc.a(_clear_bss.o)
                0x000001fc                __do_clear_bss
 *(.init4)
 *(.init5)
 *(.init5)
 *(.init6)
 .init6         0x0000020c       0x20 c:/program files (x86)/atmel/atmel toolchain/avr8 gcc/native/3.4.2.1002/avr8-gnu-toolchain/bin/../lib/gcc/avr/4.7.2/avr6\libgcc.a(_ctors.o)
                0x0000020c                __do_global_ctors
 *(.init6)
 *(.init7)
 *(.init7)
 *(.init8)
 *(.init8)
 *(.init9)
 .init9         0x0000022c        0x8 c:/program files (x86)/atmel/atmel toolchain/avr8 gcc/native/3.4.2.1002/avr8-gnu-toolchain/bin/../lib/gcc/avr/4.7.2/../../../../avr/lib/avr6/crtm2560.o
 *(.init9)
 *(.text)
 .text          0x00000234        0x4 c:/program files (x86)/atmel/atmel toolchain/avr8 gcc/native/3.4.2.1002/avr8-gnu-toolchain/bin/../lib/gcc/avr/4.7.2/../../../../avr/lib/avr6/crtm2560.o
                0x00000234                __vector_38
                0x00000234                __vector_22
                0x00000234                __vector_28
                0x00000234                __vector_1
                0x00000234                __vector_32
                0x00000234                __vector_34
                0x00000234                __vector_24
                0x00000234                __vector_12
                0x00000234                __vector_55
                0x00000234                __bad_interrupt
                0x00000234                __vector_6
                0x00000234                __vector_31
                0x00000234                __vector_35
                0x00000234                __vector_39
                0x00000234                __vector_3
                0x00000234                __vector_23
                0x00000234                __vector_30
                0x00000234                __vector_45
                0x00000234                __vector_11
                0x00000234                __vector_54
                0x00000234                __vector_17
                0x00000234                __vector_19
                0x00000234                __vector_56
                0x00000234                __vector_7
                0x00000234                __vector_49
                0x00000234                __vector_41
                0x00000234                __vector_43
                0x00000234                __vector_27
                0x00000234                __vector_5
                0x00000234                __vector_33
                0x00000234                __vector_47
                0x00000234                __vector_52
                0x00000234                __vector_37
                0x00000234                __vector_4
                0x00000234                __vector_44
                0x00000234                __vector_51
                0x00000234                __vector_9
                0x00000234                __vector_2
                0x00000234                __vector_15
                0x00000234                __vector_29
                0x00000234                __vector_40
                0x00000234                __vector_8
                0x00000234                __vector_26
                0x00000234                __vector_48
                0x00000234                __vector_14
                0x00000234                __vector_53
                0x00000234                __vector_10
                0x00000234                __vector_50
                0x00000234                __vector_16
                0x00000234                __vector_18
                0x00000234                __vector_20
                0x00000234                __vector_42
                0x00000238                . = ALIGN (0x2)
 *(.text.*)
 .text._ZN10helicopter6buffer14CircularBuffer7enqueueEh
                0x00000238       0x44 buffer/CircularBuffer.o
                0x00000238                _ZN10helicopter6buffer14CircularBuffer7enqueueEh
 .text._ZN10helicopter6buffer14CircularBuffer7dequeueERh
                0x0000027c       0x46 buffer/CircularBuffer.o
                0x0000027c                _ZN10helicopter6buffer14CircularBuffer7dequeueERh
 .text._ZN10helicopter7drivers12SerialDriverD2Ev
                0x000002c2        0xc drivers/SerialDriver.o
                0x000002c2                _ZN10helicopter7drivers12SerialDriverD1Ev
                0x000002c2                _ZN10helicopter7drivers12SerialDriverD2Ev
 .text._ZN10helicopter7drivers12SerialDriver8transmitEf
                0x000002ce       0x84 drivers/SerialDriver.o
                0x000002ce                _ZN10helicopter7drivers12SerialDriver8transmitEf
 .text._ZN10helicopter7drivers12SerialDriver8transmitEi
                0x00000352       0x44 drivers/SerialDriver.o
                0x00000352                _ZN10helicopter7drivers12SerialDriver8transmitEi
 .text._ZN10helicopter7drivers12SerialDriver8transmitEm
                0x00000396       0x9e drivers/SerialDriver.o
                0x00000396                _ZN10helicopter7drivers12SerialDriver8transmitEm
 .text._ZN10helicopter7drivers12SerialDriver8transmitEl
                0x00000434       0xa6 drivers/SerialDriver.o
                0x00000434                _ZN10helicopter7drivers12SerialDriver8transmitEl
 .text._ZN10helicopter7drivers12SerialDriver8transmitEx
                0x000004da      0x1fc drivers/SerialDriver.o
                0x000004da                _ZN10helicopter7drivers12SerialDriver8transmitEx
 .text._ZN10helicopter7drivers12SerialDriver7receiveERh
                0x000006d6       0xd6 drivers/SerialDriver.o
                0x000006d6                _ZN10helicopter7drivers12SerialDriver7receiveERh
 .text._ZN10helicopter7drivers12SerialDriver8transmitEh
                0x000007ac       0x90 drivers/SerialDriver.o
                0x000007ac                _ZN10helicopter7drivers12SerialDriver8transmitEh
 .text._ZN10helicopter7drivers12SerialDriver4initEv
                0x0000083c      0x152 drivers/SerialDriver.o
                0x0000083c                _ZN10helicopter7drivers12SerialDriver4initEv
 .text._ZN10helicopter7drivers12SerialDriverD0Ev
                0x0000098e       0x10 drivers/SerialDriver.o
                0x0000098e                _ZN10helicopter7drivers12SerialDriverD0Ev
 .text._Z41__static_initialization_and_destruction_0ii
                0x0000099e       0x66 drivers/SerialDriver.o
 .text._ZN10helicopter7drivers12SerialDriver10startTimerEv
                0x00000a04       0x10 drivers/SerialDriver.o
                0x00000a04                _ZN10helicopter7drivers12SerialDriver10startTimerEv
 .text._ZN10helicopter7drivers12SerialDriver9stopTimerEv
                0x00000a14       0x10 drivers/SerialDriver.o
                0x00000a14                _ZN10helicopter7drivers12SerialDriver9stopTimerEv
 .text.__vector_25
                0x00000a24       0x58 drivers/SerialDriver.o
                0x00000a24                __vector_25
 .text._GLOBAL__sub_I__ZN10helicopter7drivers12SerialDriver6bufferE
                0x00000a7c        0xe drivers/SerialDriver.o
 .text._GLOBAL__sub_D__ZN10helicopter7drivers12SerialDriver6bufferE
                0x00000a8a        0xe drivers/SerialDriver.o
 .text._ZN10helicopter5model11SystemModelC2Ev
                0x00000a98      0x440 HelicopterMain.o
                0x00000a98                _ZN10helicopter5model11SystemModelC1Ev
                0x00000a98                _ZN10helicopter5model11SystemModelC2Ev
 .text.main     0x00000ed8      0x4b4 HelicopterMain.o
                0x00000ed8                main
 .text._ZN10helicopter10interfaces29GroundControlStationInterface17calculateChecksumEPhiRhS3_
                0x0000138c       0x38 interfaces/GroundControlStationInterface.o
                0x0000138c                _ZN10helicopter10interfaces29GroundControlStationInterface17calculateChecksumEPhiRhS3_
 .text._ZN10helicopter10interfaces29GroundControlStationInterface7receiveERPNS_8messages7MessageE
                0x000013c4      0x2e2 interfaces/GroundControlStationInterface.o
                0x000013c4                _ZN10helicopter10interfaces29GroundControlStationInterface7receiveERPNS_8messages7MessageE
 .text._ZN10helicopter10interfaces24RadioControllerInterface10ScaleValueEl
                0x000016a6       0xb2 interfaces/RadioControllerInterface.o
                0x000016a6                _ZN10helicopter10interfaces24RadioControllerInterface10ScaleValueEl
 .text._ZN10helicopter10interfaces24RadioControllerInterface27getRadioControllerInterfaceEv
                0x00001758       0xc6 interfaces/RadioControllerInterface.o
                0x00001758                _ZN10helicopter10interfaces24RadioControllerInterface27getRadioControllerInterfaceEv
 .text.__vector_46
                0x0000181e      0x1ac interfaces/RadioControllerInterface.o
                0x0000181e                __vector_46
 .text._ZN10helicopter8messages12GainsMessageD2Ev
                0x000019ca        0xc messages/GainsMessage.o
                0x000019ca                _ZN10helicopter8messages12GainsMessageD2Ev
                0x000019ca                _ZN10helicopter8messages12GainsMessageD1Ev
 .text._ZN10helicopter8messages12GainsMessageD0Ev
                0x000019d6       0x10 messages/GainsMessage.o
                0x000019d6                _ZN10helicopter8messages12GainsMessageD0Ev
 .text._ZN10helicopter8messages12GainsMessage8getBytesEv
                0x000019e6      0x234 messages/GainsMessage.o
                0x000019e6                _ZN10helicopter8messages12GainsMessage8getBytesEv
 .text._ZN10helicopter8messages12GainsMessage12buildMessageEPh
                0x00001c1a      0x25e messages/GainsMessage.o
                0x00001c1a                _ZN10helicopter8messages12GainsMessage12buildMessageEPh
 .text._ZN10helicopter8messages12GainsMessage14buildMessageStEPh
                0x00001e78      0x138 messages/GainsMessage.o
                0x00001e78                _ZN10helicopter8messages12GainsMessage14buildMessageStEPh
 .text._ZN10helicopter8messages7MessageD2Ev
                0x00001fb0        0xc messages/Message.o
                0x00001fb0                _ZN10helicopter8messages7MessageD1Ev
                0x00001fb0                _ZN10helicopter8messages7MessageD2Ev
 .text._ZN10helicopter8messages7Message8getBytesEv
                0x00001fbc        0x6 messages/Message.o
                0x00001fbc                _ZN10helicopter8messages7Message8getBytesEv
 .text._ZN10helicopter8messages7Message12buildMessageEPh
                0x00001fc2        0x2 messages/Message.o
                0x00001fc2                _ZN10helicopter8messages7Message12buildMessageEPh
 .text._ZN10helicopter8messages7MessageD0Ev
                0x00001fc4       0x10 messages/Message.o
                0x00001fc4                _ZN10helicopter8messages7MessageD0Ev
 .text._ZN10helicopter8messages17SensorDataMessageD2Ev
                0x00001fd4        0xc messages/SensorDataMessage.o
                0x00001fd4                _ZN10helicopter8messages17SensorDataMessageD1Ev
                0x00001fd4                _ZN10helicopter8messages17SensorDataMessageD2Ev
 .text._ZN10helicopter8messages17SensorDataMessageD0Ev
                0x00001fe0       0x10 messages/SensorDataMessage.o
                0x00001fe0                _ZN10helicopter8messages17SensorDataMessageD0Ev
 .text._ZN10helicopter8messages17SensorDataMessage8getBytesEv
                0x00001ff0      0x12c messages/SensorDataMessage.o
                0x00001ff0                _ZN10helicopter8messages17SensorDataMessage8getBytesEv
 .text._ZN10helicopter8messages17SensorDataMessage12buildMessageEPh
                0x0000211c      0x15e messages/SensorDataMessage.o
                0x0000211c                _ZN10helicopter8messages17SensorDataMessage12buildMessageEPh
 .text._ZN10helicopter8messages17SensorDataMessage14buildMessageStEPh
                0x0000227a       0xc8 messages/SensorDataMessage.o
                0x0000227a                _ZN10helicopter8messages17SensorDataMessage14buildMessageStEPh
 .text._ZN10helicopter8messages22SimpleTelemetryMessageD2Ev
                0x00002342        0xc messages/SimpleTelemetryMessage.o
                0x00002342                _ZN10helicopter8messages22SimpleTelemetryMessageD2Ev
                0x00002342                _ZN10helicopter8messages22SimpleTelemetryMessageD1Ev
 .text._ZN10helicopter8messages22SimpleTelemetryMessageD0Ev
                0x0000234e       0x10 messages/SimpleTelemetryMessage.o
                0x0000234e                _ZN10helicopter8messages22SimpleTelemetryMessageD0Ev
 .text._ZN10helicopter8messages22SimpleTelemetryMessage8getBytesEv
                0x0000235e      0x2f4 messages/SimpleTelemetryMessage.o
                0x0000235e                _ZN10helicopter8messages22SimpleTelemetryMessage8getBytesEv
 .text._ZN10helicopter8messages22SimpleTelemetryMessage12buildMessageEPh
                0x00002652      0x31e messages/SimpleTelemetryMessage.o
                0x00002652                _ZN10helicopter8messages22SimpleTelemetryMessage12buildMessageEPh
 .text._ZN10helicopter8messages22SimpleTelemetryMessage14buildMessageStEPh
                0x00002970      0x18c messages/SimpleTelemetryMessage.o
                0x00002970                _ZN10helicopter8messages22SimpleTelemetryMessage14buildMessageStEPh
 .text._ZN10helicopter8messages22SystemTelemetryMessageD2Ev
                0x00002afc        0xc messages/SystemTelemetryMessage.o
                0x00002afc                _ZN10helicopter8messages22SystemTelemetryMessageD2Ev
                0x00002afc                _ZN10helicopter8messages22SystemTelemetryMessageD1Ev
 .text._ZN10helicopter8messages22SystemTelemetryMessageD0Ev
                0x00002b08       0x10 messages/SystemTelemetryMessage.o
                0x00002b08                _ZN10helicopter8messages22SystemTelemetryMessageD0Ev
 .text._ZN10helicopter8messages22SystemTelemetryMessage8getBytesEv
                0x00002b18      0x894 messages/SystemTelemetryMessage.o
                0x00002b18                _ZN10helicopter8messages22SystemTelemetryMessage8getBytesEv
 .text._ZN10helicopter8messages22SystemTelemetryMessage12buildMessageEPh
                0x000033ac      0x8be messages/SystemTelemetryMessage.o
                0x000033ac                _ZN10helicopter8messages22SystemTelemetryMessage12buildMessageEPh
 .text._ZN10helicopter8messages22SystemTelemetryMessage14buildMessageStEPh
                0x00003c6a      0x402 messages/SystemTelemetryMessage.o
                0x00003c6a                _ZN10helicopter8messages22SystemTelemetryMessage14buildMessageStEPh
 .text._ZN10helicopter10navigation4AHRS14scaleAndAdjustEPfS2_fRA3_f
                0x0000406c       0xbe navigation/AHRS.o
                0x0000406c                _ZN10helicopter10navigation4AHRS14scaleAndAdjustEPfS2_fRA3_f
 .text._ZN10helicopter10navigation4AHRS17orthonormalizeDcmEv
                0x0000412a       0xae navigation/AHRS.o
                0x0000412a                _ZN10helicopter10navigation4AHRS17orthonormalizeDcmEv
 .text._ZN10helicopter10navigation4AHRS6updateEfffffffff
                0x000041d8      0x5a2 navigation/AHRS.o
                0x000041d8                _ZN10helicopter10navigation4AHRS6updateEfffffffff
 .text._ZN10helicopter10navigation4AHRS10getYawRadsEv
                0x0000477a       0x14 navigation/AHRS.o
                0x0000477a                _ZN10helicopter10navigation4AHRS10getYawRadsEv
 .text._ZN10helicopter10navigation4AHRS12getPitchRadsEv
                0x0000478e       0x14 navigation/AHRS.o
                0x0000478e                _ZN10helicopter10navigation4AHRS12getPitchRadsEv
 .text._ZN10helicopter10navigation4AHRS11getRollRadsEv
                0x000047a2       0x14 navigation/AHRS.o
                0x000047a2                _ZN10helicopter10navigation4AHRS11getRollRadsEv
 .text._ZN10helicopter9scheduler9SchedulerC2Em9PRESCALERi
                0x000047b6       0x66 scheduler/Scheduler.o
                0x000047b6                _ZN10helicopter9scheduler9SchedulerC2Em9PRESCALERi
                0x000047b6                _ZN10helicopter9scheduler9SchedulerC1Em9PRESCALERi
 .text._ZN10helicopter9scheduler9Scheduler12getSchedulerEv
                0x0000481c       0x4c scheduler/Scheduler.o
                0x0000481c                _ZN10helicopter9scheduler9Scheduler12getSchedulerEv
 .text.__vector_13
                0x00004868       0xa6 scheduler/Scheduler.o
                0x00004868                __vector_13
 .text.__vector_36
                0x0000490e      0x12e sensors/GPSSensor.o
                0x0000490e                __vector_36
 .text._Znwj    0x00004a3c        0x6 util/CommonHeader.o
                0x00004a3c                _Znwj
 .text._ZdlPv   0x00004a42        0xa util/CommonHeader.o
                0x00004a42                _ZdlPv
 .text._Znaj    0x00004a4c        0x6 util/CommonHeader.o
                0x00004a4c                _Znaj
 .text._ZdaPv   0x00004a52        0xa util/CommonHeader.o
                0x00004a52                _ZdaPv
 .text._ZN10helicopter4util10MatrixUtil12CrossProductEPfS2_RA3_f
                0x00004a5c      0x108 util/MatrixUtil.o
                0x00004a5c                _ZN10helicopter4util10MatrixUtil12CrossProductEPfS2_RA3_f
 .text._ZN10helicopter4util10MatrixUtil9NormalizeERA3_f
                0x00004b64      0x12c util/MatrixUtil.o
                0x00004b64                _ZN10helicopter4util10MatrixUtil9NormalizeERA3_f
 .text._ZN10helicopter4util10MatrixUtil10DotProductEPfS2_
                0x00004c90       0x88 util/MatrixUtil.o
                0x00004c90                _ZN10helicopter4util10MatrixUtil10DotProductEPfS2_
 .text._ZN10helicopter4util5Timer11hasTimedoutEv
                0x00004d18       0x1c util/Timer.o
                0x00004d18                _ZN10helicopter4util5Timer11hasTimedoutEv
 .text._ZN10helicopter4util5Timer9stopTimerEv
                0x00004d34       0x1a util/Timer.o
                0x00004d34                _ZN10helicopter4util5Timer9stopTimerEv
 .text._ZN10helicopter4util5Timer10startTimerEv
                0x00004d4e       0xaa util/Timer.o
                0x00004d4e                _ZN10helicopter4util5Timer10startTimerEv
 .text.__vector_21
                0x00004df8       0x2e util/Timer.o
                0x00004df8                __vector_21
 .text.avr-libc.fplib
                0x00004e26        0xa c:/program files (x86)/atmel/atmel toolchain/avr8 gcc/native/3.4.2.1002/avr8-gnu-toolchain/bin/../lib/gcc/avr/4.7.2/../../../../avr/lib/avr6\libm.a(addsf3.o)
                0x00004e26                __subsf3
                0x00004e28                __addsf3
 .text.avr-libc.fplib
                0x00004e30       0xc0 c:/program files (x86)/atmel/atmel toolchain/avr8 gcc/native/3.4.2.1002/avr8-gnu-toolchain/bin/../lib/gcc/avr/4.7.2/../../../../avr/lib/avr6\libm.a(addsf3x.o)
                0x00004e4a                __addsf3x
 .text.avr-libc.fplib
                0x00004ef0       0x2e c:/program files (x86)/atmel/atmel toolchain/avr8 gcc/native/3.4.2.1002/avr8-gnu-toolchain/bin/../lib/gcc/avr/4.7.2/../../../../avr/lib/avr6\libm.a(asin.o)
                0x00004ef0                asin
 .text.avr-libc.fplib
                0x00004f1e       0x74 c:/program files (x86)/atmel/atmel toolchain/avr8 gcc/native/3.4.2.1002/avr8-gnu-toolchain/bin/../lib/gcc/avr/4.7.2/../../../../avr/lib/avr6\libm.a(atan2.o)
                0x00004f3c                atan2
 .text.avr-libc.fplib
                0x00004f92       0x50 c:/program files (x86)/atmel/atmel toolchain/avr8 gcc/native/3.4.2.1002/avr8-gnu-toolchain/bin/../lib/gcc/avr/4.7.2/../../../../avr/lib/avr6\libm.a(atan.o)
                0x00004f92                atan
 .text.avr-libc.fplib
                0x00004fe2        0x8 c:/program files (x86)/atmel/atmel toolchain/avr8 gcc/native/3.4.2.1002/avr8-gnu-toolchain/bin/../lib/gcc/avr/4.7.2/../../../../avr/lib/avr6\libm.a(cmpsf2.o)
                0x00004fe2                __nesf2
                0x00004fe2                __eqsf2
                0x00004fe2                __cmpsf2
                0x00004fe2                __ltsf2
                0x00004fe2                __lesf2
 .text.avr-libc.fplib
                0x00004fea        0x4 c:/program files (x86)/atmel/atmel toolchain/avr8 gcc/native/3.4.2.1002/avr8-gnu-toolchain/bin/../lib/gcc/avr/4.7.2/../../../../avr/lib/avr6\libm.a(divsf3.o)
                0x00004fea                __divsf3
 .text.avr-libc.fplib
                0x00004fee       0xcc c:/program files (x86)/atmel/atmel toolchain/avr8 gcc/native/3.4.2.1002/avr8-gnu-toolchain/bin/../lib/gcc/avr/4.7.2/../../../../avr/lib/avr6\libm.a(divsf3x.o)
                0x00005004                __divsf3x
                0x00005008                __divsf3_pse
 .text.avr-libc.fplib
                0x000050ba       0x58 c:/program files (x86)/atmel/atmel toolchain/avr8 gcc/native/3.4.2.1002/avr8-gnu-toolchain/bin/../lib/gcc/avr/4.7.2/../../../../avr/lib/avr6\libm.a(fixunssfsi.o)
                0x000050ba                __fixunssfsi
 .text.avr-libc.fplib
                0x00005112       0x7a c:/program files (x86)/atmel/atmel toolchain/avr8 gcc/native/3.4.2.1002/avr8-gnu-toolchain/bin/../lib/gcc/avr/4.7.2/../../../../avr/lib/avr6\libm.a(floatsisf.o)
                0x00005112                __floatunsisf
                0x00005116                __floatsisf
 .text.avr-libc.fplib
                0x0000518c       0x26 c:/program files (x86)/atmel/atmel toolchain/avr8 gcc/native/3.4.2.1002/avr8-gnu-toolchain/bin/../lib/gcc/avr/4.7.2/../../../../avr/lib/avr6\libm.a(floor.o)
                0x0000518c                floor
 .text.avr-libc.fplib
                0x000051b2       0x36 c:/program files (x86)/atmel/atmel toolchain/avr8 gcc/native/3.4.2.1002/avr8-gnu-toolchain/bin/../lib/gcc/avr/4.7.2/../../../../avr/lib/avr6\libm.a(fp_arccos.o)
                0x000051b2                __fp_arccos
 .text.avr-libc.fplib
                0x000051e8       0x48 c:/program files (x86)/atmel/atmel toolchain/avr8 gcc/native/3.4.2.1002/avr8-gnu-toolchain/bin/../lib/gcc/avr/4.7.2/../../../../avr/lib/avr6\libm.a(fp_cmp.o)
                0x000051e8                __fp_cmp
 .text.avr-libc.fplib
                0x00005230        0xc c:/program files (x86)/atmel/atmel toolchain/avr8 gcc/native/3.4.2.1002/avr8-gnu-toolchain/bin/../lib/gcc/avr/4.7.2/../../../../avr/lib/avr6\libm.a(fp_inf.o)
                0x00005230                __fp_inf
 .text.avr-libc.fplib
                0x0000523c       0x36 c:/program files (x86)/atmel/atmel toolchain/avr8 gcc/native/3.4.2.1002/avr8-gnu-toolchain/bin/../lib/gcc/avr/4.7.2/../../../../avr/lib/avr6\libm.a(fp_mintl.o)
                0x0000523c                __fp_mintl
 .text.avr-libc.fplib
                0x00005272       0x1c c:/program files (x86)/atmel/atmel toolchain/avr8 gcc/native/3.4.2.1002/avr8-gnu-toolchain/bin/../lib/gcc/avr/4.7.2/../../../../avr/lib/avr6\libm.a(fp_mpack.o)
                0x00005272                __fp_mpack
                0x00005276                __fp_mpack_finite
 .text.avr-libc.fplib
                0x0000528e        0x6 c:/program files (x86)/atmel/atmel toolchain/avr8 gcc/native/3.4.2.1002/avr8-gnu-toolchain/bin/../lib/gcc/avr/4.7.2/../../../../avr/lib/avr6\libm.a(fp_nan.o)
                0x0000528e                __fp_nan
 .text.avr-libc.fplib
                0x00005294       0x4a c:/program files (x86)/atmel/atmel toolchain/avr8 gcc/native/3.4.2.1002/avr8-gnu-toolchain/bin/../lib/gcc/avr/4.7.2/../../../../avr/lib/avr6\libm.a(fp_powser.o)
                0x00005294                __fp_powser
 .text.avr-libc.fplib
                0x000052de       0x22 c:/program files (x86)/atmel/atmel toolchain/avr8 gcc/native/3.4.2.1002/avr8-gnu-toolchain/bin/../lib/gcc/avr/4.7.2/../../../../avr/lib/avr6\libm.a(fp_powsodd.o)
                0x000052de                __fp_powsodd
 .text.avr-libc.fplib
                0x00005300        0xe c:/program files (x86)/atmel/atmel toolchain/avr8 gcc/native/3.4.2.1002/avr8-gnu-toolchain/bin/../lib/gcc/avr/4.7.2/../../../../avr/lib/avr6\libm.a(fp_pscA.o)
                0x00005300                __fp_pscA
 .text.avr-libc.fplib
                0x0000530e        0xe c:/program files (x86)/atmel/atmel toolchain/avr8 gcc/native/3.4.2.1002/avr8-gnu-toolchain/bin/../lib/gcc/avr/4.7.2/../../../../avr/lib/avr6\libm.a(fp_pscB.o)
                0x0000530e                __fp_pscB
 .text.avr-libc.fplib
                0x0000531c       0x22 c:/program files (x86)/atmel/atmel toolchain/avr8 gcc/native/3.4.2.1002/avr8-gnu-toolchain/bin/../lib/gcc/avr/4.7.2/../../../../avr/lib/avr6\libm.a(fp_round.o)
                0x0000531c                __fp_round
 .text.avr-libc.fplib
                0x0000533e       0x44 c:/program files (x86)/atmel/atmel toolchain/avr8 gcc/native/3.4.2.1002/avr8-gnu-toolchain/bin/../lib/gcc/avr/4.7.2/../../../../avr/lib/avr6\libm.a(fp_split3.o)
                0x0000533e                __fp_split3
                0x0000534e                __fp_splitA
 .text.avr-libc.fplib
                0x00005382       0x2e c:/program files (x86)/atmel/atmel toolchain/avr8 gcc/native/3.4.2.1002/avr8-gnu-toolchain/bin/../lib/gcc/avr/4.7.2/../../../../avr/lib/avr6\libm.a(fp_trunc.o)
                0x00005382                __fp_trunc
 .text.avr-libc.fplib
                0x000053b0        0xe c:/program files (x86)/atmel/atmel toolchain/avr8 gcc/native/3.4.2.1002/avr8-gnu-toolchain/bin/../lib/gcc/avr/4.7.2/../../../../avr/lib/avr6\libm.a(fp_zero.o)
                0x000053b0                __fp_zero
                0x000053b2                __fp_szero
 .text.avr-libc.fplib
                0x000053be        0x8 c:/program files (x86)/atmel/atmel toolchain/avr8 gcc/native/3.4.2.1002/avr8-gnu-toolchain/bin/../lib/gcc/avr/4.7.2/../../../../avr/lib/avr6\libm.a(gesf2.o)
                0x000053be                __gesf2
                0x000053be                __gtsf2
 .text.avr-libc.fplib
                0x000053c6        0xe c:/program files (x86)/atmel/atmel toolchain/avr8 gcc/native/3.4.2.1002/avr8-gnu-toolchain/bin/../lib/gcc/avr/4.7.2/../../../../avr/lib/avr6\libm.a(inverse.o)
                0x000053c6                inverse
 .text.avr-libc.fplib
                0x000053d4        0x4 c:/program files (x86)/atmel/atmel toolchain/avr8 gcc/native/3.4.2.1002/avr8-gnu-toolchain/bin/../lib/gcc/avr/4.7.2/../../../../avr/lib/avr6\libm.a(mulsf3.o)
                0x000053d4                __mulsf3
 .text.avr-libc.fplib
                0x000053d8       0xc2 c:/program files (x86)/atmel/atmel toolchain/avr8 gcc/native/3.4.2.1002/avr8-gnu-toolchain/bin/../lib/gcc/avr/4.7.2/../../../../avr/lib/avr6\libm.a(mulsf3x.o)
                0x000053ec                __mulsf3x
                0x000053f0                __mulsf3_pse
 .text.avr-libc.fplib
                0x0000549a       0x84 c:/program files (x86)/atmel/atmel toolchain/avr8 gcc/native/3.4.2.1002/avr8-gnu-toolchain/bin/../lib/gcc/avr/4.7.2/../../../../avr/lib/avr6\libm.a(sqrt.o)
                0x000054a2                sqrt
 .text.avr-libc.fplib
                0x0000551e        0x6 c:/program files (x86)/atmel/atmel toolchain/avr8 gcc/native/3.4.2.1002/avr8-gnu-toolchain/bin/../lib/gcc/avr/4.7.2/../../../../avr/lib/avr6\libm.a(square.o)
                0x0000551e                square
 .text.avr-libc.fplib
                0x00005524        0xe c:/program files (x86)/atmel/atmel toolchain/avr8 gcc/native/3.4.2.1002/avr8-gnu-toolchain/bin/../lib/gcc/avr/4.7.2/../../../../avr/lib/avr6\libm.a(fp_norm2.o)
                0x00005524                __fp_norm2
 .text.libgcc.div
                0x00005532       0x44 c:/program files (x86)/atmel/atmel toolchain/avr8 gcc/native/3.4.2.1002/avr8-gnu-toolchain/bin/../lib/gcc/avr/4.7.2/avr6\libgcc.a(_udivmodsi4.o)
                0x00005532                __udivmodsi4
 .text.libgcc   0x00005576        0x8 c:/program files (x86)/atmel/atmel toolchain/avr8 gcc/native/3.4.2.1002/avr8-gnu-toolchain/bin/../lib/gcc/avr/4.7.2/avr6\libgcc.a(_tablejump_elpm.o)
                0x00005576                __tablejump_elpm__
 .text.libgcc.builtins
                0x0000557e       0x1e c:/program files (x86)/atmel/atmel toolchain/avr8 gcc/native/3.4.2.1002/avr8-gnu-toolchain/bin/../lib/gcc/avr/4.7.2/avr6\libgcc.a(_ashrdi3.o)
                0x0000557e                __ashrdi3
 .text.avr-libc
                0x0000559c      0x274 c:/program files (x86)/atmel/atmel toolchain/avr8 gcc/native/3.4.2.1002/avr8-gnu-toolchain/bin/../lib/gcc/avr/4.7.2/../../../../avr/lib/avr6\libc.a(malloc.o)
                0x0000559c                malloc
                0x000056d2                free
                0x00005810                . = ALIGN (0x2)
 *(.fini9)
 .fini9         0x00005810        0x0 c:/program files (x86)/atmel/atmel toolchain/avr8 gcc/native/3.4.2.1002/avr8-gnu-toolchain/bin/../lib/gcc/avr/4.7.2/avr6\libgcc.a(_exit.o)
                0x00005810                _exit
                0x00005810                exit
 *(.fini9)
 *(.fini8)
 *(.fini8)
 *(.fini7)
 *(.fini7)
 *(.fini6)
 .fini6         0x00005810       0x20 c:/program files (x86)/atmel/atmel toolchain/avr8 gcc/native/3.4.2.1002/avr8-gnu-toolchain/bin/../lib/gcc/avr/4.7.2/avr6\libgcc.a(_dtors.o)
                0x00005810                __do_global_dtors
 *(.fini6)
 *(.fini5)
 *(.fini5)
 *(.fini4)
 *(.fini4)
 *(.fini3)
 *(.fini3)
 *(.fini2)
 *(.fini2)
 *(.fini1)
 *(.fini1)
 *(.fini0)
 .fini0         0x00005830        0x4 c:/program files (x86)/atmel/atmel toolchain/avr8 gcc/native/3.4.2.1002/avr8-gnu-toolchain/bin/../lib/gcc/avr/4.7.2/avr6\libgcc.a(_exit.o)
 *(.fini0)
                0x00005834                _etext = .

.data           0x00800200       0x62 load address 0x00005834
                0x00800200                PROVIDE (__data_start, .)
 *(.data)
 .data          0x00800200        0x0 c:/program files (x86)/atmel/atmel toolchain/avr8 gcc/native/3.4.2.1002/avr8-gnu-toolchain/bin/../lib/gcc/avr/4.7.2/../../../../avr/lib/avr6/crtm2560.o
 .data          0x00800200        0x0 buffer/Buffer.o
 .data          0x00800200        0x0 buffer/CircularBuffer.o
 .data          0x00800200        0x0 buffer/Record.o
 .data          0x00800200        0x0 controller/PIDController.o
 .data          0x00800200        0x0 drivers/SerialDriver.o
 .data          0x00800200        0x0 drivers/SPIDriver.o
 .data          0x00800200        0x0 drivers/TWIDriver.o
 .data          0x00800200        0x0 HelicopterMain.o
 .data          0x00800200        0x0 interfaces/GroundControlStationInterface.o
 .data          0x00800200        0x0 interfaces/RadioControllerInterface.o
 .data          0x00800200        0x0 messages/ControlMessage.o
 .data          0x00800200        0x0 messages/GainsMessage.o
 .data          0x00800200        0x0 messages/Message.o
 .data          0x00800200        0x0 messages/SensorDataMessage.o
 .data          0x00800200        0x0 messages/SimpleTelemetryMessage.o
 .data          0x00800200        0x0 messages/SyncMessage.o
 .data          0x00800200        0x0 messages/SystemTelemetryMessage.o
 .data          0x00800200        0x0 model/SystemModel.o
 .data          0x00800200        0x0 navigation/AHRS.o
 .data          0x00800200        0x0 scheduler/Scheduler.o
 .data          0x00800200        0x0 sensors/BarometerSensor.o
 .data          0x00800200        0x0 sensors/GPSSensor.o
 .data          0x00800200        0x0 sensors/IMUSensor.o
 .data          0x00800200        0x0 sensors/MagnetometerSensor.o
 .data          0x00800200        0x0 tasks/NavigationTask.o
 .data          0x00800200        0x0 tasks/PIDInnerLoopTask.o
 .data          0x00800200        0x0 tasks/PIDOuterLoopTask.o
 .data          0x00800200        0x0 tasks/ReadBarometerSensorTask.o
 .data          0x00800200        0x0 tasks/ReadGPSSensorTask.o
 .data          0x00800200        0x0 tasks/ReadIMUSensorTask.o
 .data          0x00800200        0x0 tasks/ReadMagnetometerSensorTask.o
 .data          0x00800200        0x0 tasks/ServoControlTask.o
 .data          0x00800200        0x0 tasks/SimTelemetryTask.o
 .data          0x00800200        0x0 tasks/Task.o
 .data          0x00800200        0x0 tasks/TransmitTelemetryTask.o
 .data          0x00800200        0x0 util/CommonHeader.o
 .data          0x00800200        0x0 util/CoordinateUtil.o
 .data          0x00800200        0x0 util/MatrixUtil.o
 .data          0x00800200        0x0 util/Timer.o
 .data          0x00800200        0x0 c:/program files (x86)/atmel/atmel toolchain/avr8 gcc/native/3.4.2.1002/avr8-gnu-toolchain/bin/../lib/gcc/avr/4.7.2/../../../../avr/lib/avr6\libm.a(addsf3.o)
 .data          0x00800200        0x0 c:/program files (x86)/atmel/atmel toolchain/avr8 gcc/native/3.4.2.1002/avr8-gnu-toolchain/bin/../lib/gcc/avr/4.7.2/../../../../avr/lib/avr6\libm.a(addsf3x.o)
 .data          0x00800200        0x0 c:/program files (x86)/atmel/atmel toolchain/avr8 gcc/native/3.4.2.1002/avr8-gnu-toolchain/bin/../lib/gcc/avr/4.7.2/../../../../avr/lib/avr6\libm.a(asin.o)
 .data          0x00800200        0x0 c:/program files (x86)/atmel/atmel toolchain/avr8 gcc/native/3.4.2.1002/avr8-gnu-toolchain/bin/../lib/gcc/avr/4.7.2/../../../../avr/lib/avr6\libm.a(atan2.o)
 .data          0x00800200        0x0 c:/program files (x86)/atmel/atmel toolchain/avr8 gcc/native/3.4.2.1002/avr8-gnu-toolchain/bin/../lib/gcc/avr/4.7.2/../../../../avr/lib/avr6\libm.a(atan.o)
 .data          0x00800200        0x0 c:/program files (x86)/atmel/atmel toolchain/avr8 gcc/native/3.4.2.1002/avr8-gnu-toolchain/bin/../lib/gcc/avr/4.7.2/../../../../avr/lib/avr6\libm.a(cmpsf2.o)
 .data          0x00800200        0x0 c:/program files (x86)/atmel/atmel toolchain/avr8 gcc/native/3.4.2.1002/avr8-gnu-toolchain/bin/../lib/gcc/avr/4.7.2/../../../../avr/lib/avr6\libm.a(cos.o)
 .data          0x00800200        0x0 c:/program files (x86)/atmel/atmel toolchain/avr8 gcc/native/3.4.2.1002/avr8-gnu-toolchain/bin/../lib/gcc/avr/4.7.2/../../../../avr/lib/avr6\libm.a(divsf3.o)
 .data          0x00800200        0x0 c:/program files (x86)/atmel/atmel toolchain/avr8 gcc/native/3.4.2.1002/avr8-gnu-toolchain/bin/../lib/gcc/avr/4.7.2/../../../../avr/lib/avr6\libm.a(divsf3x.o)
 .data          0x00800200        0x0 c:/program files (x86)/atmel/atmel toolchain/avr8 gcc/native/3.4.2.1002/avr8-gnu-toolchain/bin/../lib/gcc/avr/4.7.2/../../../../avr/lib/avr6\libm.a(fixsfsi.o)
 .data          0x00800200        0x0 c:/program files (x86)/atmel/atmel toolchain/avr8 gcc/native/3.4.2.1002/avr8-gnu-toolchain/bin/../lib/gcc/avr/4.7.2/../../../../avr/lib/avr6\libm.a(fixunssfsi.o)
 .data          0x00800200        0x0 c:/program files (x86)/atmel/atmel toolchain/avr8 gcc/native/3.4.2.1002/avr8-gnu-toolchain/bin/../lib/gcc/avr/4.7.2/../../../../avr/lib/avr6\libm.a(floatsisf.o)
 .data          0x00800200        0x0 c:/program files (x86)/atmel/atmel toolchain/avr8 gcc/native/3.4.2.1002/avr8-gnu-toolchain/bin/../lib/gcc/avr/4.7.2/../../../../avr/lib/avr6\libm.a(floor.o)
 .data          0x00800200        0x0 c:/program files (x86)/atmel/atmel toolchain/avr8 gcc/native/3.4.2.1002/avr8-gnu-toolchain/bin/../lib/gcc/avr/4.7.2/../../../../avr/lib/avr6\libm.a(fp_arccos.o)
 .data          0x00800200        0x0 c:/program files (x86)/atmel/atmel toolchain/avr8 gcc/native/3.4.2.1002/avr8-gnu-toolchain/bin/../lib/gcc/avr/4.7.2/../../../../avr/lib/avr6\libm.a(fp_cmp.o)
 .data          0x00800200        0x0 c:/program files (x86)/atmel/atmel toolchain/avr8 gcc/native/3.4.2.1002/avr8-gnu-toolchain/bin/../lib/gcc/avr/4.7.2/../../../../avr/lib/avr6\libm.a(fp_inf.o)
 .data          0x00800200        0x0 c:/program files (x86)/atmel/atmel toolchain/avr8 gcc/native/3.4.2.1002/avr8-gnu-toolchain/bin/../lib/gcc/avr/4.7.2/../../../../avr/lib/avr6\libm.a(fp_mintl.o)
 .data          0x00800200        0x0 c:/program files (x86)/atmel/atmel toolchain/avr8 gcc/native/3.4.2.1002/avr8-gnu-toolchain/bin/../lib/gcc/avr/4.7.2/../../../../avr/lib/avr6\libm.a(fp_mpack.o)
 .data          0x00800200        0x0 c:/program files (x86)/atmel/atmel toolchain/avr8 gcc/native/3.4.2.1002/avr8-gnu-toolchain/bin/../lib/gcc/avr/4.7.2/../../../../avr/lib/avr6\libm.a(fp_nan.o)
 .data          0x00800200        0x0 c:/program files (x86)/atmel/atmel toolchain/avr8 gcc/native/3.4.2.1002/avr8-gnu-toolchain/bin/../lib/gcc/avr/4.7.2/../../../../avr/lib/avr6\libm.a(fp_powser.o)
 .data          0x00800200        0x0 c:/program files (x86)/atmel/atmel toolchain/avr8 gcc/native/3.4.2.1002/avr8-gnu-toolchain/bin/../lib/gcc/avr/4.7.2/../../../../avr/lib/avr6\libm.a(fp_powsodd.o)
 .data          0x00800200        0x0 c:/program files (x86)/atmel/atmel toolchain/avr8 gcc/native/3.4.2.1002/avr8-gnu-toolchain/bin/../lib/gcc/avr/4.7.2/../../../../avr/lib/avr6\libm.a(fp_pscA.o)
 .data          0x00800200        0x0 c:/program files (x86)/atmel/atmel toolchain/avr8 gcc/native/3.4.2.1002/avr8-gnu-toolchain/bin/../lib/gcc/avr/4.7.2/../../../../avr/lib/avr6\libm.a(fp_pscB.o)
 .data          0x00800200        0x0 c:/program files (x86)/atmel/atmel toolchain/avr8 gcc/native/3.4.2.1002/avr8-gnu-toolchain/bin/../lib/gcc/avr/4.7.2/../../../../avr/lib/avr6\libm.a(fp_rempio2.o)
 .data          0x00800200        0x0 c:/program files (x86)/atmel/atmel toolchain/avr8 gcc/native/3.4.2.1002/avr8-gnu-toolchain/bin/../lib/gcc/avr/4.7.2/../../../../avr/lib/avr6\libm.a(fp_round.o)
 .data          0x00800200        0x0 c:/program files (x86)/atmel/atmel toolchain/avr8 gcc/native/3.4.2.1002/avr8-gnu-toolchain/bin/../lib/gcc/avr/4.7.2/../../../../avr/lib/avr6\libm.a(fp_sinus.o)
 .data          0x00800200        0x0 c:/program files (x86)/atmel/atmel toolchain/avr8 gcc/native/3.4.2.1002/avr8-gnu-toolchain/bin/../lib/gcc/avr/4.7.2/../../../../avr/lib/avr6\libm.a(fp_split3.o)
 .data          0x00800200        0x0 c:/program files (x86)/atmel/atmel toolchain/avr8 gcc/native/3.4.2.1002/avr8-gnu-toolchain/bin/../lib/gcc/avr/4.7.2/../../../../avr/lib/avr6\libm.a(fp_trunc.o)
 .data          0x00800200        0x0 c:/program files (x86)/atmel/atmel toolchain/avr8 gcc/native/3.4.2.1002/avr8-gnu-toolchain/bin/../lib/gcc/avr/4.7.2/../../../../avr/lib/avr6\libm.a(fp_zero.o)
 .data          0x00800200        0x0 c:/program files (x86)/atmel/atmel toolchain/avr8 gcc/native/3.4.2.1002/avr8-gnu-toolchain/bin/../lib/gcc/avr/4.7.2/../../../../avr/lib/avr6\libm.a(gesf2.o)
 .data          0x00800200        0x0 c:/program files (x86)/atmel/atmel toolchain/avr8 gcc/native/3.4.2.1002/avr8-gnu-toolchain/bin/../lib/gcc/avr/4.7.2/../../../../avr/lib/avr6\libm.a(inverse.o)
 .data          0x00800200        0x0 c:/program files (x86)/atmel/atmel toolchain/avr8 gcc/native/3.4.2.1002/avr8-gnu-toolchain/bin/../lib/gcc/avr/4.7.2/../../../../avr/lib/avr6\libm.a(log10.o)
 .data          0x00800200        0x0 c:/program files (x86)/atmel/atmel toolchain/avr8 gcc/native/3.4.2.1002/avr8-gnu-toolchain/bin/../lib/gcc/avr/4.7.2/../../../../avr/lib/avr6\libm.a(log.o)
 .data          0x00800200        0x0 c:/program files (x86)/atmel/atmel toolchain/avr8 gcc/native/3.4.2.1002/avr8-gnu-toolchain/bin/../lib/gcc/avr/4.7.2/../../../../avr/lib/avr6\libm.a(mulsf3.o)
 .data          0x00800200        0x0 c:/program files (x86)/atmel/atmel toolchain/avr8 gcc/native/3.4.2.1002/avr8-gnu-toolchain/bin/../lib/gcc/avr/4.7.2/../../../../avr/lib/avr6\libm.a(mulsf3x.o)
 .data          0x00800200        0x0 c:/program files (x86)/atmel/atmel toolchain/avr8 gcc/native/3.4.2.1002/avr8-gnu-toolchain/bin/../lib/gcc/avr/4.7.2/../../../../avr/lib/avr6\libm.a(pow.o)
 .data          0x00800200        0x0 c:/program files (x86)/atmel/atmel toolchain/avr8 gcc/native/3.4.2.1002/avr8-gnu-toolchain/bin/../lib/gcc/avr/4.7.2/../../../../avr/lib/avr6\libm.a(sin.o)
 .data          0x00800200        0x0 c:/program files (x86)/atmel/atmel toolchain/avr8 gcc/native/3.4.2.1002/avr8-gnu-toolchain/bin/../lib/gcc/avr/4.7.2/../../../../avr/lib/avr6\libm.a(sqrt.o)
 .data          0x00800200        0x0 c:/program files (x86)/atmel/atmel toolchain/avr8 gcc/native/3.4.2.1002/avr8-gnu-toolchain/bin/../lib/gcc/avr/4.7.2/../../../../avr/lib/avr6\libm.a(square.o)
 .data          0x00800200        0x0 c:/program files (x86)/atmel/atmel toolchain/avr8 gcc/native/3.4.2.1002/avr8-gnu-toolchain/bin/../lib/gcc/avr/4.7.2/../../../../avr/lib/avr6\libm.a(unordsf2.o)
 .data          0x00800200        0x0 c:/program files (x86)/atmel/atmel toolchain/avr8 gcc/native/3.4.2.1002/avr8-gnu-toolchain/bin/../lib/gcc/avr/4.7.2/../../../../avr/lib/avr6\libm.a(exp.o)
 .data          0x00800200        0x0 c:/program files (x86)/atmel/atmel toolchain/avr8 gcc/native/3.4.2.1002/avr8-gnu-toolchain/bin/../lib/gcc/avr/4.7.2/../../../../avr/lib/avr6\libm.a(fp_norm2.o)
 .data          0x00800200        0x0 c:/program files (x86)/atmel/atmel toolchain/avr8 gcc/native/3.4.2.1002/avr8-gnu-toolchain/bin/../lib/gcc/avr/4.7.2/../../../../avr/lib/avr6\libm.a(ldexp.o)
 .data          0x00800200        0x0 c:/program files (x86)/atmel/atmel toolchain/avr8 gcc/native/3.4.2.1002/avr8-gnu-toolchain/bin/../lib/gcc/avr/4.7.2/../../../../avr/lib/avr6\libm.a(modf.o)
 .data          0x00800200        0x0 c:/program files (x86)/atmel/atmel toolchain/avr8 gcc/native/3.4.2.1002/avr8-gnu-toolchain/bin/../lib/gcc/avr/4.7.2/avr6\libgcc.a(_divmodhi4.o)
 .data          0x00800200        0x0 c:/program files (x86)/atmel/atmel toolchain/avr8 gcc/native/3.4.2.1002/avr8-gnu-toolchain/bin/../lib/gcc/avr/4.7.2/avr6\libgcc.a(_udivmodsi4.o)
 .data          0x00800200        0x0 c:/program files (x86)/atmel/atmel toolchain/avr8 gcc/native/3.4.2.1002/avr8-gnu-toolchain/bin/../lib/gcc/avr/4.7.2/avr6\libgcc.a(_exit.o)
 .data          0x00800200        0x0 c:/program files (x86)/atmel/atmel toolchain/avr8 gcc/native/3.4.2.1002/avr8-gnu-toolchain/bin/../lib/gcc/avr/4.7.2/avr6\libgcc.a(_copy_data.o)
 .data          0x00800200        0x0 c:/program files (x86)/atmel/atmel toolchain/avr8 gcc/native/3.4.2.1002/avr8-gnu-toolchain/bin/../lib/gcc/avr/4.7.2/avr6\libgcc.a(_clear_bss.o)
 .data          0x00800200        0x0 c:/program files (x86)/atmel/atmel toolchain/avr8 gcc/native/3.4.2.1002/avr8-gnu-toolchain/bin/../lib/gcc/avr/4.7.2/avr6\libgcc.a(_ctors.o)
 .data          0x00800200        0x0 c:/program files (x86)/atmel/atmel toolchain/avr8 gcc/native/3.4.2.1002/avr8-gnu-toolchain/bin/../lib/gcc/avr/4.7.2/avr6\libgcc.a(_dtors.o)
 .data          0x00800200        0x0 c:/program files (x86)/atmel/atmel toolchain/avr8 gcc/native/3.4.2.1002/avr8-gnu-toolchain/bin/../lib/gcc/avr/4.7.2/avr6\libgcc.a(_muldi3.o)
 .data          0x00800200        0x0 c:/program files (x86)/atmel/atmel toolchain/avr8 gcc/native/3.4.2.1002/avr8-gnu-toolchain/bin/../lib/gcc/avr/4.7.2/avr6\libgcc.a(_tablejump_elpm.o)
 .data          0x00800200        0x0 c:/program files (x86)/atmel/atmel toolchain/avr8 gcc/native/3.4.2.1002/avr8-gnu-toolchain/bin/../lib/gcc/avr/4.7.2/avr6\libgcc.a(_ashldi3.o)
 .data          0x00800200        0x0 c:/program files (x86)/atmel/atmel toolchain/avr8 gcc/native/3.4.2.1002/avr8-gnu-toolchain/bin/../lib/gcc/avr/4.7.2/avr6\libgcc.a(_ashrdi3.o)
 .data          0x00800200        0x0 c:/program files (x86)/atmel/atmel toolchain/avr8 gcc/native/3.4.2.1002/avr8-gnu-toolchain/bin/../lib/gcc/avr/4.7.2/avr6\libgcc.a(_adddi3.o)
 .data          0x00800200        0x0 c:/program files (x86)/atmel/atmel toolchain/avr8 gcc/native/3.4.2.1002/avr8-gnu-toolchain/bin/../lib/gcc/avr/4.7.2/avr6\libgcc.a(_subdi3.o)
 .data          0x00800200        0x0 c:/program files (x86)/atmel/atmel toolchain/avr8 gcc/native/3.4.2.1002/avr8-gnu-toolchain/bin/../lib/gcc/avr/4.7.2/avr6\libgcc.a(_udivmodhi4.o)
 .data          0x00800200        0x0 c:/program files (x86)/atmel/atmel toolchain/avr8 gcc/native/3.4.2.1002/avr8-gnu-toolchain/bin/../lib/gcc/avr/4.7.2/avr6\libgcc.a(_umulhisi3.o)
 .data          0x00800200        0x6 c:/program files (x86)/atmel/atmel toolchain/avr8 gcc/native/3.4.2.1002/avr8-gnu-toolchain/bin/../lib/gcc/avr/4.7.2/../../../../avr/lib/avr6\libc.a(malloc.o)
                0x00800200                __malloc_heap_end
                0x00800202                __malloc_heap_start
                0x00800204                __malloc_margin
 .data          0x00800206        0x0 c:/program files (x86)/atmel/atmel toolchain/avr8 gcc/native/3.4.2.1002/avr8-gnu-toolchain/bin/../lib/gcc/avr/4.7.2/../../../../avr/lib/avr6\libc.a(memcpy.o)
 *(.data*)
 .data._ZN10helicopter10navigation4AHRS39MAGNETOMETER_ANGULARDISPLACEMENT_WEIGHTE
                0x00800206        0x4 navigation/AHRS.o
                0x00800206                _ZN10helicopter10navigation4AHRS39MAGNETOMETER_ANGULARDISPLACEMENT_WEIGHTE
 .data._ZN10helicopter10navigation4AHRS40ACCELEROMETER_ANGULARDISPLACEMENT_WEIGHTE
                0x0080020a        0x4 navigation/AHRS.o
                0x0080020a                _ZN10helicopter10navigation4AHRS40ACCELEROMETER_ANGULARDISPLACEMENT_WEIGHTE
 *(.rodata)
 *(.rodata*)
 .rodata._ZTVN10helicopter7drivers12SerialDriverE
                0x0080020e       0x18 drivers/SerialDriver.o
                0x0080020e                _ZTVN10helicopter7drivers12SerialDriverE
 .rodata._ZTVN10helicopter8messages12GainsMessageE
                0x00800226        0xc messages/GainsMessage.o
                0x00800226                _ZTVN10helicopter8messages12GainsMessageE
 .rodata._ZTVN10helicopter8messages7MessageE
                0x00800232        0xc messages/Message.o
                0x00800232                _ZTVN10helicopter8messages7MessageE
 .rodata._ZTVN10helicopter8messages17SensorDataMessageE
                0x0080023e        0xc messages/SensorDataMessage.o
                0x0080023e                _ZTVN10helicopter8messages17SensorDataMessageE
 .rodata._ZTVN10helicopter8messages22SimpleTelemetryMessageE
                0x0080024a        0xc messages/SimpleTelemetryMessage.o
                0x0080024a                _ZTVN10helicopter8messages22SimpleTelemetryMessageE
 .rodata._ZTVN10helicopter8messages22SystemTelemetryMessageE
                0x00800256        0xc messages/SystemTelemetryMessage.o
                0x00800256                _ZTVN10helicopter8messages22SystemTelemetryMessageE
 *(.gnu.linkonce.d*)
                0x00800262                . = ALIGN (0x2)
                0x00800262                _edata = .
                0x00800262                PROVIDE (__data_end, .)

.bss            0x00800262       0x90
                0x00800262                PROVIDE (__bss_start, .)
 *(.bss)
 *(.bss*)
 .bss._ZN10helicopter7drivers12SerialDriver6bufferE
                0x00800262        0xa drivers/SerialDriver.o
                0x00800262                _ZN10helicopter7drivers12SerialDriver6bufferE
 .bss._ZN10helicopter10interfaces24RadioControllerInterface24radioControllerInterfaceE
                0x0080026c        0x2 interfaces/RadioControllerInterface.o
                0x0080026c                _ZN10helicopter10interfaces24RadioControllerInterface24radioControllerInterfaceE
 .bss._ZN10helicopter9scheduler9Scheduler9schedulerE
                0x0080026e        0x2 scheduler/Scheduler.o
                0x0080026e                _ZN10helicopter9scheduler9Scheduler9schedulerE
 .bss._ZN10helicopter7sensors9GPSSensor8crcErrorE
                0x00800270        0x1 sensors/GPSSensor.o
                0x00800270                _ZN10helicopter7sensors9GPSSensor8crcErrorE
 .bss._ZN10helicopter7sensors9GPSSensor17navSolMsgReceivedE
                0x00800271        0x1 sensors/GPSSensor.o
                0x00800271                _ZN10helicopter7sensors9GPSSensor17navSolMsgReceivedE
 .bss._ZN10helicopter7sensors9GPSSensor19navSolBufferCounterE
                0x00800272        0x2 sensors/GPSSensor.o
                0x00800272                _ZN10helicopter7sensors9GPSSensor19navSolBufferCounterE
 .bss._ZN10helicopter7sensors9GPSSensor16navSolMsgBuffer2E
                0x00800274       0x3c sensors/GPSSensor.o
                0x00800274                _ZN10helicopter7sensors9GPSSensor16navSolMsgBuffer2E
 .bss._ZN10helicopter7sensors9GPSSensor15navSolMsgBufferE
                0x008002b0       0x3c sensors/GPSSensor.o
                0x008002b0                _ZN10helicopter7sensors9GPSSensor15navSolMsgBufferE
 .bss._ZN10helicopter4util5Timer14timeoutCounterE
                0x008002ec        0x2 util/Timer.o
                0x008002ec                _ZN10helicopter4util5Timer14timeoutCounterE
 *(COMMON)
 COMMON         0x008002ee        0x4 c:/program files (x86)/atmel/atmel toolchain/avr8 gcc/native/3.4.2.1002/avr8-gnu-toolchain/bin/../lib/gcc/avr/4.7.2/../../../../avr/lib/avr6\libc.a(malloc.o)
                0x008002ee                __brkval
                0x008002f0                __flp
                0x008002f2                PROVIDE (__bss_end, .)
                0x00005834                __data_load_start = LOADADDR (.data)
                0x00005896                __data_load_end = (__data_load_start + SIZEOF (.data))

.noinit         0x008002f2        0x0
                0x008002f2                PROVIDE (__noinit_start, .)
 *(.noinit*)
                0x008002f2                PROVIDE (__noinit_end, .)
                0x008002f2                _end = .
                0x008002f2                PROVIDE (__heap_start, .)

.eeprom         0x00810000        0x0
 *(.eeprom*)
                0x00810000                __eeprom_end = .

.fuse
 *(.fuse)
 *(.lfuse)
 *(.hfuse)
 *(.efuse)

.lock
 *(.lock*)

.signature
 *(.signature*)

.user_signatures
 *(.user_signatures*)

.stab           0x00000000     0x4cc8
 *(.stab)
 .stab          0x00000000      0x6e4 c:/program files (x86)/atmel/atmel toolchain/avr8 gcc/native/3.4.2.1002/avr8-gnu-toolchain/bin/../lib/gcc/avr/4.7.2/../../../../avr/lib/avr6/crtm2560.o
 .stab          0x000006e4       0x78 c:/program files (x86)/atmel/atmel toolchain/avr8 gcc/native/3.4.2.1002/avr8-gnu-toolchain/bin/../lib/gcc/avr/4.7.2/../../../../avr/lib/avr6\libm.a(addsf3.o)
                                 0x84 (size before relaxing)
 .stab          0x0000075c      0x4bc c:/program files (x86)/atmel/atmel toolchain/avr8 gcc/native/3.4.2.1002/avr8-gnu-toolchain/bin/../lib/gcc/avr/4.7.2/../../../../avr/lib/avr6\libm.a(addsf3x.o)
                                0x4c8 (size before relaxing)
 .stab          0x00000c18      0x144 c:/program files (x86)/atmel/atmel toolchain/avr8 gcc/native/3.4.2.1002/avr8-gnu-toolchain/bin/../lib/gcc/avr/4.7.2/../../../../avr/lib/avr6\libm.a(asin.o)
                                0x150 (size before relaxing)
 .stab          0x00000d5c      0x2f4 c:/program files (x86)/atmel/atmel toolchain/avr8 gcc/native/3.4.2.1002/avr8-gnu-toolchain/bin/../lib/gcc/avr/4.7.2/../../../../avr/lib/avr6\libm.a(atan2.o)
                                0x300 (size before relaxing)
 .stab          0x00001050      0x210 c:/program files (x86)/atmel/atmel toolchain/avr8 gcc/native/3.4.2.1002/avr8-gnu-toolchain/bin/../lib/gcc/avr/4.7.2/../../../../avr/lib/avr6\libm.a(atan.o)
                                0x21c (size before relaxing)
 .stab          0x00001260       0x90 c:/program files (x86)/atmel/atmel toolchain/avr8 gcc/native/3.4.2.1002/avr8-gnu-toolchain/bin/../lib/gcc/avr/4.7.2/../../../../avr/lib/avr6\libm.a(cmpsf2.o)
                                 0x9c (size before relaxing)
 .stab          0x000012f0       0x54 c:/program files (x86)/atmel/atmel toolchain/avr8 gcc/native/3.4.2.1002/avr8-gnu-toolchain/bin/../lib/gcc/avr/4.7.2/../../../../avr/lib/avr6\libm.a(cos.o)
                                 0x60 (size before relaxing)
 .stab          0x00001344       0x48 c:/program files (x86)/atmel/atmel toolchain/avr8 gcc/native/3.4.2.1002/avr8-gnu-toolchain/bin/../lib/gcc/avr/4.7.2/../../../../avr/lib/avr6\libm.a(divsf3.o)
                                 0x54 (size before relaxing)
 .stab          0x0000138c      0x510 c:/program files (x86)/atmel/atmel toolchain/avr8 gcc/native/3.4.2.1002/avr8-gnu-toolchain/bin/../lib/gcc/avr/4.7.2/../../../../avr/lib/avr6\libm.a(divsf3x.o)
                                0x51c (size before relaxing)
 .stab          0x0000189c       0x6c c:/program files (x86)/atmel/atmel toolchain/avr8 gcc/native/3.4.2.1002/avr8-gnu-toolchain/bin/../lib/gcc/avr/4.7.2/../../../../avr/lib/avr6\libm.a(fixsfsi.o)
                                 0x78 (size before relaxing)
 .stab          0x00001908      0x240 c:/program files (x86)/atmel/atmel toolchain/avr8 gcc/native/3.4.2.1002/avr8-gnu-toolchain/bin/../lib/gcc/avr/4.7.2/../../../../avr/lib/avr6\libm.a(fixunssfsi.o)
                                0x24c (size before relaxing)
 .stab          0x00001b48      0x318 c:/program files (x86)/atmel/atmel toolchain/avr8 gcc/native/3.4.2.1002/avr8-gnu-toolchain/bin/../lib/gcc/avr/4.7.2/../../../../avr/lib/avr6\libm.a(floatsisf.o)
                                0x324 (size before relaxing)
 .stab          0x00001e60      0x114 c:/program files (x86)/atmel/atmel toolchain/avr8 gcc/native/3.4.2.1002/avr8-gnu-toolchain/bin/../lib/gcc/avr/4.7.2/../../../../avr/lib/avr6\libm.a(floor.o)
                                0x120 (size before relaxing)
 .stab          0x00001f74      0x174 c:/program files (x86)/atmel/atmel toolchain/avr8 gcc/native/3.4.2.1002/avr8-gnu-toolchain/bin/../lib/gcc/avr/4.7.2/../../../../avr/lib/avr6\libm.a(fp_arccos.o)
                                0x180 (size before relaxing)
 .stab          0x000020e8      0x1e0 c:/program files (x86)/atmel/atmel toolchain/avr8 gcc/native/3.4.2.1002/avr8-gnu-toolchain/bin/../lib/gcc/avr/4.7.2/../../../../avr/lib/avr6\libm.a(fp_cmp.o)
                                0x1ec (size before relaxing)
 .stab          0x000022c8       0x78 c:/program files (x86)/atmel/atmel toolchain/avr8 gcc/native/3.4.2.1002/avr8-gnu-toolchain/bin/../lib/gcc/avr/4.7.2/../../../../avr/lib/avr6\libm.a(fp_inf.o)
                                 0x84 (size before relaxing)
 .stab          0x00002340      0x174 c:/program files (x86)/atmel/atmel toolchain/avr8 gcc/native/3.4.2.1002/avr8-gnu-toolchain/bin/../lib/gcc/avr/4.7.2/../../../../avr/lib/avr6\libm.a(fp_mintl.o)
                                0x180 (size before relaxing)
 .stab          0x000024b4       0xe4 c:/program files (x86)/atmel/atmel toolchain/avr8 gcc/native/3.4.2.1002/avr8-gnu-toolchain/bin/../lib/gcc/avr/4.7.2/../../../../avr/lib/avr6\libm.a(fp_mpack.o)
                                 0xf0 (size before relaxing)
 .stab          0x00002598       0x54 c:/program files (x86)/atmel/atmel toolchain/avr8 gcc/native/3.4.2.1002/avr8-gnu-toolchain/bin/../lib/gcc/avr/4.7.2/../../../../avr/lib/avr6\libm.a(fp_nan.o)
                                 0x60 (size before relaxing)
 .stab          0x000025ec      0x1ec c:/program files (x86)/atmel/atmel toolchain/avr8 gcc/native/3.4.2.1002/avr8-gnu-toolchain/bin/../lib/gcc/avr/4.7.2/../../../../avr/lib/avr6\libm.a(fp_powser.o)
                                0x1f8 (size before relaxing)
 .stab          0x000027d8       0xfc c:/program files (x86)/atmel/atmel toolchain/avr8 gcc/native/3.4.2.1002/avr8-gnu-toolchain/bin/../lib/gcc/avr/4.7.2/../../../../avr/lib/avr6\libm.a(fp_powsodd.o)
                                0x108 (size before relaxing)
 .stab          0x000028d4       0x84 c:/program files (x86)/atmel/atmel toolchain/avr8 gcc/native/3.4.2.1002/avr8-gnu-toolchain/bin/../lib/gcc/avr/4.7.2/../../../../avr/lib/avr6\libm.a(fp_pscA.o)
                                 0x90 (size before relaxing)
 .stab          0x00002958       0x84 c:/program files (x86)/atmel/atmel toolchain/avr8 gcc/native/3.4.2.1002/avr8-gnu-toolchain/bin/../lib/gcc/avr/4.7.2/../../../../avr/lib/avr6\libm.a(fp_pscB.o)
                                 0x90 (size before relaxing)
 .stab          0x000029dc      0x21c c:/program files (x86)/atmel/atmel toolchain/avr8 gcc/native/3.4.2.1002/avr8-gnu-toolchain/bin/../lib/gcc/avr/4.7.2/../../../../avr/lib/avr6\libm.a(fp_rempio2.o)
                                0x228 (size before relaxing)
 .stab          0x00002bf8       0xfc c:/program files (x86)/atmel/atmel toolchain/avr8 gcc/native/3.4.2.1002/avr8-gnu-toolchain/bin/../lib/gcc/avr/4.7.2/../../../../avr/lib/avr6\libm.a(fp_round.o)
                                0x108 (size before relaxing)
 .stab          0x00002cf4       0xfc c:/program files (x86)/atmel/atmel toolchain/avr8 gcc/native/3.4.2.1002/avr8-gnu-toolchain/bin/../lib/gcc/avr/4.7.2/../../../../avr/lib/avr6\libm.a(fp_sinus.o)
                                0x108 (size before relaxing)
 .stab          0x00002df0      0x1d4 c:/program files (x86)/atmel/atmel toolchain/avr8 gcc/native/3.4.2.1002/avr8-gnu-toolchain/bin/../lib/gcc/avr/4.7.2/../../../../avr/lib/avr6\libm.a(fp_split3.o)
                                0x1e0 (size before relaxing)
 .stab          0x00002fc4      0x144 c:/program files (x86)/atmel/atmel toolchain/avr8 gcc/native/3.4.2.1002/avr8-gnu-toolchain/bin/../lib/gcc/avr/4.7.2/../../../../avr/lib/avr6\libm.a(fp_trunc.o)
                                0x150 (size before relaxing)
 .stab          0x00003108       0x90 c:/program files (x86)/atmel/atmel toolchain/avr8 gcc/native/3.4.2.1002/avr8-gnu-toolchain/bin/../lib/gcc/avr/4.7.2/../../../../avr/lib/avr6\libm.a(fp_zero.o)
                                 0x9c (size before relaxing)
 .stab          0x00003198       0x6c c:/program files (x86)/atmel/atmel toolchain/avr8 gcc/native/3.4.2.1002/avr8-gnu-toolchain/bin/../lib/gcc/avr/4.7.2/../../../../avr/lib/avr6\libm.a(gesf2.o)
                                 0x78 (size before relaxing)
 .stab          0x00003204       0x84 c:/program files (x86)/atmel/atmel toolchain/avr8 gcc/native/3.4.2.1002/avr8-gnu-toolchain/bin/../lib/gcc/avr/4.7.2/../../../../avr/lib/avr6\libm.a(inverse.o)
                                 0x90 (size before relaxing)
 .stab          0x00003288       0x78 c:/program files (x86)/atmel/atmel toolchain/avr8 gcc/native/3.4.2.1002/avr8-gnu-toolchain/bin/../lib/gcc/avr/4.7.2/../../../../avr/lib/avr6\libm.a(log10.o)
                                 0x84 (size before relaxing)
 .stab          0x00003300      0x378 c:/program files (x86)/atmel/atmel toolchain/avr8 gcc/native/3.4.2.1002/avr8-gnu-toolchain/bin/../lib/gcc/avr/4.7.2/../../../../avr/lib/avr6\libm.a(log.o)
                                0x384 (size before relaxing)
 .stab          0x00003678       0x48 c:/program files (x86)/atmel/atmel toolchain/avr8 gcc/native/3.4.2.1002/avr8-gnu-toolchain/bin/../lib/gcc/avr/4.7.2/../../../../avr/lib/avr6\libm.a(mulsf3.o)
                                 0x54 (size before relaxing)
 .stab          0x000036c0      0x4d4 c:/program files (x86)/atmel/atmel toolchain/avr8 gcc/native/3.4.2.1002/avr8-gnu-toolchain/bin/../lib/gcc/avr/4.7.2/../../../../avr/lib/avr6\libm.a(mulsf3x.o)
                                0x4e0 (size before relaxing)
 .stab          0x00003b94      0x3c0 c:/program files (x86)/atmel/atmel toolchain/avr8 gcc/native/3.4.2.1002/avr8-gnu-toolchain/bin/../lib/gcc/avr/4.7.2/../../../../avr/lib/avr6\libm.a(pow.o)
                                0x3cc (size before relaxing)
 .stab          0x00003f54       0x78 c:/program files (x86)/atmel/atmel toolchain/avr8 gcc/native/3.4.2.1002/avr8-gnu-toolchain/bin/../lib/gcc/avr/4.7.2/../../../../avr/lib/avr6\libm.a(sin.o)
                                 0x84 (size before relaxing)
 .stab          0x00003fcc      0x354 c:/program files (x86)/atmel/atmel toolchain/avr8 gcc/native/3.4.2.1002/avr8-gnu-toolchain/bin/../lib/gcc/avr/4.7.2/../../../../avr/lib/avr6\libm.a(sqrt.o)
                                0x360 (size before relaxing)
 .stab          0x00004320       0x54 c:/program files (x86)/atmel/atmel toolchain/avr8 gcc/native/3.4.2.1002/avr8-gnu-toolchain/bin/../lib/gcc/avr/4.7.2/../../../../avr/lib/avr6\libm.a(square.o)
                                 0x60 (size before relaxing)
 .stab          0x00004374       0x60 c:/program files (x86)/atmel/atmel toolchain/avr8 gcc/native/3.4.2.1002/avr8-gnu-toolchain/bin/../lib/gcc/avr/4.7.2/../../../../avr/lib/avr6\libm.a(unordsf2.o)
                                 0x6c (size before relaxing)
 .stab          0x000043d4      0x288 c:/program files (x86)/atmel/atmel toolchain/avr8 gcc/native/3.4.2.1002/avr8-gnu-toolchain/bin/../lib/gcc/avr/4.7.2/../../../../avr/lib/avr6\libm.a(exp.o)
                                0x294 (size before relaxing)
 .stab          0x0000465c       0x84 c:/program files (x86)/atmel/atmel toolchain/avr8 gcc/native/3.4.2.1002/avr8-gnu-toolchain/bin/../lib/gcc/avr/4.7.2/../../../../avr/lib/avr6\libm.a(fp_norm2.o)
                                 0x90 (size before relaxing)
 .stab          0x000046e0      0x2c4 c:/program files (x86)/atmel/atmel toolchain/avr8 gcc/native/3.4.2.1002/avr8-gnu-toolchain/bin/../lib/gcc/avr/4.7.2/../../../../avr/lib/avr6\libm.a(ldexp.o)
                                0x2d0 (size before relaxing)
 .stab          0x000049a4      0x2a0 c:/program files (x86)/atmel/atmel toolchain/avr8 gcc/native/3.4.2.1002/avr8-gnu-toolchain/bin/../lib/gcc/avr/4.7.2/../../../../avr/lib/avr6\libm.a(modf.o)
                                0x2ac (size before relaxing)
 .stab          0x00004c44       0x84 c:/program files (x86)/atmel/atmel toolchain/avr8 gcc/native/3.4.2.1002/avr8-gnu-toolchain/bin/../lib/gcc/avr/4.7.2/../../../../avr/lib/avr6\libc.a(memcpy.o)
                                 0x90 (size before relaxing)

.stabstr        0x00000000     0x14e1
 *(.stabstr)
 .stabstr       0x00000000     0x14e1 c:/program files (x86)/atmel/atmel toolchain/avr8 gcc/native/3.4.2.1002/avr8-gnu-toolchain/bin/../lib/gcc/avr/4.7.2/../../../../avr/lib/avr6/crtm2560.o

.stab.excl
 *(.stab.excl)

.stab.exclstr
 *(.stab.exclstr)

.stab.index
 *(.stab.index)

.stab.indexstr
 *(.stab.indexstr)

.comment        0x00000000       0x2f
 *(.comment)
 .comment       0x00000000       0x2f buffer/Buffer.o
                                 0x30 (size before relaxing)
 .comment       0x00000000       0x30 buffer/CircularBuffer.o
 .comment       0x00000000       0x30 buffer/Record.o
 .comment       0x00000000       0x30 controller/PIDController.o
 .comment       0x00000000       0x30 drivers/SerialDriver.o
 .comment       0x00000000       0x30 drivers/SPIDriver.o
 .comment       0x00000000       0x30 drivers/TWIDriver.o
 .comment       0x00000000       0x30 HelicopterMain.o
 .comment       0x00000000       0x30 interfaces/GroundControlStationInterface.o
 .comment       0x00000000       0x30 interfaces/RadioControllerInterface.o
 .comment       0x00000000       0x30 messages/ControlMessage.o
 .comment       0x00000000       0x30 messages/GainsMessage.o
 .comment       0x00000000       0x30 messages/Message.o
 .comment       0x00000000       0x30 messages/SensorDataMessage.o
 .comment       0x00000000       0x30 messages/SimpleTelemetryMessage.o
 .comment       0x00000000       0x30 messages/SyncMessage.o
 .comment       0x00000000       0x30 messages/SystemTelemetryMessage.o
 .comment       0x00000000       0x30 model/SystemModel.o
 .comment       0x00000000       0x30 navigation/AHRS.o
 .comment       0x00000000       0x30 scheduler/Scheduler.o
 .comment       0x00000000       0x30 sensors/BarometerSensor.o
 .comment       0x00000000       0x30 sensors/GPSSensor.o
 .comment       0x00000000       0x30 sensors/IMUSensor.o
 .comment       0x00000000       0x30 sensors/MagnetometerSensor.o
 .comment       0x00000000       0x30 tasks/NavigationTask.o
 .comment       0x00000000       0x30 tasks/PIDInnerLoopTask.o
 .comment       0x00000000       0x30 tasks/PIDOuterLoopTask.o
 .comment       0x00000000       0x30 tasks/ReadBarometerSensorTask.o
 .comment       0x00000000       0x30 tasks/ReadGPSSensorTask.o
 .comment       0x00000000       0x30 tasks/ReadIMUSensorTask.o
 .comment       0x00000000       0x30 tasks/ReadMagnetometerSensorTask.o
 .comment       0x00000000       0x30 tasks/ServoControlTask.o
 .comment       0x00000000       0x30 tasks/SimTelemetryTask.o
 .comment       0x00000000       0x30 tasks/Task.o
 .comment       0x00000000       0x30 tasks/TransmitTelemetryTask.o
 .comment       0x00000000       0x30 util/CommonHeader.o
 .comment       0x00000000       0x30 util/CoordinateUtil.o
 .comment       0x00000000       0x30 util/MatrixUtil.o
 .comment       0x00000000       0x30 util/Timer.o
 .comment       0x00000000       0x30 c:/program files (x86)/atmel/atmel toolchain/avr8 gcc/native/3.4.2.1002/avr8-gnu-toolchain/bin/../lib/gcc/avr/4.7.2/../../../../avr/lib/avr6\libc.a(malloc.o)

.debug
 *(.debug)

.line
 *(.line)

.debug_srcinfo
 *(.debug_srcinfo)

.debug_sfnames
 *(.debug_sfnames)

.debug_aranges  0x00000000      0xba8
 *(.debug_aranges)
 .debug_aranges
                0x00000000       0x38 buffer/Buffer.o
 .debug_aranges
                0x00000038       0x28 buffer/CircularBuffer.o
 .debug_aranges
                0x00000060       0x40 buffer/Record.o
 .debug_aranges
                0x000000a0       0xb0 controller/PIDController.o
 .debug_aranges
                0x00000150       0xb8 drivers/SerialDriver.o
 .debug_aranges
                0x00000208       0x68 drivers/SPIDriver.o
 .debug_aranges
                0x00000270       0x48 drivers/TWIDriver.o
 .debug_aranges
                0x000002b8       0x58 HelicopterMain.o
 .debug_aranges
                0x00000310       0x30 interfaces/GroundControlStationInterface.o
 .debug_aranges
                0x00000340       0x60 interfaces/RadioControllerInterface.o
 .debug_aranges
                0x000003a0       0x40 messages/ControlMessage.o
 .debug_aranges
                0x000003e0       0x40 messages/GainsMessage.o
 .debug_aranges
                0x00000420       0x40 messages/Message.o
 .debug_aranges
                0x00000460       0x40 messages/SensorDataMessage.o
 .debug_aranges
                0x000004a0       0x40 messages/SimpleTelemetryMessage.o
 .debug_aranges
                0x000004e0       0x40 messages/SyncMessage.o
 .debug_aranges
                0x00000520       0x58 messages/SystemTelemetryMessage.o
 .debug_aranges
                0x00000578       0x18 model/SystemModel.o
 .debug_aranges
                0x00000590       0x70 navigation/AHRS.o
 .debug_aranges
                0x00000600       0x58 scheduler/Scheduler.o
 .debug_aranges
                0x00000658       0x50 sensors/BarometerSensor.o
 .debug_aranges
                0x000006a8       0x88 sensors/GPSSensor.o
 .debug_aranges
                0x00000730       0x28 sensors/IMUSensor.o
 .debug_aranges
                0x00000758       0x40 sensors/MagnetometerSensor.o
 .debug_aranges
                0x00000798       0x40 tasks/NavigationTask.o
 .debug_aranges
                0x000007d8       0x40 tasks/PIDInnerLoopTask.o
 .debug_aranges
                0x00000818       0x40 tasks/PIDOuterLoopTask.o
 .debug_aranges
                0x00000858       0x40 tasks/ReadBarometerSensorTask.o
 .debug_aranges
                0x00000898       0x40 tasks/ReadGPSSensorTask.o
 .debug_aranges
                0x000008d8       0x40 tasks/ReadIMUSensorTask.o
 .debug_aranges
                0x00000918       0x40 tasks/ReadMagnetometerSensorTask.o
 .debug_aranges
                0x00000958       0x40 tasks/ServoControlTask.o
 .debug_aranges
                0x00000998       0x40 tasks/SimTelemetryTask.o
 .debug_aranges
                0x000009d8       0x48 tasks/Task.o
 .debug_aranges
                0x00000a20       0x40 tasks/TransmitTelemetryTask.o
 .debug_aranges
                0x00000a60       0x38 util/CommonHeader.o
 .debug_aranges
                0x00000a98       0x50 util/CoordinateUtil.o
 .debug_aranges
                0x00000ae8       0x60 util/MatrixUtil.o
 .debug_aranges
                0x00000b48       0x38 util/Timer.o
 .debug_aranges
                0x00000b80       0x28 c:/program files (x86)/atmel/atmel toolchain/avr8 gcc/native/3.4.2.1002/avr8-gnu-toolchain/bin/../lib/gcc/avr/4.7.2/../../../../avr/lib/avr6\libc.a(malloc.o)

.debug_pubnames
 *(.debug_pubnames)

.debug_info     0x00000000    0x3bbf2
 *(.debug_info)
 .debug_info    0x00000000      0x606 buffer/Buffer.o
 .debug_info    0x00000606      0x27e buffer/CircularBuffer.o
 .debug_info    0x00000884      0x5b2 buffer/Record.o
 .debug_info    0x00000e36     0x40c8 controller/PIDController.o
 .debug_info    0x00004efe     0x11ad drivers/SerialDriver.o
 .debug_info    0x000060ab      0x640 drivers/SPIDriver.o
 .debug_info    0x000066eb      0x3da drivers/TWIDriver.o
 .debug_info    0x00006ac5     0x79a2 HelicopterMain.o
 .debug_info    0x0000e467      0xa8a interfaces/GroundControlStationInterface.o
 .debug_info    0x0000eef1     0x2ad7 interfaces/RadioControllerInterface.o
 .debug_info    0x000119c8      0x919 messages/ControlMessage.o
 .debug_info    0x000122e1     0x11c7 messages/GainsMessage.o
 .debug_info    0x000134a8      0x4cf messages/Message.o
 .debug_info    0x00013977      0xf15 messages/SensorDataMessage.o
 .debug_info    0x0001488c     0x1527 messages/SimpleTelemetryMessage.o
 .debug_info    0x00015db3      0x583 messages/SyncMessage.o
 .debug_info    0x00016336     0x58b4 messages/SystemTelemetryMessage.o
 .debug_info    0x0001bbea       0x4d model/SystemModel.o
 .debug_info    0x0001bc37      0xaed navigation/AHRS.o
 .debug_info    0x0001c724      0x99c scheduler/Scheduler.o
 .debug_info    0x0001d0c0      0xbc2 sensors/BarometerSensor.o
 .debug_info    0x0001dc82     0x12bd sensors/GPSSensor.o
 .debug_info    0x0001ef3f      0x9c4 sensors/IMUSensor.o
 .debug_info    0x0001f903     0x10ca sensors/MagnetometerSensor.o
 .debug_info    0x000209cd     0x2a69 tasks/NavigationTask.o
 .debug_info    0x00023436     0x2604 tasks/PIDInnerLoopTask.o
 .debug_info    0x00025a3a     0x25fb tasks/PIDOuterLoopTask.o
 .debug_info    0x00028035     0x22ad tasks/ReadBarometerSensorTask.o
 .debug_info    0x0002a2e2     0x26d6 tasks/ReadGPSSensorTask.o
 .debug_info    0x0002c9b8     0x25e9 tasks/ReadIMUSensorTask.o
 .debug_info    0x0002efa1     0x2337 tasks/ReadMagnetometerSensorTask.o
 .debug_info    0x000312d8     0x2312 tasks/ServoControlTask.o
 .debug_info    0x000335ea     0x3dba tasks/SimTelemetryTask.o
 .debug_info    0x000373a4      0x450 tasks/Task.o
 .debug_info    0x000377f4     0x2ad7 tasks/TransmitTelemetryTask.o
 .debug_info    0x0003a2cb      0x214 util/CommonHeader.o
 .debug_info    0x0003a4df      0xa24 util/CoordinateUtil.o
 .debug_info    0x0003af03      0x7b8 util/MatrixUtil.o
 .debug_info    0x0003b6bb      0x2fa util/Timer.o
 .debug_info    0x0003b9b5      0x23d c:/program files (x86)/atmel/atmel toolchain/avr8 gcc/native/3.4.2.1002/avr8-gnu-toolchain/bin/../lib/gcc/avr/4.7.2/../../../../avr/lib/avr6\libc.a(malloc.o)
 *(.gnu.linkonce.wi.*)

.debug_abbrev   0x00000000     0x79f1
 *(.debug_abbrev)
 .debug_abbrev  0x00000000      0x27c buffer/Buffer.o
 .debug_abbrev  0x0000027c      0x136 buffer/CircularBuffer.o
 .debug_abbrev  0x000003b2      0x284 buffer/Record.o
 .debug_abbrev  0x00000636      0x38f controller/PIDController.o
 .debug_abbrev  0x000009c5      0x453 drivers/SerialDriver.o
 .debug_abbrev  0x00000e18      0x1cb drivers/SPIDriver.o
 .debug_abbrev  0x00000fe3      0x1b7 drivers/TWIDriver.o
 .debug_abbrev  0x0000119a      0x776 HelicopterMain.o
 .debug_abbrev  0x00001910      0x322 interfaces/GroundControlStationInterface.o
 .debug_abbrev  0x00001c32      0x440 interfaces/RadioControllerInterface.o
 .debug_abbrev  0x00002072      0x2ee messages/ControlMessage.o
 .debug_abbrev  0x00002360      0x2f0 messages/GainsMessage.o
 .debug_abbrev  0x00002650      0x23c messages/Message.o
 .debug_abbrev  0x0000288c      0x2ee messages/SensorDataMessage.o
 .debug_abbrev  0x00002b7a      0x2f0 messages/SimpleTelemetryMessage.o
 .debug_abbrev  0x00002e6a      0x2eb messages/SyncMessage.o
 .debug_abbrev  0x00003155      0x449 messages/SystemTelemetryMessage.o
 .debug_abbrev  0x0000359e       0x3e model/SystemModel.o
 .debug_abbrev  0x000035dc      0x2c0 navigation/AHRS.o
 .debug_abbrev  0x0000389c      0x373 scheduler/Scheduler.o
 .debug_abbrev  0x00003c0f      0x28a sensors/BarometerSensor.o
 .debug_abbrev  0x00003e99      0x3d0 sensors/GPSSensor.o
 .debug_abbrev  0x00004269      0x295 sensors/IMUSensor.o
 .debug_abbrev  0x000044fe      0x388 sensors/MagnetometerSensor.o
 .debug_abbrev  0x00004886      0x472 tasks/NavigationTask.o
 .debug_abbrev  0x00004cf8      0x35d tasks/PIDInnerLoopTask.o
 .debug_abbrev  0x00005055      0x349 tasks/PIDOuterLoopTask.o
 .debug_abbrev  0x0000539e      0x3cb tasks/ReadBarometerSensorTask.o
 .debug_abbrev  0x00005769      0x425 tasks/ReadGPSSensorTask.o
 .debug_abbrev  0x00005b8e      0x3c5 tasks/ReadIMUSensorTask.o
 .debug_abbrev  0x00005f53      0x3da tasks/ReadMagnetometerSensorTask.o
 .debug_abbrev  0x0000632d      0x3c6 tasks/ServoControlTask.o
 .debug_abbrev  0x000066f3      0x4d7 tasks/SimTelemetryTask.o
 .debug_abbrev  0x00006bca      0x23d tasks/Task.o
 .debug_abbrev  0x00006e07      0x46a tasks/TransmitTelemetryTask.o
 .debug_abbrev  0x00007271       0xfb util/CommonHeader.o
 .debug_abbrev  0x0000736c      0x219 util/CoordinateUtil.o
 .debug_abbrev  0x00007585      0x1bb util/MatrixUtil.o
 .debug_abbrev  0x00007740      0x1b8 util/Timer.o
 .debug_abbrev  0x000078f8       0xf9 c:/program files (x86)/atmel/atmel toolchain/avr8 gcc/native/3.4.2.1002/avr8-gnu-toolchain/bin/../lib/gcc/avr/4.7.2/../../../../avr/lib/avr6\libc.a(malloc.o)

.debug_line     0x00000000     0x5fec
 *(.debug_line)
 .debug_line    0x00000000       0xd9 buffer/Buffer.o
 .debug_line    0x000000d9       0x9f buffer/CircularBuffer.o
 .debug_line    0x00000178      0x146 buffer/Record.o
 .debug_line    0x000002be      0x420 controller/PIDController.o
 .debug_line    0x000006de      0x451 drivers/SerialDriver.o
 .debug_line    0x00000b2f      0x12f drivers/SPIDriver.o
 .debug_line    0x00000c5e      0x11c drivers/TWIDriver.o
 .debug_line    0x00000d7a      0x978 HelicopterMain.o
 .debug_line    0x000016f2      0x262 interfaces/GroundControlStationInterface.o
 .debug_line    0x00001954      0x384 interfaces/RadioControllerInterface.o
 .debug_line    0x00001cd8      0x1a9 messages/ControlMessage.o
 .debug_line    0x00001e81      0x1ac messages/GainsMessage.o
 .debug_line    0x0000202d       0xb4 messages/Message.o
 .debug_line    0x000020e1      0x1c0 messages/SensorDataMessage.o
 .debug_line    0x000022a1      0x1db messages/SimpleTelemetryMessage.o
 .debug_line    0x0000247c      0x16f messages/SyncMessage.o
 .debug_line    0x000025eb      0x63b messages/SystemTelemetryMessage.o
 .debug_line    0x00002c26       0x47 model/SystemModel.o
 .debug_line    0x00002c6d      0x253 navigation/AHRS.o
 .debug_line    0x00002ec0      0x2a4 scheduler/Scheduler.o
 .debug_line    0x00003164      0x2e0 sensors/BarometerSensor.o
 .debug_line    0x00003444      0x4ad sensors/GPSSensor.o
 .debug_line    0x000038f1      0x214 sensors/IMUSensor.o
 .debug_line    0x00003b05      0x435 sensors/MagnetometerSensor.o
 .debug_line    0x00003f3a      0x352 tasks/NavigationTask.o
 .debug_line    0x0000428c       0xfd tasks/PIDInnerLoopTask.o
 .debug_line    0x00004389       0xfb tasks/PIDOuterLoopTask.o
 .debug_line    0x00004484      0x1ff tasks/ReadBarometerSensorTask.o
 .debug_line    0x00004683      0x274 tasks/ReadGPSSensorTask.o
 .debug_line    0x000048f7      0x1a5 tasks/ReadIMUSensorTask.o
 .debug_line    0x00004a9c      0x22c tasks/ReadMagnetometerSensorTask.o
 .debug_line    0x00004cc8      0x12d tasks/ServoControlTask.o
 .debug_line    0x00004df5      0x537 tasks/SimTelemetryTask.o
 .debug_line    0x0000532c       0x9e tasks/Task.o
 .debug_line    0x000053ca      0x436 tasks/TransmitTelemetryTask.o
 .debug_line    0x00005800      0x1ac util/CommonHeader.o
 .debug_line    0x000059ac      0x1a5 util/CoordinateUtil.o
 .debug_line    0x00005b51      0x1e2 util/MatrixUtil.o
 .debug_line    0x00005d33       0xab util/Timer.o
 .debug_line    0x00005dde      0x20e c:/program files (x86)/atmel/atmel toolchain/avr8 gcc/native/3.4.2.1002/avr8-gnu-toolchain/bin/../lib/gcc/avr/4.7.2/../../../../avr/lib/avr6\libc.a(malloc.o)

.debug_frame    0x00000000     0x2d4c
 *(.debug_frame)
 .debug_frame   0x00000000       0x6c buffer/Buffer.o
 .debug_frame   0x0000006c       0x34 buffer/CircularBuffer.o
 .debug_frame   0x000000a0       0xc4 buffer/Record.o
 .debug_frame   0x00000164      0x5b0 controller/PIDController.o
 .debug_frame   0x00000714      0x36c drivers/SerialDriver.o
 .debug_frame   0x00000a80      0x108 drivers/SPIDriver.o
 .debug_frame   0x00000b88       0x74 drivers/TWIDriver.o
 .debug_frame   0x00000bfc       0xc8 HelicopterMain.o
 .debug_frame   0x00000cc4      0x118 interfaces/GroundControlStationInterface.o
 .debug_frame   0x00000ddc      0x288 interfaces/RadioControllerInterface.o
 .debug_frame   0x00001064       0x90 messages/ControlMessage.o
 .debug_frame   0x000010f4       0x90 messages/GainsMessage.o
 .debug_frame   0x00001184       0x64 messages/Message.o
 .debug_frame   0x000011e8       0x90 messages/SensorDataMessage.o
 .debug_frame   0x00001278       0x90 messages/SimpleTelemetryMessage.o
 .debug_frame   0x00001308       0x84 messages/SyncMessage.o
 .debug_frame   0x0000138c      0x12c messages/SystemTelemetryMessage.o
 .debug_frame   0x000014b8      0x1fc navigation/AHRS.o
 .debug_frame   0x000016b4      0x194 scheduler/Scheduler.o
 .debug_frame   0x00001848      0x198 sensors/BarometerSensor.o
 .debug_frame   0x000019e0      0x33c sensors/GPSSensor.o
 .debug_frame   0x00001d1c       0x64 sensors/IMUSensor.o
 .debug_frame   0x00001d80      0x198 sensors/MagnetometerSensor.o
 .debug_frame   0x00001f18      0x10c tasks/NavigationTask.o
 .debug_frame   0x00002024       0x84 tasks/PIDInnerLoopTask.o
 .debug_frame   0x000020a8       0x78 tasks/PIDOuterLoopTask.o
 .debug_frame   0x00002120       0xa0 tasks/ReadBarometerSensorTask.o
 .debug_frame   0x000021c0       0x98 tasks/ReadGPSSensorTask.o
 .debug_frame   0x00002258       0x98 tasks/ReadIMUSensorTask.o
 .debug_frame   0x000022f0       0x98 tasks/ReadMagnetometerSensorTask.o
 .debug_frame   0x00002388       0xd0 tasks/ServoControlTask.o
 .debug_frame   0x00002458       0xd8 tasks/SimTelemetryTask.o
 .debug_frame   0x00002530       0x74 tasks/Task.o
 .debug_frame   0x000025a4       0xfc tasks/TransmitTelemetryTask.o
 .debug_frame   0x000026a0       0x54 util/CommonHeader.o
 .debug_frame   0x000026f4      0x25c util/CoordinateUtil.o
 .debug_frame   0x00002950      0x320 util/MatrixUtil.o
 .debug_frame   0x00002c70       0x74 util/Timer.o
 .debug_frame   0x00002ce4       0x68 c:/program files (x86)/atmel/atmel toolchain/avr8 gcc/native/3.4.2.1002/avr8-gnu-toolchain/bin/../lib/gcc/avr/4.7.2/../../../../avr/lib/avr6\libc.a(malloc.o)

.debug_str      0x00000000     0xbaa7
 *(.debug_str)
 .debug_str     0x00000000      0x522 buffer/Buffer.o
                                0x56a (size before relaxing)
 .debug_str     0x00000522      0x100 buffer/CircularBuffer.o
                                0x297 (size before relaxing)
 .debug_str     0x00000622       0xc8 buffer/Record.o
                                0x4e0 (size before relaxing)
 .debug_str     0x000006ea     0x461d controller/PIDController.o
                               0x47bd (size before relaxing)
 .debug_str     0x00004d07      0x708 drivers/SerialDriver.o
                                0xa25 (size before relaxing)
 .debug_str     0x0000540f      0x2b0 drivers/SPIDriver.o
                                0x423 (size before relaxing)
 .debug_str     0x000056bf      0x1bf drivers/TWIDriver.o
                                0x35e (size before relaxing)
 .debug_str     0x0000587e     0x2d89 HelicopterMain.o
                               0x7908 (size before relaxing)
 .debug_str     0x00008607      0x29d interfaces/GroundControlStationInterface.o
                                0x754 (size before relaxing)
 .debug_str     0x000088a4      0x614 interfaces/RadioControllerInterface.o
                               0x3d6a (size before relaxing)
 .debug_str     0x00008eb8      0x21e messages/ControlMessage.o
                                0x492 (size before relaxing)
 .debug_str     0x000090d6      0x113 messages/GainsMessage.o
                                0x5d7 (size before relaxing)
 .debug_str     0x000091e9      0x1b9 messages/Message.o
                                0x4a0 (size before relaxing)
 .debug_str     0x000093a2       0xf6 messages/SensorDataMessage.o
                                0x5aa (size before relaxing)
 .debug_str     0x00009498      0x12f messages/SimpleTelemetryMessage.o
                                0x6aa (size before relaxing)
 .debug_str     0x000095c7      0x140 messages/SyncMessage.o
                                0x379 (size before relaxing)
 .debug_str     0x00009707      0x2a4 messages/SystemTelemetryMessage.o
                               0x345d (size before relaxing)
 .debug_str     0x000099ab       0x19 model/SystemModel.o
                                 0xac (size before relaxing)
 .debug_str     0x000099c4      0x2db navigation/AHRS.o
                                0x85b (size before relaxing)
 .debug_str     0x00009c9f      0x225 scheduler/Scheduler.o
                                0x783 (size before relaxing)
 .debug_str     0x00009ec4       0x9a sensors/BarometerSensor.o
                                0xa40 (size before relaxing)
 .debug_str     0x00009f5e      0x35d sensors/GPSSensor.o
                                0xf22 (size before relaxing)
 .debug_str     0x0000a2bb      0x11a sensors/IMUSensor.o
                                0xa90 (size before relaxing)
 .debug_str     0x0000a3d5      0x24b sensors/MagnetometerSensor.o
                                0xa83 (size before relaxing)
 .debug_str     0x0000a620      0x282 tasks/NavigationTask.o
                               0x3500 (size before relaxing)
 .debug_str     0x0000a8a2      0x10c tasks/PIDInnerLoopTask.o
                               0x4416 (size before relaxing)
 .debug_str     0x0000a9ae      0x10c tasks/PIDOuterLoopTask.o
                               0x4416 (size before relaxing)
 .debug_str     0x0000aaba      0x161 tasks/ReadBarometerSensorTask.o
                               0x3736 (size before relaxing)
 .debug_str     0x0000ac1b      0x131 tasks/ReadGPSSensorTask.o
                               0x37ed (size before relaxing)
 .debug_str     0x0000ad4c      0x121 tasks/ReadIMUSensorTask.o
                               0x36c0 (size before relaxing)
 .debug_str     0x0000ae6d      0x174 tasks/ReadMagnetometerSensorTask.o
                               0x34f3 (size before relaxing)
 .debug_str     0x0000afe1      0x12f tasks/ServoControlTask.o
                               0x3875 (size before relaxing)
 .debug_str     0x0000b110      0x185 tasks/SimTelemetryTask.o
                               0x494d (size before relaxing)
 .debug_str     0x0000b295       0xd2 tasks/Task.o
                                0x388 (size before relaxing)
 .debug_str     0x0000b367      0x16e tasks/TransmitTelemetryTask.o
                               0x32ee (size before relaxing)
 .debug_str     0x0000b4d5       0x25 util/CommonHeader.o
                                0x1dc (size before relaxing)
 .debug_str     0x0000b4fa      0x325 util/CoordinateUtil.o
                                0x54f (size before relaxing)
 .debug_str     0x0000b81f      0x14a util/MatrixUtil.o
                                0x40c (size before relaxing)
 .debug_str     0x0000b969       0x4a util/Timer.o
                                0x372 (size before relaxing)
 .debug_str     0x0000b9b3       0xf4 c:/program files (x86)/atmel/atmel toolchain/avr8 gcc/native/3.4.2.1002/avr8-gnu-toolchain/bin/../lib/gcc/avr/4.7.2/../../../../avr/lib/avr6\libc.a(malloc.o)
                                0x17c (size before relaxing)

.debug_loc      0x00000000    0x1e96c
 *(.debug_loc)
 .debug_loc     0x00000000      0x1f4 buffer/Buffer.o
 .debug_loc     0x000001f4       0x50 buffer/CircularBuffer.o
 .debug_loc     0x00000244      0x307 buffer/Record.o
 .debug_loc     0x0000054b     0x2316 controller/PIDController.o
 .debug_loc     0x00002861     0x1169 drivers/SerialDriver.o
 .debug_loc     0x000039ca      0x436 drivers/SPIDriver.o
 .debug_loc     0x00003e00      0x166 drivers/TWIDriver.o
 .debug_loc     0x00003f66     0x1520 HelicopterMain.o
 .debug_loc     0x00005486      0x943 interfaces/GroundControlStationInterface.o
 .debug_loc     0x00005dc9     0x10dd interfaces/RadioControllerInterface.o
 .debug_loc     0x00006ea6      0x56b messages/ControlMessage.o
 .debug_loc     0x00007411     0x1bdc messages/GainsMessage.o
 .debug_loc     0x00008fed       0x74 messages/Message.o
 .debug_loc     0x00009061     0x116b messages/SensorDataMessage.o
 .debug_loc     0x0000a1cc     0x23c8 messages/SimpleTelemetryMessage.o
 .debug_loc     0x0000c594      0x172 messages/SyncMessage.o
 .debug_loc     0x0000c706     0x67b8 messages/SystemTelemetryMessage.o
 .debug_loc     0x00012ebe      0x83c navigation/AHRS.o
 .debug_loc     0x000136fa      0x6f3 scheduler/Scheduler.o
 .debug_loc     0x00013ded     0x2349 sensors/BarometerSensor.o
 .debug_loc     0x00016136     0x17b1 sensors/GPSSensor.o
 .debug_loc     0x000178e7      0x124 sensors/IMUSensor.o
 .debug_loc     0x00017a0b     0x1347 sensors/MagnetometerSensor.o
 .debug_loc     0x00018d52      0x772 tasks/NavigationTask.o
 .debug_loc     0x000194c4      0x19d tasks/PIDInnerLoopTask.o
 .debug_loc     0x00019661      0x16e tasks/PIDOuterLoopTask.o
 .debug_loc     0x000197cf      0x27e tasks/ReadBarometerSensorTask.o
 .debug_loc     0x00019a4d      0x4c7 tasks/ReadGPSSensorTask.o
 .debug_loc     0x00019f14      0x43c tasks/ReadIMUSensorTask.o
 .debug_loc     0x0001a350      0x36d tasks/ReadMagnetometerSensorTask.o
 .debug_loc     0x0001a6bd      0x2d1 tasks/ServoControlTask.o
 .debug_loc     0x0001a98e     0x17a0 tasks/SimTelemetryTask.o
 .debug_loc     0x0001c12e       0x74 tasks/Task.o
 .debug_loc     0x0001c1a2      0x771 tasks/TransmitTelemetryTask.o
 .debug_loc     0x0001c913       0x98 util/CommonHeader.o
 .debug_loc     0x0001c9ab      0xb90 util/CoordinateUtil.o
 .debug_loc     0x0001d53b      0xe3d util/MatrixUtil.o
 .debug_loc     0x0001e378       0xfc util/Timer.o
 .debug_loc     0x0001e474      0x4f8 c:/program files (x86)/atmel/atmel toolchain/avr8 gcc/native/3.4.2.1002/avr8-gnu-toolchain/bin/../lib/gcc/avr/4.7.2/../../../../avr/lib/avr6\libc.a(malloc.o)

.debug_macinfo
 *(.debug_macinfo)

.debug_pubtypes
 *(.debug_pubtypes)

.debug_ranges   0x00000000      0xd40
 *(.debug_ranges)
 .debug_ranges  0x00000000       0x28 buffer/Buffer.o
 .debug_ranges  0x00000028       0x18 buffer/CircularBuffer.o
 .debug_ranges  0x00000040       0x30 buffer/Record.o
 .debug_ranges  0x00000070       0xb8 controller/PIDController.o
 .debug_ranges  0x00000128      0x108 drivers/SerialDriver.o
 .debug_ranges  0x00000230       0x58 drivers/SPIDriver.o
 .debug_ranges  0x00000288       0x80 drivers/TWIDriver.o
 .debug_ranges  0x00000308      0x120 HelicopterMain.o
 .debug_ranges  0x00000428       0xb0 interfaces/GroundControlStationInterface.o
 .debug_ranges  0x000004d8       0x98 interfaces/RadioControllerInterface.o
 .debug_ranges  0x00000570       0x30 messages/ControlMessage.o
 .debug_ranges  0x000005a0       0x30 messages/GainsMessage.o
 .debug_ranges  0x000005d0       0x30 messages/Message.o
 .debug_ranges  0x00000600       0x30 messages/SensorDataMessage.o
 .debug_ranges  0x00000630       0x30 messages/SimpleTelemetryMessage.o
 .debug_ranges  0x00000660       0x30 messages/SyncMessage.o
 .debug_ranges  0x00000690       0x48 messages/SystemTelemetryMessage.o
 .debug_ranges  0x000006d8       0x78 navigation/AHRS.o
 .debug_ranges  0x00000750       0x60 scheduler/Scheduler.o
 .debug_ranges  0x000007b0       0x40 sensors/BarometerSensor.o
 .debug_ranges  0x000007f0      0x100 sensors/GPSSensor.o
 .debug_ranges  0x000008f0       0x18 sensors/IMUSensor.o
 .debug_ranges  0x00000908       0x50 sensors/MagnetometerSensor.o
 .debug_ranges  0x00000958       0x60 tasks/NavigationTask.o
 .debug_ranges  0x000009b8       0x30 tasks/PIDInnerLoopTask.o
 .debug_ranges  0x000009e8       0x30 tasks/PIDOuterLoopTask.o
 .debug_ranges  0x00000a18       0x48 tasks/ReadBarometerSensorTask.o
 .debug_ranges  0x00000a60       0x48 tasks/ReadGPSSensorTask.o
 .debug_ranges  0x00000aa8       0x30 tasks/ReadIMUSensorTask.o
 .debug_ranges  0x00000ad8       0x48 tasks/ReadMagnetometerSensorTask.o