Archive member included because of file (symbol)

c:/program files (x86)/atmel/atmel toolchain/avr8 gcc/native/3.4.2.1002/avr8-gnu-toolchain/bin/../lib/gcc/avr/4.7.2/../../../../avr/lib/avr6\libm.a(addsf3.o)
                              controller/PIDController.o (__subsf3)
c:/program files (x86)/atmel/atmel toolchain/avr8 gcc/native/3.4.2.1002/avr8-gnu-toolchain/bin/../lib/gcc/avr/4.7.2/../../../../avr/lib/avr6\libm.a(addsf3x.o)
                              c:/program files (x86)/atmel/atmel toolchain/avr8 gcc/native/3.4.2.1002/avr8-gnu-toolchain/bin/../lib/gcc/avr/4.7.2/../../../../avr/lib/avr6\libm.a(addsf3.o) (__addsf3x)
c:/program files (x86)/atmel/atmel toolchain/avr8 gcc/native/3.4.2.1002/avr8-gnu-toolchain/bin/../lib/gcc/avr/4.7.2/../../../../avr/lib/avr6\libm.a(asin.o)
                              navigation/AHRS.o (asin)
c:/program files (x86)/atmel/atmel toolchain/avr8 gcc/native/3.4.2.1002/avr8-gnu-toolchain/bin/../lib/gcc/avr/4.7.2/../../../../avr/lib/avr6\libm.a(atan2.o)
                              navigation/AHRS.o (atan2)
c:/program files (x86)/atmel/atmel toolchain/avr8 gcc/native/3.4.2.1002/avr8-gnu-toolchain/bin/../lib/gcc/avr/4.7.2/../../../../avr/lib/avr6\libm.a(atan.o)
                              c:/program files (x86)/atmel/atmel toolchain/avr8 gcc/native/3.4.2.1002/avr8-gnu-toolchain/bin/../lib/gcc/avr/4.7.2/../../../../avr/lib/avr6\libm.a(atan2.o) (atan)
c:/program files (x86)/atmel/atmel toolchain/avr8 gcc/native/3.4.2.1002/avr8-gnu-toolchain/bin/../lib/gcc/avr/4.7.2/../../../../avr/lib/avr6\libm.a(cmpsf2.o)
                              HelicopterMain.o (__nesf2)
c:/program files (x86)/atmel/atmel toolchain/avr8 gcc/native/3.4.2.1002/avr8-gnu-toolchain/bin/../lib/gcc/avr/4.7.2/../../../../avr/lib/avr6\libm.a(cos.o)
                              util/CoordinateUtil.o (cos)
c:/program files (x86)/atmel/atmel toolchain/avr8 gcc/native/3.4.2.1002/avr8-gnu-toolchain/bin/../lib/gcc/avr/4.7.2/../../../../avr/lib/avr6\libm.a(divsf3.o)
                              HelicopterMain.o (__divsf3)
c:/program files (x86)/atmel/atmel toolchain/avr8 gcc/native/3.4.2.1002/avr8-gnu-toolchain/bin/../lib/gcc/avr/4.7.2/../../../../avr/lib/avr6\libm.a(divsf3x.o)
                              c:/program files (x86)/atmel/atmel toolchain/avr8 gcc/native/3.4.2.1002/avr8-gnu-toolchain/bin/../lib/gcc/avr/4.7.2/../../../../avr/lib/avr6\libm.a(divsf3.o) (__divsf3x)
c:/program files (x86)/atmel/atmel toolchain/avr8 gcc/native/3.4.2.1002/avr8-gnu-toolchain/bin/../lib/gcc/avr/4.7.2/../../../../avr/lib/avr6\libm.a(fixsfsi.o)
                              tasks/NavigationTask.o (__fixsfsi)
c:/program files (x86)/atmel/atmel toolchain/avr8 gcc/native/3.4.2.1002/avr8-gnu-toolchain/bin/../lib/gcc/avr/4.7.2/../../../../avr/lib/avr6\libm.a(fixunssfsi.o)
                              drivers/SerialDriver.o (__fixunssfsi)
c:/program files (x86)/atmel/atmel toolchain/avr8 gcc/native/3.4.2.1002/avr8-gnu-toolchain/bin/../lib/gcc/avr/4.7.2/../../../../avr/lib/avr6\libm.a(floatsisf.o)
                              drivers/SerialDriver.o (__floatunsisf)
c:/program files (x86)/atmel/atmel toolchain/avr8 gcc/native/3.4.2.1002/avr8-gnu-toolchain/bin/../lib/gcc/avr/4.7.2/../../../../avr/lib/avr6\libm.a(floor.o)
                              drivers/SerialDriver.o (floor)
c:/program files (x86)/atmel/atmel toolchain/avr8 gcc/native/3.4.2.1002/avr8-gnu-toolchain/bin/../lib/gcc/avr/4.7.2/../../../../avr/lib/avr6\libm.a(fp_arccos.o)
                              c:/program files (x86)/atmel/atmel toolchain/avr8 gcc/native/3.4.2.1002/avr8-gnu-toolchain/bin/../lib/gcc/avr/4.7.2/../../../../avr/lib/avr6\libm.a(asin.o) (__fp_arccos)
c:/program files (x86)/atmel/atmel toolchain/avr8 gcc/native/3.4.2.1002/avr8-gnu-toolchain/bin/../lib/gcc/avr/4.7.2/../../../../avr/lib/avr6\libm.a(fp_cmp.o)
                              c:/program files (x86)/atmel/atmel toolchain/avr8 gcc/native/3.4.2.1002/avr8-gnu-toolchain/bin/../lib/gcc/avr/4.7.2/../../../../avr/lib/avr6\libm.a(cmpsf2.o) (__fp_cmp)
c:/program files (x86)/atmel/atmel toolchain/avr8 gcc/native/3.4.2.1002/avr8-gnu-toolchain/bin/../lib/gcc/avr/4.7.2/../../../../avr/lib/avr6\libm.a(fp_inf.o)
                              c:/program files (x86)/atmel/atmel toolchain/avr8 gcc/native/3.4.2.1002/avr8-gnu-toolchain/bin/../lib/gcc/avr/4.7.2/../../../../avr/lib/avr6\libm.a(addsf3x.o) (__fp_inf)
c:/program files (x86)/atmel/atmel toolchain/avr8 gcc/native/3.4.2.1002/avr8-gnu-toolchain/bin/../lib/gcc/avr/4.7.2/../../../../avr/lib/avr6\libm.a(fp_mintl.o)
                              c:/program files (x86)/atmel/atmel toolchain/avr8 gcc/native/3.4.2.1002/avr8-gnu-toolchain/bin/../lib/gcc/avr/4.7.2/../../../../avr/lib/avr6\libm.a(floor.o) (__fp_mintl)
c:/program files (x86)/atmel/atmel toolchain/avr8 gcc/native/3.4.2.1002/avr8-gnu-toolchain/bin/../lib/gcc/avr/4.7.2/../../../../avr/lib/avr6\libm.a(fp_mpack.o)
[...]
Memory Configuration

Name             Origin             Length             Attributes
text             0x00000000         0x00100000         xr
data             0x00800200         0x0000fe00         rw !x
eeprom           0x00810000         0x00010000         rw !x
fuse             0x00820000         0x00000400         rw !x
lock             0x00830000         0x00000400         rw !x
signature        0x00840000         0x00000400         rw !x
user_signatures  0x00850000         0x00000400         rw !x
*default*        0x00000000         0xffffffff

Linker script and memory map

Address of section .data set to 0x800200
LOAD c:/program files (x86)/atmel/atmel toolchain/avr8 gcc/native/3.4.2.1002/avr8-gnu-toolchain/bin/../lib/gcc/avr/4.7.2/../../../../avr/lib/avr6/crtm2560.o
LOAD buffer/Buffer.o
LOAD buffer/Record.o
LOAD controller/PIDController.o
LOAD drivers/SerialDriver.o
LOAD drivers/SPIDriver.o
LOAD drivers/TWIDriver.o
LOAD HelicopterMain.o
LOAD interfaces/GroundControlStationInterface.o
LOAD interfaces/RadioControllerInterface.o
LOAD messages/ControlMessage.o
LOAD messages/Message.o
LOAD messages/SensorDataMessage.o
LOAD messages/SyncMessage.o
LOAD messages/SystemTelemetryMessage.o
LOAD model/SystemModel.o
LOAD navigation/AHRS.o
LOAD scheduler/Scheduler.o
LOAD sensors/BarometerSensor.o
LOAD sensors/GPSSensor.o
LOAD sensors/IMUSensor.o
LOAD sensors/MagnetometerSensor.o
LOAD tasks/NavigationTask.o
LOAD tasks/PIDInnerLoopTask.o
LOAD tasks/PIDOuterLoopTask.o
LOAD tasks/ReadBarometerSensorTask.o
LOAD tasks/ReadGPSSensorTask.o
LOAD tasks/ReadIMUSensorTask.o
LOAD tasks/ReadMagnetometerSensorTask.o
LOAD tasks/ServoControlTask.o
LOAD tasks/SimTelemetryTask.o
LOAD tasks/Task.o
LOAD tasks/TransmitTelemetryTask.o
LOAD util/CommonHeader.o
LOAD util/CoordinateUtil.o
LOAD util/MatrixUtil.o
LOAD util/Timer.o
START GROUP
LOAD c:/program files (x86)/atmel/atmel toolchain/avr8 gcc/native/3.4.2.1002/avr8-gnu-toolchain/bin/../lib/gcc/avr/4.7.2/../../../../avr/lib/avr6\libm.a
END GROUP
LOAD c:/program files (x86)/atmel/atmel toolchain/avr8 gcc/native/3.4.2.1002/avr8-gnu-toolchain/bin/../lib/gcc/avr/4.7.2/avr6\libgcc.a
LOAD c:/program files (x86)/atmel/atmel toolchain/avr8 gcc/native/3.4.2.1002/avr8-gnu-toolchain/bin/../lib/gcc/avr/4.7.2/../../../../avr/lib/avr6\libm.a
LOAD c:/program files (x86)/atmel/atmel toolchain/avr8 gcc/native/3.4.2.1002/avr8-gnu-toolchain/bin/../lib/gcc/avr/4.7.2/avr6\libgcc.a
LOAD c:/program files (x86)/atmel/atmel toolchain/avr8 gcc/native/3.4.2.1002/avr8-gnu-toolchain/bin/../lib/gcc/avr/4.7.2/../../../../avr/lib/avr6\libc.a
LOAD c:/program files (x86)/atmel/atmel toolchain/avr8 gcc/native/3.4.2.1002/avr8-gnu-toolchain/bin/../lib/gcc/avr/4.7.2/avr6\libgcc.a

.hash
 *(.hash)

.dynsym
 *(.dynsym)

.dynstr
 *(.dynstr)

.gnu.version
 *(.gnu.version)

.gnu.version_d
 *(.gnu.version_d)

.gnu.version_r
 *(.gnu.version_r)

.rel.init
 *(.rel.init)

.rela.init
 *(.rela.init)

.rel.text
 *(.rel.text)
 *(.rel.text.*)
 *(.rel.gnu.linkonce.t*)

.rela.text
 *(.rela.text)
 *(.rela.text.*)
 *(.rela.gnu.linkonce.t*)

.rel.fini
 *(.rel.fini)

.rela.fini
 *(.rela.fini)

.rel.rodata
 *(.rel.rodata)
 *(.rel.rodata.*)
 *(.rel.gnu.linkonce.r*)

.rela.rodata
 *(.rela.rodata)
 *(.rela.rodata.*)
 *(.rela.gnu.linkonce.r*)

.rel.data
 *(.rel.data)
 *(.rel.data.*)
 *(.rel.gnu.linkonce.d*)

.rela.data
 *(.rela.data)
 *(.rela.data.*)
 *(.rela.gnu.linkonce.d*)

.rel.ctors
 *(.rel.ctors)

.rela.ctors
 *(.rela.ctors)

.rel.dtors
 *(.rel.dtors)

.rela.dtors
 *(.rela.dtors)

.rel.got
 *(.rel.got)

.rela.got
 *(.rela.got)

.rel.bss
 *(.rel.bss)

.rela.bss
 *(.rela.bss)

.rel.plt
 *(.rel.plt)

.rela.plt
 *(.rela.plt)

.text           0x00000000    0x1322e
 *(.vectors)
 .vectors       0x00000000       0xe4 c:/program files (x86)/atmel/atmel toolchain/avr8 gcc/native/3.4.2.1002/avr8-gnu-toolchain/bin/../lib/gcc/avr/4.7.2/../../../../avr/lib/avr6/crtm2560.o
                0x00000000                __vector_default
                0x00000000                __vectors
 *(.vectors)
 *(.progmem.gcc*)
 .progmem.gcc_fplib
                0x000000e4       0x14 c:/program files (x86)/atmel/atmel toolchain/avr8 gcc/native/3.4.2.1002/avr8-gnu-toolchain/bin/../lib/gcc/avr/4.7.2/../../../../avr/lib/avr6\libm.a(asin.o)
 .progmem.gcc_fplib
                0x000000f8       0x2d c:/program files (x86)/atmel/atmel toolchain/avr8 gcc/native/3.4.2.1002/avr8-gnu-toolchain/bin/../lib/gcc/avr/4.7.2/../../../../avr/lib/avr6\libm.a(atan.o)
 .progmem.gcc_fplib
                0x00000125       0x28 c:/program files (x86)/atmel/atmel toolchain/avr8 gcc/native/3.4.2.1002/avr8-gnu-toolchain/bin/../lib/gcc/avr/4.7.2/../../../../avr/lib/avr6\libm.a(fp_arccos.o)
 .progmem.gcc_fplib
                0x0000014d       0x1e c:/program files (x86)/atmel/atmel toolchain/avr8 gcc/native/3.4.2.1002/avr8-gnu-toolchain/bin/../lib/gcc/avr/4.7.2/../../../../avr/lib/avr6\libm.a(fp_sinus.o)
 .progmem.gcc_fplib
                0x0000016b       0x5a c:/program files (x86)/atmel/atmel toolchain/avr8 gcc/native/3.4.2.1002/avr8-gnu-toolchain/bin/../lib/gcc/avr/4.7.2/../../../../avr/lib/avr6\libm.a(log.o)
 .progmem.gcc_fplib
                0x000001c5       0x28 c:/program files (x86)/atmel/atmel toolchain/avr8 gcc/native/3.4.2.1002/avr8-gnu-toolchain/bin/../lib/gcc/avr/4.7.2/../../../../avr/lib/avr6\libm.a(exp.o)
 *(.progmem*)
                0x000001ee                . = ALIGN (0x2)
 *fill*         0x000001ed        0x1 
                0x000001ee                __trampolines_start = .
 *(.trampolines)
 .trampolines   0x000001ee      0x108 linker stubs
 *(.trampolines*)
                0x000002f6                __trampolines_end = .
 *(.jumptables)
 *(.jumptables*)
 *(.lowtext)
 *(.lowtext*)
                0x000002f6                __ctors_start = .
 *(.ctors)
                0x000002f6                __ctors_end = .
                0x000002f6                __dtors_start = .
 *(.dtors)
                0x000002f6                __dtors_end = .
 SORT(*)(.ctors)
 SORT(*)(.dtors)
 *(.init0)
 .init0         0x000002f6        0x0 c:/program files (x86)/atmel/atmel toolchain/avr8 gcc/native/3.4.2.1002/avr8-gnu-toolchain/bin/../lib/gcc/avr/4.7.2/../../../../avr/lib/avr6/crtm2560.o
                0x000002f6                __init
 *(.init0)
 *(.init1)
 *(.init1)
 *(.init2)
 .init2         0x000002f6       0x10 c:/program files (x86)/atmel/atmel toolchain/avr8 gcc/native/3.4.2.1002/avr8-gnu-toolchain/bin/../lib/gcc/avr/4.7.2/../../../../avr/lib/avr6/crtm2560.o
 *(.init2)
 *(.init3)
 *(.init3)
 *(.init4)
 .init4         0x00000306       0x1a c:/program files (x86)/atmel/atmel toolchain/avr8 gcc/native/3.4.2.1002/avr8-gnu-toolchain/bin/../lib/gcc/avr/4.7.2/avr6\libgcc.a(_copy_data.o)
                0x00000306                __do_copy_data
 .init4         0x00000320       0x10 c:/program files (x86)/atmel/atmel toolchain/avr8 gcc/native/3.4.2.1002/avr8-gnu-toolchain/bin/../lib/gcc/avr/4.7.2/avr6\libgcc.a(_clear_bss.o)
                0x00000320                __do_clear_bss
 *(.init4)
 *(.init5)
 *(.init5)
 *(.init6)
 *(.init6)
 *(.init7)
 *(.init7)
 *(.init8)
 *(.init8)
 *(.init9)
 .init9         0x00000330        0x8 c:/program files (x86)/atmel/atmel toolchain/avr8 gcc/native/3.4.2.1002/avr8-gnu-toolchain/bin/../lib/gcc/avr/4.7.2/../../../../avr/lib/avr6/crtm2560.o
 *(.init9)
 *(.text)
 .text          0x00000338        0x4 c:/program files (x86)/atmel/atmel toolchain/avr8 gcc/native/3.4.2.1002/avr8-gnu-toolchain/bin/../lib/gcc/avr/4.7.2/../../../../avr/lib/avr6/crtm2560.o
                0x00000338                __vector_38
                0x00000338                __vector_22
                0x00000338                __vector_28
                0x00000338                __vector_1
                0x00000338                __vector_32
                0x00000338                __vector_34
                0x00000338                __vector_24
                0x00000338                __vector_12
                0x00000338                __vector_55
                0x00000338                __bad_interrupt
                0x00000338                __vector_6
                0x00000338                __vector_31
                0x00000338                __vector_35
                0x00000338                __vector_39
                0x00000338                __vector_3
                0x00000338                __vector_23
                0x00000338                __vector_30
                0x00000338                __vector_45
                0x00000338                __vector_25
                0x00000338                __vector_11
                0x00000338                __vector_54
                0x00000338                __vector_13
                0x00000338                __vector_17
                0x00000338                __vector_19
                0x00000338                __vector_56
                0x00000338                __vector_7
                0x00000338                __vector_49
                0x00000338                __vector_41
                0x00000338                __vector_43
                0x00000338                __vector_27
                0x00000338                __vector_5
                0x00000338                __vector_33
                0x00000338                __vector_47
                0x00000338                __vector_52
                0x00000338                __vector_37
                0x00000338                __vector_4
                0x00000338                __vector_44
                0x00000338                __vector_51
                0x00000338                __vector_9
                0x00000338                __vector_2
                0x00000338                __vector_15
                0x00000338                __vector_29
                0x00000338                __vector_40
                0x00000338                __vector_8
                0x00000338                __vector_26
                0x00000338                __vector_48
                0x00000338                __vector_14
                0x00000338                __vector_53
                0x00000338                __vector_10
                0x00000338                __vector_50
                0x00000338                __vector_16
                0x00000338                __vector_18
                0x00000338                __vector_20
                0x00000338                __vector_42
                0x0000033c                . = ALIGN (0x2)
 *(.text.*)
 .text._ZNK10helicopter5model11SystemModel19ReferenceMagYawRadsEv
                0x0000033c       0x2c controller/PIDController.o
                0x0000033c                _ZNK10helicopter5model11SystemModel19ReferenceMagYawRadsEv
 .text._ZNK10helicopter5model11SystemModel10YawControlEv
                0x00000368       0x2c controller/PIDController.o
                0x00000368                _ZNK10helicopter5model11SystemModel10YawControlEv
 .text._ZN10helicopter5model11SystemModel10YawControlEf
                0x00000394       0x40 controller/PIDController.o
                0x00000394                _ZN10helicopter5model11SystemModel10YawControlEf
 .text._ZNK10helicopter5model11SystemModel37YawControlBeforeServoLimitsAdjustmentEv
                0x000003d4       0x2c controller/PIDController.o
                0x000003d4                _ZNK10helicopter5model11SystemModel37YawControlBeforeServoLimitsAdjustmentEv
 .text._ZN10helicopter5model11SystemModel37YawControlBeforeServoLimitsAdjustmentEf
                0x00000400       0x40 controller/PIDController.o
                0x00000400                _ZN10helicopter5model11SystemModel37YawControlBeforeServoLimitsAdjustmentEf
 .text._ZNK10helicopter5model11SystemModel33ReferenceYawVelocityRadsPerSecondEv
                0x00000440       0x2c controller/PIDController.o
                0x00000440                _ZNK10helicopter5model11SystemModel33ReferenceYawVelocityRadsPerSecondEv
 .text._ZNK10helicopter5model11SystemModel11YawIntegralEv
                0x0000046c       0x2c controller/PIDController.o
                0x0000046c                _ZNK10helicopter5model11SystemModel11YawIntegralEv
 .text._ZN10helicopter5model11SystemModel11YawIntegralEf
                0x00000498       0x40 controller/PIDController.o
                0x00000498                _ZN10helicopter5model11SystemModel11YawIntegralEf
 .text._ZN10helicopter5model11SystemModel15YawProportionalEf
                0x000004d8       0x40 controller/PIDController.o
                0x000004d8                _ZN10helicopter5model11SystemModel15YawProportionalEf
 .text._ZN10helicopter5model11SystemModel18YawDerivativeErrorEf
                0x00000518       0x40 controller/PIDController.o
                0x00000518                _ZN10helicopter5model11SystemModel18YawDerivativeErrorEf
 .text._ZNK10helicopter5model11SystemModel16XNEDLocalFrameCmEv
                0x00000558       0x2c controller/PIDController.o
                0x00000558                _ZNK10helicopter5model11SystemModel16XNEDLocalFrameCmEv
 .text._ZNK10helicopter5model11SystemModel25ReferenceXNEDLocalFrameCmEv
                0x00000584       0x2c controller/PIDController.o
                0x00000584                _ZNK10helicopter5model11SystemModel25ReferenceXNEDLocalFrameCmEv
 .text._ZNK10helicopter5model11SystemModel43LongitudeControlBeforeServoLimitsAdjustmentEv
                0x000005b0       0x2c controller/PIDController.o
                0x000005b0                _ZNK10helicopter5model11SystemModel43LongitudeControlBeforeServoLimitsAdjustmentEv
 .text._ZN10helicopter5model11SystemModel43LongitudeControlBeforeServoLimitsAdjustmentEf
                0x000005dc       0x40 controller/PIDController.o
                0x000005dc                _ZN10helicopter5model11SystemModel43LongitudeControlBeforeServoLimitsAdjustmentEf
 .text._ZNK10helicopter5model11SystemModel16LongitudeControlEv
                0x0000061c       0x2c controller/PIDController.o
                0x0000061c                _ZNK10helicopter5model11SystemModel16LongitudeControlEv
 .text._ZN10helicopter5model11SystemModel16LongitudeControlEf
                0x00000648       0x40 controller/PIDController.o
                0x00000648                _ZN10helicopter5model11SystemModel16LongitudeControlEf
 .text._ZNK10helicopter5model11SystemModel15XVelocityFRDCmsEv
                0x00000688       0x2c controller/PIDController.o
                0x00000688                _ZNK10helicopter5model11SystemModel15XVelocityFRDCmsEv
 .text._ZNK10helicopter5model11SystemModel21ReferenceXVelocityCmsEv
                0x000006b4       0x2c controller/PIDController.o
                0x000006b4                _ZNK10helicopter5model11SystemModel21ReferenceXVelocityCmsEv
 .text._ZNK10helicopter5model11SystemModel27XLongitudeOuterLoopSetpointEv
                0x000006e0       0x2c controller/PIDController.o
                0x000006e0                _ZNK10helicopter5model11SystemModel27XLongitudeOuterLoopSetpointEv
 .text._ZN10helicopter5model11SystemModel27XLongitudeOuterLoopSetpointEf
                0x0000070c       0x40 controller/PIDController.o
                0x0000070c                _ZN10helicopter5model11SystemModel27XLongitudeOuterLoopSetpointEf
 .text._ZN10helicopter5model11SystemModel13XProportionalEf
                0x0000074c       0x40 controller/PIDController.o
                0x0000074c                _ZN10helicopter5model11SystemModel13XProportionalEf
 .text._ZNK10helicopter5model11SystemModel9XIntegralEv
                0x0000078c       0x30 controller/PIDController.o
                0x0000078c                _ZNK10helicopter5model11SystemModel9XIntegralEv
 .text._ZN10helicopter5model11SystemModel9XIntegralEf
                0x000007bc       0x46 controller/PIDController.o
                0x000007bc                _ZN10helicopter5model11SystemModel9XIntegralEf
 .text._ZN10helicopter5model11SystemModel16XDerivativeErrorEf
                0x00000802       0x46 controller/PIDController.o
                0x00000802                _ZN10helicopter5model11SystemModel16XDerivativeErrorEf
 .text._ZNK10helicopter5model11SystemModel16YNEDLocalFrameCmEv
                0x00000848       0x30 controller/PIDController.o
                0x00000848                _ZNK10helicopter5model11SystemModel16YNEDLocalFrameCmEv
 .text._ZNK10helicopter5model11SystemModel25ReferenceYNEDLocalFrameCmEv
                0x00000878       0x30 controller/PIDController.o
                0x00000878                _ZNK10helicopter5model11SystemModel25ReferenceYNEDLocalFrameCmEv
 .text._ZNK10helicopter5model11SystemModel41LateralControlBeforeServoLimitsAdjustmentEv
                0x000008a8       0x30 controller/PIDController.o
                0x000008a8                _ZNK10helicopter5model11SystemModel41LateralControlBeforeServoLimitsAdjustmentEv
 .text._ZN10helicopter5model11SystemModel41LateralControlBeforeServoLimitsAdjustmentEf
                0x000008d8       0x46 controller/PIDController.o
                0x000008d8                _ZN10helicopter5model11SystemModel41LateralControlBeforeServoLimitsAdjustmentEf
 .text._ZNK10helicopter5model11SystemModel14LateralControlEv
                0x0000091e       0x30 controller/PIDController.o
                0x0000091e                _ZNK10helicopter5model11SystemModel14LateralControlEv
 .text._ZN10helicopter5model11SystemModel14LateralControlEf
                0x0000094e       0x46 controller/PIDController.o
                0x0000094e                _ZN10helicopter5model11SystemModel14LateralControlEf
 .text._ZNK10helicopter5model11SystemModel15YVelocityFRDCmsEv
                0x00000994       0x30 controller/PIDController.o
                0x00000994                _ZNK10helicopter5model11SystemModel15YVelocityFRDCmsEv
 .text._ZNK10helicopter5model11SystemModel21ReferenceYVelocityCmsEv
                0x000009c4       0x30 controller/PIDController.o
                0x000009c4                _ZNK10helicopter5model11SystemModel21ReferenceYVelocityCmsEv
 .text._ZNK10helicopter5model11SystemModel25YLateralOuterLoopSetpointEv
                0x000009f4       0x30 controller/PIDController.o
                0x000009f4                _ZNK10helicopter5model11SystemModel25YLateralOuterLoopSetpointEv
 .text._ZN10helicopter5model11SystemModel25YLateralOuterLoopSetpointEf
                0x00000a24       0x46 controller/PIDController.o
                0x00000a24                _ZN10helicopter5model11SystemModel25YLateralOuterLoopSetpointEf
 .text._ZN10helicopter5model11SystemModel13YProportionalEf
                0x00000a6a       0x46 controller/PIDController.o
                0x00000a6a                _ZN10helicopter5model11SystemModel13YProportionalEf
 .text._ZNK10helicopter5model11SystemModel9YIntegralEv
                0x00000ab0       0x30 controller/PIDController.o
                0x00000ab0                _ZNK10helicopter5model11SystemModel9YIntegralEv
 .text._ZN10helicopter5model11SystemModel9YIntegralEf
                0x00000ae0       0x46 controller/PIDController.o
                0x00000ae0                _ZN10helicopter5model11SystemModel9YIntegralEf
 .text._ZN10helicopter5model11SystemModel16YDerivativeErrorEf
                0x00000b26       0x46 controller/PIDController.o
                0x00000b26                _ZN10helicopter5model11SystemModel16YDerivativeErrorEf
 .text._ZNK10helicopter5model11SystemModel16ZNEDLocalFrameCmEv
                0x00000b6c       0x30 controller/PIDController.o
                0x00000b6c                _ZNK10helicopter5model11SystemModel16ZNEDLocalFrameCmEv
 .text._ZNK10helicopter5model11SystemModel25ReferenceZNEDLocalFrameCmEv
                0x00000b9c       0x30 controller/PIDController.o
                0x00000b9c                _ZNK10helicopter5model11SystemModel25ReferenceZNEDLocalFrameCmEv
 .text._ZNK10helicopter5model11SystemModel26MainRotorCollectiveControlEv
                0x00000bcc       0x30 controller/PIDController.o
                0x00000bcc                _ZNK10helicopter5model11SystemModel26MainRotorCollectiveControlEv
 .text._ZN10helicopter5model11SystemModel26MainRotorCollectiveControlEf
                0x00000bfc       0x46 controller/PIDController.o
                0x00000bfc                _ZN10helicopter5model11SystemModel26MainRotorCollectiveControlEf
 .text._ZNK10helicopter5model11SystemModel43MainRotorControlBeforeServoLimitsAdjustmentEv
                0x00000c42       0x30 controller/PIDController.o
                0x00000c42                _ZNK10helicopter5model11SystemModel43MainRotorControlBeforeServoLimitsAdjustmentEv
 .text._ZN10helicopter5model11SystemModel43MainRotorControlBeforeServoLimitsAdjustmentEf
                0x00000c72       0x46 controller/PIDController.o
                0x00000c72                _ZN10helicopter5model11SystemModel43MainRotorControlBeforeServoLimitsAdjustmentEf
 .text._ZNK10helicopter5model11SystemModel15ZVelocityFRDCmsEv
                0x00000cb8       0x30 controller/PIDController.o
                0x00000cb8                _ZNK10helicopter5model11SystemModel15ZVelocityFRDCmsEv
 .text._ZNK10helicopter5model11SystemModel21ReferenceZVelocityCmsEv
                0x00000ce8       0x30 controller/PIDController.o
                0x00000ce8                _ZNK10helicopter5model11SystemModel21ReferenceZVelocityCmsEv
 .text._ZNK10helicopter5model11SystemModel9ZIntegralEv
                0x00000d18       0x30 controller/PIDController.o
                0x00000d18                _ZNK10helicopter5model11SystemModel9ZIntegralEv
 .text._ZN10helicopter5model11SystemModel9ZIntegralEf
                0x00000d48       0x46 controller/PIDController.o
                0x00000d48                _ZN10helicopter5model11SystemModel9ZIntegralEf
 .text._ZN10helicopter5model11SystemModel13ZProportionalEf
                0x00000d8e       0x46 controller/PIDController.o
                0x00000d8e                _ZN10helicopter5model11SystemModel13ZProportionalEf
 .text._ZN10helicopter5model11SystemModel16ZDerivativeErrorEf
                0x00000dd4       0x46 controller/PIDController.o
                0x00000dd4                _ZN10helicopter5model11SystemModel16ZDerivativeErrorEf
 .text._ZNK10helicopter5model11SystemModel11BlownFramesEv
                0x00000e1a       0x30 controller/PIDController.o
                0x00000e1a                _ZNK10helicopter5model11SystemModel11BlownFramesEv
 .text._ZN10helicopter5model11SystemModel11BlownFramesEl
                0x00000e4a       0x46 controller/PIDController.o
                0x00000e4a                _ZN10helicopter5model11SystemModel11BlownFramesEl
 .text._ZNK10helicopter5model11SystemModel16OperationalStateEv
                0x00000e90       0x22 controller/PIDController.o
                0x00000e90                _ZNK10helicopter5model11SystemModel16OperationalStateEv
 .text._ZNK10helicopter5model11SystemModel31YawAngularVelocityRadsPerSecondEv
                0x00000eb2       0x30 controller/PIDController.o
                0x00000eb2                _ZNK10helicopter5model11SystemModel31YawAngularVelocityRadsPerSecondEv
 .text._ZNK10helicopter5model11SystemModel33PitchAngularVelocityRadsPerSecondEv
                0x00000ee2       0x30 controller/PIDController.o
                0x00000ee2                _ZNK10helicopter5model11SystemModel33PitchAngularVelocityRadsPerSecondEv
 .text._ZNK10helicopter5model11SystemModel32RollAngularVelocityRadsPerSecondEv
                0x00000f12       0x30 controller/PIDController.o
                0x00000f12                _ZNK10helicopter5model11SystemModel32RollAngularVelocityRadsPerSecondEv
 .text._ZNK10helicopter5model11SystemModel7YawRadsEv
                0x00000f42       0x30 controller/PIDController.o
                0x00000f42                _ZNK10helicopter5model11SystemModel7YawRadsEv
 .text._ZNK10helicopter5model11SystemModel9PitchRadsEv
                0x00000f72       0x30 controller/PIDController.o
                0x00000f72                _ZNK10helicopter5model11SystemModel9PitchRadsEv
 .text._ZNK10helicopter5model11SystemModel8RollRadsEv
                0x00000fa2       0x30 controller/PIDController.o
                0x00000fa2                _ZNK10helicopter5model11SystemModel8RollRadsEv
 .text._ZN10helicopter10controller13PIDControllerC2EPNS_5model11SystemModelE
                0x00000fd2      0x202 controller/PIDController.o
                0x00000fd2                _ZN10helicopter10controller13PIDControllerC2EPNS_5model11SystemModelE
                0x00000fd2                _ZN10helicopter10controller13PIDControllerC1EPNS_5model11SystemModelE
 .text._ZN10helicopter10controller13PIDController21calculateProportionalEff
                0x000011d4       0x5e controller/PIDController.o
                0x000011d4                _ZN10helicopter10controller13PIDController21calculateProportionalEff
 .text._ZN10helicopter10controller13PIDController27calculateIntegralAntiWindupEfff
                0x00001232       0xa2 controller/PIDController.o
                0x00001232                _ZN10helicopter10controller13PIDController27calculateIntegralAntiWindupEfff
 .text._ZN10helicopter10controller13PIDController17calculateIntegralEffff
                0x000012d4       0xfc controller/PIDController.o
                0x000012d4                _ZN10helicopter10controller13PIDController17calculateIntegralEffff
 .text._ZN10helicopter10controller13PIDController22calculateVelocityErrorEff
                0x000013d0       0x5e controller/PIDController.o
                0x000013d0                _ZN10helicopter10controller13PIDController22calculateVelocityErrorEff
 .text._ZN10helicopter10controller13PIDController30calculateOuterLoopControlValueEfffffi
                0x0000142e      0x10e controller/PIDController.o
                0x0000142e                _ZN10helicopter10controller13PIDController30calculateOuterLoopControlValueEfffffi
 .text._ZN10helicopter10controller13PIDController27adjustControlForServoLimitsEfff
                0x0000153c       0xb8 controller/PIDController.o
                0x0000153c                _ZN10helicopter10controller13PIDController27adjustControlForServoLimitsEfff
 .text._Z30calculateInnerLoopControlValuefffff
                0x000015f4       0xc2 controller/PIDController.o
                0x000015f4                _Z30calculateInnerLoopControlValuefffff
 .text._ZN10helicopter10controller13PIDController23adjustForSetpointLimitsEfff
                0x000016b6       0xb8 controller/PIDController.o
                0x000016b6                _ZN10helicopter10controller13PIDController23adjustForSetpointLimitsEfff
 .text._ZN10helicopter10controller13PIDController13addBlownFrameEv
                0x0000176e       0x46 controller/PIDController.o
                0x0000176e                _ZN10helicopter10controller13PIDController13addBlownFrameEv
 .text._ZN10helicopter10controller13PIDController35convertYawErrorFrom2PitoPlusMinusPiEf
                0x000017b4       0xa8 controller/PIDController.o
                0x000017b4                _ZN10helicopter10controller13PIDController35convertYawErrorFrom2PitoPlusMinusPiEf
 .text._ZN10helicopter10controller13PIDController15outerLoopUpdateEv
                0x0000185c      0x308 controller/PIDController.o
                0x0000185c                _ZN10helicopter10controller13PIDController15outerLoopUpdateEv
 .text._ZN10helicopter10controller13PIDController34tailRotorCollectiveOuterLoopUpdateEv
                0x00001b64      0x2e8 controller/PIDController.o
                0x00001b64                _ZN10helicopter10controller13PIDController34tailRotorCollectiveOuterLoopUpdateEv
 .text._ZN10helicopter10controller13PIDController34mainRotorCollectiveOuterLoopUpdateEf
                0x00001e4c      0x29c controller/PIDController.o
                0x00001e4c                _ZN10helicopter10controller13PIDController34mainRotorCollectiveOuterLoopUpdateEf
 .text._ZN10helicopter10controller13PIDController30cyclicLongitudeOuterLoopUpdateEf
                0x000020e8      0x270 controller/PIDController.o
                0x000020e8                _ZN10helicopter10controller13PIDController30cyclicLongitudeOuterLoopUpdateEf
 .text._ZN10helicopter10controller13PIDController28cyclicLateralOuterLoopUpdateEf
                0x00002358      0x274 controller/PIDController.o
                0x00002358                _ZN10helicopter10controller13PIDController28cyclicLateralOuterLoopUpdateEf
 .text._ZN10helicopter10controller13PIDController30cyclicLongitudeInnerLoopUpdateEv
                0x000025cc      0x1a0 controller/PIDController.o
                0x000025cc                _ZN10helicopter10controller13PIDController30cyclicLongitudeInnerLoopUpdateEv
 .text._ZN10helicopter10controller13PIDController28cyclicLateralInnerLoopUpdateEv
                0x0000276c      0x1a2 controller/PIDController.o
                0x0000276c                _ZN10helicopter10controller13PIDController28cyclicLateralInnerLoopUpdateEv
 .text._ZN10helicopter7drivers12SerialDriverD2Ev
                0x0000290e       0x3c drivers/SerialDriver.o
                0x0000290e                _ZN10helicopter7drivers12SerialDriverD1Ev
                0x0000290e                _ZN10helicopter7drivers12SerialDriverD2Ev
 .text._ZN10helicopter7drivers12SerialDriverD0Ev
                0x0000294a       0x2a drivers/SerialDriver.o
                0x0000294a                _ZN10helicopter7drivers12SerialDriverD0Ev
 .text._ZN10helicopter7drivers12SerialDriver10startTimerEv
                0x00002974       0x36 drivers/SerialDriver.o
                0x00002974                _ZN10helicopter7drivers12SerialDriver10startTimerEv
 .text._ZN10helicopter7drivers12SerialDriver9stopTimerEv
                0x000029aa       0x36 drivers/SerialDriver.o
                0x000029aa                _ZN10helicopter7drivers12SerialDriver9stopTimerEv
 .text._ZN10helicopter7drivers12SerialDriver4initEv
                0x000029e0      0x1f2 drivers/SerialDriver.o
                0x000029e0                _ZN10helicopter7drivers12SerialDriver4initEv
 .text._ZN10helicopter7drivers12SerialDriver8transmitEf
                0x00002bd2       0xfe drivers/SerialDriver.o
                0x00002bd2                _ZN10helicopter7drivers12SerialDriver8transmitEf
 .text._ZN10helicopter7drivers12SerialDriver8transmitEi
                0x00002cd0       0x8e drivers/SerialDriver.o
                0x00002cd0                _ZN10helicopter7drivers12SerialDriver8transmitEi
 .text._ZN10helicopter7drivers12SerialDriver8transmitEm
                0x00002d5e      0x114 drivers/SerialDriver.o
                0x00002d5e                _ZN10helicopter7drivers12SerialDriver8transmitEm
 .text._ZN10helicopter7drivers12SerialDriver8transmitEl
                0x00002e72      0x11c drivers/SerialDriver.o
                0x00002e72                _ZN10helicopter7drivers12SerialDriver8transmitEl
 .text._ZN10helicopter7drivers12SerialDriver8transmitEx
                0x00002f8e      0x2c2 drivers/SerialDriver.o
                0x00002f8e                _ZN10helicopter7drivers12SerialDriver8transmitEx
 .text._ZN10helicopter7drivers12SerialDriver8transmitEPKci
                0x00003250       0x9a drivers/SerialDriver.o
                0x00003250                _ZN10helicopter7drivers12SerialDriver8transmitEPKci
 .text._ZN10helicopter7drivers12SerialDriver8transmitEh
                0x000032ea      0x110 drivers/SerialDriver.o
                0x000032ea                _ZN10helicopter7drivers12SerialDriver8transmitEh
 .text._ZN10helicopter7drivers12SerialDriver7receiveERh
                0x000033fa      0x15a drivers/SerialDriver.o
                0x000033fa                _ZN10helicopter7drivers12SerialDriver7receiveERh
 .text._ZN10helicopter7drivers12SerialDriver11clearBufferEv
                0x00003554       0x78 drivers/SerialDriver.o
                0x00003554                _ZN10helicopter7drivers12SerialDriver11clearBufferEv
 .text._ZN10helicopter7drivers9SPIDriver4initEv
                0x000035cc       0x6c drivers/SPIDriver.o
                0x000035cc                _ZN10helicopter7drivers9SPIDriver4initEv
 .text._ZN10helicopter7drivers9SPIDriver16beginTransactionEv
                0x00003638       0x58 drivers/SPIDriver.o
                0x00003638                _ZN10helicopter7drivers9SPIDriver16beginTransactionEv
 .text._ZN10helicopter7drivers9SPIDriver14endTransactionEv
                0x00003690       0x58 drivers/SPIDriver.o
                0x00003690                _ZN10helicopter7drivers9SPIDriver14endTransactionEv
 .text._ZN10helicopter7drivers9SPIDriver7readIntEv
                0x000036e8       0x46 drivers/SPIDriver.o
                0x000036e8                _ZN10helicopter7drivers9SPIDriver7readIntEv
 .text._ZN10helicopter7drivers9SPIDriver8readUIntEv
                0x0000372e       0x56 drivers/SPIDriver.o
                0x0000372e                _ZN10helicopter7drivers9SPIDriver8readUIntEv
 .text._ZN10helicopter7drivers9SPIDriver8readByteEv
                0x00003784       0x40 drivers/SPIDriver.o
                0x00003784                _ZN10helicopter7drivers9SPIDriver8readByteEv
 .text._ZN10helicopter7drivers9SPIDriver5writeEh
                0x000037c4       0x3c drivers/SPIDriver.o
                0x000037c4                _ZN10helicopter7drivers9SPIDriver5writeEh
 .text._ZN10helicopter7drivers9SPIDriver16transactionWriteEh
                0x00003800       0x36 drivers/SPIDriver.o
                0x00003800                _ZN10helicopter7drivers9SPIDriver16transactionWriteEh
 .text._ZN10helicopter7drivers9SPIDriver16transactionWriteEhh
                0x00003836       0x46 drivers/SPIDriver.o
                0x00003836                _ZN10helicopter7drivers9SPIDriver16transactionWriteEhh
 .text._ZN10helicopter7drivers9TWIDriver5startEv
                0x0000387c       0x6c drivers/TWIDriver.o
                0x0000387c                _ZN10helicopter7drivers9TWIDriver5startEv
 .text._ZN10helicopter7drivers9TWIDriver4stopEv
                0x000038e8       0x24 drivers/TWIDriver.o
                0x000038e8                _ZN10helicopter7drivers9TWIDriver4stopEv
 .text._ZN10helicopter7drivers9TWIDriver5writeEhh
                0x0000390c       0x80 drivers/TWIDriver.o
                0x0000390c                _ZN10helicopter7drivers9TWIDriver5writeEhh
 .text._ZN10helicopter7drivers9TWIDriver8readByteEb
                0x0000398c       0x5e drivers/TWIDriver.o
                0x0000398c                _ZN10helicopter7drivers9TWIDriver8readByteEb
 .text._ZN10helicopter5tasks4TaskD2Ev
                0x000039ea       0x3c HelicopterMain.o
                0x000039ea                _ZN10helicopter5tasks4TaskD2Ev
                0x000039ea                _ZN10helicopter5tasks4TaskD1Ev
 .text._ZN10helicopter5tasks4TaskD0Ev
                0x00003a26       0x2a HelicopterMain.o
                0x00003a26                _ZN10helicopter5tasks4TaskD0Ev
 .text._ZN10helicopter5tasks12FlashLEDTaskC2Eiii
                0x00003a50       0x6c HelicopterMain.o
                0x00003a50                _ZN10helicopter5tasks12FlashLEDTaskC2Eiii
                0x00003a50                _ZN10helicopter5tasks12FlashLEDTaskC1Eiii
 .text._ZN10helicopter5tasks12FlashLEDTask4initEv
                0x00003abc       0x48 HelicopterMain.o
                0x00003abc                _ZN10helicopter5tasks12FlashLEDTask4initEv
 .text._ZN10helicopter5tasks12FlashLEDTask11runTaskImplEv
                0x00003b04       0x98 HelicopterMain.o
                0x00003b04                _ZN10helicopter5tasks12FlashLEDTask11runTaskImplEv
 .text._ZN10helicopter9scheduler9Scheduler13hasBlownFrameEv
                0x00003b9c       0x22 HelicopterMain.o
                0x00003b9c                _ZN10helicopter9scheduler9Scheduler13hasBlownFrameEv
 .text._ZN10helicopter4util5TimerC2Em9PRESCALERm
                0x00003bbe       0x80 HelicopterMain.o
                0x00003bbe                _ZN10helicopter4util5TimerC2Em9PRESCALERm
                0x00003bbe                _ZN10helicopter4util5TimerC1Em9PRESCALERm
 .text._ZN10helicopter7drivers12SerialDriverC2EmNS1_8UartPortEbPNS_4util5TimerE
                0x00003c3e       0x8c HelicopterMain.o
                0x00003c3e                _ZN10helicopter7drivers12SerialDriverC2EmNS1_8UartPortEbPNS_4util5TimerE
                0x00003c3e                _ZN10helicopter7drivers12SerialDriverC1EmNS1_8UartPortEbPNS_4util5TimerE
 .text._ZN10helicopter10interfaces29GroundControlStationInterfaceC2EPNS_7drivers12SerialDriverE
                0x00003cca       0x30 HelicopterMain.o
                0x00003cca                _ZN10helicopter10interfaces29GroundControlStationInterfaceC1EPNS_7drivers12SerialDriverE
                0x00003cca                _ZN10helicopter10interfaces29GroundControlStationInterfaceC2EPNS_7drivers12SerialDriverE
 .text._ZN10helicopter5model11SystemModelC2Ev
                0x00003cfa      0x532 HelicopterMain.o
                0x00003cfa                _ZN10helicopter5model11SystemModelC1Ev
                0x00003cfa                _ZN10helicopter5model11SystemModelC2Ev
 .text._ZN10helicopter5model11SystemModel19ReferenceMagYawRadsEf
                0x0000422c       0x40 HelicopterMain.o
                0x0000422c                _ZN10helicopter5model11SystemModel19ReferenceMagYawRadsEf
 .text._ZN10helicopter5model11SystemModel33ReferenceYawVelocityRadsPerSecondEf
                0x0000426c       0x40 HelicopterMain.o
                0x0000426c                _ZN10helicopter5model11SystemModel33ReferenceYawVelocityRadsPerSecondEf
 .text._ZN10helicopter5model11SystemModel25ReferenceXNEDLocalFrameCmEf
                0x000042ac       0x40 HelicopterMain.o
                0x000042ac                _ZN10helicopter5model11SystemModel25ReferenceXNEDLocalFrameCmEf
 .text._ZN10helicopter5model11SystemModel21ReferenceXVelocityCmsEf
                0x000042ec       0x40 HelicopterMain.o
                0x000042ec                _ZN10helicopter5model11SystemModel21ReferenceXVelocityCmsEf
 .text._ZN10helicopter5model11SystemModel25ReferenceYNEDLocalFrameCmEf
                0x0000432c       0x46 HelicopterMain.o
                0x0000432c                _ZN10helicopter5model11SystemModel25ReferenceYNEDLocalFrameCmEf
 .text._ZN10helicopter5model11SystemModel21ReferenceYVelocityCmsEf
                0x00004372       0x46 HelicopterMain.o
                0x00004372                _ZN10helicopter5model11SystemModel21ReferenceYVelocityCmsEf
 .text._ZN10helicopter5model11SystemModel25ReferenceZNEDLocalFrameCmEf
                0x000043b8       0x46 HelicopterMain.o
                0x000043b8                _ZN10helicopter5model11SystemModel25ReferenceZNEDLocalFrameCmEf
 .text._ZN10helicopter5model11SystemModel21ReferenceZVelocityCmsEf
                0x000043fe       0x46 HelicopterMain.o
                0x000043fe                _ZN10helicopter5model11SystemModel21ReferenceZVelocityCmsEf
 .text._ZNK10helicopter5model11SystemModel15LatitudeDegreesEv
                0x00004444       0x30 HelicopterMain.o
                0x00004444                _ZNK10helicopter5model11SystemModel15LatitudeDegreesEv
 .text._ZNK10helicopter5model11SystemModel16LongitudeDegreesEv
                0x00004474       0x30 HelicopterMain.o
                0x00004474                _ZNK10helicopter5model11SystemModel16LongitudeDegreesEv
 .text._ZN10helicopter5model11SystemModel20InitialXPositionEcefEl
                0x000044a4       0x4c HelicopterMain.o
                0x000044a4                _ZN10helicopter5model11SystemModel20InitialXPositionEcefEl
 .text._ZN10helicopter5model11SystemModel20InitialYPositionEcefEl
                0x000044f0       0x4c HelicopterMain.o
                0x000044f0                _ZN10helicopter5model11SystemModel20InitialYPositionEcefEl
 .text._ZN10helicopter5model11SystemModel20InitialZPositionEcefEl
                0x0000453c       0x4c HelicopterMain.o
                0x0000453c                _ZN10helicopter5model11SystemModel20InitialZPositionEcefEl
 .text._ZN10helicopter5model11SystemModel16OperationalStateENS1_15OperatingStatesE
                0x00004588       0x26 HelicopterMain.o
                0x00004588                _ZN10helicopter5model11SystemModel16OperationalStateENS1_15OperatingStatesE
 .text._ZNK10helicopter5model11SystemModel10FlightModeEv
                0x000045ae       0x22 HelicopterMain.o
                0x000045ae                _ZNK10helicopter5model11SystemModel10FlightModeEv
 .text._ZN10helicopter5model11SystemModel10FlightModeENS1_11FlightModesE
                0x000045d0       0x26 HelicopterMain.o
                0x000045d0                _ZN10helicopter5model11SystemModel10FlightModeENS1_11FlightModesE
 .text._ZNK10helicopter5model11SystemModel11SensorInputEv
                0x000045f6       0x22 HelicopterMain.o
                0x000045f6                _ZNK10helicopter5model11SystemModel11SensorInputEv
 .text._ZN10helicopter5model11SystemModel11SensorInputENS1_12SensorInputsE
                0x00004618       0x26 HelicopterMain.o
                0x00004618                _ZN10helicopter5model11SystemModel11SensorInputENS1_12SensorInputsE
 .text._ZNK10helicopter5model11SystemModel19CommunicationMethodEv
                0x0000463e       0x22 HelicopterMain.o
                0x0000463e                _ZNK10helicopter5model11SystemModel19CommunicationMethodEv
 .text._ZN10helicopter5model11SystemModel19CommunicationMethodENS1_20CommunicationMethodsE
                0x00004660       0x26 HelicopterMain.o
                0x00004660                _ZN10helicopter5model11SystemModel19CommunicationMethodENS1_20CommunicationMethodsE
 .text._ZNK10helicopter5model11SystemModel7XEcefCmEv
                0x00004686       0x30 HelicopterMain.o
                0x00004686                _ZNK10helicopter5model11SystemModel7XEcefCmEv
 .text._ZNK10helicopter5model11SystemModel7YEcefCmEv
                0x000046b6       0x2e HelicopterMain.o
                0x000046b6                _ZNK10helicopter5model11SystemModel7YEcefCmEv
 .text._ZNK10helicopter5model11SystemModel7ZEcefCmEv
                0x000046e4       0x30 HelicopterMain.o
                0x000046e4                _ZNK10helicopter5model11SystemModel7ZEcefCmEv
 .text._ZNK10helicopter5model11SystemModel17PressureMillibarsEv
                0x00004714       0x30 HelicopterMain.o
                0x00004714                _ZNK10helicopter5model11SystemModel17PressureMillibarsEv
 .text._ZN10helicopter5model11SystemModel17InitialAltitudeCmEf
                0x00004744       0x46 HelicopterMain.o
                0x00004744                _ZN10helicopter5model11SystemModel17InitialAltitudeCmEf
 .text._ZN10helicopter10controller13PIDController16setXIntegralGainEf
                0x0000478a       0x40 HelicopterMain.o
                0x0000478a                _ZN10helicopter10controller13PIDController16setXIntegralGainEf
 .text._ZN10helicopter10controller13PIDController18setXDerivativeGainEf
                0x000047ca       0x40 HelicopterMain.o
                0x000047ca                _ZN10helicopter10controller13PIDController18setXDerivativeGainEf
 .text._ZN10helicopter10controller13PIDController20setXProportionalGainEf
                0x0000480a       0x40 HelicopterMain.o
                0x0000480a                _ZN10helicopter10controller13PIDController20setXProportionalGainEf
 .text._ZN10helicopter10controller13PIDController18setXAntiWindupGainEf
                0x0000484a       0x40 HelicopterMain.o
                0x0000484a                _ZN10helicopter10controller13PIDController18setXAntiWindupGainEf
 .text._ZN10helicopter10controller13PIDController25setLongitudeInnerLoopGainEf
                0x0000488a       0x40 HelicopterMain.o
                0x0000488a                _ZN10helicopter10controller13PIDController25setLongitudeInnerLoopGainEf
 .text._ZN10helicopter10controller13PIDController27setPitchAngularVelocityGainEf
                0x000048ca       0x40 HelicopterMain.o
                0x000048ca                _ZN10helicopter10controller13PIDController27setPitchAngularVelocityGainEf
 .text._ZN10helicopter10controller13PIDController32setMinLongitudeServoControlValueEf
                0x0000490a       0x46 HelicopterMain.o
                0x0000490a                _ZN10helicopter10controller13PIDController32setMinLongitudeServoControlValueEf
 .text._ZN10helicopter10controller13PIDController32setMaxLongitudeServoControlValueEf
                0x00004950       0x46 HelicopterMain.o
                0x00004950                _ZN10helicopter10controller13PIDController32setMaxLongitudeServoControlValueEf
 .text._ZN10helicopter10controller13PIDController16setYIntegralGainEf
                0x00004996       0x40 HelicopterMain.o
                0x00004996                _ZN10helicopter10controller13PIDController16setYIntegralGainEf
 .text._ZN10helicopter10controller13PIDController18setYDerivativeGainEf
                0x000049d6       0x40 HelicopterMain.o
                0x000049d6                _ZN10helicopter10controller13PIDController18setYDerivativeGainEf
 .text._ZN10helicopter10controller13PIDController20setYProportionalGainEf
                0x00004a16       0x40 HelicopterMain.o
                0x00004a16                _ZN10helicopter10controller13PIDController20setYProportionalGainEf
 .text._ZN10helicopter10controller13PIDController18setYAntiWindupGainEf
                0x00004a56       0x40 HelicopterMain.o
                0x00004a56                _ZN10helicopter10controller13PIDController18setYAntiWindupGainEf
 .text._ZN10helicopter10controller13PIDController23setLateralInnerLoopGainEf
                0x00004a96       0x40 HelicopterMain.o
                0x00004a96                _ZN10helicopter10controller13PIDController23setLateralInnerLoopGainEf
 .text._ZN10helicopter10controller13PIDController26setRollAngularVelocityGainEf
                0x00004ad6       0x46 HelicopterMain.o
                0x00004ad6                _ZN10helicopter10controller13PIDController26setRollAngularVelocityGainEf
 .text._ZN10helicopter10controller13PIDController30setMinLateralServoControlValueEf
                0x00004b1c       0x46 HelicopterMain.o
                0x00004b1c                _ZN10helicopter10controller13PIDController30setMinLateralServoControlValueEf
 .text._ZN10helicopter10controller13PIDController30setMaxLateralServoControlValueEf
                0x00004b62       0x46 HelicopterMain.o
                0x00004b62                _ZN10helicopter10controller13PIDController30setMaxLateralServoControlValueEf
 .text._ZN10helicopter10controller13PIDController16setZIntegralGainEf
                0x00004ba8       0x46 HelicopterMain.o
                0x00004ba8                _ZN10helicopter10controller13PIDController16setZIntegralGainEf
 .text._ZN10helicopter10controller13PIDController18setZDerivativeGainEf
                0x00004bee       0x46 HelicopterMain.o
                0x00004bee                _ZN10helicopter10controller13PIDController18setZDerivativeGainEf
 .text._ZN10helicopter10controller13PIDController20setZProportionalGainEf
                0x00004c34       0x46 HelicopterMain.o
                0x00004c34                _ZN10helicopter10controller13PIDController20setZProportionalGainEf
 .text._ZN10helicopter10controller13PIDController18setZAntiWindupGainEf
                0x00004c7a       0x46 HelicopterMain.o
                0x00004c7a                _ZN10helicopter10controller13PIDController18setZAntiWindupGainEf
 .text._ZN10helicopter10controller13PIDController32setMinMainRotorServoControlValueEf
                0x00004cc0       0x46 HelicopterMain.o
                0x00004cc0                _ZN10helicopter10controller13PIDController32setMinMainRotorServoControlValueEf
 .text._ZN10helicopter10controller13PIDController32setMaxMainRotorServoControlValueEf
                0x00004d06       0x46 HelicopterMain.o
                0x00004d06                _ZN10helicopter10controller13PIDController32setMaxMainRotorServoControlValueEf
 .text._ZN10helicopter10controller13PIDController22setMaxRollSetpointRadsEf
                0x00004d4c       0x46 HelicopterMain.o
                0x00004d4c                _ZN10helicopter10controller13PIDController22setMaxRollSetpointRadsEf
 .text._ZN10helicopter10controller13PIDController22setMinRollSetpointRadsEf
                0x00004d92       0x46 HelicopterMain.o
                0x00004d92                _ZN10helicopter10controller13PIDController22setMinRollSetpointRadsEf
 .text._ZN10helicopter10controller13PIDController23setMaxPitchSetpointRadsEf
                0x00004dd8       0x46 HelicopterMain.o
                0x00004dd8                _ZN10helicopter10controller13PIDController23setMaxPitchSetpointRadsEf
 .text._ZN10helicopter10controller13PIDController23setMinPitchSetpointRadsEf
                0x00004e1e       0x46 HelicopterMain.o
                0x00004e1e                _ZN10helicopter10controller13PIDController23setMinPitchSetpointRadsEf
 .text._ZN10helicopter10controller13PIDController22setYawProportionalGainEf
                0x00004e64       0x40 HelicopterMain.o
                0x00004e64                _ZN10helicopter10controller13PIDController22setYawProportionalGainEf
 .text._ZN10helicopter10controller13PIDController18setYawIntegralGainEf
                0x00004ea4       0x40 HelicopterMain.o
                0x00004ea4                _ZN10helicopter10controller13PIDController18setYawIntegralGainEf
 .text._ZN10helicopter10controller13PIDController20setYawDerivativeGainEf
                0x00004ee4       0x40 HelicopterMain.o
                0x00004ee4                _ZN10helicopter10controller13PIDController20setYawDerivativeGainEf
 .text._ZN10helicopter10controller13PIDController21setIntervalPeriodSecsEf
                0x00004f24       0x46 HelicopterMain.o
                0x00004f24                _ZN10helicopter10controller13PIDController21setIntervalPeriodSecsEf
 .text._ZN10helicopter10controller13PIDController20setYawAntiWindupGainEf
                0x00004f6a       0x40 HelicopterMain.o
                0x00004f6a                _ZN10helicopter10controller13PIDController20setYawAntiWindupGainEf
 .text._ZN10helicopter10controller13PIDController21setMinYawServoControlEf
                0x00004faa       0x46 HelicopterMain.o
                0x00004faa                _ZN10helicopter10controller13PIDController21setMinYawServoControlEf
 .text._ZN10helicopter10controller13PIDController21setMaxYawServoControlEf
                0x00004ff0       0x46 HelicopterMain.o
                0x00004ff0                _ZN10helicopter10controller13PIDController21setMaxYawServoControlEf
 .text._ZN10helicopter10controller13PIDController18setControlMaxValueEf
                0x00005036       0x46 HelicopterMain.o
                0x00005036                _ZN10helicopter10controller13PIDController18setControlMaxValueEf
 .text._ZN10helicopter10controller13PIDController18setControlMinValueEf
                0x0000507c       0x46 HelicopterMain.o
                0x0000507c                _ZN10helicopter10controller13PIDController18setControlMinValueEf
 .text._ZN10helicopter7drivers9SPIDriverC2ENS1_17SLAVE_SELECT_LINEE
                0x000050c2       0x26 HelicopterMain.o
                0x000050c2                _ZN10helicopter7drivers9SPIDriverC1ENS1_17SLAVE_SELECT_LINEE
                0x000050c2                _ZN10helicopter7drivers9SPIDriverC2ENS1_17SLAVE_SELECT_LINEE
 .text._ZN10helicopter7sensors9IMUSensorC2EPNS_7drivers9SPIDriverE
                0x000050e8      0x116 HelicopterMain.o
                0x000050e8                _ZN10helicopter7sensors9IMUSensorC1EPNS_7drivers9SPIDriverE
                0x000050e8                _ZN10helicopter7sensors9IMUSensorC2EPNS_7drivers9SPIDriverE
 .text._ZN10helicopter10navigation4AHRSC2Ef
                0x000051fe      0x1d2 HelicopterMain.o
                0x000051fe                _ZN10helicopter10navigation4AHRSC2Ef
                0x000051fe                _ZN10helicopter10navigation4AHRSC1Ef
 .text._ZN10helicopter7sensors9GPSSensorC2EPNS_7drivers12SerialDriverE
                0x000053d0       0xc6 HelicopterMain.o
                0x000053d0                _ZN10helicopter7sensors9GPSSensorC2EPNS_7drivers12SerialDriverE
                0x000053d0                _ZN10helicopter7sensors9GPSSensorC1EPNS_7drivers12SerialDriverE
 .text._ZN10helicopter7sensors9GPSSensor16getLatitudeDegE7Ev
                0x00005496       0x2c HelicopterMain.o
                0x00005496                _ZN10helicopter7sensors9GPSSensor16getLatitudeDegE7Ev
 .text._ZN10helicopter7sensors9GPSSensor17getLongitudeDegE7Ev
                0x000054c2       0x2c HelicopterMain.o
                0x000054c2                _ZN10helicopter7sensors9GPSSensor17getLongitudeDegE7Ev
 .text._ZN10helicopter7sensors9GPSSensor10getXEcefCmEv
                0x000054ee       0x2c HelicopterMain.o
                0x000054ee                _ZN10helicopter7sensors9GPSSensor10getXEcefCmEv
 .text._ZN10helicopter7sensors9GPSSensor10getYEcefCmEv
                0x0000551a       0x2c HelicopterMain.o
                0x0000551a                _ZN10helicopter7sensors9GPSSensor10getYEcefCmEv
 .text._ZN10helicopter7sensors9GPSSensor10getZEcefCmEv
                0x00005546       0x2c HelicopterMain.o
                0x00005546                _ZN10helicopter7sensors9GPSSensor10getZEcefCmEv
 .text._ZN10helicopter7sensors9GPSSensor33getPositionAccuracyEstimateEcefCmEv
                0x00005572       0x2c HelicopterMain.o
                0x00005572                _ZN10helicopter7sensors9GPSSensor33getPositionAccuracyEstimateEcefCmEv
 .text._ZN10helicopter7sensors15BarometerSensorC2EPNS_7drivers9SPIDriverE
                0x0000559e      0x142 HelicopterMain.o
                0x0000559e                _ZN10helicopter7sensors15BarometerSensorC2EPNS_7drivers9SPIDriverE
                0x0000559e                _ZN10helicopter7sensors15BarometerSensorC1EPNS_7drivers9SPIDriverE
 .text._Z33setupDefaultsandReferencePositionPN10helicopter5model11SystemModelEPNS_10controller13PIDControllerE
                0x000056e0      0x2bc HelicopterMain.o
                0x000056e0                _Z33setupDefaultsandReferencePositionPN10helicopter5model11SystemModelEPNS_10controller13PIDControllerE
 .text.main     0x0000599c     0x155e HelicopterMain.o
                0x0000599c                main
 .text._ZN10helicopter5tasks12FlashLEDTaskD2Ev
                0x00006efa       0x44 HelicopterMain.o
                0x00006efa                _ZN10helicopter5tasks12FlashLEDTaskD1Ev
                0x00006efa                _ZN10helicopter5tasks12FlashLEDTaskD2Ev
 .text._ZN10helicopter5tasks12FlashLEDTaskD0Ev
                0x00006f3e       0x2a HelicopterMain.o
                0x00006f3e                _ZN10helicopter5tasks12FlashLEDTaskD0Ev
 .text._ZN10helicopter10interfaces29GroundControlStationInterface17calculateChecksumEPhiRhS3_
                0x00006f68       0xaa interfaces/GroundControlStationInterface.o
                0x00006f68                _ZN10helicopter10interfaces29GroundControlStationInterface17calculateChecksumEPhiRhS3_
 .text._ZN10helicopter10interfaces29GroundControlStationInterface8transmitEPNS_8messages7MessageE
                0x00007012      0x1e8 interfaces/GroundControlStationInterface.o
                0x00007012                _ZN10helicopter10interfaces29GroundControlStationInterface8transmitEPNS_8messages7MessageE
 .text._ZN10helicopter10interfaces29GroundControlStationInterface7receiveERPNS_8messages7MessageE
                0x000071fa      0x31c interfaces/GroundControlStationInterface.o
                0x000071fa                _ZN10helicopter10interfaces29GroundControlStationInterface7receiveERPNS_8messages7MessageE
 .text._ZN10helicopter10interfaces24RadioControllerInterfaceC2Ev
                0x00007516       0x4e interfaces/RadioControllerInterface.o
                0x00007516                _ZN10helicopter10interfaces24RadioControllerInterfaceC2Ev
                0x00007516                _ZN10helicopter10interfaces24RadioControllerInterfaceC1Ev
 .text._ZNK10helicopter10interfaces24RadioControllerInterface33PreviousInputCaptureRegisterValueEv
                0x00007564       0x2c interfaces/RadioControllerInterface.o
                0x00007564                _ZNK10helicopter10interfaces24RadioControllerInterface33PreviousInputCaptureRegisterValueEv
 .text._ZN10helicopter10interfaces24RadioControllerInterface33PreviousInputCaptureRegisterValueEl
                0x00007590       0x40 interfaces/RadioControllerInterface.o
                0x00007590                _ZN10helicopter10interfaces24RadioControllerInterface33PreviousInputCaptureRegisterValueEl
 .text._ZNK10helicopter10interfaces24RadioControllerInterface17ServoChannelIndexEv
                0x000075d0       0x24 interfaces/RadioControllerInterface.o
                0x000075d0                _ZNK10helicopter10interfaces24RadioControllerInterface17ServoChannelIndexEv
 .text._ZN10helicopter10interfaces24RadioControllerInterface17ServoChannelIndexEi
                0x000075f4       0x30 interfaces/RadioControllerInterface.o
                0x000075f4                _ZN10helicopter10interfaces24RadioControllerInterface17ServoChannelIndexEi
 .text._ZNK10helicopter10interfaces24RadioControllerInterface14GetSystemModelEv
                0x00007624       0x24 interfaces/RadioControllerInterface.o
                0x00007624                _ZNK10helicopter10interfaces24RadioControllerInterface14GetSystemModelEv
 .text._ZN10helicopter10interfaces24RadioControllerInterface20SetServoChannelValueEif
                0x00007648       0x68 interfaces/RadioControllerInterface.o
                0x00007648                _ZN10helicopter10interfaces24RadioControllerInterface20SetServoChannelValueEif
 .text._ZNK10helicopter10interfaces24RadioControllerInterface20GetServoChannelValueEi
                0x000076b0       0x58 interfaces/RadioControllerInterface.o
                0x000076b0                _ZNK10helicopter10interfaces24RadioControllerInterface20GetServoChannelValueEi
 .text._Z10ScaleValuei
                0x00007708       0xdc interfaces/RadioControllerInterface.o
                0x00007708                _Z10ScaleValuei
 .text.__vector_46
                0x000077e4      0x2ee interfaces/RadioControllerInterface.o
                0x000077e4                __vector_46
 .text._ZN10helicopter10interfaces24RadioControllerInterface27getRadioControllerInterfaceEv
                0x00007ad2       0x42 interfaces/RadioControllerInterface.o
                0x00007ad2                _ZN10helicopter10interfaces24RadioControllerInterface27getRadioControllerInterfaceEv
 .text._ZN10helicopter8messages7Message6encodeERPhRf
                0x00007b14       0x5c messages/ControlMessage.o
                0x00007b14                _ZN10helicopter8messages7Message6encodeERPhRf
 .text._ZN10helicopter8messages7Message6encodeERPhRh
                0x00007b70       0x5a messages/ControlMessage.o
                0x00007b70                _ZN10helicopter8messages7Message6encodeERPhRh
 .text._ZN10helicopter8messages7Message6decodeERPhRh
                0x00007bca       0x5a messages/ControlMessage.o
                0x00007bca                _ZN10helicopter8messages7Message6decodeERPhRh
 .text._ZN10helicopter8messages7Message6decodeERPhRf
                0x00007c24       0x5c messages/ControlMessage.o
                0x00007c24                _ZN10helicopter8messages7Message6decodeERPhRf
 .text._ZN10helicopter8messages7MessageC2Ehi
                0x00007c80       0x4e messages/ControlMessage.o
                0x00007c80                _ZN10helicopter8messages7MessageC1Ehi
                0x00007c80                _ZN10helicopter8messages7MessageC2Ehi
 .text._ZN10helicopter8messages7MessageD2Ev
                0x00007cce       0x3c messages/ControlMessage.o
                0x00007cce                _ZN10helicopter8messages7MessageD1Ev
                0x00007cce                _ZN10helicopter8messages7MessageD2Ev
 .text._ZN10helicopter8messages7MessageD0Ev
                0x00007d0a       0x2a messages/ControlMessage.o
                0x00007d0a                _ZN10helicopter8messages7MessageD0Ev
 .text._ZN10helicopter8messages14ControlMessageC2Ev
                0x00007d34       0x6e messages/ControlMessage.o
                0x00007d34                _ZN10helicopter8messages14ControlMessageC1Ev
                0x00007d34                _ZN10helicopter8messages14ControlMessageC2Ev
 .text._ZN10helicopter8messages14ControlMessageD2Ev
                0x00007da2       0x44 messages/ControlMessage.o
                0x00007da2                _ZN10helicopter8messages14ControlMessageD1Ev
                0x00007da2                _ZN10helicopter8messages14ControlMessageD2Ev
 .text._ZN10helicopter8messages14ControlMessageD0Ev
                0x00007de6       0x2a messages/ControlMessage.o
                0x00007de6                _ZN10helicopter8messages14ControlMessageD0Ev
 .text._ZN10helicopter8messages14ControlMessage8getBytesEv
                0x00007e10       0xbc messages/ControlMessage.o
                0x00007e10                _ZN10helicopter8messages14ControlMessage8getBytesEv
 .text._ZN10helicopter8messages14ControlMessage12buildMessageEPh
                0x00007ecc       0xae messages/ControlMessage.o
                0x00007ecc                _ZN10helicopter8messages14ControlMessage12buildMessageEPh
 .text._ZN10helicopter8messages7Message14getMessageSizeEv
                0x00007f7a       0x24 messages/Message.o
                0x00007f7a                _ZN10helicopter8messages7Message14getMessageSizeEv
 .text._ZN10helicopter8messages7Message8getBytesEv
                0x00007f9e       0x1e messages/Message.o
                0x00007f9e                _ZN10helicopter8messages7Message8getBytesEv
 .text._ZN10helicopter8messages7Message12buildMessageEPh
                0x00007fbc       0x22 messages/Message.o
                0x00007fbc                _ZN10helicopter8messages7Message12buildMessageEPh
 .text._ZN10helicopter8messages7Message6encodeERPhRl
                0x00007fde       0x5c messages/SensorDataMessage.o
                0x00007fde                _ZN10helicopter8messages7Message6encodeERPhRl
 .text._ZN10helicopter8messages7Message6decodeERPhRl
                0x0000803a       0x5c messages/SensorDataMessage.o
                0x0000803a                _ZN10helicopter8messages7Message6decodeERPhRl
 .text._ZN10helicopter8messages17SensorDataMessageC2Ev
                0x00008096      0x11c messages/SensorDataMessage.o
                0x00008096                _ZN10helicopter8messages17SensorDataMessageC2Ev
                0x00008096                _ZN10helicopter8messages17SensorDataMessageC1Ev
 .text._ZN10helicopter8messages17SensorDataMessageD2Ev
                0x000081b2       0x44 messages/SensorDataMessage.o
                0x000081b2                _ZN10helicopter8messages17SensorDataMessageD1Ev
                0x000081b2                _ZN10helicopter8messages17SensorDataMessageD2Ev
 .text._ZN10helicopter8messages17SensorDataMessageD0Ev
                0x000081f6       0x2a messages/SensorDataMessage.o
                0x000081f6                _ZN10helicopter8messages17SensorDataMessageD0Ev
 .text._ZN10helicopter8messages17SensorDataMessage8getBytesEv
                0x00008220      0x1f4 messages/SensorDataMessage.o
                0x00008220                _ZN10helicopter8messages17SensorDataMessage8getBytesEv
 .text._ZN10helicopter8messages17SensorDataMessage12buildMessageEPh
                0x00008414      0x1e6 messages/SensorDataMessage.o
                0x00008414                _ZN10helicopter8messages17SensorDataMessage12buildMessageEPh
 .text._ZN10helicopter8messages17SensorDataMessage14buildMessageStEPh
                0x000085fa       0x5e messages/SensorDataMessage.o
                0x000085fa                _ZN10helicopter8messages17SensorDataMessage14buildMessageStEPh
 .text._ZN10helicopter8messages11SyncMessageC2Eh
                0x00008658       0x42 messages/SyncMessage.o
                0x00008658                _ZN10helicopter8messages11SyncMessageC1Eh
                0x00008658                _ZN10helicopter8messages11SyncMessageC2Eh
 .text._ZN10helicopter8messages11SyncMessageD2Ev
                0x0000869a       0x44 messages/SyncMessage.o
                0x0000869a                _ZN10helicopter8messages11SyncMessageD2Ev
                0x0000869a                _ZN10helicopter8messages11SyncMessageD1Ev
 .text._ZN10helicopter8messages11SyncMessageD0Ev
                0x000086de       0x2a messages/SyncMessage.o
                0x000086de                _ZN10helicopter8messages11SyncMessageD0Ev
 .text._ZN10helicopter8messages11SyncMessage8getBytesEv
                0x00008708       0x5c messages/SyncMessage.o
                0x00008708                _ZN10helicopter8messages11SyncMessage8getBytesEv
 .text._ZN10helicopter8messages11SyncMessage12buildMessageEPh
                0x00008764       0x4a messages/SyncMessage.o
                0x00008764                _ZN10helicopter8messages11SyncMessage12buildMessageEPh
 .text._ZNK10helicopter5model11SystemModel15YawProportionalEv
                0x000087ae       0x2c messages/SystemTelemetryMessage.o
                0x000087ae                _ZNK10helicopter5model11SystemModel15YawProportionalEv
 .text._ZNK10helicopter5model11SystemModel18YawDerivativeErrorEv
                0x000087da       0x2c messages/SystemTelemetryMessage.o
                0x000087da                _ZNK10helicopter5model11SystemModel18YawDerivativeErrorEv
 .text._ZNK10helicopter5model11SystemModel13XProportionalEv
                0x00008806       0x2c messages/SystemTelemetryMessage.o
                0x00008806                _ZNK10helicopter5model11SystemModel13XProportionalEv
 .text._ZNK10helicopter5model11SystemModel16XDerivativeErrorEv
                0x00008832       0x30 messages/SystemTelemetryMessage.o
                0x00008832                _ZNK10helicopter5model11SystemModel16XDerivativeErrorEv
 .text._ZNK10helicopter5model11SystemModel13YProportionalEv
                0x00008862       0x30 messages/SystemTelemetryMessage.o
                0x00008862                _ZNK10helicopter5model11SystemModel13YProportionalEv
 .text._ZNK10helicopter5model11SystemModel16YDerivativeErrorEv
                0x00008892       0x30 messages/SystemTelemetryMessage.o
                0x00008892                _ZNK10helicopter5model11SystemModel16YDerivativeErrorEv
 .text._ZNK10helicopter5model11SystemModel13ZProportionalEv
                0x000088c2       0x30 messages/SystemTelemetryMessage.o
                0x000088c2                _ZNK10helicopter5model11SystemModel13ZProportionalEv
 .text._ZNK10helicopter5model11SystemModel16ZDerivativeErrorEv
                0x000088f2       0x30 messages/SystemTelemetryMessage.o
                0x000088f2                _ZNK10helicopter5model11SystemModel16ZDerivativeErrorEv
 .text._ZN10helicopter5model11SystemModel15LatitudeDegreesEf
                0x00008922       0x46 messages/SystemTelemetryMessage.o
                0x00008922                _ZN10helicopter5model11SystemModel15LatitudeDegreesEf
 .text._ZN10helicopter5model11SystemModel16LongitudeDegreesEf
                0x00008968       0x46 messages/SystemTelemetryMessage.o
                0x00008968                _ZN10helicopter5model11SystemModel16LongitudeDegreesEf
 .text._ZNK10helicopter5model11SystemModel8TimeoutsEv
                0x000089ae       0x30 messages/SystemTelemetryMessage.o
                0x000089ae                _ZNK10helicopter5model11SystemModel8TimeoutsEv
 .text._ZN10helicopter5model11SystemModel8TimeoutsEl
                0x000089de       0x46 messages/SystemTelemetryMessage.o
                0x000089de                _ZN10helicopter5model11SystemModel8TimeoutsEl
 .text._ZNK10helicopter5model11SystemModel20UnrecognizedMsgTypesEv
                0x00008a24       0x30 messages/SystemTelemetryMessage.o
                0x00008a24                _ZNK10helicopter5model11SystemModel20UnrecognizedMsgTypesEv
 .text._ZN10helicopter5model11SystemModel20UnrecognizedMsgTypesEl
                0x00008a54       0x46 messages/SystemTelemetryMessage.o
                0x00008a54                _ZN10helicopter5model11SystemModel20UnrecognizedMsgTypesEl
 .text._ZNK10helicopter5model11SystemModel14ChecksumErrorsEv
                0x00008a9a       0x30 messages/SystemTelemetryMessage.o
                0x00008a9a                _ZNK10helicopter5model11SystemModel14ChecksumErrorsEv
 .text._ZN10helicopter5model11SystemModel14ChecksumErrorsEl
                0x00008aca       0x46 messages/SystemTelemetryMessage.o
                0x00008aca                _ZN10helicopter5model11SystemModel14ChecksumErrorsEl
 .text._ZNK10helicopter5model11SystemModel33SerialCommunicationBufferOverrunsEv
                0x00008b10       0x30 messages/SystemTelemetryMessage.o
                0x00008b10                _ZNK10helicopter5model11SystemModel33SerialCommunicationBufferOverrunsEv
 .text._ZN10helicopter5model11SystemModel31YawAngularVelocityRadsPerSecondEf
                0x00008b40       0x46 messages/SystemTelemetryMessage.o
                0x00008b40                _ZN10helicopter5model11SystemModel31YawAngularVelocityRadsPerSecondEf
 .text._ZN10helicopter5model11SystemModel33PitchAngularVelocityRadsPerSecondEf
                0x00008b86       0x46 messages/SystemTelemetryMessage.o
                0x00008b86                _ZN10helicopter5model11SystemModel33PitchAngularVelocityRadsPerSecondEf
 .text._ZN10helicopter5model11SystemModel32RollAngularVelocityRadsPerSecondEf
                0x00008bcc       0x46 messages/SystemTelemetryMessage.o
                0x00008bcc                _ZN10helicopter5model11SystemModel32RollAngularVelocityRadsPerSecondEf
 .text._ZNK10helicopter5model11SystemModel12XAccelFrdMssEv
                0x00008c12       0x30 messages/SystemTelemetryMessage.o
                0x00008c12                _ZNK10helicopter5model11SystemModel12XAccelFrdMssEv
 .text._ZN10helicopter5model11SystemModel12XAccelFrdMssEf
                0x00008c42       0x46 messages/SystemTelemetryMessage.o
                0x00008c42                _ZN10helicopter5model11SystemModel12XAccelFrdMssEf
 .text._ZNK10helicopter5model11SystemModel12YAccelFrdMssEv
                0x00008c88       0x30 messages/SystemTelemetryMessage.o
                0x00008c88                _ZNK10helicopter5model11SystemModel12YAccelFrdMssEv
 .text._ZN10helicopter5model11SystemModel12YAccelFrdMssEf
                0x00008cb8       0x46 messages/SystemTelemetryMessage.o
                0x00008cb8                _ZN10helicopter5model11SystemModel12YAccelFrdMssEf
 .text._ZNK10helicopter5model11SystemModel12ZAccelFrdMssEv
                0x00008cfe       0x30 messages/SystemTelemetryMessage.o
                0x00008cfe                _ZNK10helicopter5model11SystemModel12ZAccelFrdMssEv
 .text._ZN10helicopter5model11SystemModel12ZAccelFrdMssEf
                0x00008d2e       0x46 messages/SystemTelemetryMessage.o
                0x00008d2e                _ZN10helicopter5model11SystemModel12ZAccelFrdMssEf
 .text._ZNK10helicopter5model11SystemModel7XMagFrdEv
                0x00008d74       0x30 messages/SystemTelemetryMessage.o
                0x00008d74                _ZNK10helicopter5model11SystemModel7XMagFrdEv
 .text._ZN10helicopter5model11SystemModel7XMagFrdEf
                0x00008da4       0x46 messages/SystemTelemetryMessage.o
                0x00008da4                _ZN10helicopter5model11SystemModel7XMagFrdEf
 .text._ZNK10helicopter5model11SystemModel7YMagFrdEv
                0x00008dea       0x30 messages/SystemTelemetryMessage.o
                0x00008dea                _ZNK10helicopter5model11SystemModel7YMagFrdEv
 .text._ZN10helicopter5model11SystemModel7YMagFrdEf
                0x00008e1a       0x46 messages/SystemTelemetryMessage.o
                0x00008e1a                _ZN10helicopter5model11SystemModel7YMagFrdEf
 .text._ZNK10helicopter5model11SystemModel7ZMagFrdEv
                0x00008e60       0x30 messages/SystemTelemetryMessage.o
                0x00008e60                _ZNK10helicopter5model11SystemModel7ZMagFrdEv
 .text._ZN10helicopter5model11SystemModel7ZMagFrdEf
                0x00008e90       0x46 messages/SystemTelemetryMessage.o
                0x00008e90                _ZN10helicopter5model11SystemModel7ZMagFrdEf
 .text._ZN10helicopter5model11SystemModel7XEcefCmEl
                0x00008ed6       0x46 messages/SystemTelemetryMessage.o
                0x00008ed6                _ZN10helicopter5model11SystemModel7XEcefCmEl
 .text._ZN10helicopter5model11SystemModel7YEcefCmEl
                0x00008f1c       0x44 messages/SystemTelemetryMessage.o
                0x00008f1c                _ZN10helicopter5model11SystemModel7YEcefCmEl
 .text._ZN10helicopter5model11SystemModel7ZEcefCmEl
                0x00008f60       0x46 messages/SystemTelemetryMessage.o
                0x00008f60                _ZN10helicopter5model11SystemModel7ZEcefCmEl
 .text._ZNK10helicopter5model11SystemModel9XVEcefCmsEv
                0x00008fa6       0x30 messages/SystemTelemetryMessage.o
                0x00008fa6                _ZNK10helicopter5model11SystemModel9XVEcefCmsEv
 .text._ZN10helicopter5model11SystemModel9XVEcefCmsEl
                0x00008fd6       0x46 messages/SystemTelemetryMessage.o
                0x00008fd6                _ZN10helicopter5model11SystemModel9XVEcefCmsEl
 .text._ZNK10helicopter5model11SystemModel9YVEcefCmsEv
                0x0000901c       0x30 messages/SystemTelemetryMessage.o
                0x0000901c                _ZNK10helicopter5model11SystemModel9YVEcefCmsEv
 .text._ZN10helicopter5model11SystemModel9YVEcefCmsEl
                0x0000904c       0x46 messages/SystemTelemetryMessage.o
                0x0000904c                _ZN10helicopter5model11SystemModel9YVEcefCmsEl
 .text._ZNK10helicopter5model11SystemModel9ZVEcefCmsEv
                0x00009092       0x30 messages/SystemTelemetryMessage.o
                0x00009092                _ZNK10helicopter5model11SystemModel9ZVEcefCmsEv
 .text._ZN10helicopter5model11SystemModel9ZVEcefCmsEl
                0x000090c2       0x46 messages/SystemTelemetryMessage.o
                0x000090c2                _ZN10helicopter5model11SystemModel9ZVEcefCmsEl
 .text._ZN10helicopter5model11SystemModel17PressureMillibarsEf
                0x00009108       0x46 messages/SystemTelemetryMessage.o
                0x00009108                _ZN10helicopter5model11SystemModel17PressureMillibarsEf
 .text._ZN10helicopter8messages22SystemTelemetryMessageC2Ev
                0x0000914e      0x4fa messages/SystemTelemetryMessage.o
                0x0000914e                _ZN10helicopter8messages22SystemTelemetryMessageC2Ev
                0x0000914e                _ZN10helicopter8messages22SystemTelemetryMessageC1Ev
 .text._ZN10helicopter8messages22SystemTelemetryMessageD2Ev
                0x00009648       0x44 messages/SystemTelemetryMessage.o
                0x00009648                _ZN10helicopter8messages22SystemTelemetryMessageD2Ev
                0x00009648                _ZN10helicopter8messages22SystemTelemetryMessageD1Ev
 .text._ZN10helicopter8messages22SystemTelemetryMessageD0Ev
                0x0000968c       0x2a messages/SystemTelemetryMessage.o
                0x0000968c                _ZN10helicopter8messages22SystemTelemetryMessageD0Ev
 .text._ZN10helicopter8messages22SystemTelemetryMessage8getBytesEv
                0x000096b6      0x78a messages/SystemTelemetryMessage.o
                0x000096b6                _ZN10helicopter8messages22SystemTelemetryMessage8getBytesEv
 .text._ZN10helicopter8messages22SystemTelemetryMessage12buildMessageEPh
                0x00009e40      0x77c messages/SystemTelemetryMessage.o
                0x00009e40                _ZN10helicopter8messages22SystemTelemetryMessage12buildMessageEPh
 .text._ZN10helicopter8messages22SystemTelemetryMessage14buildMessageStEPh
                0x0000a5bc       0x5e messages/SystemTelemetryMessage.o
                0x0000a5bc                _ZN10helicopter8messages22SystemTelemetryMessage14buildMessageStEPh
 .text._ZN10helicopter8messages22SystemTelemetryMessage21buildMessageFromModelEPNS_5model11SystemModelE
                0x0000a61a      0x62e messages/SystemTelemetryMessage.o
                0x0000a61a                _ZN10helicopter8messages22SystemTelemetryMessage21buildMessageFromModelEPNS_5model11SystemModelE
 .text._ZN10helicopter8messages22SystemTelemetryMessage35updateModelFromMessageFromSimulatorEPNS_5model11SystemModelE
                0x0000ac48      0x262 messages/SystemTelemetryMessage.o
                0x0000ac48                _ZN10helicopter8messages22SystemTelemetryMessage35updateModelFromMessageFromSimulatorEPNS_5model11SystemModelE
 .text._ZN10helicopter10navigation4AHRS14scaleAndAdjustEPfS2_fRA3_f
                0x0000aeaa      0x148 navigation/AHRS.o
                0x0000aeaa                _ZN10helicopter10navigation4AHRS14scaleAndAdjustEPfS2_fRA3_f
 .text._ZN10helicopter10navigation4AHRS17orthonormalizeDcmEv
                0x0000aff2      0x128 navigation/AHRS.o
                0x0000aff2                _ZN10helicopter10navigation4AHRS17orthonormalizeDcmEv
 .text._ZN10helicopter10navigation4AHRS6updateEfffffffff
                0x0000b11a      0x824 navigation/AHRS.o
                0x0000b11a                _ZN10helicopter10navigation4AHRS6updateEfffffffff
 .text._ZN10helicopter10navigation4AHRS10getYawRadsEv
                0x0000b93e       0x2c navigation/AHRS.o
                0x0000b93e                _ZN10helicopter10navigation4AHRS10getYawRadsEv
 .text._ZN10helicopter10navigation4AHRS12getPitchRadsEv
                0x0000b96a       0x2c navigation/AHRS.o
                0x0000b96a                _ZN10helicopter10navigation4AHRS12getPitchRadsEv
 .text._ZN10helicopter10navigation4AHRS11getRollRadsEv
                0x0000b996       0x2c navigation/AHRS.o
                0x0000b996                _ZN10helicopter10navigation4AHRS11getRollRadsEv
 .text._ZN10helicopter5tasks4Task8getDelayEv
                0x0000b9c2       0x24 scheduler/Scheduler.o
                0x0000b9c2                _ZN10helicopter5tasks4Task8getDelayEv
 .text._ZN10helicopter5tasks4Task9getPeriodEv
                0x0000b9e6       0x24 scheduler/Scheduler.o
                0x0000b9e6                _ZN10helicopter5tasks4Task9getPeriodEv
 .text._ZN10helicopter5tasks4Task8setDelayEi
                0x0000ba0a       0x30 scheduler/Scheduler.o
                0x0000ba0a                _ZN10helicopter5tasks4Task8setDelayEi
 .text._ZN10helicopter5tasks4Task15getIsReadyToRunEv
                0x0000ba3a       0x22 scheduler/Scheduler.o
                0x0000ba3a                _ZN10helicopter5tasks4Task15getIsReadyToRunEv
 .text._ZN10helicopter5tasks4Task15setIsReadyToRunEb
                0x0000ba5c       0x26 scheduler/Scheduler.o
                0x0000ba5c                _ZN10helicopter5tasks4Task15setIsReadyToRunEb
 .text._ZN10helicopter5tasks4Task11reduceDelayEv
                0x0000ba82       0x34 scheduler/Scheduler.o
                0x0000ba82                _ZN10helicopter5tasks4Task11reduceDelayEv
 .text._ZN10helicopter9scheduler9Scheduler13getNumOfTasksEv
                0x0000bab6       0x24 scheduler/Scheduler.o
                0x0000bab6                _ZN10helicopter9scheduler9Scheduler13getNumOfTasksEv
 .text._ZN10helicopter9scheduler9Scheduler8getTasksEv
                0x0000bada       0x1e scheduler/Scheduler.o
                0x0000bada                _ZN10helicopter9scheduler9Scheduler8getTasksEv
 .text._ZN10helicopter9scheduler9Scheduler13hasBlownFrameEb
                0x0000baf8       0x26 scheduler/Scheduler.o
                0x0000baf8                _ZN10helicopter9scheduler9Scheduler13hasBlownFrameEb
 .text._ZN10helicopter9scheduler9Scheduler20hasCompletedDispatchEv
                0x0000bb1e       0x22 scheduler/Scheduler.o
                0x0000bb1e                _ZN10helicopter9scheduler9Scheduler20hasCompletedDispatchEv
 .text._ZN10helicopter9scheduler9Scheduler12getSchedulerEv
                0x0000bb40       0x5a scheduler/Scheduler.o
                0x0000bb40                _ZN10helicopter9scheduler9Scheduler12getSchedulerEv
 .text._ZN10helicopter9scheduler9SchedulerC2Em9PRESCALERi
                0x0000bb9a       0xc6 scheduler/Scheduler.o
                0x0000bb9a                _ZN10helicopter9scheduler9SchedulerC2Em9PRESCALERi
                0x0000bb9a                _ZN10helicopter9scheduler9SchedulerC1Em9PRESCALERi
 .text._ZN10helicopter9scheduler9Scheduler7addTaskEPNS_5tasks4TaskE
                0x0000bc60       0x76 scheduler/Scheduler.o
                0x0000bc60                _ZN10helicopter9scheduler9Scheduler7addTaskEPNS_5tasks4TaskE
 .text._ZN10helicopter9scheduler9Scheduler4initEv
                0x0000bcd6       0xc0 scheduler/Scheduler.o
                0x0000bcd6                _ZN10helicopter9scheduler9Scheduler4initEv
 .text._ZN10helicopter9scheduler9Scheduler8dispatchEv
                0x0000bd96       0xee scheduler/Scheduler.o
                0x0000bd96                _ZN10helicopter9scheduler9Scheduler8dispatchEv
 .text._ZN10helicopter9scheduler9Scheduler5startEv
                0x0000be84       0xc6 scheduler/Scheduler.o
                0x0000be84                _ZN10helicopter9scheduler9Scheduler5startEv
 .text.__vector_21
                0x0000bf4a      0x122 scheduler/Scheduler.o
                0x0000bf4a                __vector_21
 .text._ZN10helicopter7sensors15BarometerSensor4initEv
                0x0000c06c      0x358 sensors/BarometerSensor.o
                0x0000c06c                _ZN10helicopter7sensors15BarometerSensor4initEv
 .text._ZN10helicopter7sensors15BarometerSensor13sendD1CommandEv
                0x0000c3c4       0x2a sensors/BarometerSensor.o
                0x0000c3c4                _ZN10helicopter7sensors15BarometerSensor13sendD1CommandEv
 .text._ZN10helicopter7sensors15BarometerSensor10readD1DataEv
                0x0000c3ee       0xfe sensors/BarometerSensor.o
                0x0000c3ee                _ZN10helicopter7sensors15BarometerSensor10readD1DataEv
 .text._ZN10helicopter7sensors15BarometerSensor13sendD2CommandEv
                0x0000c4ec       0x2a sensors/BarometerSensor.o
                0x0000c4ec                _ZN10helicopter7sensors15BarometerSensor13sendD2CommandEv
 .text._ZN10helicopter7sensors15BarometerSensor10readD2DataEv
                0x0000c516       0xfe sensors/BarometerSensor.o
                0x0000c516                _ZN10helicopter7sensors15BarometerSensor10readD2DataEv
 .text._ZN10helicopter7sensors15BarometerSensor15processBaroDataEv
                0x0000c614      0xd8c sensors/BarometerSensor.o
                0x0000c614                _ZN10helicopter7sensors15BarometerSensor15processBaroDataEv
 .text._ZN10helicopter7sensors9GPSSensor14receiveGpsDataEmPhi
                0x0000d3a0      0x1c2 sensors/GPSSensor.o
                0x0000d3a0                _ZN10helicopter7sensors9GPSSensor14receiveGpsDataEmPhi
 .text._ZN10helicopter7sensors9GPSSensor10readSensorEPhiS2_i
                0x0000d562      0x12c sensors/GPSSensor.o
                0x0000d562                _ZN10helicopter7sensors9GPSSensor10readSensorEPhiS2_i
 .text._ZN10helicopter7sensors9GPSSensor21processSensorSolutionEv
                0x0000d68e      0x390 sensors/GPSSensor.o
                0x0000d68e                _ZN10helicopter7sensors9GPSSensor21processSensorSolutionEv
 .text._ZN10helicopter7sensors9GPSSensor13readSensorLLHEv
                0x0000da1e      0x13a sensors/GPSSensor.o
                0x0000da1e                _ZN10helicopter7sensors9GPSSensor13readSensorLLHEv
 .text._ZN10helicopter7sensors9GPSSensor4initEv
                0x0000db58      0x2c6 sensors/GPSSensor.o
                0x0000db58                _ZN10helicopter7sensors9GPSSensor4initEv
 .text._ZN10helicopter7sensors9GPSSensor10isGpsReadyEv
                0x0000de1e       0x2a sensors/GPSSensor.o
                0x0000de1e                _ZN10helicopter7sensors9GPSSensor10isGpsReadyEv
 .text.__vector_36
                0x0000de48      0x11e sensors/GPSSensor.o
                0x0000de48                __vector_36
 .text._ZN10helicopter7sensors9IMUSensor4initEv
                0x0000df66      0x2a0 sensors/IMUSensor.o
                0x0000df66                _ZN10helicopter7sensors9IMUSensor4initEv
 .text._ZN10helicopter7sensors9IMUSensor10readSensorEv
                0x0000e206      0x2a8 sensors/IMUSensor.o
                0x0000e206                _ZN10helicopter7sensors9IMUSensor10readSensorEv
 .text._ZN10helicopter7sensors18MagnetometerSensorC2EPNS_7drivers9TWIDriverE
                0x0000e4ae       0xc8 sensors/MagnetometerSensor.o
                0x0000e4ae                _ZN10helicopter7sensors18MagnetometerSensorC1EPNS_7drivers9TWIDriverE
                0x0000e4ae                _ZN10helicopter7sensors18MagnetometerSensorC2EPNS_7drivers9TWIDriverE
 .text._ZN10helicopter7sensors18MagnetometerSensor4initEv
                0x0000e576      0x130 sensors/MagnetometerSensor.o
                0x0000e576                _ZN10helicopter7sensors18MagnetometerSensor4initEv
 .text._ZN10helicopter7sensors18MagnetometerSensor10readSensorEv
                0x0000e6a6      0x23c sensors/MagnetometerSensor.o
                0x0000e6a6                _ZN10helicopter7sensors18MagnetometerSensor10readSensorEv
 .text._ZN10helicopter5tasks4Task4initEv
                0x0000e8e2       0x1a tasks/NavigationTask.o
                0x0000e8e2                _ZN10helicopter5tasks4Task4initEv
 .text._ZN10helicopter5model11SystemModel16XNEDLocalFrameCmEf
                0x0000e8fc       0x40 tasks/NavigationTask.o
                0x0000e8fc                _ZN10helicopter5model11SystemModel16XNEDLocalFrameCmEf
 .text._ZN10helicopter5model11SystemModel15XVelocityFRDCmsEf
                0x0000e93c       0x40 tasks/NavigationTask.o
                0x0000e93c                _ZN10helicopter5model11SystemModel15XVelocityFRDCmsEf
 .text._ZN10helicopter5model11SystemModel16YNEDLocalFrameCmEf
                0x0000e97c       0x46 tasks/NavigationTask.o
                0x0000e97c                _ZN10helicopter5model11SystemModel16YNEDLocalFrameCmEf
 .text._ZN10helicopter5model11SystemModel15YVelocityFRDCmsEf
                0x0000e9c2       0x46 tasks/NavigationTask.o
                0x0000e9c2                _ZN10helicopter5model11SystemModel15YVelocityFRDCmsEf
 .text._ZN10helicopter5model11SystemModel16ZNEDLocalFrameCmEf
                0x0000ea08       0x46 tasks/NavigationTask.o
                0x0000ea08                _ZN10helicopter5model11SystemModel16ZNEDLocalFrameCmEf
 .text._ZN10helicopter5model11SystemModel15ZVelocityFRDCmsEf
                0x0000ea4e       0x46 tasks/NavigationTask.o
                0x0000ea4e                _ZN10helicopter5model11SystemModel15ZVelocityFRDCmsEf
 .text._ZNK10helicopter5model11SystemModel20InitialXPositionEcefEv
                0x0000ea94       0x3c tasks/NavigationTask.o
                0x0000ea94                _ZNK10helicopter5model11SystemModel20InitialXPositionEcefEv
 .text._ZNK10helicopter5model11SystemModel20InitialYPositionEcefEv
                0x0000ead0       0x3c tasks/NavigationTask.o
                0x0000ead0                _ZNK10helicopter5model11SystemModel20InitialYPositionEcefEv
 .text._ZNK10helicopter5model11SystemModel20InitialZPositionEcefEv
                0x0000eb0c       0x3c tasks/NavigationTask.o
                0x0000eb0c                _ZNK10helicopter5model11SystemModel20InitialZPositionEcefEv
 .text._ZN10helicopter5model11SystemModel7YawRadsEf
                0x0000eb48       0x46 tasks/NavigationTask.o
                0x0000eb48                _ZN10helicopter5model11SystemModel7YawRadsEf
 .text._ZN10helicopter5model11SystemModel9PitchRadsEf
                0x0000eb8e       0x46 tasks/NavigationTask.o
                0x0000eb8e                _ZN10helicopter5model11SystemModel9PitchRadsEf
 .text._ZN10helicopter5model11SystemModel8RollRadsEf
                0x0000ebd4       0x46 tasks/NavigationTask.o
                0x0000ebd4                _ZN10helicopter5model11SystemModel8RollRadsEf
 .text._ZNK10helicopter5model11SystemModel17InitialAltitudeCmEv
                0x0000ec1a       0x30 tasks/NavigationTask.o
                0x0000ec1a                _ZNK10helicopter5model11SystemModel17InitialAltitudeCmEv
 .text._ZN10helicopter5tasks14NavigationTaskC2EfPNS_10navigation4AHRSEPNS_5model11SystemModelEii
                0x0000ec4a       0xac tasks/NavigationTask.o
                0x0000ec4a                _ZN10helicopter5tasks14NavigationTaskC2EfPNS_10navigation4AHRSEPNS_5model11SystemModelEii
                0x0000ec4a                _ZN10helicopter5tasks14NavigationTaskC1EfPNS_10navigation4AHRSEPNS_5model11SystemModelEii
 .text._ZN10helicopter5tasks14NavigationTask11runTaskImplEv
                0x0000ecf6      0x858 tasks/NavigationTask.o
                0x0000ecf6                _ZN10helicopter5tasks14NavigationTask11runTaskImplEv
 .text._ZN10helicopter5tasks14NavigationTaskD2Ev
                0x0000f54e       0x44 tasks/NavigationTask.o
                0x0000f54e                _ZN10helicopter5tasks14NavigationTaskD1Ev
                0x0000f54e                _ZN10helicopter5tasks14NavigationTaskD2Ev
 .text._ZN10helicopter5tasks14NavigationTaskD0Ev
                0x0000f592       0x2a tasks/NavigationTask.o
                0x0000f592                _ZN10helicopter5tasks14NavigationTaskD0Ev
 .text._ZN10helicopter5tasks16PIDInnerLoopTaskC2EPNS_10controller13PIDControllerEii
                0x0000f5bc       0x64 tasks/PIDInnerLoopTask.o
                0x0000f5bc                _ZN10helicopter5tasks16PIDInnerLoopTaskC2EPNS_10controller13PIDControllerEii
                0x0000f5bc                _ZN10helicopter5tasks16PIDInnerLoopTaskC1EPNS_10controller13PIDControllerEii
 .text._ZN10helicopter5tasks16PIDInnerLoopTask11runTaskImplEv
                0x0000f620       0x36 tasks/PIDInnerLoopTask.o
                0x0000f620                _ZN10helicopter5tasks16PIDInnerLoopTask11runTaskImplEv
 .text._ZN10helicopter5tasks16PIDInnerLoopTaskD2Ev
                0x0000f656       0x44 tasks/PIDInnerLoopTask.o
                0x0000f656                _ZN10helicopter5tasks16PIDInnerLoopTaskD1Ev
                0x0000f656                _ZN10helicopter5tasks16PIDInnerLoopTaskD2Ev
 .text._ZN10helicopter5tasks16PIDInnerLoopTaskD0Ev
                0x0000f69a       0x2a tasks/PIDInnerLoopTask.o
                0x0000f69a                _ZN10helicopter5tasks16PIDInnerLoopTaskD0Ev
 .text._ZN10helicopter5tasks16PIDOuterLoopTaskC2EPNS_10controller13PIDControllerEii
                0x0000f6c4       0x64 tasks/PIDOuterLoopTask.o
                0x0000f6c4                _ZN10helicopter5tasks16PIDOuterLoopTaskC1EPNS_10controller13PIDControllerEii
                0x0000f6c4                _ZN10helicopter5tasks16PIDOuterLoopTaskC2EPNS_10controller13PIDControllerEii
 .text._ZN10helicopter5tasks16PIDOuterLoopTask11runTaskImplEv
                0x0000f728       0x28 tasks/PIDOuterLoopTask.o
                0x0000f728                _ZN10helicopter5tasks16PIDOuterLoopTask11runTaskImplEv
 .text._ZN10helicopter5tasks16PIDOuterLoopTaskD2Ev
                0x0000f750       0x44 tasks/PIDOuterLoopTask.o
                0x0000f750                _ZN10helicopter5tasks16PIDOuterLoopTaskD1Ev
                0x0000f750                _ZN10helicopter5tasks16PIDOuterLoopTaskD2Ev
 .text._ZN10helicopter5tasks16PIDOuterLoopTaskD0Ev
                0x0000f794       0x2a tasks/PIDOuterLoopTask.o
                0x0000f794                _ZN10helicopter5tasks16PIDOuterLoopTaskD0Ev
 .text._ZN10helicopter7sensors15BarometerSensor20getPressureMillibarsEv
                0x0000f7be       0x2c tasks/ReadBarometerSensorTask.o
                0x0000f7be                _ZN10helicopter7sensors15BarometerSensor20getPressureMillibarsEv
 .text._ZN10helicopter5tasks23ReadBarometerSensorTaskC2EPNS_5model11SystemModelEPNS_7sensors15BarometerSensorEii
                0x0000f7ea       0x88 tasks/ReadBarometerSensorTask.o
                0x0000f7ea                _ZN10helicopter5tasks23ReadBarometerSensorTaskC2EPNS_5model11SystemModelEPNS_7sensors15BarometerSensorEii
                0x0000f7ea                _ZN10helicopter5tasks23ReadBarometerSensorTaskC1EPNS_5model11SystemModelEPNS_7sensors15BarometerSensorEii
 .text._ZN10helicopter5tasks23ReadBarometerSensorTask11runTaskImplEv
                0x0000f872      0x10c tasks/ReadBarometerSensorTask.o
                0x0000f872                _ZN10helicopter5tasks23ReadBarometerSensorTask11runTaskImplEv
 .text._ZN10helicopter5tasks23ReadBarometerSensorTaskD2Ev
                0x0000f97e       0x44 tasks/ReadBarometerSensorTask.o
                0x0000f97e                _ZN10helicopter5tasks23ReadBarometerSensorTaskD1Ev
                0x0000f97e                _ZN10helicopter5tasks23ReadBarometerSensorTaskD2Ev
 .text._ZN10helicopter5tasks23ReadBarometerSensorTaskD0Ev
                0x0000f9c2       0x2a tasks/ReadBarometerSensorTask.o
                0x0000f9c2                _ZN10helicopter5tasks23ReadBarometerSensorTaskD0Ev
 .text._ZN10helicopter7sensors9GPSSensor12getXVEcefCmsEv
                0x0000f9ec       0x2c tasks/ReadGPSSensorTask.o
                0x0000f9ec                _ZN10helicopter7sensors9GPSSensor12getXVEcefCmsEv
 .text._ZN10helicopter7sensors9GPSSensor12getYVEcefCmsEv
                0x0000fa18       0x2c tasks/ReadGPSSensorTask.o
                0x0000fa18                _ZN10helicopter7sensors9GPSSensor12getYVEcefCmsEv
 .text._ZN10helicopter7sensors9GPSSensor12getZVEcefCmsEv
                0x0000fa44       0x2c tasks/ReadGPSSensorTask.o
                0x0000fa44                _ZN10helicopter7sensors9GPSSensor12getZVEcefCmsEv
 .text._ZN10helicopter5tasks17ReadGPSSensorTaskC2EPNS_5model11SystemModelEPNS_7sensors9GPSSensorEii
                0x0000fa70       0x88 tasks/ReadGPSSensorTask.o
                0x0000fa70                _ZN10helicopter5tasks17ReadGPSSensorTaskC2EPNS_5model11SystemModelEPNS_7sensors9GPSSensorEii
                0x0000fa70                _ZN10helicopter5tasks17ReadGPSSensorTaskC1EPNS_5model11SystemModelEPNS_7sensors9GPSSensorEii
 .text._ZN10helicopter5tasks17ReadGPSSensorTask11runTaskImplEv
                0x0000faf8      0x12a tasks/ReadGPSSensorTask.o
                0x0000faf8                _ZN10helicopter5tasks17ReadGPSSensorTask11runTaskImplEv