Archive member included because of file (symbol)

c:/program files (x86)/atmel/atmel toolchain/avr8 gcc/native/3.4.2.1002/avr8-gnu-toolchain/bin/../lib/gcc/avr/4.7.2/../../../../avr/lib/avr6\libm.a(addsf3.o)
                              controller/PIDController.o (__subsf3)
c:/program files (x86)/atmel/atmel toolchain/avr8 gcc/native/3.4.2.1002/avr8-gnu-toolchain/bin/../lib/gcc/avr/4.7.2/../../../../avr/lib/avr6\libm.a(addsf3x.o)
                              c:/program files (x86)/atmel/atmel toolchain/avr8 gcc/native/3.4.2.1002/avr8-gnu-toolchain/bin/../lib/gcc/avr/4.7.2/../../../../avr/lib/avr6\libm.a(addsf3.o) (__addsf3x)
c:/program files (x86)/atmel/atmel toolchain/avr8 gcc/native/3.4.2.1002/avr8-gnu-toolchain/bin/../lib/gcc/avr/4.7.2/../../../../avr/lib/avr6\libm.a(asin.o)
                              navigation/AHRS.o (asin)
c:/program files (x86)/atmel/atmel toolchain/avr8 gcc/native/3.4.2.1002/avr8-gnu-toolchain/bin/../lib/gcc/avr/4.7.2/../../../../avr/lib/avr6\libm.a(atan2.o)
                              navigation/AHRS.o (atan2)
c:/program files (x86)/atmel/atmel toolchain/avr8 gcc/native/3.4.2.1002/avr8-gnu-toolchain/bin/../lib/gcc/avr/4.7.2/../../../../avr/lib/avr6\libm.a(atan.o)
                              c:/program files (x86)/atmel/atmel toolchain/avr8 gcc/native/3.4.2.1002/avr8-gnu-toolchain/bin/../lib/gcc/avr/4.7.2/../../../../avr/lib/avr6\libm.a(atan2.o) (atan)
c:/program files (x86)/atmel/atmel toolchain/avr8 gcc/native/3.4.2.1002/avr8-gnu-toolchain/bin/../lib/gcc/avr/4.7.2/../../../../avr/lib/avr6\libm.a(cmpsf2.o)
                              HelicopterMain.o (__nesf2)
c:/program files (x86)/atmel/atmel toolchain/avr8 gcc/native/3.4.2.1002/avr8-gnu-toolchain/bin/../lib/gcc/avr/4.7.2/../../../../avr/lib/avr6\libm.a(cos.o)
                              util/CoordinateUtil.o (cos)
c:/program files (x86)/atmel/atmel toolchain/avr8 gcc/native/3.4.2.1002/avr8-gnu-toolchain/bin/../lib/gcc/avr/4.7.2/../../../../avr/lib/avr6\libm.a(divsf3.o)
                              HelicopterMain.o (__divsf3)
c:/program files (x86)/atmel/atmel toolchain/avr8 gcc/native/3.4.2.1002/avr8-gnu-toolchain/bin/../lib/gcc/avr/4.7.2/../../../../avr/lib/avr6\libm.a(divsf3x.o)
                              c:/program files (x86)/atmel/atmel toolchain/avr8 gcc/native/3.4.2.1002/avr8-gnu-toolchain/bin/../lib/gcc/avr/4.7.2/../../../../avr/lib/avr6\libm.a(divsf3.o) (__divsf3x)
c:/program files (x86)/atmel/atmel toolchain/avr8 gcc/native/3.4.2.1002/avr8-gnu-toolchain/bin/../lib/gcc/avr/4.7.2/../../../../avr/lib/avr6\libm.a(fixsfsi.o)
                              HelicopterMain.o (__fixsfsi)
c:/program files (x86)/atmel/atmel toolchain/avr8 gcc/native/3.4.2.1002/avr8-gnu-toolchain/bin/../lib/gcc/avr/4.7.2/../../../../avr/lib/avr6\libm.a(fixunssfsi.o)
                              drivers/SerialDriver.o (__fixunssfsi)
c:/program files (x86)/atmel/atmel toolchain/avr8 gcc/native/3.4.2.1002/avr8-gnu-toolchain/bin/../lib/gcc/avr/4.7.2/../../../../avr/lib/avr6\libm.a(floatsisf.o)
                              drivers/SerialDriver.o (__floatunsisf)
c:/program files (x86)/atmel/atmel toolchain/avr8 gcc/native/3.4.2.1002/avr8-gnu-toolchain/bin/../lib/gcc/avr/4.7.2/../../../../avr/lib/avr6\libm.a(floor.o)
                              drivers/SerialDriver.o (floor)
c:/program files (x86)/atmel/atmel toolchain/avr8 gcc/native/3.4.2.1002/avr8-gnu-toolchain/bin/../lib/gcc/avr/4.7.2/../../../../avr/lib/avr6\libm.a(fp_arccos.o)
                              c:/program files (x86)/atmel/atmel toolchain/avr8 gcc/native/3.4.2.1002/avr8-gnu-toolchain/bin/../lib/gcc/avr/4.7.2/../../../../avr/lib/avr6\libm.a(asin.o) (__fp_arccos)
c:/program files (x86)/atmel/atmel toolchain/avr8 gcc/native/3.4.2.1002/avr8-gnu-toolchain/bin/../lib/gcc/avr/4.7.2/../../../../avr/lib/avr6\libm.a(fp_cmp.o)
                              c:/program files (x86)/atmel/atmel toolchain/avr8 gcc/native/3.4.2.1002/avr8-gnu-toolchain/bin/../lib/gcc/avr/4.7.2/../../../../avr/lib/avr6\libm.a(cmpsf2.o) (__fp_cmp)
c:/program files (x86)/atmel/atmel toolchain/avr8 gcc/native/3.4.2.1002/avr8-gnu-toolchain/bin/../lib/gcc/avr/4.7.2/../../../../avr/lib/avr6\libm.a(fp_inf.o)
                              c:/program files (x86)/atmel/atmel toolchain/avr8 gcc/native/3.4.2.1002/avr8-gnu-toolchain/bin/../lib/gcc/avr/4.7.2/../../../../avr/lib/avr6\libm.a(addsf3x.o) (__fp_inf)
c:/program files (x86)/atmel/atmel toolchain/avr8 gcc/native/3.4.2.1002/avr8-gnu-toolchain/bin/../lib/gcc/avr/4.7.2/../../../../avr/lib/avr6\libm.a(fp_mintl.o)
                              c:/program files (x86)/atmel/atmel toolchain/avr8 gcc/native/3.4.2.1002/avr8-gnu-toolchain/bin/../lib/gcc/avr/4.7.2/../../../../avr/lib/avr6\libm.a(floor.o) (__fp_mintl)
c:/program files (x86)/atmel/atmel toolchain/avr8 gcc/native/3.4.2.1002/avr8-gnu-toolchain/bin/../lib/gcc/avr/4.7.2/../../../../avr/lib/avr6\libm.a(fp_mpack.o)
[...]
Memory Configuration

Name             Origin             Length             Attributes
text             0x00000000         0x00100000         xr
data             0x00800200         0x0000fe00         rw !x
eeprom           0x00810000         0x00010000         rw !x
fuse             0x00820000         0x00000400         rw !x
lock             0x00830000         0x00000400         rw !x
signature        0x00840000         0x00000400         rw !x
user_signatures  0x00850000         0x00000400         rw !x
*default*        0x00000000         0xffffffff

Linker script and memory map

Address of section .data set to 0x800200
LOAD c:/program files (x86)/atmel/atmel toolchain/avr8 gcc/native/3.4.2.1002/avr8-gnu-toolchain/bin/../lib/gcc/avr/4.7.2/../../../../avr/lib/avr6/crtm2560.o
LOAD buffer/Buffer.o
LOAD buffer/CircularBuffer.o
LOAD buffer/Record.o
LOAD controller/PIDController.o
LOAD drivers/SerialDriver.o
LOAD drivers/SPIDriver.o
LOAD drivers/TWIDriver.o
LOAD HelicopterMain.o
LOAD interfaces/GroundControlStationInterface.o
LOAD interfaces/RadioControllerInterface.o
LOAD messages/ControlMessage.o
LOAD messages/GainsMessage.o
LOAD messages/Message.o
LOAD messages/SensorDataMessage.o
LOAD messages/SimpleTelemetryMessage.o
LOAD messages/SyncMessage.o
LOAD messages/SystemTelemetryMessage.o
LOAD model/SystemModel.o
LOAD navigation/AHRS.o
LOAD scheduler/Scheduler.o
LOAD sensors/BarometerSensor.o
LOAD sensors/GPSSensor.o
LOAD sensors/IMUSensor.o
LOAD sensors/MagnetometerSensor.o
LOAD tasks/NavigationTask.o
LOAD tasks/PIDInnerLoopTask.o
LOAD tasks/PIDOuterLoopTask.o
LOAD tasks/PVNavigationTask.o
LOAD tasks/ReadBarometerSensorTask.o
LOAD tasks/ReadGPSSensorTask.o
LOAD tasks/ReadIMUSensorTask.o
LOAD tasks/ReadMagnetometerSensorTask.o
LOAD tasks/ServoControlTask.o
LOAD tasks/SimTelemetryTask.o
LOAD tasks/Task.o
LOAD tasks/TransmitTelemetryTask.o
LOAD util/CommonHeader.o
LOAD util/CoordinateUtil.o
LOAD util/MatrixUtil.o
LOAD util/Timer.o
START GROUP
LOAD c:/program files (x86)/atmel/atmel toolchain/avr8 gcc/native/3.4.2.1002/avr8-gnu-toolchain/bin/../lib/gcc/avr/4.7.2/../../../../avr/lib/avr6\libm.a
END GROUP
LOAD c:/program files (x86)/atmel/atmel toolchain/avr8 gcc/native/3.4.2.1002/avr8-gnu-toolchain/bin/../lib/gcc/avr/4.7.2/avr6\libgcc.a
LOAD c:/program files (x86)/atmel/atmel toolchain/avr8 gcc/native/3.4.2.1002/avr8-gnu-toolchain/bin/../lib/gcc/avr/4.7.2/../../../../avr/lib/avr6\libm.a
LOAD c:/program files (x86)/atmel/atmel toolchain/avr8 gcc/native/3.4.2.1002/avr8-gnu-toolchain/bin/../lib/gcc/avr/4.7.2/avr6\libgcc.a
LOAD c:/program files (x86)/atmel/atmel toolchain/avr8 gcc/native/3.4.2.1002/avr8-gnu-toolchain/bin/../lib/gcc/avr/4.7.2/../../../../avr/lib/avr6\libc.a
LOAD c:/program files (x86)/atmel/atmel toolchain/avr8 gcc/native/3.4.2.1002/avr8-gnu-toolchain/bin/../lib/gcc/avr/4.7.2/avr6\libgcc.a

.hash
 *(.hash)

.dynsym
 *(.dynsym)

.dynstr
 *(.dynstr)

.gnu.version
 *(.gnu.version)

.gnu.version_d
 *(.gnu.version_d)

.gnu.version_r
 *(.gnu.version_r)

.rel.init
 *(.rel.init)

.rela.init
 *(.rela.init)

.rel.text
 *(.rel.text)
 *(.rel.text.*)
 *(.rel.gnu.linkonce.t*)

.rela.text
 *(.rela.text)
 *(.rela.text.*)
 *(.rela.gnu.linkonce.t*)

.rel.fini
 *(.rel.fini)

.rela.fini
 *(.rela.fini)

.rel.rodata
 *(.rel.rodata)
 *(.rel.rodata.*)
 *(.rel.gnu.linkonce.r*)

.rela.rodata
 *(.rela.rodata)
 *(.rela.rodata.*)
 *(.rela.gnu.linkonce.r*)

.rel.data
 *(.rel.data)
 *(.rel.data.*)
 *(.rel.gnu.linkonce.d*)

.rela.data
 *(.rela.data)
 *(.rela.data.*)
 *(.rela.gnu.linkonce.d*)

.rel.ctors
 *(.rel.ctors)

.rela.ctors
 *(.rela.ctors)

.rel.dtors
 *(.rel.dtors)

.rela.dtors
 *(.rela.dtors)

.rel.got
 *(.rel.got)

.rela.got
 *(.rela.got)

.rel.bss
 *(.rel.bss)

.rela.bss
 *(.rela.bss)

.rel.plt
 *(.rel.plt)

.rela.plt
 *(.rela.plt)

.text           0x00000000     0xe26a
 *(.vectors)
 .vectors       0x00000000       0xe4 c:/program files (x86)/atmel/atmel toolchain/avr8 gcc/native/3.4.2.1002/avr8-gnu-toolchain/bin/../lib/gcc/avr/4.7.2/../../../../avr/lib/avr6/crtm2560.o
                0x00000000                __vector_default
                0x00000000                __vectors
 *(.vectors)
 *(.progmem.gcc*)
 .progmem.gcc_fplib
                0x000000e4       0x14 c:/program files (x86)/atmel/atmel toolchain/avr8 gcc/native/3.4.2.1002/avr8-gnu-toolchain/bin/../lib/gcc/avr/4.7.2/../../../../avr/lib/avr6\libm.a(asin.o)
 .progmem.gcc_fplib
                0x000000f8       0x2d c:/program files (x86)/atmel/atmel toolchain/avr8 gcc/native/3.4.2.1002/avr8-gnu-toolchain/bin/../lib/gcc/avr/4.7.2/../../../../avr/lib/avr6\libm.a(atan.o)
 .progmem.gcc_fplib
                0x00000125       0x28 c:/program files (x86)/atmel/atmel toolchain/avr8 gcc/native/3.4.2.1002/avr8-gnu-toolchain/bin/../lib/gcc/avr/4.7.2/../../../../avr/lib/avr6\libm.a(fp_arccos.o)
 .progmem.gcc_fplib
                0x0000014d       0x1e c:/program files (x86)/atmel/atmel toolchain/avr8 gcc/native/3.4.2.1002/avr8-gnu-toolchain/bin/../lib/gcc/avr/4.7.2/../../../../avr/lib/avr6\libm.a(fp_sinus.o)
 .progmem.gcc_fplib
                0x0000016b       0x5a c:/program files (x86)/atmel/atmel toolchain/avr8 gcc/native/3.4.2.1002/avr8-gnu-toolchain/bin/../lib/gcc/avr/4.7.2/../../../../avr/lib/avr6\libm.a(log.o)
 .progmem.gcc_fplib
                0x000001c5       0x28 c:/program files (x86)/atmel/atmel toolchain/avr8 gcc/native/3.4.2.1002/avr8-gnu-toolchain/bin/../lib/gcc/avr/4.7.2/../../../../avr/lib/avr6\libm.a(exp.o)
 *(.progmem*)
                0x000001ee                . = ALIGN (0x2)
 *fill*         0x000001ed        0x1 
                0x000001ee                __trampolines_start = .
 *(.trampolines)
 .trampolines   0x000001ee      0x148 linker stubs
 *(.trampolines*)
                0x00000336                __trampolines_end = .
 *(.jumptables)
 *(.jumptables*)
 *(.lowtext)
 *(.lowtext*)
                0x00000336                __ctors_start = .
 *(.ctors)
 .ctors         0x00000336        0x2 drivers/SerialDriver.o
                0x00000338                __ctors_end = .
                0x00000338                __dtors_start = .
 *(.dtors)
 .dtors         0x00000338        0x2 drivers/SerialDriver.o
                0x0000033a                __dtors_end = .
 SORT(*)(.ctors)
 SORT(*)(.dtors)
 *(.init0)
 .init0         0x0000033a        0x0 c:/program files (x86)/atmel/atmel toolchain/avr8 gcc/native/3.4.2.1002/avr8-gnu-toolchain/bin/../lib/gcc/avr/4.7.2/../../../../avr/lib/avr6/crtm2560.o
                0x0000033a                __init
 *(.init0)
 *(.init1)
 *(.init1)
 *(.init2)
 .init2         0x0000033a       0x10 c:/program files (x86)/atmel/atmel toolchain/avr8 gcc/native/3.4.2.1002/avr8-gnu-toolchain/bin/../lib/gcc/avr/4.7.2/../../../../avr/lib/avr6/crtm2560.o
 *(.init2)
 *(.init3)
 *(.init3)
 *(.init4)
 .init4         0x0000034a       0x1a c:/program files (x86)/atmel/atmel toolchain/avr8 gcc/native/3.4.2.1002/avr8-gnu-toolchain/bin/../lib/gcc/avr/4.7.2/avr6\libgcc.a(_copy_data.o)
                0x0000034a                __do_copy_data
 .init4         0x00000364       0x10 c:/program files (x86)/atmel/atmel toolchain/avr8 gcc/native/3.4.2.1002/avr8-gnu-toolchain/bin/../lib/gcc/avr/4.7.2/avr6\libgcc.a(_clear_bss.o)
                0x00000364                __do_clear_bss
 *(.init4)
 *(.init5)
 *(.init5)
 *(.init6)
 .init6         0x00000374       0x20 c:/program files (x86)/atmel/atmel toolchain/avr8 gcc/native/3.4.2.1002/avr8-gnu-toolchain/bin/../lib/gcc/avr/4.7.2/avr6\libgcc.a(_ctors.o)
                0x00000374                __do_global_ctors
 *(.init6)
 *(.init7)
 *(.init7)
 *(.init8)
 *(.init8)
 *(.init9)
 .init9         0x00000394        0x8 c:/program files (x86)/atmel/atmel toolchain/avr8 gcc/native/3.4.2.1002/avr8-gnu-toolchain/bin/../lib/gcc/avr/4.7.2/../../../../avr/lib/avr6/crtm2560.o
 *(.init9)
 *(.text)
 .text          0x0000039c        0x4 c:/program files (x86)/atmel/atmel toolchain/avr8 gcc/native/3.4.2.1002/avr8-gnu-toolchain/bin/../lib/gcc/avr/4.7.2/../../../../avr/lib/avr6/crtm2560.o
                0x0000039c                __vector_38
                0x0000039c                __vector_22
                0x0000039c                __vector_28
                0x0000039c                __vector_1
                0x0000039c                __vector_32
                0x0000039c                __vector_34
                0x0000039c                __vector_24
                0x0000039c                __vector_12
                0x0000039c                __vector_55
                0x0000039c                __bad_interrupt
                0x0000039c                __vector_6
                0x0000039c                __vector_31
                0x0000039c                __vector_35
                0x0000039c                __vector_39
                0x0000039c                __vector_3
                0x0000039c                __vector_23
                0x0000039c                __vector_30
                0x0000039c                __vector_45
                0x0000039c                __vector_11
                0x0000039c                __vector_54
                0x0000039c                __vector_17
                0x0000039c                __vector_19
                0x0000039c                __vector_56
                0x0000039c                __vector_7
                0x0000039c                __vector_49
                0x0000039c                __vector_41
                0x0000039c                __vector_43
                0x0000039c                __vector_27
                0x0000039c                __vector_5
                0x0000039c                __vector_33
                0x0000039c                __vector_47
                0x0000039c                __vector_52
                0x0000039c                __vector_4
                0x0000039c                __vector_44
                0x0000039c                __vector_51
                0x0000039c                __vector_9
                0x0000039c                __vector_2
                0x0000039c                __vector_15
                0x0000039c                __vector_29
                0x0000039c                __vector_40
                0x0000039c                __vector_8
                0x0000039c                __vector_48
                0x0000039c                __vector_14
                0x0000039c                __vector_53
                0x0000039c                __vector_10
                0x0000039c                __vector_50
                0x0000039c                __vector_16
                0x0000039c                __vector_18
                0x0000039c                __vector_20
                0x0000039c                __vector_42
                0x000003a0                . = ALIGN (0x2)
 *(.text.*)
 .text._ZN10helicopter6buffer14CircularBuffer7enqueueEh
                0x000003a0       0x48 buffer/CircularBuffer.o
                0x000003a0                _ZN10helicopter6buffer14CircularBuffer7enqueueEh
 .text._ZN10helicopter6buffer14CircularBuffer7dequeueERh
                0x000003e8       0x4a buffer/CircularBuffer.o
                0x000003e8                _ZN10helicopter6buffer14CircularBuffer7dequeueERh
 .text._ZN10helicopter6buffer14CircularBuffer10enqueueIntEh
                0x00000432       0x5c buffer/CircularBuffer.o
                0x00000432                _ZN10helicopter6buffer14CircularBuffer10enqueueIntEh
 .text._ZN10helicopter6buffer14CircularBuffer10dequeueIntERh
                0x0000048e       0x5e buffer/CircularBuffer.o
                0x0000048e                _ZN10helicopter6buffer14CircularBuffer10dequeueIntERh
 .text._ZN10helicopter10controller13PIDControllerC2EPNS_5model11SystemModelE
                0x000004ec      0x164 controller/PIDController.o
                0x000004ec                _ZN10helicopter10controller13PIDControllerC2EPNS_5model11SystemModelE
                0x000004ec                _ZN10helicopter10controller13PIDControllerC1EPNS_5model11SystemModelE
 .text._ZN10helicopter10controller13PIDController30calculateOuterLoopControlValueEfffffi
                0x00000650       0xca controller/PIDController.o
                0x00000650                _ZN10helicopter10controller13PIDController30calculateOuterLoopControlValueEfffffi
 .text._ZN10helicopter10controller13PIDController27adjustControlForServoLimitsEfff
                0x0000071a       0x8a controller/PIDController.o
                0x0000071a                _ZN10helicopter10controller13PIDController27adjustControlForServoLimitsEfff
 .text._Z30calculateInnerLoopControlValuefffff
                0x000007a4       0x6a controller/PIDController.o
                0x000007a4                _Z30calculateInnerLoopControlValuefffff
 .text._ZN10helicopter10controller13PIDController23adjustForSetpointLimitsEfff
                0x0000080e       0x8a controller/PIDController.o
                0x0000080e                _ZN10helicopter10controller13PIDController23adjustForSetpointLimitsEfff
 .text._ZN10helicopter10controller13PIDController13addBlownFrameEv
                0x00000898       0x22 controller/PIDController.o
                0x00000898                _ZN10helicopter10controller13PIDController13addBlownFrameEv
 .text._ZN10helicopter10controller13PIDController34tailRotorCollectiveOuterLoopUpdateEv
                0x000008ba      0x2ae controller/PIDController.o
                0x000008ba                _ZN10helicopter10controller13PIDController34tailRotorCollectiveOuterLoopUpdateEv
 .text._ZN10helicopter10controller13PIDController34mainRotorCollectiveOuterLoopUpdateEf
                0x00000b68      0x238 controller/PIDController.o
                0x00000b68                _ZN10helicopter10controller13PIDController34mainRotorCollectiveOuterLoopUpdateEf
 .text._ZN10helicopter10controller13PIDController30cyclicLongitudeOuterLoopUpdateEf
                0x00000da0      0x20a controller/PIDController.o
                0x00000da0                _ZN10helicopter10controller13PIDController30cyclicLongitudeOuterLoopUpdateEf
 .text._ZN10helicopter10controller13PIDController28cyclicLateralOuterLoopUpdateEf
                0x00000faa      0x224 controller/PIDController.o
                0x00000faa                _ZN10helicopter10controller13PIDController28cyclicLateralOuterLoopUpdateEf
 .text._ZN10helicopter10controller13PIDController15outerLoopUpdateEv
                0x000011ce      0x168 controller/PIDController.o
                0x000011ce                _ZN10helicopter10controller13PIDController15outerLoopUpdateEv
 .text._ZN10helicopter10controller13PIDController30cyclicLongitudeInnerLoopUpdateEv
                0x00001336       0xe0 controller/PIDController.o
                0x00001336                _ZN10helicopter10controller13PIDController30cyclicLongitudeInnerLoopUpdateEv
 .text._ZN10helicopter10controller13PIDController28cyclicLateralInnerLoopUpdateEv
                0x00001416       0xea controller/PIDController.o
                0x00001416                _ZN10helicopter10controller13PIDController28cyclicLateralInnerLoopUpdateEv
 .text._ZN10helicopter7drivers12SerialDriverD2Ev
                0x00001500        0xc drivers/SerialDriver.o
                0x00001500                _ZN10helicopter7drivers12SerialDriverD1Ev
                0x00001500                _ZN10helicopter7drivers12SerialDriverD2Ev
 .text._ZN10helicopter7drivers12SerialDriver8transmitEf
                0x0000150c       0x84 drivers/SerialDriver.o
                0x0000150c                _ZN10helicopter7drivers12SerialDriver8transmitEf
 .text._ZN10helicopter7drivers12SerialDriver8transmitEi
                0x00001590       0x44 drivers/SerialDriver.o
                0x00001590                _ZN10helicopter7drivers12SerialDriver8transmitEi
 .text._ZN10helicopter7drivers12SerialDriver8transmitEm
                0x000015d4       0x9e drivers/SerialDriver.o
                0x000015d4                _ZN10helicopter7drivers12SerialDriver8transmitEm
 .text._ZN10helicopter7drivers12SerialDriver8transmitEl
                0x00001672       0xa6 drivers/SerialDriver.o
                0x00001672                _ZN10helicopter7drivers12SerialDriver8transmitEl
 .text._ZN10helicopter7drivers12SerialDriver8transmitEx
                0x00001718      0x1fc drivers/SerialDriver.o
                0x00001718                _ZN10helicopter7drivers12SerialDriver8transmitEx
 .text._ZN10helicopter7drivers12SerialDriver7receiveERh
                0x00001914       0xd6 drivers/SerialDriver.o
                0x00001914                _ZN10helicopter7drivers12SerialDriver7receiveERh
 .text._ZN10helicopter7drivers12SerialDriver8transmitEh
                0x000019ea       0xb0 drivers/SerialDriver.o
                0x000019ea                _ZN10helicopter7drivers12SerialDriver8transmitEh
 .text._ZN10helicopter7drivers12SerialDriver4initEv
                0x00001a9a      0x15e drivers/SerialDriver.o
                0x00001a9a                _ZN10helicopter7drivers12SerialDriver4initEv
 .text._ZN10helicopter7drivers12SerialDriverD0Ev
                0x00001bf8       0x10 drivers/SerialDriver.o
                0x00001bf8                _ZN10helicopter7drivers12SerialDriverD0Ev
 .text._ZN10helicopter6buffer14CircularBufferC2Ei
                0x00001c08       0x44 drivers/SerialDriver.o
                0x00001c08                _ZN10helicopter6buffer14CircularBufferC2Ei
                0x00001c08                _ZN10helicopter6buffer14CircularBufferC1Ei
 .text._Z41__static_initialization_and_destruction_0ii
                0x00001c4c       0x52 drivers/SerialDriver.o
 .text._ZN10helicopter7drivers12SerialDriver10startTimerEv
                0x00001c9e       0x10 drivers/SerialDriver.o
                0x00001c9e                _ZN10helicopter7drivers12SerialDriver10startTimerEv
 .text._ZN10helicopter7drivers12SerialDriver9stopTimerEv
                0x00001cae       0x10 drivers/SerialDriver.o
                0x00001cae                _ZN10helicopter7drivers12SerialDriver9stopTimerEv
 .text._ZN10helicopter7drivers12SerialDriver8transmitEPKci
                0x00001cbe       0x60 drivers/SerialDriver.o
                0x00001cbe                _ZN10helicopter7drivers12SerialDriver8transmitEPKci
 .text._ZN10helicopter7drivers12SerialDriver11clearBufferEv
                0x00001d1e       0x40 drivers/SerialDriver.o
                0x00001d1e                _ZN10helicopter7drivers12SerialDriver11clearBufferEv
 .text.__vector_25
                0x00001d5e       0x58 drivers/SerialDriver.o
                0x00001d5e                __vector_25
 .text.__vector_26
                0x00001db6       0x80 drivers/SerialDriver.o
                0x00001db6                __vector_26
 .text.__vector_37
                0x00001e36       0x80 drivers/SerialDriver.o
                0x00001e36                __vector_37
 .text._GLOBAL__sub_I__ZN10helicopter7drivers12SerialDriver13receiveBufferE
                0x00001eb6        0xe drivers/SerialDriver.o
 .text._GLOBAL__sub_D__ZN10helicopter7drivers12SerialDriver13receiveBufferE
                0x00001ec4        0xe drivers/SerialDriver.o
 .text._ZN10helicopter7drivers9SPIDriver4initEv
                0x00001ed2       0x12 drivers/SPIDriver.o
                0x00001ed2                _ZN10helicopter7drivers9SPIDriver4initEv
 .text._ZN10helicopter7drivers9SPIDriver16beginTransactionEv
                0x00001ee4       0x14 drivers/SPIDriver.o
                0x00001ee4                _ZN10helicopter7drivers9SPIDriver16beginTransactionEv
 .text._ZN10helicopter7drivers9SPIDriver14endTransactionEv
                0x00001ef8       0x14 drivers/SPIDriver.o
                0x00001ef8                _ZN10helicopter7drivers9SPIDriver14endTransactionEv
 .text._ZN10helicopter7drivers9SPIDriver8readByteEv
                0x00001f0c        0xc drivers/SPIDriver.o
                0x00001f0c                _ZN10helicopter7drivers9SPIDriver8readByteEv
 .text._ZN10helicopter7drivers9SPIDriver8readUIntEv
                0x00001f18       0x24 drivers/SPIDriver.o
                0x00001f18                _ZN10helicopter7drivers9SPIDriver8readUIntEv
 .text._ZN10helicopter7drivers9SPIDriver7readIntEv
                0x00001f3c       0x24 drivers/SPIDriver.o
                0x00001f3c                _ZN10helicopter7drivers9SPIDriver7readIntEv
 .text._ZN10helicopter7drivers9SPIDriver5writeEh
                0x00001f60        0xa drivers/SPIDriver.o
                0x00001f60                _ZN10helicopter7drivers9SPIDriver5writeEh
 .text._ZN10helicopter7drivers9SPIDriver16transactionWriteEh
                0x00001f6a       0x24 drivers/SPIDriver.o
                0x00001f6a                _ZN10helicopter7drivers9SPIDriver16transactionWriteEh
 .text._ZN10helicopter7drivers9SPIDriver16transactionWriteEhh
                0x00001f8e       0x32 drivers/SPIDriver.o
                0x00001f8e                _ZN10helicopter7drivers9SPIDriver16transactionWriteEhh
 .text._ZN10helicopter7drivers9TWIDriver4initEv
                0x00001fc0       0x1c drivers/TWIDriver.o
                0x00001fc0                _ZN10helicopter7drivers9TWIDriver4initEv
 .text._ZN10helicopter7drivers9TWIDriver5startEv
                0x00001fdc       0x4a drivers/TWIDriver.o
                0x00001fdc                _ZN10helicopter7drivers9TWIDriver5startEv
 .text._ZN10helicopter7drivers9TWIDriver4stopEv
                0x00002026        0x8 drivers/TWIDriver.o
                0x00002026                _ZN10helicopter7drivers9TWIDriver4stopEv
 .text._ZN10helicopter7drivers9TWIDriver5resetEv
                0x0000202e       0x10 drivers/TWIDriver.o
                0x0000202e                _ZN10helicopter7drivers9TWIDriver5resetEv
 .text._ZN10helicopter7drivers9TWIDriver5writeEhh
                0x0000203e       0x50 drivers/TWIDriver.o
                0x0000203e                _ZN10helicopter7drivers9TWIDriver5writeEhh
 .text._ZN10helicopter7drivers9TWIDriver8readByteEbRh
                0x0000208e       0x46 drivers/TWIDriver.o
                0x0000208e                _ZN10helicopter7drivers9TWIDriver8readByteEbRh
 .text._ZN10helicopter5tasks12FlashLEDTask4initEv
                0x000020d4       0x1a HelicopterMain.o
                0x000020d4                _ZN10helicopter5tasks12FlashLEDTask4initEv
 .text._ZN10helicopter5tasks12FlashLEDTask11runTaskImplEv
                0x000020ee       0x44 HelicopterMain.o
                0x000020ee                _ZN10helicopter5tasks12FlashLEDTask11runTaskImplEv
 .text._ZN10helicopter5tasks12FlashLEDTaskD2Ev
                0x00002132        0xc HelicopterMain.o
                0x00002132                _ZN10helicopter5tasks12FlashLEDTaskD1Ev
                0x00002132                _ZN10helicopter5tasks12FlashLEDTaskD2Ev
 .text._ZN10helicopter5tasks12FlashLEDTaskD0Ev
                0x0000213e       0x10 HelicopterMain.o
                0x0000213e                _ZN10helicopter5tasks12FlashLEDTaskD0Ev
 .text._ZN10helicopter5model11SystemModelC2Ev
                0x0000214e      0x47a HelicopterMain.o
                0x0000214e                _ZN10helicopter5model11SystemModelC1Ev
                0x0000214e                _ZN10helicopter5model11SystemModelC2Ev
 .text._Z33setupDefaultsandReferencePositionPN10helicopter5model11SystemModelEPNS_10controller13PIDControllerE
                0x000025c8      0x2e8 HelicopterMain.o
                0x000025c8                _Z33setupDefaultsandReferencePositionPN10helicopter5model11SystemModelEPNS_10controller13PIDControllerE
 .text.main     0x000028b0      0xe8e HelicopterMain.o
                0x000028b0                main
 .text._ZN10helicopter10interfaces29GroundControlStationInterface17calculateChecksumEPhiRhS3_
                0x0000373e       0x38 interfaces/GroundControlStationInterface.o
                0x0000373e                _ZN10helicopter10interfaces29GroundControlStationInterface17calculateChecksumEPhiRhS3_
 .text._ZN10helicopter10interfaces29GroundControlStationInterface8transmitEPNS_8messages7MessageE
                0x00003776      0x1c4 interfaces/GroundControlStationInterface.o
                0x00003776                _ZN10helicopter10interfaces29GroundControlStationInterface8transmitEPNS_8messages7MessageE
 .text._ZN10helicopter10interfaces29GroundControlStationInterface7receiveERPNS_8messages7MessageE
                0x0000393a      0x2e2 interfaces/GroundControlStationInterface.o
                0x0000393a                _ZN10helicopter10interfaces29GroundControlStationInterface7receiveERPNS_8messages7MessageE
 .text._ZN10helicopter10interfaces24RadioControllerInterface40calculatePWMCompareMatchFromControlValueEf
                0x00003c1c       0xc2 interfaces/RadioControllerInterface.o
                0x00003c1c                _ZN10helicopter10interfaces24RadioControllerInterface40calculatePWMCompareMatchFromControlValueEf
 .text._ZN10helicopter10interfaces24RadioControllerInterface10ScaleValueEl
                0x00003cde       0xb2 interfaces/RadioControllerInterface.o
                0x00003cde                _ZN10helicopter10interfaces24RadioControllerInterface10ScaleValueEl
 .text._ZN10helicopter10interfaces24RadioControllerInterface31convertPulseWidthToCompareMatchEl
                0x00003d90       0x32 interfaces/RadioControllerInterface.o
                0x00003d90                _ZN10helicopter10interfaces24RadioControllerInterface31convertPulseWidthToCompareMatchEl
 .text._ZN10helicopter10interfaces24RadioControllerInterface27getRadioControllerInterfaceEv
                0x00003dc2       0xc6 interfaces/RadioControllerInterface.o
                0x00003dc2                _ZN10helicopter10interfaces24RadioControllerInterface27getRadioControllerInterfaceEv
 .text.__vector_46
                0x00003e88      0x1ac interfaces/RadioControllerInterface.o
                0x00003e88                __vector_46
 .text._ZN10helicopter10interfaces24RadioControllerInterface4initEv
                0x00004034      0x12e interfaces/RadioControllerInterface.o
                0x00004034                _ZN10helicopter10interfaces24RadioControllerInterface4initEv
 .text._ZN10helicopter10interfaces24RadioControllerInterface4CCPMEfffRfS2_S2_
                0x00004162      0x194 interfaces/RadioControllerInterface.o
                0x00004162                _ZN10helicopter10interfaces24RadioControllerInterface4CCPMEfffRfS2_S2_
 .text._ZN10helicopter10interfaces24RadioControllerInterface5startEv
                0x000042f6      0x260 interfaces/RadioControllerInterface.o
                0x000042f6                _ZN10helicopter10interfaces24RadioControllerInterface5startEv
 .text._ZN10helicopter10interfaces24RadioControllerInterface13controlServosEfffff
                0x00004556      0x352 interfaces/RadioControllerInterface.o
                0x00004556                _ZN10helicopter10interfaces24RadioControllerInterface13controlServosEfffff
 .text._ZN10helicopter8messages14ControlMessageD2Ev
                0x000048a8        0xc messages/ControlMessage.o
                0x000048a8                _ZN10helicopter8messages14ControlMessageD1Ev
                0x000048a8                _ZN10helicopter8messages14ControlMessageD2Ev
 .text._ZN10helicopter8messages14ControlMessageD0Ev
                0x000048b4       0x10 messages/ControlMessage.o
                0x000048b4                _ZN10helicopter8messages14ControlMessageD0Ev
 .text._ZN10helicopter8messages14ControlMessage8getBytesEv
                0x000048c4       0x5e messages/ControlMessage.o
                0x000048c4                _ZN10helicopter8messages14ControlMessage8getBytesEv
 .text._ZN10helicopter8messages14ControlMessage12buildMessageEPh
                0x00004922       0x56 messages/ControlMessage.o
                0x00004922                _ZN10helicopter8messages14ControlMessage12buildMessageEPh
 .text._ZN10helicopter8messages12GainsMessageD2Ev
                0x00004978        0xc messages/GainsMessage.o
                0x00004978                _ZN10helicopter8messages12GainsMessageD2Ev
                0x00004978                _ZN10helicopter8messages12GainsMessageD1Ev
 .text._ZN10helicopter8messages12GainsMessageD0Ev
                0x00004984       0x10 messages/GainsMessage.o
                0x00004984                _ZN10helicopter8messages12GainsMessageD0Ev
 .text._ZN10helicopter8messages12GainsMessage8getBytesEv
                0x00004994      0x234 messages/GainsMessage.o
                0x00004994                _ZN10helicopter8messages12GainsMessage8getBytesEv
 .text._ZN10helicopter8messages12GainsMessage12buildMessageEPh
                0x00004bc8      0x25e messages/GainsMessage.o
                0x00004bc8                _ZN10helicopter8messages12GainsMessage12buildMessageEPh
 .text._ZN10helicopter8messages12GainsMessage14buildMessageStEPh
                0x00004e26      0x138 messages/GainsMessage.o
                0x00004e26                _ZN10helicopter8messages12GainsMessage14buildMessageStEPh
 .text._ZN10helicopter8messages7MessageD2Ev
                0x00004f5e        0xc messages/Message.o
                0x00004f5e                _ZN10helicopter8messages7MessageD1Ev
                0x00004f5e                _ZN10helicopter8messages7MessageD2Ev
 .text._ZN10helicopter8messages7Message8getBytesEv
                0x00004f6a        0x6 messages/Message.o
                0x00004f6a                _ZN10helicopter8messages7Message8getBytesEv
 .text._ZN10helicopter8messages7Message12buildMessageEPh
                0x00004f70        0x2 messages/Message.o
                0x00004f70                _ZN10helicopter8messages7Message12buildMessageEPh
 .text._ZN10helicopter8messages7MessageD0Ev
                0x00004f72       0x10 messages/Message.o
                0x00004f72                _ZN10helicopter8messages7MessageD0Ev
 .text._ZN10helicopter8messages7Message14getMessageSizeEv
                0x00004f82        0x8 messages/Message.o
                0x00004f82                _ZN10helicopter8messages7Message14getMessageSizeEv
 .text._ZN10helicopter8messages17SensorDataMessageD2Ev
                0x00004f8a        0xc messages/SensorDataMessage.o
                0x00004f8a                _ZN10helicopter8messages17SensorDataMessageD1Ev
                0x00004f8a                _ZN10helicopter8messages17SensorDataMessageD2Ev
 .text._ZN10helicopter8messages17SensorDataMessageD0Ev
                0x00004f96       0x10 messages/SensorDataMessage.o
                0x00004f96                _ZN10helicopter8messages17SensorDataMessageD0Ev
 .text._ZN10helicopter8messages17SensorDataMessage8getBytesEv
                0x00004fa6      0x12c messages/SensorDataMessage.o
                0x00004fa6                _ZN10helicopter8messages17SensorDataMessage8getBytesEv
 .text._ZN10helicopter8messages17SensorDataMessage12buildMessageEPh
                0x000050d2      0x15e messages/SensorDataMessage.o
                0x000050d2                _ZN10helicopter8messages17SensorDataMessage12buildMessageEPh
 .text._ZN10helicopter8messages17SensorDataMessage14buildMessageStEPh
                0x00005230       0xc8 messages/SensorDataMessage.o
                0x00005230                _ZN10helicopter8messages17SensorDataMessage14buildMessageStEPh
 .text._ZN10helicopter8messages22SimpleTelemetryMessageD2Ev
                0x000052f8        0xc messages/SimpleTelemetryMessage.o
                0x000052f8                _ZN10helicopter8messages22SimpleTelemetryMessageD2Ev
                0x000052f8                _ZN10helicopter8messages22SimpleTelemetryMessageD1Ev
 .text._ZN10helicopter8messages22SimpleTelemetryMessageD0Ev
                0x00005304       0x10 messages/SimpleTelemetryMessage.o
                0x00005304                _ZN10helicopter8messages22SimpleTelemetryMessageD0Ev
 .text._ZN10helicopter8messages22SimpleTelemetryMessage8getBytesEv
                0x00005314      0x2f4 messages/SimpleTelemetryMessage.o
                0x00005314                _ZN10helicopter8messages22SimpleTelemetryMessage8getBytesEv
 .text._ZN10helicopter8messages22SimpleTelemetryMessage12buildMessageEPh
                0x00005608      0x31e messages/SimpleTelemetryMessage.o
                0x00005608                _ZN10helicopter8messages22SimpleTelemetryMessage12buildMessageEPh
 .text._ZN10helicopter8messages22SimpleTelemetryMessage14buildMessageStEPh
                0x00005926      0x18c messages/SimpleTelemetryMessage.o
                0x00005926                _ZN10helicopter8messages22SimpleTelemetryMessage14buildMessageStEPh
 .text._ZN10helicopter8messages11SyncMessageD2Ev
                0x00005ab2        0xc messages/SyncMessage.o
                0x00005ab2                _ZN10helicopter8messages11SyncMessageD2Ev
                0x00005ab2                _ZN10helicopter8messages11SyncMessageD1Ev
 .text._ZN10helicopter8messages11SyncMessage12buildMessageEPh
                0x00005abe       0x18 messages/SyncMessage.o
                0x00005abe                _ZN10helicopter8messages11SyncMessage12buildMessageEPh
 .text._ZN10helicopter8messages11SyncMessage8getBytesEv
                0x00005ad6       0x22 messages/SyncMessage.o
                0x00005ad6                _ZN10helicopter8messages11SyncMessage8getBytesEv
 .text._ZN10helicopter8messages11SyncMessageD0Ev
                0x00005af8       0x10 messages/SyncMessage.o
                0x00005af8                _ZN10helicopter8messages11SyncMessageD0Ev
 .text._ZN10helicopter8messages22SystemTelemetryMessageD2Ev
                0x00005b08        0xc messages/SystemTelemetryMessage.o
                0x00005b08                _ZN10helicopter8messages22SystemTelemetryMessageD2Ev
                0x00005b08                _ZN10helicopter8messages22SystemTelemetryMessageD1Ev
 .text._ZN10helicopter8messages22SystemTelemetryMessageD0Ev
                0x00005b14       0x10 messages/SystemTelemetryMessage.o
                0x00005b14                _ZN10helicopter8messages22SystemTelemetryMessageD0Ev
 .text._ZN10helicopter8messages22SystemTelemetryMessage8getBytesEv
                0x00005b24      0x894 messages/SystemTelemetryMessage.o
                0x00005b24                _ZN10helicopter8messages22SystemTelemetryMessage8getBytesEv
 .text._ZN10helicopter8messages22SystemTelemetryMessage12buildMessageEPh
                0x000063b8      0x8be messages/SystemTelemetryMessage.o
                0x000063b8                _ZN10helicopter8messages22SystemTelemetryMessage12buildMessageEPh
 .text._ZN10helicopter8messages22SystemTelemetryMessage14buildMessageStEPh
                0x00006c76      0x402 messages/SystemTelemetryMessage.o
                0x00006c76                _ZN10helicopter8messages22SystemTelemetryMessage14buildMessageStEPh
 .text._ZN10helicopter8messages22SystemTelemetryMessage21buildMessageFromModelEPNS_5model11SystemModelE
                0x00007078      0xd02 messages/SystemTelemetryMessage.o
                0x00007078                _ZN10helicopter8messages22SystemTelemetryMessage21buildMessageFromModelEPNS_5model11SystemModelE
 .text._ZN10helicopter8messages22SystemTelemetryMessage35updateModelFromMessageFromSimulatorEPNS_5model11SystemModelE
                0x00007d7a      0x28a messages/SystemTelemetryMessage.o
                0x00007d7a                _ZN10helicopter8messages22SystemTelemetryMessage35updateModelFromMessageFromSimulatorEPNS_5model11SystemModelE
 .text._ZN10helicopter10navigation4AHRS14scaleAndAdjustEPfS2_fRA3_f
                0x00008004       0xbe navigation/AHRS.o
                0x00008004                _ZN10helicopter10navigation4AHRS14scaleAndAdjustEPfS2_fRA3_f
 .text._ZN10helicopter10navigation4AHRS17orthonormalizeDcmEv
                0x000080c2       0xae navigation/AHRS.o
                0x000080c2                _ZN10helicopter10navigation4AHRS17orthonormalizeDcmEv
 .text._ZN10helicopter10navigation4AHRS6updateEfffffffff
                0x00008170      0x4b6 navigation/AHRS.o
                0x00008170                _ZN10helicopter10navigation4AHRS6updateEfffffffff
 .text._ZN10helicopter10navigation4AHRS10getYawRadsEv
                0x00008626       0x14 navigation/AHRS.o
                0x00008626                _ZN10helicopter10navigation4AHRS10getYawRadsEv
 .text._ZN10helicopter10navigation4AHRS12getPitchRadsEv
                0x0000863a       0x14 navigation/AHRS.o
                0x0000863a                _ZN10helicopter10navigation4AHRS12getPitchRadsEv
 .text._ZN10helicopter10navigation4AHRS11getRollRadsEv
                0x0000864e       0x14 navigation/AHRS.o
                0x0000864e                _ZN10helicopter10navigation4AHRS11getRollRadsEv
 .text._ZN10helicopter9scheduler9SchedulerC2Em9PRESCALERi
                0x00008662       0x66 scheduler/Scheduler.o
                0x00008662                _ZN10helicopter9scheduler9SchedulerC2Em9PRESCALERi
                0x00008662                _ZN10helicopter9scheduler9SchedulerC1Em9PRESCALERi
 .text._ZN10helicopter9scheduler9Scheduler12getSchedulerEv
                0x000086c8       0x4c scheduler/Scheduler.o
                0x000086c8                _ZN10helicopter9scheduler9Scheduler12getSchedulerEv
 .text._ZN10helicopter9scheduler9Scheduler7addTaskEPNS_5tasks4TaskE
                0x00008714       0x34 scheduler/Scheduler.o
                0x00008714                _ZN10helicopter9scheduler9Scheduler7addTaskEPNS_5tasks4TaskE
 .text._ZN10helicopter9scheduler9Scheduler4initEv
                0x00008748       0x78 scheduler/Scheduler.o
                0x00008748                _ZN10helicopter9scheduler9Scheduler4initEv
 .text._ZN10helicopter9scheduler9Scheduler8dispatchEv
                0x000087c0       0x82 scheduler/Scheduler.o
                0x000087c0                _ZN10helicopter9scheduler9Scheduler8dispatchEv
 .text._ZN10helicopter9scheduler9Scheduler5startEv
                0x00008842       0x72 scheduler/Scheduler.o
                0x00008842                _ZN10helicopter9scheduler9Scheduler5startEv
 .text.__vector_13
                0x000088b4       0xc6 scheduler/Scheduler.o
                0x000088b4                __vector_13
 .text._ZN10helicopter7sensors15BarometerSensor4initEv
                0x0000897a      0x166 sensors/BarometerSensor.o
                0x0000897a                _ZN10helicopter7sensors15BarometerSensor4initEv
 .text._ZN10helicopter7sensors15BarometerSensor13sendD1CommandEv
                0x00008ae0        0xe sensors/BarometerSensor.o
                0x00008ae0                _ZN10helicopter7sensors15BarometerSensor13sendD1CommandEv
 .text._ZN10helicopter7sensors15BarometerSensor10readD1DataEv
                0x00008aee       0x82 sensors/BarometerSensor.o
                0x00008aee                _ZN10helicopter7sensors15BarometerSensor10readD1DataEv
 .text._ZN10helicopter7sensors15BarometerSensor13sendD2CommandEv
                0x00008b70        0xe sensors/BarometerSensor.o
                0x00008b70                _ZN10helicopter7sensors15BarometerSensor13sendD2CommandEv
 .text._ZN10helicopter7sensors15BarometerSensor10readD2DataEv
                0x00008b7e       0x82 sensors/BarometerSensor.o
                0x00008b7e                _ZN10helicopter7sensors15BarometerSensor10readD2DataEv
 .text._ZN10helicopter7sensors15BarometerSensor15processBaroDataEv
                0x00008c00      0x67e sensors/BarometerSensor.o
                0x00008c00                _ZN10helicopter7sensors15BarometerSensor15processBaroDataEv
 .text._ZN10helicopter7sensors9GPSSensor14receiveAckNackEv
                0x0000927e       0xfa sensors/GPSSensor.o
                0x0000927e                _ZN10helicopter7sensors9GPSSensor14receiveAckNackEv
 .text._ZN10helicopter7sensors9GPSSensor14receiveGpsDataEmPhi
                0x00009378       0xf2 sensors/GPSSensor.o
                0x00009378                _ZN10helicopter7sensors9GPSSensor14receiveGpsDataEmPhi
 .text._ZN10helicopter7sensors9GPSSensor10readSensorEPhiS2_i
                0x0000946a       0x7e sensors/GPSSensor.o
                0x0000946a                _ZN10helicopter7sensors9GPSSensor10readSensorEPhiS2_i
 .text._ZN10helicopter7sensors9GPSSensor21processSensorSolutionEv
                0x000094e8      0x196 sensors/GPSSensor.o
                0x000094e8                _ZN10helicopter7sensors9GPSSensor21processSensorSolutionEv
 .text._ZN10helicopter7sensors9GPSSensor18readSensorSolutionEv
                0x0000967e      0x186 sensors/GPSSensor.o
                0x0000967e                _ZN10helicopter7sensors9GPSSensor18readSensorSolutionEv
 .text._ZN10helicopter7sensors9GPSSensor19readSensorNavStatusEv
                0x00009804       0x74 sensors/GPSSensor.o
                0x00009804                _ZN10helicopter7sensors9GPSSensor19readSensorNavStatusEv
 .text._ZN10helicopter7sensors9GPSSensor13readSensorLLHEv
                0x00009878       0xaa sensors/GPSSensor.o
                0x00009878                _ZN10helicopter7sensors9GPSSensor13readSensorLLHEv
 .text._ZN10helicopter7sensors9GPSSensor4initEv
                0x00009922       0xd8 sensors/GPSSensor.o
                0x00009922                _ZN10helicopter7sensors9GPSSensor4initEv
 .text._ZN10helicopter7sensors9GPSSensor5startEv
                0x000099fa       0x5c sensors/GPSSensor.o
                0x000099fa                _ZN10helicopter7sensors9GPSSensor5startEv
 .text._ZN10helicopter7sensors9GPSSensor10isGpsReadyEv
                0x00009a56       0x10 sensors/GPSSensor.o
                0x00009a56                _ZN10helicopter7sensors9GPSSensor10isGpsReadyEv
 .text.__vector_36
                0x00009a66      0x146 sensors/GPSSensor.o
                0x00009a66                __vector_36
 .text._ZN10helicopter7sensors9IMUSensor10readSensorEv
                0x00009bac      0x214 sensors/IMUSensor.o
                0x00009bac                _ZN10helicopter7sensors9IMUSensor10readSensorEv
 .text._ZN10helicopter7sensors9IMUSensor4initEv
                0x00009dc0      0x2ac sensors/IMUSensor.o
                0x00009dc0                _ZN10helicopter7sensors9IMUSensor4initEv
 .text._ZN10helicopter7sensors18MagnetometerSensorC2EPNS_7drivers9TWIDriverE
                0x0000a06c       0x70 sensors/MagnetometerSensor.o
                0x0000a06c                _ZN10helicopter7sensors18MagnetometerSensorC1EPNS_7drivers9TWIDriverE
                0x0000a06c                _ZN10helicopter7sensors18MagnetometerSensorC2EPNS_7drivers9TWIDriverE
 .text._ZN10helicopter7sensors18MagnetometerSensor10readSensorEv
                0x0000a0dc      0x314 sensors/MagnetometerSensor.o
                0x0000a0dc                _ZN10helicopter7sensors18MagnetometerSensor10readSensorEv
 .text._ZN10helicopter7sensors18MagnetometerSensor4initEv
                0x0000a3f0      0x5d0 sensors/MagnetometerSensor.o
                0x0000a3f0                _ZN10helicopter7sensors18MagnetometerSensor4initEv
 .text._ZN10helicopter5tasks4Task4initEv
                0x0000a9c0        0x2 tasks/NavigationTask.o
                0x0000a9c0                _ZN10helicopter5tasks4Task4initEv
 .text._ZN10helicopter5tasks14NavigationTaskD2Ev
                0x0000a9c2        0xc tasks/NavigationTask.o
                0x0000a9c2                _ZN10helicopter5tasks14NavigationTaskD1Ev
                0x0000a9c2                _ZN10helicopter5tasks14NavigationTaskD2Ev
 .text._ZN10helicopter5tasks14NavigationTaskD0Ev
                0x0000a9ce       0x10 tasks/NavigationTask.o
                0x0000a9ce                _ZN10helicopter5tasks14NavigationTaskD0Ev
 .text._ZN10helicopter5tasks14NavigationTask11runTaskImplEv
                0x0000a9de      0x1de tasks/NavigationTask.o
                0x0000a9de                _ZN10helicopter5tasks14NavigationTask11runTaskImplEv
 .text._ZN10helicopter5tasks14NavigationTaskC2EfPNS_10navigation4AHRSEPNS_5model11SystemModelEii
                0x0000abbc       0x7a tasks/NavigationTask.o
                0x0000abbc                _ZN10helicopter5tasks14NavigationTaskC2EfPNS_10navigation4AHRSEPNS_5model11SystemModelEii
                0x0000abbc                _ZN10helicopter5tasks14NavigationTaskC1EfPNS_10navigation4AHRSEPNS_5model11SystemModelEii
 .text._ZN10helicopter5tasks16PIDInnerLoopTaskD2Ev
                0x0000ac36        0xc tasks/PIDInnerLoopTask.o
                0x0000ac36                _ZN10helicopter5tasks16PIDInnerLoopTaskD1Ev
                0x0000ac36                _ZN10helicopter5tasks16PIDInnerLoopTaskD2Ev
 .text._ZN10helicopter5tasks16PIDInnerLoopTaskD0Ev
                0x0000ac42       0x10 tasks/PIDInnerLoopTask.o
                0x0000ac42                _ZN10helicopter5tasks16PIDInnerLoopTaskD0Ev
 .text._ZN10helicopter5tasks16PIDInnerLoopTask11runTaskImplEv
                0x0000ac52       0x1c tasks/PIDInnerLoopTask.o
                0x0000ac52                _ZN10helicopter5tasks16PIDInnerLoopTask11runTaskImplEv
 .text._ZN10helicopter5tasks16PIDInnerLoopTaskC2EPNS_10controller13PIDControllerEii
                0x0000ac6e       0x2a tasks/PIDInnerLoopTask.o
                0x0000ac6e                _ZN10helicopter5tasks16PIDInnerLoopTaskC2EPNS_10controller13PIDControllerEii
                0x0000ac6e                _ZN10helicopter5tasks16PIDInnerLoopTaskC1EPNS_10controller13PIDControllerEii
 .text._ZN10helicopter5tasks16PIDOuterLoopTaskD2Ev
                0x0000ac98        0xc tasks/PIDOuterLoopTask.o
                0x0000ac98                _ZN10helicopter5tasks16PIDOuterLoopTaskD1Ev
                0x0000ac98                _ZN10helicopter5tasks16PIDOuterLoopTaskD2Ev
 .text._ZN10helicopter5tasks16PIDOuterLoopTaskD0Ev
                0x0000aca4       0x10 tasks/PIDOuterLoopTask.o
                0x0000aca4                _ZN10helicopter5tasks16PIDOuterLoopTaskD0Ev
 .text._ZN10helicopter5tasks16PIDOuterLoopTask11runTaskImplEv
                0x0000acb4        0xc tasks/PIDOuterLoopTask.o
                0x0000acb4                _ZN10helicopter5tasks16PIDOuterLoopTask11runTaskImplEv
 .text._ZN10helicopter5tasks16PIDOuterLoopTaskC2EPNS_10controller13PIDControllerEii
                0x0000acc0       0x2a tasks/PIDOuterLoopTask.o
                0x0000acc0                _ZN10helicopter5tasks16PIDOuterLoopTaskC1EPNS_10controller13PIDControllerEii
                0x0000acc0                _ZN10helicopter5tasks16PIDOuterLoopTaskC2EPNS_10controller13PIDControllerEii
 .text._ZN10helicopter5tasks16PVNavigationTaskD2Ev
                0x0000acea        0xc tasks/PVNavigationTask.o
                0x0000acea                _ZN10helicopter5tasks16PVNavigationTaskD1Ev
                0x0000acea                _ZN10helicopter5tasks16PVNavigationTaskD2Ev
 .text._ZN10helicopter5tasks16PVNavigationTaskD0Ev
                0x0000acf6       0x10 tasks/PVNavigationTask.o
                0x0000acf6                _ZN10helicopter5tasks16PVNavigationTaskD0Ev
 .text._ZN10helicopter5tasks16PVNavigationTask11runTaskImplEv
                0x0000ad06      0x3c6 tasks/PVNavigationTask.o
                0x0000ad06                _ZN10helicopter5tasks16PVNavigationTask11runTaskImplEv
 .text._ZN10helicopter5tasks16PVNavigationTaskC2EfPNS_10navigation4AHRSEPNS_5model11SystemModelEii
                0x0000b0cc       0x62 tasks/PVNavigationTask.o
                0x0000b0cc                _ZN10helicopter5tasks16PVNavigationTaskC2EfPNS_10navigation4AHRSEPNS_5model11SystemModelEii
                0x0000b0cc                _ZN10helicopter5tasks16PVNavigationTaskC1EfPNS_10navigation4AHRSEPNS_5model11SystemModelEii
 .text._ZN10helicopter5tasks23ReadBarometerSensorTaskD2Ev
                0x0000b12e        0xc tasks/ReadBarometerSensorTask.o
                0x0000b12e                _ZN10helicopter5tasks23ReadBarometerSensorTaskD1Ev
                0x0000b12e                _ZN10helicopter5tasks23ReadBarometerSensorTaskD2Ev
 .text._ZN10helicopter5tasks23ReadBarometerSensorTaskD0Ev
                0x0000b13a       0x10 tasks/ReadBarometerSensorTask.o
                0x0000b13a                _ZN10helicopter5tasks23ReadBarometerSensorTaskD0Ev
 .text._ZN10helicopter5tasks23ReadBarometerSensorTask11runTaskImplEv
                0x0000b14a       0x9e tasks/ReadBarometerSensorTask.o
                0x0000b14a                _ZN10helicopter5tasks23ReadBarometerSensorTask11runTaskImplEv
 .text._ZN10helicopter5tasks23ReadBarometerSensorTaskC2EPNS_5model11SystemModelEPNS_7sensors15BarometerSensorEii
                0x0000b1e8       0x44 tasks/ReadBarometerSensorTask.o
                0x0000b1e8                _ZN10helicopter5tasks23ReadBarometerSensorTaskC2EPNS_5model11SystemModelEPNS_7sensors15BarometerSensorEii
                0x0000b1e8                _ZN10helicopter5tasks23ReadBarometerSensorTaskC1EPNS_5model11SystemModelEPNS_7sensors15BarometerSensorEii
 .text._ZN10helicopter5tasks17ReadGPSSensorTaskD2Ev
                0x0000b22c        0xc tasks/ReadGPSSensorTask.o
                0x0000b22c                _ZN10helicopter5tasks17ReadGPSSensorTaskD2Ev
                0x0000b22c                _ZN10helicopter5tasks17ReadGPSSensorTaskD1Ev
 .text._ZN10helicopter5tasks17ReadGPSSensorTaskD0Ev
                0x0000b238       0x10 tasks/ReadGPSSensorTask.o
                0x0000b238                _ZN10helicopter5tasks17ReadGPSSensorTaskD0Ev
 .text._ZN10helicopter5tasks17ReadGPSSensorTask11runTaskImplEv
                0x0000b248       0xea tasks/ReadGPSSensorTask.o
                0x0000b248                _ZN10helicopter5tasks17ReadGPSSensorTask11runTaskImplEv
 .text._ZN10helicopter5tasks17ReadGPSSensorTaskC2EPNS_5model11SystemModelEPNS_7sensors9GPSSensorEii
                0x0000b332       0x44 tasks/ReadGPSSensorTask.o
                0x0000b332                _ZN10helicopter5tasks17ReadGPSSensorTaskC2EPNS_5model11SystemModelEPNS_7sensors9GPSSensorEii
                0x0000b332                _ZN10helicopter5tasks17ReadGPSSensorTaskC1EPNS_5model11SystemModelEPNS_7sensors9GPSSensorEii
 .text._ZN10helicopter5tasks17ReadIMUSensorTaskD2Ev
                0x0000b376        0xc tasks/ReadIMUSensorTask.o
                0x0000b376                _ZN10helicopter5tasks17ReadIMUSensorTaskD2Ev
                0x0000b376                _ZN10helicopter5tasks17ReadIMUSensorTaskD1Ev
 .text._ZN10helicopter5tasks17ReadIMUSensorTaskD0Ev
                0x0000b382       0x10 tasks/ReadIMUSensorTask.o
                0x0000b382                _ZN10helicopter5tasks17ReadIMUSensorTaskD0Ev
 .text._ZN10helicopter5tasks17ReadIMUSensorTask11runTaskImplEv
                0x0000b392       0xd2 tasks/ReadIMUSensorTask.o
                0x0000b392                _ZN10helicopter5tasks17ReadIMUSensorTask11runTaskImplEv
 .text._ZN10helicopter5tasks17ReadIMUSensorTaskC2EPNS_5model11SystemModelEPNS_7sensors9IMUSensorEii
                0x0000b464       0x40 tasks/ReadIMUSensorTask.o
                0x0000b464                _ZN10helicopter5tasks17ReadIMUSensorTaskC1EPNS_5model11SystemModelEPNS_7sensors9IMUSensorEii
                0x0000b464                _ZN10helicopter5tasks17ReadIMUSensorTaskC2EPNS_5model11SystemModelEPNS_7sensors9IMUSensorEii
 .text._ZN10helicopter5tasks26ReadMagnetometerSensorTaskD2Ev
                0x0000b4a4        0xc tasks/ReadMagnetometerSensorTask.o
                0x0000b4a4                _ZN10helicopter5tasks26ReadMagnetometerSensorTaskD2Ev
                0x0000b4a4                _ZN10helicopter5tasks26ReadMagnetometerSensorTaskD1Ev
 .text._ZN10helicopter5tasks26ReadMagnetometerSensorTaskD0Ev
                0x0000b4b0       0x10 tasks/ReadMagnetometerSensorTask.o
                0x0000b4b0                _ZN10helicopter5tasks26ReadMagnetometerSensorTaskD0Ev
 .text._ZN10helicopter5tasks26ReadMagnetometerSensorTask11runTaskImplEv
                0x0000b4c0       0x96 tasks/ReadMagnetometerSensorTask.o
                0x0000b4c0                _ZN10helicopter5tasks26ReadMagnetometerSensorTask11runTaskImplEv
 .text._ZN10helicopter5tasks26ReadMagnetometerSensorTaskC2EPNS_5model11SystemModelEPNS_7sensors18MagnetometerSensorEii
                0x0000b556       0x40 tasks/ReadMagnetometerSensorTask.o
                0x0000b556                _ZN10helicopter5tasks26ReadMagnetometerSensorTaskC1EPNS_5model11SystemModelEPNS_7sensors18MagnetometerSensorEii
                0x0000b556                _ZN10helicopter5tasks26ReadMagnetometerSensorTaskC2EPNS_5model11SystemModelEPNS_7sensors18MagnetometerSensorEii
 .text._ZN10helicopter5tasks16ServoControlTaskD2Ev
                0x0000b596        0xc tasks/ServoControlTask.o
                0x0000b596                _ZN10helicopter5tasks16ServoControlTaskD1Ev
                0x0000b596                _ZN10helicopter5tasks16ServoControlTaskD2Ev
 .text._ZN10helicopter5tasks16ServoControlTaskD0Ev
                0x0000b5a2       0x10 tasks/ServoControlTask.o
                0x0000b5a2                _ZN10helicopter5tasks16ServoControlTaskD0Ev
 .text._ZN10helicopter5tasks16ServoControlTask11runTaskImplEv
                0x0000b5b2       0x86 tasks/ServoControlTask.o
                0x0000b5b2                _ZN10helicopter5tasks16ServoControlTask11runTaskImplEv
 .text._ZN10helicopter5tasks16ServoControlTaskC2EPNS_5model11SystemModelEPNS_10interfaces24RadioControllerInterfaceEii
                0x0000b638       0x40 tasks/ServoControlTask.o
                0x0000b638                _ZN10helicopter5tasks16ServoControlTaskC2EPNS_5model11SystemModelEPNS_10interfaces24RadioControllerInterfaceEii
                0x0000b638                _ZN10helicopter5tasks16ServoControlTaskC1EPNS_5model11SystemModelEPNS_10interfaces24RadioControllerInterfaceEii
 .text._ZN10helicopter5tasks16SimTelemetryTaskD2Ev
                0x0000b678        0xc tasks/SimTelemetryTask.o
                0x0000b678                _ZN10helicopter5tasks16SimTelemetryTaskD1Ev
                0x0000b678                _ZN10helicopter5tasks16SimTelemetryTaskD2Ev
 .text._ZN10helicopter5tasks16SimTelemetryTaskD0Ev
                0x0000b684       0x10 tasks/SimTelemetryTask.o
                0x0000b684                _ZN10helicopter5tasks16SimTelemetryTaskD0Ev
 .text._ZN10helicopter5tasks16SimTelemetryTask11runTaskImplEv
                0x0000b694      0x8cc tasks/SimTelemetryTask.o
                0x0000b694                _ZN10helicopter5tasks16SimTelemetryTask11runTaskImplEv
 .text._ZN10helicopter5tasks16SimTelemetryTaskC2EPNS_10interfaces29GroundControlStationInterfaceEPNS_5model11SystemModelEPNS_10controller13PIDControllerENS1_13DATATORECEIVEEii
                0x0000bf60       0x5c tasks/SimTelemetryTask.o
                0x0000bf60                _ZN10helicopter5tasks16SimTelemetryTaskC1EPNS_10interfaces29GroundControlStationInterfaceEPNS_5model11SystemModelEPNS_10controller13PIDControllerENS1_13DATATORECEIVEEii
                0x0000bf60                _ZN10helicopter5tasks16SimTelemetryTaskC2EPNS_10interfaces29GroundControlStationInterfaceEPNS_5model11SystemModelEPNS_10controller13PIDControllerENS1_13DATATORECEIVEEii
 .text._ZN10helicopter5tasks4Task11runTaskImplEv
                0x0000bfbc        0x2 tasks/Task.o
                0x0000bfbc                _ZN10helicopter5tasks4Task11runTaskImplEv
 .text._ZN10helicopter5tasks4TaskD2Ev
                0x0000bfbe        0xc tasks/Task.o
                0x0000bfbe                _ZN10helicopter5tasks4TaskD2Ev
                0x0000bfbe                _ZN10helicopter5tasks4TaskD1Ev
 .text._ZN10helicopter5tasks4Task7runTaskEv
                0x0000bfca       0x10 tasks/Task.o
                0x0000bfca                _ZN10helicopter5tasks4Task7runTaskEv
 .text._ZN10helicopter5tasks4TaskD0Ev
                0x0000bfda       0x10 tasks/Task.o
                0x0000bfda                _ZN10helicopter5tasks4TaskD0Ev
 .text._ZN10helicopter5tasks4TaskC2Eii
                0x0000bfea       0x16 tasks/Task.o
                0x0000bfea                _ZN10helicopter5tasks4TaskC2Eii
                0x0000bfea                _ZN10helicopter5tasks4TaskC1Eii
 .text._ZN10helicopter5tasks21TransmitTelemetryTaskD2Ev
                0x0000c000        0xc tasks/TransmitTelemetryTask.o
                0x0000c000                _ZN10helicopter5tasks21TransmitTelemetryTaskD1Ev
                0x0000c000                _ZN10helicopter5tasks21TransmitTelemetryTaskD2Ev
 .text._ZN10helicopter5tasks21TransmitTelemetryTaskD0Ev
                0x0000c00c       0x10 tasks/TransmitTelemetryTask.o
                0x0000c00c                _ZN10helicopter5tasks21TransmitTelemetryTaskD0Ev
 .text._ZN10helicopter5tasks21TransmitTelemetryTask11runTaskImplEv
                0x0000c01c      0x7f4 tasks/TransmitTelemetryTask.o
                0x0000c01c                _ZN10helicopter5tasks21TransmitTelemetryTask11runTaskImplEv
 .text._ZN10helicopter5tasks21TransmitTelemetryTaskC2EPNS_10interfaces29GroundControlStationInterfaceEPNS_5model11SystemModelENS1_10DATATOSENDEii
                0x0000c810       0x50 tasks/TransmitTelemetryTask.o
                0x0000c810                _ZN10helicopter5tasks21TransmitTelemetryTaskC2EPNS_10interfaces29GroundControlStationInterfaceEPNS_5model11SystemModelENS1_10DATATOSENDEii
                0x0000c810                _ZN10helicopter5tasks21TransmitTelemetryTaskC1EPNS_10interfaces29GroundControlStationInterfaceEPNS_5model11SystemModelENS1_10DATATOSENDEii
 .text._Znwj    0x0000c860        0x6 util/CommonHeader.o
                0x0000c860                _Znwj
 .text._ZdlPv   0x0000c866        0xa util/CommonHeader.o
                0x0000c866                _ZdlPv
 .text._Znaj    0x0000c870        0x6 util/CommonHeader.o
                0x0000c870                _Znaj
 .text._ZdaPv   0x0000c876        0xa util/CommonHeader.o
                0x0000c876                _ZdaPv
 .text._ZN10helicopter4util14CoordinateUtil37CalculateECEFToLocalNEDRotationMatrixEffRA3_A3_f
                0x0000c880      0x178 util/CoordinateUtil.o
                0x0000c880                _ZN10helicopter4util14CoordinateUtil37CalculateECEFToLocalNEDRotationMatrixEffRA3_A3_f
 .text._ZN10helicopter4util14CoordinateUtil25ConvertFromECEFToLocalNEDEllllllPA3_fRfS4_S4_
                0x0000c9f8      0x122 util/CoordinateUtil.o
                0x0000c9f8                _ZN10helicopter4util14CoordinateUtil25ConvertFromECEFToLocalNEDEllllllPA3_fRfS4_S4_
 .text._ZN10helicopter4util10MatrixUtil18createLookupTablesEv
                0x0000cb1a       0x4e util/MatrixUtil.o
                0x0000cb1a                _ZN10helicopter4util10MatrixUtil18createLookupTablesEv
 .text._ZN10helicopter4util10MatrixUtil12CrossProductEPfS2_RA3_f
                0x0000cb68      0x102 util/MatrixUtil.o
                0x0000cb68                _ZN10helicopter4util10MatrixUtil12CrossProductEPfS2_RA3_f
 .text._ZN10helicopter4util10MatrixUtil9NormalizeERA3_f
                0x0000cc6a      0x12c util/MatrixUtil.o
                0x0000cc6a                _ZN10helicopter4util10MatrixUtil9NormalizeERA3_f
 .text._ZN10helicopter4util10MatrixUtil20CreateRotationMatrixEfffRA3_A3_f
                0x0000cd96      0x280 util/MatrixUtil.o
                0x0000cd96                _ZN10helicopter4util10MatrixUtil20CreateRotationMatrixEfffRA3_A3_f
 .text._ZN10helicopter4util10MatrixUtil13RotateMatrixTEPA3_fPfRS2_
                0x0000d016       0xc8 util/MatrixUtil.o
                0x0000d016                _ZN10helicopter4util10MatrixUtil13RotateMatrixTEPA3_fPfRS2_
 .text._ZN10helicopter4util10MatrixUtil12RotateMatrixEPA3_fPiRS2_
                0x0000d0de       0xfe util/MatrixUtil.o
                0x0000d0de                _ZN10helicopter4util10MatrixUtil12RotateMatrixEPA3_fPiRS2_
 .text._ZN10helicopter4util10MatrixUtil12RotateMatrixEPA3_fPfRS2_
                0x0000d1dc       0xca util/MatrixUtil.o
                0x0000d1dc                _ZN10helicopter4util10MatrixUtil12RotateMatrixEPA3_fPfRS2_
 .text._ZN10helicopter4util10MatrixUtil10DotProductEPfS2_
                0x0000d2a6       0x88 util/MatrixUtil.o
                0x0000d2a6                _ZN10helicopter4util10MatrixUtil10DotProductEPfS2_
 .text._ZN10helicopter4util5Timer11hasTimedoutEv
                0x0000d32e       0x1c util/Timer.o
                0x0000d32e                _ZN10helicopter4util5Timer11hasTimedoutEv
 .text._ZN10helicopter4util5Timer9stopTimerEv
                0x0000d34a       0x1a util/Timer.o
                0x0000d34a                _ZN10helicopter4util5Timer9stopTimerEv
 .text._ZN10helicopter4util5Timer10startTimerEv
                0x0000d364       0xaa util/Timer.o
                0x0000d364                _ZN10helicopter4util5Timer10startTimerEv
 .text.__vector_21
                0x0000d40e       0x2e util/Timer.o
                0x0000d40e                __vector_21
 .text.avr-libc.fplib
                0x0000d43c        0xa c:/program files (x86)/atmel/atmel toolchain/avr8 gcc/native/3.4.2.1002/avr8-gnu-toolchain/bin/../lib/gcc/avr/4.7.2/../../../../avr/lib/avr6\libm.a(addsf3.o)
                0x0000d43c                __subsf3
                0x0000d43e                __addsf3
 .text.avr-libc.fplib
                0x0000d446       0xc0 c:/program files (x86)/atmel/atmel toolchain/avr8 gcc/native/3.4.2.1002/avr8-gnu-toolchain/bin/../lib/gcc/avr/4.7.2/../../../../avr/lib/avr6\libm.a(addsf3x.o)
                0x0000d460                __addsf3x
 .text.avr-libc.fplib
                0x0000d506       0x2e c:/program files (x86)/atmel/atmel toolchain/avr8 gcc/native/3.4.2.1002/avr8-gnu-toolchain/bin/../lib/gcc/avr/4.7.2/../../../../avr/lib/avr6\libm.a(asin.o)
                0x0000d506                asin
 .text.avr-libc.fplib
                0x0000d534       0x74 c:/program files (x86)/atmel/atmel toolchain/avr8 gcc/native/3.4.2.1002/avr8-gnu-toolchain/bin/../lib/gcc/avr/4.7.2/../../../../avr/lib/avr6\libm.a(atan2.o)
                0x0000d552                atan2
 .text.avr-libc.fplib
                0x0000d5a8       0x50 c:/program files (x86)/atmel/atmel toolchain/avr8 gcc/native/3.4.2.1002/avr8-gnu-toolchain/bin/../lib/gcc/avr/4.7.2/../../../../avr/lib/avr6\libm.a(atan.o)
                0x0000d5a8                atan
 .text.avr-libc.fplib
                0x0000d5f8        0x8 c:/program files (x86)/atmel/atmel toolchain/avr8 gcc/native/3.4.2.1002/avr8-gnu-toolchain/bin/../lib/gcc/avr/4.7.2/../../../../avr/lib/avr6\libm.a(cmpsf2.o)
                0x0000d5f8                __nesf2
                0x0000d5f8                __eqsf2
                0x0000d5f8                __cmpsf2
                0x0000d5f8                __ltsf2
                0x0000d5f8                __lesf2
 .text.avr-libc.fplib
                0x0000d600        0x6 c:/program files (x86)/atmel/atmel toolchain/avr8 gcc/native/3.4.2.1002/avr8-gnu-toolchain/bin/../lib/gcc/avr/4.7.2/../../../../avr/lib/avr6\libm.a(cos.o)
                0x0000d600                cos
 .text.avr-libc.fplib
                0x0000d606        0x4 c:/program files (x86)/atmel/atmel toolchain/avr8 gcc/native/3.4.2.1002/avr8-gnu-toolchain/bin/../lib/gcc/avr/4.7.2/../../../../avr/lib/avr6\libm.a(divsf3.o)
                0x0000d606                __divsf3
 .text.avr-libc.fplib
                0x0000d60a       0xcc c:/program files (x86)/atmel/atmel toolchain/avr8 gcc/native/3.4.2.1002/avr8-gnu-toolchain/bin/../lib/gcc/avr/4.7.2/../../../../avr/lib/avr6\libm.a(divsf3x.o)
                0x0000d620                __divsf3x
                0x0000d624                __divsf3_pse
 .text.avr-libc.fplib
                0x0000d6d6        0xa c:/program files (x86)/atmel/atmel toolchain/avr8 gcc/native/3.4.2.1002/avr8-gnu-toolchain/bin/../lib/gcc/avr/4.7.2/../../../../avr/lib/avr6\libm.a(fixsfsi.o)
                0x0000d6d6                __fixsfsi
 .text.avr-libc.fplib
                0x0000d6e0       0x58 c:/program files (x86)/atmel/atmel toolchain/avr8 gcc/native/3.4.2.1002/avr8-gnu-toolchain/bin/../lib/gcc/avr/4.7.2/../../../../avr/lib/avr6\libm.a(fixunssfsi.o)
                0x0000d6e0                __fixunssfsi
 .text.avr-libc.fplib
                0x0000d738       0x7a c:/program files (x86)/atmel/atmel toolchain/avr8 gcc/native/3.4.2.1002/avr8-gnu-toolchain/bin/../lib/gcc/avr/4.7.2/../../../../avr/lib/avr6\libm.a(floatsisf.o)
                0x0000d738                __floatunsisf
                0x0000d73c                __floatsisf
 .text.avr-libc.fplib
                0x0000d7b2       0x26 c:/program files (x86)/atmel/atmel toolchain/avr8 gcc/native/3.4.2.1002/avr8-gnu-toolchain/bin/../lib/gcc/avr/4.7.2/../../../../avr/lib/avr6\libm.a(floor.o)
                0x0000d7b2                floor
 .text.avr-libc.fplib
                0x0000d7d8       0x36 c:/program files (x86)/atmel/atmel toolchain/avr8 gcc/native/3.4.2.1002/avr8-gnu-toolchain/bin/../lib/gcc/avr/4.7.2/../../../../avr/lib/avr6\libm.a(fp_arccos.o)
                0x0000d7d8                __fp_arccos
 .text.avr-libc.fplib
                0x0000d80e       0x48 c:/program files (x86)/atmel/atmel toolchain/avr8 gcc/native/3.4.2.1002/avr8-gnu-toolchain/bin/../lib/gcc/avr/4.7.2/../../../../avr/lib/avr6\libm.a(fp_cmp.o)
                0x0000d80e                __fp_cmp
 .text.avr-libc.fplib
                0x0000d856        0xc c:/program files (x86)/atmel/atmel toolchain/avr8 gcc/native/3.4.2.1002/avr8-gnu-toolchain/bin/../lib/gcc/avr/4.7.2/../../../../avr/lib/avr6\libm.a(fp_inf.o)
                0x0000d856                __fp_inf
 .text.avr-libc.fplib
                0x0000d862       0x36 c:/program files (x86)/atmel/atmel toolchain/avr8 gcc/native/3.4.2.1002/avr8-gnu-toolchain/bin/../lib/gcc/avr/4.7.2/../../../../avr/lib/avr6\libm.a(fp_mintl.o)
                0x0000d862                __fp_mintl
 .text.avr-libc.fplib
                0x0000d898       0x1c c:/program files (x86)/atmel/atmel toolchain/avr8 gcc/native/3.4.2.1002/avr8-gnu-toolchain/bin/../lib/gcc/avr/4.7.2/../../../../avr/lib/avr6\libm.a(fp_mpack.o)
                0x0000d898                __fp_mpack
                0x0000d89c                __fp_mpack_finite
 .text.avr-libc.fplib
                0x0000d8b4        0x6 c:/program files (x86)/atmel/atmel toolchain/avr8 gcc/native/3.4.2.1002/avr8-gnu-toolchain/bin/../lib/gcc/avr/4.7.2/../../../../avr/lib/avr6\libm.a(fp_nan.o)
                0x0000d8b4                __fp_nan
 .text.avr-libc.fplib
                0x0000d8ba       0x4a c:/program files (x86)/atmel/atmel toolchain/avr8 gcc/native/3.4.2.1002/avr8-gnu-toolchain/bin/../lib/gcc/avr/4.7.2/../../../../avr/lib/avr6\libm.a(fp_powser.o)
                0x0000d8ba                __fp_powser
 .text.avr-libc.fplib
                0x0000d904       0x22 c:/program files (x86)/atmel/atmel toolchain/avr8 gcc/native/3.4.2.1002/avr8-gnu-toolchain/bin/../lib/gcc/avr/4.7.2/../../../../avr/lib/avr6\libm.a(fp_powsodd.o)
                0x0000d904                __fp_powsodd
 .text.avr-libc.fplib
                0x0000d926        0xe c:/program files (x86)/atmel/atmel toolchain/avr8 gcc/native/3.4.2.1002/avr8-gnu-toolchain/bin/../lib/gcc/avr/4.7.2/../../../../avr/lib/avr6\libm.a(fp_pscA.o)
                0x0000d926                __fp_pscA
 .text.avr-libc.fplib
                0x0000d934        0xe c:/program files (x86)/atmel/atmel toolchain/avr8 gcc/native/3.4.2.1002/avr8-gnu-toolchain/bin/../lib/gcc/avr/4.7.2/../../../../avr/lib/avr6\libm.a(fp_pscB.o)
                0x0000d934                __fp_pscB
 .text.avr-libc.fplib
                0x0000d942       0x50 c:/program files (x86)/atmel/atmel toolchain/avr8 gcc/native/3.4.2.1002/avr8-gnu-toolchain/bin/../lib/gcc/avr/4.7.2/../../../../avr/lib/avr6\libm.a(fp_rempio2.o)
                0x0000d944                __fp_rempio2
 .text.avr-libc.fplib
                0x0000d992       0x22 c:/program files (x86)/atmel/atmel toolchain/avr8 gcc/native/3.4.2.1002/avr8-gnu-toolchain/bin/../lib/gcc/avr/4.7.2/../../../../avr/lib/avr6\libm.a(fp_round.o)
                0x0000d992                __fp_round
 .text.avr-libc.fplib
                0x0000d9b4       0x22 c:/program files (x86)/atmel/atmel toolchain/avr8 gcc/native/3.4.2.1002/avr8-gnu-toolchain/bin/../lib/gcc/avr/4.7.2/../../../../avr/lib/avr6\libm.a(fp_sinus.o)
                0x0000d9b4                __fp_sinus
 .text.avr-libc.fplib
                0x0000d9d6       0x44 c:/program files (x86)/atmel/atmel toolchain/avr8 gcc/native/3.4.2.1002/avr8-gnu-toolchain/bin/../lib/gcc/avr/4.7.2/../../../../avr/lib/avr6\libm.a(fp_split3.o)
                0x0000d9d6                __fp_split3
                0x0000d9e6                __fp_splitA
 .text.avr-libc.fplib
                0x0000da1a       0x2e c:/program files (x86)/atmel/atmel toolchain/avr8 gcc/native/3.4.2.1002/avr8-gnu-toolchain/bin/../lib/gcc/avr/4.7.2/../../../../avr/lib/avr6\libm.a(fp_trunc.o)
                0x0000da1a                __fp_trunc
 .text.avr-libc.fplib
                0x0000da48        0xe c:/program files (x86)/atmel/atmel toolchain/avr8 gcc/native/3.4.2.1002/avr8-gnu-toolchain/bin/../lib/gcc/avr/4.7.2/../../../../avr/lib/avr6\libm.a(fp_zero.o)
                0x0000da48                __fp_zero
                0x0000da4a                __fp_szero
 .text.avr-libc.fplib
                0x0000da56        0x8 c:/program files (x86)/atmel/atmel toolchain/avr8 gcc/native/3.4.2.1002/avr8-gnu-toolchain/bin/../lib/gcc/avr/4.7.2/../../../../avr/lib/avr6\libm.a(gesf2.o)
                0x0000da56                __gesf2
                0x0000da56                __gtsf2
 .text.avr-libc.fplib
                0x0000da5e        0xe c:/program files (x86)/atmel/atmel toolchain/avr8 gcc/native/3.4.2.1002/avr8-gnu-toolchain/bin/../lib/gcc/avr/4.7.2/../../../../avr/lib/avr6\libm.a(inverse.o)
                0x0000da5e                inverse
 .text.avr-libc.fplib
                0x0000da6c        0xc c:/program files (x86)/atmel/atmel toolchain/avr8 gcc/native/3.4.2.1002/avr8-gnu-toolchain/bin/../lib/gcc/avr/4.7.2/../../../../avr/lib/avr6\libm.a(log10.o)
                0x0000da6c                log10
 .text.avr-libc.fplib
                0x0000da78       0x8a c:/program files (x86)/atmel/atmel toolchain/avr8 gcc/native/3.4.2.1002/avr8-gnu-toolchain/bin/../lib/gcc/avr/4.7.2/../../../../avr/lib/avr6\libm.a(log.o)
                0x0000da82                log
 .text.avr-libc.fplib
                0x0000db02        0x4 c:/program files (x86)/atmel/atmel toolchain/avr8 gcc/native/3.4.2.1002/avr8-gnu-toolchain/bin/../lib/gcc/avr/4.7.2/../../../../avr/lib/avr6\libm.a(mulsf3.o)
                0x0000db02                __mulsf3
 .text.avr-libc.fplib
                0x0000db06       0xc2 c:/program files (x86)/atmel/atmel toolchain/avr8 gcc/native/3.4.2.1002/avr8-gnu-toolchain/bin/../lib/gcc/avr/4.7.2/../../../../avr/lib/avr6\libm.a(mulsf3x.o)
                0x0000db1a                __mulsf3x
                0x0000db1e                __mulsf3_pse
 .text.avr-libc.fplib
                0x0000dbc8       0x98 c:/program files (x86)/atmel/atmel toolchain/avr8 gcc/native/3.4.2.1002/avr8-gnu-toolchain/bin/../lib/gcc/avr/4.7.2/../../../../avr/lib/avr6\libm.a(pow.o)
                0x0000dbc8                pow
 .text.avr-libc.fplib
                0x0000dc60        0xc c:/program files (x86)/atmel/atmel toolchain/avr8 gcc/native/3.4.2.1002/avr8-gnu-toolchain/bin/../lib/gcc/avr/4.7.2/../../../../avr/lib/avr6\libm.a(sin.o)
                0x0000dc60                sin
 .text.avr-libc.fplib
                0x0000dc6c       0x84 c:/program files (x86)/atmel/atmel toolchain/avr8 gcc/native/3.4.2.1002/avr8-gnu-toolchain/bin/../lib/gcc/avr/4.7.2/../../../../avr/lib/avr6\libm.a(sqrt.o)
                0x0000dc74                sqrt
 .text.avr-libc.fplib
                0x0000dcf0        0x6 c:/program files (x86)/atmel/atmel toolchain/avr8 gcc/native/3.4.2.1002/avr8-gnu-toolchain/bin/../lib/gcc/avr/4.7.2/../../../../avr/lib/avr6\libm.a(square.o)
                0x0000dcf0                square
 .text.avr-libc.fplib
                0x0000dcf6        0x8 c:/program files (x86)/atmel/atmel toolchain/avr8 gcc/native/3.4.2.1002/avr8-gnu-toolchain/bin/../lib/gcc/avr/4.7.2/../../../../avr/lib/avr6\libm.a(unordsf2.o)
                0x0000dcf6                __unordsf2
 .text.avr-libc.fplib
                0x0000dcfe       0x62 c:/program files (x86)/atmel/atmel toolchain/avr8 gcc/native/3.4.2.1002/avr8-gnu-toolchain/bin/../lib/gcc/avr/4.7.2/../../../../avr/lib/avr6\libm.a(exp.o)
                0x0000dd08                exp
 .text.avr-libc.fplib
                0x0000dd60        0xe c:/program files (x86)/atmel/atmel toolchain/avr8 gcc/native/3.4.2.1002/avr8-gnu-toolchain/bin/../lib/gcc/avr/4.7.2/../../../../avr/lib/avr6\libm.a(fp_norm2.o)
                0x0000dd60                __fp_norm2
 .text.avr-libc.fplib
                0x0000dd6e       0x6c c:/program files (x86)/atmel/atmel toolchain/avr8 gcc/native/3.4.2.1002/avr8-gnu-toolchain/bin/../lib/gcc/avr/4.7.2/../../../../avr/lib/avr6\libm.a(ldexp.o)
                0x0000dd72                ldexp
 .text.avr-libc.fplib
                0x0000ddda       0x66 c:/program files (x86)/atmel/atmel toolchain/avr8 gcc/native/3.4.2.1002/avr8-gnu-toolchain/bin/../lib/gcc/avr/4.7.2/../../../../avr/lib/avr6\libm.a(modf.o)
                0x0000ddda                modf
                0x0000ddda                modff
 .text.libgcc.div
                0x0000de40       0x44 c:/program files (x86)/atmel/atmel toolchain/avr8 gcc/native/3.4.2.1002/avr8-gnu-toolchain/bin/../lib/gcc/avr/4.7.2/avr6\libgcc.a(_udivmodsi4.o)
                0x0000de40                __udivmodsi4
 .text.libgcc.mul
                0x0000de84       0xae c:/program files (x86)/atmel/atmel toolchain/avr8 gcc/native/3.4.2.1002/avr8-gnu-toolchain/bin/../lib/gcc/avr/4.7.2/avr6\libgcc.a(_muldi3.o)
                0x0000de84                __muldi3
 .text.libgcc   0x0000df32        0x8 c:/program files (x86)/atmel/atmel toolchain/avr8 gcc/native/3.4.2.1002/avr8-gnu-toolchain/bin/../lib/gcc/avr/4.7.2/avr6\libgcc.a(_tablejump_elpm.o)
                0x0000df32                __tablejump_elpm__
 .text.libgcc.builtins
                0x0000df3a       0x1e c:/program files (x86)/atmel/atmel toolchain/avr8 gcc/native/3.4.2.1002/avr8-gnu-toolchain/bin/../lib/gcc/avr/4.7.2/avr6\libgcc.a(_ashldi3.o)
                0x0000df3a                __ashldi3
 .text.libgcc.builtins
                0x0000df58       0x1e c:/program files (x86)/atmel/atmel toolchain/avr8 gcc/native/3.4.2.1002/avr8-gnu-toolchain/bin/../lib/gcc/avr/4.7.2/avr6\libgcc.a(_ashrdi3.o)
                0x0000df58                __ashrdi3
 .text.libgcc   0x0000df76       0x12 c:/program files (x86)/atmel/atmel toolchain/avr8 gcc/native/3.4.2.1002/avr8-gnu-toolchain/bin/../lib/gcc/avr/4.7.2/avr6\libgcc.a(_adddi3.o)
                0x0000df76                __adddi3
 .text.libgcc   0x0000df88       0x12 c:/program files (x86)/atmel/atmel toolchain/avr8 gcc/native/3.4.2.1002/avr8-gnu-toolchain/bin/../lib/gcc/avr/4.7.2/avr6\libgcc.a(_subdi3.o)
                0x0000df88                __subdi3
 .text.libgcc.mul
                0x0000df9a       0x18 c:/program files (x86)/atmel/atmel toolchain/avr8 gcc/native/3.4.2.1002/avr8-gnu-toolchain/bin/../lib/gcc/avr/4.7.2/avr6\libgcc.a(_umulhisi3.o)
                0x0000df9a                __umulhisi3
 .text.avr-libc
                0x0000dfb2      0x274 c:/program files (x86)/atmel/atmel toolchain/avr8 gcc/native/3.4.2.1002/avr8-gnu-toolchain/bin/../lib/gcc/avr/4.7.2/../../../../avr/lib/avr6\libc.a(malloc.o)
                0x0000dfb2                malloc
                0x0000e0e8                free
 .text.avr-libc
                0x0000e226       0x12 c:/program files (x86)/atmel/atmel toolchain/avr8 gcc/native/3.4.2.1002/avr8-gnu-toolchain/bin/../lib/gcc/avr/4.7.2/../../../../avr/lib/avr6\libc.a(memcpy.o)
                0x0000e226                memcpy
 .text.avr-libc
                0x0000e238        0xe c:/program files (x86)/atmel/atmel toolchain/avr8 gcc/native/3.4.2.1002/avr8-gnu-toolchain/bin/../lib/gcc/avr/4.7.2/../../../../avr/lib/avr6\libc.a(memset.o)
                0x0000e238                memset
                0x0000e246                . = ALIGN (0x2)
 *(.fini9)
 .fini9         0x0000e246        0x0 c:/program files (x86)/atmel/atmel toolchain/avr8 gcc/native/3.4.2.1002/avr8-gnu-toolchain/bin/../lib/gcc/avr/4.7.2/avr6\libgcc.a(_exit.o)
                0x0000e246                _exit
                0x0000e246                exit
 *(.fini9)
 *(.fini8)
 *(.fini8)
 *(.fini7)
 *(.fini7)
 *(.fini6)
 .fini6         0x0000e246       0x20 c:/program files (x86)/atmel/atmel toolchain/avr8 gcc/native/3.4.2.1002/avr8-gnu-toolchain/bin/../lib/gcc/avr/4.7.2/avr6\libgcc.a(_dtors.o)
                0x0000e246                __do_global_dtors
 *(.fini6)
 *(.fini5)
 *(.fini5)
 *(.fini4)
 *(.fini4)
 *(.fini3)
 *(.fini3)
 *(.fini2)
 *(.fini2)
 *(.fini1)
 *(.fini1)
 *(.fini0)
 .fini0         0x0000e266        0x4 c:/program files (x86)/atmel/atmel toolchain/avr8 gcc/native/3.4.2.1002/avr8-gnu-toolchain/bin/../lib/gcc/avr/4.7.2/avr6\libgcc.a(_exit.o)
 *(.fini0)
                0x0000e26a                _etext = .

.data           0x00800200      0x18e load address 0x0000e26a
                0x00800200                PROVIDE (__data_start, .)
 *(.data)
 .data          0x00800200        0x0 c:/program files (x86)/atmel/atmel toolchain/avr8 gcc/native/3.4.2.1002/avr8-gnu-toolchain/bin/../lib/gcc/avr/4.7.2/../../../../avr/lib/avr6/crtm2560.o
 .data          0x00800200        0x0 buffer/Buffer.o
 .data          0x00800200        0x0 buffer/CircularBuffer.o
 .data          0x00800200        0x0 buffer/Record.o
 .data          0x00800200        0x0 controller/PIDController.o
 .data          0x00800200        0x0 drivers/SerialDriver.o
 .data          0x00800200        0x0 drivers/SPIDriver.o
 .data          0x00800200        0x0 drivers/TWIDriver.o
 .data          0x00800200        0x0 HelicopterMain.o
 .data          0x00800200        0x0 interfaces/GroundControlStationInterface.o
 .data          0x00800200        0x0 interfaces/RadioControllerInterface.o
 .data          0x00800200        0x0 messages/ControlMessage.o
 .data          0x00800200        0x0 messages/GainsMessage.o
 .data          0x00800200        0x0 messages/Message.o
 .data          0x00800200        0x0 messages/SensorDataMessage.o
 .data          0x00800200        0x0 messages/SimpleTelemetryMessage.o
 .data          0x00800200        0x0 messages/SyncMessage.o
 .data          0x00800200        0x0 messages/SystemTelemetryMessage.o
 .data          0x00800200        0x0 model/SystemModel.o
 .data          0x00800200        0x0 navigation/AHRS.o
 .data          0x00800200        0x0 scheduler/Scheduler.o
 .data          0x00800200        0x0 sensors/BarometerSensor.o
 .data          0x00800200        0x0 sensors/GPSSensor.o
 .data          0x00800200        0x0 sensors/IMUSensor.o
 .data          0x00800200        0x0 sensors/MagnetometerSensor.o
 .data          0x00800200        0x0 tasks/NavigationTask.o
 .data          0x00800200        0x0 tasks/PIDInnerLoopTask.o
 .data          0x00800200        0x0 tasks/PIDOuterLoopTask.o
 .data          0x00800200        0x0 tasks/PVNavigationTask.o
 .data          0x00800200        0x0 tasks/ReadBarometerSensorTask.o
 .data          0x00800200        0x0 tasks/ReadGPSSensorTask.o
 .data          0x00800200        0x0 tasks/ReadIMUSensorTask.o
 .data          0x00800200        0x0 tasks/ReadMagnetometerSensorTask.o
 .data          0x00800200        0x0 tasks/ServoControlTask.o
 .data          0x00800200        0x0 tasks/SimTelemetryTask.o
 .data          0x00800200        0x0 tasks/Task.o
 .data          0x00800200        0x0 tasks/TransmitTelemetryTask.o
 .data          0x00800200        0x0 util/CommonHeader.o
 .data          0x00800200        0x0 util/CoordinateUtil.o
 .data          0x00800200        0x0 util/MatrixUtil.o
 .data          0x00800200        0x0 util/Timer.o
 .data          0x00800200        0x0 c:/program files (x86)/atmel/atmel toolchain/avr8 gcc/native/3.4.2.1002/avr8-gnu-toolchain/bin/../lib/gcc/avr/4.7.2/../../../../avr/lib/avr6\libm.a(addsf3.o)
 .data          0x00800200        0x0 c:/program files (x86)/atmel/atmel toolchain/avr8 gcc/native/3.4.2.1002/avr8-gnu-toolchain/bin/../lib/gcc/avr/4.7.2/../../../../avr/lib/avr6\libm.a(addsf3x.o)
 .data          0x00800200        0x0 c:/program files (x86)/atmel/atmel toolchain/avr8 gcc/native/3.4.2.1002/avr8-gnu-toolchain/bin/../lib/gcc/avr/4.7.2/../../../../avr/lib/avr6\libm.a(asin.o)
 .data          0x00800200        0x0 c:/program files (x86)/atmel/atmel toolchain/avr8 gcc/native/3.4.2.1002/avr8-gnu-toolchain/bin/../lib/gcc/avr/4.7.2/../../../../avr/lib/avr6\libm.a(atan2.o)
 .data          0x00800200        0x0 c:/program files (x86)/atmel/atmel toolchain/avr8 gcc/native/3.4.2.1002/avr8-gnu-toolchain/bin/../lib/gcc/avr/4.7.2/../../../../avr/lib/avr6\libm.a(atan.o)
 .data          0x00800200        0x0 c:/program files (x86)/atmel/atmel toolchain/avr8 gcc/native/3.4.2.1002/avr8-gnu-toolchain/bin/../lib/gcc/avr/4.7.2/../../../../avr/lib/avr6\libm.a(cmpsf2.o)
 .data          0x00800200        0x0 c:/program files (x86)/atmel/atmel toolchain/avr8 gcc/native/3.4.2.1002/avr8-gnu-toolchain/bin/../lib/gcc/avr/4.7.2/../../../../avr/lib/avr6\libm.a(cos.o)
 .data          0x00800200        0x0 c:/program files (x86)/atmel/atmel toolchain/avr8 gcc/native/3.4.2.1002/avr8-gnu-toolchain/bin/../lib/gcc/avr/4.7.2/../../../../avr/lib/avr6\libm.a(divsf3.o)
 .data          0x00800200        0x0 c:/program files (x86)/atmel/atmel toolchain/avr8 gcc/native/3.4.2.1002/avr8-gnu-toolchain/bin/../lib/gcc/avr/4.7.2/../../../../avr/lib/avr6\libm.a(divsf3x.o)
 .data          0x00800200        0x0 c:/program files (x86)/atmel/atmel toolchain/avr8 gcc/native/3.4.2.1002/avr8-gnu-toolchain/bin/../lib/gcc/avr/4.7.2/../../../../avr/lib/avr6\libm.a(fixsfsi.o)
 .data          0x00800200        0x0 c:/program files (x86)/atmel/atmel toolchain/avr8 gcc/native/3.4.2.1002/avr8-gnu-toolchain/bin/../lib/gcc/avr/4.7.2/../../../../avr/lib/avr6\libm.a(fixunssfsi.o)
 .data          0x00800200        0x0 c:/program files (x86)/atmel/atmel toolchain/avr8 gcc/native/3.4.2.1002/avr8-gnu-toolchain/bin/../lib/gcc/avr/4.7.2/../../../../avr/lib/avr6\libm.a(floatsisf.o)
 .data          0x00800200        0x0 c:/program files (x86)/atmel/atmel toolchain/avr8 gcc/native/3.4.2.1002/avr8-gnu-toolchain/bin/../lib/gcc/avr/4.7.2/../../../../avr/lib/avr6\libm.a(floor.o)
 .data          0x00800200        0x0 c:/program files (x86)/atmel/atmel toolchain/avr8 gcc/native/3.4.2.1002/avr8-gnu-toolchain/bin/../lib/gcc/avr/4.7.2/../../../../avr/lib/avr6\libm.a(fp_arccos.o)
 .data          0x00800200        0x0 c:/program files (x86)/atmel/atmel toolchain/avr8 gcc/native/3.4.2.1002/avr8-gnu-toolchain/bin/../lib/gcc/avr/4.7.2/../../../../avr/lib/avr6\libm.a(fp_cmp.o)
 .data          0x00800200        0x0 c:/program files (x86)/atmel/atmel toolchain/avr8 gcc/native/3.4.2.1002/avr8-gnu-toolchain/bin/../lib/gcc/avr/4.7.2/../../../../avr/lib/avr6\libm.a(fp_inf.o)
 .data          0x00800200        0x0 c:/program files (x86)/atmel/atmel toolchain/avr8 gcc/native/3.4.2.1002/avr8-gnu-toolchain/bin/../lib/gcc/avr/4.7.2/../../../../avr/lib/avr6\libm.a(fp_mintl.o)
 .data          0x00800200        0x0 c:/program files (x86)/atmel/atmel toolchain/avr8 gcc/native/3.4.2.1002/avr8-gnu-toolchain/bin/../lib/gcc/avr/4.7.2/../../../../avr/lib/avr6\libm.a(fp_mpack.o)
 .data          0x00800200        0x0 c:/program files (x86)/atmel/atmel toolchain/avr8 gcc/native/3.4.2.1002/avr8-gnu-toolchain/bin/../lib/gcc/avr/4.7.2/../../../../avr/lib/avr6\libm.a(fp_nan.o)
 .data          0x00800200        0x0 c:/program files (x86)/atmel/atmel toolchain/avr8 gcc/native/3.4.2.1002/avr8-gnu-toolchain/bin/../lib/gcc/avr/4.7.2/../../../../avr/lib/avr6\libm.a(fp_powser.o)
 .data          0x00800200        0x0 c:/program files (x86)/atmel/atmel toolchain/avr8 gcc/native/3.4.2.1002/avr8-gnu-toolchain/bin/../lib/gcc/avr/4.7.2/../../../../avr/lib/avr6\libm.a(fp_powsodd.o)
 .data          0x00800200        0x0 c:/program files (x86)/atmel/atmel toolchain/avr8 gcc/native/3.4.2.1002/avr8-gnu-toolchain/bin/../lib/gcc/avr/4.7.2/../../../../avr/lib/avr6\libm.a(fp_pscA.o)
 .data          0x00800200        0x0 c:/program files (x86)/atmel/atmel toolchain/avr8 gcc/native/3.4.2.1002/avr8-gnu-toolchain/bin/../lib/gcc/avr/4.7.2/../../../../avr/lib/avr6\libm.a(fp_pscB.o)
 .data          0x00800200        0x0 c:/program files (x86)/atmel/atmel toolchain/avr8 gcc/native/3.4.2.1002/avr8-gnu-toolchain/bin/../lib/gcc/avr/4.7.2/../../../../avr/lib/avr6\libm.a(fp_rempio2.o)
 .data          0x00800200        0x0 c:/program files (x86)/atmel/atmel toolchain/avr8 gcc/native/3.4.2.1002/avr8-gnu-toolchain/bin/../lib/gcc/avr/4.7.2/../../../../avr/lib/avr6\libm.a(fp_round.o)
 .data          0x00800200        0x0 c:/program files (x86)/atmel/atmel toolchain/avr8 gcc/native/3.4.2.1002/avr8-gnu-toolchain/bin/../lib/gcc/avr/4.7.2/../../../../avr/lib/avr6\libm.a(fp_sinus.o)
 .data          0x00800200        0x0 c:/program files (x86)/atmel/atmel toolchain/avr8 gcc/native/3.4.2.1002/avr8-gnu-toolchain/bin/../lib/gcc/avr/4.7.2/../../../../avr/lib/avr6\libm.a(fp_split3.o)
 .data          0x00800200        0x0 c:/program files (x86)/atmel/atmel toolchain/avr8 gcc/native/3.4.2.1002/avr8-gnu-toolchain/bin/../lib/gcc/avr/4.7.2/../../../../avr/lib/avr6\libm.a(fp_trunc.o)
 .data          0x00800200        0x0 c:/program files (x86)/atmel/atmel toolchain/avr8 gcc/native/3.4.2.1002/avr8-gnu-toolchain/bin/../lib/gcc/avr/4.7.2/../../../../avr/lib/avr6\libm.a(fp_zero.o)
 .data          0x00800200        0x0 c:/program files (x86)/atmel/atmel toolchain/avr8 gcc/native/3.4.2.1002/avr8-gnu-toolchain/bin/../lib/gcc/avr/4.7.2/../../../../avr/lib/avr6\libm.a(gesf2.o)
 .data          0x00800200        0x0 c:/program files (x86)/atmel/atmel toolchain/avr8 gcc/native/3.4.2.1002/avr8-gnu-toolchain/bin/../lib/gcc/avr/4.7.2/../../../../avr/lib/avr6\libm.a(inverse.o)
 .data          0x00800200        0x0 c:/program files (x86)/atmel/atmel toolchain/avr8 gcc/native/3.4.2.1002/avr8-gnu-toolchain/bin/../lib/gcc/avr/4.7.2/../../../../avr/lib/avr6\libm.a(log10.o)
 .data          0x00800200        0x0 c:/program files (x86)/atmel/atmel toolchain/avr8 gcc/native/3.4.2.1002/avr8-gnu-toolchain/bin/../lib/gcc/avr/4.7.2/../../../../avr/lib/avr6\libm.a(log.o)
 .data          0x00800200        0x0 c:/program files (x86)/atmel/atmel toolchain/avr8 gcc/native/3.4.2.1002/avr8-gnu-toolchain/bin/../lib/gcc/avr/4.7.2/../../../../avr/lib/avr6\libm.a(mulsf3.o)
 .data          0x00800200        0x0 c:/program files (x86)/atmel/atmel toolchain/avr8 gcc/native/3.4.2.1002/avr8-gnu-toolchain/bin/../lib/gcc/avr/4.7.2/../../../../avr/lib/avr6\libm.a(mulsf3x.o)
 .data          0x00800200        0x0 c:/program files (x86)/atmel/atmel toolchain/avr8 gcc/native/3.4.2.1002/avr8-gnu-toolchain/bin/../lib/gcc/avr/4.7.2/../../../../avr/lib/avr6\libm.a(pow.o)
 .data          0x00800200        0x0 c:/program files (x86)/atmel/atmel toolchain/avr8 gcc/native/3.4.2.1002/avr8-gnu-toolchain/bin/../lib/gcc/avr/4.7.2/../../../../avr/lib/avr6\libm.a(sin.o)
 .data          0x00800200        0x0 c:/program files (x86)/atmel/atmel toolchain/avr8 gcc/native/3.4.2.1002/avr8-gnu-toolchain/bin/../lib/gcc/avr/4.7.2/../../../../avr/lib/avr6\libm.a(sqrt.o)
 .data          0x00800200        0x0 c:/program files (x86)/atmel/atmel toolchain/avr8 gcc/native/3.4.2.1002/avr8-gnu-toolchain/bin/../lib/gcc/avr/4.7.2/../../../../avr/lib/avr6\libm.a(square.o)
 .data          0x00800200        0x0 c:/program files (x86)/atmel/atmel toolchain/avr8 gcc/native/3.4.2.1002/avr8-gnu-toolchain/bin/../lib/gcc/avr/4.7.2/../../../../avr/lib/avr6\libm.a(unordsf2.o)
 .data          0x00800200        0x0 c:/program files (x86)/atmel/atmel toolchain/avr8 gcc/native/3.4.2.1002/avr8-gnu-toolchain/bin/../lib/gcc/avr/4.7.2/../../../../avr/lib/avr6\libm.a(exp.o)
 .data          0x00800200        0x0 c:/program files (x86)/atmel/atmel toolchain/avr8 gcc/native/3.4.2.1002/avr8-gnu-toolchain/bin/../lib/gcc/avr/4.7.2/../../../../avr/lib/avr6\libm.a(fp_norm2.o)
 .data          0x00800200        0x0 c:/program files (x86)/atmel/atmel toolchain/avr8 gcc/native/3.4.2.1002/avr8-gnu-toolchain/bin/../lib/gcc/avr/4.7.2/../../../../avr/lib/avr6\libm.a(ldexp.o)
 .data          0x00800200        0x0 c:/program files (x86)/atmel/atmel toolchain/avr8 gcc/native/3.4.2.1002/avr8-gnu-toolchain/bin/../lib/gcc/avr/4.7.2/../../../../avr/lib/avr6\libm.a(modf.o)
 .data          0x00800200        0x0 c:/program files (x86)/atmel/atmel toolchain/avr8 gcc/native/3.4.2.1002/avr8-gnu-toolchain/bin/../lib/gcc/avr/4.7.2/avr6\libgcc.a(_divmodhi4.o)
 .data          0x00800200        0x0 c:/program files (x86)/atmel/atmel toolchain/avr8 gcc/native/3.4.2.1002/avr8-gnu-toolchain/bin/../lib/gcc/avr/4.7.2/avr6\libgcc.a(_udivmodsi4.o)
 .data          0x00800200        0x0 c:/program files (x86)/atmel/atmel toolchain/avr8 gcc/native/3.4.2.1002/avr8-gnu-toolchain/bin/../lib/gcc/avr/4.7.2/avr6\libgcc.a(_exit.o)
 .data          0x00800200        0x0 c:/program files (x86)/atmel/atmel toolchain/avr8 gcc/native/3.4.2.1002/avr8-gnu-toolchain/bin/../lib/gcc/avr/4.7.2/avr6\libgcc.a(_copy_data.o)
 .data          0x00800200        0x0 c:/program files (x86)/atmel/atmel toolchain/avr8 gcc/native/3.4.2.1002/avr8-gnu-toolchain/bin/../lib/gcc/avr/4.7.2/avr6\libgcc.a(_clear_bss.o)
 .data          0x00800200        0x0 c:/program files (x86)/atmel/atmel toolchain/avr8 gcc/native/3.4.2.1002/avr8-gnu-toolchain/bin/../lib/gcc/avr/4.7.2/avr6\libgcc.a(_ctors.o)
 .data          0x00800200        0x0 c:/program files (x86)/atmel/atmel toolchain/avr8 gcc/native/3.4.2.1002/avr8-gnu-toolchain/bin/../lib/gcc/avr/4.7.2/avr6\libgcc.a(_dtors.o)
 .data          0x00800200        0x0 c:/program files (x86)/atmel/atmel toolchain/avr8 gcc/native/3.4.2.1002/avr8-gnu-toolchain/bin/../lib/gcc/avr/4.7.2/avr6\libgcc.a(_muldi3.o)
 .data          0x00800200        0x0 c:/program files (x86)/atmel/atmel toolchain/avr8 gcc/native/3.4.2.1002/avr8-gnu-toolchain/bin/../lib/gcc/avr/4.7.2/avr6\libgcc.a(_tablejump_elpm.o)
 .data          0x00800200        0x0 c:/program files (x86)/atmel/atmel toolchain/avr8 gcc/native/3.4.2.1002/avr8-gnu-toolchain/bin/../lib/gcc/avr/4.7.2/avr6\libgcc.a(_ashldi3.o)
 .data          0x00800200        0x0 c:/program files (x86)/atmel/atmel toolchain/avr8 gcc/native/3.4.2.1002/avr8-gnu-toolchain/bin/../lib/gcc/avr/4.7.2/avr6\libgcc.a(_ashrdi3.o)
 .data          0x00800200        0x0 c:/program files (x86)/atmel/atmel toolchain/avr8 gcc/native/3.4.2.1002/avr8-gnu-toolchain/bin/../lib/gcc/avr/4.7.2/avr6\libgcc.a(_adddi3.o)
 .data          0x00800200        0x0 c:/program files (x86)/atmel/atmel toolchain/avr8 gcc/native/3.4.2.1002/avr8-gnu-toolchain/bin/../lib/gcc/avr/4.7.2/avr6\libgcc.a(_subdi3.o)
 .data          0x00800200        0x0 c:/program files (x86)/atmel/atmel toolchain/avr8 gcc/native/3.4.2.1002/avr8-gnu-toolchain/bin/../lib/gcc/avr/4.7.2/avr6\libgcc.a(_udivmodhi4.o)
 .data          0x00800200        0x0 c:/program files (x86)/atmel/atmel toolchain/avr8 gcc/native/3.4.2.1002/avr8-gnu-toolchain/bin/../lib/gcc/avr/4.7.2/avr6\libgcc.a(_umulhisi3.o)
 .data          0x00800200        0x6 c:/program files (x86)/atmel/atmel toolchain/avr8 gcc/native/3.4.2.1002/avr8-gnu-toolchain/bin/../lib/gcc/avr/4.7.2/../../../../avr/lib/avr6\libc.a(malloc.o)
                0x00800200                __malloc_heap_end
                0x00800202                __malloc_heap_start
                0x00800204                __malloc_margin
 .data          0x00800206        0x0 c:/program files (x86)/atmel/atmel toolchain/avr8 gcc/native/3.4.2.1002/avr8-gnu-toolchain/bin/../lib/gcc/avr/4.7.2/../../../../avr/lib/avr6\libc.a(memcpy.o)
 .data          0x00800206        0x0 c:/program files (x86)/atmel/atmel toolchain/avr8 gcc/native/3.4.2.1002/avr8-gnu-toolchain/bin/../lib/gcc/avr/4.7.2/../../../../avr/lib/avr6\libc.a(memset.o)
 *(.data*)
 .data._ZN10helicopter10navigation4AHRS39MAGNETOMETER_ANGULARDISPLACEMENT_WEIGHTE
                0x00800206        0x4 navigation/AHRS.o
                0x00800206                _ZN10helicopter10navigation4AHRS39MAGNETOMETER_ANGULARDISPLACEMENT_WEIGHTE
 .data._ZN10helicopter10navigation4AHRS40ACCELEROMETER_ANGULARDISPLACEMENT_WEIGHTE
                0x0080020a        0x4 navigation/AHRS.o
                0x0080020a                _ZN10helicopter10navigation4AHRS40ACCELEROMETER_ANGULARDISPLACEMENT_WEIGHTE
 *(.rodata)
 *(.rodata*)
 .rodata._ZTVN10helicopter7drivers12SerialDriverE
                0x0080020e       0x18 drivers/SerialDriver.o
                0x0080020e                _ZTVN10helicopter7drivers12SerialDriverE
 .rodata._ZTVN10helicopter5tasks12FlashLEDTaskE
                0x00800226        0xe HelicopterMain.o
                0x00800226                _ZTVN10helicopter5tasks12FlashLEDTaskE
 .rodata._ZTVN10helicopter8messages14ControlMessageE
                0x00800234        0xc messages/ControlMessage.o
                0x00800234                _ZTVN10helicopter8messages14ControlMessageE
 .rodata._ZTVN10helicopter8messages12GainsMessageE
                0x00800240        0xc messages/GainsMessage.o
                0x00800240                _ZTVN10helicopter8messages12GainsMessageE
 .rodata._ZTVN10helicopter8messages7MessageE
                0x0080024c        0xc messages/Message.o
                0x0080024c                _ZTVN10helicopter8messages7MessageE
 .rodata._ZTVN10helicopter8messages17SensorDataMessageE
                0x00800258        0xc messages/SensorDataMessage.o
                0x00800258                _ZTVN10helicopter8messages17SensorDataMessageE
 .rodata._ZTVN10helicopter8messages22SimpleTelemetryMessageE
                0x00800264        0xc messages/SimpleTelemetryMessage.o
                0x00800264                _ZTVN10helicopter8messages22SimpleTelemetryMessageE
 .rodata._ZTVN10helicopter8messages11SyncMessageE
                0x00800270        0xc messages/SyncMessage.o
                0x00800270                _ZTVN10helicopter8messages11SyncMessageE
 .rodata._ZTVN10helicopter8messages22SystemTelemetryMessageE
                0x0080027c        0xc messages/SystemTelemetryMessage.o
                0x0080027c                _ZTVN10helicopter8messages22SystemTelemetryMessageE
 .rodata._ZN10helicopter7sensors9GPSSensor7CFG_RSTE
                0x00800288        0xc sensors/GPSSensor.o
                0x00800288                _ZN10helicopter7sensors9GPSSensor7CFG_RSTE
 .rodata._ZN10helicopter7sensors9GPSSensor8CFG_RATEE
                0x00800294        0xe sensors/GPSSensor.o
                0x00800294                _ZN10helicopter7sensors9GPSSensor8CFG_RATEE
 .rodata._ZN10helicopter7sensors9GPSSensor7CFG_PRTE
                0x008002a2       0x1c sensors/GPSSensor.o
                0x008002a2                _ZN10helicopter7sensors9GPSSensor7CFG_PRTE