Archive member included because of file (symbol)

c:/program files (x86)/atmel/atmel toolchain/avr8 gcc/native/3.4.2.1002/avr8-gnu-toolchain/bin/../lib/gcc/avr/4.7.2/../../../../avr/lib/avr6\libm.a(addsf3.o)
                              sensors/MagnetometerSensor.o (__subsf3)
c:/program files (x86)/atmel/atmel toolchain/avr8 gcc/native/3.4.2.1002/avr8-gnu-toolchain/bin/../lib/gcc/avr/4.7.2/../../../../avr/lib/avr6\libm.a(addsf3x.o)
                              c:/program files (x86)/atmel/atmel toolchain/avr8 gcc/native/3.4.2.1002/avr8-gnu-toolchain/bin/../lib/gcc/avr/4.7.2/../../../../avr/lib/avr6\libm.a(addsf3.o) (__addsf3x)
c:/program files (x86)/atmel/atmel toolchain/avr8 gcc/native/3.4.2.1002/avr8-gnu-toolchain/bin/../lib/gcc/avr/4.7.2/../../../../avr/lib/avr6\libm.a(fixunssfsi.o)
                              drivers/SerialDriver.o (__fixunssfsi)
c:/program files (x86)/atmel/atmel toolchain/avr8 gcc/native/3.4.2.1002/avr8-gnu-toolchain/bin/../lib/gcc/avr/4.7.2/../../../../avr/lib/avr6\libm.a(floatsisf.o)
                              drivers/SerialDriver.o (__floatunsisf)
c:/program files (x86)/atmel/atmel toolchain/avr8 gcc/native/3.4.2.1002/avr8-gnu-toolchain/bin/../lib/gcc/avr/4.7.2/../../../../avr/lib/avr6\libm.a(floor.o)
                              drivers/SerialDriver.o (floor)
c:/program files (x86)/atmel/atmel toolchain/avr8 gcc/native/3.4.2.1002/avr8-gnu-toolchain/bin/../lib/gcc/avr/4.7.2/../../../../avr/lib/avr6\libm.a(fp_inf.o)
                              c:/program files (x86)/atmel/atmel toolchain/avr8 gcc/native/3.4.2.1002/avr8-gnu-toolchain/bin/../lib/gcc/avr/4.7.2/../../../../avr/lib/avr6\libm.a(addsf3x.o) (__fp_inf)
c:/program files (x86)/atmel/atmel toolchain/avr8 gcc/native/3.4.2.1002/avr8-gnu-toolchain/bin/../lib/gcc/avr/4.7.2/../../../../avr/lib/avr6\libm.a(fp_mintl.o)
                              c:/program files (x86)/atmel/atmel toolchain/avr8 gcc/native/3.4.2.1002/avr8-gnu-toolchain/bin/../lib/gcc/avr/4.7.2/../../../../avr/lib/avr6\libm.a(floor.o) (__fp_mintl)
c:/program files (x86)/atmel/atmel toolchain/avr8 gcc/native/3.4.2.1002/avr8-gnu-toolchain/bin/../lib/gcc/avr/4.7.2/../../../../avr/lib/avr6\libm.a(fp_mpack.o)
                              c:/program files (x86)/atmel/atmel toolchain/avr8 gcc/native/3.4.2.1002/avr8-gnu-toolchain/bin/../lib/gcc/avr/4.7.2/../../../../avr/lib/avr6\libm.a(floor.o) (__fp_mpack)
c:/program files (x86)/atmel/atmel toolchain/avr8 gcc/native/3.4.2.1002/avr8-gnu-toolchain/bin/../lib/gcc/avr/4.7.2/../../../../avr/lib/avr6\libm.a(fp_nan.o)
                              c:/program files (x86)/atmel/atmel toolchain/avr8 gcc/native/3.4.2.1002/avr8-gnu-toolchain/bin/../lib/gcc/avr/4.7.2/../../../../avr/lib/avr6\libm.a(addsf3x.o) (__fp_nan)
c:/program files (x86)/atmel/atmel toolchain/avr8 gcc/native/3.4.2.1002/avr8-gnu-toolchain/bin/../lib/gcc/avr/4.7.2/../../../../avr/lib/avr6\libm.a(fp_pscA.o)
                              c:/program files (x86)/atmel/atmel toolchain/avr8 gcc/native/3.4.2.1002/avr8-gnu-toolchain/bin/../lib/gcc/avr/4.7.2/../../../../avr/lib/avr6\libm.a(addsf3x.o) (__fp_pscA)
c:/program files (x86)/atmel/atmel toolchain/avr8 gcc/native/3.4.2.1002/avr8-gnu-toolchain/bin/../lib/gcc/avr/4.7.2/../../../../avr/lib/avr6\libm.a(fp_pscB.o)
                              c:/program files (x86)/atmel/atmel toolchain/avr8 gcc/native/3.4.2.1002/avr8-gnu-toolchain/bin/../lib/gcc/avr/4.7.2/../../../../avr/lib/avr6\libm.a(addsf3x.o) (__fp_pscB)
c:/program files (x86)/atmel/atmel toolchain/avr8 gcc/native/3.4.2.1002/avr8-gnu-toolchain/bin/../lib/gcc/avr/4.7.2/../../../../avr/lib/avr6\libm.a(fp_round.o)
                              c:/program files (x86)/atmel/atmel toolchain/avr8 gcc/native/3.4.2.1002/avr8-gnu-toolchain/bin/../lib/gcc/avr/4.7.2/../../../../avr/lib/avr6\libm.a(addsf3.o) (__fp_round)
c:/program files (x86)/atmel/atmel toolchain/avr8 gcc/native/3.4.2.1002/avr8-gnu-toolchain/bin/../lib/gcc/avr/4.7.2/../../../../avr/lib/avr6\libm.a(fp_split3.o)
                              c:/program files (x86)/atmel/atmel toolchain/avr8 gcc/native/3.4.2.1002/avr8-gnu-toolchain/bin/../lib/gcc/avr/4.7.2/../../../../avr/lib/avr6\libm.a(addsf3x.o) (__fp_split3)
c:/program files (x86)/atmel/atmel toolchain/avr8 gcc/native/3.4.2.1002/avr8-gnu-toolchain/bin/../lib/gcc/avr/4.7.2/../../../../avr/lib/avr6\libm.a(fp_trunc.o)
                              c:/program files (x86)/atmel/atmel toolchain/avr8 gcc/native/3.4.2.1002/avr8-gnu-toolchain/bin/../lib/gcc/avr/4.7.2/../../../../avr/lib/avr6\libm.a(floor.o) (__fp_trunc)
c:/program files (x86)/atmel/atmel toolchain/avr8 gcc/native/3.4.2.1002/avr8-gnu-toolchain/bin/../lib/gcc/avr/4.7.2/../../../../avr/lib/avr6\libm.a(fp_zero.o)
                              c:/program files (x86)/atmel/atmel toolchain/avr8 gcc/native/3.4.2.1002/avr8-gnu-toolchain/bin/../lib/gcc/avr/4.7.2/../../../../avr/lib/avr6\libm.a(addsf3x.o) (__fp_zero)
c:/program files (x86)/atmel/atmel toolchain/avr8 gcc/native/3.4.2.1002/avr8-gnu-toolchain/bin/../lib/gcc/avr/4.7.2/../../../../avr/lib/avr6\libm.a(mulsf3.o)
                              sensors/MagnetometerSensor.o (__mulsf3)
c:/program files (x86)/atmel/atmel toolchain/avr8 gcc/native/3.4.2.1002/avr8-gnu-toolchain/bin/../lib/gcc/avr/4.7.2/../../../../avr/lib/avr6\libm.a(mulsf3x.o)
                              c:/program files (x86)/atmel/atmel toolchain/avr8 gcc/native/3.4.2.1002/avr8-gnu-toolchain/bin/../lib/gcc/avr/4.7.2/../../../../avr/lib/avr6\libm.a(mulsf3.o) (__mulsf3x)
c:/program files (x86)/atmel/atmel toolchain/avr8 gcc/native/3.4.2.1002/avr8-gnu-toolchain/bin/../lib/gcc/avr/4.7.2/avr6\libgcc.a(_divmodhi4.o)
                              util/Timer.o (__divmodhi4)
c:/program files (x86)/atmel/atmel toolchain/avr8 gcc/native/3.4.2.1002/avr8-gnu-toolchain/bin/../lib/gcc/avr/4.7.2/avr6\libgcc.a(_udivmodsi4.o)
                              drivers/SerialDriver.o (__udivmodsi4)
c:/program files (x86)/atmel/atmel toolchain/avr8 gcc/native/3.4.2.1002/avr8-gnu-toolchain/bin/../lib/gcc/avr/4.7.2/avr6\libgcc.a(_exit.o)
                              c:/program files (x86)/atmel/atmel toolchain/avr8 gcc/native/3.4.2.1002/avr8-gnu-toolchain/bin/../lib/gcc/avr/4.7.2/../../../../avr/lib/avr6/crtm2560.o (exit)
c:/program files (x86)/atmel/atmel toolchain/avr8 gcc/native/3.4.2.1002/avr8-gnu-toolchain/bin/../lib/gcc/avr/4.7.2/avr6\libgcc.a(_copy_data.o)
                              buffer/Buffer.o (__do_copy_data)
c:/program files (x86)/atmel/atmel toolchain/avr8 gcc/native/3.4.2.1002/avr8-gnu-toolchain/bin/../lib/gcc/avr/4.7.2/avr6\libgcc.a(_clear_bss.o)
                              scheduler/Scheduler.o (__do_clear_bss)
c:/program files (x86)/atmel/atmel toolchain/avr8 gcc/native/3.4.2.1002/avr8-gnu-toolchain/bin/../lib/gcc/avr/4.7.2/avr6\libgcc.a(_udivmodhi4.o)
                              c:/program files (x86)/atmel/atmel toolchain/avr8 gcc/native/3.4.2.1002/avr8-gnu-toolchain/bin/../lib/gcc/avr/4.7.2/avr6\libgcc.a(_divmodhi4.o) (__udivmodhi4)
c:/program files (x86)/atmel/atmel toolchain/avr8 gcc/native/3.4.2.1002/avr8-gnu-toolchain/bin/../lib/gcc/avr/4.7.2/../../../../avr/lib/avr6\libc.a(malloc.o)
                              util/common/commonheader.o (malloc)
c:/program files (x86)/atmel/atmel toolchain/avr8 gcc/native/3.4.2.1002/avr8-gnu-toolchain/bin/../lib/gcc/avr/4.7.2/../../../../avr/lib/avr6\libc.a(memcpy.o)
                              buffer/Record.o (memcpy)

Allocating common symbols
Common symbol       size              file

__brkval            0x2               c:/program files (x86)/atmel/atmel toolchain/avr8 gcc/native/3.4.2.1002/avr8-gnu-toolchain/bin/../lib/gcc/avr/4.7.2/../../../../avr/lib/avr6\libc.a(malloc.o)
__flp               0x2               c:/program files (x86)/atmel/atmel toolchain/avr8 gcc/native/3.4.2.1002/avr8-gnu-toolchain/bin/../lib/gcc/avr/4.7.2/../../../../avr/lib/avr6\libc.a(malloc.o)

Discarded input sections

 .bss           0x00000000        0x0 c:/program files (x86)/atmel/atmel toolchain/avr8 gcc/native/3.4.2.1002/avr8-gnu-toolchain/bin/../lib/gcc/avr/4.7.2/../../../../avr/lib/avr6/crtm2560.o
 .group         0x00000000        0x8 buffer/Buffer.o
 .group         0x00000000        0x8 buffer/Buffer.o
 .group         0x00000000        0x8 buffer/Buffer.o
 .text          0x00000000        0x0 buffer/Buffer.o
 .bss           0x00000000        0x0 buffer/Buffer.o
 .text._ZN10helicopter6buffer6Record17getPreviousRecordEv
                0x00000000       0x24 buffer/Buffer.o
 .text._ZN10helicopter6buffer6Record17setPreviousRecordEPS1_
                0x00000000       0x30 buffer/Buffer.o
 .text._ZN10helicopter6buffer6Record13setNextRecordEPS1_
                0x00000000       0x30 buffer/Buffer.o
 .text._ZN10helicopter6buffer6BufferC2Ev
                0x00000000       0x42 buffer/Buffer.o
 .text._ZN10helicopter6buffer6BufferD2Ev
                0x00000000       0x3e buffer/Buffer.o
 .text._ZN10helicopter6buffer6Buffer7enqueueEPNS0_6RecordE
                0x00000000       0xc6 buffer/Buffer.o
 .text._ZN10helicopter6buffer6Buffer7dequeueEv
                0x00000000       0x70 buffer/Buffer.o
 .rodata._ZL18TIMER_FREQUENCY_HZ
                0x00000000        0x2 buffer/Buffer.o
 .rodata._ZL15TIMER_PRESCALER
                0x00000000        0x2 buffer/Buffer.o
 .rodata._ZL18TARGET_TIMER_COUNT
                0x00000000        0x2 buffer/Buffer.o
 .group         0x00000000        0x8 buffer/Record.o
 .group         0x00000000        0x8 buffer/Record.o
 .text          0x00000000        0x0 buffer/Record.o
 .bss           0x00000000        0x0 buffer/Record.o
 .text._ZN10helicopter6buffer6Record13getRecordDataEv
                0x00000000       0x24 buffer/Record.o
 .text._ZN10helicopter6buffer6Record15getSizeOfRecordEv
                0x00000000       0x24 buffer/Record.o
 .text._ZN10helicopter6buffer6RecordC2Ev
                0x00000000       0x42 buffer/Record.o
 .text._ZN10helicopter6buffer6RecordD2Ev
                0x00000000       0x28 buffer/Record.o
 .text._ZN10helicopter6buffer6RecordC2EPvi
                0x00000000       0x78 buffer/Record.o
 .text._ZN10helicopter6buffer6Record13setRecordDataEPvi
                0x00000000       0x64 buffer/Record.o
 .text._ZN10helicopter6buffer6Record4CopyEv
                0x00000000       0x66 buffer/Record.o
 .rodata._ZL18TIMER_FREQUENCY_HZ
                0x00000000        0x2 buffer/Record.o
 .rodata._ZL15TIMER_PRESCALER
                0x00000000        0x2 buffer/Record.o
 .rodata._ZL18TARGET_TIMER_COUNT
                0x00000000        0x2 buffer/Record.o
 .group         0x00000000        0x8 drivers/MagnetometerDriver.o
 .text          0x00000000        0x0 drivers/MagnetometerDriver.o
 .bss           0x00000000        0x0 drivers/MagnetometerDriver.o
 .text._ZN10helicopter7drivers18MagnetometerDriver10initializeEv
                0x00000000       0x1e drivers/MagnetometerDriver.o
 .text._ZN10helicopter7drivers18MagnetometerDriver10readSensorEPiS2_S2_
                0x00000000       0x3a drivers/MagnetometerDriver.o
 .rodata._ZTVN10helicopter7drivers18MagnetometerDriverE
                0x00000000        0x8 drivers/MagnetometerDriver.o
 .rodata._ZL18TIMER_FREQUENCY_HZ
                0x00000000        0x2 drivers/MagnetometerDriver.o
 .rodata._ZL15TIMER_PRESCALER
                0x00000000        0x2 drivers/MagnetometerDriver.o
 .rodata._ZL18TARGET_TIMER_COUNT
                0x00000000        0x2 drivers/MagnetometerDriver.o
 .group         0x00000000        0x8 drivers/SerialDriver.o
 .group         0x00000000        0x8 drivers/SerialDriver.o
 .group         0x00000000        0x8 drivers/SerialDriver.o
 .text          0x00000000        0x0 drivers/SerialDriver.o
 .bss           0x00000000        0x0 drivers/SerialDriver.o
 .rodata._ZL18TIMER_FREQUENCY_HZ
                0x00000000        0x2 drivers/SerialDriver.o
 .rodata._ZL15TIMER_PRESCALER
                0x00000000        0x2 drivers/SerialDriver.o
 .rodata._ZL18TARGET_TIMER_COUNT
                0x00000000        0x2 drivers/SerialDriver.o
 .group         0x00000000        0x8 Helicopter.o
 .group         0x00000000        0x8 Helicopter.o
 .group         0x00000000        0x8 Helicopter.o
 .group         0x00000000        0x8 Helicopter.o
 .group         0x00000000        0x8 Helicopter.o
 .group         0x00000000        0x8 Helicopter.o
 .group         0x00000000        0x8 Helicopter.o
 .text          0x00000000        0x0 Helicopter.o
 .bss           0x00000000        0x0 Helicopter.o
 .rodata._ZL18TIMER_FREQUENCY_HZ
                0x00000000        0x2 Helicopter.o
 .rodata._ZL15TIMER_PRESCALER
                0x00000000        0x2 Helicopter.o
 .rodata._ZL18TARGET_TIMER_COUNT
                0x00000000        0x2 Helicopter.o
 .group         0x00000000        0x8 interfaces/RadioInterface.o
 .text          0x00000000        0x0 interfaces/RadioInterface.o
 .bss           0x00000000        0x0 interfaces/RadioInterface.o
 .rodata._ZL18TIMER_FREQUENCY_HZ
                0x00000000        0x2 interfaces/RadioInterface.o
 .rodata._ZL15TIMER_PRESCALER
                0x00000000        0x2 interfaces/RadioInterface.o
 .rodata._ZL18TARGET_TIMER_COUNT
                0x00000000        0x2 interfaces/RadioInterface.o
 .group         0x00000000        0x8 messages/SystemTelemetryMessage.o
 .text          0x00000000        0x0 messages/SystemTelemetryMessage.o
 .bss           0x00000000        0x0 messages/SystemTelemetryMessage.o
 .rodata._ZL18TIMER_FREQUENCY_HZ
                0x00000000        0x2 messages/SystemTelemetryMessage.o
 .rodata._ZL15TIMER_PRESCALER
                0x00000000        0x2 messages/SystemTelemetryMessage.o
 .rodata._ZL18TARGET_TIMER_COUNT
                0x00000000        0x2 messages/SystemTelemetryMessage.o
 .group         0x00000000        0x8 model/SystemModel.o
 .group         0x00000000        0x8 model/SystemModel.o
 .group         0x00000000        0x8 model/SystemModel.o
 .group         0x00000000        0x8 model/SystemModel.o
 .group         0x00000000        0x8 model/SystemModel.o
 .group         0x00000000        0x8 model/SystemModel.o
 .group         0x00000000        0x8 model/SystemModel.o
 .text          0x00000000        0x0 model/SystemModel.o
 .bss           0x00000000        0x0 model/SystemModel.o
 .text._ZN10helicopter8messages22SystemTelemetryMessageC2Ev
                0x00000000       0x42 model/SystemModel.o
 .rodata._ZL18TIMER_FREQUENCY_HZ
                0x00000000        0x2 model/SystemModel.o
 .rodata._ZL15TIMER_PRESCALER
                0x00000000        0x2 model/SystemModel.o
 .rodata._ZL18TARGET_TIMER_COUNT
                0x00000000        0x2 model/SystemModel.o
 .group         0x00000000        0x8 scheduler/Scheduler.o
 .group         0x00000000        0x8 scheduler/Scheduler.o
 .group         0x00000000        0x8 scheduler/Scheduler.o
 .group         0x00000000        0x8 scheduler/Scheduler.o
 .group         0x00000000        0x8 scheduler/Scheduler.o
 .group         0x00000000        0x8 scheduler/Scheduler.o
 .group         0x00000000        0x8 scheduler/Scheduler.o
 .group         0x00000000        0x8 scheduler/Scheduler.o
 .text          0x00000000        0x0 scheduler/Scheduler.o
 .bss           0x00000000        0x0 scheduler/Scheduler.o
 .text._ZN10helicopter9scheduler9SchedulerD2Ev
                0x00000000       0x1a scheduler/Scheduler.o
 .rodata._ZL18TIMER_FREQUENCY_HZ
                0x00000000        0x2 scheduler/Scheduler.o
 .rodata._ZL15TIMER_PRESCALER
                0x00000000        0x2 scheduler/Scheduler.o
 .rodata._ZL18TARGET_TIMER_COUNT
                0x00000000        0x2 scheduler/Scheduler.o
 .text          0x00000000        0x0 sensors/MagnetometerSensor.o
 .bss           0x00000000        0x0 sensors/MagnetometerSensor.o
 .text._ZN10helicopter7sensors18MagnetometerSensorC2EPNS_7drivers18MagnetometerDriverE
                0x00000000       0x4e sensors/MagnetometerSensor.o
 .text._ZN10helicopter7sensors18MagnetometerSensor10readSensorEv
                0x00000000       0x72 sensors/MagnetometerSensor.o
 .text._ZN10helicopter7sensors18MagnetometerSensor7getFRDXEv
                0x00000000       0xd8 sensors/MagnetometerSensor.o
 .text._ZN10helicopter7sensors18MagnetometerSensor7getFRDYEv
                0x00000000       0xd8 sensors/MagnetometerSensor.o
 .text._ZN10helicopter7sensors18MagnetometerSensor7getFRDZEv
                0x00000000       0xd8 sensors/MagnetometerSensor.o
 .rodata._ZL18TIMER_FREQUENCY_HZ
                0x00000000        0x2 sensors/MagnetometerSensor.o
 .rodata._ZL15TIMER_PRESCALER
                0x00000000        0x2 sensors/MagnetometerSensor.o
 .rodata._ZL18TARGET_TIMER_COUNT
                0x00000000        0x2 sensors/MagnetometerSensor.o
 .group         0x00000000        0x8 tasks/misctasks/SimTelemetryTask.o
 .group         0x00000000        0x8 tasks/misctasks/SimTelemetryTask.o
 .group         0x00000000        0x8 tasks/misctasks/SimTelemetryTask.o
 .group         0x00000000        0x8 tasks/misctasks/SimTelemetryTask.o
 .group         0x00000000        0x8 tasks/misctasks/SimTelemetryTask.o
 .group         0x00000000        0x8 tasks/misctasks/SimTelemetryTask.o
 .group         0x00000000        0x8 tasks/misctasks/SimTelemetryTask.o
 .group         0x00000000        0x8 tasks/misctasks/SimTelemetryTask.o
 .group         0x00000000        0x8 tasks/misctasks/SimTelemetryTask.o
 .text          0x00000000        0x0 tasks/misctasks/SimTelemetryTask.o
 .bss           0x00000000        0x0 tasks/misctasks/SimTelemetryTask.o
 .rodata._ZL18TIMER_FREQUENCY_HZ
                0x00000000        0x2 tasks/misctasks/SimTelemetryTask.o
 .rodata._ZL15TIMER_PRESCALER
                0x00000000        0x2 tasks/misctasks/SimTelemetryTask.o
 .rodata._ZL18TARGET_TIMER_COUNT
                0x00000000        0x2 tasks/misctasks/SimTelemetryTask.o
 .group         0x00000000        0x8 tasks/Task.o
 .group         0x00000000        0x8 tasks/Task.o
 .group         0x00000000        0x8 tasks/Task.o
 .text          0x00000000        0x0 tasks/Task.o
 .bss           0x00000000        0x0 tasks/Task.o
 .text._ZN10helicopter5tasks4Task4initEv
                0x00000000       0x1a tasks/Task.o
 .group         0x00000000        0x8 tasks/TransmitTelemetryTask.o
 .group         0x00000000        0x8 tasks/TransmitTelemetryTask.o
 .group         0x00000000        0x8 tasks/TransmitTelemetryTask.o
 .text          0x00000000        0x0 tasks/TransmitTelemetryTask.o
 .bss           0x00000000        0x0 tasks/TransmitTelemetryTask.o
 .text._ZN10helicopter5tasks4Task4initEv
                0x00000000       0x1a tasks/TransmitTelemetryTask.o
 .text._ZN10helicopter8messages22SystemTelemetryMessageD2Ev
                0x00000000       0x1a tasks/TransmitTelemetryTask.o
 .rodata._ZL18TIMER_FREQUENCY_HZ
                0x00000000        0x2 tasks/TransmitTelemetryTask.o
 .rodata._ZL15TIMER_PRESCALER
                0x00000000        0x2 tasks/TransmitTelemetryTask.o
 .rodata._ZL18TARGET_TIMER_COUNT
                0x00000000        0x2 tasks/TransmitTelemetryTask.o
 .text          0x00000000        0x0 util/common/commonheader.o
 .bss           0x00000000        0x0 util/common/commonheader.o
 .text._ZdaPv   0x00000000       0x2a util/common/commonheader.o
 .rodata._ZL18TIMER_FREQUENCY_HZ
                0x00000000        0x2 util/common/commonheader.o
 .rodata._ZL15TIMER_PRESCALER
                0x00000000        0x2 util/common/commonheader.o
 .rodata._ZL18TARGET_TIMER_COUNT
                0x00000000        0x2 util/common/commonheader.o
 .text          0x00000000        0x0 util/Timer.o
 .bss           0x00000000        0x0 util/Timer.o
 .text._ZN10helicopter4util5Timer10startTimerEv
                0x00000000      0x14c util/Timer.o
 .text._ZN10helicopter4util5Timer11hasTimedoutEv
                0x00000000       0x34 util/Timer.o
 .text._ZN10helicopter4util5Timer9stopTimerEv
                0x00000000       0x22 util/Timer.o
 .text          0x00000000        0x0 c:/program files (x86)/atmel/atmel toolchain/avr8 gcc/native/3.4.2.1002/avr8-gnu-toolchain/bin/../lib/gcc/avr/4.7.2/../../../../avr/lib/avr6\libm.a(addsf3.o)
 .bss           0x00000000        0x0 c:/program files (x86)/atmel/atmel toolchain/avr8 gcc/native/3.4.2.1002/avr8-gnu-toolchain/bin/../lib/gcc/avr/4.7.2/../../../../avr/lib/avr6\libm.a(addsf3.o)
 .text.avr-libc.fplib
                0x00000000        0xa c:/program files (x86)/atmel/atmel toolchain/avr8 gcc/native/3.4.2.1002/avr8-gnu-toolchain/bin/../lib/gcc/avr/4.7.2/../../../../avr/lib/avr6\libm.a(addsf3.o)
 .text          0x00000000        0x0 c:/program files (x86)/atmel/atmel toolchain/avr8 gcc/native/3.4.2.1002/avr8-gnu-toolchain/bin/../lib/gcc/avr/4.7.2/../../../../avr/lib/avr6\libm.a(addsf3x.o)
 .bss           0x00000000        0x0 c:/program files (x86)/atmel/atmel toolchain/avr8 gcc/native/3.4.2.1002/avr8-gnu-toolchain/bin/../lib/gcc/avr/4.7.2/../../../../avr/lib/avr6\libm.a(addsf3x.o)
 .text.avr-libc.fplib
                0x00000000       0xc0 c:/program files (x86)/atmel/atmel toolchain/avr8 gcc/native/3.4.2.1002/avr8-gnu-toolchain/bin/../lib/gcc/avr/4.7.2/../../../../avr/lib/avr6\libm.a(addsf3x.o)
 .text          0x00000000        0x0 c:/program files (x86)/atmel/atmel toolchain/avr8 gcc/native/3.4.2.1002/avr8-gnu-toolchain/bin/../lib/gcc/avr/4.7.2/../../../../avr/lib/avr6\libm.a(fixunssfsi.o)
 .bss           0x00000000        0x0 c:/program files (x86)/atmel/atmel toolchain/avr8 gcc/native/3.4.2.1002/avr8-gnu-toolchain/bin/../lib/gcc/avr/4.7.2/../../../../avr/lib/avr6\libm.a(fixunssfsi.o)
 .text          0x00000000        0x0 c:/program files (x86)/atmel/atmel toolchain/avr8 gcc/native/3.4.2.1002/avr8-gnu-toolchain/bin/../lib/gcc/avr/4.7.2/../../../../avr/lib/avr6\libm.a(floatsisf.o)
 .bss           0x00000000        0x0 c:/program files (x86)/atmel/atmel toolchain/avr8 gcc/native/3.4.2.1002/avr8-gnu-toolchain/bin/../lib/gcc/avr/4.7.2/../../../../avr/lib/avr6\libm.a(floatsisf.o)
 .text          0x00000000        0x0 c:/program files (x86)/atmel/atmel toolchain/avr8 gcc/native/3.4.2.1002/avr8-gnu-toolchain/bin/../lib/gcc/avr/4.7.2/../../../../avr/lib/avr6\libm.a(floor.o)
 .bss           0x00000000        0x0 c:/program files (x86)/atmel/atmel toolchain/avr8 gcc/native/3.4.2.1002/avr8-gnu-toolchain/bin/../lib/gcc/avr/4.7.2/../../../../avr/lib/avr6\libm.a(floor.o)
 .text          0x00000000        0x0 c:/program files (x86)/atmel/atmel toolchain/avr8 gcc/native/3.4.2.1002/avr8-gnu-toolchain/bin/../lib/gcc/avr/4.7.2/../../../../avr/lib/avr6\libm.a(fp_inf.o)
 .bss           0x00000000        0x0 c:/program files (x86)/atmel/atmel toolchain/avr8 gcc/native/3.4.2.1002/avr8-gnu-toolchain/bin/../lib/gcc/avr/4.7.2/../../../../avr/lib/avr6\libm.a(fp_inf.o)
 .text.avr-libc.fplib
                0x00000000        0xc c:/program files (x86)/atmel/atmel toolchain/avr8 gcc/native/3.4.2.1002/avr8-gnu-toolchain/bin/../lib/gcc/avr/4.7.2/../../../../avr/lib/avr6\libm.a(fp_inf.o)
 .text          0x00000000        0x0 c:/program files (x86)/atmel/atmel toolchain/avr8 gcc/native/3.4.2.1002/avr8-gnu-toolchain/bin/../lib/gcc/avr/4.7.2/../../../../avr/lib/avr6\libm.a(fp_mintl.o)
 .bss           0x00000000        0x0 c:/program files (x86)/atmel/atmel toolchain/avr8 gcc/native/3.4.2.1002/avr8-gnu-toolchain/bin/../lib/gcc/avr/4.7.2/../../../../avr/lib/avr6\libm.a(fp_mintl.o)
 .text          0x00000000        0x0 c:/program files (x86)/atmel/atmel toolchain/avr8 gcc/native/3.4.2.1002/avr8-gnu-toolchain/bin/../lib/gcc/avr/4.7.2/../../../../avr/lib/avr6\libm.a(fp_mpack.o)
 .bss           0x00000000        0x0 c:/program files (x86)/atmel/atmel toolchain/avr8 gcc/native/3.4.2.1002/avr8-gnu-toolchain/bin/../lib/gcc/avr/4.7.2/../../../../avr/lib/avr6\libm.a(fp_mpack.o)
 .text          0x00000000        0x0 c:/program files (x86)/atmel/atmel toolchain/avr8 gcc/native/3.4.2.1002/avr8-gnu-toolchain/bin/../lib/gcc/avr/4.7.2/../../../../avr/lib/avr6\libm.a(fp_nan.o)
 .bss           0x00000000        0x0 c:/program files (x86)/atmel/atmel toolchain/avr8 gcc/native/3.4.2.1002/avr8-gnu-toolchain/bin/../lib/gcc/avr/4.7.2/../../../../avr/lib/avr6\libm.a(fp_nan.o)
 .text.avr-libc.fplib
                0x00000000        0x6 c:/program files (x86)/atmel/atmel toolchain/avr8 gcc/native/3.4.2.1002/avr8-gnu-toolchain/bin/../lib/gcc/avr/4.7.2/../../../../avr/lib/avr6\libm.a(fp_nan.o)
 .text          0x00000000        0x0 c:/program files (x86)/atmel/atmel toolchain/avr8 gcc/native/3.4.2.1002/avr8-gnu-toolchain/bin/../lib/gcc/avr/4.7.2/../../../../avr/lib/avr6\libm.a(fp_pscA.o)
 .bss           0x00000000        0x0 c:/program files (x86)/atmel/atmel toolchain/avr8 gcc/native/3.4.2.1002/avr8-gnu-toolchain/bin/../lib/gcc/avr/4.7.2/../../../../avr/lib/avr6\libm.a(fp_pscA.o)
 .text.avr-libc.fplib
                0x00000000        0xe c:/program files (x86)/atmel/atmel toolchain/avr8 gcc/native/3.4.2.1002/avr8-gnu-toolchain/bin/../lib/gcc/avr/4.7.2/../../../../avr/lib/avr6\libm.a(fp_pscA.o)
 .text          0x00000000        0x0 c:/program files (x86)/atmel/atmel toolchain/avr8 gcc/native/3.4.2.1002/avr8-gnu-toolchain/bin/../lib/gcc/avr/4.7.2/../../../../avr/lib/avr6\libm.a(fp_pscB.o)
 .bss           0x00000000        0x0 c:/program files (x86)/atmel/atmel toolchain/avr8 gcc/native/3.4.2.1002/avr8-gnu-toolchain/bin/../lib/gcc/avr/4.7.2/../../../../avr/lib/avr6\libm.a(fp_pscB.o)
 .text.avr-libc.fplib
                0x00000000        0xe c:/program files (x86)/atmel/atmel toolchain/avr8 gcc/native/3.4.2.1002/avr8-gnu-toolchain/bin/../lib/gcc/avr/4.7.2/../../../../avr/lib/avr6\libm.a(fp_pscB.o)
 .text          0x00000000        0x0 c:/program files (x86)/atmel/atmel toolchain/avr8 gcc/native/3.4.2.1002/avr8-gnu-toolchain/bin/../lib/gcc/avr/4.7.2/../../../../avr/lib/avr6\libm.a(fp_round.o)
 .bss           0x00000000        0x0 c:/program files (x86)/atmel/atmel toolchain/avr8 gcc/native/3.4.2.1002/avr8-gnu-toolchain/bin/../lib/gcc/avr/4.7.2/../../../../avr/lib/avr6\libm.a(fp_round.o)
 .text.avr-libc.fplib
                0x00000000       0x22 c:/program files (x86)/atmel/atmel toolchain/avr8 gcc/native/3.4.2.1002/avr8-gnu-toolchain/bin/../lib/gcc/avr/4.7.2/../../../../avr/lib/avr6\libm.a(fp_round.o)
 .text          0x00000000        0x0 c:/program files (x86)/atmel/atmel toolchain/avr8 gcc/native/3.4.2.1002/avr8-gnu-toolchain/bin/../lib/gcc/avr/4.7.2/../../../../avr/lib/avr6\libm.a(fp_split3.o)
 .bss           0x00000000        0x0 c:/program files (x86)/atmel/atmel toolchain/avr8 gcc/native/3.4.2.1002/avr8-gnu-toolchain/bin/../lib/gcc/avr/4.7.2/../../../../avr/lib/avr6\libm.a(fp_split3.o)
 .text          0x00000000        0x0 c:/program files (x86)/atmel/atmel toolchain/avr8 gcc/native/3.4.2.1002/avr8-gnu-toolchain/bin/../lib/gcc/avr/4.7.2/../../../../avr/lib/avr6\libm.a(fp_trunc.o)
 .bss           0x00000000        0x0 c:/program files (x86)/atmel/atmel toolchain/avr8 gcc/native/3.4.2.1002/avr8-gnu-toolchain/bin/../lib/gcc/avr/4.7.2/../../../../avr/lib/avr6\libm.a(fp_trunc.o)
 .text          0x00000000        0x0 c:/program files (x86)/atmel/atmel toolchain/avr8 gcc/native/3.4.2.1002/avr8-gnu-toolchain/bin/../lib/gcc/avr/4.7.2/../../../../avr/lib/avr6\libm.a(fp_zero.o)
 .bss           0x00000000        0x0 c:/program files (x86)/atmel/atmel toolchain/avr8 gcc/native/3.4.2.1002/avr8-gnu-toolchain/bin/../lib/gcc/avr/4.7.2/../../../../avr/lib/avr6\libm.a(fp_zero.o)
 .text          0x00000000        0x0 c:/program files (x86)/atmel/atmel toolchain/avr8 gcc/native/3.4.2.1002/avr8-gnu-toolchain/bin/../lib/gcc/avr/4.7.2/../../../../avr/lib/avr6\libm.a(mulsf3.o)
 .bss           0x00000000        0x0 c:/program files (x86)/atmel/atmel toolchain/avr8 gcc/native/3.4.2.1002/avr8-gnu-toolchain/bin/../lib/gcc/avr/4.7.2/../../../../avr/lib/avr6\libm.a(mulsf3.o)
 .text.avr-libc.fplib
                0x00000000        0x4 c:/program files (x86)/atmel/atmel toolchain/avr8 gcc/native/3.4.2.1002/avr8-gnu-toolchain/bin/../lib/gcc/avr/4.7.2/../../../../avr/lib/avr6\libm.a(mulsf3.o)
 .text          0x00000000        0x0 c:/program files (x86)/atmel/atmel toolchain/avr8 gcc/native/3.4.2.1002/avr8-gnu-toolchain/bin/../lib/gcc/avr/4.7.2/../../../../avr/lib/avr6\libm.a(mulsf3x.o)
 .bss           0x00000000        0x0 c:/program files (x86)/atmel/atmel toolchain/avr8 gcc/native/3.4.2.1002/avr8-gnu-toolchain/bin/../lib/gcc/avr/4.7.2/../../../../avr/lib/avr6\libm.a(mulsf3x.o)
 .text.avr-libc.fplib
                0x00000000       0xc2 c:/program files (x86)/atmel/atmel toolchain/avr8 gcc/native/3.4.2.1002/avr8-gnu-toolchain/bin/../lib/gcc/avr/4.7.2/../../../../avr/lib/avr6\libm.a(mulsf3x.o)
 .text          0x00000000        0x0 c:/program files (x86)/atmel/atmel toolchain/avr8 gcc/native/3.4.2.1002/avr8-gnu-toolchain/bin/../lib/gcc/avr/4.7.2/avr6\libgcc.a(_divmodhi4.o)
 .bss           0x00000000        0x0 c:/program files (x86)/atmel/atmel toolchain/avr8 gcc/native/3.4.2.1002/avr8-gnu-toolchain/bin/../lib/gcc/avr/4.7.2/avr6\libgcc.a(_divmodhi4.o)
 .text.libgcc.mul
                0x00000000        0x0 c:/program files (x86)/atmel/atmel toolchain/avr8 gcc/native/3.4.2.1002/avr8-gnu-toolchain/bin/../lib/gcc/avr/4.7.2/avr6\libgcc.a(_divmodhi4.o)
 .text.libgcc.div
                0x00000000       0x28 c:/program files (x86)/atmel/atmel toolchain/avr8 gcc/native/3.4.2.1002/avr8-gnu-toolchain/bin/../lib/gcc/avr/4.7.2/avr6\libgcc.a(_divmodhi4.o)
 .text.libgcc   0x00000000        0x0 c:/program files (x86)/atmel/atmel toolchain/avr8 gcc/native/3.4.2.1002/avr8-gnu-toolchain/bin/../lib/gcc/avr/4.7.2/avr6\libgcc.a(_divmodhi4.o)
 .text.libgcc.prologue
                0x00000000        0x0 c:/program files (x86)/atmel/atmel toolchain/avr8 gcc/native/3.4.2.1002/avr8-gnu-toolchain/bin/../lib/gcc/avr/4.7.2/avr6\libgcc.a(_divmodhi4.o)
 .text.libgcc.builtins
                0x00000000        0x0 c:/program files (x86)/atmel/atmel toolchain/avr8 gcc/native/3.4.2.1002/avr8-gnu-toolchain/bin/../lib/gcc/avr/4.7.2/avr6\libgcc.a(_divmodhi4.o)
 .text.libgcc.fmul
                0x00000000        0x0 c:/program files (x86)/atmel/atmel toolchain/avr8 gcc/native/3.4.2.1002/avr8-gnu-toolchain/bin/../lib/gcc/avr/4.7.2/avr6\libgcc.a(_divmodhi4.o)
 .text          0x00000000        0x0 c:/program files (x86)/atmel/atmel toolchain/avr8 gcc/native/3.4.2.1002/avr8-gnu-toolchain/bin/../lib/gcc/avr/4.7.2/avr6\libgcc.a(_udivmodsi4.o)
 .bss           0x00000000        0x0 c:/program files (x86)/atmel/atmel toolchain/avr8 gcc/native/3.4.2.1002/avr8-gnu-toolchain/bin/../lib/gcc/avr/4.7.2/avr6\libgcc.a(_udivmodsi4.o)
 .text.libgcc.mul
                0x00000000        0x0 c:/program files (x86)/atmel/atmel toolchain/avr8 gcc/native/3.4.2.1002/avr8-gnu-toolchain/bin/../lib/gcc/avr/4.7.2/avr6\libgcc.a(_udivmodsi4.o)
 .text.libgcc   0x00000000        0x0 c:/program files (x86)/atmel/atmel toolchain/avr8 gcc/native/3.4.2.1002/avr8-gnu-toolchain/bin/../lib/gcc/avr/4.7.2/avr6\libgcc.a(_udivmodsi4.o)
 .text.libgcc.prologue
                0x00000000        0x0 c:/program files (x86)/atmel/atmel toolchain/avr8 gcc/native/3.4.2.1002/avr8-gnu-toolchain/bin/../lib/gcc/avr/4.7.2/avr6\libgcc.a(_udivmodsi4.o)
 .text.libgcc.builtins
                0x00000000        0x0 c:/program files (x86)/atmel/atmel toolchain/avr8 gcc/native/3.4.2.1002/avr8-gnu-toolchain/bin/../lib/gcc/avr/4.7.2/avr6\libgcc.a(_udivmodsi4.o)
 .text.libgcc.fmul
                0x00000000        0x0 c:/program files (x86)/atmel/atmel toolchain/avr8 gcc/native/3.4.2.1002/avr8-gnu-toolchain/bin/../lib/gcc/avr/4.7.2/avr6\libgcc.a(_udivmodsi4.o)
 .text          0x00000000        0x0 c:/program files (x86)/atmel/atmel toolchain/avr8 gcc/native/3.4.2.1002/avr8-gnu-toolchain/bin/../lib/gcc/avr/4.7.2/avr6\libgcc.a(_exit.o)
 .bss           0x00000000        0x0 c:/program files (x86)/atmel/atmel toolchain/avr8 gcc/native/3.4.2.1002/avr8-gnu-toolchain/bin/../lib/gcc/avr/4.7.2/avr6\libgcc.a(_exit.o)
 .text.libgcc.mul
                0x00000000        0x0 c:/program files (x86)/atmel/atmel toolchain/avr8 gcc/native/3.4.2.1002/avr8-gnu-toolchain/bin/../lib/gcc/avr/4.7.2/avr6\libgcc.a(_exit.o)
 .text.libgcc.div
                0x00000000        0x0 c:/program files (x86)/atmel/atmel toolchain/avr8 gcc/native/3.4.2.1002/avr8-gnu-toolchain/bin/../lib/gcc/avr/4.7.2/avr6\libgcc.a(_exit.o)
 .text.libgcc   0x00000000        0x0 c:/program files (x86)/atmel/atmel toolchain/avr8 gcc/native/3.4.2.1002/avr8-gnu-toolchain/bin/../lib/gcc/avr/4.7.2/avr6\libgcc.a(_exit.o)
 .text.libgcc.prologue
                0x00000000        0x0 c:/program files (x86)/atmel/atmel toolchain/avr8 gcc/native/3.4.2.1002/avr8-gnu-toolchain/bin/../lib/gcc/avr/4.7.2/avr6\libgcc.a(_exit.o)
 .text.libgcc.builtins
                0x00000000        0x0 c:/program files (x86)/atmel/atmel toolchain/avr8 gcc/native/3.4.2.1002/avr8-gnu-toolchain/bin/../lib/gcc/avr/4.7.2/avr6\libgcc.a(_exit.o)
 .text.libgcc.fmul
                0x00000000        0x0 c:/program files (x86)/atmel/atmel toolchain/avr8 gcc/native/3.4.2.1002/avr8-gnu-toolchain/bin/../lib/gcc/avr/4.7.2/avr6\libgcc.a(_exit.o)
 .text          0x00000000        0x0 c:/program files (x86)/atmel/atmel toolchain/avr8 gcc/native/3.4.2.1002/avr8-gnu-toolchain/bin/../lib/gcc/avr/4.7.2/avr6\libgcc.a(_copy_data.o)
 .bss           0x00000000        0x0 c:/program files (x86)/atmel/atmel toolchain/avr8 gcc/native/3.4.2.1002/avr8-gnu-toolchain/bin/../lib/gcc/avr/4.7.2/avr6\libgcc.a(_copy_data.o)
 .text.libgcc.mul
                0x00000000        0x0 c:/program files (x86)/atmel/atmel toolchain/avr8 gcc/native/3.4.2.1002/avr8-gnu-toolchain/bin/../lib/gcc/avr/4.7.2/avr6\libgcc.a(_copy_data.o)
 .text.libgcc.div
                0x00000000        0x0 c:/program files (x86)/atmel/atmel toolchain/avr8 gcc/native/3.4.2.1002/avr8-gnu-toolchain/bin/../lib/gcc/avr/4.7.2/avr6\libgcc.a(_copy_data.o)
 .text.libgcc   0x00000000        0x0 c:/program files (x86)/atmel/atmel toolchain/avr8 gcc/native/3.4.2.1002/avr8-gnu-toolchain/bin/../lib/gcc/avr/4.7.2/avr6\libgcc.a(_copy_data.o)
 .text.libgcc.prologue
                0x00000000        0x0 c:/program files (x86)/atmel/atmel toolchain/avr8 gcc/native/3.4.2.1002/avr8-gnu-toolchain/bin/../lib/gcc/avr/4.7.2/avr6\libgcc.a(_copy_data.o)
 .text.libgcc.builtins
                0x00000000        0x0 c:/program files (x86)/atmel/atmel toolchain/avr8 gcc/native/3.4.2.1002/avr8-gnu-toolchain/bin/../lib/gcc/avr/4.7.2/avr6\libgcc.a(_copy_data.o)
 .text.libgcc.fmul
                0x00000000        0x0 c:/program files (x86)/atmel/atmel toolchain/avr8 gcc/native/3.4.2.1002/avr8-gnu-toolchain/bin/../lib/gcc/avr/4.7.2/avr6\libgcc.a(_copy_data.o)
 .text          0x00000000        0x0 c:/program files (x86)/atmel/atmel toolchain/avr8 gcc/native/3.4.2.1002/avr8-gnu-toolchain/bin/../lib/gcc/avr/4.7.2/avr6\libgcc.a(_clear_bss.o)
 .bss           0x00000000        0x0 c:/program files (x86)/atmel/atmel toolchain/avr8 gcc/native/3.4.2.1002/avr8-gnu-toolchain/bin/../lib/gcc/avr/4.7.2/avr6\libgcc.a(_clear_bss.o)
 .text.libgcc.mul
                0x00000000        0x0 c:/program files (x86)/atmel/atmel toolchain/avr8 gcc/native/3.4.2.1002/avr8-gnu-toolchain/bin/../lib/gcc/avr/4.7.2/avr6\libgcc.a(_clear_bss.o)
 .text.libgcc.div
                0x00000000        0x0 c:/program files (x86)/atmel/atmel toolchain/avr8 gcc/native/3.4.2.1002/avr8-gnu-toolchain/bin/../lib/gcc/avr/4.7.2/avr6\libgcc.a(_clear_bss.o)
 .text.libgcc   0x00000000        0x0 c:/program files (x86)/atmel/atmel toolchain/avr8 gcc/native/3.4.2.1002/avr8-gnu-toolchain/bin/../lib/gcc/avr/4.7.2/avr6\libgcc.a(_clear_bss.o)
 .text.libgcc.prologue
                0x00000000        0x0 c:/program files (x86)/atmel/atmel toolchain/avr8 gcc/native/3.4.2.1002/avr8-gnu-toolchain/bin/../lib/gcc/avr/4.7.2/avr6\libgcc.a(_clear_bss.o)
 .text.libgcc.builtins
                0x00000000        0x0 c:/program files (x86)/atmel/atmel toolchain/avr8 gcc/native/3.4.2.1002/avr8-gnu-toolchain/bin/../lib/gcc/avr/4.7.2/avr6\libgcc.a(_clear_bss.o)
 .text.libgcc.fmul
                0x00000000        0x0 c:/program files (x86)/atmel/atmel toolchain/avr8 gcc/native/3.4.2.1002/avr8-gnu-toolchain/bin/../lib/gcc/avr/4.7.2/avr6\libgcc.a(_clear_bss.o)
 .text          0x00000000        0x0 c:/program files (x86)/atmel/atmel toolchain/avr8 gcc/native/3.4.2.1002/avr8-gnu-toolchain/bin/../lib/gcc/avr/4.7.2/avr6\libgcc.a(_udivmodhi4.o)
 .bss           0x00000000        0x0 c:/program files (x86)/atmel/atmel toolchain/avr8 gcc/native/3.4.2.1002/avr8-gnu-toolchain/bin/../lib/gcc/avr/4.7.2/avr6\libgcc.a(_udivmodhi4.o)
 .text.libgcc.mul
                0x00000000        0x0 c:/program files (x86)/atmel/atmel toolchain/avr8 gcc/native/3.4.2.1002/avr8-gnu-toolchain/bin/../lib/gcc/avr/4.7.2/avr6\libgcc.a(_udivmodhi4.o)
 .text.libgcc.div
                0x00000000       0x28 c:/program files (x86)/atmel/atmel toolchain/avr8 gcc/native/3.4.2.1002/avr8-gnu-toolchain/bin/../lib/gcc/avr/4.7.2/avr6\libgcc.a(_udivmodhi4.o)
 .text.libgcc   0x00000000        0x0 c:/program files (x86)/atmel/atmel toolchain/avr8 gcc/native/3.4.2.1002/avr8-gnu-toolchain/bin/../lib/gcc/avr/4.7.2/avr6\libgcc.a(_udivmodhi4.o)
 .text.libgcc.prologue
                0x00000000        0x0 c:/program files (x86)/atmel/atmel toolchain/avr8 gcc/native/3.4.2.1002/avr8-gnu-toolchain/bin/../lib/gcc/avr/4.7.2/avr6\libgcc.a(_udivmodhi4.o)
 .text.libgcc.builtins
                0x00000000        0x0 c:/program files (x86)/atmel/atmel toolchain/avr8 gcc/native/3.4.2.1002/avr8-gnu-toolchain/bin/../lib/gcc/avr/4.7.2/avr6\libgcc.a(_udivmodhi4.o)
 .text.libgcc.fmul
                0x00000000        0x0 c:/program files (x86)/atmel/atmel toolchain/avr8 gcc/native/3.4.2.1002/avr8-gnu-toolchain/bin/../lib/gcc/avr/4.7.2/avr6\libgcc.a(_udivmodhi4.o)
 .text          0x00000000        0x0 c:/program files (x86)/atmel/atmel toolchain/avr8 gcc/native/3.4.2.1002/avr8-gnu-toolchain/bin/../lib/gcc/avr/4.7.2/../../../../avr/lib/avr6\libc.a(malloc.o)
 .bss           0x00000000        0x0 c:/program files (x86)/atmel/atmel toolchain/avr8 gcc/native/3.4.2.1002/avr8-gnu-toolchain/bin/../lib/gcc/avr/4.7.2/../../../../avr/lib/avr6\libc.a(malloc.o)
 .text          0x00000000        0x0 c:/program files (x86)/atmel/atmel toolchain/avr8 gcc/native/3.4.2.1002/avr8-gnu-toolchain/bin/../lib/gcc/avr/4.7.2/../../../../avr/lib/avr6\libc.a(memcpy.o)
 .bss           0x00000000        0x0 c:/program files (x86)/atmel/atmel toolchain/avr8 gcc/native/3.4.2.1002/avr8-gnu-toolchain/bin/../lib/gcc/avr/4.7.2/../../../../avr/lib/avr6\libc.a(memcpy.o)

Memory Configuration

Name             Origin             Length             Attributes
text             0x00000000         0x00100000         xr
data             0x00800200         0x0000fe00         rw !x
eeprom           0x00810000         0x00010000         rw !x
fuse             0x00820000         0x00000400         rw !x
lock             0x00830000         0x00000400         rw !x
signature        0x00840000         0x00000400         rw !x
user_signatures  0x00850000         0x00000400         rw !x
*default*        0x00000000         0xffffffff

Linker script and memory map

Address of section .data set to 0x800200
LOAD c:/program files (x86)/atmel/atmel toolchain/avr8 gcc/native/3.4.2.1002/avr8-gnu-toolchain/bin/../lib/gcc/avr/4.7.2/../../../../avr/lib/avr6/crtm2560.o
LOAD buffer/Buffer.o
LOAD buffer/Record.o
LOAD drivers/MagnetometerDriver.o
LOAD drivers/SerialDriver.o
LOAD Helicopter.o
LOAD interfaces/RadioInterface.o
LOAD messages/SystemTelemetryMessage.o
LOAD model/SystemModel.o
LOAD scheduler/Scheduler.o
LOAD sensors/MagnetometerSensor.o
LOAD tasks/misctasks/SimTelemetryTask.o
LOAD tasks/Task.o
LOAD tasks/TransmitTelemetryTask.o
LOAD util/common/commonheader.o
LOAD util/Timer.o
START GROUP
LOAD c:/program files (x86)/atmel/atmel toolchain/avr8 gcc/native/3.4.2.1002/avr8-gnu-toolchain/bin/../lib/gcc/avr/4.7.2/../../../../avr/lib/avr6\libm.a
END GROUP
LOAD c:/program files (x86)/atmel/atmel toolchain/avr8 gcc/native/3.4.2.1002/avr8-gnu-toolchain/bin/../lib/gcc/avr/4.7.2/avr6\libgcc.a
LOAD c:/program files (x86)/atmel/atmel toolchain/avr8 gcc/native/3.4.2.1002/avr8-gnu-toolchain/bin/../lib/gcc/avr/4.7.2/../../../../avr/lib/avr6\libm.a
LOAD c:/program files (x86)/atmel/atmel toolchain/avr8 gcc/native/3.4.2.1002/avr8-gnu-toolchain/bin/../lib/gcc/avr/4.7.2/avr6\libgcc.a
LOAD c:/program files (x86)/atmel/atmel toolchain/avr8 gcc/native/3.4.2.1002/avr8-gnu-toolchain/bin/../lib/gcc/avr/4.7.2/../../../../avr/lib/avr6\libc.a
LOAD c:/program files (x86)/atmel/atmel toolchain/avr8 gcc/native/3.4.2.1002/avr8-gnu-toolchain/bin/../lib/gcc/avr/4.7.2/avr6\libgcc.a

.hash
 *(.hash)

.dynsym
 *(.dynsym)

.dynstr
 *(.dynstr)

.gnu.version
 *(.gnu.version)

.gnu.version_d
 *(.gnu.version_d)

.gnu.version_r
 *(.gnu.version_r)

.rel.init
 *(.rel.init)

.rela.init
 *(.rela.init)

.rel.text
 *(.rel.text)
 *(.rel.text.*)
 *(.rel.gnu.linkonce.t*)

.rela.text
 *(.rela.text)
 *(.rela.text.*)
 *(.rela.gnu.linkonce.t*)

.rel.fini
 *(.rel.fini)

.rela.fini
 *(.rela.fini)

.rel.rodata
 *(.rel.rodata)
 *(.rel.rodata.*)
 *(.rel.gnu.linkonce.r*)

.rela.rodata
 *(.rela.rodata)
 *(.rela.rodata.*)
 *(.rela.gnu.linkonce.r*)

.rel.data
 *(.rel.data)
 *(.rel.data.*)
 *(.rel.gnu.linkonce.d*)

.rela.data
 *(.rela.data)
 *(.rela.data.*)
 *(.rela.gnu.linkonce.d*)

.rel.ctors
 *(.rel.ctors)

.rela.ctors
 *(.rela.ctors)

.rel.dtors
 *(.rel.dtors)

.rela.dtors
 *(.rela.dtors)

.rel.got
 *(.rel.got)

.rela.got
 *(.rela.got)

.rel.bss
 *(.rel.bss)

.rela.bss
 *(.rela.bss)

.rel.plt
 *(.rel.plt)

.rela.plt
 *(.rela.plt)

.text           0x00000000     0x1e7e
 *(.vectors)
 .vectors       0x00000000       0xe4 c:/program files (x86)/atmel/atmel toolchain/avr8 gcc/native/3.4.2.1002/avr8-gnu-toolchain/bin/../lib/gcc/avr/4.7.2/../../../../avr/lib/avr6/crtm2560.o
                0x00000000                __vector_default
                0x00000000                __vectors
 *(.vectors)
 *(.progmem.gcc*)
 *(.progmem*)
                0x000000e4                . = ALIGN (0x2)
                0x000000e4                __trampolines_start = .
 *(.trampolines)
 .trampolines   0x000000e4       0x30 linker stubs
 *(.trampolines*)
                0x00000114                __trampolines_end = .
 *(.jumptables)
 *(.jumptables*)
 *(.lowtext)
 *(.lowtext*)
                0x00000114                __ctors_start = .
 *(.ctors)
                0x00000114                __ctors_end = .
                0x00000114                __dtors_start = .
 *(.dtors)
                0x00000114                __dtors_end = .
 SORT(*)(.ctors)
 SORT(*)(.dtors)
 *(.init0)
 .init0         0x00000114        0x0 c:/program files (x86)/atmel/atmel toolchain/avr8 gcc/native/3.4.2.1002/avr8-gnu-toolchain/bin/../lib/gcc/avr/4.7.2/../../../../avr/lib/avr6/crtm2560.o
                0x00000114                __init
 *(.init0)
 *(.init1)
 *(.init1)
 *(.init2)
 .init2         0x00000114       0x10 c:/program files (x86)/atmel/atmel toolchain/avr8 gcc/native/3.4.2.1002/avr8-gnu-toolchain/bin/../lib/gcc/avr/4.7.2/../../../../avr/lib/avr6/crtm2560.o
 *(.init2)
 *(.init3)
 *(.init3)
 *(.init4)
 .init4         0x00000124       0x1a c:/program files (x86)/atmel/atmel toolchain/avr8 gcc/native/3.4.2.1002/avr8-gnu-toolchain/bin/../lib/gcc/avr/4.7.2/avr6\libgcc.a(_copy_data.o)
                0x00000124                __do_copy_data
 .init4         0x0000013e       0x10 c:/program files (x86)/atmel/atmel toolchain/avr8 gcc/native/3.4.2.1002/avr8-gnu-toolchain/bin/../lib/gcc/avr/4.7.2/avr6\libgcc.a(_clear_bss.o)
                0x0000013e                __do_clear_bss
 *(.init4)
 *(.init5)
 *(.init5)
 *(.init6)
 *(.init6)
 *(.init7)
 *(.init7)
 *(.init8)
 *(.init8)
 *(.init9)
 .init9         0x0000014e        0x8 c:/program files (x86)/atmel/atmel toolchain/avr8 gcc/native/3.4.2.1002/avr8-gnu-toolchain/bin/../lib/gcc/avr/4.7.2/../../../../avr/lib/avr6/crtm2560.o
 *(.init9)
 *(.text)
 .text          0x00000156        0x4 c:/program files (x86)/atmel/atmel toolchain/avr8 gcc/native/3.4.2.1002/avr8-gnu-toolchain/bin/../lib/gcc/avr/4.7.2/../../../../avr/lib/avr6/crtm2560.o
                0x00000156                __vector_38
                0x00000156                __vector_22
                0x00000156                __vector_28
                0x00000156                __vector_1
                0x00000156                __vector_32
                0x00000156                __vector_34
                0x00000156                __vector_24
                0x00000156                __vector_12
                0x00000156                __vector_55
                0x00000156                __vector_46
                0x00000156                __bad_interrupt
                0x00000156                __vector_6
                0x00000156                __vector_31
                0x00000156                __vector_35
                0x00000156                __vector_39
                0x00000156                __vector_3
                0x00000156                __vector_23
                0x00000156                __vector_30
                0x00000156                __vector_45
                0x00000156                __vector_25
                0x00000156                __vector_11
                0x00000156                __vector_54
                0x00000156                __vector_13
                0x00000156                __vector_19
                0x00000156                __vector_56
                0x00000156                __vector_7
                0x00000156                __vector_49
                0x00000156                __vector_41
                0x00000156                __vector_43
                0x00000156                __vector_27
                0x00000156                __vector_5
                0x00000156                __vector_33
                0x00000156                __vector_47
                0x00000156                __vector_52
                0x00000156                __vector_37
                0x00000156                __vector_4
                0x00000156                __vector_44
                0x00000156                __vector_51
                0x00000156                __vector_9
                0x00000156                __vector_2
                0x00000156                __vector_21
                0x00000156                __vector_15
                0x00000156                __vector_36
                0x00000156                __vector_29
                0x00000156                __vector_40
                0x00000156                __vector_8
                0x00000156                __vector_26
                0x00000156                __vector_48
                0x00000156                __vector_14
                0x00000156                __vector_53
                0x00000156                __vector_10
                0x00000156                __vector_50
                0x00000156                __vector_16
                0x00000156                __vector_18
                0x00000156                __vector_20
                0x00000156                __vector_42
                0x0000015a                . = ALIGN (0x2)
 *(.text.*)
 .text._ZN10helicopter7drivers12SerialDriverD2Ev
                0x0000015a       0x3c drivers/SerialDriver.o
                0x0000015a                _ZN10helicopter7drivers12SerialDriverD1Ev
                0x0000015a                _ZN10helicopter7drivers12SerialDriverD2Ev
 .text._ZN10helicopter7drivers12SerialDriverD0Ev
                0x00000196       0x2a drivers/SerialDriver.o
                0x00000196                _ZN10helicopter7drivers12SerialDriverD0Ev
 .text._ZN10helicopter7drivers12SerialDriver10initializeEv
                0x000001c0      0x16c drivers/SerialDriver.o
                0x000001c0                _ZN10helicopter7drivers12SerialDriver10initializeEv
 .text._ZN10helicopter7drivers12SerialDriver12transmitByteEc
                0x0000032c       0x88 drivers/SerialDriver.o
                0x0000032c                _ZN10helicopter7drivers12SerialDriver12transmitByteEc
 .text._ZN10helicopter7drivers12SerialDriver11receiveByteERc
                0x000003b4       0x88 drivers/SerialDriver.o
                0x000003b4                _ZN10helicopter7drivers12SerialDriver11receiveByteERc
 .text._ZN10helicopter5tasks9misctasks12FlashLEDTaskC2Eiii
                0x0000043c       0x6c Helicopter.o
                0x0000043c                _ZN10helicopter5tasks9misctasks12FlashLEDTaskC2Eiii
                0x0000043c                _ZN10helicopter5tasks9misctasks12FlashLEDTaskC1Eiii
 .text._ZN10helicopter5tasks9misctasks12FlashLEDTask4initEv
                0x000004a8       0x48 Helicopter.o
                0x000004a8                _ZN10helicopter5tasks9misctasks12FlashLEDTask4initEv
 .text._ZN10helicopter5tasks9misctasks12FlashLEDTask11runTaskImplEv
                0x000004f0       0x98 Helicopter.o
                0x000004f0                _ZN10helicopter5tasks9misctasks12FlashLEDTask11runTaskImplEv
 .text._ZN10helicopter7drivers12SerialDriverC2EmNS1_8UartPortEbb
                0x00000588       0x82 Helicopter.o
                0x00000588                _ZN10helicopter7drivers12SerialDriverC1EmNS1_8UartPortEbb
                0x00000588                _ZN10helicopter7drivers12SerialDriverC2EmNS1_8UartPortEbb
 .text._ZN10helicopter10interfaces14RadioInterfaceC2EPNS_7drivers12SerialDriverE
                0x0000060a       0x30 Helicopter.o
                0x0000060a                _ZN10helicopter10interfaces14RadioInterfaceC1EPNS_7drivers12SerialDriverE
                0x0000060a                _ZN10helicopter10interfaces14RadioInterfaceC2EPNS_7drivers12SerialDriverE
 .text._ZN10helicopter5model11SystemModelC2Ev
                0x0000063a       0x38 Helicopter.o
                0x0000063a                _ZN10helicopter5model11SystemModelC1Ev
                0x0000063a                _ZN10helicopter5model11SystemModelC2Ev
 .text.main     0x00000672      0x144 Helicopter.o
                0x00000672                main
 .text._ZN10helicopter8messages22SystemTelemetryMessage14getMessageSizeEv
                0x000007b6       0x1e interfaces/RadioInterface.o
                0x000007b6                _ZN10helicopter8messages22SystemTelemetryMessage14getMessageSizeEv
 .text._ZN10helicopter10interfaces14RadioInterface17calculateChecksumEPciRcS3_
                0x000007d4       0xaa interfaces/RadioInterface.o
                0x000007d4                _ZN10helicopter10interfaces14RadioInterface17calculateChecksumEPciRcS3_
 .text._ZN10helicopter10interfaces14RadioInterface8transmitEPNS_8messages22SystemTelemetryMessageE
                0x0000087e      0x1a4 interfaces/RadioInterface.o
                0x0000087e                _ZN10helicopter10interfaces14RadioInterface8transmitEPNS_8messages22SystemTelemetryMessageE
 .text._ZN10helicopter10interfaces14RadioInterface7receiveERPNS_8messages22SystemTelemetryMessageE
                0x00000a22      0x240 interfaces/RadioInterface.o
                0x00000a22                _ZN10helicopter10interfaces14RadioInterface7receiveERPNS_8messages22SystemTelemetryMessageE
 .text._ZN10helicopter8messages22SystemTelemetryMessageC2Ev
                0x00000c62       0x42 messages/SystemTelemetryMessage.o
                0x00000c62                _ZN10helicopter8messages22SystemTelemetryMessageC2Ev
                0x00000c62                _ZN10helicopter8messages22SystemTelemetryMessageC1Ev
 .text._ZN10helicopter8messages22SystemTelemetryMessage8getBytesEv
                0x00000ca4       0xaa messages/SystemTelemetryMessage.o
                0x00000ca4                _ZN10helicopter8messages22SystemTelemetryMessage8getBytesEv
 .text._ZN10helicopter8messages22SystemTelemetryMessage12buildMessageEPc
                0x00000d4e       0x92 messages/SystemTelemetryMessage.o
                0x00000d4e                _ZN10helicopter8messages22SystemTelemetryMessage12buildMessageEPc
 .text._ZN10helicopter8messages22SystemTelemetryMessage14buildMessageStEPc
                0x00000de0       0x4c messages/SystemTelemetryMessage.o
                0x00000de0                _ZN10helicopter8messages22SystemTelemetryMessage14buildMessageStEPc
 .text._ZN10helicopter8messages22SystemTelemetryMessage4MagXEi
                0x00000e2c       0x30 model/SystemModel.o
                0x00000e2c                _ZN10helicopter8messages22SystemTelemetryMessage4MagXEi
 .text._ZN10helicopter8messages22SystemTelemetryMessage4MagYEi
                0x00000e5c       0x30 model/SystemModel.o
                0x00000e5c                _ZN10helicopter8messages22SystemTelemetryMessage4MagYEi
 .text._ZN10helicopter8messages22SystemTelemetryMessage4MagZEi
                0x00000e8c       0x30 model/SystemModel.o
                0x00000e8c                _ZN10helicopter8messages22SystemTelemetryMessage4MagZEi
 .text._ZNK10helicopter5model11SystemModel7RawMagXEv
                0x00000ebc       0x24 model/SystemModel.o
                0x00000ebc                _ZNK10helicopter5model11SystemModel7RawMagXEv
 .text._ZNK10helicopter5model11SystemModel7RawMagYEv
                0x00000ee0       0x24 model/SystemModel.o
                0x00000ee0                _ZNK10helicopter5model11SystemModel7RawMagYEv
 .text._ZNK10helicopter5model11SystemModel7RawMagZEv
                0x00000f04       0x24 model/SystemModel.o
                0x00000f04                _ZNK10helicopter5model11SystemModel7RawMagZEv
 .text._ZN10helicopter5model11SystemModel22CreateTelemetryMessageEv
                0x00000f28       0x7a model/SystemModel.o
                0x00000f28                _ZN10helicopter5model11SystemModel22CreateTelemetryMessageEv
 .text._ZN10helicopter5tasks4Task8getDelayEv
                0x00000fa2       0x24 scheduler/Scheduler.o
                0x00000fa2                _ZN10helicopter5tasks4Task8getDelayEv
 .text._ZN10helicopter5tasks4Task9getPeriodEv
                0x00000fc6       0x24 scheduler/Scheduler.o
                0x00000fc6                _ZN10helicopter5tasks4Task9getPeriodEv
 .text._ZN10helicopter5tasks4Task8setDelayEi
                0x00000fea       0x30 scheduler/Scheduler.o
                0x00000fea                _ZN10helicopter5tasks4Task8setDelayEi
 .text._ZN10helicopter5tasks4Task15getIsReadyToRunEv
                0x0000101a       0x22 scheduler/Scheduler.o
                0x0000101a                _ZN10helicopter5tasks4Task15getIsReadyToRunEv
 .text._ZN10helicopter5tasks4Task15setIsReadyToRunEb
                0x0000103c       0x26 scheduler/Scheduler.o
                0x0000103c                _ZN10helicopter5tasks4Task15setIsReadyToRunEb
 .text._ZN10helicopter5tasks4Task11reduceDelayEv
                0x00001062       0x34 scheduler/Scheduler.o
                0x00001062                _ZN10helicopter5tasks4Task11reduceDelayEv
 .text._ZN10helicopter9scheduler9Scheduler13getNumOfTasksEv
                0x00001096       0x24 scheduler/Scheduler.o
                0x00001096                _ZN10helicopter9scheduler9Scheduler13getNumOfTasksEv
 .text._ZN10helicopter9scheduler9Scheduler8getTasksEv
                0x000010ba       0x1e scheduler/Scheduler.o
                0x000010ba                _ZN10helicopter9scheduler9Scheduler8getTasksEv
 .text._ZN10helicopter9scheduler9Scheduler12getSchedulerEv
                0x000010d8       0x4a scheduler/Scheduler.o
                0x000010d8                _ZN10helicopter9scheduler9Scheduler12getSchedulerEv
 .text._ZN10helicopter9scheduler9SchedulerC2Ei9PRESCALER
                0x00001122       0x50 scheduler/Scheduler.o
                0x00001122                _ZN10helicopter9scheduler9SchedulerC2Ei9PRESCALER
                0x00001122                _ZN10helicopter9scheduler9SchedulerC1Ei9PRESCALER
 .text._ZN10helicopter9scheduler9Scheduler7addTaskEPNS_5tasks4TaskE
                0x00001172       0x76 scheduler/Scheduler.o
                0x00001172                _ZN10helicopter9scheduler9Scheduler7addTaskEPNS_5tasks4TaskE
 .text._ZN10helicopter9scheduler9Scheduler4initEv
                0x000011e8       0xc2 scheduler/Scheduler.o
                0x000011e8                _ZN10helicopter9scheduler9Scheduler4initEv
 .text._ZN10helicopter9scheduler9Scheduler8dispatchEv
                0x000012aa       0xde scheduler/Scheduler.o
                0x000012aa                _ZN10helicopter9scheduler9Scheduler8dispatchEv
 .text._ZN10helicopter9scheduler9Scheduler5startEv
                0x00001388       0xc6 scheduler/Scheduler.o
                0x00001388                _ZN10helicopter9scheduler9Scheduler5startEv
 .text.__vector_17
                0x0000144e      0x106 scheduler/Scheduler.o
                0x0000144e                __vector_17
 .text._ZN10helicopter5tasks4Task4initEv
                0x00001554       0x1a tasks/misctasks/SimTelemetryTask.o
                0x00001554                _ZN10helicopter5tasks4Task4initEv
 .text._ZN10helicopter8messages22SystemTelemetryMessageD2Ev
                0x0000156e       0x1a tasks/misctasks/SimTelemetryTask.o
                0x0000156e                _ZN10helicopter8messages22SystemTelemetryMessageD2Ev
                0x0000156e                _ZN10helicopter8messages22SystemTelemetryMessageD1Ev
 .text._ZNK10helicopter8messages22SystemTelemetryMessage4MagXEv
                0x00001588       0x24 tasks/misctasks/SimTelemetryTask.o
                0x00001588                _ZNK10helicopter8messages22SystemTelemetryMessage4MagXEv
 .text._ZNK10helicopter8messages22SystemTelemetryMessage4MagYEv
                0x000015ac       0x24 tasks/misctasks/SimTelemetryTask.o
                0x000015ac                _ZNK10helicopter8messages22SystemTelemetryMessage4MagYEv
 .text._ZNK10helicopter8messages22SystemTelemetryMessage4MagZEv
                0x000015d0       0x24 tasks/misctasks/SimTelemetryTask.o
                0x000015d0                _ZNK10helicopter8messages22SystemTelemetryMessage4MagZEv
 .text._ZN10helicopter5model11SystemModel7RawMagXEi
                0x000015f4       0x30 tasks/misctasks/SimTelemetryTask.o
                0x000015f4                _ZN10helicopter5model11SystemModel7RawMagXEi
 .text._ZN10helicopter5model11SystemModel7RawMagYEi
                0x00001624       0x30 tasks/misctasks/SimTelemetryTask.o
                0x00001624                _ZN10helicopter5model11SystemModel7RawMagYEi
 .text._ZN10helicopter5model11SystemModel7RawMagZEi
                0x00001654       0x30 tasks/misctasks/SimTelemetryTask.o
                0x00001654                _ZN10helicopter5model11SystemModel7RawMagZEi
 .text._ZN10helicopter5tasks9misctasks16SimTelemetryTaskC2EPNS_10interfaces14RadioInterfaceEPNS_5model11SystemModelEii
                0x00001684       0x7e tasks/misctasks/SimTelemetryTask.o
                0x00001684                _ZN10helicopter5tasks9misctasks16SimTelemetryTaskC1EPNS_10interfaces14RadioInterfaceEPNS_5model11SystemModelEii
                0x00001684                _ZN10helicopter5tasks9misctasks16SimTelemetryTaskC2EPNS_10interfaces14RadioInterfaceEPNS_5model11SystemModelEii
 .text._ZN10helicopter5tasks9misctasks16SimTelemetryTask11runTaskImplEv
                0x00001702       0xea tasks/misctasks/SimTelemetryTask.o
                0x00001702                _ZN10helicopter5tasks9misctasks16SimTelemetryTask11runTaskImplEv
 .text._ZN10helicopter5tasks4Task11runTaskImplEv
                0x000017ec       0x1a tasks/Task.o
                0x000017ec                _ZN10helicopter5tasks4Task11runTaskImplEv
 .text._ZN10helicopter5tasks4TaskC2Eii
                0x00001806       0x5c tasks/Task.o
                0x00001806                _ZN10helicopter5tasks4TaskC2Eii
                0x00001806                _ZN10helicopter5tasks4TaskC1Eii
 .text._ZN10helicopter5tasks4Task7runTaskEv
                0x00001862       0x36 tasks/Task.o
                0x00001862                _ZN10helicopter5tasks4Task7runTaskEv
 .text._ZN10helicopter5tasks21TransmitTelemetryTaskC2EPNS_10interfaces14RadioInterfaceEPNS_5model11SystemModelEii
                0x00001898       0x7e tasks/TransmitTelemetryTask.o
                0x00001898                _ZN10helicopter5tasks21TransmitTelemetryTaskC2EPNS_10interfaces14RadioInterfaceEPNS_5model11SystemModelEii
                0x00001898                _ZN10helicopter5tasks21TransmitTelemetryTaskC1EPNS_10interfaces14RadioInterfaceEPNS_5model11SystemModelEii
 .text._ZN10helicopter5tasks21TransmitTelemetryTask11runTaskImplEv
                0x00001916       0x62 tasks/TransmitTelemetryTask.o
                0x00001916                _ZN10helicopter5tasks21TransmitTelemetryTask11runTaskImplEv
 .text._Znwj    0x00001978       0x22 util/common/commonheader.o
                0x00001978                _Znwj
 .text._ZdlPv   0x0000199a       0x2a util/common/commonheader.o
                0x0000199a                _ZdlPv
 .text._Znaj    0x000019c4       0x22 util/common/commonheader.o
                0x000019c4                _Znaj
 .text.avr-libc.fplib
                0x000019e6       0x58 c:/program files (x86)/atmel/atmel toolchain/avr8 gcc/native/3.4.2.1002/avr8-gnu-toolchain/bin/../lib/gcc/avr/4.7.2/../../../../avr/lib/avr6\libm.a(fixunssfsi.o)
                0x000019e6                __fixunssfsi
 .text.avr-libc.fplib
                0x00001a3e       0x7a c:/program files (x86)/atmel/atmel toolchain/avr8 gcc/native/3.4.2.1002/avr8-gnu-toolchain/bin/../lib/gcc/avr/4.7.2/../../../../avr/lib/avr6\libm.a(floatsisf.o)
                0x00001a3e                __floatunsisf
                0x00001a42                __floatsisf
 .text.avr-libc.fplib
                0x00001ab8       0x26 c:/program files (x86)/atmel/atmel toolchain/avr8 gcc/native/3.4.2.1002/avr8-gnu-toolchain/bin/../lib/gcc/avr/4.7.2/../../../../avr/lib/avr6\libm.a(floor.o)
                0x00001ab8                floor
 .text.avr-libc.fplib
                0x00001ade       0x36 c:/program files (x86)/atmel/atmel toolchain/avr8 gcc/native/3.4.2.1002/avr8-gnu-toolchain/bin/../lib/gcc/avr/4.7.2/../../../../avr/lib/avr6\libm.a(fp_mintl.o)
                0x00001ade                __fp_mintl
 .text.avr-libc.fplib
                0x00001b14       0x1c c:/program files (x86)/atmel/atmel toolchain/avr8 gcc/native/3.4.2.1002/avr8-gnu-toolchain/bin/../lib/gcc/avr/4.7.2/../../../../avr/lib/avr6\libm.a(fp_mpack.o)
                0x00001b14                __fp_mpack
                0x00001b18                __fp_mpack_finite
 .text.avr-libc.fplib
                0x00001b30       0x44 c:/program files (x86)/atmel/atmel toolchain/avr8 gcc/native/3.4.2.1002/avr8-gnu-toolchain/bin/../lib/gcc/avr/4.7.2/../../../../avr/lib/avr6\libm.a(fp_split3.o)
                0x00001b30                __fp_split3
                0x00001b40                __fp_splitA
 .text.avr-libc.fplib
                0x00001b74       0x2e c:/program files (x86)/atmel/atmel toolchain/avr8 gcc/native/3.4.2.1002/avr8-gnu-toolchain/bin/../lib/gcc/avr/4.7.2/../../../../avr/lib/avr6\libm.a(fp_trunc.o)
                0x00001b74                __fp_trunc
 .text.avr-libc.fplib
                0x00001ba2        0xe c:/program files (x86)/atmel/atmel toolchain/avr8 gcc/native/3.4.2.1002/avr8-gnu-toolchain/bin/../lib/gcc/avr/4.7.2/../../../../avr/lib/avr6\libm.a(fp_zero.o)
                0x00001ba2                __fp_zero
                0x00001ba4                __fp_szero
 .text.libgcc.div
                0x00001bb0       0x44 c:/program files (x86)/atmel/atmel toolchain/avr8 gcc/native/3.4.2.1002/avr8-gnu-toolchain/bin/../lib/gcc/avr/4.7.2/avr6\libgcc.a(_udivmodsi4.o)
                0x00001bb0                __udivmodsi4
 .text.avr-libc
                0x00001bf4      0x274 c:/program files (x86)/atmel/atmel toolchain/avr8 gcc/native/3.4.2.1002/avr8-gnu-toolchain/bin/../lib/gcc/avr/4.7.2/../../../../avr/lib/avr6\libc.a(malloc.o)
                0x00001bf4                malloc
                0x00001d2a                free
 .text.avr-libc
                0x00001e68       0x12 c:/program files (x86)/atmel/atmel toolchain/avr8 gcc/native/3.4.2.1002/avr8-gnu-toolchain/bin/../lib/gcc/avr/4.7.2/../../../../avr/lib/avr6\libc.a(memcpy.o)
                0x00001e68                memcpy
                0x00001e7a                . = ALIGN (0x2)
 *(.fini9)
 .fini9         0x00001e7a        0x0 c:/program files (x86)/atmel/atmel toolchain/avr8 gcc/native/3.4.2.1002/avr8-gnu-toolchain/bin/../lib/gcc/avr/4.7.2/avr6\libgcc.a(_exit.o)
                0x00001e7a                _exit
                0x00001e7a                exit
 *(.fini9)
 *(.fini8)
 *(.fini8)
 *(.fini7)
 *(.fini7)
 *(.fini6)
 *(.fini6)
 *(.fini5)
 *(.fini5)
 *(.fini4)
 *(.fini4)
 *(.fini3)
 *(.fini3)
 *(.fini2)
 *(.fini2)
 *(.fini1)
 *(.fini1)
 *(.fini0)
 .fini0         0x00001e7a        0x4 c:/program files (x86)/atmel/atmel toolchain/avr8 gcc/native/3.4.2.1002/avr8-gnu-toolchain/bin/../lib/gcc/avr/4.7.2/avr6\libgcc.a(_exit.o)
 *(.fini0)
                0x00001e7e                _etext = .

.data           0x00800200       0x3c load address 0x00001e7e
                0x00800200                PROVIDE (__data_start, .)
 *(.data)
 .data          0x00800200        0x0 c:/program files (x86)/atmel/atmel toolchain/avr8 gcc/native/3.4.2.1002/avr8-gnu-toolchain/bin/../lib/gcc/avr/4.7.2/../../../../avr/lib/avr6/crtm2560.o
 .data          0x00800200        0x0 buffer/Buffer.o
 .data          0x00800200        0x0 buffer/Record.o
 .data          0x00800200        0x0 drivers/MagnetometerDriver.o
 .data          0x00800200        0x0 drivers/SerialDriver.o
 .data          0x00800200        0x0 Helicopter.o
 .data          0x00800200        0x0 interfaces/RadioInterface.o
 .data          0x00800200        0x0 messages/SystemTelemetryMessage.o
 .data          0x00800200        0x0 model/SystemModel.o
 .data          0x00800200        0x0 scheduler/Scheduler.o
 .data          0x00800200        0x0 sensors/MagnetometerSensor.o
 .data          0x00800200        0x0 tasks/misctasks/SimTelemetryTask.o
 .data          0x00800200        0x0 tasks/Task.o
 .data          0x00800200        0x0 tasks/TransmitTelemetryTask.o
 .data          0x00800200        0x0 util/common/commonheader.o
 .data          0x00800200        0x0 util/Timer.o
 .data          0x00800200        0x0 c:/program files (x86)/atmel/atmel toolchain/avr8 gcc/native/3.4.2.1002/avr8-gnu-toolchain/bin/../lib/gcc/avr/4.7.2/../../../../avr/lib/avr6\libm.a(addsf3.o)
 .data          0x00800200        0x0 c:/program files (x86)/atmel/atmel toolchain/avr8 gcc/native/3.4.2.1002/avr8-gnu-toolchain/bin/../lib/gcc/avr/4.7.2/../../../../avr/lib/avr6\libm.a(addsf3x.o)
 .data          0x00800200        0x0 c:/program files (x86)/atmel/atmel toolchain/avr8 gcc/native/3.4.2.1002/avr8-gnu-toolchain/bin/../lib/gcc/avr/4.7.2/../../../../avr/lib/avr6\libm.a(fixunssfsi.o)
 .data          0x00800200        0x0 c:/program files (x86)/atmel/atmel toolchain/avr8 gcc/native/3.4.2.1002/avr8-gnu-toolchain/bin/../lib/gcc/avr/4.7.2/../../../../avr/lib/avr6\libm.a(floatsisf.o)
 .data          0x00800200        0x0 c:/program files (x86)/atmel/atmel toolchain/avr8 gcc/native/3.4.2.1002/avr8-gnu-toolchain/bin/../lib/gcc/avr/4.7.2/../../../../avr/lib/avr6\libm.a(floor.o)
 .data          0x00800200        0x0 c:/program files (x86)/atmel/atmel toolchain/avr8 gcc/native/3.4.2.1002/avr8-gnu-toolchain/bin/../lib/gcc/avr/4.7.2/../../../../avr/lib/avr6\libm.a(fp_inf.o)
 .data          0x00800200        0x0 c:/program files (x86)/atmel/atmel toolchain/avr8 gcc/native/3.4.2.1002/avr8-gnu-toolchain/bin/../lib/gcc/avr/4.7.2/../../../../avr/lib/avr6\libm.a(fp_mintl.o)
 .data          0x00800200        0x0 c:/program files (x86)/atmel/atmel toolchain/avr8 gcc/native/3.4.2.1002/avr8-gnu-toolchain/bin/../lib/gcc/avr/4.7.2/../../../../avr/lib/avr6\libm.a(fp_mpack.o)
 .data          0x00800200        0x0 c:/program files (x86)/atmel/atmel toolchain/avr8 gcc/native/3.4.2.1002/avr8-gnu-toolchain/bin/../lib/gcc/avr/4.7.2/../../../../avr/lib/avr6\libm.a(fp_nan.o)
 .data          0x00800200        0x0 c:/program files (x86)/atmel/atmel toolchain/avr8 gcc/native/3.4.2.1002/avr8-gnu-toolchain/bin/../lib/gcc/avr/4.7.2/../../../../avr/lib/avr6\libm.a(fp_pscA.o)
 .data          0x00800200        0x0 c:/program files (x86)/atmel/atmel toolchain/avr8 gcc/native/3.4.2.1002/avr8-gnu-toolchain/bin/../lib/gcc/avr/4.7.2/../../../../avr/lib/avr6\libm.a(fp_pscB.o)
 .data          0x00800200        0x0 c:/program files (x86)/atmel/atmel toolchain/avr8 gcc/native/3.4.2.1002/avr8-gnu-toolchain/bin/../lib/gcc/avr/4.7.2/../../../../avr/lib/avr6\libm.a(fp_round.o)
 .data          0x00800200        0x0 c:/program files (x86)/atmel/atmel toolchain/avr8 gcc/native/3.4.2.1002/avr8-gnu-toolchain/bin/../lib/gcc/avr/4.7.2/../../../../avr/lib/avr6\libm.a(fp_split3.o)
 .data          0x00800200        0x0 c:/program files (x86)/atmel/atmel toolchain/avr8 gcc/native/3.4.2.1002/avr8-gnu-toolchain/bin/../lib/gcc/avr/4.7.2/../../../../avr/lib/avr6\libm.a(fp_trunc.o)
 .data          0x00800200        0x0 c:/program files (x86)/atmel/atmel toolchain/avr8 gcc/native/3.4.2.1002/avr8-gnu-toolchain/bin/../lib/gcc/avr/4.7.2/../../../../avr/lib/avr6\libm.a(fp_zero.o)
 .data          0x00800200        0x0 c:/program files (x86)/atmel/atmel toolchain/avr8 gcc/native/3.4.2.1002/avr8-gnu-toolchain/bin/../lib/gcc/avr/4.7.2/../../../../avr/lib/avr6\libm.a(mulsf3.o)
 .data          0x00800200        0x0 c:/program files (x86)/atmel/atmel toolchain/avr8 gcc/native/3.4.2.1002/avr8-gnu-toolchain/bin/../lib/gcc/avr/4.7.2/../../../../avr/lib/avr6\libm.a(mulsf3x.o)
 .data          0x00800200        0x0 c:/program files (x86)/atmel/atmel toolchain/avr8 gcc/native/3.4.2.1002/avr8-gnu-toolchain/bin/../lib/gcc/avr/4.7.2/avr6\libgcc.a(_divmodhi4.o)
 .data          0x00800200        0x0 c:/program files (x86)/atmel/atmel toolchain/avr8 gcc/native/3.4.2.1002/avr8-gnu-toolchain/bin/../lib/gcc/avr/4.7.2/avr6\libgcc.a(_udivmodsi4.o)
 .data          0x00800200        0x0 c:/program files (x86)/atmel/atmel toolchain/avr8 gcc/native/3.4.2.1002/avr8-gnu-toolchain/bin/../lib/gcc/avr/4.7.2/avr6\libgcc.a(_exit.o)
 .data          0x00800200        0x0 c:/program files (x86)/atmel/atmel toolchain/avr8 gcc/native/3.4.2.1002/avr8-gnu-toolchain/bin/../lib/gcc/avr/4.7.2/avr6\libgcc.a(_copy_data.o)
 .data          0x00800200        0x0 c:/program files (x86)/atmel/atmel toolchain/avr8 gcc/native/3.4.2.1002/avr8-gnu-toolchain/bin/../lib/gcc/avr/4.7.2/avr6\libgcc.a(_clear_bss.o)
 .data          0x00800200        0x0 c:/program files (x86)/atmel/atmel toolchain/avr8 gcc/native/3.4.2.1002/avr8-gnu-toolchain/bin/../lib/gcc/avr/4.7.2/avr6\libgcc.a(_udivmodhi4.o)
 .data          0x00800200        0x6 c:/program files (x86)/atmel/atmel toolchain/avr8 gcc/native/3.4.2.1002/avr8-gnu-toolchain/bin/../lib/gcc/avr/4.7.2/../../../../avr/lib/avr6\libc.a(malloc.o)
                0x00800200                __malloc_heap_end
                0x00800202                __malloc_heap_start
                0x00800204                __malloc_margin
 .data          0x00800206        0x0 c:/program files (x86)/atmel/atmel toolchain/avr8 gcc/native/3.4.2.1002/avr8-gnu-toolchain/bin/../lib/gcc/avr/4.7.2/../../../../avr/lib/avr6\libc.a(memcpy.o)
 *(.data*)
 *(.rodata)
 *(.rodata*)
 .rodata._ZTVN10helicopter7drivers12SerialDriverE
                0x00800206        0xe drivers/SerialDriver.o
                0x00800206                _ZTVN10helicopter7drivers12SerialDriverE
 .rodata._ZTVN10helicopter5tasks9misctasks12FlashLEDTaskE
                0x00800214        0xa Helicopter.o
                0x00800214                _ZTVN10helicopter5tasks9misctasks12FlashLEDTaskE
 .rodata._ZTVN10helicopter5tasks9misctasks16SimTelemetryTaskE
                0x0080021e        0xa tasks/misctasks/SimTelemetryTask.o
                0x0080021e                _ZTVN10helicopter5tasks9misctasks16SimTelemetryTaskE
 .rodata._ZTVN10helicopter5tasks4TaskE
                0x00800228        0xa tasks/Task.o
                0x00800228                _ZTVN10helicopter5tasks4TaskE
 .rodata._ZTVN10helicopter5tasks21TransmitTelemetryTaskE
                0x00800232        0xa tasks/TransmitTelemetryTask.o
                0x00800232                _ZTVN10helicopter5tasks21TransmitTelemetryTaskE
 *(.gnu.linkonce.d*)
                0x0080023c                . = ALIGN (0x2)
                0x0080023c                _edata = .
                0x0080023c                PROVIDE (__data_end, .)

.bss            0x0080023c        0x6
                0x0080023c                PROVIDE (__bss_start, .)
 *(.bss)
 *(.bss*)
 .bss._ZN10helicopter9scheduler9Scheduler9schedulerE
                0x0080023c        0x2 scheduler/Scheduler.o
                0x0080023c                _ZN10helicopter9scheduler9Scheduler9schedulerE
 *(COMMON)
 COMMON         0x0080023e        0x4 c:/program files (x86)/atmel/atmel toolchain/avr8 gcc/native/3.4.2.1002/avr8-gnu-toolchain/bin/../lib/gcc/avr/4.7.2/../../../../avr/lib/avr6\libc.a(malloc.o)
                0x0080023e                __brkval
                0x00800240                __flp
                0x00800242                PROVIDE (__bss_end, .)
                0x00001e7e                __data_load_start = LOADADDR (.data)
                0x00001eba                __data_load_end = (__data_load_start + SIZEOF (.data))

.noinit         0x00800242        0x0
                0x00800242                PROVIDE (__noinit_start, .)
 *(.noinit*)
                0x00800242                PROVIDE (__noinit_end, .)
                0x00800242                _end = .
                0x00800242                PROVIDE (__heap_start, .)

.eeprom         0x00810000        0x0
 *(.eeprom*)
                0x00810000                __eeprom_end = .

.fuse
 *(.fuse)
 *(.lfuse)
 *(.hfuse)
 *(.efuse)

.lock
 *(.lock*)

.signature
 *(.signature*)

.user_signatures
 *(.user_signatures*)

.stab           0x00000000     0x20f4
 *(.stab)
 .stab          0x00000000      0x6e4 c:/program files (x86)/atmel/atmel toolchain/avr8 gcc/native/3.4.2.1002/avr8-gnu-toolchain/bin/../lib/gcc/avr/4.7.2/../../../../avr/lib/avr6/crtm2560.o
 .stab          0x000006e4       0x78 c:/program files (x86)/atmel/atmel toolchain/avr8 gcc/native/3.4.2.1002/avr8-gnu-toolchain/bin/../lib/gcc/avr/4.7.2/../../../../avr/lib/avr6\libm.a(addsf3.o)
                                 0x84 (size before relaxing)
 .stab          0x0000075c      0x4bc c:/program files (x86)/atmel/atmel toolchain/avr8 gcc/native/3.4.2.1002/avr8-gnu-toolchain/bin/../lib/gcc/avr/4.7.2/../../../../avr/lib/avr6\libm.a(addsf3x.o)
                                0x4c8 (size before relaxing)
 .stab          0x00000c18      0x240 c:/program files (x86)/atmel/atmel toolchain/avr8 gcc/native/3.4.2.1002/avr8-gnu-toolchain/bin/../lib/gcc/avr/4.7.2/../../../../avr/lib/avr6\libm.a(fixunssfsi.o)
                                0x24c (size before relaxing)
 .stab          0x00000e58      0x318 c:/program files (x86)/atmel/atmel toolchain/avr8 gcc/native/3.4.2.1002/avr8-gnu-toolchain/bin/../lib/gcc/avr/4.7.2/../../../../avr/lib/avr6\libm.a(floatsisf.o)
                                0x324 (size before relaxing)
 .stab          0x00001170      0x114 c:/program files (x86)/atmel/atmel toolchain/avr8 gcc/native/3.4.2.1002/avr8-gnu-toolchain/bin/../lib/gcc/avr/4.7.2/../../../../avr/lib/avr6\libm.a(floor.o)
                                0x120 (size before relaxing)
 .stab          0x00001284       0x78 c:/program files (x86)/atmel/atmel toolchain/avr8 gcc/native/3.4.2.1002/avr8-gnu-toolchain/bin/../lib/gcc/avr/4.7.2/../../../../avr/lib/avr6\libm.a(fp_inf.o)
                                 0x84 (size before relaxing)
 .stab          0x000012fc      0x174 c:/program files (x86)/atmel/atmel toolchain/avr8 gcc/native/3.4.2.1002/avr8-gnu-toolchain/bin/../lib/gcc/avr/4.7.2/../../../../avr/lib/avr6\libm.a(fp_mintl.o)
                                0x180 (size before relaxing)
 .stab          0x00001470       0xe4 c:/program files (x86)/atmel/atmel toolchain/avr8 gcc/native/3.4.2.1002/avr8-gnu-toolchain/bin/../lib/gcc/avr/4.7.2/../../../../avr/lib/avr6\libm.a(fp_mpack.o)
                                 0xf0 (size before relaxing)
 .stab          0x00001554       0x54 c:/program files (x86)/atmel/atmel toolchain/avr8 gcc/native/3.4.2.1002/avr8-gnu-toolchain/bin/../lib/gcc/avr/4.7.2/../../../../avr/lib/avr6\libm.a(fp_nan.o)
                                 0x60 (size before relaxing)
 .stab          0x000015a8       0x84 c:/program files (x86)/atmel/atmel toolchain/avr8 gcc/native/3.4.2.1002/avr8-gnu-toolchain/bin/../lib/gcc/avr/4.7.2/../../../../avr/lib/avr6\libm.a(fp_pscA.o)
                                 0x90 (size before relaxing)
 .stab          0x0000162c       0x84 c:/program files (x86)/atmel/atmel toolchain/avr8 gcc/native/3.4.2.1002/avr8-gnu-toolchain/bin/../lib/gcc/avr/4.7.2/../../../../avr/lib/avr6\libm.a(fp_pscB.o)
                                 0x90 (size before relaxing)
 .stab          0x000016b0       0xfc c:/program files (x86)/atmel/atmel toolchain/avr8 gcc/native/3.4.2.1002/avr8-gnu-toolchain/bin/../lib/gcc/avr/4.7.2/../../../../avr/lib/avr6\libm.a(fp_round.o)
                                0x108 (size before relaxing)
 .stab          0x000017ac      0x1d4 c:/program files (x86)/atmel/atmel toolchain/avr8 gcc/native/3.4.2.1002/avr8-gnu-toolchain/bin/../lib/gcc/avr/4.7.2/../../../../avr/lib/avr6\libm.a(fp_split3.o)
                                0x1e0 (size before relaxing)
 .stab          0x00001980      0x144 c:/program files (x86)/atmel/atmel toolchain/avr8 gcc/native/3.4.2.1002/avr8-gnu-toolchain/bin/../lib/gcc/avr/4.7.2/../../../../avr/lib/avr6\libm.a(fp_trunc.o)
                                0x150 (size before relaxing)
 .stab          0x00001ac4       0x90 c:/program files (x86)/atmel/atmel toolchain/avr8 gcc/native/3.4.2.1002/avr8-gnu-toolchain/bin/../lib/gcc/avr/4.7.2/../../../../avr/lib/avr6\libm.a(fp_zero.o)
                                 0x9c (size before relaxing)
 .stab          0x00001b54       0x48 c:/program files (x86)/atmel/atmel toolchain/avr8 gcc/native/3.4.2.1002/avr8-gnu-toolchain/bin/../lib/gcc/avr/4.7.2/../../../../avr/lib/avr6\libm.a(mulsf3.o)
                                 0x54 (size before relaxing)
 .stab          0x00001b9c      0x4d4 c:/program files (x86)/atmel/atmel toolchain/avr8 gcc/native/3.4.2.1002/avr8-gnu-toolchain/bin/../lib/gcc/avr/4.7.2/../../../../avr/lib/avr6\libm.a(mulsf3x.o)
                                0x4e0 (size before relaxing)
 .stab          0x00002070       0x84 c:/program files (x86)/atmel/atmel toolchain/avr8 gcc/native/3.4.2.1002/avr8-gnu-toolchain/bin/../lib/gcc/avr/4.7.2/../../../../avr/lib/avr6\libc.a(memcpy.o)
                                 0x90 (size before relaxing)

.stabstr        0x00000000      0x8c4
 *(.stabstr)
 .stabstr       0x00000000      0x8c4 c:/program files (x86)/atmel/atmel toolchain/avr8 gcc/native/3.4.2.1002/avr8-gnu-toolchain/bin/../lib/gcc/avr/4.7.2/../../../../avr/lib/avr6/crtm2560.o

.stab.excl
 *(.stab.excl)

.stab.exclstr
 *(.stab.exclstr)

.stab.index
 *(.stab.index)

.stab.indexstr
 *(.stab.indexstr)

.comment        0x00000000       0x2f
 *(.comment)
 .comment       0x00000000       0x2f buffer/Buffer.o
                                 0x30 (size before relaxing)
 .comment       0x00000000       0x30 buffer/Record.o
 .comment       0x00000000       0x30 drivers/MagnetometerDriver.o
 .comment       0x00000000       0x30 drivers/SerialDriver.o
 .comment       0x00000000       0x30 Helicopter.o
 .comment       0x00000000       0x30 interfaces/RadioInterface.o
 .comment       0x00000000       0x30 messages/SystemTelemetryMessage.o
 .comment       0x00000000       0x30 model/SystemModel.o
 .comment       0x00000000       0x30 scheduler/Scheduler.o
 .comment       0x00000000       0x30 sensors/MagnetometerSensor.o
 .comment       0x00000000       0x30 tasks/misctasks/SimTelemetryTask.o
 .comment       0x00000000       0x30 tasks/Task.o
 .comment       0x00000000       0x30 tasks/TransmitTelemetryTask.o
 .comment       0x00000000       0x30 util/common/commonheader.o
 .comment       0x00000000       0x30 util/Timer.o
 .comment       0x00000000       0x30 c:/program files (x86)/atmel/atmel toolchain/avr8 gcc/native/3.4.2.1002/avr8-gnu-toolchain/bin/../lib/gcc/avr/4.7.2/../../../../avr/lib/avr6\libc.a(malloc.o)

.debug
 *(.debug)

.line
 *(.line)

.debug_srcinfo
 *(.debug_srcinfo)

.debug_sfnames
 *(.debug_sfnames)

.debug_aranges  0x00000000      0x460
 *(.debug_aranges)
 .debug_aranges
                0x00000000       0x50 buffer/Buffer.o
 .debug_aranges
                0x00000050       0x50 buffer/Record.o
 .debug_aranges
                0x000000a0       0x28 drivers/MagnetometerDriver.o
 .debug_aranges
                0x000000c8       0x40 drivers/SerialDriver.o
 .debug_aranges
                0x00000108       0x50 Helicopter.o
 .debug_aranges
                0x00000158       0x38 interfaces/RadioInterface.o
 .debug_aranges
                0x00000190       0x38 messages/SystemTelemetryMessage.o
 .debug_aranges
                0x000001c8       0x58 model/SystemModel.o
 .debug_aranges
                0x00000220       0x98 scheduler/Scheduler.o
 .debug_aranges
                0x000002b8       0x40 sensors/MagnetometerSensor.o
 .debug_aranges
                0x000002f8       0x68 tasks/misctasks/SimTelemetryTask.o
 .debug_aranges
                0x00000360       0x38 tasks/Task.o
 .debug_aranges
                0x00000398       0x38 tasks/TransmitTelemetryTask.o
 .debug_aranges
                0x000003d0       0x38 util/common/commonheader.o
 .debug_aranges
                0x00000408       0x30 util/Timer.o
 .debug_aranges
                0x00000438       0x28 c:/program files (x86)/atmel/atmel toolchain/avr8 gcc/native/3.4.2.1002/avr8-gnu-toolchain/bin/../lib/gcc/avr/4.7.2/../../../../avr/lib/avr6\libc.a(malloc.o)

.debug_pubnames
 *(.debug_pubnames)

.debug_info     0x00000000     0x52d2
 *(.debug_info)
 .debug_info    0x00000000      0x59b buffer/Buffer.o
 .debug_info    0x0000059b      0x4ce buffer/Record.o
 .debug_info    0x00000a69      0x20e drivers/MagnetometerDriver.o
 .debug_info    0x00000c77      0x3ec drivers/SerialDriver.o
 .debug_info    0x00001063      0xbd6 Helicopter.o
 .debug_info    0x00001c39      0x6f8 interfaces/RadioInterface.o
 .debug_info    0x00002331      0x439 messages/SystemTelemetryMessage.o
 .debug_info    0x0000276a      0x62d model/SystemModel.o
 .debug_info    0x00002d97      0x741 scheduler/Scheduler.o
 .debug_info    0x000034d8      0x39d sensors/MagnetometerSensor.o
 .debug_info    0x00003875      0x931 tasks/misctasks/SimTelemetryTask.o
 .debug_info    0x000041a6      0x33f tasks/Task.o
 .debug_info    0x000044e5      0x7df tasks/TransmitTelemetryTask.o
 .debug_info    0x00004cc4      0x192 util/common/commonheader.o
 .debug_info    0x00004e56      0x23f util/Timer.o
 .debug_info    0x00005095      0x23d c:/program files (x86)/atmel/atmel toolchain/avr8 gcc/native/3.4.2.1002/avr8-gnu-toolchain/bin/../lib/gcc/avr/4.7.2/../../../../avr/lib/avr6\libc.a(malloc.o)
 *(.gnu.linkonce.wi.*)

.debug_abbrev   0x00000000     0x1df5
 *(.debug_abbrev)
 .debug_abbrev  0x00000000      0x1fb buffer/Buffer.o
 .debug_abbrev  0x000001fb      0x1e3 buffer/Record.o
 .debug_abbrev  0x000003de      0x142 drivers/MagnetometerDriver.o
 .debug_abbrev  0x00000520      0x20c drivers/SerialDriver.o
 .debug_abbrev  0x0000072c      0x30b Helicopter.o
 .debug_abbrev  0x00000a37      0x230 interfaces/RadioInterface.o
 .debug_abbrev  0x00000c67      0x1c5 messages/SystemTelemetryMessage.o
 .debug_abbrev  0x00000e2c      0x1ca model/SystemModel.o
 .debug_abbrev  0x00000ff6      0x282 scheduler/Scheduler.o
 .debug_abbrev  0x00001278      0x1a3 sensors/MagnetometerSensor.o
 .debug_abbrev  0x0000141b      0x284 tasks/misctasks/SimTelemetryTask.o
 .debug_abbrev  0x0000169f      0x1d8 tasks/Task.o
 .debug_abbrev  0x00001877      0x277 tasks/TransmitTelemetryTask.o
 .debug_abbrev  0x00001aee       0xc4 util/common/commonheader.o
 .debug_abbrev  0x00001bb2      0x14a util/Timer.o
 .debug_abbrev  0x00001cfc       0xf9 c:/program files (x86)/atmel/atmel toolchain/avr8 gcc/native/3.4.2.1002/avr8-gnu-toolchain/bin/../lib/gcc/avr/4.7.2/../../../../avr/lib/avr6\libc.a(malloc.o)

.debug_line     0x00000000     0x1590
 *(.debug_line)
 .debug_line    0x00000000      0x102 buffer/Buffer.o
 .debug_line    0x00000102       0xec buffer/Record.o
 .debug_line    0x000001ee      0x133 drivers/MagnetometerDriver.o
 .debug_line    0x00000321       0xfd drivers/SerialDriver.o
 .debug_line    0x0000041e      0x1fa Helicopter.o
 .debug_line    0x00000618      0x1d4 interfaces/RadioInterface.o
 .debug_line    0x000007ec       0xde messages/SystemTelemetryMessage.o
 .debug_line    0x000008ca      0x122 model/SystemModel.o
 .debug_line    0x000009ec      0x28e scheduler/Scheduler.o
 .debug_line    0x00000c7a      0x192 sensors/MagnetometerSensor.o
 .debug_line    0x00000e0c      0x1ee tasks/misctasks/SimTelemetryTask.o
 .debug_line    0x00000ffa       0x84 tasks/Task.o
 .debug_line    0x0000107e      0x15c tasks/TransmitTelemetryTask.o
 .debug_line    0x000011da      0x11d util/common/commonheader.o
 .debug_line    0x000012f7       0x8b util/Timer.o
 .debug_line    0x00001382      0x20e c:/program files (x86)/atmel/atmel toolchain/avr8 gcc/native/3.4.2.1002/avr8-gnu-toolchain/bin/../lib/gcc/avr/4.7.2/../../../../avr/lib/avr6\libc.a(malloc.o)

.debug_frame    0x00000000      0xe44
 *(.debug_frame)
 .debug_frame   0x00000000      0x100 buffer/Buffer.o
 .debug_frame   0x00000100      0x114 buffer/Record.o
 .debug_frame   0x00000214       0x54 drivers/MagnetometerDriver.o
 .debug_frame   0x00000268       0xb4 drivers/SerialDriver.o
 .debug_frame   0x0000031c      0x120 Helicopter.o
 .debug_frame   0x0000043c       0xcc interfaces/RadioInterface.o
 .debug_frame   0x00000508       0xa0 messages/SystemTelemetryMessage.o
 .debug_frame   0x000005a8      0x120 model/SystemModel.o
 .debug_frame   0x000006c8      0x264 scheduler/Scheduler.o
 .debug_frame   0x0000092c       0xf0 sensors/MagnetometerSensor.o
 .debug_frame   0x00000a1c      0x16c tasks/misctasks/SimTelemetryTask.o
 .debug_frame   0x00000b88       0x94 tasks/Task.o
 .debug_frame   0x00000c1c       0xac tasks/TransmitTelemetryTask.o
 .debug_frame   0x00000cc8       0x94 util/common/commonheader.o
 .debug_frame   0x00000d5c       0x80 util/Timer.o
 .debug_frame   0x00000ddc       0x68 c:/program files (x86)/atmel/atmel toolchain/avr8 gcc/native/3.4.2.1002/avr8-gnu-toolchain/bin/../lib/gcc/avr/4.7.2/../../../../avr/lib/avr6\libc.a(malloc.o)

.debug_str      0x00000000     0x1e20
 *(.debug_str)
 .debug_str     0x00000000      0x53a buffer/Buffer.o
                                0x58b (size before relaxing)
 .debug_str     0x0000053a       0x88 buffer/Record.o
                                0x4c1 (size before relaxing)
 .debug_str     0x000005c2       0xfc drivers/MagnetometerDriver.o
                                0x29f (size before relaxing)
 .debug_str     0x000006be      0x1eb drivers/SerialDriver.o
                                0x3c3 (size before relaxing)
 .debug_str     0x000008a9      0xa82 Helicopter.o
                                0xcd2 (size before relaxing)
 .debug_str     0x0000132b       0xfb interfaces/RadioInterface.o
                                0x769 (size before relaxing)
 .debug_str     0x00001426       0x6b messages/SystemTelemetryMessage.o
                                0x55d (size before relaxing)
 .debug_str     0x00001491       0x19 model/SystemModel.o
                                0x6ef (size before relaxing)
 .debug_str     0x000014aa      0x214 scheduler/Scheduler.o
                                0x612 (size before relaxing)
 .debug_str     0x000016be      0x259 sensors/MagnetometerSensor.o
                                0x427 (size before relaxing)
 .debug_str     0x00001917      0x139 tasks/misctasks/SimTelemetryTask.o
                                0x9aa (size before relaxing)
 .debug_str     0x00001a50       0x94 tasks/Task.o
                                0x323 (size before relaxing)
 .debug_str     0x00001ae4       0xca tasks/TransmitTelemetryTask.o
                                0x98d (size before relaxing)
 .debug_str     0x00001bae       0x86 util/common/commonheader.o
                                0x1fe (size before relaxing)
 .debug_str     0x00001c34       0xe3 util/Timer.o
                                0x233 (size before relaxing)
 .debug_str     0x00001d17      0x109 c:/program files (x86)/atmel/atmel toolchain/avr8 gcc/native/3.4.2.1002/avr8-gnu-toolchain/bin/../lib/gcc/avr/4.7.2/../../../../avr/lib/avr6\libc.a(malloc.o)
                                0x17c (size before relaxing)

.debug_loc      0x00000000     0x21a6
 *(.debug_loc)
 .debug_loc     0x00000000      0x212 buffer/Buffer.o
 .debug_loc     0x00000212      0x246 buffer/Record.o
 .debug_loc     0x00000458       0x8f drivers/MagnetometerDriver.o
 .debug_loc     0x000004e7      0x168 drivers/SerialDriver.o
 .debug_loc     0x0000064f      0x25d Helicopter.o
 .debug_loc     0x000008ac      0x19f interfaces/RadioInterface.o
 .debug_loc     0x00000a4b      0x13a messages/SystemTelemetryMessage.o
 .debug_loc     0x00000b85      0x25a model/SystemModel.o
 .debug_loc     0x00000ddf      0x543 scheduler/Scheduler.o
 .debug_loc     0x00001322      0x204 sensors/MagnetometerSensor.o
 .debug_loc     0x00001526      0x303 tasks/misctasks/SimTelemetryTask.o
 .debug_loc     0x00001829      0x120 tasks/Task.o
 .debug_loc     0x00001949      0x153 tasks/TransmitTelemetryTask.o
 .debug_loc     0x00001a9c      0x120 util/common/commonheader.o
 .debug_loc     0x00001bbc       0xf2 util/Timer.o
 .debug_loc     0x00001cae      0x4f8 c:/program files (x86)/atmel/atmel toolchain/avr8 gcc/native/3.4.2.1002/avr8-gnu-toolchain/bin/../lib/gcc/avr/4.7.2/../../../../avr/lib/avr6\libc.a(malloc.o)

.debug_macinfo
 *(.debug_macinfo)

.debug_pubtypes
 *(.debug_pubtypes)

.debug_ranges   0x00000000      0x390
 *(.debug_ranges)
 .debug_ranges  0x00000000       0x40 buffer/Buffer.o
 .debug_ranges  0x00000040       0x40 buffer/Record.o
 .debug_ranges  0x00000080       0x18 drivers/MagnetometerDriver.o
 .debug_ranges  0x00000098       0x30 drivers/SerialDriver.o
 .debug_ranges  0x000000c8       0x40 Helicopter.o
 .debug_ranges  0x00000108       0x58 interfaces/RadioInterface.o
 .debug_ranges  0x00000160       0x28 messages/SystemTelemetryMessage.o
 .debug_ranges  0x00000188       0x48 model/SystemModel.o
 .debug_ranges  0x000001d0       0x88 scheduler/Scheduler.o
 .debug_ranges  0x00000258       0x30 sensors/MagnetometerSensor.o
 .debug_ranges  0x00000288       0x58 tasks/misctasks/SimTelemetryTask.o
 .debug_ranges  0x000002e0       0x28 tasks/Task.o
 .debug_ranges  0x00000308       0x28 tasks/TransmitTelemetryTask.o
 .debug_ranges  0x00000330       0x28 util/common/commonheader.o
 .debug_ranges  0x00000358       0x20 util/Timer.o
 .debug_ranges  0x00000378       0x18 c:/program files (x86)/atmel/atmel toolchain/avr8 gcc/native/3.4.2.1002/avr8-gnu-toolchain/bin/../lib/gcc/avr/4.7.2/../../../../avr/lib/avr6\libc.a(malloc.o)

.debug_macro
 *(.debug_macro)
OUTPUT(Helicopter.elf elf32-avr)
LOAD linker stubs
