Archive member included because of file (symbol)

c:/program files (x86)/atmel/atmel toolchain/avr8 gcc/native/3.4.2.1002/avr8-gnu-toolchain/bin/../lib/gcc/avr/4.7.2/../../../../avr/lib/avr6\libm.a(addsf3.o)
                              controller/PIDController.o (__subsf3)
c:/program files (x86)/atmel/atmel toolchain/avr8 gcc/native/3.4.2.1002/avr8-gnu-toolchain/bin/../lib/gcc/avr/4.7.2/../../../../avr/lib/avr6\libm.a(addsf3x.o)
                              c:/program files (x86)/atmel/atmel toolchain/avr8 gcc/native/3.4.2.1002/avr8-gnu-toolchain/bin/../lib/gcc/avr/4.7.2/../../../../avr/lib/avr6\libm.a(addsf3.o) (__addsf3x)
c:/program files (x86)/atmel/atmel toolchain/avr8 gcc/native/3.4.2.1002/avr8-gnu-toolchain/bin/../lib/gcc/avr/4.7.2/../../../../avr/lib/avr6\libm.a(asin.o)
                              navigation/AHRS.o (asin)
c:/program files (x86)/atmel/atmel toolchain/avr8 gcc/native/3.4.2.1002/avr8-gnu-toolchain/bin/../lib/gcc/avr/4.7.2/../../../../avr/lib/avr6\libm.a(atan2.o)
                              navigation/AHRS.o (atan2)
c:/program files (x86)/atmel/atmel toolchain/avr8 gcc/native/3.4.2.1002/avr8-gnu-toolchain/bin/../lib/gcc/avr/4.7.2/../../../../avr/lib/avr6\libm.a(atan.o)
                              c:/program files (x86)/atmel/atmel toolchain/avr8 gcc/native/3.4.2.1002/avr8-gnu-toolchain/bin/../lib/gcc/avr/4.7.2/../../../../avr/lib/avr6\libm.a(atan2.o) (atan)
c:/program files (x86)/atmel/atmel toolchain/avr8 gcc/native/3.4.2.1002/avr8-gnu-toolchain/bin/../lib/gcc/avr/4.7.2/../../../../avr/lib/avr6\libm.a(cmpsf2.o)
                              HelicopterMain.o (__nesf2)
c:/program files (x86)/atmel/atmel toolchain/avr8 gcc/native/3.4.2.1002/avr8-gnu-toolchain/bin/../lib/gcc/avr/4.7.2/../../../../avr/lib/avr6\libm.a(cos.o)
                              util/CoordinateUtil.o (cos)
c:/program files (x86)/atmel/atmel toolchain/avr8 gcc/native/3.4.2.1002/avr8-gnu-toolchain/bin/../lib/gcc/avr/4.7.2/../../../../avr/lib/avr6\libm.a(divsf3.o)
                              HelicopterMain.o (__divsf3)
c:/program files (x86)/atmel/atmel toolchain/avr8 gcc/native/3.4.2.1002/avr8-gnu-toolchain/bin/../lib/gcc/avr/4.7.2/../../../../avr/lib/avr6\libm.a(divsf3x.o)
                              c:/program files (x86)/atmel/atmel toolchain/avr8 gcc/native/3.4.2.1002/avr8-gnu-toolchain/bin/../lib/gcc/avr/4.7.2/../../../../avr/lib/avr6\libm.a(divsf3.o) (__divsf3x)
c:/program files (x86)/atmel/atmel toolchain/avr8 gcc/native/3.4.2.1002/avr8-gnu-toolchain/bin/../lib/gcc/avr/4.7.2/../../../../avr/lib/avr6\libm.a(fixsfsi.o)
                              tasks/NavigationTask.o (__fixsfsi)
c:/program files (x86)/atmel/atmel toolchain/avr8 gcc/native/3.4.2.1002/avr8-gnu-toolchain/bin/../lib/gcc/avr/4.7.2/../../../../avr/lib/avr6\libm.a(fixunssfsi.o)
                              drivers/SerialDriver.o (__fixunssfsi)
c:/program files (x86)/atmel/atmel toolchain/avr8 gcc/native/3.4.2.1002/avr8-gnu-toolchain/bin/../lib/gcc/avr/4.7.2/../../../../avr/lib/avr6\libm.a(floatsisf.o)
                              drivers/SerialDriver.o (__floatunsisf)
c:/program files (x86)/atmel/atmel toolchain/avr8 gcc/native/3.4.2.1002/avr8-gnu-toolchain/bin/../lib/gcc/avr/4.7.2/../../../../avr/lib/avr6\libm.a(floor.o)
                              drivers/SerialDriver.o (floor)
c:/program files (x86)/atmel/atmel toolchain/avr8 gcc/native/3.4.2.1002/avr8-gnu-toolchain/bin/../lib/gcc/avr/4.7.2/../../../../avr/lib/avr6\libm.a(fp_arccos.o)
                              c:/program files (x86)/atmel/atmel toolchain/avr8 gcc/native/3.4.2.1002/avr8-gnu-toolchain/bin/../lib/gcc/avr/4.7.2/../../../../avr/lib/avr6\libm.a(asin.o) (__fp_arccos)
c:/program files (x86)/atmel/atmel toolchain/avr8 gcc/native/3.4.2.1002/avr8-gnu-toolchain/bin/../lib/gcc/avr/4.7.2/../../../../avr/lib/avr6\libm.a(fp_cmp.o)
                              c:/program files (x86)/atmel/atmel toolchain/avr8 gcc/native/3.4.2.1002/avr8-gnu-toolchain/bin/../lib/gcc/avr/4.7.2/../../../../avr/lib/avr6\libm.a(cmpsf2.o) (__fp_cmp)
c:/program files (x86)/atmel/atmel toolchain/avr8 gcc/native/3.4.2.1002/avr8-gnu-toolchain/bin/../lib/gcc/avr/4.7.2/../../../../avr/lib/avr6\libm.a(fp_inf.o)
                              c:/program files (x86)/atmel/atmel toolchain/avr8 gcc/native/3.4.2.1002/avr8-gnu-toolchain/bin/../lib/gcc/avr/4.7.2/../../../../avr/lib/avr6\libm.a(addsf3x.o) (__fp_inf)
c:/program files (x86)/atmel/atmel toolchain/avr8 gcc/native/3.4.2.1002/avr8-gnu-toolchain/bin/../lib/gcc/avr/4.7.2/../../../../avr/lib/avr6\libm.a(fp_mintl.o)
                              c:/program files (x86)/atmel/atmel toolchain/avr8 gcc/native/3.4.2.1002/avr8-gnu-toolchain/bin/../lib/gcc/avr/4.7.2/../../../../avr/lib/avr6\libm.a(floor.o) (__fp_mintl)
c:/program files (x86)/atmel/atmel toolchain/avr8 gcc/native/3.4.2.1002/avr8-gnu-toolchain/bin/../lib/gcc/avr/4.7.2/../../../../avr/lib/avr6\libm.a(fp_mpack.o)
[...]
Memory Configuration

Name             Origin             Length             Attributes
text             0x00000000         0x00100000         xr
data             0x00800200         0x0000fe00         rw !x
eeprom           0x00810000         0x00010000         rw !x
fuse             0x00820000         0x00000400         rw !x
lock             0x00830000         0x00000400         rw !x
signature        0x00840000         0x00000400         rw !x
user_signatures  0x00850000         0x00000400         rw !x
*default*        0x00000000         0xffffffff

Linker script and memory map

Address of section .data set to 0x800200
LOAD c:/program files (x86)/atmel/atmel toolchain/avr8 gcc/native/3.4.2.1002/avr8-gnu-toolchain/bin/../lib/gcc/avr/4.7.2/../../../../avr/lib/avr6/crtm2560.o
LOAD buffer/Buffer.o
LOAD buffer/Record.o
LOAD controller/PIDController.o
LOAD drivers/SerialDriver.o
LOAD drivers/SPIDriver.o
LOAD drivers/TWIDriver.o
LOAD HelicopterMain.o
LOAD interfaces/GroundControlStationInterface.o
LOAD interfaces/RadioControllerInterface.o
LOAD messages/Message.o
LOAD messages/SyncMessage.o
LOAD messages/SystemTelemetryMessage.o
LOAD model/SystemModel.o
LOAD navigation/AHRS.o
LOAD scheduler/Scheduler.o
LOAD sensors/BarometerSensor.o
LOAD sensors/GPSSensor.o
LOAD sensors/IMUSensor.o
LOAD sensors/MagnetometerSensor.o
LOAD tasks/NavigationTask.o
LOAD tasks/PIDInnerLoopTask.o
LOAD tasks/PIDOuterLoopTask.o
LOAD tasks/ReadIMUSensorTask.o
LOAD tasks/SensorProcessingTask.o
LOAD tasks/SimTelemetryTask.o
LOAD tasks/Task.o
LOAD tasks/TransmitTelemetryTask.o
LOAD util/CommonHeader.o
LOAD util/CoordinateUtil.o
LOAD util/MatrixUtil.o
LOAD util/Timer.o
START GROUP
LOAD c:/program files (x86)/atmel/atmel toolchain/avr8 gcc/native/3.4.2.1002/avr8-gnu-toolchain/bin/../lib/gcc/avr/4.7.2/../../../../avr/lib/avr6\libm.a
END GROUP
LOAD c:/program files (x86)/atmel/atmel toolchain/avr8 gcc/native/3.4.2.1002/avr8-gnu-toolchain/bin/../lib/gcc/avr/4.7.2/avr6\libgcc.a
LOAD c:/program files (x86)/atmel/atmel toolchain/avr8 gcc/native/3.4.2.1002/avr8-gnu-toolchain/bin/../lib/gcc/avr/4.7.2/../../../../avr/lib/avr6\libm.a
LOAD c:/program files (x86)/atmel/atmel toolchain/avr8 gcc/native/3.4.2.1002/avr8-gnu-toolchain/bin/../lib/gcc/avr/4.7.2/avr6\libgcc.a
LOAD c:/program files (x86)/atmel/atmel toolchain/avr8 gcc/native/3.4.2.1002/avr8-gnu-toolchain/bin/../lib/gcc/avr/4.7.2/../../../../avr/lib/avr6\libc.a
LOAD c:/program files (x86)/atmel/atmel toolchain/avr8 gcc/native/3.4.2.1002/avr8-gnu-toolchain/bin/../lib/gcc/avr/4.7.2/avr6\libgcc.a

.hash
 *(.hash)

.dynsym
 *(.dynsym)

.dynstr
 *(.dynstr)

.gnu.version
 *(.gnu.version)

.gnu.version_d
 *(.gnu.version_d)

.gnu.version_r
 *(.gnu.version_r)

.rel.init
 *(.rel.init)

.rela.init
 *(.rela.init)

.rel.text
 *(.rel.text)
 *(.rel.text.*)
 *(.rel.gnu.linkonce.t*)

.rela.text
 *(.rela.text)
 *(.rela.text.*)
 *(.rela.gnu.linkonce.t*)

.rel.fini
 *(.rel.fini)

.rela.fini
 *(.rela.fini)

.rel.rodata
 *(.rel.rodata)
 *(.rel.rodata.*)
 *(.rel.gnu.linkonce.r*)

.rela.rodata
 *(.rela.rodata)
 *(.rela.rodata.*)
 *(.rela.gnu.linkonce.r*)

.rel.data
 *(.rel.data)
 *(.rel.data.*)
 *(.rel.gnu.linkonce.d*)

.rela.data
 *(.rela.data)
 *(.rela.data.*)
 *(.rela.gnu.linkonce.d*)

.rel.ctors
 *(.rel.ctors)

.rela.ctors
 *(.rela.ctors)

.rel.dtors
 *(.rel.dtors)

.rela.dtors
 *(.rela.dtors)

.rel.got
 *(.rel.got)

.rela.got
 *(.rela.got)

.rel.bss
 *(.rel.bss)

.rela.bss
 *(.rela.bss)

.rel.plt
 *(.rel.plt)

.rela.plt
 *(.rela.plt)

.text           0x00000000     0xdcaa
 *(.vectors)
 .vectors       0x00000000       0xe4 c:/program files (x86)/atmel/atmel toolchain/avr8 gcc/native/3.4.2.1002/avr8-gnu-toolchain/bin/../lib/gcc/avr/4.7.2/../../../../avr/lib/avr6/crtm2560.o
                0x00000000                __vector_default
                0x00000000                __vectors
 *(.vectors)
 *(.progmem.gcc*)
 .progmem.gcc_fplib
                0x000000e4       0x14 c:/program files (x86)/atmel/atmel toolchain/avr8 gcc/native/3.4.2.1002/avr8-gnu-toolchain/bin/../lib/gcc/avr/4.7.2/../../../../avr/lib/avr6\libm.a(asin.o)
 .progmem.gcc_fplib
                0x000000f8       0x2d c:/program files (x86)/atmel/atmel toolchain/avr8 gcc/native/3.4.2.1002/avr8-gnu-toolchain/bin/../lib/gcc/avr/4.7.2/../../../../avr/lib/avr6\libm.a(atan.o)
 .progmem.gcc_fplib
                0x00000125       0x28 c:/program files (x86)/atmel/atmel toolchain/avr8 gcc/native/3.4.2.1002/avr8-gnu-toolchain/bin/../lib/gcc/avr/4.7.2/../../../../avr/lib/avr6\libm.a(fp_arccos.o)
 .progmem.gcc_fplib
                0x0000014d       0x1e c:/program files (x86)/atmel/atmel toolchain/avr8 gcc/native/3.4.2.1002/avr8-gnu-toolchain/bin/../lib/gcc/avr/4.7.2/../../../../avr/lib/avr6\libm.a(fp_sinus.o)
 .progmem.gcc_fplib
                0x0000016b       0x5a c:/program files (x86)/atmel/atmel toolchain/avr8 gcc/native/3.4.2.1002/avr8-gnu-toolchain/bin/../lib/gcc/avr/4.7.2/../../../../avr/lib/avr6\libm.a(log.o)
 .progmem.gcc_fplib
                0x000001c5       0x28 c:/program files (x86)/atmel/atmel toolchain/avr8 gcc/native/3.4.2.1002/avr8-gnu-toolchain/bin/../lib/gcc/avr/4.7.2/../../../../avr/lib/avr6\libm.a(exp.o)
 *(.progmem*)
                0x000001ee                . = ALIGN (0x2)
 *fill*         0x000001ed        0x1 
                0x000001ee                __trampolines_start = .
 *(.trampolines)
 .trampolines   0x000001ee       0xb8 linker stubs
 *(.trampolines*)
                0x000002a6                __trampolines_end = .
 *(.jumptables)
 *(.jumptables*)
 *(.lowtext)
 *(.lowtext*)
                0x000002a6                __ctors_start = .
 *(.ctors)
                0x000002a6                __ctors_end = .
                0x000002a6                __dtors_start = .
 *(.dtors)
                0x000002a6                __dtors_end = .
 SORT(*)(.ctors)
 SORT(*)(.dtors)
 *(.init0)
 .init0         0x000002a6        0x0 c:/program files (x86)/atmel/atmel toolchain/avr8 gcc/native/3.4.2.1002/avr8-gnu-toolchain/bin/../lib/gcc/avr/4.7.2/../../../../avr/lib/avr6/crtm2560.o
                0x000002a6                __init
 *(.init0)
 *(.init1)
 *(.init1)
 *(.init2)
 .init2         0x000002a6       0x10 c:/program files (x86)/atmel/atmel toolchain/avr8 gcc/native/3.4.2.1002/avr8-gnu-toolchain/bin/../lib/gcc/avr/4.7.2/../../../../avr/lib/avr6/crtm2560.o
 *(.init2)
 *(.init3)
 *(.init3)
 *(.init4)
 .init4         0x000002b6       0x1a c:/program files (x86)/atmel/atmel toolchain/avr8 gcc/native/3.4.2.1002/avr8-gnu-toolchain/bin/../lib/gcc/avr/4.7.2/avr6\libgcc.a(_copy_data.o)
                0x000002b6                __do_copy_data
 .init4         0x000002d0       0x10 c:/program files (x86)/atmel/atmel toolchain/avr8 gcc/native/3.4.2.1002/avr8-gnu-toolchain/bin/../lib/gcc/avr/4.7.2/avr6\libgcc.a(_clear_bss.o)
                0x000002d0                __do_clear_bss
 *(.init4)
 *(.init5)
 *(.init5)
 *(.init6)
 *(.init6)
 *(.init7)
 *(.init7)
 *(.init8)
 *(.init8)
 *(.init9)
 .init9         0x000002e0        0x8 c:/program files (x86)/atmel/atmel toolchain/avr8 gcc/native/3.4.2.1002/avr8-gnu-toolchain/bin/../lib/gcc/avr/4.7.2/../../../../avr/lib/avr6/crtm2560.o
 *(.init9)
 *(.text)
 .text          0x000002e8        0x4 c:/program files (x86)/atmel/atmel toolchain/avr8 gcc/native/3.4.2.1002/avr8-gnu-toolchain/bin/../lib/gcc/avr/4.7.2/../../../../avr/lib/avr6/crtm2560.o
                0x000002e8                __vector_38
                0x000002e8                __vector_22
                0x000002e8                __vector_28
                0x000002e8                __vector_1
                0x000002e8                __vector_32
                0x000002e8                __vector_34
                0x000002e8                __vector_24
                0x000002e8                __vector_12
                0x000002e8                __vector_55
                0x000002e8                __bad_interrupt
                0x000002e8                __vector_6
                0x000002e8                __vector_31
                0x000002e8                __vector_35
                0x000002e8                __vector_39
                0x000002e8                __vector_3
                0x000002e8                __vector_23
                0x000002e8                __vector_30
                0x000002e8                __vector_45
                0x000002e8                __vector_25
                0x000002e8                __vector_11
                0x000002e8                __vector_54
                0x000002e8                __vector_13
                0x000002e8                __vector_19
                0x000002e8                __vector_56
                0x000002e8                __vector_7
                0x000002e8                __vector_49
                0x000002e8                __vector_41
                0x000002e8                __vector_43
                0x000002e8                __vector_27
                0x000002e8                __vector_5
                0x000002e8                __vector_33
                0x000002e8                __vector_47
                0x000002e8                __vector_52
                0x000002e8                __vector_37
                0x000002e8                __vector_4
                0x000002e8                __vector_44
                0x000002e8                __vector_51
                0x000002e8                __vector_9
                0x000002e8                __vector_2
                0x000002e8                __vector_21
                0x000002e8                __vector_15
                0x000002e8                __vector_36
                0x000002e8                __vector_29
                0x000002e8                __vector_40
                0x000002e8                __vector_8
                0x000002e8                __vector_26
                0x000002e8                __vector_48
                0x000002e8                __vector_14
                0x000002e8                __vector_53
                0x000002e8                __vector_10
                0x000002e8                __vector_50
                0x000002e8                __vector_16
                0x000002e8                __vector_18
                0x000002e8                __vector_20
                0x000002e8                __vector_42
                0x000002ec                . = ALIGN (0x2)
 *(.text.*)
 .text._ZNK10helicopter5model11SystemModel19ReferenceMagYawRadsEv
                0x000002ec       0x2c controller/PIDController.o
                0x000002ec                _ZNK10helicopter5model11SystemModel19ReferenceMagYawRadsEv
 .text._ZNK10helicopter5model11SystemModel10YawControlEv
                0x00000318       0x2c controller/PIDController.o
                0x00000318                _ZNK10helicopter5model11SystemModel10YawControlEv
 .text._ZN10helicopter5model11SystemModel10YawControlEf
                0x00000344       0x40 controller/PIDController.o
                0x00000344                _ZN10helicopter5model11SystemModel10YawControlEf
 .text._ZNK10helicopter5model11SystemModel37YawControlBeforeServoLimitsAdjustmentEv
                0x00000384       0x2c controller/PIDController.o
                0x00000384                _ZNK10helicopter5model11SystemModel37YawControlBeforeServoLimitsAdjustmentEv
 .text._ZN10helicopter5model11SystemModel37YawControlBeforeServoLimitsAdjustmentEf
                0x000003b0       0x40 controller/PIDController.o
                0x000003b0                _ZN10helicopter5model11SystemModel37YawControlBeforeServoLimitsAdjustmentEf
 .text._ZNK10helicopter5model11SystemModel33ReferenceYawVelocityRadsPerSecondEv
                0x000003f0       0x2c controller/PIDController.o
                0x000003f0                _ZNK10helicopter5model11SystemModel33ReferenceYawVelocityRadsPerSecondEv
 .text._ZNK10helicopter5model11SystemModel11YawIntegralEv
                0x0000041c       0x2c controller/PIDController.o
                0x0000041c                _ZNK10helicopter5model11SystemModel11YawIntegralEv
 .text._ZN10helicopter5model11SystemModel11YawIntegralEf
                0x00000448       0x40 controller/PIDController.o
                0x00000448                _ZN10helicopter5model11SystemModel11YawIntegralEf
 .text._ZN10helicopter5model11SystemModel15YawProportionalEf
                0x00000488       0x40 controller/PIDController.o
                0x00000488                _ZN10helicopter5model11SystemModel15YawProportionalEf
 .text._ZN10helicopter5model11SystemModel18YawDerivativeErrorEf
                0x000004c8       0x40 controller/PIDController.o
                0x000004c8                _ZN10helicopter5model11SystemModel18YawDerivativeErrorEf
 .text._ZNK10helicopter5model11SystemModel16XNEDLocalFrameCmEv
                0x00000508       0x2c controller/PIDController.o
                0x00000508                _ZNK10helicopter5model11SystemModel16XNEDLocalFrameCmEv
 .text._ZNK10helicopter5model11SystemModel25ReferenceXNEDLocalFrameCmEv
                0x00000534       0x2c controller/PIDController.o
                0x00000534                _ZNK10helicopter5model11SystemModel25ReferenceXNEDLocalFrameCmEv
 .text._ZNK10helicopter5model11SystemModel43LongitudeControlBeforeServoLimitsAdjustmentEv
                0x00000560       0x2c controller/PIDController.o
                0x00000560                _ZNK10helicopter5model11SystemModel43LongitudeControlBeforeServoLimitsAdjustmentEv
 .text._ZN10helicopter5model11SystemModel43LongitudeControlBeforeServoLimitsAdjustmentEf
                0x0000058c       0x40 controller/PIDController.o
                0x0000058c                _ZN10helicopter5model11SystemModel43LongitudeControlBeforeServoLimitsAdjustmentEf
 .text._ZNK10helicopter5model11SystemModel16LongitudeControlEv
                0x000005cc       0x2c controller/PIDController.o
                0x000005cc                _ZNK10helicopter5model11SystemModel16LongitudeControlEv
 .text._ZN10helicopter5model11SystemModel16LongitudeControlEf
                0x000005f8       0x40 controller/PIDController.o
                0x000005f8                _ZN10helicopter5model11SystemModel16LongitudeControlEf
 .text._ZNK10helicopter5model11SystemModel15XVelocityFRDCmsEv
                0x00000638       0x2c controller/PIDController.o
                0x00000638                _ZNK10helicopter5model11SystemModel15XVelocityFRDCmsEv
 .text._ZNK10helicopter5model11SystemModel21ReferenceXVelocityCmsEv
                0x00000664       0x2c controller/PIDController.o
                0x00000664                _ZNK10helicopter5model11SystemModel21ReferenceXVelocityCmsEv
 .text._ZNK10helicopter5model11SystemModel27XLongitudeOuterLoopSetpointEv
                0x00000690       0x2c controller/PIDController.o
                0x00000690                _ZNK10helicopter5model11SystemModel27XLongitudeOuterLoopSetpointEv
 .text._ZN10helicopter5model11SystemModel27XLongitudeOuterLoopSetpointEf
                0x000006bc       0x40 controller/PIDController.o
                0x000006bc                _ZN10helicopter5model11SystemModel27XLongitudeOuterLoopSetpointEf
 .text._ZN10helicopter5model11SystemModel13XProportionalEf
                0x000006fc       0x40 controller/PIDController.o
                0x000006fc                _ZN10helicopter5model11SystemModel13XProportionalEf
 .text._ZNK10helicopter5model11SystemModel9XIntegralEv
                0x0000073c       0x2e controller/PIDController.o
                0x0000073c                _ZNK10helicopter5model11SystemModel9XIntegralEv
 .text._ZN10helicopter5model11SystemModel9XIntegralEf
                0x0000076a       0x46 controller/PIDController.o
                0x0000076a                _ZN10helicopter5model11SystemModel9XIntegralEf
 .text._ZN10helicopter5model11SystemModel16XDerivativeErrorEf
                0x000007b0       0x46 controller/PIDController.o
                0x000007b0                _ZN10helicopter5model11SystemModel16XDerivativeErrorEf
 .text._ZNK10helicopter5model11SystemModel16YNEDLocalFrameCmEv
                0x000007f6       0x30 controller/PIDController.o
                0x000007f6                _ZNK10helicopter5model11SystemModel16YNEDLocalFrameCmEv
 .text._ZNK10helicopter5model11SystemModel25ReferenceYNEDLocalFrameCmEv
                0x00000826       0x30 controller/PIDController.o
                0x00000826                _ZNK10helicopter5model11SystemModel25ReferenceYNEDLocalFrameCmEv
 .text._ZNK10helicopter5model11SystemModel41LateralControlBeforeServoLimitsAdjustmentEv
                0x00000856       0x30 controller/PIDController.o
                0x00000856                _ZNK10helicopter5model11SystemModel41LateralControlBeforeServoLimitsAdjustmentEv
 .text._ZN10helicopter5model11SystemModel41LateralControlBeforeServoLimitsAdjustmentEf
                0x00000886       0x46 controller/PIDController.o
                0x00000886                _ZN10helicopter5model11SystemModel41LateralControlBeforeServoLimitsAdjustmentEf
 .text._ZNK10helicopter5model11SystemModel14LateralControlEv
                0x000008cc       0x30 controller/PIDController.o
                0x000008cc                _ZNK10helicopter5model11SystemModel14LateralControlEv
 .text._ZN10helicopter5model11SystemModel14LateralControlEf
                0x000008fc       0x46 controller/PIDController.o
                0x000008fc                _ZN10helicopter5model11SystemModel14LateralControlEf
 .text._ZNK10helicopter5model11SystemModel15YVelocityFRDCmsEv
                0x00000942       0x30 controller/PIDController.o
                0x00000942                _ZNK10helicopter5model11SystemModel15YVelocityFRDCmsEv
 .text._ZNK10helicopter5model11SystemModel21ReferenceYVelocityCmsEv
                0x00000972       0x30 controller/PIDController.o
                0x00000972                _ZNK10helicopter5model11SystemModel21ReferenceYVelocityCmsEv
 .text._ZNK10helicopter5model11SystemModel25YLateralOuterLoopSetpointEv
                0x000009a2       0x30 controller/PIDController.o
                0x000009a2                _ZNK10helicopter5model11SystemModel25YLateralOuterLoopSetpointEv
 .text._ZN10helicopter5model11SystemModel25YLateralOuterLoopSetpointEf
                0x000009d2       0x46 controller/PIDController.o
                0x000009d2                _ZN10helicopter5model11SystemModel25YLateralOuterLoopSetpointEf
 .text._ZN10helicopter5model11SystemModel13YProportionalEf
                0x00000a18       0x46 controller/PIDController.o
                0x00000a18                _ZN10helicopter5model11SystemModel13YProportionalEf
 .text._ZNK10helicopter5model11SystemModel9YIntegralEv
                0x00000a5e       0x30 controller/PIDController.o
                0x00000a5e                _ZNK10helicopter5model11SystemModel9YIntegralEv
 .text._ZN10helicopter5model11SystemModel9YIntegralEf
                0x00000a8e       0x46 controller/PIDController.o
                0x00000a8e                _ZN10helicopter5model11SystemModel9YIntegralEf
 .text._ZN10helicopter5model11SystemModel16YDerivativeErrorEf
                0x00000ad4       0x46 controller/PIDController.o
                0x00000ad4                _ZN10helicopter5model11SystemModel16YDerivativeErrorEf
 .text._ZNK10helicopter5model11SystemModel16ZNEDLocalFrameCmEv
                0x00000b1a       0x30 controller/PIDController.o
                0x00000b1a                _ZNK10helicopter5model11SystemModel16ZNEDLocalFrameCmEv
 .text._ZNK10helicopter5model11SystemModel25ReferenceZNEDLocalFrameCmEv
                0x00000b4a       0x30 controller/PIDController.o
                0x00000b4a                _ZNK10helicopter5model11SystemModel25ReferenceZNEDLocalFrameCmEv
 .text._ZNK10helicopter5model11SystemModel26MainRotorCollectiveControlEv
                0x00000b7a       0x30 controller/PIDController.o
                0x00000b7a                _ZNK10helicopter5model11SystemModel26MainRotorCollectiveControlEv
 .text._ZN10helicopter5model11SystemModel26MainRotorCollectiveControlEf
                0x00000baa       0x46 controller/PIDController.o
                0x00000baa                _ZN10helicopter5model11SystemModel26MainRotorCollectiveControlEf
 .text._ZNK10helicopter5model11SystemModel43MainRotorControlBeforeServoLimitsAdjustmentEv
                0x00000bf0       0x30 controller/PIDController.o
                0x00000bf0                _ZNK10helicopter5model11SystemModel43MainRotorControlBeforeServoLimitsAdjustmentEv
 .text._ZN10helicopter5model11SystemModel43MainRotorControlBeforeServoLimitsAdjustmentEf
                0x00000c20       0x46 controller/PIDController.o
                0x00000c20                _ZN10helicopter5model11SystemModel43MainRotorControlBeforeServoLimitsAdjustmentEf
 .text._ZNK10helicopter5model11SystemModel15ZVelocityFRDCmsEv
                0x00000c66       0x30 controller/PIDController.o
                0x00000c66                _ZNK10helicopter5model11SystemModel15ZVelocityFRDCmsEv
 .text._ZNK10helicopter5model11SystemModel21ReferenceZVelocityCmsEv
                0x00000c96       0x30 controller/PIDController.o
                0x00000c96                _ZNK10helicopter5model11SystemModel21ReferenceZVelocityCmsEv
 .text._ZNK10helicopter5model11SystemModel9ZIntegralEv
                0x00000cc6       0x30 controller/PIDController.o
                0x00000cc6                _ZNK10helicopter5model11SystemModel9ZIntegralEv
 .text._ZN10helicopter5model11SystemModel9ZIntegralEf
                0x00000cf6       0x46 controller/PIDController.o
                0x00000cf6                _ZN10helicopter5model11SystemModel9ZIntegralEf
 .text._ZN10helicopter5model11SystemModel13ZProportionalEf
                0x00000d3c       0x46 controller/PIDController.o
                0x00000d3c                _ZN10helicopter5model11SystemModel13ZProportionalEf
 .text._ZN10helicopter5model11SystemModel16ZDerivativeErrorEf
                0x00000d82       0x46 controller/PIDController.o
                0x00000d82                _ZN10helicopter5model11SystemModel16ZDerivativeErrorEf
 .text._ZNK10helicopter5model11SystemModel11BlownFramesEv
                0x00000dc8       0x30 controller/PIDController.o
                0x00000dc8                _ZNK10helicopter5model11SystemModel11BlownFramesEv
 .text._ZN10helicopter5model11SystemModel11BlownFramesEl
                0x00000df8       0x46 controller/PIDController.o
                0x00000df8                _ZN10helicopter5model11SystemModel11BlownFramesEl
 .text._ZNK10helicopter5model11SystemModel16OperationalStateEv
                0x00000e3e       0x22 controller/PIDController.o
                0x00000e3e                _ZNK10helicopter5model11SystemModel16OperationalStateEv
 .text._ZNK10helicopter5model11SystemModel31YawAngularVelocityRadsPerSecondEv
                0x00000e60       0x30 controller/PIDController.o
                0x00000e60                _ZNK10helicopter5model11SystemModel31YawAngularVelocityRadsPerSecondEv
 .text._ZNK10helicopter5model11SystemModel33PitchAngularVelocityRadsPerSecondEv
                0x00000e90       0x30 controller/PIDController.o
                0x00000e90                _ZNK10helicopter5model11SystemModel33PitchAngularVelocityRadsPerSecondEv
 .text._ZNK10helicopter5model11SystemModel32RollAngularVelocityRadsPerSecondEv
                0x00000ec0       0x30 controller/PIDController.o
                0x00000ec0                _ZNK10helicopter5model11SystemModel32RollAngularVelocityRadsPerSecondEv
 .text._ZNK10helicopter5model11SystemModel7YawRadsEv
                0x00000ef0       0x30 controller/PIDController.o
                0x00000ef0                _ZNK10helicopter5model11SystemModel7YawRadsEv
 .text._ZNK10helicopter5model11SystemModel9PitchRadsEv
                0x00000f20       0x30 controller/PIDController.o
                0x00000f20                _ZNK10helicopter5model11SystemModel9PitchRadsEv
 .text._ZNK10helicopter5model11SystemModel8RollRadsEv
                0x00000f50       0x30 controller/PIDController.o
                0x00000f50                _ZNK10helicopter5model11SystemModel8RollRadsEv
 .text._ZN10helicopter10controller13PIDControllerC2EPNS_5model11SystemModelE
                0x00000f80      0x202 controller/PIDController.o
                0x00000f80                _ZN10helicopter10controller13PIDControllerC2EPNS_5model11SystemModelE
                0x00000f80                _ZN10helicopter10controller13PIDControllerC1EPNS_5model11SystemModelE
 .text._ZN10helicopter10controller13PIDController21calculateProportionalEff
                0x00001182       0x5e controller/PIDController.o
                0x00001182                _ZN10helicopter10controller13PIDController21calculateProportionalEff
 .text._ZN10helicopter10controller13PIDController27calculateIntegralAntiWindupEfff
                0x000011e0       0xa2 controller/PIDController.o
                0x000011e0                _ZN10helicopter10controller13PIDController27calculateIntegralAntiWindupEfff
 .text._ZN10helicopter10controller13PIDController17calculateIntegralEffff
                0x00001282       0xfc controller/PIDController.o
                0x00001282                _ZN10helicopter10controller13PIDController17calculateIntegralEffff
 .text._ZN10helicopter10controller13PIDController22calculateVelocityErrorEff
                0x0000137e       0x5e controller/PIDController.o
                0x0000137e                _ZN10helicopter10controller13PIDController22calculateVelocityErrorEff
 .text._ZN10helicopter10controller13PIDController30calculateOuterLoopControlValueEfffffi
                0x000013dc      0x10e controller/PIDController.o
                0x000013dc                _ZN10helicopter10controller13PIDController30calculateOuterLoopControlValueEfffffi
 .text._ZN10helicopter10controller13PIDController27adjustControlForServoLimitsEfff
                0x000014ea       0xb8 controller/PIDController.o
                0x000014ea                _ZN10helicopter10controller13PIDController27adjustControlForServoLimitsEfff
 .text._Z30calculateInnerLoopControlValuefffff
                0x000015a2       0xc2 controller/PIDController.o
                0x000015a2                _Z30calculateInnerLoopControlValuefffff
 .text._ZN10helicopter10controller13PIDController23adjustForSetpointLimitsEfff
                0x00001664       0xb8 controller/PIDController.o
                0x00001664                _ZN10helicopter10controller13PIDController23adjustForSetpointLimitsEfff
 .text._ZN10helicopter10controller13PIDController13addBlownFrameEv
                0x0000171c       0x46 controller/PIDController.o
                0x0000171c                _ZN10helicopter10controller13PIDController13addBlownFrameEv
 .text._ZN10helicopter10controller13PIDController35convertYawErrorFrom2PitoPlusMinusPiEf
                0x00001762       0xa8 controller/PIDController.o
                0x00001762                _ZN10helicopter10controller13PIDController35convertYawErrorFrom2PitoPlusMinusPiEf
 .text._ZN10helicopter10controller13PIDController15outerLoopUpdateEv
                0x0000180a      0x308 controller/PIDController.o
                0x0000180a                _ZN10helicopter10controller13PIDController15outerLoopUpdateEv
 .text._ZN10helicopter10controller13PIDController34tailRotorCollectiveOuterLoopUpdateEv
                0x00001b12      0x2e8 controller/PIDController.o
                0x00001b12                _ZN10helicopter10controller13PIDController34tailRotorCollectiveOuterLoopUpdateEv
 .text._ZN10helicopter10controller13PIDController34mainRotorCollectiveOuterLoopUpdateEf
                0x00001dfa      0x29c controller/PIDController.o
                0x00001dfa                _ZN10helicopter10controller13PIDController34mainRotorCollectiveOuterLoopUpdateEf
 .text._ZN10helicopter10controller13PIDController30cyclicLongitudeOuterLoopUpdateEf
                0x00002096      0x270 controller/PIDController.o
                0x00002096                _ZN10helicopter10controller13PIDController30cyclicLongitudeOuterLoopUpdateEf
 .text._ZN10helicopter10controller13PIDController28cyclicLateralOuterLoopUpdateEf
                0x00002306      0x274 controller/PIDController.o
                0x00002306                _ZN10helicopter10controller13PIDController28cyclicLateralOuterLoopUpdateEf
 .text._ZN10helicopter10controller13PIDController30cyclicLongitudeInnerLoopUpdateEv
                0x0000257a      0x1a0 controller/PIDController.o
                0x0000257a                _ZN10helicopter10controller13PIDController30cyclicLongitudeInnerLoopUpdateEv
 .text._ZN10helicopter10controller13PIDController28cyclicLateralInnerLoopUpdateEv
                0x0000271a      0x1a2 controller/PIDController.o
                0x0000271a                _ZN10helicopter10controller13PIDController28cyclicLateralInnerLoopUpdateEv
 .text._ZN10helicopter7drivers12SerialDriverD2Ev
                0x000028bc       0x3c drivers/SerialDriver.o
                0x000028bc                _ZN10helicopter7drivers12SerialDriverD1Ev
                0x000028bc                _ZN10helicopter7drivers12SerialDriverD2Ev
 .text._ZN10helicopter7drivers12SerialDriverD0Ev
                0x000028f8       0x2a drivers/SerialDriver.o
                0x000028f8                _ZN10helicopter7drivers12SerialDriverD0Ev
 .text._ZN10helicopter7drivers12SerialDriver10startTimerEv
                0x00002922       0x36 drivers/SerialDriver.o
                0x00002922                _ZN10helicopter7drivers12SerialDriver10startTimerEv
 .text._ZN10helicopter7drivers12SerialDriver9stopTimerEv
                0x00002958       0x36 drivers/SerialDriver.o
                0x00002958                _ZN10helicopter7drivers12SerialDriver9stopTimerEv
 .text._ZN10helicopter7drivers12SerialDriver4initEv
                0x0000298e      0x1f2 drivers/SerialDriver.o
                0x0000298e                _ZN10helicopter7drivers12SerialDriver4initEv
 .text._ZN10helicopter7drivers12SerialDriver8transmitEf
                0x00002b80       0xfe drivers/SerialDriver.o
                0x00002b80                _ZN10helicopter7drivers12SerialDriver8transmitEf
 .text._ZN10helicopter7drivers12SerialDriver8transmitEi
                0x00002c7e       0x8e drivers/SerialDriver.o
                0x00002c7e                _ZN10helicopter7drivers12SerialDriver8transmitEi
 .text._ZN10helicopter7drivers12SerialDriver8transmitEm
                0x00002d0c      0x114 drivers/SerialDriver.o
                0x00002d0c                _ZN10helicopter7drivers12SerialDriver8transmitEm
 .text._ZN10helicopter7drivers12SerialDriver8transmitEl
                0x00002e20      0x11c drivers/SerialDriver.o
                0x00002e20                _ZN10helicopter7drivers12SerialDriver8transmitEl
 .text._ZN10helicopter7drivers12SerialDriver8transmitEx
                0x00002f3c      0x2c2 drivers/SerialDriver.o
                0x00002f3c                _ZN10helicopter7drivers12SerialDriver8transmitEx
 .text._ZN10helicopter7drivers12SerialDriver8transmitEh
                0x000031fe      0x110 drivers/SerialDriver.o
                0x000031fe                _ZN10helicopter7drivers12SerialDriver8transmitEh
 .text._ZN10helicopter7drivers12SerialDriver7receiveERh
                0x0000330e      0x15a drivers/SerialDriver.o
                0x0000330e                _ZN10helicopter7drivers12SerialDriver7receiveERh
 .text._ZN10helicopter7drivers9SPIDriver4initEv
                0x00003468       0x6c drivers/SPIDriver.o
                0x00003468                _ZN10helicopter7drivers9SPIDriver4initEv
 .text._ZN10helicopter7drivers9SPIDriver16beginTransactionEv
                0x000034d4       0x58 drivers/SPIDriver.o
                0x000034d4                _ZN10helicopter7drivers9SPIDriver16beginTransactionEv
 .text._ZN10helicopter7drivers9SPIDriver14endTransactionEv
                0x0000352c       0x58 drivers/SPIDriver.o
                0x0000352c                _ZN10helicopter7drivers9SPIDriver14endTransactionEv
 .text._ZN10helicopter7drivers9SPIDriver5writeEh
                0x00003584       0x3c drivers/SPIDriver.o
                0x00003584                _ZN10helicopter7drivers9SPIDriver5writeEh
 .text._ZN10helicopter7drivers9SPIDriver16transactionWriteEhh
                0x000035c0       0x46 drivers/SPIDriver.o
                0x000035c0                _ZN10helicopter7drivers9SPIDriver16transactionWriteEhh
 .text._ZN10helicopter5tasks4TaskD2Ev
                0x00003606       0x3c HelicopterMain.o
                0x00003606                _ZN10helicopter5tasks4TaskD2Ev
                0x00003606                _ZN10helicopter5tasks4TaskD1Ev
 .text._ZN10helicopter5tasks4TaskD0Ev
                0x00003642       0x2a HelicopterMain.o
                0x00003642                _ZN10helicopter5tasks4TaskD0Ev
 .text._ZN10helicopter5tasks12FlashLEDTaskC2Eiii
                0x0000366c       0x6c HelicopterMain.o
                0x0000366c                _ZN10helicopter5tasks12FlashLEDTaskC2Eiii
                0x0000366c                _ZN10helicopter5tasks12FlashLEDTaskC1Eiii
 .text._ZN10helicopter5tasks12FlashLEDTask4initEv
                0x000036d8       0x48 HelicopterMain.o
                0x000036d8                _ZN10helicopter5tasks12FlashLEDTask4initEv
 .text._ZN10helicopter5tasks12FlashLEDTask11runTaskImplEv
                0x00003720       0x98 HelicopterMain.o
                0x00003720                _ZN10helicopter5tasks12FlashLEDTask11runTaskImplEv
 .text._ZN10helicopter9scheduler9Scheduler13hasBlownFrameEv
                0x000037b8       0x22 HelicopterMain.o
                0x000037b8                _ZN10helicopter9scheduler9Scheduler13hasBlownFrameEv
 .text._ZN10helicopter4util5TimerC2Em9PRESCALERm
                0x000037da       0x80 HelicopterMain.o
                0x000037da                _ZN10helicopter4util5TimerC2Em9PRESCALERm
                0x000037da                _ZN10helicopter4util5TimerC1Em9PRESCALERm
 .text._ZN10helicopter7drivers12SerialDriverC2EmNS1_8UartPortEbPNS_4util5TimerE
                0x0000385a       0x8c HelicopterMain.o
                0x0000385a                _ZN10helicopter7drivers12SerialDriverC2EmNS1_8UartPortEbPNS_4util5TimerE
                0x0000385a                _ZN10helicopter7drivers12SerialDriverC1EmNS1_8UartPortEbPNS_4util5TimerE
 .text._ZN10helicopter10interfaces29GroundControlStationInterfaceC2EPNS_7drivers12SerialDriverE
                0x000038e6       0x30 HelicopterMain.o
                0x000038e6                _ZN10helicopter10interfaces29GroundControlStationInterfaceC1EPNS_7drivers12SerialDriverE
                0x000038e6                _ZN10helicopter10interfaces29GroundControlStationInterfaceC2EPNS_7drivers12SerialDriverE
 .text._ZN10helicopter5model11SystemModelC2Ev
                0x00003916      0x518 HelicopterMain.o
                0x00003916                _ZN10helicopter5model11SystemModelC1Ev
                0x00003916                _ZN10helicopter5model11SystemModelC2Ev
 .text._ZN10helicopter5model11SystemModel19ReferenceMagYawRadsEf
                0x00003e2e       0x40 HelicopterMain.o
                0x00003e2e                _ZN10helicopter5model11SystemModel19ReferenceMagYawRadsEf
 .text._ZN10helicopter5model11SystemModel33ReferenceYawVelocityRadsPerSecondEf
                0x00003e6e       0x40 HelicopterMain.o
                0x00003e6e                _ZN10helicopter5model11SystemModel33ReferenceYawVelocityRadsPerSecondEf
 .text._ZN10helicopter5model11SystemModel25ReferenceXNEDLocalFrameCmEf
                0x00003eae       0x40 HelicopterMain.o
                0x00003eae                _ZN10helicopter5model11SystemModel25ReferenceXNEDLocalFrameCmEf
 .text._ZN10helicopter5model11SystemModel21ReferenceXVelocityCmsEf
                0x00003eee       0x40 HelicopterMain.o
                0x00003eee                _ZN10helicopter5model11SystemModel21ReferenceXVelocityCmsEf
 .text._ZN10helicopter5model11SystemModel25ReferenceYNEDLocalFrameCmEf
                0x00003f2e       0x46 HelicopterMain.o
                0x00003f2e                _ZN10helicopter5model11SystemModel25ReferenceYNEDLocalFrameCmEf
 .text._ZN10helicopter5model11SystemModel21ReferenceYVelocityCmsEf
                0x00003f74       0x46 HelicopterMain.o
                0x00003f74                _ZN10helicopter5model11SystemModel21ReferenceYVelocityCmsEf
 .text._ZN10helicopter5model11SystemModel25ReferenceZNEDLocalFrameCmEf
                0x00003fba       0x46 HelicopterMain.o
                0x00003fba                _ZN10helicopter5model11SystemModel25ReferenceZNEDLocalFrameCmEf
 .text._ZN10helicopter5model11SystemModel21ReferenceZVelocityCmsEf
                0x00004000       0x46 HelicopterMain.o
                0x00004000                _ZN10helicopter5model11SystemModel21ReferenceZVelocityCmsEf
 .text._ZNK10helicopter5model11SystemModel15LatitudeDegreesEv
                0x00004046       0x30 HelicopterMain.o
                0x00004046                _ZNK10helicopter5model11SystemModel15LatitudeDegreesEv
 .text._ZNK10helicopter5model11SystemModel16LongitudeDegreesEv
                0x00004076       0x30 HelicopterMain.o
                0x00004076                _ZNK10helicopter5model11SystemModel16LongitudeDegreesEv
 .text._ZN10helicopter5model11SystemModel20InitialXPositionEcefEl
                0x000040a6       0x4c HelicopterMain.o
                0x000040a6                _ZN10helicopter5model11SystemModel20InitialXPositionEcefEl
 .text._ZN10helicopter5model11SystemModel20InitialYPositionEcefEl
                0x000040f2       0x4c HelicopterMain.o
                0x000040f2                _ZN10helicopter5model11SystemModel20InitialYPositionEcefEl
 .text._ZN10helicopter5model11SystemModel20InitialZPositionEcefEl
                0x0000413e       0x4c HelicopterMain.o
                0x0000413e                _ZN10helicopter5model11SystemModel20InitialZPositionEcefEl
 .text._ZN10helicopter5model11SystemModel16OperationalStateENS1_14OperatingStateE
                0x0000418a       0x26 HelicopterMain.o
                0x0000418a                _ZN10helicopter5model11SystemModel16OperationalStateENS1_14OperatingStateE
 .text._ZNK10helicopter5model11SystemModel7XEcefCmEv
                0x000041b0       0x30 HelicopterMain.o
                0x000041b0                _ZNK10helicopter5model11SystemModel7XEcefCmEv
 .text._ZNK10helicopter5model11SystemModel7YEcefCmEv
                0x000041e0       0x30 HelicopterMain.o
                0x000041e0                _ZNK10helicopter5model11SystemModel7YEcefCmEv
 .text._ZNK10helicopter5model11SystemModel7ZEcefCmEv
                0x00004210       0x30 HelicopterMain.o
                0x00004210                _ZNK10helicopter5model11SystemModel7ZEcefCmEv
 .text._ZNK10helicopter5model11SystemModel17PressureMillibarsEv
                0x00004240       0x30 HelicopterMain.o
                0x00004240                _ZNK10helicopter5model11SystemModel17PressureMillibarsEv
 .text._ZN10helicopter5model11SystemModel17InitialAltitudeCmEf
                0x00004270       0x46 HelicopterMain.o
                0x00004270                _ZN10helicopter5model11SystemModel17InitialAltitudeCmEf
 .text._ZN10helicopter10controller13PIDController16setXIntegralGainEf
                0x000042b6       0x40 HelicopterMain.o
                0x000042b6                _ZN10helicopter10controller13PIDController16setXIntegralGainEf
 .text._ZN10helicopter10controller13PIDController18setXDerivativeGainEf
                0x000042f6       0x40 HelicopterMain.o
                0x000042f6                _ZN10helicopter10controller13PIDController18setXDerivativeGainEf
 .text._ZN10helicopter10controller13PIDController20setXProportionalGainEf
                0x00004336       0x40 HelicopterMain.o
                0x00004336                _ZN10helicopter10controller13PIDController20setXProportionalGainEf
 .text._ZN10helicopter10controller13PIDController18setXAntiWindupGainEf
                0x00004376       0x40 HelicopterMain.o
                0x00004376                _ZN10helicopter10controller13PIDController18setXAntiWindupGainEf
 .text._ZN10helicopter10controller13PIDController25setLongitudeInnerLoopGainEf
                0x000043b6       0x40 HelicopterMain.o
                0x000043b6                _ZN10helicopter10controller13PIDController25setLongitudeInnerLoopGainEf
 .text._ZN10helicopter10controller13PIDController27setPitchAngularVelocityGainEf
                0x000043f6       0x40 HelicopterMain.o
                0x000043f6                _ZN10helicopter10controller13PIDController27setPitchAngularVelocityGainEf
 .text._ZN10helicopter10controller13PIDController32setMinLongitudeServoControlValueEf
                0x00004436       0x46 HelicopterMain.o
                0x00004436                _ZN10helicopter10controller13PIDController32setMinLongitudeServoControlValueEf
 .text._ZN10helicopter10controller13PIDController32setMaxLongitudeServoControlValueEf
                0x0000447c       0x46 HelicopterMain.o
                0x0000447c                _ZN10helicopter10controller13PIDController32setMaxLongitudeServoControlValueEf
 .text._ZN10helicopter10controller13PIDController16setYIntegralGainEf
                0x000044c2       0x40 HelicopterMain.o
                0x000044c2                _ZN10helicopter10controller13PIDController16setYIntegralGainEf
 .text._ZN10helicopter10controller13PIDController18setYDerivativeGainEf
                0x00004502       0x40 HelicopterMain.o
                0x00004502                _ZN10helicopter10controller13PIDController18setYDerivativeGainEf
 .text._ZN10helicopter10controller13PIDController20setYProportionalGainEf
                0x00004542       0x40 HelicopterMain.o
                0x00004542                _ZN10helicopter10controller13PIDController20setYProportionalGainEf
 .text._ZN10helicopter10controller13PIDController18setYAntiWindupGainEf
                0x00004582       0x40 HelicopterMain.o
                0x00004582                _ZN10helicopter10controller13PIDController18setYAntiWindupGainEf
 .text._ZN10helicopter10controller13PIDController23setLateralInnerLoopGainEf
                0x000045c2       0x40 HelicopterMain.o
                0x000045c2                _ZN10helicopter10controller13PIDController23setLateralInnerLoopGainEf
 .text._ZN10helicopter10controller13PIDController26setRollAngularVelocityGainEf
                0x00004602       0x46 HelicopterMain.o
                0x00004602                _ZN10helicopter10controller13PIDController26setRollAngularVelocityGainEf
 .text._ZN10helicopter10controller13PIDController30setMinLateralServoControlValueEf
                0x00004648       0x46 HelicopterMain.o
                0x00004648                _ZN10helicopter10controller13PIDController30setMinLateralServoControlValueEf
 .text._ZN10helicopter10controller13PIDController30setMaxLateralServoControlValueEf
                0x0000468e       0x46 HelicopterMain.o
                0x0000468e                _ZN10helicopter10controller13PIDController30setMaxLateralServoControlValueEf
 .text._ZN10helicopter10controller13PIDController32setMinMainRotorServoControlValueEf
                0x000046d4       0x46 HelicopterMain.o
                0x000046d4                _ZN10helicopter10controller13PIDController32setMinMainRotorServoControlValueEf
 .text._ZN10helicopter10controller13PIDController32setMaxMainRotorServoControlValueEf
                0x0000471a       0x46 HelicopterMain.o
                0x0000471a                _ZN10helicopter10controller13PIDController32setMaxMainRotorServoControlValueEf
 .text._ZN10helicopter10controller13PIDController22setMaxRollSetpointRadsEf
                0x00004760       0x46 HelicopterMain.o
                0x00004760                _ZN10helicopter10controller13PIDController22setMaxRollSetpointRadsEf
 .text._ZN10helicopter10controller13PIDController22setMinRollSetpointRadsEf
                0x000047a6       0x46 HelicopterMain.o
                0x000047a6                _ZN10helicopter10controller13PIDController22setMinRollSetpointRadsEf
 .text._ZN10helicopter10controller13PIDController23setMaxPitchSetpointRadsEf
                0x000047ec       0x46 HelicopterMain.o
                0x000047ec                _ZN10helicopter10controller13PIDController23setMaxPitchSetpointRadsEf
 .text._ZN10helicopter10controller13PIDController23setMinPitchSetpointRadsEf
                0x00004832       0x46 HelicopterMain.o
                0x00004832                _ZN10helicopter10controller13PIDController23setMinPitchSetpointRadsEf
 .text._ZN10helicopter10controller13PIDController22setYawProportionalGainEf
                0x00004878       0x40 HelicopterMain.o
                0x00004878                _ZN10helicopter10controller13PIDController22setYawProportionalGainEf
 .text._ZN10helicopter10controller13PIDController18setYawIntegralGainEf
                0x000048b8       0x40 HelicopterMain.o
                0x000048b8                _ZN10helicopter10controller13PIDController18setYawIntegralGainEf
 .text._ZN10helicopter10controller13PIDController20setYawDerivativeGainEf
                0x000048f8       0x40 HelicopterMain.o
                0x000048f8                _ZN10helicopter10controller13PIDController20setYawDerivativeGainEf
 .text._ZN10helicopter10controller13PIDController21setIntervalPeriodSecsEf
                0x00004938       0x46 HelicopterMain.o
                0x00004938                _ZN10helicopter10controller13PIDController21setIntervalPeriodSecsEf
 .text._ZN10helicopter10controller13PIDController20setYawAntiWindupGainEf
                0x0000497e       0x40 HelicopterMain.o
                0x0000497e                _ZN10helicopter10controller13PIDController20setYawAntiWindupGainEf
 .text._ZN10helicopter10controller13PIDController21setMinYawServoControlEf
                0x000049be       0x46 HelicopterMain.o
                0x000049be                _ZN10helicopter10controller13PIDController21setMinYawServoControlEf
 .text._ZN10helicopter10controller13PIDController21setMaxYawServoControlEf
                0x00004a04       0x46 HelicopterMain.o
                0x00004a04                _ZN10helicopter10controller13PIDController21setMaxYawServoControlEf
 .text._ZN10helicopter10controller13PIDController18setControlMaxValueEf
                0x00004a4a       0x46 HelicopterMain.o
                0x00004a4a                _ZN10helicopter10controller13PIDController18setControlMaxValueEf
 .text._ZN10helicopter10controller13PIDController18setControlMinValueEf
                0x00004a90       0x46 HelicopterMain.o
                0x00004a90                _ZN10helicopter10controller13PIDController18setControlMinValueEf
 .text._ZN10helicopter10interfaces24RadioControllerInterface14SetSystemModelEPNS_5model11SystemModelE
                0x00004ad6       0x30 HelicopterMain.o
                0x00004ad6                _ZN10helicopter10interfaces24RadioControllerInterface14SetSystemModelEPNS_5model11SystemModelE
 .text._ZN10helicopter7drivers9SPIDriverC2ENS1_17SLAVE_SELECT_LINEE
                0x00004b06       0x26 HelicopterMain.o
                0x00004b06                _ZN10helicopter7drivers9SPIDriverC1ENS1_17SLAVE_SELECT_LINEE
                0x00004b06                _ZN10helicopter7drivers9SPIDriverC2ENS1_17SLAVE_SELECT_LINEE
 .text._ZN10helicopter7sensors9IMUSensorC2EPNS_7drivers9SPIDriverE
                0x00004b2c      0x116 HelicopterMain.o
                0x00004b2c                _ZN10helicopter7sensors9IMUSensorC1EPNS_7drivers9SPIDriverE
                0x00004b2c                _ZN10helicopter7sensors9IMUSensorC2EPNS_7drivers9SPIDriverE
 .text._ZN10helicopter10navigation4AHRSC2Ef
                0x00004c42      0x1d2 HelicopterMain.o
                0x00004c42                _ZN10helicopter10navigation4AHRSC2Ef
                0x00004c42                _ZN10helicopter10navigation4AHRSC1Ef
 .text._Z33setupDefaultsandReferencePositionPN10helicopter5model11SystemModelEPNS_10controller13PIDControllerE
                0x00004e14      0x27a HelicopterMain.o
                0x00004e14                _Z33setupDefaultsandReferencePositionPN10helicopter5model11SystemModelEPNS_10controller13PIDControllerE
 .text.main     0x0000508e      0x5a2 HelicopterMain.o
                0x0000508e                main
 .text._ZN10helicopter5tasks12FlashLEDTaskD2Ev
                0x00005630       0x44 HelicopterMain.o
                0x00005630                _ZN10helicopter5tasks12FlashLEDTaskD1Ev
                0x00005630                _ZN10helicopter5tasks12FlashLEDTaskD2Ev
 .text._ZN10helicopter5tasks12FlashLEDTaskD0Ev
                0x00005674       0x2a HelicopterMain.o
                0x00005674                _ZN10helicopter5tasks12FlashLEDTaskD0Ev
 .text._ZN10helicopter10interfaces29GroundControlStationInterface17calculateChecksumEPhiRhS3_
                0x0000569e       0xaa interfaces/GroundControlStationInterface.o
                0x0000569e                _ZN10helicopter10interfaces29GroundControlStationInterface17calculateChecksumEPhiRhS3_
 .text._ZN10helicopter10interfaces29GroundControlStationInterface8transmitEPNS_8messages7MessageE
                0x00005748      0x1e8 interfaces/GroundControlStationInterface.o
                0x00005748                _ZN10helicopter10interfaces29GroundControlStationInterface8transmitEPNS_8messages7MessageE
 .text._ZN10helicopter10interfaces29GroundControlStationInterface7receiveERPNS_8messages7MessageE
                0x00005930      0x2ec interfaces/GroundControlStationInterface.o
                0x00005930                _ZN10helicopter10interfaces29GroundControlStationInterface7receiveERPNS_8messages7MessageE
 .text._ZN10helicopter10interfaces24RadioControllerInterfaceC2Ev
                0x00005c1c       0x4e interfaces/RadioControllerInterface.o
                0x00005c1c                _ZN10helicopter10interfaces24RadioControllerInterfaceC2Ev
                0x00005c1c                _ZN10helicopter10interfaces24RadioControllerInterfaceC1Ev
 .text._ZNK10helicopter10interfaces24RadioControllerInterface33PreviousInputCaptureRegisterValueEv
                0x00005c6a       0x2c interfaces/RadioControllerInterface.o
                0x00005c6a                _ZNK10helicopter10interfaces24RadioControllerInterface33PreviousInputCaptureRegisterValueEv
 .text._ZN10helicopter10interfaces24RadioControllerInterface33PreviousInputCaptureRegisterValueEl
                0x00005c96       0x40 interfaces/RadioControllerInterface.o
                0x00005c96                _ZN10helicopter10interfaces24RadioControllerInterface33PreviousInputCaptureRegisterValueEl
 .text._ZNK10helicopter10interfaces24RadioControllerInterface17ServoChannelIndexEv
                0x00005cd6       0x24 interfaces/RadioControllerInterface.o
                0x00005cd6                _ZNK10helicopter10interfaces24RadioControllerInterface17ServoChannelIndexEv
 .text._ZN10helicopter10interfaces24RadioControllerInterface17ServoChannelIndexEi
                0x00005cfa       0x30 interfaces/RadioControllerInterface.o
                0x00005cfa                _ZN10helicopter10interfaces24RadioControllerInterface17ServoChannelIndexEi
 .text._ZNK10helicopter10interfaces24RadioControllerInterface14GetSystemModelEv
                0x00005d2a       0x24 interfaces/RadioControllerInterface.o
                0x00005d2a                _ZNK10helicopter10interfaces24RadioControllerInterface14GetSystemModelEv
 .text._ZN10helicopter10interfaces24RadioControllerInterface20SetServoChannelValueEif
                0x00005d4e       0x68 interfaces/RadioControllerInterface.o
                0x00005d4e                _ZN10helicopter10interfaces24RadioControllerInterface20SetServoChannelValueEif
 .text._ZNK10helicopter10interfaces24RadioControllerInterface20GetServoChannelValueEi
                0x00005db6       0x58 interfaces/RadioControllerInterface.o
                0x00005db6                _ZNK10helicopter10interfaces24RadioControllerInterface20GetServoChannelValueEi
 .text._Z10ScaleValuei
                0x00005e0e       0xdc interfaces/RadioControllerInterface.o
                0x00005e0e                _Z10ScaleValuei
 .text.__vector_46
                0x00005eea      0x2ee interfaces/RadioControllerInterface.o
                0x00005eea                __vector_46
 .text._ZN10helicopter10interfaces24RadioControllerInterface27getRadioControllerInterfaceEv
                0x000061d8       0x42 interfaces/RadioControllerInterface.o
                0x000061d8                _ZN10helicopter10interfaces24RadioControllerInterface27getRadioControllerInterfaceEv
 .text._ZN10helicopter10interfaces24RadioControllerInterface4initEv
                0x0000621a       0x74 interfaces/RadioControllerInterface.o
                0x0000621a                _ZN10helicopter10interfaces24RadioControllerInterface4initEv
 .text._ZN10helicopter10interfaces24RadioControllerInterface5startEv
                0x0000628e       0x2c interfaces/RadioControllerInterface.o
                0x0000628e                _ZN10helicopter10interfaces24RadioControllerInterface5startEv
 .text._ZN10helicopter8messages7MessageD2Ev
                0x000062ba       0x3c messages/Message.o
                0x000062ba                _ZN10helicopter8messages7MessageD1Ev
                0x000062ba                _ZN10helicopter8messages7MessageD2Ev
 .text._ZN10helicopter8messages7MessageD0Ev
                0x000062f6       0x2a messages/Message.o
                0x000062f6                _ZN10helicopter8messages7MessageD0Ev
 .text._ZN10helicopter8messages7Message14getMessageSizeEv
                0x00006320       0x24 messages/Message.o
                0x00006320                _ZN10helicopter8messages7Message14getMessageSizeEv
 .text._ZN10helicopter8messages7Message8getBytesEv
                0x00006344       0x1e messages/Message.o
                0x00006344                _ZN10helicopter8messages7Message8getBytesEv
 .text._ZN10helicopter8messages7Message12buildMessageEPh
                0x00006362       0x22 messages/Message.o
                0x00006362                _ZN10helicopter8messages7Message12buildMessageEPh
 .text._ZN10helicopter8messages7MessageC2Ehi
                0x00006384       0x4e messages/SyncMessage.o
                0x00006384                _ZN10helicopter8messages7MessageC1Ehi
                0x00006384                _ZN10helicopter8messages7MessageC2Ehi
 .text._ZN10helicopter8messages11SyncMessageC2Ev
                0x000063d2       0x36 messages/SyncMessage.o
                0x000063d2                _ZN10helicopter8messages11SyncMessageC1Ev
                0x000063d2                _ZN10helicopter8messages11SyncMessageC2Ev
 .text._ZN10helicopter8messages11SyncMessageD2Ev
                0x00006408       0x44 messages/SyncMessage.o
                0x00006408                _ZN10helicopter8messages11SyncMessageD2Ev
                0x00006408                _ZN10helicopter8messages11SyncMessageD1Ev
 .text._ZN10helicopter8messages11SyncMessageD0Ev
                0x0000644c       0x2a messages/SyncMessage.o
                0x0000644c                _ZN10helicopter8messages11SyncMessageD0Ev
 .text._ZN10helicopter8messages11SyncMessage8getBytesEv
                0x00006476       0x4a messages/SyncMessage.o
                0x00006476                _ZN10helicopter8messages11SyncMessage8getBytesEv
 .text._ZN10helicopter8messages11SyncMessage12buildMessageEPh
                0x000064c0       0x3a messages/SyncMessage.o
                0x000064c0                _ZN10helicopter8messages11SyncMessage12buildMessageEPh
 .text._ZN10helicopter8messages7Message6encodeERPhRl
                0x000064fa       0x5c messages/SystemTelemetryMessage.o
                0x000064fa                _ZN10helicopter8messages7Message6encodeERPhRl
 .text._ZN10helicopter8messages7Message6encodeERPhRf
                0x00006556       0x5c messages/SystemTelemetryMessage.o
                0x00006556                _ZN10helicopter8messages7Message6encodeERPhRf
 .text._ZN10helicopter8messages7Message6encodeERPhRh
                0x000065b2       0x5a messages/SystemTelemetryMessage.o
                0x000065b2                _ZN10helicopter8messages7Message6encodeERPhRh
 .text._ZN10helicopter8messages7Message6decodeERPhRh
                0x0000660c       0x5a messages/SystemTelemetryMessage.o
                0x0000660c                _ZN10helicopter8messages7Message6decodeERPhRh
 .text._ZN10helicopter8messages7Message6decodeERPhRl
                0x00006666       0x5c messages/SystemTelemetryMessage.o
                0x00006666                _ZN10helicopter8messages7Message6decodeERPhRl
 .text._ZN10helicopter8messages7Message6decodeERPhRf
                0x000066c2       0x5c messages/SystemTelemetryMessage.o
                0x000066c2                _ZN10helicopter8messages7Message6decodeERPhRf
 .text._ZNK10helicopter5model11SystemModel15YawProportionalEv
                0x0000671e       0x2c messages/SystemTelemetryMessage.o
                0x0000671e                _ZNK10helicopter5model11SystemModel15YawProportionalEv
 .text._ZNK10helicopter5model11SystemModel18YawDerivativeErrorEv
                0x0000674a       0x2c messages/SystemTelemetryMessage.o
                0x0000674a                _ZNK10helicopter5model11SystemModel18YawDerivativeErrorEv
 .text._ZNK10helicopter5model11SystemModel13XProportionalEv
                0x00006776       0x2c messages/SystemTelemetryMessage.o
                0x00006776                _ZNK10helicopter5model11SystemModel13XProportionalEv
 .text._ZNK10helicopter5model11SystemModel16XDerivativeErrorEv
                0x000067a2       0x30 messages/SystemTelemetryMessage.o
                0x000067a2                _ZNK10helicopter5model11SystemModel16XDerivativeErrorEv
 .text._ZNK10helicopter5model11SystemModel13YProportionalEv
                0x000067d2       0x30 messages/SystemTelemetryMessage.o
                0x000067d2                _ZNK10helicopter5model11SystemModel13YProportionalEv
 .text._ZNK10helicopter5model11SystemModel16YDerivativeErrorEv
                0x00006802       0x30 messages/SystemTelemetryMessage.o
                0x00006802                _ZNK10helicopter5model11SystemModel16YDerivativeErrorEv
 .text._ZNK10helicopter5model11SystemModel13ZProportionalEv
                0x00006832       0x30 messages/SystemTelemetryMessage.o
                0x00006832                _ZNK10helicopter5model11SystemModel13ZProportionalEv
 .text._ZNK10helicopter5model11SystemModel16ZDerivativeErrorEv
                0x00006862       0x30 messages/SystemTelemetryMessage.o
                0x00006862                _ZNK10helicopter5model11SystemModel16ZDerivativeErrorEv
 .text._ZN10helicopter5model11SystemModel15LatitudeDegreesEf
                0x00006892       0x46 messages/SystemTelemetryMessage.o
                0x00006892                _ZN10helicopter5model11SystemModel15LatitudeDegreesEf
 .text._ZN10helicopter5model11SystemModel16LongitudeDegreesEf
                0x000068d8       0x46 messages/SystemTelemetryMessage.o
                0x000068d8                _ZN10helicopter5model11SystemModel16LongitudeDegreesEf
 .text._ZNK10helicopter5model11SystemModel8TimeoutsEv
                0x0000691e       0x30 messages/SystemTelemetryMessage.o
                0x0000691e                _ZNK10helicopter5model11SystemModel8TimeoutsEv
 .text._ZN10helicopter5model11SystemModel8TimeoutsEl
                0x0000694e       0x46 messages/SystemTelemetryMessage.o
                0x0000694e                _ZN10helicopter5model11SystemModel8TimeoutsEl
 .text._ZNK10helicopter5model11SystemModel20UnrecognizedMsgTypesEv
                0x00006994       0x30 messages/SystemTelemetryMessage.o
                0x00006994                _ZNK10helicopter5model11SystemModel20UnrecognizedMsgTypesEv
 .text._ZN10helicopter5model11SystemModel20UnrecognizedMsgTypesEl
                0x000069c4       0x46 messages/SystemTelemetryMessage.o
                0x000069c4                _ZN10helicopter5model11SystemModel20UnrecognizedMsgTypesEl
 .text._ZNK10helicopter5model11SystemModel14ChecksumErrorsEv
                0x00006a0a       0x30 messages/SystemTelemetryMessage.o
                0x00006a0a                _ZNK10helicopter5model11SystemModel14ChecksumErrorsEv
 .text._ZN10helicopter5model11SystemModel14ChecksumErrorsEl
                0x00006a3a       0x46 messages/SystemTelemetryMessage.o
                0x00006a3a                _ZN10helicopter5model11SystemModel14ChecksumErrorsEl
 .text._ZNK10helicopter5model11SystemModel33SerialCommunicationBufferOverrunsEv
                0x00006a80       0x30 messages/SystemTelemetryMessage.o
                0x00006a80                _ZNK10helicopter5model11SystemModel33SerialCommunicationBufferOverrunsEv
 .text._ZN10helicopter5model11SystemModel31YawAngularVelocityRadsPerSecondEf
                0x00006ab0       0x46 messages/SystemTelemetryMessage.o
                0x00006ab0                _ZN10helicopter5model11SystemModel31YawAngularVelocityRadsPerSecondEf
 .text._ZN10helicopter5model11SystemModel33PitchAngularVelocityRadsPerSecondEf
                0x00006af6       0x46 messages/SystemTelemetryMessage.o
                0x00006af6                _ZN10helicopter5model11SystemModel33PitchAngularVelocityRadsPerSecondEf
 .text._ZN10helicopter5model11SystemModel32RollAngularVelocityRadsPerSecondEf
                0x00006b3c       0x46 messages/SystemTelemetryMessage.o
                0x00006b3c                _ZN10helicopter5model11SystemModel32RollAngularVelocityRadsPerSecondEf
 .text._ZNK10helicopter5model11SystemModel12XAccelFrdMssEv
                0x00006b82       0x30 messages/SystemTelemetryMessage.o
                0x00006b82                _ZNK10helicopter5model11SystemModel12XAccelFrdMssEv
 .text._ZN10helicopter5model11SystemModel12XAccelFrdMssEf
                0x00006bb2       0x46 messages/SystemTelemetryMessage.o
                0x00006bb2                _ZN10helicopter5model11SystemModel12XAccelFrdMssEf
 .text._ZNK10helicopter5model11SystemModel12YAccelFrdMssEv
                0x00006bf8       0x30 messages/SystemTelemetryMessage.o
                0x00006bf8                _ZNK10helicopter5model11SystemModel12YAccelFrdMssEv
 .text._ZN10helicopter5model11SystemModel12YAccelFrdMssEf
                0x00006c28       0x46 messages/SystemTelemetryMessage.o
                0x00006c28                _ZN10helicopter5model11SystemModel12YAccelFrdMssEf
 .text._ZNK10helicopter5model11SystemModel12ZAccelFrdMssEv
                0x00006c6e       0x30 messages/SystemTelemetryMessage.o
                0x00006c6e                _ZNK10helicopter5model11SystemModel12ZAccelFrdMssEv
 .text._ZN10helicopter5model11SystemModel12ZAccelFrdMssEf
                0x00006c9e       0x46 messages/SystemTelemetryMessage.o
                0x00006c9e                _ZN10helicopter5model11SystemModel12ZAccelFrdMssEf
 .text._ZNK10helicopter5model11SystemModel7XMagFrdEv
                0x00006ce4       0x30 messages/SystemTelemetryMessage.o
                0x00006ce4                _ZNK10helicopter5model11SystemModel7XMagFrdEv
 .text._ZN10helicopter5model11SystemModel7XMagFrdEf
                0x00006d14       0x46 messages/SystemTelemetryMessage.o
                0x00006d14                _ZN10helicopter5model11SystemModel7XMagFrdEf
 .text._ZNK10helicopter5model11SystemModel7YMagFrdEv
                0x00006d5a       0x30 messages/SystemTelemetryMessage.o
                0x00006d5a                _ZNK10helicopter5model11SystemModel7YMagFrdEv
 .text._ZN10helicopter5model11SystemModel7YMagFrdEf
                0x00006d8a       0x46 messages/SystemTelemetryMessage.o
                0x00006d8a                _ZN10helicopter5model11SystemModel7YMagFrdEf
 .text._ZNK10helicopter5model11SystemModel7ZMagFrdEv
                0x00006dd0       0x30 messages/SystemTelemetryMessage.o
                0x00006dd0                _ZNK10helicopter5model11SystemModel7ZMagFrdEv
 .text._ZN10helicopter5model11SystemModel7ZMagFrdEf
                0x00006e00       0x46 messages/SystemTelemetryMessage.o
                0x00006e00                _ZN10helicopter5model11SystemModel7ZMagFrdEf
 .text._ZN10helicopter5model11SystemModel7XEcefCmEl
                0x00006e46       0x46 messages/SystemTelemetryMessage.o
                0x00006e46                _ZN10helicopter5model11SystemModel7XEcefCmEl
 .text._ZN10helicopter5model11SystemModel7YEcefCmEl
                0x00006e8c       0x46 messages/SystemTelemetryMessage.o
                0x00006e8c                _ZN10helicopter5model11SystemModel7YEcefCmEl
 .text._ZN10helicopter5model11SystemModel7ZEcefCmEl
                0x00006ed2       0x46 messages/SystemTelemetryMessage.o
                0x00006ed2                _ZN10helicopter5model11SystemModel7ZEcefCmEl
 .text._ZNK10helicopter5model11SystemModel9XVEcefCmsEv
                0x00006f18       0x30 messages/SystemTelemetryMessage.o
                0x00006f18                _ZNK10helicopter5model11SystemModel9XVEcefCmsEv
 .text._ZN10helicopter5model11SystemModel9XVEcefCmsEl
                0x00006f48       0x46 messages/SystemTelemetryMessage.o
                0x00006f48                _ZN10helicopter5model11SystemModel9XVEcefCmsEl
 .text._ZNK10helicopter5model11SystemModel9YVEcefCmsEv
                0x00006f8e       0x30 messages/SystemTelemetryMessage.o
                0x00006f8e                _ZNK10helicopter5model11SystemModel9YVEcefCmsEv
 .text._ZN10helicopter5model11SystemModel9YVEcefCmsEl
                0x00006fbe       0x46 messages/SystemTelemetryMessage.o
                0x00006fbe                _ZN10helicopter5model11SystemModel9YVEcefCmsEl
 .text._ZNK10helicopter5model11SystemModel9ZVEcefCmsEv
                0x00007004       0x30 messages/SystemTelemetryMessage.o
                0x00007004                _ZNK10helicopter5model11SystemModel9ZVEcefCmsEv
 .text._ZN10helicopter5model11SystemModel9ZVEcefCmsEl
                0x00007034       0x46 messages/SystemTelemetryMessage.o
                0x00007034                _ZN10helicopter5model11SystemModel9ZVEcefCmsEl
 .text._ZN10helicopter5model11SystemModel17PressureMillibarsEf
                0x0000707a       0x46 messages/SystemTelemetryMessage.o
                0x0000707a                _ZN10helicopter5model11SystemModel17PressureMillibarsEf
 .text._ZN10helicopter8messages22SystemTelemetryMessageC2Ev
                0x000070c0      0x4fa messages/SystemTelemetryMessage.o
                0x000070c0                _ZN10helicopter8messages22SystemTelemetryMessageC2Ev
                0x000070c0                _ZN10helicopter8messages22SystemTelemetryMessageC1Ev
 .text._ZN10helicopter8messages22SystemTelemetryMessageD2Ev
                0x000075ba       0x44 messages/SystemTelemetryMessage.o
                0x000075ba                _ZN10helicopter8messages22SystemTelemetryMessageD2Ev
                0x000075ba                _ZN10helicopter8messages22SystemTelemetryMessageD1Ev
 .text._ZN10helicopter8messages22SystemTelemetryMessageD0Ev
                0x000075fe       0x2a messages/SystemTelemetryMessage.o
                0x000075fe                _ZN10helicopter8messages22SystemTelemetryMessageD0Ev
 .text._ZN10helicopter8messages22SystemTelemetryMessage8getBytesEv
                0x00007628      0x78a messages/SystemTelemetryMessage.o
                0x00007628                _ZN10helicopter8messages22SystemTelemetryMessage8getBytesEv
 .text._ZN10helicopter8messages22SystemTelemetryMessage12buildMessageEPh
                0x00007db2      0x77c messages/SystemTelemetryMessage.o
                0x00007db2                _ZN10helicopter8messages22SystemTelemetryMessage12buildMessageEPh
 .text._ZN10helicopter8messages22SystemTelemetryMessage14buildMessageStEPh
                0x0000852e       0x5e messages/SystemTelemetryMessage.o
                0x0000852e                _ZN10helicopter8messages22SystemTelemetryMessage14buildMessageStEPh
 .text._ZN10helicopter8messages22SystemTelemetryMessage21buildMessageFromModelEPNS_5model11SystemModelE
                0x0000858c      0x62e messages/SystemTelemetryMessage.o
                0x0000858c                _ZN10helicopter8messages22SystemTelemetryMessage21buildMessageFromModelEPNS_5model11SystemModelE
 .text._ZN10helicopter8messages22SystemTelemetryMessage35updateModelFromMessageFromSimulatorEPNS_5model11SystemModelE
                0x00008bba      0x262 messages/SystemTelemetryMessage.o
                0x00008bba                _ZN10helicopter8messages22SystemTelemetryMessage35updateModelFromMessageFromSimulatorEPNS_5model11SystemModelE
 .text._ZN10helicopter10navigation4AHRS14scaleAndAdjustEPfS2_fRA3_f
                0x00008e1c      0x148 navigation/AHRS.o
                0x00008e1c                _ZN10helicopter10navigation4AHRS14scaleAndAdjustEPfS2_fRA3_f
 .text._ZN10helicopter10navigation4AHRS17orthonormalizeDcmEv
                0x00008f64      0x128 navigation/AHRS.o
                0x00008f64                _ZN10helicopter10navigation4AHRS17orthonormalizeDcmEv
 .text._ZN10helicopter10navigation4AHRS6updateEfffffffff
                0x0000908c      0x81a navigation/AHRS.o
                0x0000908c                _ZN10helicopter10navigation4AHRS6updateEfffffffff
 .text._ZN10helicopter10navigation4AHRS10getYawRadsEv
                0x000098a6       0x2c navigation/AHRS.o
                0x000098a6                _ZN10helicopter10navigation4AHRS10getYawRadsEv
 .text._ZN10helicopter10navigation4AHRS12getPitchRadsEv
                0x000098d2       0x2c navigation/AHRS.o
                0x000098d2                _ZN10helicopter10navigation4AHRS12getPitchRadsEv
 .text._ZN10helicopter10navigation4AHRS11getRollRadsEv
                0x000098fe       0x2c navigation/AHRS.o
                0x000098fe                _ZN10helicopter10navigation4AHRS11getRollRadsEv
 .text._ZN10helicopter5tasks4Task8getDelayEv
                0x0000992a       0x24 scheduler/Scheduler.o
                0x0000992a                _ZN10helicopter5tasks4Task8getDelayEv
 .text._ZN10helicopter5tasks4Task9getPeriodEv
                0x0000994e       0x24 scheduler/Scheduler.o
                0x0000994e                _ZN10helicopter5tasks4Task9getPeriodEv
 .text._ZN10helicopter5tasks4Task8setDelayEi
                0x00009972       0x30 scheduler/Scheduler.o
                0x00009972                _ZN10helicopter5tasks4Task8setDelayEi
 .text._ZN10helicopter5tasks4Task15getIsReadyToRunEv
                0x000099a2       0x22 scheduler/Scheduler.o
                0x000099a2                _ZN10helicopter5tasks4Task15getIsReadyToRunEv
 .text._ZN10helicopter5tasks4Task15setIsReadyToRunEb
                0x000099c4       0x26 scheduler/Scheduler.o
                0x000099c4                _ZN10helicopter5tasks4Task15setIsReadyToRunEb
 .text._ZN10helicopter5tasks4Task11reduceDelayEv
                0x000099ea       0x34 scheduler/Scheduler.o
                0x000099ea                _ZN10helicopter5tasks4Task11reduceDelayEv
 .text._ZN10helicopter9scheduler9Scheduler13getNumOfTasksEv
                0x00009a1e       0x24 scheduler/Scheduler.o
                0x00009a1e                _ZN10helicopter9scheduler9Scheduler13getNumOfTasksEv
 .text._ZN10helicopter9scheduler9Scheduler8getTasksEv
                0x00009a42       0x1e scheduler/Scheduler.o
                0x00009a42                _ZN10helicopter9scheduler9Scheduler8getTasksEv
 .text._ZN10helicopter9scheduler9Scheduler13hasBlownFrameEb
                0x00009a60       0x26 scheduler/Scheduler.o
                0x00009a60                _ZN10helicopter9scheduler9Scheduler13hasBlownFrameEb
 .text._ZN10helicopter9scheduler9Scheduler20hasCompletedDispatchEv
                0x00009a86       0x22 scheduler/Scheduler.o
                0x00009a86                _ZN10helicopter9scheduler9Scheduler20hasCompletedDispatchEv
 .text._ZN10helicopter9scheduler9Scheduler12getSchedulerEv
                0x00009aa8       0x5a scheduler/Scheduler.o
                0x00009aa8                _ZN10helicopter9scheduler9Scheduler12getSchedulerEv
 .text._ZN10helicopter9scheduler9SchedulerC2Em9PRESCALERi
                0x00009b02       0xc6 scheduler/Scheduler.o
                0x00009b02                _ZN10helicopter9scheduler9SchedulerC2Em9PRESCALERi
                0x00009b02                _ZN10helicopter9scheduler9SchedulerC1Em9PRESCALERi
 .text._ZN10helicopter9scheduler9Scheduler7addTaskEPNS_5tasks4TaskE
                0x00009bc8       0x76 scheduler/Scheduler.o
                0x00009bc8                _ZN10helicopter9scheduler9Scheduler7addTaskEPNS_5tasks4TaskE
 .text._ZN10helicopter9scheduler9Scheduler4initEv
                0x00009c3e       0xc2 scheduler/Scheduler.o
                0x00009c3e                _ZN10helicopter9scheduler9Scheduler4initEv
 .text._ZN10helicopter9scheduler9Scheduler8dispatchEv
                0x00009d00       0xee scheduler/Scheduler.o
                0x00009d00                _ZN10helicopter9scheduler9Scheduler8dispatchEv
 .text._ZN10helicopter9scheduler9Scheduler5startEv
                0x00009dee       0xc6 scheduler/Scheduler.o
                0x00009dee                _ZN10helicopter9scheduler9Scheduler5startEv
 .text.__vector_17
                0x00009eb4      0x122 scheduler/Scheduler.o
                0x00009eb4                __vector_17
 .text._ZN10helicopter7sensors9IMUSensor4initEv
                0x00009fd6      0x2a0 sensors/IMUSensor.o
                0x00009fd6                _ZN10helicopter7sensors9IMUSensor4initEv
 .text._ZN10helicopter5tasks4Task4initEv
                0x0000a276       0x1a tasks/NavigationTask.o
                0x0000a276                _ZN10helicopter5tasks4Task4initEv
 .text._ZN10helicopter5model11SystemModel16XNEDLocalFrameCmEf
                0x0000a290       0x40 tasks/NavigationTask.o
                0x0000a290                _ZN10helicopter5model11SystemModel16XNEDLocalFrameCmEf
 .text._ZN10helicopter5model11SystemModel15XVelocityFRDCmsEf
                0x0000a2d0       0x40 tasks/NavigationTask.o
                0x0000a2d0                _ZN10helicopter5model11SystemModel15XVelocityFRDCmsEf
 .text._ZN10helicopter5model11SystemModel16YNEDLocalFrameCmEf
                0x0000a310       0x46 tasks/NavigationTask.o
                0x0000a310                _ZN10helicopter5model11SystemModel16YNEDLocalFrameCmEf
 .text._ZN10helicopter5model11SystemModel15YVelocityFRDCmsEf
                0x0000a356       0x46 tasks/NavigationTask.o
                0x0000a356                _ZN10helicopter5model11SystemModel15YVelocityFRDCmsEf
 .text._ZN10helicopter5model11SystemModel16ZNEDLocalFrameCmEf
                0x0000a39c       0x46 tasks/NavigationTask.o
                0x0000a39c                _ZN10helicopter5model11SystemModel16ZNEDLocalFrameCmEf
 .text._ZN10helicopter5model11SystemModel15ZVelocityFRDCmsEf
                0x0000a3e2       0x46 tasks/NavigationTask.o
                0x0000a3e2                _ZN10helicopter5model11SystemModel15ZVelocityFRDCmsEf
 .text._ZNK10helicopter5model11SystemModel20InitialXPositionEcefEv
                0x0000a428       0x3c tasks/NavigationTask.o
                0x0000a428                _ZNK10helicopter5model11SystemModel20InitialXPositionEcefEv
 .text._ZNK10helicopter5model11SystemModel20InitialYPositionEcefEv
                0x0000a464       0x3c tasks/NavigationTask.o
                0x0000a464                _ZNK10helicopter5model11SystemModel20InitialYPositionEcefEv
 .text._ZNK10helicopter5model11SystemModel20InitialZPositionEcefEv
                0x0000a4a0       0x3c tasks/NavigationTask.o
                0x0000a4a0                _ZNK10helicopter5model11SystemModel20InitialZPositionEcefEv
 .text._ZN10helicopter5model11SystemModel7YawRadsEf
                0x0000a4dc       0x46 tasks/NavigationTask.o
                0x0000a4dc                _ZN10helicopter5model11SystemModel7YawRadsEf
 .text._ZN10helicopter5model11SystemModel9PitchRadsEf
                0x0000a522       0x46 tasks/NavigationTask.o
                0x0000a522                _ZN10helicopter5model11SystemModel9PitchRadsEf
 .text._ZN10helicopter5model11SystemModel8RollRadsEf
                0x0000a568       0x46 tasks/NavigationTask.o
                0x0000a568                _ZN10helicopter5model11SystemModel8RollRadsEf
 .text._ZNK10helicopter5model11SystemModel17InitialAltitudeCmEv
                0x0000a5ae       0x30 tasks/NavigationTask.o
                0x0000a5ae                _ZNK10helicopter5model11SystemModel17InitialAltitudeCmEv
 .text._ZN10helicopter5tasks14NavigationTaskC2EfPNS_10navigation4AHRSEPNS_5model11SystemModelEii
                0x0000a5de       0xac tasks/NavigationTask.o
                0x0000a5de                _ZN10helicopter5tasks14NavigationTaskC2EfPNS_10navigation4AHRSEPNS_5model11SystemModelEii
                0x0000a5de                _ZN10helicopter5tasks14NavigationTaskC1EfPNS_10navigation4AHRSEPNS_5model11SystemModelEii
 .text._ZN10helicopter5tasks14NavigationTask11runTaskImplEv
                0x0000a68a      0x858 tasks/NavigationTask.o
                0x0000a68a                _ZN10helicopter5tasks14NavigationTask11runTaskImplEv
 .text._ZN10helicopter5tasks14NavigationTaskD2Ev
                0x0000aee2       0x44 tasks/NavigationTask.o
                0x0000aee2                _ZN10helicopter5tasks14NavigationTaskD1Ev
                0x0000aee2                _ZN10helicopter5tasks14NavigationTaskD2Ev
 .text._ZN10helicopter5tasks14NavigationTaskD0Ev
                0x0000af26       0x2a tasks/NavigationTask.o
                0x0000af26                _ZN10helicopter5tasks14NavigationTaskD0Ev
 .text._ZN10helicopter5tasks16PIDInnerLoopTaskC2EPNS_10controller13PIDControllerEii
                0x0000af50       0x64 tasks/PIDInnerLoopTask.o
                0x0000af50                _ZN10helicopter5tasks16PIDInnerLoopTaskC2EPNS_10controller13PIDControllerEii
                0x0000af50                _ZN10helicopter5tasks16PIDInnerLoopTaskC1EPNS_10controller13PIDControllerEii
 .text._ZN10helicopter5tasks16PIDInnerLoopTask11runTaskImplEv
                0x0000afb4       0x36 tasks/PIDInnerLoopTask.o
                0x0000afb4                _ZN10helicopter5tasks16PIDInnerLoopTask11runTaskImplEv
 .text._ZN10helicopter5tasks16PIDInnerLoopTaskD2Ev
                0x0000afea       0x44 tasks/PIDInnerLoopTask.o
                0x0000afea                _ZN10helicopter5tasks16PIDInnerLoopTaskD1Ev
                0x0000afea                _ZN10helicopter5tasks16PIDInnerLoopTaskD2Ev
 .text._ZN10helicopter5tasks16PIDInnerLoopTaskD0Ev
                0x0000b02e       0x2a tasks/PIDInnerLoopTask.o
                0x0000b02e                _ZN10helicopter5tasks16PIDInnerLoopTaskD0Ev
 .text._ZN10helicopter5tasks16PIDOuterLoopTaskC2EPNS_10controller13PIDControllerEii
                0x0000b058       0x64 tasks/PIDOuterLoopTask.o
                0x0000b058                _ZN10helicopter5tasks16PIDOuterLoopTaskC1EPNS_10controller13PIDControllerEii
                0x0000b058                _ZN10helicopter5tasks16PIDOuterLoopTaskC2EPNS_10controller13PIDControllerEii
 .text._ZN10helicopter5tasks16PIDOuterLoopTask11runTaskImplEv
                0x0000b0bc       0x28 tasks/PIDOuterLoopTask.o
                0x0000b0bc                _ZN10helicopter5tasks16PIDOuterLoopTask11runTaskImplEv
 .text._ZN10helicopter5tasks16PIDOuterLoopTaskD2Ev
                0x0000b0e4       0x44 tasks/PIDOuterLoopTask.o
                0x0000b0e4                _ZN10helicopter5tasks16PIDOuterLoopTaskD1Ev
                0x0000b0e4                _ZN10helicopter5tasks16PIDOuterLoopTaskD2Ev
 .text._ZN10helicopter5tasks16PIDOuterLoopTaskD0Ev
                0x0000b128       0x2a tasks/PIDOuterLoopTask.o
                0x0000b128                _ZN10helicopter5tasks16PIDOuterLoopTaskD0Ev
 .text._ZN10helicopter5model11SystemModel33SerialCommunicationBufferOverrunsEl
                0x0000b152       0x46 tasks/SimTelemetryTask.o
                0x0000b152                _ZN10helicopter5model11SystemModel33SerialCommunicationBufferOverrunsEl
 .text._ZN10helicopter10controller13PIDController16setZIntegralGainEf
                0x0000b198       0x46 tasks/SimTelemetryTask.o
                0x0000b198                _ZN10helicopter10controller13PIDController16setZIntegralGainEf
 .text._ZN10helicopter10controller13PIDController18setZDerivativeGainEf
                0x0000b1de       0x46 tasks/SimTelemetryTask.o
                0x0000b1de                _ZN10helicopter10controller13PIDController18setZDerivativeGainEf
 .text._ZN10helicopter10controller13PIDController20setZProportionalGainEf
                0x0000b224       0x46 tasks/SimTelemetryTask.o
                0x0000b224                _ZN10helicopter10controller13PIDController20setZProportionalGainEf
 .text._ZN10helicopter10controller13PIDController18setZAntiWindupGainEf
                0x0000b26a       0x46 tasks/SimTelemetryTask.o
                0x0000b26a                _ZN10helicopter10controller13PIDController18setZAntiWindupGainEf
 .text._ZN10helicopter5tasks16SimTelemetryTaskC2EPNS_10interfaces29GroundControlStationInterfaceEPNS_5model11SystemModelEPNS_10controller13PIDControllerEii
                0x0000b2b0       0x98 tasks/SimTelemetryTask.o
                0x0000b2b0                _ZN10helicopter5tasks16SimTelemetryTaskC2EPNS_10interfaces29GroundControlStationInterfaceEPNS_5model11SystemModelEPNS_10controller13PIDControllerEii
                0x0000b2b0                _ZN10helicopter5tasks16SimTelemetryTaskC1EPNS_10interfaces29GroundControlStationInterfaceEPNS_5model11SystemModelEPNS_10controller13PIDControllerEii
 .text._ZN10helicopter5tasks16SimTelemetryTask11runTaskImplEv
                0x0000b348      0x4aa tasks/SimTelemetryTask.o
                0x0000b348                _ZN10helicopter5tasks16SimTelemetryTask11runTaskImplEv
 .text._ZN10helicopter5tasks16SimTelemetryTaskD2Ev
                0x0000b7f2       0x44 tasks/SimTelemetryTask.o
                0x0000b7f2                _ZN10helicopter5tasks16SimTelemetryTaskD1Ev
                0x0000b7f2                _ZN10helicopter5tasks16SimTelemetryTaskD2Ev
 .text._ZN10helicopter5tasks16SimTelemetryTaskD0Ev
                0x0000b836       0x2a tasks/SimTelemetryTask.o
                0x0000b836                _ZN10helicopter5tasks16SimTelemetryTaskD0Ev
 .text._ZN10helicopter5tasks4Task11runTaskImplEv
                0x0000b860       0x1a tasks/Task.o
                0x0000b860                _ZN10helicopter5tasks4Task11runTaskImplEv
 .text._ZN10helicopter5tasks4TaskC2Eii
                0x0000b87a       0x5c tasks/Task.o
                0x0000b87a                _ZN10helicopter5tasks4TaskC2Eii
                0x0000b87a                _ZN10helicopter5tasks4TaskC1Eii
 .text._ZN10helicopter5tasks4Task7runTaskEv
                0x0000b8d6       0x36 tasks/Task.o
                0x0000b8d6                _ZN10helicopter5tasks4Task7runTaskEv
 .text._ZN10helicopter5tasks21TransmitTelemetryTaskC2EPNS_10interfaces29GroundControlStationInterfaceEPNS_5model11SystemModelEii
                0x0000b90c       0x7e tasks/TransmitTelemetryTask.o
                0x0000b90c                _ZN10helicopter5tasks21TransmitTelemetryTaskC2EPNS_10interfaces29GroundControlStationInterfaceEPNS_5model11SystemModelEii
                0x0000b90c                _ZN10helicopter5tasks21TransmitTelemetryTaskC1EPNS_10interfaces29GroundControlStationInterfaceEPNS_5model11SystemModelEii
 .text._ZN10helicopter5tasks21TransmitTelemetryTask11runTaskImplEv
                0x0000b98a       0x66 tasks/TransmitTelemetryTask.o
                0x0000b98a                _ZN10helicopter5tasks21TransmitTelemetryTask11runTaskImplEv
 .text._ZN10helicopter5tasks21TransmitTelemetryTaskD2Ev
                0x0000b9f0       0x44 tasks/TransmitTelemetryTask.o
                0x0000b9f0                _ZN10helicopter5tasks21TransmitTelemetryTaskD1Ev
                0x0000b9f0                _ZN10helicopter5tasks21TransmitTelemetryTaskD2Ev
 .text._ZN10helicopter5tasks21TransmitTelemetryTaskD0Ev
                0x0000ba34       0x2a tasks/TransmitTelemetryTask.o
                0x0000ba34                _ZN10helicopter5tasks21TransmitTelemetryTaskD0Ev
 .text._Znwj    0x0000ba5e       0x22 util/CommonHeader.o
                0x0000ba5e                _Znwj
 .text._ZdlPv   0x0000ba80       0x2a util/CommonHeader.o
                0x0000ba80                _ZdlPv
 .text._Znaj    0x0000baaa       0x22 util/CommonHeader.o
                0x0000baaa                _Znaj
 .text._ZdaPv   0x0000bacc       0x2a util/CommonHeader.o
                0x0000bacc                _ZdaPv
 .text._ZN10helicopter4util14CoordinateUtil12DegreesToRadEf
                0x0000baf6       0x3e util/CoordinateUtil.o
                0x0000baf6                _ZN10helicopter4util14CoordinateUtil12DegreesToRadEf
 .text._ZN10helicopter4util14CoordinateUtil37CalculateECEFToLocalNEDRotationMatrixEffRA3_A3_f
                0x0000bb34      0x26c util/CoordinateUtil.o
                0x0000bb34                _ZN10helicopter4util14CoordinateUtil37CalculateECEFToLocalNEDRotationMatrixEffRA3_A3_f
 .text._ZN10helicopter4util14CoordinateUtil25ConvertFromECEFToLocalNEDEllllllPA3_fRfS4_S4_
                0x0000bda0      0x1a6 util/CoordinateUtil.o
                0x0000bda0                _ZN10helicopter4util14CoordinateUtil25ConvertFromECEFToLocalNEDEllllllPA3_fRfS4_S4_
 .text._ZN10helicopter4util10MatrixUtil12CrossProductEPfS2_RA3_f
                0x0000bf46      0x1aa util/MatrixUtil.o
                0x0000bf46                _ZN10helicopter4util10MatrixUtil12CrossProductEPfS2_RA3_f
 .text._ZN10helicopter4util10MatrixUtil9NormalizeERA3_f
                0x0000c0f0      0x148 util/MatrixUtil.o
                0x0000c0f0                _ZN10helicopter4util10MatrixUtil9NormalizeERA3_f
 .text._ZN10helicopter4util10MatrixUtil20CreateRotationMatrixEfffRA3_A3_f
                0x0000c238      0x48e util/MatrixUtil.o
                0x0000c238                _ZN10helicopter4util10MatrixUtil20CreateRotationMatrixEfffRA3_A3_f
 .text._ZN10helicopter4util10MatrixUtil30CreateRotationMatrixTransposedEfffRA3_A3_f
                0x0000c6c6      0x48e util/MatrixUtil.o
                0x0000c6c6                _ZN10helicopter4util10MatrixUtil30CreateRotationMatrixTransposedEfffRA3_A3_f
 .text._ZN10helicopter4util10MatrixUtil12RotateMatrixEPA3_fPfRS2_
                0x0000cb54      0x148 util/MatrixUtil.o
                0x0000cb54                _ZN10helicopter4util10MatrixUtil12RotateMatrixEPA3_fPfRS2_
 .text._ZN10helicopter4util10MatrixUtil10DotProductEPfS2_
                0x0000cc9c       0xe2 util/MatrixUtil.o
                0x0000cc9c                _ZN10helicopter4util10MatrixUtil10DotProductEPfS2_
 .text._ZN10helicopter4util5Timer10startTimerEv
                0x0000cd7e      0x174 util/Timer.o
                0x0000cd7e                _ZN10helicopter4util5Timer10startTimerEv
 .text._ZN10helicopter4util5Timer11hasTimedoutEv
                0x0000cef2       0x34 util/Timer.o
                0x0000cef2                _ZN10helicopter4util5Timer11hasTimedoutEv
 .text._ZN10helicopter4util5Timer9stopTimerEv
                0x0000cf26       0x3e util/Timer.o
                0x0000cf26                _ZN10helicopter4util5Timer9stopTimerEv
 .text.avr-libc.fplib
                0x0000cf64        0xa c:/program files (x86)/atmel/atmel toolchain/avr8 gcc/native/3.4.2.1002/avr8-gnu-toolchain/bin/../lib/gcc/avr/4.7.2/../../../../avr/lib/avr6\libm.a(addsf3.o)
                0x0000cf64                __subsf3
                0x0000cf66                __addsf3
 .text.avr-libc.fplib
                0x0000cf6e       0xc0 c:/program files (x86)/atmel/atmel toolchain/avr8 gcc/native/3.4.2.1002/avr8-gnu-toolchain/bin/../lib/gcc/avr/4.7.2/../../../../avr/lib/avr6\libm.a(addsf3x.o)
                0x0000cf88                __addsf3x
 .text.avr-libc.fplib
                0x0000d02e       0x2e c:/program files (x86)/atmel/atmel toolchain/avr8 gcc/native/3.4.2.1002/avr8-gnu-toolchain/bin/../lib/gcc/avr/4.7.2/../../../../avr/lib/avr6\libm.a(asin.o)
                0x0000d02e                asin
 .text.avr-libc.fplib
                0x0000d05c       0x74 c:/program files (x86)/atmel/atmel toolchain/avr8 gcc/native/3.4.2.1002/avr8-gnu-toolchain/bin/../lib/gcc/avr/4.7.2/../../../../avr/lib/avr6\libm.a(atan2.o)
                0x0000d07a                atan2
 .text.avr-libc.fplib
                0x0000d0d0       0x50 c:/program files (x86)/atmel/atmel toolchain/avr8 gcc/native/3.4.2.1002/avr8-gnu-toolchain/bin/../lib/gcc/avr/4.7.2/../../../../avr/lib/avr6\libm.a(atan.o)
                0x0000d0d0                atan
 .text.avr-libc.fplib
                0x0000d120        0x8 c:/program files (x86)/atmel/atmel toolchain/avr8 gcc/native/3.4.2.1002/avr8-gnu-toolchain/bin/../lib/gcc/avr/4.7.2/../../../../avr/lib/avr6\libm.a(cmpsf2.o)
                0x0000d120                __nesf2
                0x0000d120                __eqsf2
                0x0000d120                __cmpsf2
                0x0000d120                __ltsf2
                0x0000d120                __lesf2
 .text.avr-libc.fplib
                0x0000d128        0x6 c:/program files (x86)/atmel/atmel toolchain/avr8 gcc/native/3.4.2.1002/avr8-gnu-toolchain/bin/../lib/gcc/avr/4.7.2/../../../../avr/lib/avr6\libm.a(cos.o)
                0x0000d128                cos
 .text.avr-libc.fplib
                0x0000d12e        0x4 c:/program files (x86)/atmel/atmel toolchain/avr8 gcc/native/3.4.2.1002/avr8-gnu-toolchain/bin/../lib/gcc/avr/4.7.2/../../../../avr/lib/avr6\libm.a(divsf3.o)
                0x0000d12e                __divsf3
 .text.avr-libc.fplib
                0x0000d132       0xcc c:/program files (x86)/atmel/atmel toolchain/avr8 gcc/native/3.4.2.1002/avr8-gnu-toolchain/bin/../lib/gcc/avr/4.7.2/../../../../avr/lib/avr6\libm.a(divsf3x.o)
                0x0000d148                __divsf3x
                0x0000d14c                __divsf3_pse
 .text.avr-libc.fplib
                0x0000d1fe        0xa c:/program files (x86)/atmel/atmel toolchain/avr8 gcc/native/3.4.2.1002/avr8-gnu-toolchain/bin/../lib/gcc/avr/4.7.2/../../../../avr/lib/avr6\libm.a(fixsfsi.o)
                0x0000d1fe                __fixsfsi
 .text.avr-libc.fplib
                0x0000d208       0x58 c:/program files (x86)/atmel/atmel toolchain/avr8 gcc/native/3.4.2.1002/avr8-gnu-toolchain/bin/../lib/gcc/avr/4.7.2/../../../../avr/lib/avr6\libm.a(fixunssfsi.o)
                0x0000d208                __fixunssfsi
 .text.avr-libc.fplib
                0x0000d260       0x7a c:/program files (x86)/atmel/atmel toolchain/avr8 gcc/native/3.4.2.1002/avr8-gnu-toolchain/bin/../lib/gcc/avr/4.7.2/../../../../avr/lib/avr6\libm.a(floatsisf.o)
                0x0000d260                __floatunsisf
                0x0000d264                __floatsisf
 .text.avr-libc.fplib
                0x0000d2da       0x26 c:/program files (x86)/atmel/atmel toolchain/avr8 gcc/native/3.4.2.1002/avr8-gnu-toolchain/bin/../lib/gcc/avr/4.7.2/../../../../avr/lib/avr6\libm.a(floor.o)
                0x0000d2da                floor
 .text.avr-libc.fplib
                0x0000d300       0x36 c:/program files (x86)/atmel/atmel toolchain/avr8 gcc/native/3.4.2.1002/avr8-gnu-toolchain/bin/../lib/gcc/avr/4.7.2/../../../../avr/lib/avr6\libm.a(fp_arccos.o)
                0x0000d300                __fp_arccos
 .text.avr-libc.fplib
                0x0000d336       0x48 c:/program files (x86)/atmel/atmel toolchain/avr8 gcc/native/3.4.2.1002/avr8-gnu-toolchain/bin/../lib/gcc/avr/4.7.2/../../../../avr/lib/avr6\libm.a(fp_cmp.o)
                0x0000d336                __fp_cmp
 .text.avr-libc.fplib
                0x0000d37e        0xc c:/program files (x86)/atmel/atmel toolchain/avr8 gcc/native/3.4.2.1002/avr8-gnu-toolchain/bin/../lib/gcc/avr/4.7.2/../../../../avr/lib/avr6\libm.a(fp_inf.o)
                0x0000d37e                __fp_inf
 .text.avr-libc.fplib
                0x0000d38a       0x36 c:/program files (x86)/atmel/atmel toolchain/avr8 gcc/native/3.4.2.1002/avr8-gnu-toolchain/bin/../lib/gcc/avr/4.7.2/../../../../avr/lib/avr6\libm.a(fp_mintl.o)
                0x0000d38a                __fp_mintl
 .text.avr-libc.fplib
                0x0000d3c0       0x1c c:/program files (x86)/atmel/atmel toolchain/avr8 gcc/native/3.4.2.1002/avr8-gnu-toolchain/bin/../lib/gcc/avr/4.7.2/../../../../avr/lib/avr6\libm.a(fp_mpack.o)
                0x0000d3c0                __fp_mpack
                0x0000d3c4                __fp_mpack_finite
 .text.avr-libc.fplib
                0x0000d3dc        0x6 c:/program files (x86)/atmel/atmel toolchain/avr8 gcc/native/3.4.2.1002/avr8-gnu-toolchain/bin/../lib/gcc/avr/4.7.2/../../../../avr/lib/avr6\libm.a(fp_nan.o)
                0x0000d3dc                __fp_nan
 .text.avr-libc.fplib
                0x0000d3e2       0x4a c:/program files (x86)/atmel/atmel toolchain/avr8 gcc/native/3.4.2.1002/avr8-gnu-toolchain/bin/../lib/gcc/avr/4.7.2/../../../../avr/lib/avr6\libm.a(fp_powser.o)
                0x0000d3e2                __fp_powser
 .text.avr-libc.fplib
                0x0000d42c       0x22 c:/program files (x86)/atmel/atmel toolchain/avr8 gcc/native/3.4.2.1002/avr8-gnu-toolchain/bin/../lib/gcc/avr/4.7.2/../../../../avr/lib/avr6\libm.a(fp_powsodd.o)
                0x0000d42c                __fp_powsodd
 .text.avr-libc.fplib
                0x0000d44e        0xe c:/program files (x86)/atmel/atmel toolchain/avr8 gcc/native/3.4.2.1002/avr8-gnu-toolchain/bin/../lib/gcc/avr/4.7.2/../../../../avr/lib/avr6\libm.a(fp_pscA.o)
                0x0000d44e                __fp_pscA
 .text.avr-libc.fplib
                0x0000d45c        0xe c:/program files (x86)/atmel/atmel toolchain/avr8 gcc/native/3.4.2.1002/avr8-gnu-toolchain/bin/../lib/gcc/avr/4.7.2/../../../../avr/lib/avr6\libm.a(fp_pscB.o)
                0x0000d45c                __fp_pscB
 .text.avr-libc.fplib
                0x0000d46a       0x50 c:/program files (x86)/atmel/atmel toolchain/avr8 gcc/native/3.4.2.1002/avr8-gnu-toolchain/bin/../lib/gcc/avr/4.7.2/../../../../avr/lib/avr6\libm.a(fp_rempio2.o)
                0x0000d46c                __fp_rempio2
 .text.avr-libc.fplib
                0x0000d4ba       0x22 c:/program files (x86)/atmel/atmel toolchain/avr8 gcc/native/3.4.2.1002/avr8-gnu-toolchain/bin/../lib/gcc/avr/4.7.2/../../../../avr/lib/avr6\libm.a(fp_round.o)
                0x0000d4ba                __fp_round
 .text.avr-libc.fplib
                0x0000d4dc       0x22 c:/program files (x86)/atmel/atmel toolchain/avr8 gcc/native/3.4.2.1002/avr8-gnu-toolchain/bin/../lib/gcc/avr/4.7.2/../../../../avr/lib/avr6\libm.a(fp_sinus.o)