Archive member included because of file (symbol)

c:/program files (x86)/atmel/atmel toolchain/avr8 gcc/native/3.4.2.1002/avr8-gnu-toolchain/bin/../lib/gcc/avr/4.7.2/../../../../avr/lib/avr6\libm.a(addsf3.o)
                              controller/PIDController.o (__subsf3)
c:/program files (x86)/atmel/atmel toolchain/avr8 gcc/native/3.4.2.1002/avr8-gnu-toolchain/bin/../lib/gcc/avr/4.7.2/../../../../avr/lib/avr6\libm.a(addsf3x.o)
                              c:/program files (x86)/atmel/atmel toolchain/avr8 gcc/native/3.4.2.1002/avr8-gnu-toolchain/bin/../lib/gcc/avr/4.7.2/../../../../avr/lib/avr6\libm.a(addsf3.o) (__addsf3x)
c:/program files (x86)/atmel/atmel toolchain/avr8 gcc/native/3.4.2.1002/avr8-gnu-toolchain/bin/../lib/gcc/avr/4.7.2/../../../../avr/lib/avr6\libm.a(cmpsf2.o)
                              controller/PIDController.o (__nesf2)
c:/program files (x86)/atmel/atmel toolchain/avr8 gcc/native/3.4.2.1002/avr8-gnu-toolchain/bin/../lib/gcc/avr/4.7.2/../../../../avr/lib/avr6\libm.a(divsf3.o)
                              tasks/SimTelemetryTask.o (__divsf3)
c:/program files (x86)/atmel/atmel toolchain/avr8 gcc/native/3.4.2.1002/avr8-gnu-toolchain/bin/../lib/gcc/avr/4.7.2/../../../../avr/lib/avr6\libm.a(divsf3x.o)
                              c:/program files (x86)/atmel/atmel toolchain/avr8 gcc/native/3.4.2.1002/avr8-gnu-toolchain/bin/../lib/gcc/avr/4.7.2/../../../../avr/lib/avr6\libm.a(divsf3.o) (__divsf3x)
c:/program files (x86)/atmel/atmel toolchain/avr8 gcc/native/3.4.2.1002/avr8-gnu-toolchain/bin/../lib/gcc/avr/4.7.2/../../../../avr/lib/avr6\libm.a(fixsfsi.o)
                              model/SystemModel.o (__fixsfsi)
c:/program files (x86)/atmel/atmel toolchain/avr8 gcc/native/3.4.2.1002/avr8-gnu-toolchain/bin/../lib/gcc/avr/4.7.2/../../../../avr/lib/avr6\libm.a(fixunssfsi.o)
                              drivers/SerialDriver.o (__fixunssfsi)
c:/program files (x86)/atmel/atmel toolchain/avr8 gcc/native/3.4.2.1002/avr8-gnu-toolchain/bin/../lib/gcc/avr/4.7.2/../../../../avr/lib/avr6\libm.a(floatsisf.o)
                              drivers/SerialDriver.o (__floatunsisf)
c:/program files (x86)/atmel/atmel toolchain/avr8 gcc/native/3.4.2.1002/avr8-gnu-toolchain/bin/../lib/gcc/avr/4.7.2/../../../../avr/lib/avr6\libm.a(floor.o)
                              drivers/SerialDriver.o (floor)
c:/program files (x86)/atmel/atmel toolchain/avr8 gcc/native/3.4.2.1002/avr8-gnu-toolchain/bin/../lib/gcc/avr/4.7.2/../../../../avr/lib/avr6\libm.a(fp_cmp.o)
                              c:/program files (x86)/atmel/atmel toolchain/avr8 gcc/native/3.4.2.1002/avr8-gnu-toolchain/bin/../lib/gcc/avr/4.7.2/../../../../avr/lib/avr6\libm.a(cmpsf2.o) (__fp_cmp)
c:/program files (x86)/atmel/atmel toolchain/avr8 gcc/native/3.4.2.1002/avr8-gnu-toolchain/bin/../lib/gcc/avr/4.7.2/../../../../avr/lib/avr6\libm.a(fp_inf.o)
                              c:/program files (x86)/atmel/atmel toolchain/avr8 gcc/native/3.4.2.1002/avr8-gnu-toolchain/bin/../lib/gcc/avr/4.7.2/../../../../avr/lib/avr6\libm.a(addsf3x.o) (__fp_inf)
c:/program files (x86)/atmel/atmel toolchain/avr8 gcc/native/3.4.2.1002/avr8-gnu-toolchain/bin/../lib/gcc/avr/4.7.2/../../../../avr/lib/avr6\libm.a(fp_mintl.o)
                              c:/program files (x86)/atmel/atmel toolchain/avr8 gcc/native/3.4.2.1002/avr8-gnu-toolchain/bin/../lib/gcc/avr/4.7.2/../../../../avr/lib/avr6\libm.a(floor.o) (__fp_mintl)
c:/program files (x86)/atmel/atmel toolchain/avr8 gcc/native/3.4.2.1002/avr8-gnu-toolchain/bin/../lib/gcc/avr/4.7.2/../../../../avr/lib/avr6\libm.a(fp_mpack.o)
                              c:/program files (x86)/atmel/atmel toolchain/avr8 gcc/native/3.4.2.1002/avr8-gnu-toolchain/bin/../lib/gcc/avr/4.7.2/../../../../avr/lib/avr6\libm.a(floor.o) (__fp_mpack)
c:/program files (x86)/atmel/atmel toolchain/avr8 gcc/native/3.4.2.1002/avr8-gnu-toolchain/bin/../lib/gcc/avr/4.7.2/../../../../avr/lib/avr6\libm.a(fp_nan.o)
                              c:/program files (x86)/atmel/atmel toolchain/avr8 gcc/native/3.4.2.1002/avr8-gnu-toolchain/bin/../lib/gcc/avr/4.7.2/../../../../avr/lib/avr6\libm.a(addsf3x.o) (__fp_nan)
c:/program files (x86)/atmel/atmel toolchain/avr8 gcc/native/3.4.2.1002/avr8-gnu-toolchain/bin/../lib/gcc/avr/4.7.2/../../../../avr/lib/avr6\libm.a(fp_pscA.o)
                              c:/program files (x86)/atmel/atmel toolchain/avr8 gcc/native/3.4.2.1002/avr8-gnu-toolchain/bin/../lib/gcc/avr/4.7.2/../../../../avr/lib/avr6\libm.a(addsf3x.o) (__fp_pscA)
c:/program files (x86)/atmel/atmel toolchain/avr8 gcc/native/3.4.2.1002/avr8-gnu-toolchain/bin/../lib/gcc/avr/4.7.2/../../../../avr/lib/avr6\libm.a(fp_pscB.o)
                              c:/program files (x86)/atmel/atmel toolchain/avr8 gcc/native/3.4.2.1002/avr8-gnu-toolchain/bin/../lib/gcc/avr/4.7.2/../../../../avr/lib/avr6\libm.a(addsf3x.o) (__fp_pscB)
[...]
Memory Configuration

Name             Origin             Length             Attributes
text             0x00000000         0x00100000         xr
data             0x00800200         0x0000fe00         rw !x
eeprom           0x00810000         0x00010000         rw !x
fuse             0x00820000         0x00000400         rw !x
lock             0x00830000         0x00000400         rw !x
signature        0x00840000         0x00000400         rw !x
user_signatures  0x00850000         0x00000400         rw !x
*default*        0x00000000         0xffffffff

Linker script and memory map

Address of section .data set to 0x800200
LOAD c:/program files (x86)/atmel/atmel toolchain/avr8 gcc/native/3.4.2.1002/avr8-gnu-toolchain/bin/../lib/gcc/avr/4.7.2/../../../../avr/lib/avr6/crtm2560.o
LOAD buffer/Buffer.o
LOAD buffer/Record.o
LOAD controller/PIDController.o
LOAD drivers/MagnetometerDriver.o
LOAD drivers/SerialDriver.o
LOAD drivers/ServoDriver.o
LOAD HelicopterMain.o
LOAD interfaces/GroundControlStationInterface.o
LOAD messages/Message.o
LOAD messages/SyncMessage.o
LOAD messages/SystemTelemetryMessage.o
LOAD model/SystemModel.o
LOAD scheduler/Scheduler.o
LOAD sensors/MagnetometerSensor.o
LOAD tasks/PIDOuterLoopTask.o
LOAD tasks/SimTelemetryTask.o
LOAD tasks/Task.o
LOAD tasks/TransmitTelemetryTask.o
LOAD util/CommonHeader.o
LOAD util/Timer.o
START GROUP
LOAD c:/program files (x86)/atmel/atmel toolchain/avr8 gcc/native/3.4.2.1002/avr8-gnu-toolchain/bin/../lib/gcc/avr/4.7.2/../../../../avr/lib/avr6\libm.a
END GROUP
LOAD c:/program files (x86)/atmel/atmel toolchain/avr8 gcc/native/3.4.2.1002/avr8-gnu-toolchain/bin/../lib/gcc/avr/4.7.2/avr6\libgcc.a
LOAD c:/program files (x86)/atmel/atmel toolchain/avr8 gcc/native/3.4.2.1002/avr8-gnu-toolchain/bin/../lib/gcc/avr/4.7.2/../../../../avr/lib/avr6\libm.a
LOAD c:/program files (x86)/atmel/atmel toolchain/avr8 gcc/native/3.4.2.1002/avr8-gnu-toolchain/bin/../lib/gcc/avr/4.7.2/avr6\libgcc.a
LOAD c:/program files (x86)/atmel/atmel toolchain/avr8 gcc/native/3.4.2.1002/avr8-gnu-toolchain/bin/../lib/gcc/avr/4.7.2/../../../../avr/lib/avr6\libc.a
LOAD c:/program files (x86)/atmel/atmel toolchain/avr8 gcc/native/3.4.2.1002/avr8-gnu-toolchain/bin/../lib/gcc/avr/4.7.2/avr6\libgcc.a

.hash
 *(.hash)

.dynsym
 *(.dynsym)

.dynstr
 *(.dynstr)

.gnu.version
 *(.gnu.version)

.gnu.version_d
 *(.gnu.version_d)

.gnu.version_r
 *(.gnu.version_r)

.rel.init
 *(.rel.init)

.rela.init
 *(.rela.init)

.rel.text
 *(.rel.text)
 *(.rel.text.*)
 *(.rel.gnu.linkonce.t*)

.rela.text
 *(.rela.text)
 *(.rela.text.*)
 *(.rela.gnu.linkonce.t*)

.rel.fini
 *(.rel.fini)

.rela.fini
 *(.rela.fini)

.rel.rodata
 *(.rel.rodata)
 *(.rel.rodata.*)
 *(.rel.gnu.linkonce.r*)

.rela.rodata
 *(.rela.rodata)
 *(.rela.rodata.*)
 *(.rela.gnu.linkonce.r*)

.rel.data
 *(.rel.data)
 *(.rel.data.*)
 *(.rel.gnu.linkonce.d*)

.rela.data
 *(.rela.data)
 *(.rela.data.*)
 *(.rela.gnu.linkonce.d*)

.rel.ctors
 *(.rel.ctors)

.rela.ctors
 *(.rela.ctors)

.rel.dtors
 *(.rel.dtors)

.rela.dtors
 *(.rela.dtors)

.rel.got
 *(.rel.got)

.rela.got
 *(.rela.got)

.rel.bss
 *(.rel.bss)

.rela.bss
 *(.rela.bss)

.rel.plt
 *(.rel.plt)

.rela.plt
 *(.rela.plt)

.text           0x00000000     0x48e8
 *(.vectors)
 .vectors       0x00000000       0xe4 c:/program files (x86)/atmel/atmel toolchain/avr8 gcc/native/3.4.2.1002/avr8-gnu-toolchain/bin/../lib/gcc/avr/4.7.2/../../../../avr/lib/avr6/crtm2560.o
                0x00000000                __vector_default
                0x00000000                __vectors
 *(.vectors)
 *(.progmem.gcc*)
 *(.progmem*)
                0x000000e4                . = ALIGN (0x2)
                0x000000e4                __trampolines_start = .
 *(.trampolines)
 .trampolines   0x000000e4       0x98 linker stubs
 *(.trampolines*)
                0x0000017c                __trampolines_end = .
 *(.jumptables)
 *(.jumptables*)
 *(.lowtext)
 *(.lowtext*)
                0x0000017c                __ctors_start = .
 *(.ctors)
                0x0000017c                __ctors_end = .
                0x0000017c                __dtors_start = .
 *(.dtors)
                0x0000017c                __dtors_end = .
 SORT(*)(.ctors)
 SORT(*)(.dtors)
 *(.init0)
 .init0         0x0000017c        0x0 c:/program files (x86)/atmel/atmel toolchain/avr8 gcc/native/3.4.2.1002/avr8-gnu-toolchain/bin/../lib/gcc/avr/4.7.2/../../../../avr/lib/avr6/crtm2560.o
                0x0000017c                __init
 *(.init0)
 *(.init1)
 *(.init1)
 *(.init2)
 .init2         0x0000017c       0x10 c:/program files (x86)/atmel/atmel toolchain/avr8 gcc/native/3.4.2.1002/avr8-gnu-toolchain/bin/../lib/gcc/avr/4.7.2/../../../../avr/lib/avr6/crtm2560.o
 *(.init2)
 *(.init3)
 *(.init3)
 *(.init4)
 .init4         0x0000018c       0x1a c:/program files (x86)/atmel/atmel toolchain/avr8 gcc/native/3.4.2.1002/avr8-gnu-toolchain/bin/../lib/gcc/avr/4.7.2/avr6\libgcc.a(_copy_data.o)
                0x0000018c                __do_copy_data
 .init4         0x000001a6       0x10 c:/program files (x86)/atmel/atmel toolchain/avr8 gcc/native/3.4.2.1002/avr8-gnu-toolchain/bin/../lib/gcc/avr/4.7.2/avr6\libgcc.a(_clear_bss.o)
                0x000001a6                __do_clear_bss
 *(.init4)
 *(.init5)
 *(.init5)
 *(.init6)
 *(.init6)
 *(.init7)
 *(.init7)
 *(.init8)
 *(.init8)
 *(.init9)
 .init9         0x000001b6        0x8 c:/program files (x86)/atmel/atmel toolchain/avr8 gcc/native/3.4.2.1002/avr8-gnu-toolchain/bin/../lib/gcc/avr/4.7.2/../../../../avr/lib/avr6/crtm2560.o
 *(.init9)
 *(.text)
 .text          0x000001be        0x4 c:/program files (x86)/atmel/atmel toolchain/avr8 gcc/native/3.4.2.1002/avr8-gnu-toolchain/bin/../lib/gcc/avr/4.7.2/../../../../avr/lib/avr6/crtm2560.o
                0x000001be                __vector_38
                0x000001be                __vector_22
                0x000001be                __vector_28
                0x000001be                __vector_1
                0x000001be                __vector_32
                0x000001be                __vector_34
                0x000001be                __vector_24
                0x000001be                __vector_12
                0x000001be                __vector_55
                0x000001be                __vector_46
                0x000001be                __bad_interrupt
                0x000001be                __vector_6
                0x000001be                __vector_31
                0x000001be                __vector_35
                0x000001be                __vector_39
                0x000001be                __vector_3
                0x000001be                __vector_23
                0x000001be                __vector_30
                0x000001be                __vector_45
                0x000001be                __vector_25
                0x000001be                __vector_11
                0x000001be                __vector_54
                0x000001be                __vector_13
                0x000001be                __vector_19
                0x000001be                __vector_56
                0x000001be                __vector_7
                0x000001be                __vector_49
                0x000001be                __vector_41
                0x000001be                __vector_43
                0x000001be                __vector_27
                0x000001be                __vector_5
                0x000001be                __vector_33
                0x000001be                __vector_47
                0x000001be                __vector_52
                0x000001be                __vector_37
                0x000001be                __vector_4
                0x000001be                __vector_44
                0x000001be                __vector_51
                0x000001be                __vector_9
                0x000001be                __vector_2
                0x000001be                __vector_21
                0x000001be                __vector_15
                0x000001be                __vector_36
                0x000001be                __vector_29
                0x000001be                __vector_40
                0x000001be                __vector_8
                0x000001be                __vector_26
                0x000001be                __vector_48
                0x000001be                __vector_14
                0x000001be                __vector_53
                0x000001be                __vector_10
                0x000001be                __vector_50
                0x000001be                __vector_16
                0x000001be                __vector_18
                0x000001be                __vector_20
                0x000001be                __vector_42
                0x000001c2                . = ALIGN (0x2)
 *(.text.*)
 .text._ZNK10helicopter5model11SystemModel13MagYawDegreesEv
                0x000001c2       0x2c controller/PIDController.o
                0x000001c2                _ZNK10helicopter5model11SystemModel13MagYawDegreesEv
 .text._ZNK10helicopter5model11SystemModel22ReferenceMagYawDegreesEv
                0x000001ee       0x2c controller/PIDController.o
                0x000001ee                _ZNK10helicopter5model11SystemModel22ReferenceMagYawDegreesEv
 .text._ZN10helicopter5model11SystemModel10YawControlEd
                0x0000021a       0x40 controller/PIDController.o
                0x0000021a                _ZN10helicopter5model11SystemModel10YawControlEd
 .text._ZNK10helicopter5model11SystemModel37YawControlBeforeServoLimitsAdjustmentEv
                0x0000025a       0x2c controller/PIDController.o
                0x0000025a                _ZNK10helicopter5model11SystemModel37YawControlBeforeServoLimitsAdjustmentEv
 .text._ZN10helicopter5model11SystemModel37YawControlBeforeServoLimitsAdjustmentEd
                0x00000286       0x40 controller/PIDController.o
                0x00000286                _ZN10helicopter5model11SystemModel37YawControlBeforeServoLimitsAdjustmentEd
 .text._ZNK10helicopter5model11SystemModel27YawVelocityDegreesPerSecondEv
                0x000002c6       0x2c controller/PIDController.o
                0x000002c6                _ZNK10helicopter5model11SystemModel27YawVelocityDegreesPerSecondEv
 .text._ZNK10helicopter5model11SystemModel36ReferenceYawVelocityDegreesPerSecondEv
                0x000002f2       0x2c controller/PIDController.o
                0x000002f2                _ZNK10helicopter5model11SystemModel36ReferenceYawVelocityDegreesPerSecondEv
 .text._ZNK10helicopter5model11SystemModel11YawIntegralEv
                0x0000031e       0x2c controller/PIDController.o
                0x0000031e                _ZNK10helicopter5model11SystemModel11YawIntegralEv
 .text._ZN10helicopter5model11SystemModel11YawIntegralEd
                0x0000034a       0x40 controller/PIDController.o
                0x0000034a                _ZN10helicopter5model11SystemModel11YawIntegralEd
 .text._ZN10helicopter5model11SystemModel15YawProportionalEd
                0x0000038a       0x40 controller/PIDController.o
                0x0000038a                _ZN10helicopter5model11SystemModel15YawProportionalEd
 .text._ZN10helicopter5model11SystemModel18YawDerivativeErrorEd
                0x000003ca       0x40 controller/PIDController.o
                0x000003ca                _ZN10helicopter5model11SystemModel18YawDerivativeErrorEd
 .text._ZN10helicopter10controller13PIDControllerC2EPNS_5model11SystemModelEPNS_7drivers11ServoDriverE
                0x0000040a       0xd2 controller/PIDController.o
                0x0000040a                _ZN10helicopter10controller13PIDControllerC2EPNS_5model11SystemModelEPNS_7drivers11ServoDriverE
                0x0000040a                _ZN10helicopter10controller13PIDControllerC1EPNS_5model11SystemModelEPNS_7drivers11ServoDriverE
 .text._ZN10helicopter10controller13PIDController24calculateYawProportionalEdd
                0x000004dc       0xe0 controller/PIDController.o
                0x000004dc                _ZN10helicopter10controller13PIDController24calculateYawProportionalEdd
 .text._ZN10helicopter10controller13PIDController30calculateYawIntegralAntiWindupEd
                0x000005bc      0x12c controller/PIDController.o
                0x000005bc                _ZN10helicopter10controller13PIDController30calculateYawIntegralAntiWindupEd
 .text._ZN10helicopter10controller13PIDController20calculateYawIntegralEddd
                0x000006e8      0x168 controller/PIDController.o
                0x000006e8                _ZN10helicopter10controller13PIDController20calculateYawIntegralEddd
 .text._ZN10helicopter10controller13PIDController25calculateYawVelocityErrorEdd
                0x00000850       0x5e controller/PIDController.o
                0x00000850                _ZN10helicopter10controller13PIDController25calculateYawVelocityErrorEdd
 .text._ZN10helicopter10controller13PIDController24calculateYawControlValueEddd
                0x000008ae      0x176 controller/PIDController.o
                0x000008ae                _ZN10helicopter10controller13PIDController24calculateYawControlValueEddd
 .text._ZN10helicopter10controller13PIDController27adjustControlForServoLimitsEd
                0x00000a24       0xea controller/PIDController.o
                0x00000a24                _ZN10helicopter10controller13PIDController27adjustControlForServoLimitsEd
 .text._ZN10helicopter10controller13PIDController34tailRotorCollectiveOuterLoopUpdateEv
                0x00000b0e      0x23a controller/PIDController.o
                0x00000b0e                _ZN10helicopter10controller13PIDController34tailRotorCollectiveOuterLoopUpdateEv
 .text._ZN10helicopter7drivers12SerialDriverD2Ev
                0x00000d48       0x3c drivers/SerialDriver.o
                0x00000d48                _ZN10helicopter7drivers12SerialDriverD1Ev
                0x00000d48                _ZN10helicopter7drivers12SerialDriverD2Ev
 .text._ZN10helicopter7drivers12SerialDriverD0Ev
                0x00000d84       0x2a drivers/SerialDriver.o
                0x00000d84                _ZN10helicopter7drivers12SerialDriverD0Ev
 .text._ZN10helicopter7drivers12SerialDriver10initializeEv
                0x00000dae      0x16c drivers/SerialDriver.o
                0x00000dae                _ZN10helicopter7drivers12SerialDriver10initializeEv
 .text._ZN10helicopter7drivers12SerialDriver12transmitByteEh
                0x00000f1a       0xb2 drivers/SerialDriver.o
                0x00000f1a                _ZN10helicopter7drivers12SerialDriver12transmitByteEh
 .text._ZN10helicopter7drivers12SerialDriver11receiveByteERh
                0x00000fcc       0xca drivers/SerialDriver.o
                0x00000fcc                _ZN10helicopter7drivers12SerialDriver11receiveByteERh
 .text._ZN10helicopter7drivers11ServoDriverD2Ev
                0x00001096       0x3c drivers/ServoDriver.o
                0x00001096                _ZN10helicopter7drivers11ServoDriverD2Ev
                0x00001096                _ZN10helicopter7drivers11ServoDriverD1Ev
 .text._ZN10helicopter7drivers11ServoDriverD0Ev
                0x000010d2       0x2a drivers/ServoDriver.o
                0x000010d2                _ZN10helicopter7drivers11ServoDriverD0Ev
 .text._ZN10helicopter7drivers11ServoDriver26controlTailRotorCollectiveEd
                0x000010fc       0xda drivers/ServoDriver.o
                0x000010fc                _ZN10helicopter7drivers11ServoDriver26controlTailRotorCollectiveEd
 .text._ZN10helicopter7drivers11ServoDriver30controlTailRotorCollectiveImplEd
                0x000011d6       0x2a drivers/ServoDriver.o
                0x000011d6                _ZN10helicopter7drivers11ServoDriver30controlTailRotorCollectiveImplEd
 .text._ZN10helicopter5tasks4TaskD2Ev
                0x00001200       0x3c HelicopterMain.o
                0x00001200                _ZN10helicopter5tasks4TaskD2Ev
                0x00001200                _ZN10helicopter5tasks4TaskD1Ev
 .text._ZN10helicopter5tasks4TaskD0Ev
                0x0000123c       0x2a HelicopterMain.o
                0x0000123c                _ZN10helicopter5tasks4TaskD0Ev
 .text._ZN10helicopter5tasks12FlashLEDTaskC2Eiii
                0x00001266       0x6c HelicopterMain.o
                0x00001266                _ZN10helicopter5tasks12FlashLEDTaskC2Eiii
                0x00001266                _ZN10helicopter5tasks12FlashLEDTaskC1Eiii
 .text._ZN10helicopter5tasks12FlashLEDTask4initEv
                0x000012d2       0x48 HelicopterMain.o
                0x000012d2                _ZN10helicopter5tasks12FlashLEDTask4initEv
 .text._ZN10helicopter5tasks12FlashLEDTask11runTaskImplEv
                0x0000131a       0x98 HelicopterMain.o
                0x0000131a                _ZN10helicopter5tasks12FlashLEDTask11runTaskImplEv
 .text._ZN10helicopter4util5TimerC2Em9PRESCALERm
                0x000013b2       0x80 HelicopterMain.o
                0x000013b2                _ZN10helicopter4util5TimerC2Em9PRESCALERm
                0x000013b2                _ZN10helicopter4util5TimerC1Em9PRESCALERm
 .text._ZN10helicopter7drivers12SerialDriverC2EmNS1_8UartPortEPNS_4util5TimerEbb
                0x00001432       0x9c HelicopterMain.o
                0x00001432                _ZN10helicopter7drivers12SerialDriverC1EmNS1_8UartPortEPNS_4util5TimerEbb
                0x00001432                _ZN10helicopter7drivers12SerialDriverC2EmNS1_8UartPortEPNS_4util5TimerEbb
 .text._ZN10helicopter10interfaces29GroundControlStationInterfaceC2EPNS_7drivers12SerialDriverE
                0x000014ce       0x30 HelicopterMain.o
                0x000014ce                _ZN10helicopter10interfaces29GroundControlStationInterfaceC1EPNS_7drivers12SerialDriverE
                0x000014ce                _ZN10helicopter10interfaces29GroundControlStationInterfaceC2EPNS_7drivers12SerialDriverE
 .text._ZN10helicopter5model11SystemModelC2Ev
                0x000014fe       0xd4 HelicopterMain.o
                0x000014fe                _ZN10helicopter5model11SystemModelC1Ev
                0x000014fe                _ZN10helicopter5model11SystemModelC2Ev
 .text._ZN10helicopter5model11SystemModel22ReferenceMagYawDegreesEd
                0x000015d2       0x40 HelicopterMain.o
                0x000015d2                _ZN10helicopter5model11SystemModel22ReferenceMagYawDegreesEd
 .text._ZN10helicopter5model11SystemModel36ReferenceYawVelocityDegreesPerSecondEd
                0x00001612       0x40 HelicopterMain.o
                0x00001612                _ZN10helicopter5model11SystemModel36ReferenceYawVelocityDegreesPerSecondEd
 .text._ZN10helicopter7drivers11ServoDriverC2Ev
                0x00001652       0x44 HelicopterMain.o
                0x00001652                _ZN10helicopter7drivers11ServoDriverC2Ev
                0x00001652                _ZN10helicopter7drivers11ServoDriverC1Ev
 .text._ZN10helicopter10controller13PIDController22setYawProportionalGainEd
                0x00001696       0x40 HelicopterMain.o
                0x00001696                _ZN10helicopter10controller13PIDController22setYawProportionalGainEd
 .text._ZN10helicopter10controller13PIDController18setYawIntegralGainEd
                0x000016d6       0x40 HelicopterMain.o
                0x000016d6                _ZN10helicopter10controller13PIDController18setYawIntegralGainEd
 .text._ZN10helicopter10controller13PIDController20setYawDerivativeGainEd
                0x00001716       0x40 HelicopterMain.o
                0x00001716                _ZN10helicopter10controller13PIDController20setYawDerivativeGainEd
 .text._ZN10helicopter10controller13PIDController21setIntervalPeriodSecsEd
                0x00001756       0x40 HelicopterMain.o
                0x00001756                _ZN10helicopter10controller13PIDController21setIntervalPeriodSecsEd
 .text._ZN10helicopter10controller13PIDController20setYawAntiWindupGainEd
                0x00001796       0x40 HelicopterMain.o
                0x00001796                _ZN10helicopter10controller13PIDController20setYawAntiWindupGainEd
 .text._ZN10helicopter10controller13PIDController37setMinTailRotorCollectiveControlValueEd
                0x000017d6       0x40 HelicopterMain.o
                0x000017d6                _ZN10helicopter10controller13PIDController37setMinTailRotorCollectiveControlValueEd
 .text._ZN10helicopter10controller13PIDController30setMaxTailRotorCollectiveValueEd
                0x00001816       0x40 HelicopterMain.o
                0x00001816                _ZN10helicopter10controller13PIDController30setMaxTailRotorCollectiveValueEd
 .text._ZN10helicopter10controller13PIDController18setControlMaxValueEd
                0x00001856       0x40 HelicopterMain.o
                0x00001856                _ZN10helicopter10controller13PIDController18setControlMaxValueEd
 .text._ZN10helicopter10controller13PIDController18setControlMinValueEd
                0x00001896       0x40 HelicopterMain.o
                0x00001896                _ZN10helicopter10controller13PIDController18setControlMinValueEd
 .text._Z33setupDefaultsandReferencePositionPN10helicopter5model11SystemModelEPNS_10controller13PIDControllerE
                0x000018d6       0xce HelicopterMain.o
                0x000018d6                _Z33setupDefaultsandReferencePositionPN10helicopter5model11SystemModelEPNS_10controller13PIDControllerE
 .text.main     0x000019a4      0x1ec HelicopterMain.o
                0x000019a4                main
 .text._ZN10helicopter5tasks12FlashLEDTaskD2Ev
                0x00001b90       0x44 HelicopterMain.o
                0x00001b90                _ZN10helicopter5tasks12FlashLEDTaskD1Ev
                0x00001b90                _ZN10helicopter5tasks12FlashLEDTaskD2Ev
 .text._ZN10helicopter5tasks12FlashLEDTaskD0Ev
                0x00001bd4       0x2a HelicopterMain.o
                0x00001bd4                _ZN10helicopter5tasks12FlashLEDTaskD0Ev
 .text._ZN10helicopter10interfaces29GroundControlStationInterface17calculateChecksumEPhiRhS3_
                0x00001bfe       0xaa interfaces/GroundControlStationInterface.o
                0x00001bfe                _ZN10helicopter10interfaces29GroundControlStationInterface17calculateChecksumEPhiRhS3_
 .text._ZN10helicopter10interfaces29GroundControlStationInterface8transmitEPNS_8messages7MessageE
                0x00001ca8      0x1cc interfaces/GroundControlStationInterface.o
                0x00001ca8                _ZN10helicopter10interfaces29GroundControlStationInterface8transmitEPNS_8messages7MessageE
 .text._ZN10helicopter10interfaces29GroundControlStationInterface7receiveERPNS_8messages7MessageE
                0x00001e74      0x2d0 interfaces/GroundControlStationInterface.o
                0x00001e74                _ZN10helicopter10interfaces29GroundControlStationInterface7receiveERPNS_8messages7MessageE
 .text._ZN10helicopter8messages7MessageD2Ev
                0x00002144       0x3c messages/Message.o
                0x00002144                _ZN10helicopter8messages7MessageD1Ev
                0x00002144                _ZN10helicopter8messages7MessageD2Ev
 .text._ZN10helicopter8messages7MessageD0Ev
                0x00002180       0x2a messages/Message.o
                0x00002180                _ZN10helicopter8messages7MessageD0Ev
 .text._ZN10helicopter8messages7Message14getMessageSizeEv
                0x000021aa       0x24 messages/Message.o
                0x000021aa                _ZN10helicopter8messages7Message14getMessageSizeEv
 .text._ZN10helicopter8messages7Message8getBytesEv
                0x000021ce       0x1e messages/Message.o
                0x000021ce                _ZN10helicopter8messages7Message8getBytesEv
 .text._ZN10helicopter8messages7Message12buildMessageEPh
                0x000021ec       0x22 messages/Message.o
                0x000021ec                _ZN10helicopter8messages7Message12buildMessageEPh
 .text._ZN10helicopter8messages7MessageC2Ehi
                0x0000220e       0x4e messages/SyncMessage.o
                0x0000220e                _ZN10helicopter8messages7MessageC1Ehi
                0x0000220e                _ZN10helicopter8messages7MessageC2Ehi
 .text._ZN10helicopter8messages11SyncMessageC2Ev
                0x0000225c       0x36 messages/SyncMessage.o
                0x0000225c                _ZN10helicopter8messages11SyncMessageC1Ev
                0x0000225c                _ZN10helicopter8messages11SyncMessageC2Ev
 .text._ZN10helicopter8messages11SyncMessageD2Ev
                0x00002292       0x44 messages/SyncMessage.o
                0x00002292                _ZN10helicopter8messages11SyncMessageD2Ev
                0x00002292                _ZN10helicopter8messages11SyncMessageD1Ev
 .text._ZN10helicopter8messages11SyncMessageD0Ev
                0x000022d6       0x2a messages/SyncMessage.o
                0x000022d6                _ZN10helicopter8messages11SyncMessageD0Ev
 .text._ZN10helicopter8messages11SyncMessage8getBytesEv
                0x00002300       0x4a messages/SyncMessage.o
                0x00002300                _ZN10helicopter8messages11SyncMessage8getBytesEv
 .text._ZN10helicopter8messages11SyncMessage12buildMessageEPh
                0x0000234a       0x3a messages/SyncMessage.o
                0x0000234a                _ZN10helicopter8messages11SyncMessage12buildMessageEPh
 .text._ZN10helicopter8messages7Message6encodeERPhRi
                0x00002384       0x5c messages/SystemTelemetryMessage.o
                0x00002384                _ZN10helicopter8messages7Message6encodeERPhRi
 .text._ZN10helicopter8messages7Message6encodeERPhRj
                0x000023e0       0x5c messages/SystemTelemetryMessage.o
                0x000023e0                _ZN10helicopter8messages7Message6encodeERPhRj
 .text._ZN10helicopter8messages7Message6encodeERPhRh
                0x0000243c       0x5a messages/SystemTelemetryMessage.o
                0x0000243c                _ZN10helicopter8messages7Message6encodeERPhRh
 .text._ZN10helicopter8messages7Message6decodeERPhRh
                0x00002496       0x5a messages/SystemTelemetryMessage.o
                0x00002496                _ZN10helicopter8messages7Message6decodeERPhRh
 .text._ZN10helicopter8messages7Message6decodeERPhRi
                0x000024f0       0x5c messages/SystemTelemetryMessage.o
                0x000024f0                _ZN10helicopter8messages7Message6decodeERPhRi
 .text._ZN10helicopter8messages7Message6decodeERPhRj
                0x0000254c       0x5c messages/SystemTelemetryMessage.o
                0x0000254c                _ZN10helicopter8messages7Message6decodeERPhRj
 .text._ZN10helicopter8messages22SystemTelemetryMessageC2Ev
                0x000025a8       0xae messages/SystemTelemetryMessage.o
                0x000025a8                _ZN10helicopter8messages22SystemTelemetryMessageC2Ev
                0x000025a8                _ZN10helicopter8messages22SystemTelemetryMessageC1Ev
 .text._ZN10helicopter8messages22SystemTelemetryMessageD2Ev
                0x00002656       0x44 messages/SystemTelemetryMessage.o
                0x00002656                _ZN10helicopter8messages22SystemTelemetryMessageD2Ev
                0x00002656                _ZN10helicopter8messages22SystemTelemetryMessageD1Ev
 .text._ZN10helicopter8messages22SystemTelemetryMessageD0Ev
                0x0000269a       0x2a messages/SystemTelemetryMessage.o
                0x0000269a                _ZN10helicopter8messages22SystemTelemetryMessageD0Ev
 .text._ZN10helicopter8messages22SystemTelemetryMessage8getBytesEv
                0x000026c4      0x18c messages/SystemTelemetryMessage.o
                0x000026c4                _ZN10helicopter8messages22SystemTelemetryMessage8getBytesEv
 .text._ZN10helicopter8messages22SystemTelemetryMessage12buildMessageEPh
                0x00002850      0x17e messages/SystemTelemetryMessage.o
                0x00002850                _ZN10helicopter8messages22SystemTelemetryMessage12buildMessageEPh
 .text._ZN10helicopter8messages22SystemTelemetryMessage14buildMessageStEPh
                0x000029ce       0x5e messages/SystemTelemetryMessage.o
                0x000029ce                _ZN10helicopter8messages22SystemTelemetryMessage14buildMessageStEPh
 .text._ZN10helicopter8messages22SystemTelemetryMessage4MagXEi
                0x00002a2c       0x30 model/SystemModel.o
                0x00002a2c                _ZN10helicopter8messages22SystemTelemetryMessage4MagXEi
 .text._ZN10helicopter8messages22SystemTelemetryMessage4MagYEi
                0x00002a5c       0x30 model/SystemModel.o
                0x00002a5c                _ZN10helicopter8messages22SystemTelemetryMessage4MagYEi
 .text._ZN10helicopter8messages22SystemTelemetryMessage4MagZEi
                0x00002a8c       0x30 model/SystemModel.o
                0x00002a8c                _ZN10helicopter8messages22SystemTelemetryMessage4MagZEi
 .text._ZN10helicopter8messages22SystemTelemetryMessage6MagYawEj
                0x00002abc       0x30 model/SystemModel.o
                0x00002abc                _ZN10helicopter8messages22SystemTelemetryMessage6MagYawEj
 .text._ZN10helicopter8messages22SystemTelemetryMessage27YawVelocityDegreesPerSecondEi
                0x00002aec       0x30 model/SystemModel.o
                0x00002aec                _ZN10helicopter8messages22SystemTelemetryMessage27YawVelocityDegreesPerSecondEi
 .text._ZN10helicopter8messages22SystemTelemetryMessage11YawIntegralEi
                0x00002b1c       0x30 model/SystemModel.o
                0x00002b1c                _ZN10helicopter8messages22SystemTelemetryMessage11YawIntegralEi
 .text._ZN10helicopter8messages22SystemTelemetryMessage15YawProportionalEi
                0x00002b4c       0x30 model/SystemModel.o
                0x00002b4c                _ZN10helicopter8messages22SystemTelemetryMessage15YawProportionalEi
 .text._ZN10helicopter8messages22SystemTelemetryMessage18YawDerivativeErrorEi
                0x00002b7c       0x30 model/SystemModel.o
                0x00002b7c                _ZN10helicopter8messages22SystemTelemetryMessage18YawDerivativeErrorEi
 .text._ZN10helicopter8messages22SystemTelemetryMessage10YawControlEi
                0x00002bac       0x30 model/SystemModel.o
                0x00002bac                _ZN10helicopter8messages22SystemTelemetryMessage10YawControlEi
 .text._ZN10helicopter8messages22SystemTelemetryMessage8TimeoutsEi
                0x00002bdc       0x30 model/SystemModel.o
                0x00002bdc                _ZN10helicopter8messages22SystemTelemetryMessage8TimeoutsEi
 .text._ZN10helicopter8messages22SystemTelemetryMessage20UnrecognizedMsgTypesEi
                0x00002c0c       0x30 model/SystemModel.o
                0x00002c0c                _ZN10helicopter8messages22SystemTelemetryMessage20UnrecognizedMsgTypesEi
 .text._ZN10helicopter8messages22SystemTelemetryMessage14ChecksumErrorsEi
                0x00002c3c       0x30 model/SystemModel.o
                0x00002c3c                _ZN10helicopter8messages22SystemTelemetryMessage14ChecksumErrorsEi
 .text._ZNK10helicopter5model11SystemModel7RawMagXEv
                0x00002c6c       0x24 model/SystemModel.o
                0x00002c6c                _ZNK10helicopter5model11SystemModel7RawMagXEv
 .text._ZNK10helicopter5model11SystemModel7RawMagYEv
                0x00002c90       0x24 model/SystemModel.o
                0x00002c90                _ZNK10helicopter5model11SystemModel7RawMagYEv
 .text._ZNK10helicopter5model11SystemModel7RawMagZEv
                0x00002cb4       0x24 model/SystemModel.o
                0x00002cb4                _ZNK10helicopter5model11SystemModel7RawMagZEv
 .text._ZNK10helicopter5model11SystemModel10YawControlEv
                0x00002cd8       0x2c model/SystemModel.o
                0x00002cd8                _ZNK10helicopter5model11SystemModel10YawControlEv
 .text._ZNK10helicopter5model11SystemModel15YawProportionalEv
                0x00002d04       0x2c model/SystemModel.o
                0x00002d04                _ZNK10helicopter5model11SystemModel15YawProportionalEv
 .text._ZNK10helicopter5model11SystemModel18YawDerivativeErrorEv
                0x00002d30       0x2c model/SystemModel.o
                0x00002d30                _ZNK10helicopter5model11SystemModel18YawDerivativeErrorEv
 .text._ZNK10helicopter5model11SystemModel8TimeoutsEv
                0x00002d5c       0x24 model/SystemModel.o
                0x00002d5c                _ZNK10helicopter5model11SystemModel8TimeoutsEv
 .text._ZNK10helicopter5model11SystemModel20UnrecognizedMsgTypesEv
                0x00002d80       0x24 model/SystemModel.o
                0x00002d80                _ZNK10helicopter5model11SystemModel20UnrecognizedMsgTypesEv
 .text._ZNK10helicopter5model11SystemModel14ChecksumErrorsEv
                0x00002da4       0x24 model/SystemModel.o
                0x00002da4                _ZNK10helicopter5model11SystemModel14ChecksumErrorsEv
 .text._ZN10helicopter5model11SystemModel22CreateTelemetryMessageEv
                0x00002dc8      0x1a2 model/SystemModel.o
                0x00002dc8                _ZN10helicopter5model11SystemModel22CreateTelemetryMessageEv
 .text._ZN10helicopter5tasks4Task8getDelayEv
                0x00002f6a       0x24 scheduler/Scheduler.o
                0x00002f6a                _ZN10helicopter5tasks4Task8getDelayEv
 .text._ZN10helicopter5tasks4Task9getPeriodEv
                0x00002f8e       0x24 scheduler/Scheduler.o
                0x00002f8e                _ZN10helicopter5tasks4Task9getPeriodEv
 .text._ZN10helicopter5tasks4Task8setDelayEi
                0x00002fb2       0x30 scheduler/Scheduler.o
                0x00002fb2                _ZN10helicopter5tasks4Task8setDelayEi
 .text._ZN10helicopter5tasks4Task15getIsReadyToRunEv
                0x00002fe2       0x22 scheduler/Scheduler.o
                0x00002fe2                _ZN10helicopter5tasks4Task15getIsReadyToRunEv
 .text._ZN10helicopter5tasks4Task15setIsReadyToRunEb
                0x00003004       0x26 scheduler/Scheduler.o
                0x00003004                _ZN10helicopter5tasks4Task15setIsReadyToRunEb
 .text._ZN10helicopter5tasks4Task11reduceDelayEv
                0x0000302a       0x34 scheduler/Scheduler.o
                0x0000302a                _ZN10helicopter5tasks4Task11reduceDelayEv
 .text._ZN10helicopter9scheduler9Scheduler13getNumOfTasksEv
                0x0000305e       0x24 scheduler/Scheduler.o
                0x0000305e                _ZN10helicopter9scheduler9Scheduler13getNumOfTasksEv
 .text._ZN10helicopter9scheduler9Scheduler8getTasksEv
                0x00003082       0x1e scheduler/Scheduler.o
                0x00003082                _ZN10helicopter9scheduler9Scheduler8getTasksEv
 .text._ZN10helicopter9scheduler9Scheduler12getSchedulerEv
                0x000030a0       0x5a scheduler/Scheduler.o
                0x000030a0                _ZN10helicopter9scheduler9Scheduler12getSchedulerEv
 .text._ZN10helicopter9scheduler9SchedulerC2Em9PRESCALERi
                0x000030fa       0xb4 scheduler/Scheduler.o
                0x000030fa                _ZN10helicopter9scheduler9SchedulerC2Em9PRESCALERi
                0x000030fa                _ZN10helicopter9scheduler9SchedulerC1Em9PRESCALERi
 .text._ZN10helicopter9scheduler9Scheduler7addTaskEPNS_5tasks4TaskE
                0x000031ae       0x76 scheduler/Scheduler.o
                0x000031ae                _ZN10helicopter9scheduler9Scheduler7addTaskEPNS_5tasks4TaskE
 .text._ZN10helicopter9scheduler9Scheduler4initEv
                0x00003224       0xc2 scheduler/Scheduler.o
                0x00003224                _ZN10helicopter9scheduler9Scheduler4initEv
 .text._ZN10helicopter9scheduler9Scheduler8dispatchEv
                0x000032e6       0xd4 scheduler/Scheduler.o
                0x000032e6                _ZN10helicopter9scheduler9Scheduler8dispatchEv
 .text._ZN10helicopter9scheduler9Scheduler5startEv
                0x000033ba       0xc6 scheduler/Scheduler.o
                0x000033ba                _ZN10helicopter9scheduler9Scheduler5startEv
 .text.__vector_17
                0x00003480      0x106 scheduler/Scheduler.o
                0x00003480                __vector_17
 .text._ZN10helicopter5tasks4Task4initEv
                0x00003586       0x1a tasks/PIDOuterLoopTask.o
                0x00003586                _ZN10helicopter5tasks4Task4initEv
 .text._ZN10helicopter5tasks16PIDOuterLoopTaskC2EPNS_10controller13PIDControllerEii
                0x000035a0       0x64 tasks/PIDOuterLoopTask.o
                0x000035a0                _ZN10helicopter5tasks16PIDOuterLoopTaskC1EPNS_10controller13PIDControllerEii
                0x000035a0                _ZN10helicopter5tasks16PIDOuterLoopTaskC2EPNS_10controller13PIDControllerEii
 .text._ZN10helicopter5tasks16PIDOuterLoopTask11runTaskImplEv
                0x00003604       0x28 tasks/PIDOuterLoopTask.o
                0x00003604                _ZN10helicopter5tasks16PIDOuterLoopTask11runTaskImplEv
 .text._ZN10helicopter5tasks16PIDOuterLoopTaskD2Ev
                0x0000362c       0x44 tasks/PIDOuterLoopTask.o
                0x0000362c                _ZN10helicopter5tasks16PIDOuterLoopTaskD1Ev
                0x0000362c                _ZN10helicopter5tasks16PIDOuterLoopTaskD2Ev
 .text._ZN10helicopter5tasks16PIDOuterLoopTaskD0Ev
                0x00003670       0x2a tasks/PIDOuterLoopTask.o
                0x00003670                _ZN10helicopter5tasks16PIDOuterLoopTaskD0Ev
 .text._ZNK10helicopter8messages22SystemTelemetryMessage4MagXEv
                0x0000369a       0x24 tasks/SimTelemetryTask.o
                0x0000369a                _ZNK10helicopter8messages22SystemTelemetryMessage4MagXEv
 .text._ZNK10helicopter8messages22SystemTelemetryMessage4MagYEv
                0x000036be       0x24 tasks/SimTelemetryTask.o
                0x000036be                _ZNK10helicopter8messages22SystemTelemetryMessage4MagYEv
 .text._ZNK10helicopter8messages22SystemTelemetryMessage4MagZEv
                0x000036e2       0x24 tasks/SimTelemetryTask.o
                0x000036e2                _ZNK10helicopter8messages22SystemTelemetryMessage4MagZEv
 .text._ZNK10helicopter8messages22SystemTelemetryMessage6MagYawEv
                0x00003706       0x24 tasks/SimTelemetryTask.o
                0x00003706                _ZNK10helicopter8messages22SystemTelemetryMessage6MagYawEv
 .text._ZNK10helicopter8messages22SystemTelemetryMessage27YawVelocityDegreesPerSecondEv
                0x0000372a       0x24 tasks/SimTelemetryTask.o
                0x0000372a                _ZNK10helicopter8messages22SystemTelemetryMessage27YawVelocityDegreesPerSecondEv
 .text._ZNK10helicopter8messages22SystemTelemetryMessage10YawControlEv
                0x0000374e       0x24 tasks/SimTelemetryTask.o
                0x0000374e                _ZNK10helicopter8messages22SystemTelemetryMessage10YawControlEv
 .text._ZN10helicopter5model11SystemModel7RawMagXEi
                0x00003772       0x30 tasks/SimTelemetryTask.o
                0x00003772                _ZN10helicopter5model11SystemModel7RawMagXEi
 .text._ZN10helicopter5model11SystemModel7RawMagYEi
                0x000037a2       0x30 tasks/SimTelemetryTask.o
                0x000037a2                _ZN10helicopter5model11SystemModel7RawMagYEi
 .text._ZN10helicopter5model11SystemModel7RawMagZEi
                0x000037d2       0x30 tasks/SimTelemetryTask.o
                0x000037d2                _ZN10helicopter5model11SystemModel7RawMagZEi
 .text._ZN10helicopter5model11SystemModel13MagYawDegreesEd
                0x00003802       0x40 tasks/SimTelemetryTask.o
                0x00003802                _ZN10helicopter5model11SystemModel13MagYawDegreesEd
 .text._ZN10helicopter5model11SystemModel27YawVelocityDegreesPerSecondEd
                0x00003842       0x40 tasks/SimTelemetryTask.o
                0x00003842                _ZN10helicopter5model11SystemModel27YawVelocityDegreesPerSecondEd
 .text._ZN10helicopter5model11SystemModel8TimeoutsEi
                0x00003882       0x30 tasks/SimTelemetryTask.o
                0x00003882                _ZN10helicopter5model11SystemModel8TimeoutsEi
 .text._ZN10helicopter5model11SystemModel20UnrecognizedMsgTypesEi
                0x000038b2       0x30 tasks/SimTelemetryTask.o
                0x000038b2                _ZN10helicopter5model11SystemModel20UnrecognizedMsgTypesEi
 .text._ZN10helicopter5model11SystemModel14ChecksumErrorsEi
                0x000038e2       0x30 tasks/SimTelemetryTask.o
                0x000038e2                _ZN10helicopter5model11SystemModel14ChecksumErrorsEi
 .text._ZN10helicopter5tasks16SimTelemetryTaskC2EPNS_10interfaces29GroundControlStationInterfaceEPNS_5model11SystemModelEii
                0x00003912       0x7e tasks/SimTelemetryTask.o
                0x00003912                _ZN10helicopter5tasks16SimTelemetryTaskC1EPNS_10interfaces29GroundControlStationInterfaceEPNS_5model11SystemModelEii
                0x00003912                _ZN10helicopter5tasks16SimTelemetryTaskC2EPNS_10interfaces29GroundControlStationInterfaceEPNS_5model11SystemModelEii
 .text._ZN10helicopter5tasks16SimTelemetryTask11runTaskImplEv
                0x00003990      0x274 tasks/SimTelemetryTask.o
                0x00003990                _ZN10helicopter5tasks16SimTelemetryTask11runTaskImplEv
 .text._ZN10helicopter5tasks16SimTelemetryTaskD2Ev
                0x00003c04       0x44 tasks/SimTelemetryTask.o
                0x00003c04                _ZN10helicopter5tasks16SimTelemetryTaskD1Ev
                0x00003c04                _ZN10helicopter5tasks16SimTelemetryTaskD2Ev
 .text._ZN10helicopter5tasks16SimTelemetryTaskD0Ev
                0x00003c48       0x2a tasks/SimTelemetryTask.o
                0x00003c48                _ZN10helicopter5tasks16SimTelemetryTaskD0Ev
 .text._ZN10helicopter5tasks4Task11runTaskImplEv
                0x00003c72       0x1a tasks/Task.o
                0x00003c72                _ZN10helicopter5tasks4Task11runTaskImplEv
 .text._ZN10helicopter5tasks4TaskC2Eii
                0x00003c8c       0x5c tasks/Task.o
                0x00003c8c                _ZN10helicopter5tasks4TaskC2Eii
                0x00003c8c                _ZN10helicopter5tasks4TaskC1Eii
 .text._ZN10helicopter5tasks4Task7runTaskEv
                0x00003ce8       0x36 tasks/Task.o
                0x00003ce8                _ZN10helicopter5tasks4Task7runTaskEv
 .text._ZN10helicopter5tasks21TransmitTelemetryTaskC2EPNS_10interfaces29GroundControlStationInterfaceEPNS_5model11SystemModelEii
                0x00003d1e       0x7e tasks/TransmitTelemetryTask.o
                0x00003d1e                _ZN10helicopter5tasks21TransmitTelemetryTaskC2EPNS_10interfaces29GroundControlStationInterfaceEPNS_5model11SystemModelEii
                0x00003d1e                _ZN10helicopter5tasks21TransmitTelemetryTaskC1EPNS_10interfaces29GroundControlStationInterfaceEPNS_5model11SystemModelEii
 .text._ZN10helicopter5tasks21TransmitTelemetryTask11runTaskImplEv
                0x00003d9c       0x66 tasks/TransmitTelemetryTask.o
                0x00003d9c                _ZN10helicopter5tasks21TransmitTelemetryTask11runTaskImplEv
 .text._ZN10helicopter5tasks21TransmitTelemetryTaskD2Ev
                0x00003e02       0x44 tasks/TransmitTelemetryTask.o
                0x00003e02                _ZN10helicopter5tasks21TransmitTelemetryTaskD1Ev
                0x00003e02                _ZN10helicopter5tasks21TransmitTelemetryTaskD2Ev
 .text._ZN10helicopter5tasks21TransmitTelemetryTaskD0Ev
                0x00003e46       0x2a tasks/TransmitTelemetryTask.o
                0x00003e46                _ZN10helicopter5tasks21TransmitTelemetryTaskD0Ev
 .text._Znwj    0x00003e70       0x22 util/CommonHeader.o
                0x00003e70                _Znwj
 .text._ZdlPv   0x00003e92       0x2a util/CommonHeader.o
                0x00003e92                _ZdlPv
 .text._Znaj    0x00003ebc       0x22 util/CommonHeader.o
                0x00003ebc                _Znaj
 .text._ZdaPv   0x00003ede       0x2a util/CommonHeader.o
                0x00003ede                _ZdaPv
 .text._ZN10helicopter4util5Timer10startTimerEv
                0x00003f08      0x174 util/Timer.o
                0x00003f08                _ZN10helicopter4util5Timer10startTimerEv
 .text._ZN10helicopter4util5Timer11hasTimedoutEv
                0x0000407c       0x34 util/Timer.o
                0x0000407c                _ZN10helicopter4util5Timer11hasTimedoutEv
 .text._ZN10helicopter4util5Timer9stopTimerEv
                0x000040b0       0x3e util/Timer.o
                0x000040b0                _ZN10helicopter4util5Timer9stopTimerEv
 .text.avr-libc.fplib
                0x000040ee        0xa c:/program files (x86)/atmel/atmel toolchain/avr8 gcc/native/3.4.2.1002/avr8-gnu-toolchain/bin/../lib/gcc/avr/4.7.2/../../../../avr/lib/avr6\libm.a(addsf3.o)
                0x000040ee                __subsf3
                0x000040f0                __addsf3
 .text.avr-libc.fplib
                0x000040f8       0xc0 c:/program files (x86)/atmel/atmel toolchain/avr8 gcc/native/3.4.2.1002/avr8-gnu-toolchain/bin/../lib/gcc/avr/4.7.2/../../../../avr/lib/avr6\libm.a(addsf3x.o)
                0x00004112                __addsf3x
 .text.avr-libc.fplib
                0x000041b8        0x8 c:/program files (x86)/atmel/atmel toolchain/avr8 gcc/native/3.4.2.1002/avr8-gnu-toolchain/bin/../lib/gcc/avr/4.7.2/../../../../avr/lib/avr6\libm.a(cmpsf2.o)
                0x000041b8                __nesf2
                0x000041b8                __eqsf2
                0x000041b8                __cmpsf2
                0x000041b8                __ltsf2
                0x000041b8                __lesf2
 .text.avr-libc.fplib
                0x000041c0        0x4 c:/program files (x86)/atmel/atmel toolchain/avr8 gcc/native/3.4.2.1002/avr8-gnu-toolchain/bin/../lib/gcc/avr/4.7.2/../../../../avr/lib/avr6\libm.a(divsf3.o)
                0x000041c0                __divsf3
 .text.avr-libc.fplib
                0x000041c4       0xcc c:/program files (x86)/atmel/atmel toolchain/avr8 gcc/native/3.4.2.1002/avr8-gnu-toolchain/bin/../lib/gcc/avr/4.7.2/../../../../avr/lib/avr6\libm.a(divsf3x.o)
                0x000041da                __divsf3x
                0x000041de                __divsf3_pse
 .text.avr-libc.fplib
                0x00004290        0xa c:/program files (x86)/atmel/atmel toolchain/avr8 gcc/native/3.4.2.1002/avr8-gnu-toolchain/bin/../lib/gcc/avr/4.7.2/../../../../avr/lib/avr6\libm.a(fixsfsi.o)
                0x00004290                __fixsfsi
 .text.avr-libc.fplib
                0x0000429a       0x58 c:/program files (x86)/atmel/atmel toolchain/avr8 gcc/native/3.4.2.1002/avr8-gnu-toolchain/bin/../lib/gcc/avr/4.7.2/../../../../avr/lib/avr6\libm.a(fixunssfsi.o)
                0x0000429a                __fixunssfsi
 .text.avr-libc.fplib
                0x000042f2       0x7a c:/program files (x86)/atmel/atmel toolchain/avr8 gcc/native/3.4.2.1002/avr8-gnu-toolchain/bin/../lib/gcc/avr/4.7.2/../../../../avr/lib/avr6\libm.a(floatsisf.o)
                0x000042f2                __floatunsisf
                0x000042f6                __floatsisf
 .text.avr-libc.fplib
                0x0000436c       0x26 c:/program files (x86)/atmel/atmel toolchain/avr8 gcc/native/3.4.2.1002/avr8-gnu-toolchain/bin/../lib/gcc/avr/4.7.2/../../../../avr/lib/avr6\libm.a(floor.o)
                0x0000436c                floor
 .text.avr-libc.fplib
                0x00004392       0x48 c:/program files (x86)/atmel/atmel toolchain/avr8 gcc/native/3.4.2.1002/avr8-gnu-toolchain/bin/../lib/gcc/avr/4.7.2/../../../../avr/lib/avr6\libm.a(fp_cmp.o)
                0x00004392                __fp_cmp
 .text.avr-libc.fplib
                0x000043da        0xc c:/program files (x86)/atmel/atmel toolchain/avr8 gcc/native/3.4.2.1002/avr8-gnu-toolchain/bin/../lib/gcc/avr/4.7.2/../../../../avr/lib/avr6\libm.a(fp_inf.o)
                0x000043da                __fp_inf
 .text.avr-libc.fplib
                0x000043e6       0x36 c:/program files (x86)/atmel/atmel toolchain/avr8 gcc/native/3.4.2.1002/avr8-gnu-toolchain/bin/../lib/gcc/avr/4.7.2/../../../../avr/lib/avr6\libm.a(fp_mintl.o)
                0x000043e6                __fp_mintl
 .text.avr-libc.fplib
                0x0000441c       0x1c c:/program files (x86)/atmel/atmel toolchain/avr8 gcc/native/3.4.2.1002/avr8-gnu-toolchain/bin/../lib/gcc/avr/4.7.2/../../../../avr/lib/avr6\libm.a(fp_mpack.o)
                0x0000441c                __fp_mpack
                0x00004420                __fp_mpack_finite
 .text.avr-libc.fplib
                0x00004438        0x6 c:/program files (x86)/atmel/atmel toolchain/avr8 gcc/native/3.4.2.1002/avr8-gnu-toolchain/bin/../lib/gcc/avr/4.7.2/../../../../avr/lib/avr6\libm.a(fp_nan.o)
                0x00004438                __fp_nan
 .text.avr-libc.fplib
                0x0000443e        0xe c:/program files (x86)/atmel/atmel toolchain/avr8 gcc/native/3.4.2.1002/avr8-gnu-toolchain/bin/../lib/gcc/avr/4.7.2/../../../../avr/lib/avr6\libm.a(fp_pscA.o)
                0x0000443e                __fp_pscA
 .text.avr-libc.fplib
                0x0000444c        0xe c:/program files (x86)/atmel/atmel toolchain/avr8 gcc/native/3.4.2.1002/avr8-gnu-toolchain/bin/../lib/gcc/avr/4.7.2/../../../../avr/lib/avr6\libm.a(fp_pscB.o)
                0x0000444c                __fp_pscB
 .text.avr-libc.fplib
                0x0000445a       0x22 c:/program files (x86)/atmel/atmel toolchain/avr8 gcc/native/3.4.2.1002/avr8-gnu-toolchain/bin/../lib/gcc/avr/4.7.2/../../../../avr/lib/avr6\libm.a(fp_round.o)
                0x0000445a                __fp_round
 .text.avr-libc.fplib
                0x0000447c       0x44 c:/program files (x86)/atmel/atmel toolchain/avr8 gcc/native/3.4.2.1002/avr8-gnu-toolchain/bin/../lib/gcc/avr/4.7.2/../../../../avr/lib/avr6\libm.a(fp_split3.o)
                0x0000447c                __fp_split3
                0x0000448c                __fp_splitA
 .text.avr-libc.fplib
                0x000044c0       0x2e c:/program files (x86)/atmel/atmel toolchain/avr8 gcc/native/3.4.2.1002/avr8-gnu-toolchain/bin/../lib/gcc/avr/4.7.2/../../../../avr/lib/avr6\libm.a(fp_trunc.o)
                0x000044c0                __fp_trunc
 .text.avr-libc.fplib
                0x000044ee        0xe c:/program files (x86)/atmel/atmel toolchain/avr8 gcc/native/3.4.2.1002/avr8-gnu-toolchain/bin/../lib/gcc/avr/4.7.2/../../../../avr/lib/avr6\libm.a(fp_zero.o)
                0x000044ee                __fp_zero
                0x000044f0                __fp_szero
 .text.avr-libc.fplib
                0x000044fc        0x8 c:/program files (x86)/atmel/atmel toolchain/avr8 gcc/native/3.4.2.1002/avr8-gnu-toolchain/bin/../lib/gcc/avr/4.7.2/../../../../avr/lib/avr6\libm.a(gesf2.o)
                0x000044fc                __gesf2
                0x000044fc                __gtsf2
 .text.avr-libc.fplib
                0x00004504        0x4 c:/program files (x86)/atmel/atmel toolchain/avr8 gcc/native/3.4.2.1002/avr8-gnu-toolchain/bin/../lib/gcc/avr/4.7.2/../../../../avr/lib/avr6\libm.a(mulsf3.o)
                0x00004504                __mulsf3
 .text.avr-libc.fplib
                0x00004508       0xc2 c:/program files (x86)/atmel/atmel toolchain/avr8 gcc/native/3.4.2.1002/avr8-gnu-toolchain/bin/../lib/gcc/avr/4.7.2/../../../../avr/lib/avr6\libm.a(mulsf3x.o)
                0x0000451c                __mulsf3x
                0x00004520                __mulsf3_pse
 .text.libgcc.div
                0x000045ca       0x28 c:/program files (x86)/atmel/atmel toolchain/avr8 gcc/native/3.4.2.1002/avr8-gnu-toolchain/bin/../lib/gcc/avr/4.7.2/avr6\libgcc.a(_divmodhi4.o)
                0x000045ca                _div
                0x000045ca                __divmodhi4
 .text.libgcc.div
                0x000045f2       0x44 c:/program files (x86)/atmel/atmel toolchain/avr8 gcc/native/3.4.2.1002/avr8-gnu-toolchain/bin/../lib/gcc/avr/4.7.2/avr6\libgcc.a(_udivmodsi4.o)
                0x000045f2                __udivmodsi4
 .text.libgcc.div
                0x00004636       0x28 c:/program files (x86)/atmel/atmel toolchain/avr8 gcc/native/3.4.2.1002/avr8-gnu-toolchain/bin/../lib/gcc/avr/4.7.2/avr6\libgcc.a(_udivmodhi4.o)
                0x00004636                __udivmodhi4
 .text.avr-libc
                0x0000465e      0x274 c:/program files (x86)/atmel/atmel toolchain/avr8 gcc/native/3.4.2.1002/avr8-gnu-toolchain/bin/../lib/gcc/avr/4.7.2/../../../../avr/lib/avr6\libc.a(malloc.o)
                0x0000465e                malloc
                0x00004794                free
 .text.avr-libc
                0x000048d2       0x12 c:/program files (x86)/atmel/atmel toolchain/avr8 gcc/native/3.4.2.1002/avr8-gnu-toolchain/bin/../lib/gcc/avr/4.7.2/../../../../avr/lib/avr6\libc.a(memcpy.o)
                0x000048d2                memcpy
                0x000048e4                . = ALIGN (0x2)
 *(.fini9)
 .fini9         0x000048e4        0x0 c:/program files (x86)/atmel/atmel toolchain/avr8 gcc/native/3.4.2.1002/avr8-gnu-toolchain/bin/../lib/gcc/avr/4.7.2/avr6\libgcc.a(_exit.o)
                0x000048e4                _exit
                0x000048e4                exit
 *(.fini9)
 *(.fini8)
 *(.fini8)
 *(.fini7)
 *(.fini7)
 *(.fini6)
 *(.fini6)
 *(.fini5)
 *(.fini5)
 *(.fini4)
 *(.fini4)
 *(.fini3)
 *(.fini3)
 *(.fini2)
 *(.fini2)
 *(.fini1)
 *(.fini1)
 *(.fini0)
 .fini0         0x000048e4        0x4 c:/program files (x86)/atmel/atmel toolchain/avr8 gcc/native/3.4.2.1002/avr8-gnu-toolchain/bin/../lib/gcc/avr/4.7.2/avr6\libgcc.a(_exit.o)
 *(.fini0)
                0x000048e8                _etext = .

.data           0x00800200       0x88 load address 0x000048e8
                0x00800200                PROVIDE (__data_start, .)
 *(.data)
 .data          0x00800200        0x0 c:/program files (x86)/atmel/atmel toolchain/avr8 gcc/native/3.4.2.1002/avr8-gnu-toolchain/bin/../lib/gcc/avr/4.7.2/../../../../avr/lib/avr6/crtm2560.o
 .data          0x00800200        0x0 buffer/Buffer.o
 .data          0x00800200        0x0 buffer/Record.o
 .data          0x00800200        0x0 controller/PIDController.o
 .data          0x00800200        0x0 drivers/MagnetometerDriver.o
 .data          0x00800200        0x0 drivers/SerialDriver.o
 .data          0x00800200        0x0 drivers/ServoDriver.o
 .data          0x00800200        0x0 HelicopterMain.o
 .data          0x00800200        0x0 interfaces/GroundControlStationInterface.o
 .data          0x00800200        0x0 messages/Message.o
 .data          0x00800200        0x0 messages/SyncMessage.o
 .data          0x00800200        0x0 messages/SystemTelemetryMessage.o
 .data          0x00800200        0x0 model/SystemModel.o
 .data          0x00800200        0x0 scheduler/Scheduler.o
 .data          0x00800200        0x0 sensors/MagnetometerSensor.o
 .data          0x00800200        0x0 tasks/PIDOuterLoopTask.o
 .data          0x00800200        0x0 tasks/SimTelemetryTask.o
 .data          0x00800200        0x0 tasks/Task.o
 .data          0x00800200        0x0 tasks/TransmitTelemetryTask.o
 .data          0x00800200        0x0 util/CommonHeader.o
 .data          0x00800200        0x0 util/Timer.o
 .data          0x00800200        0x0 c:/program files (x86)/atmel/atmel toolchain/avr8 gcc/native/3.4.2.1002/avr8-gnu-toolchain/bin/../lib/gcc/avr/4.7.2/../../../../avr/lib/avr6\libm.a(addsf3.o)
 .data          0x00800200        0x0 c:/program files (x86)/atmel/atmel toolchain/avr8 gcc/native/3.4.2.1002/avr8-gnu-toolchain/bin/../lib/gcc/avr/4.7.2/../../../../avr/lib/avr6\libm.a(addsf3x.o)
 .data          0x00800200        0x0 c:/program files (x86)/atmel/atmel toolchain/avr8 gcc/native/3.4.2.1002/avr8-gnu-toolchain/bin/../lib/gcc/avr/4.7.2/../../../../avr/lib/avr6\libm.a(cmpsf2.o)
 .data          0x00800200        0x0 c:/program files (x86)/atmel/atmel toolchain/avr8 gcc/native/3.4.2.1002/avr8-gnu-toolchain/bin/../lib/gcc/avr/4.7.2/../../../../avr/lib/avr6\libm.a(divsf3.o)
 .data          0x00800200        0x0 c:/program files (x86)/atmel/atmel toolchain/avr8 gcc/native/3.4.2.1002/avr8-gnu-toolchain/bin/../lib/gcc/avr/4.7.2/../../../../avr/lib/avr6\libm.a(divsf3x.o)
 .data          0x00800200        0x0 c:/program files (x86)/atmel/atmel toolchain/avr8 gcc/native/3.4.2.1002/avr8-gnu-toolchain/bin/../lib/gcc/avr/4.7.2/../../../../avr/lib/avr6\libm.a(fixsfsi.o)
 .data          0x00800200        0x0 c:/program files (x86)/atmel/atmel toolchain/avr8 gcc/native/3.4.2.1002/avr8-gnu-toolchain/bin/../lib/gcc/avr/4.7.2/../../../../avr/lib/avr6\libm.a(fixunssfsi.o)
 .data          0x00800200        0x0 c:/program files (x86)/atmel/atmel toolchain/avr8 gcc/native/3.4.2.1002/avr8-gnu-toolchain/bin/../lib/gcc/avr/4.7.2/../../../../avr/lib/avr6\libm.a(floatsisf.o)
 .data          0x00800200        0x0 c:/program files (x86)/atmel/atmel toolchain/avr8 gcc/native/3.4.2.1002/avr8-gnu-toolchain/bin/../lib/gcc/avr/4.7.2/../../../../avr/lib/avr6\libm.a(floor.o)
 .data          0x00800200        0x0 c:/program files (x86)/atmel/atmel toolchain/avr8 gcc/native/3.4.2.1002/avr8-gnu-toolchain/bin/../lib/gcc/avr/4.7.2/../../../../avr/lib/avr6\libm.a(fp_cmp.o)
 .data          0x00800200        0x0 c:/program files (x86)/atmel/atmel toolchain/avr8 gcc/native/3.4.2.1002/avr8-gnu-toolchain/bin/../lib/gcc/avr/4.7.2/../../../../avr/lib/avr6\libm.a(fp_inf.o)
 .data          0x00800200        0x0 c:/program files (x86)/atmel/atmel toolchain/avr8 gcc/native/3.4.2.1002/avr8-gnu-toolchain/bin/../lib/gcc/avr/4.7.2/../../../../avr/lib/avr6\libm.a(fp_mintl.o)
 .data          0x00800200        0x0 c:/program files (x86)/atmel/atmel toolchain/avr8 gcc/native/3.4.2.1002/avr8-gnu-toolchain/bin/../lib/gcc/avr/4.7.2/../../../../avr/lib/avr6\libm.a(fp_mpack.o)
 .data          0x00800200        0x0 c:/program files (x86)/atmel/atmel toolchain/avr8 gcc/native/3.4.2.1002/avr8-gnu-toolchain/bin/../lib/gcc/avr/4.7.2/../../../../avr/lib/avr6\libm.a(fp_nan.o)
 .data          0x00800200        0x0 c:/program files (x86)/atmel/atmel toolchain/avr8 gcc/native/3.4.2.1002/avr8-gnu-toolchain/bin/../lib/gcc/avr/4.7.2/../../../../avr/lib/avr6\libm.a(fp_pscA.o)
 .data          0x00800200        0x0 c:/program files (x86)/atmel/atmel toolchain/avr8 gcc/native/3.4.2.1002/avr8-gnu-toolchain/bin/../lib/gcc/avr/4.7.2/../../../../avr/lib/avr6\libm.a(fp_pscB.o)
 .data          0x00800200        0x0 c:/program files (x86)/atmel/atmel toolchain/avr8 gcc/native/3.4.2.1002/avr8-gnu-toolchain/bin/../lib/gcc/avr/4.7.2/../../../../avr/lib/avr6\libm.a(fp_round.o)
 .data          0x00800200        0x0 c:/program files (x86)/atmel/atmel toolchain/avr8 gcc/native/3.4.2.1002/avr8-gnu-toolchain/bin/../lib/gcc/avr/4.7.2/../../../../avr/lib/avr6\libm.a(fp_split3.o)
 .data          0x00800200        0x0 c:/program files (x86)/atmel/atmel toolchain/avr8 gcc/native/3.4.2.1002/avr8-gnu-toolchain/bin/../lib/gcc/avr/4.7.2/../../../../avr/lib/avr6\libm.a(fp_trunc.o)
 .data          0x00800200        0x0 c:/program files (x86)/atmel/atmel toolchain/avr8 gcc/native/3.4.2.1002/avr8-gnu-toolchain/bin/../lib/gcc/avr/4.7.2/../../../../avr/lib/avr6\libm.a(fp_zero.o)
 .data          0x00800200        0x0 c:/program files (x86)/atmel/atmel toolchain/avr8 gcc/native/3.4.2.1002/avr8-gnu-toolchain/bin/../lib/gcc/avr/4.7.2/../../../../avr/lib/avr6\libm.a(gesf2.o)
 .data          0x00800200        0x0 c:/program files (x86)/atmel/atmel toolchain/avr8 gcc/native/3.4.2.1002/avr8-gnu-toolchain/bin/../lib/gcc/avr/4.7.2/../../../../avr/lib/avr6\libm.a(mulsf3.o)
 .data          0x00800200        0x0 c:/program files (x86)/atmel/atmel toolchain/avr8 gcc/native/3.4.2.1002/avr8-gnu-toolchain/bin/../lib/gcc/avr/4.7.2/../../../../avr/lib/avr6\libm.a(mulsf3x.o)
 .data          0x00800200        0x0 c:/program files (x86)/atmel/atmel toolchain/avr8 gcc/native/3.4.2.1002/avr8-gnu-toolchain/bin/../lib/gcc/avr/4.7.2/avr6\libgcc.a(_divmodhi4.o)
 .data          0x00800200        0x0 c:/program files (x86)/atmel/atmel toolchain/avr8 gcc/native/3.4.2.1002/avr8-gnu-toolchain/bin/../lib/gcc/avr/4.7.2/avr6\libgcc.a(_udivmodsi4.o)
 .data          0x00800200        0x0 c:/program files (x86)/atmel/atmel toolchain/avr8 gcc/native/3.4.2.1002/avr8-gnu-toolchain/bin/../lib/gcc/avr/4.7.2/avr6\libgcc.a(_exit.o)
 .data          0x00800200        0x0 c:/program files (x86)/atmel/atmel toolchain/avr8 gcc/native/3.4.2.1002/avr8-gnu-toolchain/bin/../lib/gcc/avr/4.7.2/avr6\libgcc.a(_copy_data.o)
 .data          0x00800200        0x0 c:/program files (x86)/atmel/atmel toolchain/avr8 gcc/native/3.4.2.1002/avr8-gnu-toolchain/bin/../lib/gcc/avr/4.7.2/avr6\libgcc.a(_clear_bss.o)
 .data          0x00800200        0x0 c:/program files (x86)/atmel/atmel toolchain/avr8 gcc/native/3.4.2.1002/avr8-gnu-toolchain/bin/../lib/gcc/avr/4.7.2/avr6\libgcc.a(_udivmodhi4.o)
 .data          0x00800200        0x6 c:/program files (x86)/atmel/atmel toolchain/avr8 gcc/native/3.4.2.1002/avr8-gnu-toolchain/bin/../lib/gcc/avr/4.7.2/../../../../avr/lib/avr6\libc.a(malloc.o)
                0x00800200                __malloc_heap_end
                0x00800202                __malloc_heap_start
                0x00800204                __malloc_margin
 .data          0x00800206        0x0 c:/program files (x86)/atmel/atmel toolchain/avr8 gcc/native/3.4.2.1002/avr8-gnu-toolchain/bin/../lib/gcc/avr/4.7.2/../../../../avr/lib/avr6\libc.a(memcpy.o)
 *(.data*)
 *(.rodata)
 *(.rodata*)
 .rodata._ZTVN10helicopter7drivers12SerialDriverE
                0x00800206        0xe drivers/SerialDriver.o
                0x00800206                _ZTVN10helicopter7drivers12SerialDriverE
 .rodata._ZTVN10helicopter7drivers11ServoDriverE
                0x00800214        0xa drivers/ServoDriver.o
                0x00800214                _ZTVN10helicopter7drivers11ServoDriverE
 .rodata._ZTVN10helicopter5tasks12FlashLEDTaskE
                0x0080021e        0xe HelicopterMain.o
                0x0080021e                _ZTVN10helicopter5tasks12FlashLEDTaskE
 .rodata._ZTVN10helicopter8messages7MessageE
                0x0080022c        0xc messages/Message.o
                0x0080022c                _ZTVN10helicopter8messages7MessageE
 .rodata._ZTVN10helicopter8messages11SyncMessageE
                0x00800238        0xc messages/SyncMessage.o
                0x00800238                _ZTVN10helicopter8messages11SyncMessageE
 .rodata._ZTVN10helicopter8messages22SystemTelemetryMessageE
                0x00800244        0xc messages/SystemTelemetryMessage.o
                0x00800244                _ZTVN10helicopter8messages22SystemTelemetryMessageE
 .rodata._ZTVN10helicopter5tasks16PIDOuterLoopTaskE
                0x00800250        0xe tasks/PIDOuterLoopTask.o
                0x00800250                _ZTVN10helicopter5tasks16PIDOuterLoopTaskE
 .rodata._ZTVN10helicopter5tasks16SimTelemetryTaskE
                0x0080025e        0xe tasks/SimTelemetryTask.o
                0x0080025e                _ZTVN10helicopter5tasks16SimTelemetryTaskE
 .rodata._ZTVN10helicopter5tasks4TaskE
                0x0080026c        0xe tasks/Task.o
                0x0080026c                _ZTVN10helicopter5tasks4TaskE
 .rodata._ZTVN10helicopter5tasks21TransmitTelemetryTaskE
                0x0080027a        0xe tasks/TransmitTelemetryTask.o
                0x0080027a                _ZTVN10helicopter5tasks21TransmitTelemetryTaskE
 *(.gnu.linkonce.d*)
                0x00800288                . = ALIGN (0x2)
                0x00800288                _edata = .
                0x00800288                PROVIDE (__data_end, .)

.bss            0x00800288        0x6
                0x00800288                PROVIDE (__bss_start, .)
 *(.bss)
 *(.bss*)
 .bss._ZN10helicopter9scheduler9Scheduler9schedulerE
                0x00800288        0x2 scheduler/Scheduler.o
                0x00800288                _ZN10helicopter9scheduler9Scheduler9schedulerE
 *(COMMON)
 COMMON         0x0080028a        0x4 c:/program files (x86)/atmel/atmel toolchain/avr8 gcc/native/3.4.2.1002/avr8-gnu-toolchain/bin/../lib/gcc/avr/4.7.2/../../../../avr/lib/avr6\libc.a(malloc.o)
                0x0080028a                __brkval
                0x0080028c                __flp
                0x0080028e                PROVIDE (__bss_end, .)
                0x000048e8                __data_load_start = LOADADDR (.data)
                0x00004970                __data_load_end = (__data_load_start + SIZEOF (.data))

.noinit         0x0080028e        0x0
                0x0080028e                PROVIDE (__noinit_start, .)
 *(.noinit*)
                0x0080028e                PROVIDE (__noinit_end, .)
                0x0080028e                _end = .
                0x0080028e                PROVIDE (__heap_start, .)

.eeprom         0x00810000        0x0
 *(.eeprom*)
                0x00810000                __eeprom_end = .

.fuse
 *(.fuse)
 *(.lfuse)
 *(.hfuse)
 *(.efuse)

.lock
 *(.lock*)

.signature
 *(.signature*)

.user_signatures
 *(.user_signatures*)

.stab           0x00000000     0x2994
 *(.stab)
 .stab          0x00000000      0x6e4 c:/program files (x86)/atmel/atmel toolchain/avr8 gcc/native/3.4.2.1002/avr8-gnu-toolchain/bin/../lib/gcc/avr/4.7.2/../../../../avr/lib/avr6/crtm2560.o
 .stab          0x000006e4       0x78 c:/program files (x86)/atmel/atmel toolchain/avr8 gcc/native/3.4.2.1002/avr8-gnu-toolchain/bin/../lib/gcc/avr/4.7.2/../../../../avr/lib/avr6\libm.a(addsf3.o)
                                 0x84 (size before relaxing)
 .stab          0x0000075c      0x4bc c:/program files (x86)/atmel/atmel toolchain/avr8 gcc/native/3.4.2.1002/avr8-gnu-toolchain/bin/../lib/gcc/avr/4.7.2/../../../../avr/lib/avr6\libm.a(addsf3x.o)
                                0x4c8 (size before relaxing)
 .stab          0x00000c18       0x90 c:/program files (x86)/atmel/atmel toolchain/avr8 gcc/native/3.4.2.1002/avr8-gnu-toolchain/bin/../lib/gcc/avr/4.7.2/../../../../avr/lib/avr6\libm.a(cmpsf2.o)
                                 0x9c (size before relaxing)
 .stab          0x00000ca8       0x48 c:/program files (x86)/atmel/atmel toolchain/avr8 gcc/native/3.4.2.1002/avr8-gnu-toolchain/bin/../lib/gcc/avr/4.7.2/../../../../avr/lib/avr6\libm.a(divsf3.o)
                                 0x54 (size before relaxing)
 .stab          0x00000cf0      0x510 c:/program files (x86)/atmel/atmel toolchain/avr8 gcc/native/3.4.2.1002/avr8-gnu-toolchain/bin/../lib/gcc/avr/4.7.2/../../../../avr/lib/avr6\libm.a(divsf3x.o)
                                0x51c (size before relaxing)
 .stab          0x00001200       0x6c c:/program files (x86)/atmel/atmel toolchain/avr8 gcc/native/3.4.2.1002/avr8-gnu-toolchain/bin/../lib/gcc/avr/4.7.2/../../../../avr/lib/avr6\libm.a(fixsfsi.o)
                                 0x78 (size before relaxing)
 .stab          0x0000126c      0x240 c:/program files (x86)/atmel/atmel toolchain/avr8 gcc/native/3.4.2.1002/avr8-gnu-toolchain/bin/../lib/gcc/avr/4.7.2/../../../../avr/lib/avr6\libm.a(fixunssfsi.o)
                                0x24c (size before relaxing)
 .stab          0x000014ac      0x318 c:/program files (x86)/atmel/atmel toolchain/avr8 gcc/native/3.4.2.1002/avr8-gnu-toolchain/bin/../lib/gcc/avr/4.7.2/../../../../avr/lib/avr6\libm.a(floatsisf.o)
                                0x324 (size before relaxing)
 .stab          0x000017c4      0x114 c:/program files (x86)/atmel/atmel toolchain/avr8 gcc/native/3.4.2.1002/avr8-gnu-toolchain/bin/../lib/gcc/avr/4.7.2/../../../../avr/lib/avr6\libm.a(floor.o)
                                0x120 (size before relaxing)
 .stab          0x000018d8      0x1e0 c:/program files (x86)/atmel/atmel toolchain/avr8 gcc/native/3.4.2.1002/avr8-gnu-toolchain/bin/../lib/gcc/avr/4.7.2/../../../../avr/lib/avr6\libm.a(fp_cmp.o)
                                0x1ec (size before relaxing)
 .stab          0x00001ab8       0x78 c:/program files (x86)/atmel/atmel toolchain/avr8 gcc/native/3.4.2.1002/avr8-gnu-toolchain/bin/../lib/gcc/avr/4.7.2/../../../../avr/lib/avr6\libm.a(fp_inf.o)
                                 0x84 (size before relaxing)
 .stab          0x00001b30      0x174 c:/program files (x86)/atmel/atmel toolchain/avr8 gcc/native/3.4.2.1002/avr8-gnu-toolchain/bin/../lib/gcc/avr/4.7.2/../../../../avr/lib/avr6\libm.a(fp_mintl.o)
                                0x180 (size before relaxing)
 .stab          0x00001ca4       0xe4 c:/program files (x86)/atmel/atmel toolchain/avr8 gcc/native/3.4.2.1002/avr8-gnu-toolchain/bin/../lib/gcc/avr/4.7.2/../../../../avr/lib/avr6\libm.a(fp_mpack.o)
                                 0xf0 (size before relaxing)
 .stab          0x00001d88       0x54 c:/program files (x86)/atmel/atmel toolchain/avr8 gcc/native/3.4.2.1002/avr8-gnu-toolchain/bin/../lib/gcc/avr/4.7.2/../../../../avr/lib/avr6\libm.a(fp_nan.o)
                                 0x60 (size before relaxing)
 .stab          0x00001ddc       0x84 c:/program files (x86)/atmel/atmel toolchain/avr8 gcc/native/3.4.2.1002/avr8-gnu-toolchain/bin/../lib/gcc/avr/4.7.2/../../../../avr/lib/avr6\libm.a(fp_pscA.o)
                                 0x90 (size before relaxing)
 .stab          0x00001e60       0x84 c:/program files (x86)/atmel/atmel toolchain/avr8 gcc/native/3.4.2.1002/avr8-gnu-toolchain/bin/../lib/gcc/avr/4.7.2/../../../../avr/lib/avr6\libm.a(fp_pscB.o)
                                 0x90 (size before relaxing)
 .stab          0x00001ee4       0xfc c:/program files (x86)/atmel/atmel toolchain/avr8 gcc/native/3.4.2.1002/avr8-gnu-toolchain/bin/../lib/gcc/avr/4.7.2/../../../../avr/lib/avr6\libm.a(fp_round.o)
                                0x108 (size before relaxing)
 .stab          0x00001fe0      0x1d4 c:/program files (x86)/atmel/atmel toolchain/avr8 gcc/native/3.4.2.1002/avr8-gnu-toolchain/bin/../lib/gcc/avr/4.7.2/../../../../avr/lib/avr6\libm.a(fp_split3.o)
                                0x1e0 (size before relaxing)
 .stab          0x000021b4      0x144 c:/program files (x86)/atmel/atmel toolchain/avr8 gcc/native/3.4.2.1002/avr8-gnu-toolchain/bin/../lib/gcc/avr/4.7.2/../../../../avr/lib/avr6\libm.a(fp_trunc.o)
                                0x150 (size before relaxing)
 .stab          0x000022f8       0x90 c:/program files (x86)/atmel/atmel toolchain/avr8 gcc/native/3.4.2.1002/avr8-gnu-toolchain/bin/../lib/gcc/avr/4.7.2/../../../../avr/lib/avr6\libm.a(fp_zero.o)
                                 0x9c (size before relaxing)
 .stab          0x00002388       0x6c c:/program files (x86)/atmel/atmel toolchain/avr8 gcc/native/3.4.2.1002/avr8-gnu-toolchain/bin/../lib/gcc/avr/4.7.2/../../../../avr/lib/avr6\libm.a(gesf2.o)
                                 0x78 (size before relaxing)
 .stab          0x000023f4       0x48 c:/program files (x86)/atmel/atmel toolchain/avr8 gcc/native/3.4.2.1002/avr8-gnu-toolchain/bin/../lib/gcc/avr/4.7.2/../../../../avr/lib/avr6\libm.a(mulsf3.o)
                                 0x54 (size before relaxing)
 .stab          0x0000243c      0x4d4 c:/program files (x86)/atmel/atmel toolchain/avr8 gcc/native/3.4.2.1002/avr8-gnu-toolchain/bin/../lib/gcc/avr/4.7.2/../../../../avr/lib/avr6\libm.a(mulsf3x.o)
                                0x4e0 (size before relaxing)
 .stab          0x00002910       0x84 c:/program files (x86)/atmel/atmel toolchain/avr8 gcc/native/3.4.2.1002/avr8-gnu-toolchain/bin/../lib/gcc/avr/4.7.2/../../../../avr/lib/avr6\libc.a(memcpy.o)
                                 0x90 (size before relaxing)

.stabstr        0x00000000      0xb77
 *(.stabstr)
 .stabstr       0x00000000      0xb77 c:/program files (x86)/atmel/atmel toolchain/avr8 gcc/native/3.4.2.1002/avr8-gnu-toolchain/bin/../lib/gcc/avr/4.7.2/../../../../avr/lib/avr6/crtm2560.o

.stab.excl
 *(.stab.excl)

.stab.exclstr
 *(.stab.exclstr)

.stab.index
 *(.stab.index)

.stab.indexstr
 *(.stab.indexstr)

.comment        0x00000000       0x2f
 *(.comment)
 .comment       0x00000000       0x2f buffer/Buffer.o
                                 0x30 (size before relaxing)
 .comment       0x00000000       0x30 buffer/Record.o
 .comment       0x00000000       0x30 controller/PIDController.o
 .comment       0x00000000       0x30 drivers/MagnetometerDriver.o
 .comment       0x00000000       0x30 drivers/SerialDriver.o
 .comment       0x00000000       0x30 drivers/ServoDriver.o
 .comment       0x00000000       0x30 HelicopterMain.o
 .comment       0x00000000       0x30 interfaces/GroundControlStationInterface.o
 .comment       0x00000000       0x30 messages/Message.o
 .comment       0x00000000       0x30 messages/SyncMessage.o
 .comment       0x00000000       0x30 messages/SystemTelemetryMessage.o
 .comment       0x00000000       0x30 model/SystemModel.o
 .comment       0x00000000       0x30 scheduler/Scheduler.o
 .comment       0x00000000       0x30 sensors/MagnetometerSensor.o
 .comment       0x00000000       0x30 tasks/PIDOuterLoopTask.o
 .comment       0x00000000       0x30 tasks/SimTelemetryTask.o
 .comment       0x00000000       0x30 tasks/Task.o
 .comment       0x00000000       0x30 tasks/TransmitTelemetryTask.o
 .comment       0x00000000       0x30 util/CommonHeader.o
 .comment       0x00000000       0x30 util/Timer.o
 .comment       0x00000000       0x30 c:/program files (x86)/atmel/atmel toolchain/avr8 gcc/native/3.4.2.1002/avr8-gnu-toolchain/bin/../lib/gcc/avr/4.7.2/../../../../avr/lib/avr6\libc.a(malloc.o)

.debug
 *(.debug)

.line
 *(.line)

.debug_srcinfo
 *(.debug_srcinfo)

.debug_sfnames
 *(.debug_sfnames)

.debug_aranges  0x00000000      0x888
 *(.debug_aranges)
 .debug_aranges
                0x00000000       0x50 buffer/Buffer.o
 .debug_aranges
                0x00000050       0x50 buffer/Record.o
 .debug_aranges
                0x000000a0       0xb8 controller/PIDController.o
 .debug_aranges
                0x00000158       0x28 drivers/MagnetometerDriver.o
 .debug_aranges
                0x00000180       0x40 drivers/SerialDriver.o
 .debug_aranges
                0x000001c0       0x38 drivers/ServoDriver.o
 .debug_aranges
                0x000001f8       0xe0 HelicopterMain.o
 .debug_aranges
                0x000002d8       0x30 interfaces/GroundControlStationInterface.o
 .debug_aranges
                0x00000308       0x40 messages/Message.o
 .debug_aranges
                0x00000348       0x60 messages/SyncMessage.o
 .debug_aranges
                0x000003a8       0x90 messages/SystemTelemetryMessage.o
 .debug_aranges
                0x00000438       0xf0 model/SystemModel.o
 .debug_aranges
                0x00000528       0x98 scheduler/Scheduler.o
 .debug_aranges
                0x000005c0       0x40 sensors/MagnetometerSensor.o
 .debug_aranges
                0x00000600       0x50 tasks/PIDOuterLoopTask.o
 .debug_aranges
                0x00000650      0x110 tasks/SimTelemetryTask.o
 .debug_aranges
                0x00000760       0x48 tasks/Task.o
 .debug_aranges
                0x000007a8       0x50 tasks/TransmitTelemetryTask.o
 .debug_aranges
                0x000007f8       0x38 util/CommonHeader.o
 .debug_aranges
                0x00000830       0x30 util/Timer.o
 .debug_aranges
                0x00000860       0x28 c:/program files (x86)/atmel/atmel toolchain/avr8 gcc/native/3.4.2.1002/avr8-gnu-toolchain/bin/../lib/gcc/avr/4.7.2/../../../../avr/lib/avr6\libc.a(malloc.o)

.debug_pubnames
 *(.debug_pubnames)

.debug_info     0x00000000     0x9bc0
 *(.debug_info)
 .debug_info    0x00000000      0x541 buffer/Buffer.o
 .debug_info    0x00000541      0x474 buffer/Record.o
 .debug_info    0x000009b5      0xef6 controller/PIDController.o
 .debug_info    0x000018ab      0x1d6 drivers/MagnetometerDriver.o
 .debug_info    0x00001a81      0x4b1 drivers/SerialDriver.o
 .debug_info    0x00001f32      0x2aa drivers/ServoDriver.o
 .debug_info    0x000021dc     0x1759 HelicopterMain.o
 .debug_info    0x00003935      0x4ec interfaces/GroundControlStationInterface.o
 .debug_info    0x00003e21      0x3ea messages/Message.o
 .debug_info    0x0000420b      0x477 messages/SyncMessage.o
 .debug_info    0x00004682      0xb13 messages/SystemTelemetryMessage.o
 .debug_info    0x00005195      0xd35 model/SystemModel.o
 .debug_info    0x00005eca      0x76c scheduler/Scheduler.o
 .debug_info    0x00006636      0x359 sensors/MagnetometerSensor.o
 .debug_info    0x0000698f      0xc6e tasks/PIDOuterLoopTask.o
 .debug_info    0x000075fd     0x1143 tasks/SimTelemetryTask.o
 .debug_info    0x00008740      0x3d8 tasks/Task.o
 .debug_info    0x00008b18      0xa8f tasks/TransmitTelemetryTask.o
 .debug_info    0x000095a7      0x15a util/CommonHeader.o
 .debug_info    0x00009701      0x282 util/Timer.o
 .debug_info    0x00009983      0x23d c:/program files (x86)/atmel/atmel toolchain/avr8 gcc/native/3.4.2.1002/avr8-gnu-toolchain/bin/../lib/gcc/avr/4.7.2/../../../../avr/lib/avr6\libc.a(malloc.o)
 *(.gnu.linkonce.wi.*)

.debug_abbrev   0x00000000     0x29dc
 *(.debug_abbrev)
 .debug_abbrev  0x00000000      0x1e3 buffer/Buffer.o
 .debug_abbrev  0x000001e3      0x1cb buffer/Record.o
 .debug_abbrev  0x000003ae      0x208 controller/PIDController.o
 .debug_abbrev  0x000005b6      0x12a drivers/MagnetometerDriver.o
 .debug_abbrev  0x000006e0      0x247 drivers/SerialDriver.o
 .debug_abbrev  0x00000927      0x1b9 drivers/ServoDriver.o
 .debug_abbrev  0x00000ae0      0x36e HelicopterMain.o
 .debug_abbrev  0x00000e4e      0x1c6 interfaces/GroundControlStationInterface.o
 .debug_abbrev  0x00001014      0x1d4 messages/Message.o
 .debug_abbrev  0x000011e8      0x236 messages/SyncMessage.o
 .debug_abbrev  0x0000141e      0x29c messages/SystemTelemetryMessage.o
 .debug_abbrev  0x000016ba      0x1e7 model/SystemModel.o
 .debug_abbrev  0x000018a1      0x2b4 scheduler/Scheduler.o
 .debug_abbrev  0x00001b55      0x18b sensors/MagnetometerSensor.o
 .debug_abbrev  0x00001ce0      0x274 tasks/PIDOuterLoopTask.o
 .debug_abbrev  0x00001f54      0x2da tasks/SimTelemetryTask.o
 .debug_abbrev  0x0000222e      0x206 tasks/Task.o
 .debug_abbrev  0x00002434      0x29f tasks/TransmitTelemetryTask.o
 .debug_abbrev  0x000026d3       0xac util/CommonHeader.o
 .debug_abbrev  0x0000277f      0x164 util/Timer.o
 .debug_abbrev  0x000028e3       0xf9 c:/program files (x86)/atmel/atmel toolchain/avr8 gcc/native/3.4.2.1002/avr8-gnu-toolchain/bin/../lib/gcc/avr/4.7.2/../../../../avr/lib/avr6\libc.a(malloc.o)

.debug_line     0x00000000     0x2317
 *(.debug_line)
 .debug_line    0x00000000       0xfb buffer/Buffer.o
 .debug_line    0x000000fb       0xe6 buffer/Record.o
 .debug_line    0x000001e1      0x28d controller/PIDController.o
 .debug_line    0x0000046e      0x12c drivers/MagnetometerDriver.o
 .debug_line    0x0000059a      0x10c drivers/SerialDriver.o
 .debug_line    0x000006a6       0x9c drivers/ServoDriver.o
 .debug_line    0x00000742      0x3db HelicopterMain.o
 .debug_line    0x00000b1d      0x1ee interfaces/GroundControlStationInterface.o
 .debug_line    0x00000d0b       0xbe messages/Message.o
 .debug_line    0x00000dc9      0x12c messages/SyncMessage.o
 .debug_line    0x00000ef5      0x1cd messages/SystemTelemetryMessage.o
 .debug_line    0x000010c2      0x2af model/SystemModel.o
 .debug_line    0x00001371      0x2a6 scheduler/Scheduler.o
 .debug_line    0x00001617      0x18b sensors/MagnetometerSensor.o
 .debug_line    0x000017a2      0x18b tasks/PIDOuterLoopTask.o
 .debug_line    0x0000192d      0x3bf tasks/SimTelemetryTask.o
 .debug_line    0x00001cec       0xab tasks/Task.o
 .debug_line    0x00001d97      0x1ba tasks/TransmitTelemetryTask.o
 .debug_line    0x00001f51      0x116 util/CommonHeader.o
 .debug_line    0x00002067       0xa2 util/Timer.o
 .debug_line    0x00002109      0x20e c:/program files (x86)/atmel/atmel toolchain/avr8 gcc/native/3.4.2.1002/avr8-gnu-toolchain/bin/../lib/gcc/avr/4.7.2/../../../../avr/lib/avr6\libc.a(malloc.o)

.debug_frame    0x00000000     0x1e38
 *(.debug_frame)
 .debug_frame   0x00000000      0x100 buffer/Buffer.o
 .debug_frame   0x00000100      0x114 buffer/Record.o
 .debug_frame   0x00000214      0x320 controller/PIDController.o
 .debug_frame   0x00000534       0x54 drivers/MagnetometerDriver.o
 .debug_frame   0x00000588       0xb4 drivers/SerialDriver.o
 .debug_frame   0x0000063c       0x94 drivers/ServoDriver.o
 .debug_frame   0x000006d0      0x384 HelicopterMain.o
 .debug_frame   0x00000a54       0xc0 interfaces/GroundControlStationInterface.o
 .debug_frame   0x00000b14       0xb4 messages/Message.o
 .debug_frame   0x00000bc8      0x140 messages/SyncMessage.o
 .debug_frame   0x00000d08      0x200 messages/SystemTelemetryMessage.o
 .debug_frame   0x00000f08      0x380 model/SystemModel.o
 .debug_frame   0x00001288      0x27c scheduler/Scheduler.o
 .debug_frame   0x00001504       0xf0 sensors/MagnetometerSensor.o
 .debug_frame   0x000015f4       0xf4 tasks/PIDOuterLoopTask.o
 .debug_frame   0x000016e8      0x400 tasks/SimTelemetryTask.o
 .debug_frame   0x00001ae8       0xd4 tasks/Task.o
 .debug_frame   0x00001bbc      0x100 tasks/TransmitTelemetryTask.o
 .debug_frame   0x00001cbc       0x94 util/CommonHeader.o
 .debug_frame   0x00001d50       0x80 util/Timer.o
 .debug_frame   0x00001dd0       0x68 c:/program files (x86)/atmel/atmel toolchain/avr8 gcc/native/3.4.2.1002/avr8-gnu-toolchain/bin/../lib/gcc/avr/4.7.2/../../../../avr/lib/avr6\libc.a(malloc.o)

.debug_str      0x00000000     0x3c64
 *(.debug_str)
 .debug_str     0x00000000      0x4ca buffer/Buffer.o
                                0x50c (size before relaxing)
 .debug_str     0x000004ca       0x88 buffer/Record.o
                                0x442 (size before relaxing)
 .debug_str     0x00000552     0x119a controller/PIDController.o
                               0x1346 (size before relaxing)
 .debug_str     0x000016ec       0xdc drivers/MagnetometerDriver.o
                                0x231 (size before relaxing)
 .debug_str     0x000017c8      0x361 drivers/SerialDriver.o
                                0x4ca (size before relaxing)
 .debug_str     0x00001b29      0x278 drivers/ServoDriver.o
                                0x327 (size before relaxing)
 .debug_str     0x00001da1      0x712 HelicopterMain.o
                               0x1b49 (size before relaxing)
 .debug_str     0x000024b3      0x12c interfaces/GroundControlStationInterface.o
                                0x43b (size before relaxing)
 .debug_str     0x000025df      0x28c messages/Message.o
                                0x3e6 (size before relaxing)
 .debug_str     0x0000286b      0x184 messages/SyncMessage.o
                                0x363 (size before relaxing)
 .debug_str     0x000029ef      0x7d9 messages/SystemTelemetryMessage.o
                                0xc36 (size before relaxing)
 .debug_str     0x000031c8       0x19 model/SystemModel.o
                                0xe12 (size before relaxing)
 .debug_str     0x000031e1      0x225 scheduler/Scheduler.o
                                0x62f (size before relaxing)
 .debug_str     0x00003406      0x252 sensors/MagnetometerSensor.o
                                0x3b2 (size before relaxing)
 .debug_str     0x00003658      0x12e tasks/PIDOuterLoopTask.o
                               0x1384 (size before relaxing)
 .debug_str     0x00003786      0x154 tasks/SimTelemetryTask.o
                               0x10fc (size before relaxing)
 .debug_str     0x000038da       0x94 tasks/Task.o
                                0x371 (size before relaxing)
 .debug_str     0x0000396e      0x152 tasks/TransmitTelemetryTask.o
                                0xe5a (size before relaxing)
 .debug_str     0x00003ac0       0x7f util/CommonHeader.o
                                0x189 (size before relaxing)
 .debug_str     0x00003b3f       0x1c util/Timer.o
                                0x2dd (size before relaxing)
 .debug_str     0x00003b5b      0x109 c:/program files (x86)/atmel/atmel toolchain/avr8 gcc/native/3.4.2.1002/avr8-gnu-toolchain/bin/../lib/gcc/avr/4.7.2/../../../../avr/lib/avr6\libc.a(malloc.o)
                                0x17c (size before relaxing)

.debug_loc      0x00000000     0x44d2
 *(.debug_loc)
 .debug_loc     0x00000000      0x212 buffer/Buffer.o
 .debug_loc     0x00000212      0x246 buffer/Record.o
 .debug_loc     0x00000458      0x6eb controller/PIDController.o
 .debug_loc     0x00000b43       0x8f drivers/MagnetometerDriver.o
 .debug_loc     0x00000bd2      0x168 drivers/SerialDriver.o
 .debug_loc     0x00000d3a      0x11f drivers/ServoDriver.o
 .debug_loc     0x00000e59      0x7d4 HelicopterMain.o
 .debug_loc     0x0000162d      0x18b interfaces/GroundControlStationInterface.o
 .debug_loc     0x000017b8      0x168 messages/Message.o
 .debug_loc     0x00001920      0x2a2 messages/SyncMessage.o
 .debug_loc     0x00001bc2      0x452 messages/SystemTelemetryMessage.o
 .debug_loc     0x00002014      0x7b2 model/SystemModel.o
 .debug_loc     0x000027c6      0x576 scheduler/Scheduler.o
 .debug_loc     0x00002d3c      0x204 sensors/MagnetometerSensor.o
 .debug_loc     0x00002f40      0x1f7 tasks/PIDOuterLoopTask.o
 .debug_loc     0x00003137      0x8d0 tasks/SimTelemetryTask.o
 .debug_loc     0x00003a07      0x1b0 tasks/Task.o
 .debug_loc     0x00003bb7      0x211 tasks/TransmitTelemetryTask.o
 .debug_loc     0x00003dc8      0x120 util/CommonHeader.o
 .debug_loc     0x00003ee8       0xf2 util/Timer.o
 .debug_loc     0x00003fda      0x4f8 c:/program files (x86)/atmel/atmel toolchain/avr8 gcc/native/3.4.2.1002/avr8-gnu-toolchain/bin/../lib/gcc/avr/4.7.2/../../../../avr/lib/avr6\libc.a(malloc.o)

.debug_macinfo
 *(.debug_macinfo)

.debug_pubtypes
 *(.debug_pubtypes)

.debug_ranges   0x00000000      0x738
 *(.debug_ranges)
 .debug_ranges  0x00000000       0x40 buffer/Buffer.o
 .debug_ranges  0x00000040       0x40 buffer/Record.o
 .debug_ranges  0x00000080       0xa8 controller/PIDController.o
 .debug_ranges  0x00000128       0x18 drivers/MagnetometerDriver.o
 .debug_ranges  0x00000140       0x30 drivers/SerialDriver.o
 .debug_ranges  0x00000170       0x28 drivers/ServoDriver.o
 .debug_ranges  0x00000198       0xd0 HelicopterMain.o
 .debug_ranges  0x00000268       0x20 interfaces/GroundControlStationInterface.o
 .debug_ranges  0x00000288       0x30 messages/Message.o
 .debug_ranges  0x000002b8       0x50 messages/SyncMessage.o
 .debug_ranges  0x00000308       0x80 messages/SystemTelemetryMessage.o
 .debug_ranges  0x00000388       0xe0 model/SystemModel.o
 .debug_ranges  0x00000468       0x88 scheduler/Scheduler.o
 .debug_ranges  0x000004f0       0x30 sensors/MagnetometerSensor.o
 .debug_ranges  0x00000520       0x40 tasks/PIDOuterLoopTask.o
 .debug_ranges  0x00000560      0x100 tasks/SimTelemetryTask.o
 .debug_ranges  0x00000660       0x38 tasks/Task.o
 .debug_ranges  0x00000698       0x40 tasks/TransmitTelemetryTask.o
 .debug_ranges  0x000006d8       0x28 util/CommonHeader.o
 .debug_ranges  0x00000700       0x20 util/Timer.o
 .debug_ranges  0x00000720       0x18 c:/program files (x86)/atmel/atmel toolchain/avr8 gcc/native/3.4.2.1002/avr8-gnu-toolchain/bin/../lib/gcc/avr/4.7.2/../../../../avr/lib/avr6\libc.a(malloc.o)

.debug_macro
 *(.debug_macro)
OUTPUT(Helicopter.elf elf32-avr)
LOAD linker stubs
