Archive member included because of file (symbol)

c:/program files (x86)/atmel/atmel toolchain/avr8 gcc/native/3.4.2.1002/avr8-gnu-toolchain/bin/../lib/gcc/avr/4.7.2/../../../../avr/lib/avr6\libm.a(addsf3.o)
                              controller/PIDController.o (__subsf3)
c:/program files (x86)/atmel/atmel toolchain/avr8 gcc/native/3.4.2.1002/avr8-gnu-toolchain/bin/../lib/gcc/avr/4.7.2/../../../../avr/lib/avr6\libm.a(addsf3x.o)
                              c:/program files (x86)/atmel/atmel toolchain/avr8 gcc/native/3.4.2.1002/avr8-gnu-toolchain/bin/../lib/gcc/avr/4.7.2/../../../../avr/lib/avr6\libm.a(addsf3.o) (__addsf3x)
c:/program files (x86)/atmel/atmel toolchain/avr8 gcc/native/3.4.2.1002/avr8-gnu-toolchain/bin/../lib/gcc/avr/4.7.2/../../../../avr/lib/avr6\libm.a(asin.o)
                              navigation/AHRS.o (asin)
c:/program files (x86)/atmel/atmel toolchain/avr8 gcc/native/3.4.2.1002/avr8-gnu-toolchain/bin/../lib/gcc/avr/4.7.2/../../../../avr/lib/avr6\libm.a(atan2.o)
                              navigation/AHRS.o (atan2)
c:/program files (x86)/atmel/atmel toolchain/avr8 gcc/native/3.4.2.1002/avr8-gnu-toolchain/bin/../lib/gcc/avr/4.7.2/../../../../avr/lib/avr6\libm.a(atan.o)
                              c:/program files (x86)/atmel/atmel toolchain/avr8 gcc/native/3.4.2.1002/avr8-gnu-toolchain/bin/../lib/gcc/avr/4.7.2/../../../../avr/lib/avr6\libm.a(atan2.o) (atan)
c:/program files (x86)/atmel/atmel toolchain/avr8 gcc/native/3.4.2.1002/avr8-gnu-toolchain/bin/../lib/gcc/avr/4.7.2/../../../../avr/lib/avr6\libm.a(cmpsf2.o)
                              HelicopterMain.o (__nesf2)
c:/program files (x86)/atmel/atmel toolchain/avr8 gcc/native/3.4.2.1002/avr8-gnu-toolchain/bin/../lib/gcc/avr/4.7.2/../../../../avr/lib/avr6\libm.a(cos.o)
                              util/CoordinateUtil.o (cos)
c:/program files (x86)/atmel/atmel toolchain/avr8 gcc/native/3.4.2.1002/avr8-gnu-toolchain/bin/../lib/gcc/avr/4.7.2/../../../../avr/lib/avr6\libm.a(divsf3.o)
                              HelicopterMain.o (__divsf3)
c:/program files (x86)/atmel/atmel toolchain/avr8 gcc/native/3.4.2.1002/avr8-gnu-toolchain/bin/../lib/gcc/avr/4.7.2/../../../../avr/lib/avr6\libm.a(divsf3x.o)
                              c:/program files (x86)/atmel/atmel toolchain/avr8 gcc/native/3.4.2.1002/avr8-gnu-toolchain/bin/../lib/gcc/avr/4.7.2/../../../../avr/lib/avr6\libm.a(divsf3.o) (__divsf3x)
c:/program files (x86)/atmel/atmel toolchain/avr8 gcc/native/3.4.2.1002/avr8-gnu-toolchain/bin/../lib/gcc/avr/4.7.2/../../../../avr/lib/avr6\libm.a(fixsfsi.o)
                              tasks/NavigationTask.o (__fixsfsi)
c:/program files (x86)/atmel/atmel toolchain/avr8 gcc/native/3.4.2.1002/avr8-gnu-toolchain/bin/../lib/gcc/avr/4.7.2/../../../../avr/lib/avr6\libm.a(fixunssfsi.o)
                              drivers/SerialDriver.o (__fixunssfsi)
c:/program files (x86)/atmel/atmel toolchain/avr8 gcc/native/3.4.2.1002/avr8-gnu-toolchain/bin/../lib/gcc/avr/4.7.2/../../../../avr/lib/avr6\libm.a(floatsisf.o)
                              drivers/SerialDriver.o (__floatunsisf)
c:/program files (x86)/atmel/atmel toolchain/avr8 gcc/native/3.4.2.1002/avr8-gnu-toolchain/bin/../lib/gcc/avr/4.7.2/../../../../avr/lib/avr6\libm.a(floor.o)
                              drivers/SerialDriver.o (floor)
c:/program files (x86)/atmel/atmel toolchain/avr8 gcc/native/3.4.2.1002/avr8-gnu-toolchain/bin/../lib/gcc/avr/4.7.2/../../../../avr/lib/avr6\libm.a(fp_arccos.o)
                              c:/program files (x86)/atmel/atmel toolchain/avr8 gcc/native/3.4.2.1002/avr8-gnu-toolchain/bin/../lib/gcc/avr/4.7.2/../../../../avr/lib/avr6\libm.a(asin.o) (__fp_arccos)
c:/program files (x86)/atmel/atmel toolchain/avr8 gcc/native/3.4.2.1002/avr8-gnu-toolchain/bin/../lib/gcc/avr/4.7.2/../../../../avr/lib/avr6\libm.a(fp_cmp.o)
                              c:/program files (x86)/atmel/atmel toolchain/avr8 gcc/native/3.4.2.1002/avr8-gnu-toolchain/bin/../lib/gcc/avr/4.7.2/../../../../avr/lib/avr6\libm.a(cmpsf2.o) (__fp_cmp)
c:/program files (x86)/atmel/atmel toolchain/avr8 gcc/native/3.4.2.1002/avr8-gnu-toolchain/bin/../lib/gcc/avr/4.7.2/../../../../avr/lib/avr6\libm.a(fp_inf.o)
                              c:/program files (x86)/atmel/atmel toolchain/avr8 gcc/native/3.4.2.1002/avr8-gnu-toolchain/bin/../lib/gcc/avr/4.7.2/../../../../avr/lib/avr6\libm.a(addsf3x.o) (__fp_inf)
c:/program files (x86)/atmel/atmel toolchain/avr8 gcc/native/3.4.2.1002/avr8-gnu-toolchain/bin/../lib/gcc/avr/4.7.2/../../../../avr/lib/avr6\libm.a(fp_mintl.o)
                              c:/program files (x86)/atmel/atmel toolchain/avr8 gcc/native/3.4.2.1002/avr8-gnu-toolchain/bin/../lib/gcc/avr/4.7.2/../../../../avr/lib/avr6\libm.a(floor.o) (__fp_mintl)
c:/program files (x86)/atmel/atmel toolchain/avr8 gcc/native/3.4.2.1002/avr8-gnu-toolchain/bin/../lib/gcc/avr/4.7.2/../../../../avr/lib/avr6\libm.a(fp_mpack.o)
[...]
Memory Configuration

Name             Origin             Length             Attributes
text             0x00000000         0x00100000         xr
data             0x00800200         0x0000fe00         rw !x
eeprom           0x00810000         0x00010000         rw !x
fuse             0x00820000         0x00000400         rw !x
lock             0x00830000         0x00000400         rw !x
signature        0x00840000         0x00000400         rw !x
user_signatures  0x00850000         0x00000400         rw !x
*default*        0x00000000         0xffffffff

Linker script and memory map

Address of section .data set to 0x800200
LOAD c:/program files (x86)/atmel/atmel toolchain/avr8 gcc/native/3.4.2.1002/avr8-gnu-toolchain/bin/../lib/gcc/avr/4.7.2/../../../../avr/lib/avr6/crtm2560.o
LOAD buffer/Buffer.o
LOAD buffer/Record.o
LOAD controller/PIDController.o
LOAD drivers/SerialDriver.o
LOAD drivers/SPIDriver.o
LOAD drivers/TWIDriver.o
LOAD HelicopterMain.o
LOAD interfaces/GroundControlStationInterface.o
LOAD interfaces/RadioControllerInterface.o
LOAD messages/ControlMessage.o
LOAD messages/Message.o
LOAD messages/SensorDataMessage.o
LOAD messages/SimpleTelemetryMessage.o
LOAD messages/SyncMessage.o
LOAD messages/SystemTelemetryMessage.o
LOAD model/SystemModel.o
LOAD navigation/AHRS.o
LOAD scheduler/Scheduler.o
LOAD sensors/BarometerSensor.o
LOAD sensors/GPSSensor.o
LOAD sensors/IMUSensor.o
LOAD sensors/MagnetometerSensor.o
LOAD tasks/NavigationTask.o
LOAD tasks/PIDInnerLoopTask.o
LOAD tasks/PIDOuterLoopTask.o
LOAD tasks/ReadBarometerSensorTask.o
LOAD tasks/ReadGPSSensorTask.o
LOAD tasks/ReadIMUSensorTask.o
LOAD tasks/ReadMagnetometerSensorTask.o
LOAD tasks/ServoControlTask.o
LOAD tasks/SimTelemetryTask.o
LOAD tasks/Task.o
LOAD tasks/TransmitTelemetryTask.o
LOAD util/CommonHeader.o
LOAD util/CoordinateUtil.o
LOAD util/MatrixUtil.o
LOAD util/Timer.o
START GROUP
LOAD c:/program files (x86)/atmel/atmel toolchain/avr8 gcc/native/3.4.2.1002/avr8-gnu-toolchain/bin/../lib/gcc/avr/4.7.2/../../../../avr/lib/avr6\libm.a
END GROUP
LOAD c:/program files (x86)/atmel/atmel toolchain/avr8 gcc/native/3.4.2.1002/avr8-gnu-toolchain/bin/../lib/gcc/avr/4.7.2/avr6\libgcc.a
LOAD c:/program files (x86)/atmel/atmel toolchain/avr8 gcc/native/3.4.2.1002/avr8-gnu-toolchain/bin/../lib/gcc/avr/4.7.2/../../../../avr/lib/avr6\libm.a
LOAD c:/program files (x86)/atmel/atmel toolchain/avr8 gcc/native/3.4.2.1002/avr8-gnu-toolchain/bin/../lib/gcc/avr/4.7.2/avr6\libgcc.a
LOAD c:/program files (x86)/atmel/atmel toolchain/avr8 gcc/native/3.4.2.1002/avr8-gnu-toolchain/bin/../lib/gcc/avr/4.7.2/../../../../avr/lib/avr6\libc.a
LOAD c:/program files (x86)/atmel/atmel toolchain/avr8 gcc/native/3.4.2.1002/avr8-gnu-toolchain/bin/../lib/gcc/avr/4.7.2/avr6\libgcc.a

.hash
 *(.hash)

.dynsym
 *(.dynsym)

.dynstr
 *(.dynstr)

.gnu.version
 *(.gnu.version)

.gnu.version_d
 *(.gnu.version_d)

.gnu.version_r
 *(.gnu.version_r)

.rel.init
 *(.rel.init)

.rela.init
 *(.rela.init)

.rel.text
 *(.rel.text)
 *(.rel.text.*)
 *(.rel.gnu.linkonce.t*)

.rela.text
 *(.rela.text)
 *(.rela.text.*)
 *(.rela.gnu.linkonce.t*)

.rel.fini
 *(.rel.fini)

.rela.fini
 *(.rela.fini)

.rel.rodata
 *(.rel.rodata)
 *(.rel.rodata.*)
 *(.rel.gnu.linkonce.r*)

.rela.rodata
 *(.rela.rodata)
 *(.rela.rodata.*)
 *(.rela.gnu.linkonce.r*)

.rel.data
 *(.rel.data)
 *(.rel.data.*)
 *(.rel.gnu.linkonce.d*)

.rela.data
 *(.rela.data)
 *(.rela.data.*)
 *(.rela.gnu.linkonce.d*)

.rel.ctors
 *(.rel.ctors)

.rela.ctors
 *(.rela.ctors)

.rel.dtors
 *(.rel.dtors)

.rela.dtors
 *(.rela.dtors)

.rel.got
 *(.rel.got)

.rela.got
 *(.rela.got)

.rel.bss
 *(.rel.bss)

.rela.bss
 *(.rela.bss)

.rel.plt
 *(.rel.plt)

.rela.plt
 *(.rela.plt)

.text           0x00000000     0xc376
 *(.vectors)
 .vectors       0x00000000       0xe4 c:/program files (x86)/atmel/atmel toolchain/avr8 gcc/native/3.4.2.1002/avr8-gnu-toolchain/bin/../lib/gcc/avr/4.7.2/../../../../avr/lib/avr6/crtm2560.o
                0x00000000                __vector_default
                0x00000000                __vectors
 *(.vectors)
 *(.progmem.gcc*)
 .progmem.gcc_fplib
                0x000000e4       0x14 c:/program files (x86)/atmel/atmel toolchain/avr8 gcc/native/3.4.2.1002/avr8-gnu-toolchain/bin/../lib/gcc/avr/4.7.2/../../../../avr/lib/avr6\libm.a(asin.o)
 .progmem.gcc_fplib
                0x000000f8       0x2d c:/program files (x86)/atmel/atmel toolchain/avr8 gcc/native/3.4.2.1002/avr8-gnu-toolchain/bin/../lib/gcc/avr/4.7.2/../../../../avr/lib/avr6\libm.a(atan.o)
 .progmem.gcc_fplib
                0x00000125       0x28 c:/program files (x86)/atmel/atmel toolchain/avr8 gcc/native/3.4.2.1002/avr8-gnu-toolchain/bin/../lib/gcc/avr/4.7.2/../../../../avr/lib/avr6\libm.a(fp_arccos.o)
 .progmem.gcc_fplib
                0x0000014d       0x1e c:/program files (x86)/atmel/atmel toolchain/avr8 gcc/native/3.4.2.1002/avr8-gnu-toolchain/bin/../lib/gcc/avr/4.7.2/../../../../avr/lib/avr6\libm.a(fp_sinus.o)
 .progmem.gcc_fplib
                0x0000016b       0x5a c:/program files (x86)/atmel/atmel toolchain/avr8 gcc/native/3.4.2.1002/avr8-gnu-toolchain/bin/../lib/gcc/avr/4.7.2/../../../../avr/lib/avr6\libm.a(log.o)
 .progmem.gcc_fplib
                0x000001c5       0x28 c:/program files (x86)/atmel/atmel toolchain/avr8 gcc/native/3.4.2.1002/avr8-gnu-toolchain/bin/../lib/gcc/avr/4.7.2/../../../../avr/lib/avr6\libm.a(exp.o)
 *(.progmem*)
                0x000001ee                . = ALIGN (0x2)
 *fill*         0x000001ed        0x1 
                0x000001ee                __trampolines_start = .
 *(.trampolines)
 .trampolines   0x000001ee      0x124 linker stubs
 *(.trampolines*)
                0x00000312                __trampolines_end = .
 *(.jumptables)
 *(.jumptables*)
 *(.lowtext)
 *(.lowtext*)
                0x00000312                __ctors_start = .
 *(.ctors)
                0x00000312                __ctors_end = .
                0x00000312                __dtors_start = .
 *(.dtors)
                0x00000312                __dtors_end = .
 SORT(*)(.ctors)
 SORT(*)(.dtors)
 *(.init0)
 .init0         0x00000312        0x0 c:/program files (x86)/atmel/atmel toolchain/avr8 gcc/native/3.4.2.1002/avr8-gnu-toolchain/bin/../lib/gcc/avr/4.7.2/../../../../avr/lib/avr6/crtm2560.o
                0x00000312                __init
 *(.init0)
 *(.init1)
 *(.init1)
 *(.init2)
 .init2         0x00000312       0x10 c:/program files (x86)/atmel/atmel toolchain/avr8 gcc/native/3.4.2.1002/avr8-gnu-toolchain/bin/../lib/gcc/avr/4.7.2/../../../../avr/lib/avr6/crtm2560.o
 *(.init2)
 *(.init3)
 *(.init3)
 *(.init4)
 .init4         0x00000322       0x1a c:/program files (x86)/atmel/atmel toolchain/avr8 gcc/native/3.4.2.1002/avr8-gnu-toolchain/bin/../lib/gcc/avr/4.7.2/avr6\libgcc.a(_copy_data.o)
                0x00000322                __do_copy_data
 .init4         0x0000033c       0x10 c:/program files (x86)/atmel/atmel toolchain/avr8 gcc/native/3.4.2.1002/avr8-gnu-toolchain/bin/../lib/gcc/avr/4.7.2/avr6\libgcc.a(_clear_bss.o)
                0x0000033c                __do_clear_bss
 *(.init4)
 *(.init5)
 *(.init5)
 *(.init6)
 *(.init6)
 *(.init7)
 *(.init7)
 *(.init8)
 *(.init8)
 *(.init9)
 .init9         0x0000034c        0x8 c:/program files (x86)/atmel/atmel toolchain/avr8 gcc/native/3.4.2.1002/avr8-gnu-toolchain/bin/../lib/gcc/avr/4.7.2/../../../../avr/lib/avr6/crtm2560.o
 *(.init9)
 *(.text)
 .text          0x00000354        0x4 c:/program files (x86)/atmel/atmel toolchain/avr8 gcc/native/3.4.2.1002/avr8-gnu-toolchain/bin/../lib/gcc/avr/4.7.2/../../../../avr/lib/avr6/crtm2560.o
                0x00000354                __vector_38
                0x00000354                __vector_22
                0x00000354                __vector_28
                0x00000354                __vector_1
                0x00000354                __vector_32
                0x00000354                __vector_34
                0x00000354                __vector_24
                0x00000354                __vector_12
                0x00000354                __vector_55
                0x00000354                __bad_interrupt
                0x00000354                __vector_6
                0x00000354                __vector_31
                0x00000354                __vector_35
                0x00000354                __vector_39
                0x00000354                __vector_3
                0x00000354                __vector_23
                0x00000354                __vector_30
                0x00000354                __vector_45
                0x00000354                __vector_25
                0x00000354                __vector_11
                0x00000354                __vector_54
                0x00000354                __vector_17
                0x00000354                __vector_19
                0x00000354                __vector_56
                0x00000354                __vector_7
                0x00000354                __vector_49
                0x00000354                __vector_41
                0x00000354                __vector_43
                0x00000354                __vector_27
                0x00000354                __vector_5
                0x00000354                __vector_33
                0x00000354                __vector_47
                0x00000354                __vector_52
                0x00000354                __vector_37
                0x00000354                __vector_4
                0x00000354                __vector_44
                0x00000354                __vector_51
                0x00000354                __vector_9
                0x00000354                __vector_2
                0x00000354                __vector_15
                0x00000354                __vector_29
                0x00000354                __vector_40
                0x00000354                __vector_8
                0x00000354                __vector_26
                0x00000354                __vector_48
                0x00000354                __vector_14
                0x00000354                __vector_53
                0x00000354                __vector_10
                0x00000354                __vector_50
                0x00000354                __vector_16
                0x00000354                __vector_18
                0x00000354                __vector_20
                0x00000354                __vector_42
                0x00000358                . = ALIGN (0x2)
 *(.text.*)
 .text._ZN10helicopter10controller13PIDControllerC2EPNS_5model11SystemModelE
                0x00000358      0x164 controller/PIDController.o
                0x00000358                _ZN10helicopter10controller13PIDControllerC2EPNS_5model11SystemModelE
                0x00000358                _ZN10helicopter10controller13PIDControllerC1EPNS_5model11SystemModelE
 .text._ZN10helicopter10controller13PIDController21calculateProportionalEff
                0x000004bc       0x16 controller/PIDController.o
                0x000004bc                _ZN10helicopter10controller13PIDController21calculateProportionalEff
 .text._ZN10helicopter10controller13PIDController27calculateIntegralAntiWindupEfff
                0x000004d2       0x42 controller/PIDController.o
                0x000004d2                _ZN10helicopter10controller13PIDController27calculateIntegralAntiWindupEfff
 .text._ZN10helicopter10controller13PIDController17calculateIntegralEffff
                0x00000514       0x92 controller/PIDController.o
                0x00000514                _ZN10helicopter10controller13PIDController17calculateIntegralEffff
 .text._ZN10helicopter10controller13PIDController22calculateVelocityErrorEff
                0x000005a6       0x16 controller/PIDController.o
                0x000005a6                _ZN10helicopter10controller13PIDController22calculateVelocityErrorEff
 .text._ZN10helicopter10controller13PIDController30calculateOuterLoopControlValueEfffffi
                0x000005bc       0xca controller/PIDController.o
                0x000005bc                _ZN10helicopter10controller13PIDController30calculateOuterLoopControlValueEfffffi
 .text._ZN10helicopter10controller13PIDController27adjustControlForServoLimitsEfff
                0x00000686       0x8a controller/PIDController.o
                0x00000686                _ZN10helicopter10controller13PIDController27adjustControlForServoLimitsEfff
 .text._Z30calculateInnerLoopControlValuefffff
                0x00000710       0x6a controller/PIDController.o
                0x00000710                _Z30calculateInnerLoopControlValuefffff
 .text._ZN10helicopter10controller13PIDController23adjustForSetpointLimitsEfff
                0x0000077a       0x8a controller/PIDController.o
                0x0000077a                _ZN10helicopter10controller13PIDController23adjustForSetpointLimitsEfff
 .text._ZN10helicopter10controller13PIDController13addBlownFrameEv
                0x00000804       0x22 controller/PIDController.o
                0x00000804                _ZN10helicopter10controller13PIDController13addBlownFrameEv
 .text._ZN10helicopter10controller13PIDController35convertYawErrorFrom2PitoPlusMinusPiEf
                0x00000826       0x8c controller/PIDController.o
                0x00000826                _ZN10helicopter10controller13PIDController35convertYawErrorFrom2PitoPlusMinusPiEf
 .text._ZN10helicopter10controller13PIDController34tailRotorCollectiveOuterLoopUpdateEv
                0x000008b2      0x1f2 controller/PIDController.o
                0x000008b2                _ZN10helicopter10controller13PIDController34tailRotorCollectiveOuterLoopUpdateEv
 .text._ZN10helicopter10controller13PIDController34mainRotorCollectiveOuterLoopUpdateEf
                0x00000aa4      0x1ea controller/PIDController.o
                0x00000aa4                _ZN10helicopter10controller13PIDController34mainRotorCollectiveOuterLoopUpdateEf
 .text._ZN10helicopter10controller13PIDController30cyclicLongitudeOuterLoopUpdateEf
                0x00000c8e      0x1c6 controller/PIDController.o
                0x00000c8e                _ZN10helicopter10controller13PIDController30cyclicLongitudeOuterLoopUpdateEf
 .text._ZN10helicopter10controller13PIDController28cyclicLateralOuterLoopUpdateEf
                0x00000e54      0x1e0 controller/PIDController.o
                0x00000e54                _ZN10helicopter10controller13PIDController28cyclicLateralOuterLoopUpdateEf
 .text._ZN10helicopter10controller13PIDController15outerLoopUpdateEv
                0x00001034      0x1a4 controller/PIDController.o
                0x00001034                _ZN10helicopter10controller13PIDController15outerLoopUpdateEv
 .text._ZN10helicopter10controller13PIDController30cyclicLongitudeInnerLoopUpdateEv
                0x000011d8       0xda controller/PIDController.o
                0x000011d8                _ZN10helicopter10controller13PIDController30cyclicLongitudeInnerLoopUpdateEv
 .text._ZN10helicopter10controller13PIDController28cyclicLateralInnerLoopUpdateEv
                0x000012b2       0xea controller/PIDController.o
                0x000012b2                _ZN10helicopter10controller13PIDController28cyclicLateralInnerLoopUpdateEv
 .text._ZN10helicopter7drivers12SerialDriverD2Ev
                0x0000139c        0xc drivers/SerialDriver.o
                0x0000139c                _ZN10helicopter7drivers12SerialDriverD1Ev
                0x0000139c                _ZN10helicopter7drivers12SerialDriverD2Ev
 .text._ZN10helicopter7drivers12SerialDriver8transmitEf
                0x000013a8       0x84 drivers/SerialDriver.o
                0x000013a8                _ZN10helicopter7drivers12SerialDriver8transmitEf
 .text._ZN10helicopter7drivers12SerialDriver8transmitEi
                0x0000142c       0x44 drivers/SerialDriver.o
                0x0000142c                _ZN10helicopter7drivers12SerialDriver8transmitEi
 .text._ZN10helicopter7drivers12SerialDriver8transmitEm
                0x00001470       0x9e drivers/SerialDriver.o
                0x00001470                _ZN10helicopter7drivers12SerialDriver8transmitEm
 .text._ZN10helicopter7drivers12SerialDriver8transmitEl
                0x0000150e       0xa6 drivers/SerialDriver.o
                0x0000150e                _ZN10helicopter7drivers12SerialDriver8transmitEl
 .text._ZN10helicopter7drivers12SerialDriver8transmitEx
                0x000015b4      0x1fc drivers/SerialDriver.o
                0x000015b4                _ZN10helicopter7drivers12SerialDriver8transmitEx
 .text._ZN10helicopter7drivers12SerialDriver7receiveERh
                0x000017b0       0xb8 drivers/SerialDriver.o
                0x000017b0                _ZN10helicopter7drivers12SerialDriver7receiveERh
 .text._ZN10helicopter7drivers12SerialDriver8transmitEh
                0x00001868       0x90 drivers/SerialDriver.o
                0x00001868                _ZN10helicopter7drivers12SerialDriver8transmitEh
 .text._ZN10helicopter7drivers12SerialDriver4initEv
                0x000018f8      0x128 drivers/SerialDriver.o
                0x000018f8                _ZN10helicopter7drivers12SerialDriver4initEv
 .text._ZN10helicopter7drivers12SerialDriverD0Ev
                0x00001a20       0x10 drivers/SerialDriver.o
                0x00001a20                _ZN10helicopter7drivers12SerialDriverD0Ev
 .text._ZN10helicopter7drivers12SerialDriver10startTimerEv
                0x00001a30       0x10 drivers/SerialDriver.o
                0x00001a30                _ZN10helicopter7drivers12SerialDriver10startTimerEv
 .text._ZN10helicopter7drivers12SerialDriver9stopTimerEv
                0x00001a40       0x10 drivers/SerialDriver.o
                0x00001a40                _ZN10helicopter7drivers12SerialDriver9stopTimerEv
 .text._ZN10helicopter7drivers12SerialDriver8transmitEPKci
                0x00001a50       0x60 drivers/SerialDriver.o
                0x00001a50                _ZN10helicopter7drivers12SerialDriver8transmitEPKci
 .text._ZN10helicopter7drivers12SerialDriver11clearBufferEv
                0x00001ab0       0x40 drivers/SerialDriver.o
                0x00001ab0                _ZN10helicopter7drivers12SerialDriver11clearBufferEv
 .text._ZN10helicopter7drivers9SPIDriver4initEv
                0x00001af0       0x12 drivers/SPIDriver.o
                0x00001af0                _ZN10helicopter7drivers9SPIDriver4initEv
 .text._ZN10helicopter7drivers9SPIDriver16beginTransactionEv
                0x00001b02       0x14 drivers/SPIDriver.o
                0x00001b02                _ZN10helicopter7drivers9SPIDriver16beginTransactionEv
 .text._ZN10helicopter7drivers9SPIDriver14endTransactionEv
                0x00001b16       0x14 drivers/SPIDriver.o
                0x00001b16                _ZN10helicopter7drivers9SPIDriver14endTransactionEv
 .text._ZN10helicopter7drivers9SPIDriver8readByteEv
                0x00001b2a        0xc drivers/SPIDriver.o
                0x00001b2a                _ZN10helicopter7drivers9SPIDriver8readByteEv
 .text._ZN10helicopter7drivers9SPIDriver8readUIntEv
                0x00001b36       0x24 drivers/SPIDriver.o
                0x00001b36                _ZN10helicopter7drivers9SPIDriver8readUIntEv
 .text._ZN10helicopter7drivers9SPIDriver7readIntEv
                0x00001b5a       0x24 drivers/SPIDriver.o
                0x00001b5a                _ZN10helicopter7drivers9SPIDriver7readIntEv
 .text._ZN10helicopter7drivers9SPIDriver5writeEh
                0x00001b7e        0xa drivers/SPIDriver.o
                0x00001b7e                _ZN10helicopter7drivers9SPIDriver5writeEh
 .text._ZN10helicopter7drivers9SPIDriver16transactionWriteEh
                0x00001b88       0x24 drivers/SPIDriver.o
                0x00001b88                _ZN10helicopter7drivers9SPIDriver16transactionWriteEh
 .text._ZN10helicopter7drivers9SPIDriver16transactionWriteEhh
                0x00001bac       0x32 drivers/SPIDriver.o
                0x00001bac                _ZN10helicopter7drivers9SPIDriver16transactionWriteEhh
 .text._ZN10helicopter7drivers9TWIDriver4initEv
                0x00001bde       0x1c drivers/TWIDriver.o
                0x00001bde                _ZN10helicopter7drivers9TWIDriver4initEv
 .text._ZN10helicopter7drivers9TWIDriver5startEv
                0x00001bfa       0x2e drivers/TWIDriver.o
                0x00001bfa                _ZN10helicopter7drivers9TWIDriver5startEv
 .text._ZN10helicopter7drivers9TWIDriver4stopEv
                0x00001c28        0x8 drivers/TWIDriver.o
                0x00001c28                _ZN10helicopter7drivers9TWIDriver4stopEv
 .text._ZN10helicopter7drivers9TWIDriver5writeEhh
                0x00001c30       0x36 drivers/TWIDriver.o
                0x00001c30                _ZN10helicopter7drivers9TWIDriver5writeEhh
 .text._ZN10helicopter7drivers9TWIDriver8readByteEb
                0x00001c66       0x22 drivers/TWIDriver.o
                0x00001c66                _ZN10helicopter7drivers9TWIDriver8readByteEb
 .text._ZN10helicopter5tasks12FlashLEDTask4initEv
                0x00001c88       0x1a HelicopterMain.o
                0x00001c88                _ZN10helicopter5tasks12FlashLEDTask4initEv
 .text._ZN10helicopter5tasks12FlashLEDTask11runTaskImplEv
                0x00001ca2       0x44 HelicopterMain.o
                0x00001ca2                _ZN10helicopter5tasks12FlashLEDTask11runTaskImplEv
 .text._ZN10helicopter5tasks12FlashLEDTaskD2Ev
                0x00001ce6        0xc HelicopterMain.o
                0x00001ce6                _ZN10helicopter5tasks12FlashLEDTaskD1Ev
                0x00001ce6                _ZN10helicopter5tasks12FlashLEDTaskD2Ev
 .text._ZN10helicopter5tasks12FlashLEDTaskD0Ev
                0x00001cf2       0x10 HelicopterMain.o
                0x00001cf2                _ZN10helicopter5tasks12FlashLEDTaskD0Ev
 .text._Z33setupDefaultsandReferencePositionPN10helicopter5model11SystemModelEPNS_10controller13PIDControllerE
                0x00001d02      0x2e6 HelicopterMain.o
                0x00001d02                _Z33setupDefaultsandReferencePositionPN10helicopter5model11SystemModelEPNS_10controller13PIDControllerE
 .text.main     0x00001fe8     0x1146 HelicopterMain.o
                0x00001fe8                main
 .text._ZN10helicopter10interfaces29GroundControlStationInterface17calculateChecksumEPhiRhS3_
                0x0000312e       0x38 interfaces/GroundControlStationInterface.o
                0x0000312e                _ZN10helicopter10interfaces29GroundControlStationInterface17calculateChecksumEPhiRhS3_
 .text._ZN10helicopter10interfaces29GroundControlStationInterface8transmitEPNS_8messages7MessageE
                0x00003166      0x198 interfaces/GroundControlStationInterface.o
                0x00003166                _ZN10helicopter10interfaces29GroundControlStationInterface8transmitEPNS_8messages7MessageE
 .text._ZN10helicopter10interfaces29GroundControlStationInterface7receiveERPNS_8messages7MessageE
                0x000032fe      0x2a4 interfaces/GroundControlStationInterface.o
                0x000032fe                _ZN10helicopter10interfaces29GroundControlStationInterface7receiveERPNS_8messages7MessageE
 .text._ZN10helicopter10interfaces24RadioControllerInterface40calculatePWMCompareMatchFromControlValueEf
                0x000035a2       0xc2 interfaces/RadioControllerInterface.o
                0x000035a2                _ZN10helicopter10interfaces24RadioControllerInterface40calculatePWMCompareMatchFromControlValueEf
 .text._ZN10helicopter10interfaces24RadioControllerInterface10ScaleValueEl
                0x00003664       0xb2 interfaces/RadioControllerInterface.o
                0x00003664                _ZN10helicopter10interfaces24RadioControllerInterface10ScaleValueEl
 .text._ZN10helicopter10interfaces24RadioControllerInterface31convertPulseWidthToCompareMatchEl
                0x00003716       0x32 interfaces/RadioControllerInterface.o
                0x00003716                _ZN10helicopter10interfaces24RadioControllerInterface31convertPulseWidthToCompareMatchEl
 .text._ZN10helicopter10interfaces24RadioControllerInterface27getRadioControllerInterfaceEv
                0x00003748       0x6a interfaces/RadioControllerInterface.o
                0x00003748                _ZN10helicopter10interfaces24RadioControllerInterface27getRadioControllerInterfaceEv
 .text.__vector_46
                0x000037b2      0x1f8 interfaces/RadioControllerInterface.o
                0x000037b2                __vector_46
 .text._ZN10helicopter10interfaces24RadioControllerInterface4initEv
                0x000039aa      0x114 interfaces/RadioControllerInterface.o
                0x000039aa                _ZN10helicopter10interfaces24RadioControllerInterface4initEv
 .text._ZN10helicopter10interfaces24RadioControllerInterface5startEv
                0x00003abe       0x2a interfaces/RadioControllerInterface.o
                0x00003abe                _ZN10helicopter10interfaces24RadioControllerInterface5startEv
 .text._ZN10helicopter10interfaces24RadioControllerInterface4CCPMEfffRfS2_S2_
                0x00003ae8      0x1b2 interfaces/RadioControllerInterface.o
                0x00003ae8                _ZN10helicopter10interfaces24RadioControllerInterface4CCPMEfffRfS2_S2_
 .text._ZN10helicopter10interfaces24RadioControllerInterface13controlServosEfffff
                0x00003c9a      0x264 interfaces/RadioControllerInterface.o
                0x00003c9a                _ZN10helicopter10interfaces24RadioControllerInterface13controlServosEfffff
 .text._ZN10helicopter8messages14ControlMessageD2Ev
                0x00003efe        0xc messages/ControlMessage.o
                0x00003efe                _ZN10helicopter8messages14ControlMessageD1Ev
                0x00003efe                _ZN10helicopter8messages14ControlMessageD2Ev
 .text._ZN10helicopter8messages14ControlMessageD0Ev
                0x00003f0a       0x10 messages/ControlMessage.o
                0x00003f0a                _ZN10helicopter8messages14ControlMessageD0Ev
 .text._ZN10helicopter8messages14ControlMessage8getBytesEv
                0x00003f1a       0x5e messages/ControlMessage.o
                0x00003f1a                _ZN10helicopter8messages14ControlMessage8getBytesEv
 .text._ZN10helicopter8messages14ControlMessage12buildMessageEPh
                0x00003f78       0x56 messages/ControlMessage.o
                0x00003f78                _ZN10helicopter8messages14ControlMessage12buildMessageEPh
 .text._ZN10helicopter8messages7MessageD2Ev
                0x00003fce        0xc messages/Message.o
                0x00003fce                _ZN10helicopter8messages7MessageD1Ev
                0x00003fce                _ZN10helicopter8messages7MessageD2Ev
 .text._ZN10helicopter8messages7Message8getBytesEv
                0x00003fda        0x6 messages/Message.o
                0x00003fda                _ZN10helicopter8messages7Message8getBytesEv
 .text._ZN10helicopter8messages7Message12buildMessageEPh
                0x00003fe0        0x2 messages/Message.o
                0x00003fe0                _ZN10helicopter8messages7Message12buildMessageEPh
 .text._ZN10helicopter8messages7MessageD0Ev
                0x00003fe2       0x10 messages/Message.o
                0x00003fe2                _ZN10helicopter8messages7MessageD0Ev
 .text._ZN10helicopter8messages7Message14getMessageSizeEv
                0x00003ff2        0x8 messages/Message.o
                0x00003ff2                _ZN10helicopter8messages7Message14getMessageSizeEv
 .text._ZN10helicopter8messages17SensorDataMessageD2Ev
                0x00003ffa        0xc messages/SensorDataMessage.o
                0x00003ffa                _ZN10helicopter8messages17SensorDataMessageD1Ev
                0x00003ffa                _ZN10helicopter8messages17SensorDataMessageD2Ev
 .text._ZN10helicopter8messages17SensorDataMessageD0Ev
                0x00004006       0x10 messages/SensorDataMessage.o
                0x00004006                _ZN10helicopter8messages17SensorDataMessageD0Ev
 .text._ZN10helicopter8messages17SensorDataMessage8getBytesEv
                0x00004016      0x12c messages/SensorDataMessage.o
                0x00004016                _ZN10helicopter8messages17SensorDataMessage8getBytesEv
 .text._ZN10helicopter8messages17SensorDataMessage12buildMessageEPh
                0x00004142      0x15e messages/SensorDataMessage.o
                0x00004142                _ZN10helicopter8messages17SensorDataMessage12buildMessageEPh
 .text._ZN10helicopter8messages17SensorDataMessage14buildMessageStEPh
                0x000042a0       0xc8 messages/SensorDataMessage.o
                0x000042a0                _ZN10helicopter8messages17SensorDataMessage14buildMessageStEPh
 .text._ZN10helicopter8messages22SimpleTelemetryMessageD2Ev
                0x00004368        0xc messages/SimpleTelemetryMessage.o
                0x00004368                _ZN10helicopter8messages22SimpleTelemetryMessageD2Ev
                0x00004368                _ZN10helicopter8messages22SimpleTelemetryMessageD1Ev
 .text._ZN10helicopter8messages22SimpleTelemetryMessageD0Ev
                0x00004374       0x10 messages/SimpleTelemetryMessage.o
                0x00004374                _ZN10helicopter8messages22SimpleTelemetryMessageD0Ev
 .text._ZN10helicopter8messages22SimpleTelemetryMessage8getBytesEv
                0x00004384      0x2f4 messages/SimpleTelemetryMessage.o
                0x00004384                _ZN10helicopter8messages22SimpleTelemetryMessage8getBytesEv
 .text._ZN10helicopter8messages22SimpleTelemetryMessage12buildMessageEPh
                0x00004678      0x31e messages/SimpleTelemetryMessage.o
                0x00004678                _ZN10helicopter8messages22SimpleTelemetryMessage12buildMessageEPh
 .text._ZN10helicopter8messages22SimpleTelemetryMessage14buildMessageStEPh
                0x00004996      0x18c messages/SimpleTelemetryMessage.o
                0x00004996                _ZN10helicopter8messages22SimpleTelemetryMessage14buildMessageStEPh
 .text._ZN10helicopter8messages11SyncMessageD2Ev
                0x00004b22        0xc messages/SyncMessage.o
                0x00004b22                _ZN10helicopter8messages11SyncMessageD2Ev
                0x00004b22                _ZN10helicopter8messages11SyncMessageD1Ev
 .text._ZN10helicopter8messages11SyncMessage12buildMessageEPh
                0x00004b2e       0x18 messages/SyncMessage.o
                0x00004b2e                _ZN10helicopter8messages11SyncMessage12buildMessageEPh
 .text._ZN10helicopter8messages11SyncMessage8getBytesEv
                0x00004b46       0x22 messages/SyncMessage.o
                0x00004b46                _ZN10helicopter8messages11SyncMessage8getBytesEv
 .text._ZN10helicopter8messages11SyncMessageD0Ev
                0x00004b68       0x10 messages/SyncMessage.o
                0x00004b68                _ZN10helicopter8messages11SyncMessageD0Ev
 .text._ZN10helicopter8messages22SystemTelemetryMessageD2Ev
                0x00004b78        0xc messages/SystemTelemetryMessage.o
                0x00004b78                _ZN10helicopter8messages22SystemTelemetryMessageD2Ev
                0x00004b78                _ZN10helicopter8messages22SystemTelemetryMessageD1Ev
 .text._ZN10helicopter8messages22SystemTelemetryMessageD0Ev
                0x00004b84       0x10 messages/SystemTelemetryMessage.o
                0x00004b84                _ZN10helicopter8messages22SystemTelemetryMessageD0Ev
 .text._ZN10helicopter8messages22SystemTelemetryMessage8getBytesEv
                0x00004b94      0x814 messages/SystemTelemetryMessage.o
                0x00004b94                _ZN10helicopter8messages22SystemTelemetryMessage8getBytesEv
 .text._ZN10helicopter8messages22SystemTelemetryMessage12buildMessageEPh
                0x000053a8      0x83e messages/SystemTelemetryMessage.o
                0x000053a8                _ZN10helicopter8messages22SystemTelemetryMessage12buildMessageEPh
 .text._ZN10helicopter8messages22SystemTelemetryMessage14buildMessageStEPh
                0x00005be6      0x3ca messages/SystemTelemetryMessage.o
                0x00005be6                _ZN10helicopter8messages22SystemTelemetryMessage14buildMessageStEPh
 .text._ZN10helicopter8messages22SystemTelemetryMessage21buildMessageFromModelEPNS_5model11SystemModelE
                0x00005fb0      0xb4c messages/SystemTelemetryMessage.o
                0x00005fb0                _ZN10helicopter8messages22SystemTelemetryMessage21buildMessageFromModelEPNS_5model11SystemModelE
 .text._ZN10helicopter8messages22SystemTelemetryMessage35updateModelFromMessageFromSimulatorEPNS_5model11SystemModelE
                0x00006afc      0x1fa messages/SystemTelemetryMessage.o
                0x00006afc                _ZN10helicopter8messages22SystemTelemetryMessage35updateModelFromMessageFromSimulatorEPNS_5model11SystemModelE
 .text._ZN10helicopter10navigation4AHRS14scaleAndAdjustEPfS2_fRA3_f
                0x00006cf6       0xbe navigation/AHRS.o
                0x00006cf6                _ZN10helicopter10navigation4AHRS14scaleAndAdjustEPfS2_fRA3_f
 .text._ZN10helicopter10navigation4AHRS17orthonormalizeDcmEv
                0x00006db4       0xae navigation/AHRS.o
                0x00006db4                _ZN10helicopter10navigation4AHRS17orthonormalizeDcmEv
 .text._ZN10helicopter10navigation4AHRS6updateEfffffffff
                0x00006e62      0x4e6 navigation/AHRS.o
                0x00006e62                _ZN10helicopter10navigation4AHRS6updateEfffffffff
 .text._ZN10helicopter10navigation4AHRS10getYawRadsEv
                0x00007348       0x14 navigation/AHRS.o
                0x00007348                _ZN10helicopter10navigation4AHRS10getYawRadsEv
 .text._ZN10helicopter10navigation4AHRS12getPitchRadsEv
                0x0000735c       0x14 navigation/AHRS.o
                0x0000735c                _ZN10helicopter10navigation4AHRS12getPitchRadsEv
 .text._ZN10helicopter10navigation4AHRS11getRollRadsEv
                0x00007370       0x14 navigation/AHRS.o
                0x00007370                _ZN10helicopter10navigation4AHRS11getRollRadsEv
 .text._ZN10helicopter9scheduler9SchedulerC2Em9PRESCALERi
                0x00007384       0x66 scheduler/Scheduler.o
                0x00007384                _ZN10helicopter9scheduler9SchedulerC2Em9PRESCALERi
                0x00007384                _ZN10helicopter9scheduler9SchedulerC1Em9PRESCALERi
 .text._ZN10helicopter9scheduler9Scheduler12getSchedulerEv
                0x000073ea       0x4c scheduler/Scheduler.o
                0x000073ea                _ZN10helicopter9scheduler9Scheduler12getSchedulerEv
 .text._ZN10helicopter9scheduler9Scheduler7addTaskEPNS_5tasks4TaskE
                0x00007436       0x34 scheduler/Scheduler.o
                0x00007436                _ZN10helicopter9scheduler9Scheduler7addTaskEPNS_5tasks4TaskE
 .text._ZN10helicopter9scheduler9Scheduler4initEv
                0x0000746a       0x76 scheduler/Scheduler.o
                0x0000746a                _ZN10helicopter9scheduler9Scheduler4initEv
 .text._ZN10helicopter9scheduler9Scheduler8dispatchEv
                0x000074e0       0x82 scheduler/Scheduler.o
                0x000074e0                _ZN10helicopter9scheduler9Scheduler8dispatchEv
 .text._ZN10helicopter9scheduler9Scheduler5startEv
                0x00007562       0x72 scheduler/Scheduler.o
                0x00007562                _ZN10helicopter9scheduler9Scheduler5startEv
 .text.__vector_13
                0x000075d4       0xa6 scheduler/Scheduler.o
                0x000075d4                __vector_13
 .text._ZN10helicopter7sensors15BarometerSensor4initEv
                0x0000767a      0x166 sensors/BarometerSensor.o
                0x0000767a                _ZN10helicopter7sensors15BarometerSensor4initEv
 .text._ZN10helicopter7sensors15BarometerSensor13sendD1CommandEv
                0x000077e0        0xe sensors/BarometerSensor.o
                0x000077e0                _ZN10helicopter7sensors15BarometerSensor13sendD1CommandEv
 .text._ZN10helicopter7sensors15BarometerSensor10readD1DataEv
                0x000077ee       0x82 sensors/BarometerSensor.o
                0x000077ee                _ZN10helicopter7sensors15BarometerSensor10readD1DataEv
 .text._ZN10helicopter7sensors15BarometerSensor13sendD2CommandEv
                0x00007870        0xe sensors/BarometerSensor.o
                0x00007870                _ZN10helicopter7sensors15BarometerSensor13sendD2CommandEv
 .text._ZN10helicopter7sensors15BarometerSensor10readD2DataEv
                0x0000787e       0x82 sensors/BarometerSensor.o
                0x0000787e                _ZN10helicopter7sensors15BarometerSensor10readD2DataEv
 .text._ZN10helicopter7sensors15BarometerSensor15processBaroDataEv
                0x00007900      0x67e sensors/BarometerSensor.o
                0x00007900                _ZN10helicopter7sensors15BarometerSensor15processBaroDataEv
 .text._ZN10helicopter7sensors9GPSSensor14receiveAckNackEv
                0x00007f7e       0xfa sensors/GPSSensor.o
                0x00007f7e                _ZN10helicopter7sensors9GPSSensor14receiveAckNackEv
 .text._ZN10helicopter7sensors9GPSSensor14receiveGpsDataEmPhi
                0x00008078       0xf2 sensors/GPSSensor.o
                0x00008078                _ZN10helicopter7sensors9GPSSensor14receiveGpsDataEmPhi
 .text._ZN10helicopter7sensors9GPSSensor10readSensorEPhiS2_i
                0x0000816a       0x7e sensors/GPSSensor.o
                0x0000816a                _ZN10helicopter7sensors9GPSSensor10readSensorEPhiS2_i
 .text._ZN10helicopter7sensors9GPSSensor21processSensorSolutionEv
                0x000081e8      0x20e sensors/GPSSensor.o
                0x000081e8                _ZN10helicopter7sensors9GPSSensor21processSensorSolutionEv
 .text._ZN10helicopter7sensors9GPSSensor18readSensorSolutionEv
                0x000083f6      0x186 sensors/GPSSensor.o
                0x000083f6                _ZN10helicopter7sensors9GPSSensor18readSensorSolutionEv
 .text._ZN10helicopter7sensors9GPSSensor19readSensorNavStatusEv
                0x0000857c       0x74 sensors/GPSSensor.o
                0x0000857c                _ZN10helicopter7sensors9GPSSensor19readSensorNavStatusEv
 .text._ZN10helicopter7sensors9GPSSensor13readSensorLLHEv
                0x000085f0       0xaa sensors/GPSSensor.o
                0x000085f0                _ZN10helicopter7sensors9GPSSensor13readSensorLLHEv
 .text._ZN10helicopter7sensors9GPSSensor4initEv
                0x0000869a       0xd8 sensors/GPSSensor.o
                0x0000869a                _ZN10helicopter7sensors9GPSSensor4initEv
 .text._ZN10helicopter7sensors9GPSSensor5startEv
                0x00008772       0x5a sensors/GPSSensor.o
                0x00008772                _ZN10helicopter7sensors9GPSSensor5startEv
 .text._ZN10helicopter7sensors9GPSSensor10isGpsReadyEv
                0x000087cc       0x10 sensors/GPSSensor.o
                0x000087cc                _ZN10helicopter7sensors9GPSSensor10isGpsReadyEv
 .text.__vector_36
                0x000087dc       0xc6 sensors/GPSSensor.o
                0x000087dc                __vector_36
 .text._ZN10helicopter7sensors9IMUSensor4initEv
                0x000088a2       0x84 sensors/IMUSensor.o
                0x000088a2                _ZN10helicopter7sensors9IMUSensor4initEv
 .text._ZN10helicopter7sensors9IMUSensor10readSensorEv
                0x00008926      0x1f2 sensors/IMUSensor.o
                0x00008926                _ZN10helicopter7sensors9IMUSensor10readSensorEv
 .text._ZN10helicopter7sensors18MagnetometerSensorC2EPNS_7drivers9TWIDriverE
                0x00008b18       0x74 sensors/MagnetometerSensor.o
                0x00008b18                _ZN10helicopter7sensors18MagnetometerSensorC1EPNS_7drivers9TWIDriverE
                0x00008b18                _ZN10helicopter7sensors18MagnetometerSensorC2EPNS_7drivers9TWIDriverE
 .text._ZN10helicopter7sensors18MagnetometerSensor4initEv
                0x00008b8c       0xb8 sensors/MagnetometerSensor.o
                0x00008b8c                _ZN10helicopter7sensors18MagnetometerSensor4initEv
 .text._ZN10helicopter7sensors18MagnetometerSensor10readSensorEv
                0x00008c44      0x196 sensors/MagnetometerSensor.o
                0x00008c44                _ZN10helicopter7sensors18MagnetometerSensor10readSensorEv
 .text._ZN10helicopter5tasks4Task4initEv
                0x00008dda        0x2 tasks/NavigationTask.o
                0x00008dda                _ZN10helicopter5tasks4Task4initEv
 .text._ZN10helicopter5tasks14NavigationTaskD2Ev
                0x00008ddc        0xc tasks/NavigationTask.o
                0x00008ddc                _ZN10helicopter5tasks14NavigationTaskD1Ev
                0x00008ddc                _ZN10helicopter5tasks14NavigationTaskD2Ev
 .text._ZN10helicopter5tasks14NavigationTaskD0Ev
                0x00008de8       0x10 tasks/NavigationTask.o
                0x00008de8                _ZN10helicopter5tasks14NavigationTaskD0Ev
 .text._ZN10helicopter5tasks14NavigationTask11runTaskImplEv
                0x00008df8      0x530 tasks/NavigationTask.o
                0x00008df8                _ZN10helicopter5tasks14NavigationTask11runTaskImplEv
 .text._ZN10helicopter5tasks14NavigationTaskC2EfPNS_10navigation4AHRSEPNS_5model11SystemModelEii
                0x00009328       0x62 tasks/NavigationTask.o
                0x00009328                _ZN10helicopter5tasks14NavigationTaskC2EfPNS_10navigation4AHRSEPNS_5model11SystemModelEii
                0x00009328                _ZN10helicopter5tasks14NavigationTaskC1EfPNS_10navigation4AHRSEPNS_5model11SystemModelEii
 .text._ZN10helicopter5tasks16PIDInnerLoopTaskD2Ev
                0x0000938a        0xc tasks/PIDInnerLoopTask.o
                0x0000938a                _ZN10helicopter5tasks16PIDInnerLoopTaskD1Ev
                0x0000938a                _ZN10helicopter5tasks16PIDInnerLoopTaskD2Ev
 .text._ZN10helicopter5tasks16PIDInnerLoopTaskD0Ev
                0x00009396       0x10 tasks/PIDInnerLoopTask.o
                0x00009396                _ZN10helicopter5tasks16PIDInnerLoopTaskD0Ev
 .text._ZN10helicopter5tasks16PIDInnerLoopTask11runTaskImplEv
                0x000093a6       0x1c tasks/PIDInnerLoopTask.o
                0x000093a6                _ZN10helicopter5tasks16PIDInnerLoopTask11runTaskImplEv
 .text._ZN10helicopter5tasks16PIDInnerLoopTaskC2EPNS_10controller13PIDControllerEii
                0x000093c2       0x2a tasks/PIDInnerLoopTask.o
                0x000093c2                _ZN10helicopter5tasks16PIDInnerLoopTaskC2EPNS_10controller13PIDControllerEii
                0x000093c2                _ZN10helicopter5tasks16PIDInnerLoopTaskC1EPNS_10controller13PIDControllerEii
 .text._ZN10helicopter5tasks16PIDOuterLoopTaskD2Ev
                0x000093ec        0xc tasks/PIDOuterLoopTask.o
                0x000093ec                _ZN10helicopter5tasks16PIDOuterLoopTaskD1Ev
                0x000093ec                _ZN10helicopter5tasks16PIDOuterLoopTaskD2Ev
 .text._ZN10helicopter5tasks16PIDOuterLoopTaskD0Ev
                0x000093f8       0x10 tasks/PIDOuterLoopTask.o
                0x000093f8                _ZN10helicopter5tasks16PIDOuterLoopTaskD0Ev
 .text._ZN10helicopter5tasks16PIDOuterLoopTask11runTaskImplEv
                0x00009408        0xc tasks/PIDOuterLoopTask.o
                0x00009408                _ZN10helicopter5tasks16PIDOuterLoopTask11runTaskImplEv
 .text._ZN10helicopter5tasks16PIDOuterLoopTaskC2EPNS_10controller13PIDControllerEii
                0x00009414       0x2a tasks/PIDOuterLoopTask.o
                0x00009414                _ZN10helicopter5tasks16PIDOuterLoopTaskC1EPNS_10controller13PIDControllerEii
                0x00009414                _ZN10helicopter5tasks16PIDOuterLoopTaskC2EPNS_10controller13PIDControllerEii
 .text._ZN10helicopter5tasks23ReadBarometerSensorTaskD2Ev
                0x0000943e        0xc tasks/ReadBarometerSensorTask.o
                0x0000943e                _ZN10helicopter5tasks23ReadBarometerSensorTaskD1Ev
                0x0000943e                _ZN10helicopter5tasks23ReadBarometerSensorTaskD2Ev
 .text._ZN10helicopter5tasks23ReadBarometerSensorTaskD0Ev
                0x0000944a       0x10 tasks/ReadBarometerSensorTask.o
                0x0000944a                _ZN10helicopter5tasks23ReadBarometerSensorTaskD0Ev
 .text._ZN10helicopter5tasks23ReadBarometerSensorTask11runTaskImplEv
                0x0000945a       0x9e tasks/ReadBarometerSensorTask.o
                0x0000945a                _ZN10helicopter5tasks23ReadBarometerSensorTask11runTaskImplEv
 .text._ZN10helicopter5tasks23ReadBarometerSensorTaskC2EPNS_5model11SystemModelEPNS_7sensors15BarometerSensorEii
                0x000094f8       0x44 tasks/ReadBarometerSensorTask.o
                0x000094f8                _ZN10helicopter5tasks23ReadBarometerSensorTaskC2EPNS_5model11SystemModelEPNS_7sensors15BarometerSensorEii
                0x000094f8                _ZN10helicopter5tasks23ReadBarometerSensorTaskC1EPNS_5model11SystemModelEPNS_7sensors15BarometerSensorEii
 .text._ZN10helicopter5tasks17ReadGPSSensorTaskD2Ev
                0x0000953c        0xc tasks/ReadGPSSensorTask.o
                0x0000953c                _ZN10helicopter5tasks17ReadGPSSensorTaskD2Ev
                0x0000953c                _ZN10helicopter5tasks17ReadGPSSensorTaskD1Ev
 .text._ZN10helicopter5tasks17ReadGPSSensorTaskD0Ev
                0x00009548       0x10 tasks/ReadGPSSensorTask.o
                0x00009548                _ZN10helicopter5tasks17ReadGPSSensorTaskD0Ev
 .text._ZN10helicopter5tasks17ReadGPSSensorTask11runTaskImplEv
                0x00009558       0xc6 tasks/ReadGPSSensorTask.o
                0x00009558                _ZN10helicopter5tasks17ReadGPSSensorTask11runTaskImplEv
 .text._ZN10helicopter5tasks17ReadGPSSensorTaskC2EPNS_5model11SystemModelEPNS_7sensors9GPSSensorEii
                0x0000961e       0x44 tasks/ReadGPSSensorTask.o
                0x0000961e                _ZN10helicopter5tasks17ReadGPSSensorTaskC2EPNS_5model11SystemModelEPNS_7sensors9GPSSensorEii
                0x0000961e                _ZN10helicopter5tasks17ReadGPSSensorTaskC1EPNS_5model11SystemModelEPNS_7sensors9GPSSensorEii
 .text._ZN10helicopter5tasks17ReadIMUSensorTaskD2Ev
                0x00009662        0xc tasks/ReadIMUSensorTask.o
                0x00009662                _ZN10helicopter5tasks17ReadIMUSensorTaskD2Ev
                0x00009662                _ZN10helicopter5tasks17ReadIMUSensorTaskD1Ev
 .text._ZN10helicopter5tasks17ReadIMUSensorTaskD0Ev
                0x0000966e       0x10 tasks/ReadIMUSensorTask.o
                0x0000966e                _ZN10helicopter5tasks17ReadIMUSensorTaskD0Ev
 .text._ZN10helicopter5tasks17ReadIMUSensorTask11runTaskImplEv
                0x0000967e       0xd2 tasks/ReadIMUSensorTask.o
                0x0000967e                _ZN10helicopter5tasks17ReadIMUSensorTask11runTaskImplEv
 .text._ZN10helicopter5tasks17ReadIMUSensorTaskC2EPNS_5model11SystemModelEPNS_7sensors9IMUSensorEii
                0x00009750       0x40 tasks/ReadIMUSensorTask.o
                0x00009750                _ZN10helicopter5tasks17ReadIMUSensorTaskC1EPNS_5model11SystemModelEPNS_7sensors9IMUSensorEii
                0x00009750                _ZN10helicopter5tasks17ReadIMUSensorTaskC2EPNS_5model11SystemModelEPNS_7sensors9IMUSensorEii
 .text._ZN10helicopter5tasks26ReadMagnetometerSensorTaskD2Ev
                0x00009790        0xc tasks/ReadMagnetometerSensorTask.o
                0x00009790                _ZN10helicopter5tasks26ReadMagnetometerSensorTaskD2Ev
                0x00009790                _ZN10helicopter5tasks26ReadMagnetometerSensorTaskD1Ev
 .text._ZN10helicopter5tasks26ReadMagnetometerSensorTaskD0Ev
                0x0000979c       0x10 tasks/ReadMagnetometerSensorTask.o
                0x0000979c                _ZN10helicopter5tasks26ReadMagnetometerSensorTaskD0Ev
 .text._ZN10helicopter5tasks26ReadMagnetometerSensorTask11runTaskImplEv
                0x000097ac       0x7a tasks/ReadMagnetometerSensorTask.o
                0x000097ac                _ZN10helicopter5tasks26ReadMagnetometerSensorTask11runTaskImplEv
 .text._ZN10helicopter5tasks26ReadMagnetometerSensorTaskC2EPNS_5model11SystemModelEPNS_7sensors18MagnetometerSensorEii
                0x00009826       0x40 tasks/ReadMagnetometerSensorTask.o
                0x00009826                _ZN10helicopter5tasks26ReadMagnetometerSensorTaskC1EPNS_5model11SystemModelEPNS_7sensors18MagnetometerSensorEii
                0x00009826                _ZN10helicopter5tasks26ReadMagnetometerSensorTaskC2EPNS_5model11SystemModelEPNS_7sensors18MagnetometerSensorEii
 .text._ZN10helicopter5tasks16ServoControlTaskD2Ev
                0x00009866        0xc tasks/ServoControlTask.o
                0x00009866                _ZN10helicopter5tasks16ServoControlTaskD1Ev
                0x00009866                _ZN10helicopter5tasks16ServoControlTaskD2Ev
 .text._ZN10helicopter5tasks16ServoControlTaskD0Ev
                0x00009872       0x10 tasks/ServoControlTask.o
                0x00009872                _ZN10helicopter5tasks16ServoControlTaskD0Ev
 .text._ZN10helicopter5tasks16ServoControlTask11runTaskImplEv
                0x00009882       0x86 tasks/ServoControlTask.o
                0x00009882                _ZN10helicopter5tasks16ServoControlTask11runTaskImplEv
 .text._ZN10helicopter5tasks16ServoControlTaskC2EPNS_5model11SystemModelEPNS_10interfaces24RadioControllerInterfaceEii
                0x00009908       0x40 tasks/ServoControlTask.o
                0x00009908                _ZN10helicopter5tasks16ServoControlTaskC2EPNS_5model11SystemModelEPNS_10interfaces24RadioControllerInterfaceEii
                0x00009908                _ZN10helicopter5tasks16ServoControlTaskC1EPNS_5model11SystemModelEPNS_10interfaces24RadioControllerInterfaceEii
 .text._ZN10helicopter5tasks16SimTelemetryTaskD2Ev
                0x00009948        0xc tasks/SimTelemetryTask.o
                0x00009948                _ZN10helicopter5tasks16SimTelemetryTaskD1Ev
                0x00009948                _ZN10helicopter5tasks16SimTelemetryTaskD2Ev
 .text._ZN10helicopter5tasks16SimTelemetryTaskD0Ev
                0x00009954       0x10 tasks/SimTelemetryTask.o
                0x00009954                _ZN10helicopter5tasks16SimTelemetryTaskD0Ev
 .text._ZN10helicopter5tasks16SimTelemetryTask11runTaskImplEv
                0x00009964      0x5e4 tasks/SimTelemetryTask.o
                0x00009964                _ZN10helicopter5tasks16SimTelemetryTask11runTaskImplEv
 .text._ZN10helicopter5tasks16SimTelemetryTaskC2EPNS_10interfaces29GroundControlStationInterfaceEPNS_5model11SystemModelEPNS_10controller13PIDControllerENS1_13DATATORECEIVEEii
                0x00009f48       0x5c tasks/SimTelemetryTask.o
                0x00009f48                _ZN10helicopter5tasks16SimTelemetryTaskC1EPNS_10interfaces29GroundControlStationInterfaceEPNS_5model11SystemModelEPNS_10controller13PIDControllerENS1_13DATATORECEIVEEii
                0x00009f48                _ZN10helicopter5tasks16SimTelemetryTaskC2EPNS_10interfaces29GroundControlStationInterfaceEPNS_5model11SystemModelEPNS_10controller13PIDControllerENS1_13DATATORECEIVEEii
 .text._ZN10helicopter5tasks4Task11runTaskImplEv
                0x00009fa4        0x2 tasks/Task.o
                0x00009fa4                _ZN10helicopter5tasks4Task11runTaskImplEv
 .text._ZN10helicopter5tasks4TaskD2Ev
                0x00009fa6        0xc tasks/Task.o
                0x00009fa6                _ZN10helicopter5tasks4TaskD2Ev
                0x00009fa6                _ZN10helicopter5tasks4TaskD1Ev
 .text._ZN10helicopter5tasks4Task7runTaskEv
                0x00009fb2       0x10 tasks/Task.o
                0x00009fb2                _ZN10helicopter5tasks4Task7runTaskEv
 .text._ZN10helicopter5tasks4TaskD0Ev
                0x00009fc2       0x10 tasks/Task.o
                0x00009fc2                _ZN10helicopter5tasks4TaskD0Ev
 .text._ZN10helicopter5tasks4TaskC2Eii
                0x00009fd2       0x16 tasks/Task.o
                0x00009fd2                _ZN10helicopter5tasks4TaskC2Eii
                0x00009fd2                _ZN10helicopter5tasks4TaskC1Eii
 .text._ZN10helicopter5tasks21TransmitTelemetryTaskD2Ev
                0x00009fe8        0xc tasks/TransmitTelemetryTask.o
                0x00009fe8                _ZN10helicopter5tasks21TransmitTelemetryTaskD1Ev
                0x00009fe8                _ZN10helicopter5tasks21TransmitTelemetryTaskD2Ev
 .text._ZN10helicopter5tasks21TransmitTelemetryTaskD0Ev
                0x00009ff4       0x10 tasks/TransmitTelemetryTask.o
                0x00009ff4                _ZN10helicopter5tasks21TransmitTelemetryTaskD0Ev
 .text._ZN10helicopter5tasks21TransmitTelemetryTask11runTaskImplEv
                0x0000a004      0x772 tasks/TransmitTelemetryTask.o
                0x0000a004                _ZN10helicopter5tasks21TransmitTelemetryTask11runTaskImplEv
 .text._ZN10helicopter5tasks21TransmitTelemetryTaskC2EPNS_10interfaces29GroundControlStationInterfaceEPNS_5model11SystemModelENS1_10DATATOSENDEii
                0x0000a776       0x50 tasks/TransmitTelemetryTask.o
                0x0000a776                _ZN10helicopter5tasks21TransmitTelemetryTaskC2EPNS_10interfaces29GroundControlStationInterfaceEPNS_5model11SystemModelENS1_10DATATOSENDEii
                0x0000a776                _ZN10helicopter5tasks21TransmitTelemetryTaskC1EPNS_10interfaces29GroundControlStationInterfaceEPNS_5model11SystemModelENS1_10DATATOSENDEii
 .text._Znwj    0x0000a7c6        0x6 util/CommonHeader.o
                0x0000a7c6                _Znwj
 .text._ZdlPv   0x0000a7cc        0xa util/CommonHeader.o
                0x0000a7cc                _ZdlPv
 .text._Znaj    0x0000a7d6        0x6 util/CommonHeader.o
                0x0000a7d6                _Znaj
 .text._ZdaPv   0x0000a7dc        0xa util/CommonHeader.o
                0x0000a7dc                _ZdaPv
 .text._ZN10helicopter4util14CoordinateUtil12DegreesToRadEf
                0x0000a7e6        0xe util/CoordinateUtil.o
                0x0000a7e6                _ZN10helicopter4util14CoordinateUtil12DegreesToRadEf
 .text._ZN10helicopter4util14CoordinateUtil37CalculateECEFToLocalNEDRotationMatrixEffRA3_A3_f
                0x0000a7f4      0x15a util/CoordinateUtil.o
                0x0000a7f4                _ZN10helicopter4util14CoordinateUtil37CalculateECEFToLocalNEDRotationMatrixEffRA3_A3_f
 .text._ZN10helicopter4util14CoordinateUtil25ConvertFromECEFToLocalNEDEllllllPA3_fRfS4_S4_
                0x0000a94e      0x122 util/CoordinateUtil.o
                0x0000a94e                _ZN10helicopter4util14CoordinateUtil25ConvertFromECEFToLocalNEDEllllllPA3_fRfS4_S4_
 .text._ZN10helicopter4util10MatrixUtil12CrossProductEPfS2_RA3_f
                0x0000aa70      0x108 util/MatrixUtil.o
                0x0000aa70                _ZN10helicopter4util10MatrixUtil12CrossProductEPfS2_RA3_f
 .text._ZN10helicopter4util10MatrixUtil9NormalizeERA3_f
                0x0000ab78      0x12c util/MatrixUtil.o
                0x0000ab78                _ZN10helicopter4util10MatrixUtil9NormalizeERA3_f
 .text._ZN10helicopter4util10MatrixUtil20CreateRotationMatrixEfffRA3_A3_f
                0x0000aca4      0x296 util/MatrixUtil.o
                0x0000aca4                _ZN10helicopter4util10MatrixUtil20CreateRotationMatrixEfffRA3_A3_f
 .text._ZN10helicopter4util10MatrixUtil30CreateRotationMatrixTransposedEfffRA3_A3_f
                0x0000af3a      0x28e util/MatrixUtil.o
                0x0000af3a                _ZN10helicopter4util10MatrixUtil30CreateRotationMatrixTransposedEfffRA3_A3_f
 .text._ZN10helicopter4util10MatrixUtil12RotateMatrixEPA3_fPiRS2_
                0x0000b1c8       0xfe util/MatrixUtil.o
                0x0000b1c8                _ZN10helicopter4util10MatrixUtil12RotateMatrixEPA3_fPiRS2_
 .text._ZN10helicopter4util10MatrixUtil12RotateMatrixEPA3_fPfRS2_
                0x0000b2c6       0xca util/MatrixUtil.o
                0x0000b2c6                _ZN10helicopter4util10MatrixUtil12RotateMatrixEPA3_fPfRS2_
 .text._ZN10helicopter4util10MatrixUtil10DotProductEPfS2_
                0x0000b390       0x88 util/MatrixUtil.o
                0x0000b390                _ZN10helicopter4util10MatrixUtil10DotProductEPfS2_
 .text._ZN10helicopter4util5Timer11hasTimedoutEv
                0x0000b418       0x1c util/Timer.o
                0x0000b418                _ZN10helicopter4util5Timer11hasTimedoutEv
 .text._ZN10helicopter4util5Timer9stopTimerEv
                0x0000b434       0x1a util/Timer.o
                0x0000b434                _ZN10helicopter4util5Timer9stopTimerEv
 .text._ZN10helicopter4util5Timer10startTimerEv
                0x0000b44e       0xba util/Timer.o
                0x0000b44e                _ZN10helicopter4util5Timer10startTimerEv
 .text.__vector_21
                0x0000b508       0x2e util/Timer.o
                0x0000b508                __vector_21
 .text.avr-libc.fplib
                0x0000b536        0xa c:/program files (x86)/atmel/atmel toolchain/avr8 gcc/native/3.4.2.1002/avr8-gnu-toolchain/bin/../lib/gcc/avr/4.7.2/../../../../avr/lib/avr6\libm.a(addsf3.o)
                0x0000b536                __subsf3
                0x0000b538                __addsf3
 .text.avr-libc.fplib
                0x0000b540       0xc0 c:/program files (x86)/atmel/atmel toolchain/avr8 gcc/native/3.4.2.1002/avr8-gnu-toolchain/bin/../lib/gcc/avr/4.7.2/../../../../avr/lib/avr6\libm.a(addsf3x.o)
                0x0000b55a                __addsf3x
 .text.avr-libc.fplib
                0x0000b600       0x2e c:/program files (x86)/atmel/atmel toolchain/avr8 gcc/native/3.4.2.1002/avr8-gnu-toolchain/bin/../lib/gcc/avr/4.7.2/../../../../avr/lib/avr6\libm.a(asin.o)
                0x0000b600                asin
 .text.avr-libc.fplib
                0x0000b62e       0x74 c:/program files (x86)/atmel/atmel toolchain/avr8 gcc/native/3.4.2.1002/avr8-gnu-toolchain/bin/../lib/gcc/avr/4.7.2/../../../../avr/lib/avr6\libm.a(atan2.o)
                0x0000b64c                atan2
 .text.avr-libc.fplib
                0x0000b6a2       0x50 c:/program files (x86)/atmel/atmel toolchain/avr8 gcc/native/3.4.2.1002/avr8-gnu-toolchain/bin/../lib/gcc/avr/4.7.2/../../../../avr/lib/avr6\libm.a(atan.o)
                0x0000b6a2                atan
 .text.avr-libc.fplib
                0x0000b6f2        0x8 c:/program files (x86)/atmel/atmel toolchain/avr8 gcc/native/3.4.2.1002/avr8-gnu-toolchain/bin/../lib/gcc/avr/4.7.2/../../../../avr/lib/avr6\libm.a(cmpsf2.o)
                0x0000b6f2                __nesf2
                0x0000b6f2                __eqsf2
                0x0000b6f2                __cmpsf2
                0x0000b6f2                __ltsf2
                0x0000b6f2                __lesf2
 .text.avr-libc.fplib
                0x0000b6fa        0x6 c:/program files (x86)/atmel/atmel toolchain/avr8 gcc/native/3.4.2.1002/avr8-gnu-toolchain/bin/../lib/gcc/avr/4.7.2/../../../../avr/lib/avr6\libm.a(cos.o)
                0x0000b6fa                cos
 .text.avr-libc.fplib
                0x0000b700        0x4 c:/program files (x86)/atmel/atmel toolchain/avr8 gcc/native/3.4.2.1002/avr8-gnu-toolchain/bin/../lib/gcc/avr/4.7.2/../../../../avr/lib/avr6\libm.a(divsf3.o)
                0x0000b700                __divsf3
 .text.avr-libc.fplib
                0x0000b704       0xcc c:/program files (x86)/atmel/atmel toolchain/avr8 gcc/native/3.4.2.1002/avr8-gnu-toolchain/bin/../lib/gcc/avr/4.7.2/../../../../avr/lib/avr6\libm.a(divsf3x.o)
                0x0000b71a                __divsf3x
                0x0000b71e                __divsf3_pse
 .text.avr-libc.fplib
                0x0000b7d0        0xa c:/program files (x86)/atmel/atmel toolchain/avr8 gcc/native/3.4.2.1002/avr8-gnu-toolchain/bin/../lib/gcc/avr/4.7.2/../../../../avr/lib/avr6\libm.a(fixsfsi.o)
                0x0000b7d0                __fixsfsi
 .text.avr-libc.fplib
                0x0000b7da       0x58 c:/program files (x86)/atmel/atmel toolchain/avr8 gcc/native/3.4.2.1002/avr8-gnu-toolchain/bin/../lib/gcc/avr/4.7.2/../../../../avr/lib/avr6\libm.a(fixunssfsi.o)
                0x0000b7da                __fixunssfsi
 .text.avr-libc.fplib
                0x0000b832       0x7a c:/program files (x86)/atmel/atmel toolchain/avr8 gcc/native/3.4.2.1002/avr8-gnu-toolchain/bin/../lib/gcc/avr/4.7.2/../../../../avr/lib/avr6\libm.a(floatsisf.o)
                0x0000b832                __floatunsisf
                0x0000b836                __floatsisf
 .text.avr-libc.fplib
                0x0000b8ac       0x26 c:/program files (x86)/atmel/atmel toolchain/avr8 gcc/native/3.4.2.1002/avr8-gnu-toolchain/bin/../lib/gcc/avr/4.7.2/../../../../avr/lib/avr6\libm.a(floor.o)
                0x0000b8ac                floor
 .text.avr-libc.fplib
                0x0000b8d2       0x36 c:/program files (x86)/atmel/atmel toolchain/avr8 gcc/native/3.4.2.1002/avr8-gnu-toolchain/bin/../lib/gcc/avr/4.7.2/../../../../avr/lib/avr6\libm.a(fp_arccos.o)
                0x0000b8d2                __fp_arccos
 .text.avr-libc.fplib
                0x0000b908       0x48 c:/program files (x86)/atmel/atmel toolchain/avr8 gcc/native/3.4.2.1002/avr8-gnu-toolchain/bin/../lib/gcc/avr/4.7.2/../../../../avr/lib/avr6\libm.a(fp_cmp.o)
                0x0000b908                __fp_cmp
 .text.avr-libc.fplib
                0x0000b950        0xc c:/program files (x86)/atmel/atmel toolchain/avr8 gcc/native/3.4.2.1002/avr8-gnu-toolchain/bin/../lib/gcc/avr/4.7.2/../../../../avr/lib/avr6\libm.a(fp_inf.o)
                0x0000b950                __fp_inf
 .text.avr-libc.fplib
                0x0000b95c       0x36 c:/program files (x86)/atmel/atmel toolchain/avr8 gcc/native/3.4.2.1002/avr8-gnu-toolchain/bin/../lib/gcc/avr/4.7.2/../../../../avr/lib/avr6\libm.a(fp_mintl.o)
                0x0000b95c                __fp_mintl
 .text.avr-libc.fplib
                0x0000b992       0x1c c:/program files (x86)/atmel/atmel toolchain/avr8 gcc/native/3.4.2.1002/avr8-gnu-toolchain/bin/../lib/gcc/avr/4.7.2/../../../../avr/lib/avr6\libm.a(fp_mpack.o)
                0x0000b992                __fp_mpack
                0x0000b996                __fp_mpack_finite
 .text.avr-libc.fplib
                0x0000b9ae        0x6 c:/program files (x86)/atmel/atmel toolchain/avr8 gcc/native/3.4.2.1002/avr8-gnu-toolchain/bin/../lib/gcc/avr/4.7.2/../../../../avr/lib/avr6\libm.a(fp_nan.o)
                0x0000b9ae                __fp_nan
 .text.avr-libc.fplib
                0x0000b9b4       0x4a c:/program files (x86)/atmel/atmel toolchain/avr8 gcc/native/3.4.2.1002/avr8-gnu-toolchain/bin/../lib/gcc/avr/4.7.2/../../../../avr/lib/avr6\libm.a(fp_powser.o)
                0x0000b9b4                __fp_powser
 .text.avr-libc.fplib
                0x0000b9fe       0x22 c:/program files (x86)/atmel/atmel toolchain/avr8 gcc/native/3.4.2.1002/avr8-gnu-toolchain/bin/../lib/gcc/avr/4.7.2/../../../../avr/lib/avr6\libm.a(fp_powsodd.o)
                0x0000b9fe                __fp_powsodd
 .text.avr-libc.fplib
                0x0000ba20        0xe c:/program files (x86)/atmel/atmel toolchain/avr8 gcc/native/3.4.2.1002/avr8-gnu-toolchain/bin/../lib/gcc/avr/4.7.2/../../../../avr/lib/avr6\libm.a(fp_pscA.o)
                0x0000ba20                __fp_pscA
 .text.avr-libc.fplib
                0x0000ba2e        0xe c:/program files (x86)/atmel/atmel toolchain/avr8 gcc/native/3.4.2.1002/avr8-gnu-toolchain/bin/../lib/gcc/avr/4.7.2/../../../../avr/lib/avr6\libm.a(fp_pscB.o)
                0x0000ba2e                __fp_pscB
 .text.avr-libc.fplib
                0x0000ba3c       0x50 c:/program files (x86)/atmel/atmel toolchain/avr8 gcc/native/3.4.2.1002/avr8-gnu-toolchain/bin/../lib/gcc/avr/4.7.2/../../../../avr/lib/avr6\libm.a(fp_rempio2.o)
                0x0000ba3e                __fp_rempio2
 .text.avr-libc.fplib
                0x0000ba8c       0x22 c:/program files (x86)/atmel/atmel toolchain/avr8 gcc/native/3.4.2.1002/avr8-gnu-toolchain/bin/../lib/gcc/avr/4.7.2/../../../../avr/lib/avr6\libm.a(fp_round.o)
                0x0000ba8c                __fp_round
 .text.avr-libc.fplib
                0x0000baae       0x22 c:/program files (x86)/atmel/atmel toolchain/avr8 gcc/native/3.4.2.1002/avr8-gnu-toolchain/bin/../lib/gcc/avr/4.7.2/../../../../avr/lib/avr6\libm.a(fp_sinus.o)
                0x0000baae                __fp_sinus
 .text.avr-libc.fplib
                0x0000bad0       0x44 c:/program files (x86)/atmel/atmel toolchain/avr8 gcc/native/3.4.2.1002/avr8-gnu-toolchain/bin/../lib/gcc/avr/4.7.2/../../../../avr/lib/avr6\libm.a(fp_split3.o)
                0x0000bad0                __fp_split3
                0x0000bae0                __fp_splitA
 .text.avr-libc.fplib
                0x0000bb14       0x2e c:/program files (x86)/atmel/atmel toolchain/avr8 gcc/native/3.4.2.1002/avr8-gnu-toolchain/bin/../lib/gcc/avr/4.7.2/../../../../avr/lib/avr6\libm.a(fp_trunc.o)
                0x0000bb14                __fp_trunc
 .text.avr-libc.fplib
                0x0000bb42        0xe c:/program files (x86)/atmel/atmel toolchain/avr8 gcc/native/3.4.2.1002/avr8-gnu-toolchain/bin/../lib/gcc/avr/4.7.2/../../../../avr/lib/avr6\libm.a(fp_zero.o)
                0x0000bb42                __fp_zero
                0x0000bb44                __fp_szero
 .text.avr-libc.fplib
                0x0000bb50        0x8 c:/program files (x86)/atmel/atmel toolchain/avr8 gcc/native/3.4.2.1002/avr8-gnu-toolchain/bin/../lib/gcc/avr/4.7.2/../../../../avr/lib/avr6\libm.a(gesf2.o)
                0x0000bb50                __gesf2
                0x0000bb50                __gtsf2
 .text.avr-libc.fplib
                0x0000bb58        0xe c:/program files (x86)/atmel/atmel toolchain/avr8 gcc/native/3.4.2.1002/avr8-gnu-toolchain/bin/../lib/gcc/avr/4.7.2/../../../../avr/lib/avr6\libm.a(inverse.o)
                0x0000bb58                inverse
 .text.avr-libc.fplib
                0x0000bb66        0xc c:/program files (x86)/atmel/atmel toolchain/avr8 gcc/native/3.4.2.1002/avr8-gnu-toolchain/bin/../lib/gcc/avr/4.7.2/../../../../avr/lib/avr6\libm.a(log10.o)
                0x0000bb66                log10
 .text.avr-libc.fplib
                0x0000bb72       0x8a c:/program files (x86)/atmel/atmel toolchain/avr8 gcc/native/3.4.2.1002/avr8-gnu-toolchain/bin/../lib/gcc/avr/4.7.2/../../../../avr/lib/avr6\libm.a(log.o)
                0x0000bb7c                log
 .text.avr-libc.fplib
                0x0000bbfc        0x4 c:/program files (x86)/atmel/atmel toolchain/avr8 gcc/native/3.4.2.1002/avr8-gnu-toolchain/bin/../lib/gcc/avr/4.7.2/../../../../avr/lib/avr6\libm.a(mulsf3.o)
                0x0000bbfc                __mulsf3
 .text.avr-libc.fplib
                0x0000bc00       0xc2 c:/program files (x86)/atmel/atmel toolchain/avr8 gcc/native/3.4.2.1002/avr8-gnu-toolchain/bin/../lib/gcc/avr/4.7.2/../../../../avr/lib/avr6\libm.a(mulsf3x.o)
                0x0000bc14                __mulsf3x
                0x0000bc18                __mulsf3_pse
 .text.avr-libc.fplib
                0x0000bcc2       0x98 c:/program files (x86)/atmel/atmel toolchain/avr8 gcc/native/3.4.2.1002/avr8-gnu-toolchain/bin/../lib/gcc/avr/4.7.2/../../../../avr/lib/avr6\libm.a(pow.o)
                0x0000bcc2                pow
 .text.avr-libc.fplib
                0x0000bd5a        0xc c:/program files (x86)/atmel/atmel toolchain/avr8 gcc/native/3.4.2.1002/avr8-gnu-toolchain/bin/../lib/gcc/avr/4.7.2/../../../../avr/lib/avr6\libm.a(sin.o)
                0x0000bd5a                sin
 .text.avr-libc.fplib
                0x0000bd66       0x84 c:/program files (x86)/atmel/atmel toolchain/avr8 gcc/native/3.4.2.1002/avr8-gnu-toolchain/bin/../lib/gcc/avr/4.7.2/../../../../avr/lib/avr6\libm.a(sqrt.o)
                0x0000bd6e                sqrt
 .text.avr-libc.fplib
                0x0000bdea        0x6 c:/program files (x86)/atmel/atmel toolchain/avr8 gcc/native/3.4.2.1002/avr8-gnu-toolchain/bin/../lib/gcc/avr/4.7.2/../../../../avr/lib/avr6\libm.a(square.o)
                0x0000bdea                square
 .text.avr-libc.fplib
                0x0000bdf0       0x62 c:/program files (x86)/atmel/atmel toolchain/avr8 gcc/native/3.4.2.1002/avr8-gnu-toolchain/bin/../lib/gcc/avr/4.7.2/../../../../avr/lib/avr6\libm.a(exp.o)
                0x0000bdfa                exp
 .text.avr-libc.fplib
                0x0000be52        0xe c:/program files (x86)/atmel/atmel toolchain/avr8 gcc/native/3.4.2.1002/avr8-gnu-toolchain/bin/../lib/gcc/avr/4.7.2/../../../../avr/lib/avr6\libm.a(fp_norm2.o)
                0x0000be52                __fp_norm2
 .text.avr-libc.fplib
                0x0000be60       0x6c c:/program files (x86)/atmel/atmel toolchain/avr8 gcc/native/3.4.2.1002/avr8-gnu-toolchain/bin/../lib/gcc/avr/4.7.2/../../../../avr/lib/avr6\libm.a(ldexp.o)
                0x0000be64                ldexp
 .text.avr-libc.fplib
                0x0000becc       0x66 c:/program files (x86)/atmel/atmel toolchain/avr8 gcc/native/3.4.2.1002/avr8-gnu-toolchain/bin/../lib/gcc/avr/4.7.2/../../../../avr/lib/avr6\libm.a(modf.o)
                0x0000becc                modf
                0x0000becc                modff
 .text.libgcc.div
                0x0000bf32       0x28 c:/program files (x86)/atmel/atmel toolchain/avr8 gcc/native/3.4.2.1002/avr8-gnu-toolchain/bin/../lib/gcc/avr/4.7.2/avr6\libgcc.a(_divmodhi4.o)
                0x0000bf32                _div
                0x0000bf32                __divmodhi4
 .text.libgcc.div
                0x0000bf5a       0x44 c:/program files (x86)/atmel/atmel toolchain/avr8 gcc/native/3.4.2.1002/avr8-gnu-toolchain/bin/../lib/gcc/avr/4.7.2/avr6\libgcc.a(_udivmodsi4.o)
                0x0000bf5a                __udivmodsi4
 .text.libgcc.mul
                0x0000bf9e       0xae c:/program files (x86)/atmel/atmel toolchain/avr8 gcc/native/3.4.2.1002/avr8-gnu-toolchain/bin/../lib/gcc/avr/4.7.2/avr6\libgcc.a(_muldi3.o)
                0x0000bf9e                __muldi3
 .text.libgcc.builtins
                0x0000c04c       0x1e c:/program files (x86)/atmel/atmel toolchain/avr8 gcc/native/3.4.2.1002/avr8-gnu-toolchain/bin/../lib/gcc/avr/4.7.2/avr6\libgcc.a(_ashldi3.o)
                0x0000c04c                __ashldi3
 .text.libgcc.builtins
                0x0000c06a       0x1e c:/program files (x86)/atmel/atmel toolchain/avr8 gcc/native/3.4.2.1002/avr8-gnu-toolchain/bin/../lib/gcc/avr/4.7.2/avr6\libgcc.a(_ashrdi3.o)
                0x0000c06a                __ashrdi3
 .text.libgcc   0x0000c088       0x12 c:/program files (x86)/atmel/atmel toolchain/avr8 gcc/native/3.4.2.1002/avr8-gnu-toolchain/bin/../lib/gcc/avr/4.7.2/avr6\libgcc.a(_adddi3.o)
                0x0000c088                __adddi3
 .text.libgcc   0x0000c09a       0x12 c:/program files (x86)/atmel/atmel toolchain/avr8 gcc/native/3.4.2.1002/avr8-gnu-toolchain/bin/../lib/gcc/avr/4.7.2/avr6\libgcc.a(_subdi3.o)
                0x0000c09a                __subdi3
 .text.libgcc.div
                0x0000c0ac       0x28 c:/program files (x86)/atmel/atmel toolchain/avr8 gcc/native/3.4.2.1002/avr8-gnu-toolchain/bin/../lib/gcc/avr/4.7.2/avr6\libgcc.a(_udivmodhi4.o)
                0x0000c0ac                __udivmodhi4
 .text.libgcc.mul
                0x0000c0d4       0x18 c:/program files (x86)/atmel/atmel toolchain/avr8 gcc/native/3.4.2.1002/avr8-gnu-toolchain/bin/../lib/gcc/avr/4.7.2/avr6\libgcc.a(_umulhisi3.o)
                0x0000c0d4                __umulhisi3
 .text.avr-libc
                0x0000c0ec      0x274 c:/program files (x86)/atmel/atmel toolchain/avr8 gcc/native/3.4.2.1002/avr8-gnu-toolchain/bin/../lib/gcc/avr/4.7.2/../../../../avr/lib/avr6\libc.a(malloc.o)
                0x0000c0ec                malloc
                0x0000c222                free
 .text.avr-libc
                0x0000c360       0x12 c:/program files (x86)/atmel/atmel toolchain/avr8 gcc/native/3.4.2.1002/avr8-gnu-toolchain/bin/../lib/gcc/avr/4.7.2/../../../../avr/lib/avr6\libc.a(memcpy.o)
                0x0000c360                memcpy
                0x0000c372                . = ALIGN (0x2)
 *(.fini9)
 .fini9         0x0000c372        0x0 c:/program files (x86)/atmel/atmel toolchain/avr8 gcc/native/3.4.2.1002/avr8-gnu-toolchain/bin/../lib/gcc/avr/4.7.2/avr6\libgcc.a(_exit.o)
                0x0000c372                _exit
                0x0000c372                exit
 *(.fini9)
 *(.fini8)
 *(.fini8)
 *(.fini7)
 *(.fini7)
 *(.fini6)
 *(.fini6)
 *(.fini5)
 *(.fini5)
 *(.fini4)
 *(.fini4)
 *(.fini3)
 *(.fini3)
 *(.fini2)
 *(.fini2)
 *(.fini1)
 *(.fini1)
 *(.fini0)
 .fini0         0x0000c372        0x4 c:/program files (x86)/atmel/atmel toolchain/avr8 gcc/native/3.4.2.1002/avr8-gnu-toolchain/bin/../lib/gcc/avr/4.7.2/avr6\libgcc.a(_exit.o)
 *(.fini0)
                0x0000c376                _etext = .

.data           0x00800200      0x16c load address 0x0000c376
                0x00800200                PROVIDE (__data_start, .)
 *(.data)
 .data          0x00800200        0x0 c:/program files (x86)/atmel/atmel toolchain/avr8 gcc/native/3.4.2.1002/avr8-gnu-toolchain/bin/../lib/gcc/avr/4.7.2/../../../../avr/lib/avr6/crtm2560.o
 .data          0x00800200        0x0 buffer/Buffer.o
 .data          0x00800200        0x0 buffer/Record.o
 .data          0x00800200        0x0 controller/PIDController.o
 .data          0x00800200        0x0 drivers/SerialDriver.o
 .data          0x00800200        0x0 drivers/SPIDriver.o
 .data          0x00800200        0x0 drivers/TWIDriver.o
 .data          0x00800200        0x0 HelicopterMain.o
 .data          0x00800200        0x0 interfaces/GroundControlStationInterface.o
 .data          0x00800200        0x0 interfaces/RadioControllerInterface.o
 .data          0x00800200        0x0 messages/ControlMessage.o
 .data          0x00800200        0x0 messages/Message.o
 .data          0x00800200        0x0 messages/SensorDataMessage.o
 .data          0x00800200        0x0 messages/SimpleTelemetryMessage.o
 .data          0x00800200        0x0 messages/SyncMessage.o
 .data          0x00800200        0x0 messages/SystemTelemetryMessage.o
 .data          0x00800200        0x0 model/SystemModel.o
 .data          0x00800200        0x0 navigation/AHRS.o
 .data          0x00800200        0x0 scheduler/Scheduler.o
 .data          0x00800200        0x0 sensors/BarometerSensor.o
 .data          0x00800200        0x0 sensors/GPSSensor.o
 .data          0x00800200        0x0 sensors/IMUSensor.o
 .data          0x00800200        0x0 sensors/MagnetometerSensor.o
 .data          0x00800200        0x0 tasks/NavigationTask.o
 .data          0x00800200        0x0 tasks/PIDInnerLoopTask.o
 .data          0x00800200        0x0 tasks/PIDOuterLoopTask.o
 .data          0x00800200        0x0 tasks/ReadBarometerSensorTask.o
 .data          0x00800200        0x0 tasks/ReadGPSSensorTask.o
 .data          0x00800200        0x0 tasks/ReadIMUSensorTask.o
 .data          0x00800200        0x0 tasks/ReadMagnetometerSensorTask.o
 .data          0x00800200        0x0 tasks/ServoControlTask.o
 .data          0x00800200        0x0 tasks/SimTelemetryTask.o
 .data          0x00800200        0x0 tasks/Task.o
 .data          0x00800200        0x0 tasks/TransmitTelemetryTask.o
 .data          0x00800200        0x0 util/CommonHeader.o
 .data          0x00800200        0x0 util/CoordinateUtil.o
 .data          0x00800200        0x0 util/MatrixUtil.o
 .data          0x00800200        0x0 util/Timer.o
 .data          0x00800200        0x0 c:/program files (x86)/atmel/atmel toolchain/avr8 gcc/native/3.4.2.1002/avr8-gnu-toolchain/bin/../lib/gcc/avr/4.7.2/../../../../avr/lib/avr6\libm.a(addsf3.o)
 .data          0x00800200        0x0 c:/program files (x86)/atmel/atmel toolchain/avr8 gcc/native/3.4.2.1002/avr8-gnu-toolchain/bin/../lib/gcc/avr/4.7.2/../../../../avr/lib/avr6\libm.a(addsf3x.o)
 .data          0x00800200        0x0 c:/program files (x86)/atmel/atmel toolchain/avr8 gcc/native/3.4.2.1002/avr8-gnu-toolchain/bin/../lib/gcc/avr/4.7.2/../../../../avr/lib/avr6\libm.a(asin.o)
 .data          0x00800200        0x0 c:/program files (x86)/atmel/atmel toolchain/avr8 gcc/native/3.4.2.1002/avr8-gnu-toolchain/bin/../lib/gcc/avr/4.7.2/../../../../avr/lib/avr6\libm.a(atan2.o)
 .data          0x00800200        0x0 c:/program files (x86)/atmel/atmel toolchain/avr8 gcc/native/3.4.2.1002/avr8-gnu-toolchain/bin/../lib/gcc/avr/4.7.2/../../../../avr/lib/avr6\libm.a(atan.o)
 .data          0x00800200        0x0 c:/program files (x86)/atmel/atmel toolchain/avr8 gcc/native/3.4.2.1002/avr8-gnu-toolchain/bin/../lib/gcc/avr/4.7.2/../../../../avr/lib/avr6\libm.a(cmpsf2.o)
 .data          0x00800200        0x0 c:/program files (x86)/atmel/atmel toolchain/avr8 gcc/native/3.4.2.1002/avr8-gnu-toolchain/bin/../lib/gcc/avr/4.7.2/../../../../avr/lib/avr6\libm.a(cos.o)
 .data          0x00800200        0x0 c:/program files (x86)/atmel/atmel toolchain/avr8 gcc/native/3.4.2.1002/avr8-gnu-toolchain/bin/../lib/gcc/avr/4.7.2/../../../../avr/lib/avr6\libm.a(divsf3.o)
 .data          0x00800200        0x0 c:/program files (x86)/atmel/atmel toolchain/avr8 gcc/native/3.4.2.1002/avr8-gnu-toolchain/bin/../lib/gcc/avr/4.7.2/../../../../avr/lib/avr6\libm.a(divsf3x.o)
 .data          0x00800200        0x0 c:/program files (x86)/atmel/atmel toolchain/avr8 gcc/native/3.4.2.1002/avr8-gnu-toolchain/bin/../lib/gcc/avr/4.7.2/../../../../avr/lib/avr6\libm.a(fixsfsi.o)
 .data          0x00800200        0x0 c:/program files (x86)/atmel/atmel toolchain/avr8 gcc/native/3.4.2.1002/avr8-gnu-toolchain/bin/../lib/gcc/avr/4.7.2/../../../../avr/lib/avr6\libm.a(fixunssfsi.o)
 .data          0x00800200        0x0 c:/program files (x86)/atmel/atmel toolchain/avr8 gcc/native/3.4.2.1002/avr8-gnu-toolchain/bin/../lib/gcc/avr/4.7.2/../../../../avr/lib/avr6\libm.a(floatsisf.o)
 .data          0x00800200        0x0 c:/program files (x86)/atmel/atmel toolchain/avr8 gcc/native/3.4.2.1002/avr8-gnu-toolchain/bin/../lib/gcc/avr/4.7.2/../../../../avr/lib/avr6\libm.a(floor.o)
 .data          0x00800200        0x0 c:/program files (x86)/atmel/atmel toolchain/avr8 gcc/native/3.4.2.1002/avr8-gnu-toolchain/bin/../lib/gcc/avr/4.7.2/../../../../avr/lib/avr6\libm.a(fp_arccos.o)
 .data          0x00800200        0x0 c:/program files (x86)/atmel/atmel toolchain/avr8 gcc/native/3.4.2.1002/avr8-gnu-toolchain/bin/../lib/gcc/avr/4.7.2/../../../../avr/lib/avr6\libm.a(fp_cmp.o)
 .data          0x00800200        0x0 c:/program files (x86)/atmel/atmel toolchain/avr8 gcc/native/3.4.2.1002/avr8-gnu-toolchain/bin/../lib/gcc/avr/4.7.2/../../../../avr/lib/avr6\libm.a(fp_inf.o)
 .data          0x00800200        0x0 c:/program files (x86)/atmel/atmel toolchain/avr8 gcc/native/3.4.2.1002/avr8-gnu-toolchain/bin/../lib/gcc/avr/4.7.2/../../../../avr/lib/avr6\libm.a(fp_mintl.o)
 .data          0x00800200        0x0 c:/program files (x86)/atmel/atmel toolchain/avr8 gcc/native/3.4.2.1002/avr8-gnu-toolchain/bin/../lib/gcc/avr/4.7.2/../../../../avr/lib/avr6\libm.a(fp_mpack.o)
 .data          0x00800200        0x0 c:/program files (x86)/atmel/atmel toolchain/avr8 gcc/native/3.4.2.1002/avr8-gnu-toolchain/bin/../lib/gcc/avr/4.7.2/../../../../avr/lib/avr6\libm.a(fp_nan.o)
 .data          0x00800200        0x0 c:/program files (x86)/atmel/atmel toolchain/avr8 gcc/native/3.4.2.1002/avr8-gnu-toolchain/bin/../lib/gcc/avr/4.7.2/../../../../avr/lib/avr6\libm.a(fp_powser.o)
 .data          0x00800200        0x0 c:/program files (x86)/atmel/atmel toolchain/avr8 gcc/native/3.4.2.1002/avr8-gnu-toolchain/bin/../lib/gcc/avr/4.7.2/../../../../avr/lib/avr6\libm.a(fp_powsodd.o)
 .data          0x00800200        0x0 c:/program files (x86)/atmel/atmel toolchain/avr8 gcc/native/3.4.2.1002/avr8-gnu-toolchain/bin/../lib/gcc/avr/4.7.2/../../../../avr/lib/avr6\libm.a(fp_pscA.o)
 .data          0x00800200        0x0 c:/program files (x86)/atmel/atmel toolchain/avr8 gcc/native/3.4.2.1002/avr8-gnu-toolchain/bin/../lib/gcc/avr/4.7.2/../../../../avr/lib/avr6\libm.a(fp_pscB.o)
 .data          0x00800200        0x0 c:/program files (x86)/atmel/atmel toolchain/avr8 gcc/native/3.4.2.1002/avr8-gnu-toolchain/bin/../lib/gcc/avr/4.7.2/../../../../avr/lib/avr6\libm.a(fp_rempio2.o)
 .data          0x00800200        0x0 c:/program files (x86)/atmel/atmel toolchain/avr8 gcc/native/3.4.2.1002/avr8-gnu-toolchain/bin/../lib/gcc/avr/4.7.2/../../../../avr/lib/avr6\libm.a(fp_round.o)
 .data          0x00800200        0x0 c:/program files (x86)/atmel/atmel toolchain/avr8 gcc/native/3.4.2.1002/avr8-gnu-toolchain/bin/../lib/gcc/avr/4.7.2/../../../../avr/lib/avr6\libm.a(fp_sinus.o)
 .data          0x00800200        0x0 c:/program files (x86)/atmel/atmel toolchain/avr8 gcc/native/3.4.2.1002/avr8-gnu-toolchain/bin/../lib/gcc/avr/4.7.2/../../../../avr/lib/avr6\libm.a(fp_split3.o)
 .data          0x00800200        0x0 c:/program files (x86)/atmel/atmel toolchain/avr8 gcc/native/3.4.2.1002/avr8-gnu-toolchain/bin/../lib/gcc/avr/4.7.2/../../../../avr/lib/avr6\libm.a(fp_trunc.o)
 .data          0x00800200        0x0 c:/program files (x86)/atmel/atmel toolchain/avr8 gcc/native/3.4.2.1002/avr8-gnu-toolchain/bin/../lib/gcc/avr/4.7.2/../../../../avr/lib/avr6\libm.a(fp_zero.o)
 .data          0x00800200        0x0 c:/program files (x86)/atmel/atmel toolchain/avr8 gcc/native/3.4.2.1002/avr8-gnu-toolchain/bin/../lib/gcc/avr/4.7.2/../../../../avr/lib/avr6\libm.a(gesf2.o)
 .data          0x00800200        0x0 c:/program files (x86)/atmel/atmel toolchain/avr8 gcc/native/3.4.2.1002/avr8-gnu-toolchain/bin/../lib/gcc/avr/4.7.2/../../../../avr/lib/avr6\libm.a(inverse.o)
 .data          0x00800200        0x0 c:/program files (x86)/atmel/atmel toolchain/avr8 gcc/native/3.4.2.1002/avr8-gnu-toolchain/bin/../lib/gcc/avr/4.7.2/../../../../avr/lib/avr6\libm.a(log10.o)
 .data          0x00800200        0x0 c:/program files (x86)/atmel/atmel toolchain/avr8 gcc/native/3.4.2.1002/avr8-gnu-toolchain/bin/../lib/gcc/avr/4.7.2/../../../../avr/lib/avr6\libm.a(log.o)
 .data          0x00800200        0x0 c:/program files (x86)/atmel/atmel toolchain/avr8 gcc/native/3.4.2.1002/avr8-gnu-toolchain/bin/../lib/gcc/avr/4.7.2/../../../../avr/lib/avr6\libm.a(mulsf3.o)
 .data          0x00800200        0x0 c:/program files (x86)/atmel/atmel toolchain/avr8 gcc/native/3.4.2.1002/avr8-gnu-toolchain/bin/../lib/gcc/avr/4.7.2/../../../../avr/lib/avr6\libm.a(mulsf3x.o)
 .data          0x00800200        0x0 c:/program files (x86)/atmel/atmel toolchain/avr8 gcc/native/3.4.2.1002/avr8-gnu-toolchain/bin/../lib/gcc/avr/4.7.2/../../../../avr/lib/avr6\libm.a(pow.o)
 .data          0x00800200        0x0 c:/program files (x86)/atmel/atmel toolchain/avr8 gcc/native/3.4.2.1002/avr8-gnu-toolchain/bin/../lib/gcc/avr/4.7.2/../../../../avr/lib/avr6\libm.a(sin.o)
 .data          0x00800200        0x0 c:/program files (x86)/atmel/atmel toolchain/avr8 gcc/native/3.4.2.1002/avr8-gnu-toolchain/bin/../lib/gcc/avr/4.7.2/../../../../avr/lib/avr6\libm.a(sqrt.o)
 .data          0x00800200        0x0 c:/program files (x86)/atmel/atmel toolchain/avr8 gcc/native/3.4.2.1002/avr8-gnu-toolchain/bin/../lib/gcc/avr/4.7.2/../../../../avr/lib/avr6\libm.a(square.o)
 .data          0x00800200        0x0 c:/program files (x86)/atmel/atmel toolchain/avr8 gcc/native/3.4.2.1002/avr8-gnu-toolchain/bin/../lib/gcc/avr/4.7.2/../../../../avr/lib/avr6\libm.a(exp.o)
 .data          0x00800200        0x0 c:/program files (x86)/atmel/atmel toolchain/avr8 gcc/native/3.4.2.1002/avr8-gnu-toolchain/bin/../lib/gcc/avr/4.7.2/../../../../avr/lib/avr6\libm.a(fp_norm2.o)
 .data          0x00800200        0x0 c:/program files (x86)/atmel/atmel toolchain/avr8 gcc/native/3.4.2.1002/avr8-gnu-toolchain/bin/../lib/gcc/avr/4.7.2/../../../../avr/lib/avr6\libm.a(ldexp.o)
 .data          0x00800200        0x0 c:/program files (x86)/atmel/atmel toolchain/avr8 gcc/native/3.4.2.1002/avr8-gnu-toolchain/bin/../lib/gcc/avr/4.7.2/../../../../avr/lib/avr6\libm.a(modf.o)
 .data          0x00800200        0x0 c:/program files (x86)/atmel/atmel toolchain/avr8 gcc/native/3.4.2.1002/avr8-gnu-toolchain/bin/../lib/gcc/avr/4.7.2/avr6\libgcc.a(_divmodhi4.o)
 .data          0x00800200        0x0 c:/program files (x86)/atmel/atmel toolchain/avr8 gcc/native/3.4.2.1002/avr8-gnu-toolchain/bin/../lib/gcc/avr/4.7.2/avr6\libgcc.a(_udivmodsi4.o)
 .data          0x00800200        0x0 c:/program files (x86)/atmel/atmel toolchain/avr8 gcc/native/3.4.2.1002/avr8-gnu-toolchain/bin/../lib/gcc/avr/4.7.2/avr6\libgcc.a(_exit.o)
 .data          0x00800200        0x0 c:/program files (x86)/atmel/atmel toolchain/avr8 gcc/native/3.4.2.1002/avr8-gnu-toolchain/bin/../lib/gcc/avr/4.7.2/avr6\libgcc.a(_copy_data.o)
 .data          0x00800200        0x0 c:/program files (x86)/atmel/atmel toolchain/avr8 gcc/native/3.4.2.1002/avr8-gnu-toolchain/bin/../lib/gcc/avr/4.7.2/avr6\libgcc.a(_clear_bss.o)
 .data          0x00800200        0x0 c:/program files (x86)/atmel/atmel toolchain/avr8 gcc/native/3.4.2.1002/avr8-gnu-toolchain/bin/../lib/gcc/avr/4.7.2/avr6\libgcc.a(_muldi3.o)
 .data          0x00800200        0x0 c:/program files (x86)/atmel/atmel toolchain/avr8 gcc/native/3.4.2.1002/avr8-gnu-toolchain/bin/../lib/gcc/avr/4.7.2/avr6\libgcc.a(_ashldi3.o)
 .data          0x00800200        0x0 c:/program files (x86)/atmel/atmel toolchain/avr8 gcc/native/3.4.2.1002/avr8-gnu-toolchain/bin/../lib/gcc/avr/4.7.2/avr6\libgcc.a(_ashrdi3.o)
 .data          0x00800200        0x0 c:/program files (x86)/atmel/atmel toolchain/avr8 gcc/native/3.4.2.1002/avr8-gnu-toolchain/bin/../lib/gcc/avr/4.7.2/avr6\libgcc.a(_adddi3.o)
 .data          0x00800200        0x0 c:/program files (x86)/atmel/atmel toolchain/avr8 gcc/native/3.4.2.1002/avr8-gnu-toolchain/bin/../lib/gcc/avr/4.7.2/avr6\libgcc.a(_subdi3.o)
 .data          0x00800200        0x0 c:/program files (x86)/atmel/atmel toolchain/avr8 gcc/native/3.4.2.1002/avr8-gnu-toolchain/bin/../lib/gcc/avr/4.7.2/avr6\libgcc.a(_udivmodhi4.o)
 .data          0x00800200        0x0 c:/program files (x86)/atmel/atmel toolchain/avr8 gcc/native/3.4.2.1002/avr8-gnu-toolchain/bin/../lib/gcc/avr/4.7.2/avr6\libgcc.a(_umulhisi3.o)
 .data          0x00800200        0x6 c:/program files (x86)/atmel/atmel toolchain/avr8 gcc/native/3.4.2.1002/avr8-gnu-toolchain/bin/../lib/gcc/avr/4.7.2/../../../../avr/lib/avr6\libc.a(malloc.o)
                0x00800200                __malloc_heap_end
                0x00800202                __malloc_heap_start
                0x00800204                __malloc_margin
 .data          0x00800206        0x0 c:/program files (x86)/atmel/atmel toolchain/avr8 gcc/native/3.4.2.1002/avr8-gnu-toolchain/bin/../lib/gcc/avr/4.7.2/../../../../avr/lib/avr6\libc.a(memcpy.o)
 *(.data*)
 *(.rodata)
 *(.rodata*)
 .rodata._ZTVN10helicopter7drivers12SerialDriverE
                0x00800206       0x18 drivers/SerialDriver.o
                0x00800206                _ZTVN10helicopter7drivers12SerialDriverE
 .rodata._ZTVN10helicopter5tasks12FlashLEDTaskE
                0x0080021e        0xe HelicopterMain.o
                0x0080021e                _ZTVN10helicopter5tasks12FlashLEDTaskE
 .rodata._ZTVN10helicopter8messages14ControlMessageE
                0x0080022c        0xc messages/ControlMessage.o
                0x0080022c                _ZTVN10helicopter8messages14ControlMessageE
 .rodata._ZTVN10helicopter8messages7MessageE
                0x00800238        0xc messages/Message.o
                0x00800238                _ZTVN10helicopter8messages7MessageE
 .rodata._ZTVN10helicopter8messages17SensorDataMessageE
                0x00800244        0xc messages/SensorDataMessage.o
                0x00800244                _ZTVN10helicopter8messages17SensorDataMessageE
 .rodata._ZTVN10helicopter8messages22SimpleTelemetryMessageE
                0x00800250        0xc messages/SimpleTelemetryMessage.o
                0x00800250                _ZTVN10helicopter8messages22SimpleTelemetryMessageE
 .rodata._ZTVN10helicopter8messages11SyncMessageE
                0x0080025c        0xc messages/SyncMessage.o
                0x0080025c                _ZTVN10helicopter8messages11SyncMessageE
 .rodata._ZTVN10helicopter8messages22SystemTelemetryMessageE
                0x00800268        0xc messages/SystemTelemetryMessage.o
                0x00800268                _ZTVN10helicopter8messages22SystemTelemetryMessageE
 .rodata._ZN10helicopter7sensors9GPSSensor7CFG_RSTE
                0x00800274        0xc sensors/GPSSensor.o
                0x00800274                _ZN10helicopter7sensors9GPSSensor7CFG_RSTE
 .rodata._ZN10helicopter7sensors9GPSSensor8CFG_RATEE
                0x00800280        0xe sensors/GPSSensor.o
                0x00800280                _ZN10helicopter7sensors9GPSSensor8CFG_RATEE
 .rodata._ZN10helicopter7sensors9GPSSensor7CFG_PRTE
                0x0080028e       0x1c sensors/GPSSensor.o
                0x0080028e                _ZN10helicopter7sensors9GPSSensor7CFG_PRTE
 .rodata._ZN10helicopter7sensors9GPSSensor27CFG_MSG_CONFIG_PERIODIC_SOLE
                0x008002aa       0x10 sensors/GPSSensor.o
                0x008002aa                _ZN10helicopter7sensors9GPSSensor27CFG_MSG_CONFIG_PERIODIC_SOLE
 .rodata._ZN10helicopter7sensors9GPSSensor18NAV_STATUS_POLLMSGE
                0x008002ba        0x8 sensors/GPSSensor.o
                0x008002ba                _ZN10helicopter7sensors9GPSSensor18NAV_STATUS_POLLMSGE
 .rodata._ZN10helicopter7sensors9GPSSensor15NAV_SOL_POLLMSGE
                0x008002c2        0x8 sensors/GPSSensor.o
                0x008002c2                _ZN10helicopter7sensors9GPSSensor15NAV_SOL_POLLMSGE
 .rodata._ZN10helicopter7sensors9GPSSensor18NAV_POSLLH_POLLMSGE
                0x008002ca        0x8 sensors/GPSSensor.o
                0x008002ca                _ZN10helicopter7sensors9GPSSensor18NAV_POSLLH_POLLMSGE
 .rodata._ZTVN10helicopter5tasks14NavigationTaskE
                0x008002d2        0xe tasks/NavigationTask.o
                0x008002d2                _ZTVN10helicopter5tasks14NavigationTaskE
 .rodata._ZTVN10helicopter5tasks16PIDInnerLoopTaskE
                0x008002e0        0xe tasks/PIDInnerLoopTask.o
                0x008002e0                _ZTVN10helicopter5tasks16PIDInnerLoopTaskE
 .rodata._ZTVN10helicopter5tasks16PIDOuterLoopTaskE
                0x008002ee        0xe tasks/PIDOuterLoopTask.o
                0x008002ee                _ZTVN10helicopter5tasks16PIDOuterLoopTaskE
 .rodata._ZTVN10helicopter5tasks23ReadBarometerSensorTaskE
                0x008002fc        0xe tasks/ReadBarometerSensorTask.o
                0x008002fc                _ZTVN10helicopter5tasks23ReadBarometerSensorTaskE
 .rodata._ZTVN10helicopter5tasks17ReadGPSSensorTaskE
                0x0080030a        0xe tasks/ReadGPSSensorTask.o
                0x0080030a                _ZTVN10helicopter5tasks17ReadGPSSensorTaskE
 .rodata._ZTVN10helicopter5tasks17ReadIMUSensorTaskE
                0x00800318        0xe tasks/ReadIMUSensorTask.o
                0x00800318                _ZTVN10helicopter5tasks17ReadIMUSensorTaskE
 .rodata._ZTVN10helicopter5tasks26ReadMagnetometerSensorTaskE
                0x00800326        0xe tasks/ReadMagnetometerSensorTask.o
                0x00800326                _ZTVN10helicopter5tasks26ReadMagnetometerSensorTaskE
 .rodata._ZTVN10helicopter5tasks16ServoControlTaskE
                0x00800334        0xe tasks/ServoControlTask.o
                0x00800334                _ZTVN10helicopter5tasks16ServoControlTaskE
 .rodata._ZTVN10helicopter5tasks16SimTelemetryTaskE
                0x00800342        0xe tasks/SimTelemetryTask.o
                0x00800342                _ZTVN10helicopter5tasks16SimTelemetryTaskE
 .rodata._ZTVN10helicopter5tasks4TaskE
                0x00800350        0xe tasks/Task.o
                0x00800350                _ZTVN10helicopter5tasks4TaskE
 .rodata._ZTVN10helicopter5tasks21TransmitTelemetryTaskE
                0x0080035e        0xe tasks/TransmitTelemetryTask.o
                0x0080035e                _ZTVN10helicopter5tasks21TransmitTelemetryTaskE
 *(.gnu.linkonce.d*)
                0x0080036c                . = ALIGN (0x2)
                0x0080036c                _edata = .
                0x0080036c                PROVIDE (__data_end, .)

.bss            0x0080036c       0x49
                0x0080036c                PROVIDE (__bss_start, .)
 *(.bss)
 *(.bss*)
 .bss._ZN10helicopter10interfaces24RadioControllerInterface24radioControllerInterfaceE
                0x0080036c        0x2 interfaces/RadioControllerInterface.o
                0x0080036c                _ZN10helicopter10interfaces24RadioControllerInterface24radioControllerInterfaceE
 .bss._ZN10helicopter9scheduler9Scheduler9schedulerE
                0x0080036e        0x2 scheduler/Scheduler.o
                0x0080036e                _ZN10helicopter9scheduler9Scheduler9schedulerE
 .bss._ZN10helicopter7sensors9GPSSensor17navSolMsgReceivedE
                0x00800370        0x1 sensors/GPSSensor.o
                0x00800370                _ZN10helicopter7sensors9GPSSensor17navSolMsgReceivedE
 .bss._ZN10helicopter7sensors9GPSSensor19navSolBufferCounterE
                0x00800371        0x2 sensors/GPSSensor.o
                0x00800371                _ZN10helicopter7sensors9GPSSensor19navSolBufferCounterE
 .bss._ZN10helicopter7sensors9GPSSensor15navSolMsgBufferE
                0x00800373       0x3c sensors/GPSSensor.o
                0x00800373                _ZN10helicopter7sensors9GPSSensor15navSolMsgBufferE
 .bss._ZN10helicopter4util5Timer14timeoutCounterE
                0x008003af        0x2 util/Timer.o
                0x008003af                _ZN10helicopter4util5Timer14timeoutCounterE
 *(COMMON)
 COMMON         0x008003b1        0x4 c:/program files (x86)/atmel/atmel toolchain/avr8 gcc/native/3.4.2.1002/avr8-gnu-toolchain/bin/../lib/gcc/avr/4.7.2/../../../../avr/lib/avr6\libc.a(malloc.o)
                0x008003b1                __brkval
                0x008003b3                __flp
                0x008003b5                PROVIDE (__bss_end, .)
                0x0000c376                __data_load_start = LOADADDR (.data)
                0x0000c4e2                __data_load_end = (__data_load_start + SIZEOF (.data))

.noinit         0x008003b5        0x0
                0x008003b5                PROVIDE (__noinit_start, .)
 *(.noinit*)
                0x008003b5                PROVIDE (__noinit_end, .)
                0x008003b5                _end = .
                0x008003b5                PROVIDE (__heap_start, .)

.eeprom         0x00810000        0x0
 *(.eeprom*)
                0x00810000                __eeprom_end = .

.fuse
 *(.fuse)
 *(.lfuse)
 *(.hfuse)
 *(.efuse)

.lock
 *(.lock*)

.signature
 *(.signature*)

.user_signatures
 *(.user_signatures*)

.stab           0x00000000     0x4c68
 *(.stab)