Archive member included because of file (symbol)

c:/program files (x86)/atmel/atmel toolchain/avr8 gcc/native/3.4.2.1002/avr8-gnu-toolchain/bin/../lib/gcc/avr/4.7.2/../../../../avr/lib/avr6\libm.a(addsf3.o)
                              controller/PIDController.o (__subsf3)
c:/program files (x86)/atmel/atmel toolchain/avr8 gcc/native/3.4.2.1002/avr8-gnu-toolchain/bin/../lib/gcc/avr/4.7.2/../../../../avr/lib/avr6\libm.a(addsf3x.o)
                              c:/program files (x86)/atmel/atmel toolchain/avr8 gcc/native/3.4.2.1002/avr8-gnu-toolchain/bin/../lib/gcc/avr/4.7.2/../../../../avr/lib/avr6\libm.a(addsf3.o) (__addsf3x)
c:/program files (x86)/atmel/atmel toolchain/avr8 gcc/native/3.4.2.1002/avr8-gnu-toolchain/bin/../lib/gcc/avr/4.7.2/../../../../avr/lib/avr6\libm.a(cmpsf2.o)
                              controller/PIDController.o (__nesf2)
c:/program files (x86)/atmel/atmel toolchain/avr8 gcc/native/3.4.2.1002/avr8-gnu-toolchain/bin/../lib/gcc/avr/4.7.2/../../../../avr/lib/avr6\libm.a(cos.o)
                              util/CoordinateUtil.o (cos)
c:/program files (x86)/atmel/atmel toolchain/avr8 gcc/native/3.4.2.1002/avr8-gnu-toolchain/bin/../lib/gcc/avr/4.7.2/../../../../avr/lib/avr6\libm.a(divsf3.o)
                              messages/SystemTelemetryMessage.o (__divsf3)
c:/program files (x86)/atmel/atmel toolchain/avr8 gcc/native/3.4.2.1002/avr8-gnu-toolchain/bin/../lib/gcc/avr/4.7.2/../../../../avr/lib/avr6\libm.a(divsf3x.o)
                              c:/program files (x86)/atmel/atmel toolchain/avr8 gcc/native/3.4.2.1002/avr8-gnu-toolchain/bin/../lib/gcc/avr/4.7.2/../../../../avr/lib/avr6\libm.a(divsf3.o) (__divsf3x)
c:/program files (x86)/atmel/atmel toolchain/avr8 gcc/native/3.4.2.1002/avr8-gnu-toolchain/bin/../lib/gcc/avr/4.7.2/../../../../avr/lib/avr6\libm.a(fixsfsi.o)
                              HelicopterMain.o (__fixsfsi)
c:/program files (x86)/atmel/atmel toolchain/avr8 gcc/native/3.4.2.1002/avr8-gnu-toolchain/bin/../lib/gcc/avr/4.7.2/../../../../avr/lib/avr6\libm.a(fixunssfsi.o)
                              drivers/SerialDriver.o (__fixunssfsi)
c:/program files (x86)/atmel/atmel toolchain/avr8 gcc/native/3.4.2.1002/avr8-gnu-toolchain/bin/../lib/gcc/avr/4.7.2/../../../../avr/lib/avr6\libm.a(floatsisf.o)
                              drivers/SerialDriver.o (__floatunsisf)
c:/program files (x86)/atmel/atmel toolchain/avr8 gcc/native/3.4.2.1002/avr8-gnu-toolchain/bin/../lib/gcc/avr/4.7.2/../../../../avr/lib/avr6\libm.a(floor.o)
                              drivers/SerialDriver.o (floor)
c:/program files (x86)/atmel/atmel toolchain/avr8 gcc/native/3.4.2.1002/avr8-gnu-toolchain/bin/../lib/gcc/avr/4.7.2/../../../../avr/lib/avr6\libm.a(fp_cmp.o)
                              c:/program files (x86)/atmel/atmel toolchain/avr8 gcc/native/3.4.2.1002/avr8-gnu-toolchain/bin/../lib/gcc/avr/4.7.2/../../../../avr/lib/avr6\libm.a(cmpsf2.o) (__fp_cmp)
c:/program files (x86)/atmel/atmel toolchain/avr8 gcc/native/3.4.2.1002/avr8-gnu-toolchain/bin/../lib/gcc/avr/4.7.2/../../../../avr/lib/avr6\libm.a(fp_inf.o)
                              c:/program files (x86)/atmel/atmel toolchain/avr8 gcc/native/3.4.2.1002/avr8-gnu-toolchain/bin/../lib/gcc/avr/4.7.2/../../../../avr/lib/avr6\libm.a(addsf3x.o) (__fp_inf)
c:/program files (x86)/atmel/atmel toolchain/avr8 gcc/native/3.4.2.1002/avr8-gnu-toolchain/bin/../lib/gcc/avr/4.7.2/../../../../avr/lib/avr6\libm.a(fp_mintl.o)
                              c:/program files (x86)/atmel/atmel toolchain/avr8 gcc/native/3.4.2.1002/avr8-gnu-toolchain/bin/../lib/gcc/avr/4.7.2/../../../../avr/lib/avr6\libm.a(floor.o) (__fp_mintl)
c:/program files (x86)/atmel/atmel toolchain/avr8 gcc/native/3.4.2.1002/avr8-gnu-toolchain/bin/../lib/gcc/avr/4.7.2/../../../../avr/lib/avr6\libm.a(fp_mpack.o)
                              c:/program files (x86)/atmel/atmel toolchain/avr8 gcc/native/3.4.2.1002/avr8-gnu-toolchain/bin/../lib/gcc/avr/4.7.2/../../../../avr/lib/avr6\libm.a(floor.o) (__fp_mpack)
c:/program files (x86)/atmel/atmel toolchain/avr8 gcc/native/3.4.2.1002/avr8-gnu-toolchain/bin/../lib/gcc/avr/4.7.2/../../../../avr/lib/avr6\libm.a(fp_nan.o)
                              c:/program files (x86)/atmel/atmel toolchain/avr8 gcc/native/3.4.2.1002/avr8-gnu-toolchain/bin/../lib/gcc/avr/4.7.2/../../../../avr/lib/avr6\libm.a(addsf3x.o) (__fp_nan)
c:/program files (x86)/atmel/atmel toolchain/avr8 gcc/native/3.4.2.1002/avr8-gnu-toolchain/bin/../lib/gcc/avr/4.7.2/../../../../avr/lib/avr6\libm.a(fp_pscA.o)
                              c:/program files (x86)/atmel/atmel toolchain/avr8 gcc/native/3.4.2.1002/avr8-gnu-toolchain/bin/../lib/gcc/avr/4.7.2/../../../../avr/lib/avr6\libm.a(addsf3x.o) (__fp_pscA)
c:/program files (x86)/atmel/atmel toolchain/avr8 gcc/native/3.4.2.1002/avr8-gnu-toolchain/bin/../lib/gcc/avr/4.7.2/../../../../avr/lib/avr6\libm.a(fp_pscB.o)
[...]
Memory Configuration

Name             Origin             Length             Attributes
text             0x00000000         0x00100000         xr
data             0x00800200         0x0000fe00         rw !x
eeprom           0x00810000         0x00010000         rw !x
fuse             0x00820000         0x00000400         rw !x
lock             0x00830000         0x00000400         rw !x
signature        0x00840000         0x00000400         rw !x
user_signatures  0x00850000         0x00000400         rw !x
*default*        0x00000000         0xffffffff

Linker script and memory map

Address of section .data set to 0x800200
LOAD c:/program files (x86)/atmel/atmel toolchain/avr8 gcc/native/3.4.2.1002/avr8-gnu-toolchain/bin/../lib/gcc/avr/4.7.2/../../../../avr/lib/avr6/crtm2560.o
LOAD buffer/Buffer.o
LOAD buffer/Record.o
LOAD controller/PIDController.o
LOAD drivers/MagnetometerDriver.o
LOAD drivers/SerialDriver.o
LOAD HelicopterMain.o
LOAD interfaces/GroundControlStationInterface.o
LOAD messages/Message.o
LOAD messages/SyncMessage.o
LOAD messages/SystemTelemetryMessage.o
LOAD model/SystemModel.o
LOAD scheduler/Scheduler.o
LOAD sensors/MagnetometerSensor.o
LOAD tasks/PIDInnerLoopTask.o
LOAD tasks/PIDOuterLoopTask.o
LOAD tasks/SensorProcessingTask.o
LOAD tasks/SimTelemetryTask.o
LOAD tasks/Task.o
LOAD tasks/TransmitTelemetryTask.o
LOAD util/CommonHeader.o
LOAD util/CoordinateUtil.o
LOAD util/Timer.o
START GROUP
LOAD c:/program files (x86)/atmel/atmel toolchain/avr8 gcc/native/3.4.2.1002/avr8-gnu-toolchain/bin/../lib/gcc/avr/4.7.2/../../../../avr/lib/avr6\libm.a
END GROUP
LOAD c:/program files (x86)/atmel/atmel toolchain/avr8 gcc/native/3.4.2.1002/avr8-gnu-toolchain/bin/../lib/gcc/avr/4.7.2/avr6\libgcc.a
LOAD c:/program files (x86)/atmel/atmel toolchain/avr8 gcc/native/3.4.2.1002/avr8-gnu-toolchain/bin/../lib/gcc/avr/4.7.2/../../../../avr/lib/avr6\libm.a
LOAD c:/program files (x86)/atmel/atmel toolchain/avr8 gcc/native/3.4.2.1002/avr8-gnu-toolchain/bin/../lib/gcc/avr/4.7.2/avr6\libgcc.a
LOAD c:/program files (x86)/atmel/atmel toolchain/avr8 gcc/native/3.4.2.1002/avr8-gnu-toolchain/bin/../lib/gcc/avr/4.7.2/../../../../avr/lib/avr6\libc.a
LOAD c:/program files (x86)/atmel/atmel toolchain/avr8 gcc/native/3.4.2.1002/avr8-gnu-toolchain/bin/../lib/gcc/avr/4.7.2/avr6\libgcc.a

.hash
 *(.hash)

.dynsym
 *(.dynsym)

.dynstr
 *(.dynstr)

.gnu.version
 *(.gnu.version)

.gnu.version_d
 *(.gnu.version_d)

.gnu.version_r
 *(.gnu.version_r)

.rel.init
 *(.rel.init)

.rela.init
 *(.rela.init)

.rel.text
 *(.rel.text)
 *(.rel.text.*)
 *(.rel.gnu.linkonce.t*)

.rela.text
 *(.rela.text)
 *(.rela.text.*)
 *(.rela.gnu.linkonce.t*)

.rel.fini
 *(.rel.fini)

.rela.fini
 *(.rela.fini)

.rel.rodata
 *(.rel.rodata)
 *(.rel.rodata.*)
 *(.rel.gnu.linkonce.r*)

.rela.rodata
 *(.rela.rodata)
 *(.rela.rodata.*)
 *(.rela.gnu.linkonce.r*)

.rel.data
 *(.rel.data)
 *(.rel.data.*)
 *(.rel.gnu.linkonce.d*)

.rela.data
 *(.rela.data)
 *(.rela.data.*)
 *(.rela.gnu.linkonce.d*)

.rel.ctors
 *(.rel.ctors)

.rela.ctors
 *(.rela.ctors)

.rel.dtors
 *(.rel.dtors)

.rela.dtors
 *(.rela.dtors)

.rel.got
 *(.rel.got)

.rela.got
 *(.rela.got)

.rel.bss
 *(.rel.bss)

.rela.bss
 *(.rela.bss)

.rel.plt
 *(.rel.plt)

.rela.plt
 *(.rela.plt)

.text           0x00000000     0x9804
 *(.vectors)
 .vectors       0x00000000       0xe4 c:/program files (x86)/atmel/atmel toolchain/avr8 gcc/native/3.4.2.1002/avr8-gnu-toolchain/bin/../lib/gcc/avr/4.7.2/../../../../avr/lib/avr6/crtm2560.o
                0x00000000                __vector_default
                0x00000000                __vectors
 *(.vectors)
 *(.progmem.gcc*)
 .progmem.gcc_fplib
                0x000000e4       0x1e c:/program files (x86)/atmel/atmel toolchain/avr8 gcc/native/3.4.2.1002/avr8-gnu-toolchain/bin/../lib/gcc/avr/4.7.2/../../../../avr/lib/avr6\libm.a(fp_sinus.o)
 .progmem.gcc_fplib
                0x00000102       0x28 c:/program files (x86)/atmel/atmel toolchain/avr8 gcc/native/3.4.2.1002/avr8-gnu-toolchain/bin/../lib/gcc/avr/4.7.2/../../../../avr/lib/avr6\libm.a(exp.o)
 .progmem.gcc_fplib
                0x0000012a       0x5a c:/program files (x86)/atmel/atmel toolchain/avr8 gcc/native/3.4.2.1002/avr8-gnu-toolchain/bin/../lib/gcc/avr/4.7.2/../../../../avr/lib/avr6\libm.a(log.o)
 *(.progmem*)
                0x00000184                . = ALIGN (0x2)
                0x00000184                __trampolines_start = .
 *(.trampolines)
 .trampolines   0x00000184       0xa4 linker stubs
 *(.trampolines*)
                0x00000228                __trampolines_end = .
 *(.jumptables)
 *(.jumptables*)
 *(.lowtext)
 *(.lowtext*)
                0x00000228                __ctors_start = .
 *(.ctors)
                0x00000228                __ctors_end = .
                0x00000228                __dtors_start = .
 *(.dtors)
                0x00000228                __dtors_end = .
 SORT(*)(.ctors)
 SORT(*)(.dtors)
 *(.init0)
 .init0         0x00000228        0x0 c:/program files (x86)/atmel/atmel toolchain/avr8 gcc/native/3.4.2.1002/avr8-gnu-toolchain/bin/../lib/gcc/avr/4.7.2/../../../../avr/lib/avr6/crtm2560.o
                0x00000228                __init
 *(.init0)
 *(.init1)
 *(.init1)
 *(.init2)
 .init2         0x00000228       0x10 c:/program files (x86)/atmel/atmel toolchain/avr8 gcc/native/3.4.2.1002/avr8-gnu-toolchain/bin/../lib/gcc/avr/4.7.2/../../../../avr/lib/avr6/crtm2560.o
 *(.init2)
 *(.init3)
 *(.init3)
 *(.init4)
 .init4         0x00000238       0x1a c:/program files (x86)/atmel/atmel toolchain/avr8 gcc/native/3.4.2.1002/avr8-gnu-toolchain/bin/../lib/gcc/avr/4.7.2/avr6\libgcc.a(_copy_data.o)
                0x00000238                __do_copy_data
 .init4         0x00000252       0x10 c:/program files (x86)/atmel/atmel toolchain/avr8 gcc/native/3.4.2.1002/avr8-gnu-toolchain/bin/../lib/gcc/avr/4.7.2/avr6\libgcc.a(_clear_bss.o)
                0x00000252                __do_clear_bss
 *(.init4)
 *(.init5)
 *(.init5)
 *(.init6)
 *(.init6)
 *(.init7)
 *(.init7)
 *(.init8)
 *(.init8)
 *(.init9)
 .init9         0x00000262        0x8 c:/program files (x86)/atmel/atmel toolchain/avr8 gcc/native/3.4.2.1002/avr8-gnu-toolchain/bin/../lib/gcc/avr/4.7.2/../../../../avr/lib/avr6/crtm2560.o
 *(.init9)
 *(.text)
 .text          0x0000026a        0x4 c:/program files (x86)/atmel/atmel toolchain/avr8 gcc/native/3.4.2.1002/avr8-gnu-toolchain/bin/../lib/gcc/avr/4.7.2/../../../../avr/lib/avr6/crtm2560.o
                0x0000026a                __vector_38
                0x0000026a                __vector_22
                0x0000026a                __vector_28
                0x0000026a                __vector_1
                0x0000026a                __vector_32
                0x0000026a                __vector_34
                0x0000026a                __vector_24
                0x0000026a                __vector_12
                0x0000026a                __vector_55
                0x0000026a                __vector_46
                0x0000026a                __bad_interrupt
                0x0000026a                __vector_6
                0x0000026a                __vector_31
                0x0000026a                __vector_35
                0x0000026a                __vector_39
                0x0000026a                __vector_3
                0x0000026a                __vector_23
                0x0000026a                __vector_30
                0x0000026a                __vector_45
                0x0000026a                __vector_25
                0x0000026a                __vector_11
                0x0000026a                __vector_54
                0x0000026a                __vector_13
                0x0000026a                __vector_19
                0x0000026a                __vector_56
                0x0000026a                __vector_7
                0x0000026a                __vector_49
                0x0000026a                __vector_41
                0x0000026a                __vector_43
                0x0000026a                __vector_27
                0x0000026a                __vector_5
                0x0000026a                __vector_33
                0x0000026a                __vector_47
                0x0000026a                __vector_52
                0x0000026a                __vector_37
                0x0000026a                __vector_4
                0x0000026a                __vector_44
                0x0000026a                __vector_51
                0x0000026a                __vector_9
                0x0000026a                __vector_2
                0x0000026a                __vector_21
                0x0000026a                __vector_15
                0x0000026a                __vector_36
                0x0000026a                __vector_29
                0x0000026a                __vector_40
                0x0000026a                __vector_8
                0x0000026a                __vector_26
                0x0000026a                __vector_48
                0x0000026a                __vector_14
                0x0000026a                __vector_53
                0x0000026a                __vector_10
                0x0000026a                __vector_50
                0x0000026a                __vector_16
                0x0000026a                __vector_18
                0x0000026a                __vector_20
                0x0000026a                __vector_42
                0x0000026e                . = ALIGN (0x2)
 *(.text.*)
 .text._ZNK10helicopter5model11SystemModel13MagYawDegreesEv
                0x0000026e       0x2c controller/PIDController.o
                0x0000026e                _ZNK10helicopter5model11SystemModel13MagYawDegreesEv
 .text._ZNK10helicopter5model11SystemModel22ReferenceMagYawDegreesEv
                0x0000029a       0x2c controller/PIDController.o
                0x0000029a                _ZNK10helicopter5model11SystemModel22ReferenceMagYawDegreesEv
 .text._ZNK10helicopter5model11SystemModel10YawControlEv
                0x000002c6       0x2c controller/PIDController.o
                0x000002c6                _ZNK10helicopter5model11SystemModel10YawControlEv
 .text._ZN10helicopter5model11SystemModel10YawControlEf
                0x000002f2       0x40 controller/PIDController.o
                0x000002f2                _ZN10helicopter5model11SystemModel10YawControlEf
 .text._ZNK10helicopter5model11SystemModel37YawControlBeforeServoLimitsAdjustmentEv
                0x00000332       0x2c controller/PIDController.o
                0x00000332                _ZNK10helicopter5model11SystemModel37YawControlBeforeServoLimitsAdjustmentEv
 .text._ZN10helicopter5model11SystemModel37YawControlBeforeServoLimitsAdjustmentEf
                0x0000035e       0x40 controller/PIDController.o
                0x0000035e                _ZN10helicopter5model11SystemModel37YawControlBeforeServoLimitsAdjustmentEf
 .text._ZNK10helicopter5model11SystemModel27YawVelocityDegreesPerSecondEv
                0x0000039e       0x2c controller/PIDController.o
                0x0000039e                _ZNK10helicopter5model11SystemModel27YawVelocityDegreesPerSecondEv
 .text._ZNK10helicopter5model11SystemModel36ReferenceYawVelocityDegreesPerSecondEv
                0x000003ca       0x2c controller/PIDController.o
                0x000003ca                _ZNK10helicopter5model11SystemModel36ReferenceYawVelocityDegreesPerSecondEv
 .text._ZNK10helicopter5model11SystemModel11YawIntegralEv
                0x000003f6       0x2c controller/PIDController.o
                0x000003f6                _ZNK10helicopter5model11SystemModel11YawIntegralEv
 .text._ZN10helicopter5model11SystemModel11YawIntegralEf
                0x00000422       0x40 controller/PIDController.o
                0x00000422                _ZN10helicopter5model11SystemModel11YawIntegralEf
 .text._ZN10helicopter5model11SystemModel15YawProportionalEf
                0x00000462       0x40 controller/PIDController.o
                0x00000462                _ZN10helicopter5model11SystemModel15YawProportionalEf
 .text._ZN10helicopter5model11SystemModel18YawDerivativeErrorEf
                0x000004a2       0x40 controller/PIDController.o
                0x000004a2                _ZN10helicopter5model11SystemModel18YawDerivativeErrorEf
 .text._ZNK10helicopter5model11SystemModel13XNEDBodyFrameEv
                0x000004e2       0x2c controller/PIDController.o
                0x000004e2                _ZNK10helicopter5model11SystemModel13XNEDBodyFrameEv
 .text._ZNK10helicopter5model11SystemModel22ReferenceXNEDBodyFrameEv
                0x0000050e       0x2c controller/PIDController.o
                0x0000050e                _ZNK10helicopter5model11SystemModel22ReferenceXNEDBodyFrameEv
 .text._ZNK10helicopter5model11SystemModel43LongitudeControlBeforeServoLimitsAdjustmentEv
                0x0000053a       0x2c controller/PIDController.o
                0x0000053a                _ZNK10helicopter5model11SystemModel43LongitudeControlBeforeServoLimitsAdjustmentEv
 .text._ZN10helicopter5model11SystemModel43LongitudeControlBeforeServoLimitsAdjustmentEf
                0x00000566       0x40 controller/PIDController.o
                0x00000566                _ZN10helicopter5model11SystemModel43LongitudeControlBeforeServoLimitsAdjustmentEf
 .text._ZNK10helicopter5model11SystemModel16LongitudeControlEv
                0x000005a6       0x2c controller/PIDController.o
                0x000005a6                _ZNK10helicopter5model11SystemModel16LongitudeControlEv
 .text._ZN10helicopter5model11SystemModel16LongitudeControlEf
                0x000005d2       0x40 controller/PIDController.o
                0x000005d2                _ZN10helicopter5model11SystemModel16LongitudeControlEf
 .text._ZNK10helicopter5model11SystemModel24XVelocityMetersPerSecondEv
                0x00000612       0x2c controller/PIDController.o
                0x00000612                _ZNK10helicopter5model11SystemModel24XVelocityMetersPerSecondEv
 .text._ZNK10helicopter5model11SystemModel33ReferenceXVelocityMetersPerSecondEv
                0x0000063e       0x2c controller/PIDController.o
                0x0000063e                _ZNK10helicopter5model11SystemModel33ReferenceXVelocityMetersPerSecondEv
 .text._ZNK10helicopter5model11SystemModel27XLongitudeOuterLoopSetpointEv
                0x0000066a       0x2c controller/PIDController.o
                0x0000066a                _ZNK10helicopter5model11SystemModel27XLongitudeOuterLoopSetpointEv
 .text._ZN10helicopter5model11SystemModel27XLongitudeOuterLoopSetpointEf
                0x00000696       0x40 controller/PIDController.o
                0x00000696                _ZN10helicopter5model11SystemModel27XLongitudeOuterLoopSetpointEf
 .text._ZN10helicopter5model11SystemModel13XProportionalEf
                0x000006d6       0x46 controller/PIDController.o
                0x000006d6                _ZN10helicopter5model11SystemModel13XProportionalEf
 .text._ZNK10helicopter5model11SystemModel9XIntegralEv
                0x0000071c       0x30 controller/PIDController.o
                0x0000071c                _ZNK10helicopter5model11SystemModel9XIntegralEv
 .text._ZN10helicopter5model11SystemModel9XIntegralEf
                0x0000074c       0x46 controller/PIDController.o
                0x0000074c                _ZN10helicopter5model11SystemModel9XIntegralEf
 .text._ZN10helicopter5model11SystemModel16XDerivativeErrorEf
                0x00000792       0x46 controller/PIDController.o
                0x00000792                _ZN10helicopter5model11SystemModel16XDerivativeErrorEf
 .text._ZNK10helicopter5model11SystemModel17ThetaPitchDegreesEv
                0x000007d8       0x30 controller/PIDController.o
                0x000007d8                _ZNK10helicopter5model11SystemModel17ThetaPitchDegreesEv
 .text._ZNK10helicopter5model11SystemModel33PitchAngularVelocityRadsPerSecondEv
                0x00000808       0x30 controller/PIDController.o
                0x00000808                _ZNK10helicopter5model11SystemModel33PitchAngularVelocityRadsPerSecondEv
 .text._ZNK10helicopter5model11SystemModel13YNEDBodyFrameEv
                0x00000838       0x30 controller/PIDController.o
                0x00000838                _ZNK10helicopter5model11SystemModel13YNEDBodyFrameEv
 .text._ZNK10helicopter5model11SystemModel22ReferenceYNEDBodyFrameEv
                0x00000868       0x30 controller/PIDController.o
                0x00000868                _ZNK10helicopter5model11SystemModel22ReferenceYNEDBodyFrameEv
 .text._ZNK10helicopter5model11SystemModel41LateralControlBeforeServoLimitsAdjustmentEv
                0x00000898       0x30 controller/PIDController.o
                0x00000898                _ZNK10helicopter5model11SystemModel41LateralControlBeforeServoLimitsAdjustmentEv
 .text._ZN10helicopter5model11SystemModel41LateralControlBeforeServoLimitsAdjustmentEf
                0x000008c8       0x46 controller/PIDController.o
                0x000008c8                _ZN10helicopter5model11SystemModel41LateralControlBeforeServoLimitsAdjustmentEf
 .text._ZNK10helicopter5model11SystemModel14LateralControlEv
                0x0000090e       0x30 controller/PIDController.o
                0x0000090e                _ZNK10helicopter5model11SystemModel14LateralControlEv
 .text._ZN10helicopter5model11SystemModel14LateralControlEf
                0x0000093e       0x46 controller/PIDController.o
                0x0000093e                _ZN10helicopter5model11SystemModel14LateralControlEf
 .text._ZNK10helicopter5model11SystemModel24YVelocityMetersPerSecondEv
                0x00000984       0x30 controller/PIDController.o
                0x00000984                _ZNK10helicopter5model11SystemModel24YVelocityMetersPerSecondEv
 .text._ZNK10helicopter5model11SystemModel33ReferenceYVelocityMetersPerSecondEv
                0x000009b4       0x30 controller/PIDController.o
                0x000009b4                _ZNK10helicopter5model11SystemModel33ReferenceYVelocityMetersPerSecondEv
 .text._ZNK10helicopter5model11SystemModel25YLateralOuterLoopSetpointEv
                0x000009e4       0x30 controller/PIDController.o
                0x000009e4                _ZNK10helicopter5model11SystemModel25YLateralOuterLoopSetpointEv
 .text._ZN10helicopter5model11SystemModel25YLateralOuterLoopSetpointEf
                0x00000a14       0x46 controller/PIDController.o
                0x00000a14                _ZN10helicopter5model11SystemModel25YLateralOuterLoopSetpointEf
 .text._ZN10helicopter5model11SystemModel13YProportionalEf
                0x00000a5a       0x46 controller/PIDController.o
                0x00000a5a                _ZN10helicopter5model11SystemModel13YProportionalEf
 .text._ZNK10helicopter5model11SystemModel9YIntegralEv
                0x00000aa0       0x30 controller/PIDController.o
                0x00000aa0                _ZNK10helicopter5model11SystemModel9YIntegralEv
 .text._ZN10helicopter5model11SystemModel9YIntegralEf
                0x00000ad0       0x46 controller/PIDController.o
                0x00000ad0                _ZN10helicopter5model11SystemModel9YIntegralEf
 .text._ZN10helicopter5model11SystemModel16YDerivativeErrorEf
                0x00000b16       0x46 controller/PIDController.o
                0x00000b16                _ZN10helicopter5model11SystemModel16YDerivativeErrorEf
 .text._ZNK10helicopter5model11SystemModel14PhiRollDegreesEv
                0x00000b5c       0x30 controller/PIDController.o
                0x00000b5c                _ZNK10helicopter5model11SystemModel14PhiRollDegreesEv
 .text._ZNK10helicopter5model11SystemModel32RollAngularVelocityRadsPerSecondEv
                0x00000b8c       0x30 controller/PIDController.o
                0x00000b8c                _ZNK10helicopter5model11SystemModel32RollAngularVelocityRadsPerSecondEv
 .text._ZNK10helicopter5model11SystemModel13ZNEDBodyFrameEv
                0x00000bbc       0x30 controller/PIDController.o
                0x00000bbc                _ZNK10helicopter5model11SystemModel13ZNEDBodyFrameEv
 .text._ZNK10helicopter5model11SystemModel26ReferenceZNEDBodyFrameFeetEv
                0x00000bec       0x30 controller/PIDController.o
                0x00000bec                _ZNK10helicopter5model11SystemModel26ReferenceZNEDBodyFrameFeetEv
 .text._ZNK10helicopter5model11SystemModel26MainRotorCollectiveControlEv
                0x00000c1c       0x30 controller/PIDController.o
                0x00000c1c                _ZNK10helicopter5model11SystemModel26MainRotorCollectiveControlEv
 .text._ZN10helicopter5model11SystemModel26MainRotorCollectiveControlEf
                0x00000c4c       0x46 controller/PIDController.o
                0x00000c4c                _ZN10helicopter5model11SystemModel26MainRotorCollectiveControlEf
 .text._ZNK10helicopter5model11SystemModel43MainRotorControlBeforeServoLimitsAdjustmentEv
                0x00000c92       0x30 controller/PIDController.o
                0x00000c92                _ZNK10helicopter5model11SystemModel43MainRotorControlBeforeServoLimitsAdjustmentEv
 .text._ZN10helicopter5model11SystemModel43MainRotorControlBeforeServoLimitsAdjustmentEf
                0x00000cc2       0x46 controller/PIDController.o
                0x00000cc2                _ZN10helicopter5model11SystemModel43MainRotorControlBeforeServoLimitsAdjustmentEf
 .text._ZNK10helicopter5model11SystemModel22ZVelocityFeetPerSecondEv
                0x00000d08       0x30 controller/PIDController.o
                0x00000d08                _ZNK10helicopter5model11SystemModel22ZVelocityFeetPerSecondEv
 .text._ZNK10helicopter5model11SystemModel31ReferenceZVelocityFeetPerSecondEv
                0x00000d38       0x30 controller/PIDController.o
                0x00000d38                _ZNK10helicopter5model11SystemModel31ReferenceZVelocityFeetPerSecondEv
 .text._ZNK10helicopter5model11SystemModel9ZIntegralEv
                0x00000d68       0x30 controller/PIDController.o
                0x00000d68                _ZNK10helicopter5model11SystemModel9ZIntegralEv
 .text._ZN10helicopter5model11SystemModel9ZIntegralEf
                0x00000d98       0x46 controller/PIDController.o
                0x00000d98                _ZN10helicopter5model11SystemModel9ZIntegralEf
 .text._ZN10helicopter5model11SystemModel13ZProportionalEf
                0x00000dde       0x46 controller/PIDController.o
                0x00000dde                _ZN10helicopter5model11SystemModel13ZProportionalEf
 .text._ZN10helicopter5model11SystemModel16ZDerivativeErrorEf
                0x00000e24       0x46 controller/PIDController.o
                0x00000e24                _ZN10helicopter5model11SystemModel16ZDerivativeErrorEf
 .text._ZNK10helicopter5model11SystemModel11BlownFramesEv
                0x00000e6a       0x30 controller/PIDController.o
                0x00000e6a                _ZNK10helicopter5model11SystemModel11BlownFramesEv
 .text._ZN10helicopter5model11SystemModel11BlownFramesEl
                0x00000e9a       0x46 controller/PIDController.o
                0x00000e9a                _ZN10helicopter5model11SystemModel11BlownFramesEl
 .text._ZN10helicopter10controller13PIDControllerC2EPNS_5model11SystemModelE
                0x00000ee0      0x202 controller/PIDController.o
                0x00000ee0                _ZN10helicopter10controller13PIDControllerC2EPNS_5model11SystemModelE
                0x00000ee0                _ZN10helicopter10controller13PIDControllerC1EPNS_5model11SystemModelE
 .text._ZN10helicopter10controller13PIDController21calculateProportionalEff
                0x000010e2       0x5e controller/PIDController.o
                0x000010e2                _ZN10helicopter10controller13PIDController21calculateProportionalEff
 .text._ZN10helicopter10controller13PIDController27calculateIntegralAntiWindupEfff
                0x00001140       0xa2 controller/PIDController.o
                0x00001140                _ZN10helicopter10controller13PIDController27calculateIntegralAntiWindupEfff
 .text._ZN10helicopter10controller13PIDController17calculateIntegralEffff
                0x000011e2      0x1a4 controller/PIDController.o
                0x000011e2                _ZN10helicopter10controller13PIDController17calculateIntegralEffff
 .text._ZN10helicopter10controller13PIDController22calculateVelocityErrorEff
                0x00001386       0x5e controller/PIDController.o
                0x00001386                _ZN10helicopter10controller13PIDController22calculateVelocityErrorEff
 .text._ZN10helicopter10controller13PIDController30calculateOuterLoopControlValueEfffff
                0x000013e4       0xe6 controller/PIDController.o
                0x000013e4                _ZN10helicopter10controller13PIDController30calculateOuterLoopControlValueEfffff
 .text._ZN10helicopter10controller13PIDController27adjustControlForServoLimitsEfff
                0x000014ca       0xb8 controller/PIDController.o
                0x000014ca                _ZN10helicopter10controller13PIDController27adjustControlForServoLimitsEfff
 .text._Z30calculateInnerLoopControlValuefffff
                0x00001582       0xc2 controller/PIDController.o
                0x00001582                _Z30calculateInnerLoopControlValuefffff
 .text._ZN10helicopter10controller13PIDController23adjustForSetpointLimitsEfff
                0x00001644       0xb8 controller/PIDController.o
                0x00001644                _ZN10helicopter10controller13PIDController23adjustForSetpointLimitsEfff
 .text._ZN10helicopter10controller13PIDController13addBlownFrameEv
                0x000016fc       0x46 controller/PIDController.o
                0x000016fc                _ZN10helicopter10controller13PIDController13addBlownFrameEv
 .text._ZN10helicopter10controller13PIDController27convertYawErrorFrom360to180Ef
                0x00001742       0xa8 controller/PIDController.o
                0x00001742                _ZN10helicopter10controller13PIDController27convertYawErrorFrom360to180Ef
 .text._ZN10helicopter10controller13PIDController34tailRotorCollectiveOuterLoopUpdateEv
                0x000017ea      0x2dc controller/PIDController.o
                0x000017ea                _ZN10helicopter10controller13PIDController34tailRotorCollectiveOuterLoopUpdateEv
 .text._ZN10helicopter10controller13PIDController34mainRotorCollectiveOuterLoopUpdateEv
                0x00001ac6      0x2ca controller/PIDController.o
                0x00001ac6                _ZN10helicopter10controller13PIDController34mainRotorCollectiveOuterLoopUpdateEv
 .text._ZN10helicopter10controller13PIDController30cyclicLongitudeOuterLoopUpdateEv
                0x00001d90      0x29e controller/PIDController.o
                0x00001d90                _ZN10helicopter10controller13PIDController30cyclicLongitudeOuterLoopUpdateEv
 .text._ZN10helicopter10controller13PIDController28cyclicLateralOuterLoopUpdateEv
                0x0000202e      0x29e controller/PIDController.o
                0x0000202e                _ZN10helicopter10controller13PIDController28cyclicLateralOuterLoopUpdateEv
 .text._ZN10helicopter10controller13PIDController30cyclicLongitudeInnerLoopUpdateEv
                0x000022cc      0x182 controller/PIDController.o
                0x000022cc                _ZN10helicopter10controller13PIDController30cyclicLongitudeInnerLoopUpdateEv
 .text._ZN10helicopter10controller13PIDController28cyclicLateralInnerLoopUpdateEv
                0x0000244e      0x184 controller/PIDController.o
                0x0000244e                _ZN10helicopter10controller13PIDController28cyclicLateralInnerLoopUpdateEv
 .text._ZN10helicopter7drivers12SerialDriverD2Ev
                0x000025d2       0x3c drivers/SerialDriver.o
                0x000025d2                _ZN10helicopter7drivers12SerialDriverD1Ev
                0x000025d2                _ZN10helicopter7drivers12SerialDriverD2Ev
 .text._ZN10helicopter7drivers12SerialDriverD0Ev
                0x0000260e       0x2a drivers/SerialDriver.o
                0x0000260e                _ZN10helicopter7drivers12SerialDriverD0Ev
 .text._ZN10helicopter7drivers12SerialDriver10initializeEv
                0x00002638      0x16c drivers/SerialDriver.o
                0x00002638                _ZN10helicopter7drivers12SerialDriver10initializeEv
 .text._ZN10helicopter7drivers12SerialDriver12transmitByteEh
                0x000027a4       0xb2 drivers/SerialDriver.o
                0x000027a4                _ZN10helicopter7drivers12SerialDriver12transmitByteEh
 .text._ZN10helicopter7drivers12SerialDriver11receiveByteERh
                0x00002856       0xca drivers/SerialDriver.o
                0x00002856                _ZN10helicopter7drivers12SerialDriver11receiveByteERh
 .text._ZN10helicopter5tasks4TaskD2Ev
                0x00002920       0x3c HelicopterMain.o
                0x00002920                _ZN10helicopter5tasks4TaskD2Ev
                0x00002920                _ZN10helicopter5tasks4TaskD1Ev
 .text._ZN10helicopter5tasks4TaskD0Ev
                0x0000295c       0x2a HelicopterMain.o
                0x0000295c                _ZN10helicopter5tasks4TaskD0Ev
 .text._ZN10helicopter5tasks12FlashLEDTaskC2Eiii
                0x00002986       0x6c HelicopterMain.o
                0x00002986                _ZN10helicopter5tasks12FlashLEDTaskC2Eiii
                0x00002986                _ZN10helicopter5tasks12FlashLEDTaskC1Eiii
 .text._ZN10helicopter5tasks12FlashLEDTask4initEv
                0x000029f2       0x48 HelicopterMain.o
                0x000029f2                _ZN10helicopter5tasks12FlashLEDTask4initEv
 .text._ZN10helicopter5tasks12FlashLEDTask11runTaskImplEv
                0x00002a3a       0x98 HelicopterMain.o
                0x00002a3a                _ZN10helicopter5tasks12FlashLEDTask11runTaskImplEv
 .text._ZN10helicopter9scheduler9Scheduler13hasBlownFrameEv
                0x00002ad2       0x22 HelicopterMain.o
                0x00002ad2                _ZN10helicopter9scheduler9Scheduler13hasBlownFrameEv
 .text._ZN10helicopter4util5TimerC2Em9PRESCALERm
                0x00002af4       0x80 HelicopterMain.o
                0x00002af4                _ZN10helicopter4util5TimerC2Em9PRESCALERm
                0x00002af4                _ZN10helicopter4util5TimerC1Em9PRESCALERm
 .text._ZN10helicopter7drivers12SerialDriverC2EmNS1_8UartPortEPNS_4util5TimerEbb
                0x00002b74       0x9c HelicopterMain.o
                0x00002b74                _ZN10helicopter7drivers12SerialDriverC1EmNS1_8UartPortEPNS_4util5TimerEbb
                0x00002b74                _ZN10helicopter7drivers12SerialDriverC2EmNS1_8UartPortEPNS_4util5TimerEbb
 .text._ZN10helicopter10interfaces29GroundControlStationInterfaceC2EPNS_7drivers12SerialDriverE
                0x00002c10       0x30 HelicopterMain.o
                0x00002c10                _ZN10helicopter10interfaces29GroundControlStationInterfaceC1EPNS_7drivers12SerialDriverE
                0x00002c10                _ZN10helicopter10interfaces29GroundControlStationInterfaceC2EPNS_7drivers12SerialDriverE
 .text._ZN10helicopter5model11SystemModelC2Ev
                0x00002c40      0x424 HelicopterMain.o
                0x00002c40                _ZN10helicopter5model11SystemModelC1Ev
                0x00002c40                _ZN10helicopter5model11SystemModelC2Ev
 .text._ZN10helicopter5model11SystemModel22ReferenceMagYawDegreesEf
                0x00003064       0x40 HelicopterMain.o
                0x00003064                _ZN10helicopter5model11SystemModel22ReferenceMagYawDegreesEf
 .text._ZN10helicopter5model11SystemModel36ReferenceYawVelocityDegreesPerSecondEf
                0x000030a4       0x40 HelicopterMain.o
                0x000030a4                _ZN10helicopter5model11SystemModel36ReferenceYawVelocityDegreesPerSecondEf
 .text._ZN10helicopter5model11SystemModel22ReferenceXNEDBodyFrameEf
                0x000030e4       0x40 HelicopterMain.o
                0x000030e4                _ZN10helicopter5model11SystemModel22ReferenceXNEDBodyFrameEf
 .text._ZN10helicopter5model11SystemModel33ReferenceXVelocityMetersPerSecondEf
                0x00003124       0x40 HelicopterMain.o
                0x00003124                _ZN10helicopter5model11SystemModel33ReferenceXVelocityMetersPerSecondEf
 .text._ZN10helicopter5model11SystemModel22ReferenceYNEDBodyFrameEf
                0x00003164       0x46 HelicopterMain.o
                0x00003164                _ZN10helicopter5model11SystemModel22ReferenceYNEDBodyFrameEf
 .text._ZN10helicopter5model11SystemModel33ReferenceYVelocityMetersPerSecondEf
                0x000031aa       0x46 HelicopterMain.o
                0x000031aa                _ZN10helicopter5model11SystemModel33ReferenceYVelocityMetersPerSecondEf
 .text._ZNK10helicopter5model11SystemModel15AltitudeFeetAglEv
                0x000031f0       0x30 HelicopterMain.o
                0x000031f0                _ZNK10helicopter5model11SystemModel15AltitudeFeetAglEv
 .text._ZN10helicopter5model11SystemModel26ReferenceZNEDBodyFrameFeetEf
                0x00003220       0x46 HelicopterMain.o
                0x00003220                _ZN10helicopter5model11SystemModel26ReferenceZNEDBodyFrameFeetEf
 .text._ZN10helicopter5model11SystemModel31ReferenceZVelocityFeetPerSecondEf
                0x00003266       0x46 HelicopterMain.o
                0x00003266                _ZN10helicopter5model11SystemModel31ReferenceZVelocityFeetPerSecondEf
 .text._ZNK10helicopter5model11SystemModel15LatitudeDegreesEv
                0x000032ac       0x30 HelicopterMain.o
                0x000032ac                _ZNK10helicopter5model11SystemModel15LatitudeDegreesEv
 .text._ZNK10helicopter5model11SystemModel16LongitudeDegreesEv
                0x000032dc       0x30 HelicopterMain.o
                0x000032dc                _ZNK10helicopter5model11SystemModel16LongitudeDegreesEv
 .text._ZN10helicopter5model11SystemModel20InitialXPositionEcefEl
                0x0000330c       0x4c HelicopterMain.o
                0x0000330c                _ZN10helicopter5model11SystemModel20InitialXPositionEcefEl
 .text._ZN10helicopter5model11SystemModel20InitialYPositionEcefEl
                0x00003358       0x4c HelicopterMain.o
                0x00003358                _ZN10helicopter5model11SystemModel20InitialYPositionEcefEl
 .text._ZN10helicopter5model11SystemModel20InitialZPositionEcefEl
                0x000033a4       0x4c HelicopterMain.o
                0x000033a4                _ZN10helicopter5model11SystemModel20InitialZPositionEcefEl
 .text._ZN10helicopter10controller13PIDController16setXIntegralGainEf
                0x000033f0       0x40 HelicopterMain.o
                0x000033f0                _ZN10helicopter10controller13PIDController16setXIntegralGainEf
 .text._ZN10helicopter10controller13PIDController18setXDerivativeGainEf
                0x00003430       0x40 HelicopterMain.o
                0x00003430                _ZN10helicopter10controller13PIDController18setXDerivativeGainEf
 .text._ZN10helicopter10controller13PIDController20setXProportionalGainEf
                0x00003470       0x40 HelicopterMain.o
                0x00003470                _ZN10helicopter10controller13PIDController20setXProportionalGainEf
 .text._ZN10helicopter10controller13PIDController18setXAntiWindupGainEf
                0x000034b0       0x40 HelicopterMain.o
                0x000034b0                _ZN10helicopter10controller13PIDController18setXAntiWindupGainEf
 .text._ZN10helicopter10controller13PIDController25setLongitudeInnerLoopGainEf
                0x000034f0       0x40 HelicopterMain.o
                0x000034f0                _ZN10helicopter10controller13PIDController25setLongitudeInnerLoopGainEf
 .text._ZN10helicopter10controller13PIDController27setPitchAngularVelocityGainEf
                0x00003530       0x40 HelicopterMain.o
                0x00003530                _ZN10helicopter10controller13PIDController27setPitchAngularVelocityGainEf
 .text._ZN10helicopter10controller13PIDController32setMinLongitudeServoControlValueEf
                0x00003570       0x46 HelicopterMain.o
                0x00003570                _ZN10helicopter10controller13PIDController32setMinLongitudeServoControlValueEf
 .text._ZN10helicopter10controller13PIDController32setMaxLongitudeServoControlValueEf
                0x000035b6       0x46 HelicopterMain.o
                0x000035b6                _ZN10helicopter10controller13PIDController32setMaxLongitudeServoControlValueEf
 .text._ZN10helicopter10controller13PIDController16setYIntegralGainEf
                0x000035fc       0x40 HelicopterMain.o
                0x000035fc                _ZN10helicopter10controller13PIDController16setYIntegralGainEf
 .text._ZN10helicopter10controller13PIDController18setYDerivativeGainEf
                0x0000363c       0x40 HelicopterMain.o
                0x0000363c                _ZN10helicopter10controller13PIDController18setYDerivativeGainEf
 .text._ZN10helicopter10controller13PIDController20setYProportionalGainEf
                0x0000367c       0x40 HelicopterMain.o
                0x0000367c                _ZN10helicopter10controller13PIDController20setYProportionalGainEf
 .text._ZN10helicopter10controller13PIDController18setYAntiWindupGainEf
                0x000036bc       0x40 HelicopterMain.o
                0x000036bc                _ZN10helicopter10controller13PIDController18setYAntiWindupGainEf
 .text._ZN10helicopter10controller13PIDController23setLateralInnerLoopGainEf
                0x000036fc       0x40 HelicopterMain.o
                0x000036fc                _ZN10helicopter10controller13PIDController23setLateralInnerLoopGainEf
 .text._ZN10helicopter10controller13PIDController26setRollAngularVelocityGainEf
                0x0000373c       0x46 HelicopterMain.o
                0x0000373c                _ZN10helicopter10controller13PIDController26setRollAngularVelocityGainEf
 .text._ZN10helicopter10controller13PIDController30setMinLateralServoControlValueEf
                0x00003782       0x46 HelicopterMain.o
                0x00003782                _ZN10helicopter10controller13PIDController30setMinLateralServoControlValueEf
 .text._ZN10helicopter10controller13PIDController30setMaxLateralServoControlValueEf
                0x000037c8       0x46 HelicopterMain.o
                0x000037c8                _ZN10helicopter10controller13PIDController30setMaxLateralServoControlValueEf
 .text._ZN10helicopter10controller13PIDController32setMinMainRotorServoControlValueEf
                0x0000380e       0x46 HelicopterMain.o
                0x0000380e                _ZN10helicopter10controller13PIDController32setMinMainRotorServoControlValueEf
 .text._ZN10helicopter10controller13PIDController32setMaxMainRotorServoControlValueEf
                0x00003854       0x46 HelicopterMain.o
                0x00003854                _ZN10helicopter10controller13PIDController32setMaxMainRotorServoControlValueEf
 .text._ZN10helicopter10controller13PIDController25setMaxRollSetpointDegreesEf
                0x0000389a       0x46 HelicopterMain.o
                0x0000389a                _ZN10helicopter10controller13PIDController25setMaxRollSetpointDegreesEf
 .text._ZN10helicopter10controller13PIDController25setMinRollSetpointDegreesEf
                0x000038e0       0x46 HelicopterMain.o
                0x000038e0                _ZN10helicopter10controller13PIDController25setMinRollSetpointDegreesEf
 .text._ZN10helicopter10controller13PIDController26setMaxPitchSetpointDegreesEf
                0x00003926       0x46 HelicopterMain.o
                0x00003926                _ZN10helicopter10controller13PIDController26setMaxPitchSetpointDegreesEf
 .text._ZN10helicopter10controller13PIDController26setMinPitchSetpointDegreesEf
                0x0000396c       0x46 HelicopterMain.o
                0x0000396c                _ZN10helicopter10controller13PIDController26setMinPitchSetpointDegreesEf
 .text._ZN10helicopter10controller13PIDController22setYawProportionalGainEf
                0x000039b2       0x40 HelicopterMain.o
                0x000039b2                _ZN10helicopter10controller13PIDController22setYawProportionalGainEf
 .text._ZN10helicopter10controller13PIDController18setYawIntegralGainEf
                0x000039f2       0x40 HelicopterMain.o
                0x000039f2                _ZN10helicopter10controller13PIDController18setYawIntegralGainEf
 .text._ZN10helicopter10controller13PIDController20setYawDerivativeGainEf
                0x00003a32       0x40 HelicopterMain.o
                0x00003a32                _ZN10helicopter10controller13PIDController20setYawDerivativeGainEf
 .text._ZN10helicopter10controller13PIDController21setIntervalPeriodSecsEf
                0x00003a72       0x46 HelicopterMain.o
                0x00003a72                _ZN10helicopter10controller13PIDController21setIntervalPeriodSecsEf
 .text._ZN10helicopter10controller13PIDController20setYawAntiWindupGainEf
                0x00003ab8       0x40 HelicopterMain.o
                0x00003ab8                _ZN10helicopter10controller13PIDController20setYawAntiWindupGainEf
 .text._ZN10helicopter10controller13PIDController21setMinYawServoControlEf
                0x00003af8       0x46 HelicopterMain.o
                0x00003af8                _ZN10helicopter10controller13PIDController21setMinYawServoControlEf
 .text._ZN10helicopter10controller13PIDController21setMaxYawServoControlEf
                0x00003b3e       0x46 HelicopterMain.o
                0x00003b3e                _ZN10helicopter10controller13PIDController21setMaxYawServoControlEf
 .text._ZN10helicopter10controller13PIDController18setControlMaxValueEf
                0x00003b84       0x46 HelicopterMain.o
                0x00003b84                _ZN10helicopter10controller13PIDController18setControlMaxValueEf
 .text._ZN10helicopter10controller13PIDController18setControlMinValueEf
                0x00003bca       0x46 HelicopterMain.o
                0x00003bca                _ZN10helicopter10controller13PIDController18setControlMinValueEf
 .text._Z33setupDefaultsandReferencePositionPN10helicopter5model11SystemModelEPNS_10controller13PIDControllerE
                0x00003c10      0x27a HelicopterMain.o
                0x00003c10                _Z33setupDefaultsandReferencePositionPN10helicopter5model11SystemModelEPNS_10controller13PIDControllerE
 .text.main     0x00003e8a      0x4ca HelicopterMain.o
                0x00003e8a                main
 .text._ZN10helicopter5tasks12FlashLEDTaskD2Ev
                0x00004354       0x44 HelicopterMain.o
                0x00004354                _ZN10helicopter5tasks12FlashLEDTaskD1Ev
                0x00004354                _ZN10helicopter5tasks12FlashLEDTaskD2Ev
 .text._ZN10helicopter5tasks12FlashLEDTaskD0Ev
                0x00004398       0x2a HelicopterMain.o
                0x00004398                _ZN10helicopter5tasks12FlashLEDTaskD0Ev
 .text._ZN10helicopter10interfaces29GroundControlStationInterface17calculateChecksumEPhiRhS3_
                0x000043c2       0xaa interfaces/GroundControlStationInterface.o
                0x000043c2                _ZN10helicopter10interfaces29GroundControlStationInterface17calculateChecksumEPhiRhS3_
 .text._ZN10helicopter10interfaces29GroundControlStationInterface8transmitEPNS_8messages7MessageE
                0x0000446c      0x1cc interfaces/GroundControlStationInterface.o
                0x0000446c                _ZN10helicopter10interfaces29GroundControlStationInterface8transmitEPNS_8messages7MessageE
 .text._ZN10helicopter10interfaces29GroundControlStationInterface7receiveERPNS_8messages7MessageE
                0x00004638      0x2d0 interfaces/GroundControlStationInterface.o
                0x00004638                _ZN10helicopter10interfaces29GroundControlStationInterface7receiveERPNS_8messages7MessageE
 .text._ZN10helicopter8messages7MessageD2Ev
                0x00004908       0x3c messages/Message.o
                0x00004908                _ZN10helicopter8messages7MessageD1Ev
                0x00004908                _ZN10helicopter8messages7MessageD2Ev
 .text._ZN10helicopter8messages7MessageD0Ev
                0x00004944       0x2a messages/Message.o
                0x00004944                _ZN10helicopter8messages7MessageD0Ev
 .text._ZN10helicopter8messages7Message14getMessageSizeEv
                0x0000496e       0x24 messages/Message.o
                0x0000496e                _ZN10helicopter8messages7Message14getMessageSizeEv
 .text._ZN10helicopter8messages7Message8getBytesEv
                0x00004992       0x1e messages/Message.o
                0x00004992                _ZN10helicopter8messages7Message8getBytesEv
 .text._ZN10helicopter8messages7Message12buildMessageEPh
                0x000049b0       0x22 messages/Message.o
                0x000049b0                _ZN10helicopter8messages7Message12buildMessageEPh
 .text._ZN10helicopter8messages7MessageC2Ehi
                0x000049d2       0x4e messages/SyncMessage.o
                0x000049d2                _ZN10helicopter8messages7MessageC1Ehi
                0x000049d2                _ZN10helicopter8messages7MessageC2Ehi
 .text._ZN10helicopter8messages11SyncMessageC2Ev
                0x00004a20       0x36 messages/SyncMessage.o
                0x00004a20                _ZN10helicopter8messages11SyncMessageC1Ev
                0x00004a20                _ZN10helicopter8messages11SyncMessageC2Ev
 .text._ZN10helicopter8messages11SyncMessageD2Ev
                0x00004a56       0x44 messages/SyncMessage.o
                0x00004a56                _ZN10helicopter8messages11SyncMessageD2Ev
                0x00004a56                _ZN10helicopter8messages11SyncMessageD1Ev
 .text._ZN10helicopter8messages11SyncMessageD0Ev
                0x00004a9a       0x2a messages/SyncMessage.o
                0x00004a9a                _ZN10helicopter8messages11SyncMessageD0Ev
 .text._ZN10helicopter8messages11SyncMessage8getBytesEv
                0x00004ac4       0x4a messages/SyncMessage.o
                0x00004ac4                _ZN10helicopter8messages11SyncMessage8getBytesEv
 .text._ZN10helicopter8messages11SyncMessage12buildMessageEPh
                0x00004b0e       0x3a messages/SyncMessage.o
                0x00004b0e                _ZN10helicopter8messages11SyncMessage12buildMessageEPh
 .text._ZN10helicopter8messages7Message6encodeERPhRl
                0x00004b48       0x5c messages/SystemTelemetryMessage.o
                0x00004b48                _ZN10helicopter8messages7Message6encodeERPhRl
 .text._ZN10helicopter8messages7Message6encodeERPhRf
                0x00004ba4       0x5c messages/SystemTelemetryMessage.o
                0x00004ba4                _ZN10helicopter8messages7Message6encodeERPhRf
 .text._ZN10helicopter8messages7Message6encodeERPhRh
                0x00004c00       0x5a messages/SystemTelemetryMessage.o
                0x00004c00                _ZN10helicopter8messages7Message6encodeERPhRh
 .text._ZN10helicopter8messages7Message6decodeERPhRh
                0x00004c5a       0x5a messages/SystemTelemetryMessage.o
                0x00004c5a                _ZN10helicopter8messages7Message6decodeERPhRh
 .text._ZN10helicopter8messages7Message6decodeERPhRl
                0x00004cb4       0x5c messages/SystemTelemetryMessage.o
                0x00004cb4                _ZN10helicopter8messages7Message6decodeERPhRl
 .text._ZN10helicopter8messages7Message6decodeERPhRf
                0x00004d10       0x5c messages/SystemTelemetryMessage.o
                0x00004d10                _ZN10helicopter8messages7Message6decodeERPhRf
 .text._ZN10helicopter5model11SystemModel13MagYawDegreesEf
                0x00004d6c       0x40 messages/SystemTelemetryMessage.o
                0x00004d6c                _ZN10helicopter5model11SystemModel13MagYawDegreesEf
 .text._ZN10helicopter5model11SystemModel27YawVelocityDegreesPerSecondEf
                0x00004dac       0x40 messages/SystemTelemetryMessage.o
                0x00004dac                _ZN10helicopter5model11SystemModel27YawVelocityDegreesPerSecondEf
 .text._ZNK10helicopter5model11SystemModel15YawProportionalEv
                0x00004dec       0x2c messages/SystemTelemetryMessage.o
                0x00004dec                _ZNK10helicopter5model11SystemModel15YawProportionalEv
 .text._ZNK10helicopter5model11SystemModel18YawDerivativeErrorEv
                0x00004e18       0x2c messages/SystemTelemetryMessage.o
                0x00004e18                _ZNK10helicopter5model11SystemModel18YawDerivativeErrorEv
 .text._ZN10helicopter5model11SystemModel24XVelocityMetersPerSecondEf
                0x00004e44       0x40 messages/SystemTelemetryMessage.o
                0x00004e44                _ZN10helicopter5model11SystemModel24XVelocityMetersPerSecondEf
 .text._ZNK10helicopter5model11SystemModel13XProportionalEv
                0x00004e84       0x30 messages/SystemTelemetryMessage.o
                0x00004e84                _ZNK10helicopter5model11SystemModel13XProportionalEv
 .text._ZNK10helicopter5model11SystemModel16XDerivativeErrorEv
                0x00004eb4       0x30 messages/SystemTelemetryMessage.o
                0x00004eb4                _ZNK10helicopter5model11SystemModel16XDerivativeErrorEv
 .text._ZN10helicopter5model11SystemModel17ThetaPitchDegreesEf
                0x00004ee4       0x46 messages/SystemTelemetryMessage.o
                0x00004ee4                _ZN10helicopter5model11SystemModel17ThetaPitchDegreesEf
 .text._ZN10helicopter5model11SystemModel33PitchAngularVelocityRadsPerSecondEf
                0x00004f2a       0x46 messages/SystemTelemetryMessage.o
                0x00004f2a                _ZN10helicopter5model11SystemModel33PitchAngularVelocityRadsPerSecondEf
 .text._ZN10helicopter5model11SystemModel24YVelocityMetersPerSecondEf
                0x00004f70       0x46 messages/SystemTelemetryMessage.o
                0x00004f70                _ZN10helicopter5model11SystemModel24YVelocityMetersPerSecondEf
 .text._ZNK10helicopter5model11SystemModel13YProportionalEv
                0x00004fb6       0x30 messages/SystemTelemetryMessage.o
                0x00004fb6                _ZNK10helicopter5model11SystemModel13YProportionalEv
 .text._ZNK10helicopter5model11SystemModel16YDerivativeErrorEv
                0x00004fe6       0x30 messages/SystemTelemetryMessage.o
                0x00004fe6                _ZNK10helicopter5model11SystemModel16YDerivativeErrorEv
 .text._ZN10helicopter5model11SystemModel14PhiRollDegreesEf
                0x00005016       0x46 messages/SystemTelemetryMessage.o
                0x00005016                _ZN10helicopter5model11SystemModel14PhiRollDegreesEf
 .text._ZN10helicopter5model11SystemModel32RollAngularVelocityRadsPerSecondEf
                0x0000505c       0x46 messages/SystemTelemetryMessage.o
                0x0000505c                _ZN10helicopter5model11SystemModel32RollAngularVelocityRadsPerSecondEf
 .text._ZN10helicopter5model11SystemModel15AltitudeFeetAglEf
                0x000050a2       0x46 messages/SystemTelemetryMessage.o
                0x000050a2                _ZN10helicopter5model11SystemModel15AltitudeFeetAglEf
 .text._ZN10helicopter5model11SystemModel22ZVelocityFeetPerSecondEf
                0x000050e8       0x46 messages/SystemTelemetryMessage.o
                0x000050e8                _ZN10helicopter5model11SystemModel22ZVelocityFeetPerSecondEf
 .text._ZNK10helicopter5model11SystemModel13ZProportionalEv
                0x0000512e       0x30 messages/SystemTelemetryMessage.o
                0x0000512e                _ZNK10helicopter5model11SystemModel13ZProportionalEv
 .text._ZNK10helicopter5model11SystemModel16ZDerivativeErrorEv
                0x0000515e       0x30 messages/SystemTelemetryMessage.o
                0x0000515e                _ZNK10helicopter5model11SystemModel16ZDerivativeErrorEv
 .text._ZN10helicopter5model11SystemModel15LatitudeDegreesEf
                0x0000518e       0x46 messages/SystemTelemetryMessage.o
                0x0000518e                _ZN10helicopter5model11SystemModel15LatitudeDegreesEf
 .text._ZN10helicopter5model11SystemModel16LongitudeDegreesEf
                0x000051d4       0x46 messages/SystemTelemetryMessage.o
                0x000051d4                _ZN10helicopter5model11SystemModel16LongitudeDegreesEf
 .text._ZNK10helicopter5model11SystemModel8TimeoutsEv
                0x0000521a       0x30 messages/SystemTelemetryMessage.o
                0x0000521a                _ZNK10helicopter5model11SystemModel8TimeoutsEv
 .text._ZN10helicopter5model11SystemModel8TimeoutsEl
                0x0000524a       0x46 messages/SystemTelemetryMessage.o
                0x0000524a                _ZN10helicopter5model11SystemModel8TimeoutsEl
 .text._ZNK10helicopter5model11SystemModel20UnrecognizedMsgTypesEv
                0x00005290       0x30 messages/SystemTelemetryMessage.o
                0x00005290                _ZNK10helicopter5model11SystemModel20UnrecognizedMsgTypesEv
 .text._ZN10helicopter5model11SystemModel20UnrecognizedMsgTypesEl
                0x000052c0       0x46 messages/SystemTelemetryMessage.o
                0x000052c0                _ZN10helicopter5model11SystemModel20UnrecognizedMsgTypesEl
 .text._ZNK10helicopter5model11SystemModel14ChecksumErrorsEv
                0x00005306       0x30 messages/SystemTelemetryMessage.o
                0x00005306                _ZNK10helicopter5model11SystemModel14ChecksumErrorsEv
 .text._ZN10helicopter5model11SystemModel14ChecksumErrorsEl
                0x00005336       0x46 messages/SystemTelemetryMessage.o
                0x00005336                _ZN10helicopter5model11SystemModel14ChecksumErrorsEl
 .text._ZN10helicopter8messages22SystemTelemetryMessageC2Ev
                0x0000537c      0x3fe messages/SystemTelemetryMessage.o
                0x0000537c                _ZN10helicopter8messages22SystemTelemetryMessageC2Ev
                0x0000537c                _ZN10helicopter8messages22SystemTelemetryMessageC1Ev
 .text._ZN10helicopter8messages22SystemTelemetryMessageD2Ev
                0x0000577a       0x44 messages/SystemTelemetryMessage.o
                0x0000577a                _ZN10helicopter8messages22SystemTelemetryMessageD2Ev
                0x0000577a                _ZN10helicopter8messages22SystemTelemetryMessageD1Ev
 .text._ZN10helicopter8messages22SystemTelemetryMessageD0Ev
                0x000057be       0x2a messages/SystemTelemetryMessage.o
                0x000057be                _ZN10helicopter8messages22SystemTelemetryMessageD0Ev
 .text._ZN10helicopter8messages22SystemTelemetryMessage8getBytesEv
                0x000057e8      0x61e messages/SystemTelemetryMessage.o
                0x000057e8                _ZN10helicopter8messages22SystemTelemetryMessage8getBytesEv
 .text._ZN10helicopter8messages22SystemTelemetryMessage12buildMessageEPh
                0x00005e06      0x610 messages/SystemTelemetryMessage.o
                0x00005e06                _ZN10helicopter8messages22SystemTelemetryMessage12buildMessageEPh
 .text._ZN10helicopter8messages22SystemTelemetryMessage14buildMessageStEPh
                0x00006416       0x5e messages/SystemTelemetryMessage.o
                0x00006416                _ZN10helicopter8messages22SystemTelemetryMessage14buildMessageStEPh
 .text._ZN10helicopter8messages22SystemTelemetryMessage21buildMessageFromModelEPNS_5model11SystemModelE
                0x00006474      0x444 messages/SystemTelemetryMessage.o
                0x00006474                _ZN10helicopter8messages22SystemTelemetryMessage21buildMessageFromModelEPNS_5model11SystemModelE
 .text._ZN10helicopter8messages22SystemTelemetryMessage35updateModelFromMessageFromSimulatorEPNS_5model11SystemModelE
                0x000068b8      0x1a6 messages/SystemTelemetryMessage.o
                0x000068b8                _ZN10helicopter8messages22SystemTelemetryMessage35updateModelFromMessageFromSimulatorEPNS_5model11SystemModelE
 .text._ZN10helicopter5tasks4Task8getDelayEv
                0x00006a5e       0x24 scheduler/Scheduler.o
                0x00006a5e                _ZN10helicopter5tasks4Task8getDelayEv
 .text._ZN10helicopter5tasks4Task9getPeriodEv
                0x00006a82       0x24 scheduler/Scheduler.o
                0x00006a82                _ZN10helicopter5tasks4Task9getPeriodEv
 .text._ZN10helicopter5tasks4Task8setDelayEi
                0x00006aa6       0x30 scheduler/Scheduler.o
                0x00006aa6                _ZN10helicopter5tasks4Task8setDelayEi
 .text._ZN10helicopter5tasks4Task15getIsReadyToRunEv
                0x00006ad6       0x22 scheduler/Scheduler.o
                0x00006ad6                _ZN10helicopter5tasks4Task15getIsReadyToRunEv
 .text._ZN10helicopter5tasks4Task15setIsReadyToRunEb
                0x00006af8       0x26 scheduler/Scheduler.o
                0x00006af8                _ZN10helicopter5tasks4Task15setIsReadyToRunEb
 .text._ZN10helicopter5tasks4Task11reduceDelayEv
                0x00006b1e       0x34 scheduler/Scheduler.o
                0x00006b1e                _ZN10helicopter5tasks4Task11reduceDelayEv
 .text._ZN10helicopter9scheduler9Scheduler13getNumOfTasksEv
                0x00006b52       0x24 scheduler/Scheduler.o
                0x00006b52                _ZN10helicopter9scheduler9Scheduler13getNumOfTasksEv
 .text._ZN10helicopter9scheduler9Scheduler8getTasksEv
                0x00006b76       0x1e scheduler/Scheduler.o
                0x00006b76                _ZN10helicopter9scheduler9Scheduler8getTasksEv
 .text._ZN10helicopter9scheduler9Scheduler13hasBlownFrameEb
                0x00006b94       0x26 scheduler/Scheduler.o
                0x00006b94                _ZN10helicopter9scheduler9Scheduler13hasBlownFrameEb
 .text._ZN10helicopter9scheduler9Scheduler20hasCompletedDispatchEv
                0x00006bba       0x22 scheduler/Scheduler.o
                0x00006bba                _ZN10helicopter9scheduler9Scheduler20hasCompletedDispatchEv
 .text._ZN10helicopter9scheduler9Scheduler12getSchedulerEv
                0x00006bdc       0x5a scheduler/Scheduler.o
                0x00006bdc                _ZN10helicopter9scheduler9Scheduler12getSchedulerEv
 .text._ZN10helicopter9scheduler9SchedulerC2Em9PRESCALERi
                0x00006c36       0xc6 scheduler/Scheduler.o
                0x00006c36                _ZN10helicopter9scheduler9SchedulerC2Em9PRESCALERi
                0x00006c36                _ZN10helicopter9scheduler9SchedulerC1Em9PRESCALERi
 .text._ZN10helicopter9scheduler9Scheduler7addTaskEPNS_5tasks4TaskE
                0x00006cfc       0x76 scheduler/Scheduler.o
                0x00006cfc                _ZN10helicopter9scheduler9Scheduler7addTaskEPNS_5tasks4TaskE
 .text._ZN10helicopter9scheduler9Scheduler4initEv
                0x00006d72       0xc2 scheduler/Scheduler.o
                0x00006d72                _ZN10helicopter9scheduler9Scheduler4initEv
 .text._ZN10helicopter9scheduler9Scheduler8dispatchEv
                0x00006e34       0xee scheduler/Scheduler.o
                0x00006e34                _ZN10helicopter9scheduler9Scheduler8dispatchEv
 .text._ZN10helicopter9scheduler9Scheduler5startEv
                0x00006f22       0xc6 scheduler/Scheduler.o
                0x00006f22                _ZN10helicopter9scheduler9Scheduler5startEv
 .text.__vector_17
                0x00006fe8      0x122 scheduler/Scheduler.o
                0x00006fe8                __vector_17
 .text._ZN10helicopter5tasks4Task4initEv
                0x0000710a       0x1a tasks/PIDInnerLoopTask.o
                0x0000710a                _ZN10helicopter5tasks4Task4initEv
 .text._ZN10helicopter5tasks16PIDInnerLoopTaskC2EPNS_10controller13PIDControllerEii
                0x00007124       0x64 tasks/PIDInnerLoopTask.o
                0x00007124                _ZN10helicopter5tasks16PIDInnerLoopTaskC2EPNS_10controller13PIDControllerEii
                0x00007124                _ZN10helicopter5tasks16PIDInnerLoopTaskC1EPNS_10controller13PIDControllerEii
 .text._ZN10helicopter5tasks16PIDInnerLoopTask11runTaskImplEv
                0x00007188       0x36 tasks/PIDInnerLoopTask.o
                0x00007188                _ZN10helicopter5tasks16PIDInnerLoopTask11runTaskImplEv
 .text._ZN10helicopter5tasks16PIDInnerLoopTaskD2Ev
                0x000071be       0x44 tasks/PIDInnerLoopTask.o
                0x000071be                _ZN10helicopter5tasks16PIDInnerLoopTaskD1Ev
                0x000071be                _ZN10helicopter5tasks16PIDInnerLoopTaskD2Ev
 .text._ZN10helicopter5tasks16PIDInnerLoopTaskD0Ev
                0x00007202       0x2a tasks/PIDInnerLoopTask.o
                0x00007202                _ZN10helicopter5tasks16PIDInnerLoopTaskD0Ev
 .text._ZN10helicopter5tasks16PIDOuterLoopTaskC2EPNS_10controller13PIDControllerEii
                0x0000722c       0x64 tasks/PIDOuterLoopTask.o
                0x0000722c                _ZN10helicopter5tasks16PIDOuterLoopTaskC1EPNS_10controller13PIDControllerEii
                0x0000722c                _ZN10helicopter5tasks16PIDOuterLoopTaskC2EPNS_10controller13PIDControllerEii
 .text._ZN10helicopter5tasks16PIDOuterLoopTask11runTaskImplEv
                0x00007290       0x52 tasks/PIDOuterLoopTask.o
                0x00007290                _ZN10helicopter5tasks16PIDOuterLoopTask11runTaskImplEv
 .text._ZN10helicopter5tasks16PIDOuterLoopTaskD2Ev
                0x000072e2       0x44 tasks/PIDOuterLoopTask.o
                0x000072e2                _ZN10helicopter5tasks16PIDOuterLoopTaskD1Ev
                0x000072e2                _ZN10helicopter5tasks16PIDOuterLoopTaskD2Ev
 .text._ZN10helicopter5tasks16PIDOuterLoopTaskD0Ev
                0x00007326       0x2a tasks/PIDOuterLoopTask.o
                0x00007326                _ZN10helicopter5tasks16PIDOuterLoopTaskD0Ev
 .text._ZN10helicopter5model11SystemModel13XNEDBodyFrameEf
                0x00007350       0x40 tasks/SensorProcessingTask.o
                0x00007350                _ZN10helicopter5model11SystemModel13XNEDBodyFrameEf
 .text._ZN10helicopter5model11SystemModel13YNEDBodyFrameEf
                0x00007390       0x46 tasks/SensorProcessingTask.o
                0x00007390                _ZN10helicopter5model11SystemModel13YNEDBodyFrameEf
 .text._ZN10helicopter5model11SystemModel13ZNEDBodyFrameEf
                0x000073d6       0x46 tasks/SensorProcessingTask.o
                0x000073d6                _ZN10helicopter5model11SystemModel13ZNEDBodyFrameEf
 .text._ZNK10helicopter5model11SystemModel20InitialXPositionEcefEv
                0x0000741c       0x3c tasks/SensorProcessingTask.o
                0x0000741c                _ZNK10helicopter5model11SystemModel20InitialXPositionEcefEv
 .text._ZNK10helicopter5model11SystemModel20InitialYPositionEcefEv
                0x00007458       0x3c tasks/SensorProcessingTask.o
                0x00007458                _ZNK10helicopter5model11SystemModel20InitialYPositionEcefEv
 .text._ZNK10helicopter5model11SystemModel20InitialZPositionEcefEv
                0x00007494       0x3c tasks/SensorProcessingTask.o
                0x00007494                _ZNK10helicopter5model11SystemModel20InitialZPositionEcefEv
 .text._ZN10helicopter5tasks20SensorProcessingTaskC2EPNS_5model11SystemModelEii
                0x000074d0       0x64 tasks/SensorProcessingTask.o
                0x000074d0                _ZN10helicopter5tasks20SensorProcessingTaskC1EPNS_5model11SystemModelEii
                0x000074d0                _ZN10helicopter5tasks20SensorProcessingTaskC2EPNS_5model11SystemModelEii
 .text._ZN10helicopter5tasks20SensorProcessingTask11runTaskImplEv
                0x00007534      0x1f4 tasks/SensorProcessingTask.o
                0x00007534                _ZN10helicopter5tasks20SensorProcessingTask11runTaskImplEv
 .text._ZN10helicopter5tasks20SensorProcessingTaskD2Ev
                0x00007728       0x44 tasks/SensorProcessingTask.o
                0x00007728                _ZN10helicopter5tasks20SensorProcessingTaskD1Ev
                0x00007728                _ZN10helicopter5tasks20SensorProcessingTaskD2Ev
 .text._ZN10helicopter5tasks20SensorProcessingTaskD0Ev
                0x0000776c       0x2a tasks/SensorProcessingTask.o
                0x0000776c                _ZN10helicopter5tasks20SensorProcessingTaskD0Ev
 .text._ZN10helicopter10controller13PIDController16setZIntegralGainEf
                0x00007796       0x46 tasks/SimTelemetryTask.o
                0x00007796                _ZN10helicopter10controller13PIDController16setZIntegralGainEf
 .text._ZN10helicopter10controller13PIDController18setZDerivativeGainEf
                0x000077dc       0x46 tasks/SimTelemetryTask.o
                0x000077dc                _ZN10helicopter10controller13PIDController18setZDerivativeGainEf
 .text._ZN10helicopter10controller13PIDController20setZProportionalGainEf
                0x00007822       0x46 tasks/SimTelemetryTask.o
                0x00007822                _ZN10helicopter10controller13PIDController20setZProportionalGainEf
 .text._ZN10helicopter10controller13PIDController18setZAntiWindupGainEf
                0x00007868       0x46 tasks/SimTelemetryTask.o
                0x00007868                _ZN10helicopter10controller13PIDController18setZAntiWindupGainEf
 .text._ZN10helicopter5tasks16SimTelemetryTaskC2EPNS_10interfaces29GroundControlStationInterfaceEPNS_5model11SystemModelEPNS_10controller13PIDControllerEii
                0x000078ae       0x98 tasks/SimTelemetryTask.o
                0x000078ae                _ZN10helicopter5tasks16SimTelemetryTaskC2EPNS_10interfaces29GroundControlStationInterfaceEPNS_5model11SystemModelEPNS_10controller13PIDControllerEii
                0x000078ae                _ZN10helicopter5tasks16SimTelemetryTaskC1EPNS_10interfaces29GroundControlStationInterfaceEPNS_5model11SystemModelEPNS_10controller13PIDControllerEii
 .text._ZN10helicopter5tasks16SimTelemetryTask11runTaskImplEv
                0x00007946      0x472 tasks/SimTelemetryTask.o
                0x00007946                _ZN10helicopter5tasks16SimTelemetryTask11runTaskImplEv
 .text._ZN10helicopter5tasks16SimTelemetryTaskD2Ev
                0x00007db8       0x44 tasks/SimTelemetryTask.o
                0x00007db8                _ZN10helicopter5tasks16SimTelemetryTaskD1Ev
                0x00007db8                _ZN10helicopter5tasks16SimTelemetryTaskD2Ev
 .text._ZN10helicopter5tasks16SimTelemetryTaskD0Ev
                0x00007dfc       0x2a tasks/SimTelemetryTask.o
                0x00007dfc                _ZN10helicopter5tasks16SimTelemetryTaskD0Ev
 .text._ZN10helicopter5tasks4Task11runTaskImplEv
                0x00007e26       0x1a tasks/Task.o
                0x00007e26                _ZN10helicopter5tasks4Task11runTaskImplEv
 .text._ZN10helicopter5tasks4TaskC2Eii
                0x00007e40       0x5c tasks/Task.o
                0x00007e40                _ZN10helicopter5tasks4TaskC2Eii
                0x00007e40                _ZN10helicopter5tasks4TaskC1Eii
 .text._ZN10helicopter5tasks4Task7runTaskEv
                0x00007e9c       0x36 tasks/Task.o
                0x00007e9c                _ZN10helicopter5tasks4Task7runTaskEv
 .text._ZN10helicopter5tasks21TransmitTelemetryTaskC2EPNS_10interfaces29GroundControlStationInterfaceEPNS_5model11SystemModelEii
                0x00007ed2       0x7e tasks/TransmitTelemetryTask.o
                0x00007ed2                _ZN10helicopter5tasks21TransmitTelemetryTaskC2EPNS_10interfaces29GroundControlStationInterfaceEPNS_5model11SystemModelEii
                0x00007ed2                _ZN10helicopter5tasks21TransmitTelemetryTaskC1EPNS_10interfaces29GroundControlStationInterfaceEPNS_5model11SystemModelEii
 .text._ZN10helicopter5tasks21TransmitTelemetryTask11runTaskImplEv
                0x00007f50       0x66 tasks/TransmitTelemetryTask.o
                0x00007f50                _ZN10helicopter5tasks21TransmitTelemetryTask11runTaskImplEv
 .text._ZN10helicopter5tasks21TransmitTelemetryTaskD2Ev
                0x00007fb6       0x44 tasks/TransmitTelemetryTask.o
                0x00007fb6                _ZN10helicopter5tasks21TransmitTelemetryTaskD1Ev
                0x00007fb6                _ZN10helicopter5tasks21TransmitTelemetryTaskD2Ev
 .text._ZN10helicopter5tasks21TransmitTelemetryTaskD0Ev
                0x00007ffa       0x2a tasks/TransmitTelemetryTask.o
                0x00007ffa                _ZN10helicopter5tasks21TransmitTelemetryTaskD0Ev
 .text._Znwj    0x00008024       0x22 util/CommonHeader.o
                0x00008024                _Znwj
 .text._ZdlPv   0x00008046       0x2a util/CommonHeader.o
                0x00008046                _ZdlPv
 .text._Znaj    0x00008070       0x22 util/CommonHeader.o
                0x00008070                _Znaj
 .text._ZdaPv   0x00008092       0x2a util/CommonHeader.o
                0x00008092                _ZdaPv
 .text._ZN10helicopter4util14CoordinateUtil12DegreesToRadEf
                0x000080bc       0x3e util/CoordinateUtil.o
                0x000080bc                _ZN10helicopter4util14CoordinateUtil12DegreesToRadEf
 .text._ZN10helicopter4util14CoordinateUtil37CalculateECEFToLocalNEDRotationMatrixEffPA3_f
                0x000080fa      0x28c util/CoordinateUtil.o
                0x000080fa                _ZN10helicopter4util14CoordinateUtil37CalculateECEFToLocalNEDRotationMatrixEffPA3_f
 .text._ZN10helicopter4util14CoordinateUtil11calculateNeEff
                0x00008386       0xd2 util/CoordinateUtil.o
                0x00008386                _ZN10helicopter4util14CoordinateUtil11calculateNeEff
 .text._ZN10helicopter4util14CoordinateUtil25ConvertFromGeodeticToECEFEfffRfS2_S2_
                0x00008458      0x21c util/CoordinateUtil.o
                0x00008458                _ZN10helicopter4util14CoordinateUtil25ConvertFromGeodeticToECEFEfffRfS2_S2_
 .text._ZN10helicopter4util14CoordinateUtil25ConvertFromECEFToLocalNEDEffffffPA3_fRfS4_S4_
                0x00008674      0x266 util/CoordinateUtil.o
                0x00008674                _ZN10helicopter4util14CoordinateUtil25ConvertFromECEFToLocalNEDEffffffPA3_fRfS4_S4_
 .text._ZN10helicopter4util14CoordinateUtil29ConvertFromGeodedicToLocalNEDEffffffPA3_fRfS4_S4_
                0x000088da      0x164 util/CoordinateUtil.o
                0x000088da                _ZN10helicopter4util14CoordinateUtil29ConvertFromGeodedicToLocalNEDEffffffPA3_fRfS4_S4_
 .text._ZN10helicopter4util5Timer10startTimerEv
                0x00008a3e      0x174 util/Timer.o
                0x00008a3e                _ZN10helicopter4util5Timer10startTimerEv
 .text._ZN10helicopter4util5Timer11hasTimedoutEv
                0x00008bb2       0x34 util/Timer.o
                0x00008bb2                _ZN10helicopter4util5Timer11hasTimedoutEv
 .text._ZN10helicopter4util5Timer9stopTimerEv
                0x00008be6       0x3e util/Timer.o
                0x00008be6                _ZN10helicopter4util5Timer9stopTimerEv
 .text.avr-libc.fplib
                0x00008c24        0xa c:/program files (x86)/atmel/atmel toolchain/avr8 gcc/native/3.4.2.1002/avr8-gnu-toolchain/bin/../lib/gcc/avr/4.7.2/../../../../avr/lib/avr6\libm.a(addsf3.o)
                0x00008c24                __subsf3
                0x00008c26                __addsf3
 .text.avr-libc.fplib
                0x00008c2e       0xc0 c:/program files (x86)/atmel/atmel toolchain/avr8 gcc/native/3.4.2.1002/avr8-gnu-toolchain/bin/../lib/gcc/avr/4.7.2/../../../../avr/lib/avr6\libm.a(addsf3x.o)
                0x00008c48                __addsf3x
 .text.avr-libc.fplib
                0x00008cee        0x8 c:/program files (x86)/atmel/atmel toolchain/avr8 gcc/native/3.4.2.1002/avr8-gnu-toolchain/bin/../lib/gcc/avr/4.7.2/../../../../avr/lib/avr6\libm.a(cmpsf2.o)
                0x00008cee                __nesf2
                0x00008cee                __eqsf2
                0x00008cee                __cmpsf2
                0x00008cee                __ltsf2
                0x00008cee                __lesf2
 .text.avr-libc.fplib
                0x00008cf6        0x6 c:/program files (x86)/atmel/atmel toolchain/avr8 gcc/native/3.4.2.1002/avr8-gnu-toolchain/bin/../lib/gcc/avr/4.7.2/../../../../avr/lib/avr6\libm.a(cos.o)
                0x00008cf6                cos
 .text.avr-libc.fplib
                0x00008cfc        0x4 c:/program files (x86)/atmel/atmel toolchain/avr8 gcc/native/3.4.2.1002/avr8-gnu-toolchain/bin/../lib/gcc/avr/4.7.2/../../../../avr/lib/avr6\libm.a(divsf3.o)
                0x00008cfc                __divsf3
 .text.avr-libc.fplib
                0x00008d00       0xcc c:/program files (x86)/atmel/atmel toolchain/avr8 gcc/native/3.4.2.1002/avr8-gnu-toolchain/bin/../lib/gcc/avr/4.7.2/../../../../avr/lib/avr6\libm.a(divsf3x.o)
                0x00008d16                __divsf3x
                0x00008d1a                __divsf3_pse
 .text.avr-libc.fplib
                0x00008dcc        0xa c:/program files (x86)/atmel/atmel toolchain/avr8 gcc/native/3.4.2.1002/avr8-gnu-toolchain/bin/../lib/gcc/avr/4.7.2/../../../../avr/lib/avr6\libm.a(fixsfsi.o)
                0x00008dcc                __fixsfsi
 .text.avr-libc.fplib
                0x00008dd6       0x58 c:/program files (x86)/atmel/atmel toolchain/avr8 gcc/native/3.4.2.1002/avr8-gnu-toolchain/bin/../lib/gcc/avr/4.7.2/../../../../avr/lib/avr6\libm.a(fixunssfsi.o)
                0x00008dd6                __fixunssfsi
 .text.avr-libc.fplib
                0x00008e2e       0x7a c:/program files (x86)/atmel/atmel toolchain/avr8 gcc/native/3.4.2.1002/avr8-gnu-toolchain/bin/../lib/gcc/avr/4.7.2/../../../../avr/lib/avr6\libm.a(floatsisf.o)
                0x00008e2e                __floatunsisf
                0x00008e32                __floatsisf
 .text.avr-libc.fplib
                0x00008ea8       0x26 c:/program files (x86)/atmel/atmel toolchain/avr8 gcc/native/3.4.2.1002/avr8-gnu-toolchain/bin/../lib/gcc/avr/4.7.2/../../../../avr/lib/avr6\libm.a(floor.o)
                0x00008ea8                floor
 .text.avr-libc.fplib
                0x00008ece       0x48 c:/program files (x86)/atmel/atmel toolchain/avr8 gcc/native/3.4.2.1002/avr8-gnu-toolchain/bin/../lib/gcc/avr/4.7.2/../../../../avr/lib/avr6\libm.a(fp_cmp.o)
                0x00008ece                __fp_cmp
 .text.avr-libc.fplib
                0x00008f16        0xc c:/program files (x86)/atmel/atmel toolchain/avr8 gcc/native/3.4.2.1002/avr8-gnu-toolchain/bin/../lib/gcc/avr/4.7.2/../../../../avr/lib/avr6\libm.a(fp_inf.o)
                0x00008f16                __fp_inf
 .text.avr-libc.fplib
                0x00008f22       0x36 c:/program files (x86)/atmel/atmel toolchain/avr8 gcc/native/3.4.2.1002/avr8-gnu-toolchain/bin/../lib/gcc/avr/4.7.2/../../../../avr/lib/avr6\libm.a(fp_mintl.o)
                0x00008f22                __fp_mintl
 .text.avr-libc.fplib
                0x00008f58       0x1c c:/program files (x86)/atmel/atmel toolchain/avr8 gcc/native/3.4.2.1002/avr8-gnu-toolchain/bin/../lib/gcc/avr/4.7.2/../../../../avr/lib/avr6\libm.a(fp_mpack.o)
                0x00008f58                __fp_mpack
                0x00008f5c                __fp_mpack_finite
 .text.avr-libc.fplib
                0x00008f74        0x6 c:/program files (x86)/atmel/atmel toolchain/avr8 gcc/native/3.4.2.1002/avr8-gnu-toolchain/bin/../lib/gcc/avr/4.7.2/../../../../avr/lib/avr6\libm.a(fp_nan.o)
                0x00008f74                __fp_nan
 .text.avr-libc.fplib
                0x00008f7a        0xe c:/program files (x86)/atmel/atmel toolchain/avr8 gcc/native/3.4.2.1002/avr8-gnu-toolchain/bin/../lib/gcc/avr/4.7.2/../../../../avr/lib/avr6\libm.a(fp_pscA.o)
                0x00008f7a                __fp_pscA
 .text.avr-libc.fplib
                0x00008f88        0xe c:/program files (x86)/atmel/atmel toolchain/avr8 gcc/native/3.4.2.1002/avr8-gnu-toolchain/bin/../lib/gcc/avr/4.7.2/../../../../avr/lib/avr6\libm.a(fp_pscB.o)
                0x00008f88                __fp_pscB
 .text.avr-libc.fplib
                0x00008f96       0x50 c:/program files (x86)/atmel/atmel toolchain/avr8 gcc/native/3.4.2.1002/avr8-gnu-toolchain/bin/../lib/gcc/avr/4.7.2/../../../../avr/lib/avr6\libm.a(fp_rempio2.o)
                0x00008f98                __fp_rempio2
 .text.avr-libc.fplib
                0x00008fe6       0x22 c:/program files (x86)/atmel/atmel toolchain/avr8 gcc/native/3.4.2.1002/avr8-gnu-toolchain/bin/../lib/gcc/avr/4.7.2/../../../../avr/lib/avr6\libm.a(fp_round.o)
                0x00008fe6                __fp_round
 .text.avr-libc.fplib
                0x00009008       0x22 c:/program files (x86)/atmel/atmel toolchain/avr8 gcc/native/3.4.2.1002/avr8-gnu-toolchain/bin/../lib/gcc/avr/4.7.2/../../../../avr/lib/avr6\libm.a(fp_sinus.o)
                0x00009008                __fp_sinus
 .text.avr-libc.fplib
                0x0000902a       0x44 c:/program files (x86)/atmel/atmel toolchain/avr8 gcc/native/3.4.2.1002/avr8-gnu-toolchain/bin/../lib/gcc/avr/4.7.2/../../../../avr/lib/avr6\libm.a(fp_split3.o)
                0x0000902a                __fp_split3
                0x0000903a                __fp_splitA
 .text.avr-libc.fplib
                0x0000906e       0x2e c:/program files (x86)/atmel/atmel toolchain/avr8 gcc/native/3.4.2.1002/avr8-gnu-toolchain/bin/../lib/gcc/avr/4.7.2/../../../../avr/lib/avr6\libm.a(fp_trunc.o)
                0x0000906e                __fp_trunc
 .text.avr-libc.fplib
                0x0000909c        0xe c:/program files (x86)/atmel/atmel toolchain/avr8 gcc/native/3.4.2.1002/avr8-gnu-toolchain/bin/../lib/gcc/avr/4.7.2/../../../../avr/lib/avr6\libm.a(fp_zero.o)
                0x0000909c                __fp_zero
                0x0000909e                __fp_szero
 .text.avr-libc.fplib
                0x000090aa        0x8 c:/program files (x86)/atmel/atmel toolchain/avr8 gcc/native/3.4.2.1002/avr8-gnu-toolchain/bin/../lib/gcc/avr/4.7.2/../../../../avr/lib/avr6\libm.a(gesf2.o)
                0x000090aa                __gesf2
                0x000090aa                __gtsf2
 .text.avr-libc.fplib
                0x000090b2        0x4 c:/program files (x86)/atmel/atmel toolchain/avr8 gcc/native/3.4.2.1002/avr8-gnu-toolchain/bin/../lib/gcc/avr/4.7.2/../../../../avr/lib/avr6\libm.a(mulsf3.o)
                0x000090b2                __mulsf3
 .text.avr-libc.fplib
                0x000090b6       0xc2 c:/program files (x86)/atmel/atmel toolchain/avr8 gcc/native/3.4.2.1002/avr8-gnu-toolchain/bin/../lib/gcc/avr/4.7.2/../../../../avr/lib/avr6\libm.a(mulsf3x.o)
                0x000090ca                __mulsf3x
                0x000090ce                __mulsf3_pse
 .text.avr-libc.fplib
                0x00009178       0x98 c:/program files (x86)/atmel/atmel toolchain/avr8 gcc/native/3.4.2.1002/avr8-gnu-toolchain/bin/../lib/gcc/avr/4.7.2/../../../../avr/lib/avr6\libm.a(pow.o)
                0x00009178                pow
 .text.avr-libc.fplib
                0x00009210        0xc c:/program files (x86)/atmel/atmel toolchain/avr8 gcc/native/3.4.2.1002/avr8-gnu-toolchain/bin/../lib/gcc/avr/4.7.2/../../../../avr/lib/avr6\libm.a(sin.o)
                0x00009210                sin
 .text.avr-libc.fplib
                0x0000921c       0x84 c:/program files (x86)/atmel/atmel toolchain/avr8 gcc/native/3.4.2.1002/avr8-gnu-toolchain/bin/../lib/gcc/avr/4.7.2/../../../../avr/lib/avr6\libm.a(sqrt.o)
                0x00009224                sqrt
 .text.avr-libc.fplib
                0x000092a0       0x62 c:/program files (x86)/atmel/atmel toolchain/avr8 gcc/native/3.4.2.1002/avr8-gnu-toolchain/bin/../lib/gcc/avr/4.7.2/../../../../avr/lib/avr6\libm.a(exp.o)
                0x000092aa                exp
 .text.avr-libc.fplib
                0x00009302        0xe c:/program files (x86)/atmel/atmel toolchain/avr8 gcc/native/3.4.2.1002/avr8-gnu-toolchain/bin/../lib/gcc/avr/4.7.2/../../../../avr/lib/avr6\libm.a(fp_norm2.o)
                0x00009302                __fp_norm2
 .text.avr-libc.fplib
                0x00009310       0x4a c:/program files (x86)/atmel/atmel toolchain/avr8 gcc/native/3.4.2.1002/avr8-gnu-toolchain/bin/../lib/gcc/avr/4.7.2/../../../../avr/lib/avr6\libm.a(fp_powser.o)
                0x00009310                __fp_powser
 .text.avr-libc.fplib
                0x0000935a       0x22 c:/program files (x86)/atmel/atmel toolchain/avr8 gcc/native/3.4.2.1002/avr8-gnu-toolchain/bin/../lib/gcc/avr/4.7.2/../../../../avr/lib/avr6\libm.a(fp_powsodd.o)
                0x0000935a                __fp_powsodd
 .text.avr-libc.fplib
                0x0000937c        0xe c:/program files (x86)/atmel/atmel toolchain/avr8 gcc/native/3.4.2.1002/avr8-gnu-toolchain/bin/../lib/gcc/avr/4.7.2/../../../../avr/lib/avr6\libm.a(inverse.o)
                0x0000937c                inverse
 .text.avr-libc.fplib
                0x0000938a       0x6c c:/program files (x86)/atmel/atmel toolchain/avr8 gcc/native/3.4.2.1002/avr8-gnu-toolchain/bin/../lib/gcc/avr/4.7.2/../../../../avr/lib/avr6\libm.a(ldexp.o)
                0x0000938e                ldexp
 .text.avr-libc.fplib
                0x000093f6       0x8a c:/program files (x86)/atmel/atmel toolchain/avr8 gcc/native/3.4.2.1002/avr8-gnu-toolchain/bin/../lib/gcc/avr/4.7.2/../../../../avr/lib/avr6\libm.a(log.o)
                0x00009400                log
 .text.avr-libc.fplib
                0x00009480       0x66 c:/program files (x86)/atmel/atmel toolchain/avr8 gcc/native/3.4.2.1002/avr8-gnu-toolchain/bin/../lib/gcc/avr/4.7.2/../../../../avr/lib/avr6\libm.a(modf.o)
                0x00009480                modf
                0x00009480                modff
 .text.libgcc.div
                0x000094e6       0x28 c:/program files (x86)/atmel/atmel toolchain/avr8 gcc/native/3.4.2.1002/avr8-gnu-toolchain/bin/../lib/gcc/avr/4.7.2/avr6\libgcc.a(_divmodhi4.o)
                0x000094e6                _div
                0x000094e6                __divmodhi4
 .text.libgcc.div
                0x0000950e       0x44 c:/program files (x86)/atmel/atmel toolchain/avr8 gcc/native/3.4.2.1002/avr8-gnu-toolchain/bin/../lib/gcc/avr/4.7.2/avr6\libgcc.a(_udivmodsi4.o)
                0x0000950e                __udivmodsi4
 .text.libgcc.div
                0x00009552       0x28 c:/program files (x86)/atmel/atmel toolchain/avr8 gcc/native/3.4.2.1002/avr8-gnu-toolchain/bin/../lib/gcc/avr/4.7.2/avr6\libgcc.a(_udivmodhi4.o)
                0x00009552                __udivmodhi4
 .text.avr-libc
                0x0000957a      0x274 c:/program files (x86)/atmel/atmel toolchain/avr8 gcc/native/3.4.2.1002/avr8-gnu-toolchain/bin/../lib/gcc/avr/4.7.2/../../../../avr/lib/avr6\libc.a(malloc.o)
                0x0000957a                malloc
                0x000096b0                free
 .text.avr-libc
                0x000097ee       0x12 c:/program files (x86)/atmel/atmel toolchain/avr8 gcc/native/3.4.2.1002/avr8-gnu-toolchain/bin/../lib/gcc/avr/4.7.2/../../../../avr/lib/avr6\libc.a(memcpy.o)
                0x000097ee                memcpy
                0x00009800                . = ALIGN (0x2)
 *(.fini9)
 .fini9         0x00009800        0x0 c:/program files (x86)/atmel/atmel toolchain/avr8 gcc/native/3.4.2.1002/avr8-gnu-toolchain/bin/../lib/gcc/avr/4.7.2/avr6\libgcc.a(_exit.o)
                0x00009800                _exit
                0x00009800                exit
 *(.fini9)
 *(.fini8)
 *(.fini8)
 *(.fini7)
 *(.fini7)
 *(.fini6)
 *(.fini6)
 *(.fini5)
 *(.fini5)
 *(.fini4)
 *(.fini4)
 *(.fini3)
 *(.fini3)
 *(.fini2)
 *(.fini2)
 *(.fini1)
 *(.fini1)
 *(.fini0)
 .fini0         0x00009800        0x4 c:/program files (x86)/atmel/atmel toolchain/avr8 gcc/native/3.4.2.1002/avr8-gnu-toolchain/bin/../lib/gcc/avr/4.7.2/avr6\libgcc.a(_exit.o)
 *(.fini0)
                0x00009804                _etext = .

.data           0x00800200       0x9a load address 0x00009804
                0x00800200                PROVIDE (__data_start, .)
 *(.data)
 .data          0x00800200        0x0 c:/program files (x86)/atmel/atmel toolchain/avr8 gcc/native/3.4.2.1002/avr8-gnu-toolchain/bin/../lib/gcc/avr/4.7.2/../../../../avr/lib/avr6/crtm2560.o
 .data          0x00800200        0x0 buffer/Buffer.o
 .data          0x00800200        0x0 buffer/Record.o
 .data          0x00800200        0x0 controller/PIDController.o
 .data          0x00800200        0x0 drivers/MagnetometerDriver.o
 .data          0x00800200        0x0 drivers/SerialDriver.o
 .data          0x00800200        0x0 HelicopterMain.o
 .data          0x00800200        0x0 interfaces/GroundControlStationInterface.o
 .data          0x00800200        0x0 messages/Message.o
 .data          0x00800200        0x0 messages/SyncMessage.o
 .data          0x00800200        0x0 messages/SystemTelemetryMessage.o
 .data          0x00800200        0x0 model/SystemModel.o
 .data          0x00800200        0x0 scheduler/Scheduler.o
 .data          0x00800200        0x0 sensors/MagnetometerSensor.o
 .data          0x00800200        0x0 tasks/PIDInnerLoopTask.o
 .data          0x00800200        0x0 tasks/PIDOuterLoopTask.o
 .data          0x00800200        0x0 tasks/SensorProcessingTask.o
 .data          0x00800200        0x0 tasks/SimTelemetryTask.o
 .data          0x00800200        0x0 tasks/Task.o
 .data          0x00800200        0x0 tasks/TransmitTelemetryTask.o
 .data          0x00800200        0x0 util/CommonHeader.o
 .data          0x00800200        0x0 util/CoordinateUtil.o
 .data          0x00800200        0x0 util/Timer.o
 .data          0x00800200        0x0 c:/program files (x86)/atmel/atmel toolchain/avr8 gcc/native/3.4.2.1002/avr8-gnu-toolchain/bin/../lib/gcc/avr/4.7.2/../../../../avr/lib/avr6\libm.a(addsf3.o)
 .data          0x00800200        0x0 c:/program files (x86)/atmel/atmel toolchain/avr8 gcc/native/3.4.2.1002/avr8-gnu-toolchain/bin/../lib/gcc/avr/4.7.2/../../../../avr/lib/avr6\libm.a(addsf3x.o)
 .data          0x00800200        0x0 c:/program files (x86)/atmel/atmel toolchain/avr8 gcc/native/3.4.2.1002/avr8-gnu-toolchain/bin/../lib/gcc/avr/4.7.2/../../../../avr/lib/avr6\libm.a(cmpsf2.o)
 .data          0x00800200        0x0 c:/program files (x86)/atmel/atmel toolchain/avr8 gcc/native/3.4.2.1002/avr8-gnu-toolchain/bin/../lib/gcc/avr/4.7.2/../../../../avr/lib/avr6\libm.a(cos.o)
 .data          0x00800200        0x0 c:/program files (x86)/atmel/atmel toolchain/avr8 gcc/native/3.4.2.1002/avr8-gnu-toolchain/bin/../lib/gcc/avr/4.7.2/../../../../avr/lib/avr6\libm.a(divsf3.o)
 .data          0x00800200        0x0 c:/program files (x86)/atmel/atmel toolchain/avr8 gcc/native/3.4.2.1002/avr8-gnu-toolchain/bin/../lib/gcc/avr/4.7.2/../../../../avr/lib/avr6\libm.a(divsf3x.o)
 .data          0x00800200        0x0 c:/program files (x86)/atmel/atmel toolchain/avr8 gcc/native/3.4.2.1002/avr8-gnu-toolchain/bin/../lib/gcc/avr/4.7.2/../../../../avr/lib/avr6\libm.a(fixsfsi.o)
 .data          0x00800200        0x0 c:/program files (x86)/atmel/atmel toolchain/avr8 gcc/native/3.4.2.1002/avr8-gnu-toolchain/bin/../lib/gcc/avr/4.7.2/../../../../avr/lib/avr6\libm.a(fixunssfsi.o)
 .data          0x00800200        0x0 c:/program files (x86)/atmel/atmel toolchain/avr8 gcc/native/3.4.2.1002/avr8-gnu-toolchain/bin/../lib/gcc/avr/4.7.2/../../../../avr/lib/avr6\libm.a(floatsisf.o)
 .data          0x00800200        0x0 c:/program files (x86)/atmel/atmel toolchain/avr8 gcc/native/3.4.2.1002/avr8-gnu-toolchain/bin/../lib/gcc/avr/4.7.2/../../../../avr/lib/avr6\libm.a(floor.o)
 .data          0x00800200        0x0 c:/program files (x86)/atmel/atmel toolchain/avr8 gcc/native/3.4.2.1002/avr8-gnu-toolchain/bin/../lib/gcc/avr/4.7.2/../../../../avr/lib/avr6\libm.a(fp_cmp.o)
 .data          0x00800200        0x0 c:/program files (x86)/atmel/atmel toolchain/avr8 gcc/native/3.4.2.1002/avr8-gnu-toolchain/bin/../lib/gcc/avr/4.7.2/../../../../avr/lib/avr6\libm.a(fp_inf.o)
 .data          0x00800200        0x0 c:/program files (x86)/atmel/atmel toolchain/avr8 gcc/native/3.4.2.1002/avr8-gnu-toolchain/bin/../lib/gcc/avr/4.7.2/../../../../avr/lib/avr6\libm.a(fp_mintl.o)
 .data          0x00800200        0x0 c:/program files (x86)/atmel/atmel toolchain/avr8 gcc/native/3.4.2.1002/avr8-gnu-toolchain/bin/../lib/gcc/avr/4.7.2/../../../../avr/lib/avr6\libm.a(fp_mpack.o)
 .data          0x00800200        0x0 c:/program files (x86)/atmel/atmel toolchain/avr8 gcc/native/3.4.2.1002/avr8-gnu-toolchain/bin/../lib/gcc/avr/4.7.2/../../../../avr/lib/avr6\libm.a(fp_nan.o)
 .data          0x00800200        0x0 c:/program files (x86)/atmel/atmel toolchain/avr8 gcc/native/3.4.2.1002/avr8-gnu-toolchain/bin/../lib/gcc/avr/4.7.2/../../../../avr/lib/avr6\libm.a(fp_pscA.o)
 .data          0x00800200        0x0 c:/program files (x86)/atmel/atmel toolchain/avr8 gcc/native/3.4.2.1002/avr8-gnu-toolchain/bin/../lib/gcc/avr/4.7.2/../../../../avr/lib/avr6\libm.a(fp_pscB.o)
 .data          0x00800200        0x0 c:/program files (x86)/atmel/atmel toolchain/avr8 gcc/native/3.4.2.1002/avr8-gnu-toolchain/bin/../lib/gcc/avr/4.7.2/../../../../avr/lib/avr6\libm.a(fp_rempio2.o)
 .data          0x00800200        0x0 c:/program files (x86)/atmel/atmel toolchain/avr8 gcc/native/3.4.2.1002/avr8-gnu-toolchain/bin/../lib/gcc/avr/4.7.2/../../../../avr/lib/avr6\libm.a(fp_round.o)
 .data          0x00800200        0x0 c:/program files (x86)/atmel/atmel toolchain/avr8 gcc/native/3.4.2.1002/avr8-gnu-toolchain/bin/../lib/gcc/avr/4.7.2/../../../../avr/lib/avr6\libm.a(fp_sinus.o)
 .data          0x00800200        0x0 c:/program files (x86)/atmel/atmel toolchain/avr8 gcc/native/3.4.2.1002/avr8-gnu-toolchain/bin/../lib/gcc/avr/4.7.2/../../../../avr/lib/avr6\libm.a(fp_split3.o)
 .data          0x00800200        0x0 c:/program files (x86)/atmel/atmel toolchain/avr8 gcc/native/3.4.2.1002/avr8-gnu-toolchain/bin/../lib/gcc/avr/4.7.2/../../../../avr/lib/avr6\libm.a(fp_trunc.o)
 .data          0x00800200        0x0 c:/program files (x86)/atmel/atmel toolchain/avr8 gcc/native/3.4.2.1002/avr8-gnu-toolchain/bin/../lib/gcc/avr/4.7.2/../../../../avr/lib/avr6\libm.a(fp_zero.o)
 .data          0x00800200        0x0 c:/program files (x86)/atmel/atmel toolchain/avr8 gcc/native/3.4.2.1002/avr8-gnu-toolchain/bin/../lib/gcc/avr/4.7.2/../../../../avr/lib/avr6\libm.a(gesf2.o)
 .data          0x00800200        0x0 c:/program files (x86)/atmel/atmel toolchain/avr8 gcc/native/3.4.2.1002/avr8-gnu-toolchain/bin/../lib/gcc/avr/4.7.2/../../../../avr/lib/avr6\libm.a(mulsf3.o)
 .data          0x00800200        0x0 c:/program files (x86)/atmel/atmel toolchain/avr8 gcc/native/3.4.2.1002/avr8-gnu-toolchain/bin/../lib/gcc/avr/4.7.2/../../../../avr/lib/avr6\libm.a(mulsf3x.o)
 .data          0x00800200        0x0 c:/program files (x86)/atmel/atmel toolchain/avr8 gcc/native/3.4.2.1002/avr8-gnu-toolchain/bin/../lib/gcc/avr/4.7.2/../../../../avr/lib/avr6\libm.a(pow.o)
 .data          0x00800200        0x0 c:/program files (x86)/atmel/atmel toolchain/avr8 gcc/native/3.4.2.1002/avr8-gnu-toolchain/bin/../lib/gcc/avr/4.7.2/../../../../avr/lib/avr6\libm.a(sin.o)
 .data          0x00800200        0x0 c:/program files (x86)/atmel/atmel toolchain/avr8 gcc/native/3.4.2.1002/avr8-gnu-toolchain/bin/../lib/gcc/avr/4.7.2/../../../../avr/lib/avr6\libm.a(sqrt.o)
 .data          0x00800200        0x0 c:/program files (x86)/atmel/atmel toolchain/avr8 gcc/native/3.4.2.1002/avr8-gnu-toolchain/bin/../lib/gcc/avr/4.7.2/../../../../avr/lib/avr6\libm.a(exp.o)
 .data          0x00800200        0x0 c:/program files (x86)/atmel/atmel toolchain/avr8 gcc/native/3.4.2.1002/avr8-gnu-toolchain/bin/../lib/gcc/avr/4.7.2/../../../../avr/lib/avr6\libm.a(fp_norm2.o)
 .data          0x00800200        0x0 c:/program files (x86)/atmel/atmel toolchain/avr8 gcc/native/3.4.2.1002/avr8-gnu-toolchain/bin/../lib/gcc/avr/4.7.2/../../../../avr/lib/avr6\libm.a(fp_powser.o)
 .data          0x00800200        0x0 c:/program files (x86)/atmel/atmel toolchain/avr8 gcc/native/3.4.2.1002/avr8-gnu-toolchain/bin/../lib/gcc/avr/4.7.2/../../../../avr/lib/avr6\libm.a(fp_powsodd.o)
 .data          0x00800200        0x0 c:/program files (x86)/atmel/atmel toolchain/avr8 gcc/native/3.4.2.1002/avr8-gnu-toolchain/bin/../lib/gcc/avr/4.7.2/../../../../avr/lib/avr6\libm.a(inverse.o)
 .data          0x00800200        0x0 c:/program files (x86)/atmel/atmel toolchain/avr8 gcc/native/3.4.2.1002/avr8-gnu-toolchain/bin/../lib/gcc/avr/4.7.2/../../../../avr/lib/avr6\libm.a(ldexp.o)
 .data          0x00800200        0x0 c:/program files (x86)/atmel/atmel toolchain/avr8 gcc/native/3.4.2.1002/avr8-gnu-toolchain/bin/../lib/gcc/avr/4.7.2/../../../../avr/lib/avr6\libm.a(log.o)
 .data          0x00800200        0x0 c:/program files (x86)/atmel/atmel toolchain/avr8 gcc/native/3.4.2.1002/avr8-gnu-toolchain/bin/../lib/gcc/avr/4.7.2/../../../../avr/lib/avr6\libm.a(modf.o)
 .data          0x00800200        0x0 c:/program files (x86)/atmel/atmel toolchain/avr8 gcc/native/3.4.2.1002/avr8-gnu-toolchain/bin/../lib/gcc/avr/4.7.2/avr6\libgcc.a(_divmodhi4.o)
 .data          0x00800200        0x0 c:/program files (x86)/atmel/atmel toolchain/avr8 gcc/native/3.4.2.1002/avr8-gnu-toolchain/bin/../lib/gcc/avr/4.7.2/avr6\libgcc.a(_udivmodsi4.o)
 .data          0x00800200        0x0 c:/program files (x86)/atmel/atmel toolchain/avr8 gcc/native/3.4.2.1002/avr8-gnu-toolchain/bin/../lib/gcc/avr/4.7.2/avr6\libgcc.a(_exit.o)
 .data          0x00800200        0x0 c:/program files (x86)/atmel/atmel toolchain/avr8 gcc/native/3.4.2.1002/avr8-gnu-toolchain/bin/../lib/gcc/avr/4.7.2/avr6\libgcc.a(_copy_data.o)
 .data          0x00800200        0x0 c:/program files (x86)/atmel/atmel toolchain/avr8 gcc/native/3.4.2.1002/avr8-gnu-toolchain/bin/../lib/gcc/avr/4.7.2/avr6\libgcc.a(_clear_bss.o)
 .data          0x00800200        0x0 c:/program files (x86)/atmel/atmel toolchain/avr8 gcc/native/3.4.2.1002/avr8-gnu-toolchain/bin/../lib/gcc/avr/4.7.2/avr6\libgcc.a(_udivmodhi4.o)
 .data          0x00800200        0x6 c:/program files (x86)/atmel/atmel toolchain/avr8 gcc/native/3.4.2.1002/avr8-gnu-toolchain/bin/../lib/gcc/avr/4.7.2/../../../../avr/lib/avr6\libc.a(malloc.o)
                0x00800200                __malloc_heap_end
                0x00800202                __malloc_heap_start
                0x00800204                __malloc_margin
 .data          0x00800206        0x0 c:/program files (x86)/atmel/atmel toolchain/avr8 gcc/native/3.4.2.1002/avr8-gnu-toolchain/bin/../lib/gcc/avr/4.7.2/../../../../avr/lib/avr6\libc.a(memcpy.o)
 *(.data*)
 *(.rodata)
 *(.rodata*)
 .rodata._ZTVN10helicopter7drivers12SerialDriverE
                0x00800206        0xe drivers/SerialDriver.o
                0x00800206                _ZTVN10helicopter7drivers12SerialDriverE
 .rodata._ZTVN10helicopter5tasks12FlashLEDTaskE
                0x00800214        0xe HelicopterMain.o