Archive member included because of file (symbol)

c:/program files (x86)/atmel/atmel toolchain/avr8 gcc/native/3.4.2.1002/avr8-gnu-toolchain/bin/../lib/gcc/avr/4.7.2/../../../../avr/lib/avr6\libm.a(addsf3.o)
                              sensors/MagnetometerSensor.o (__subsf3)
c:/program files (x86)/atmel/atmel toolchain/avr8 gcc/native/3.4.2.1002/avr8-gnu-toolchain/bin/../lib/gcc/avr/4.7.2/../../../../avr/lib/avr6\libm.a(addsf3x.o)
                              c:/program files (x86)/atmel/atmel toolchain/avr8 gcc/native/3.4.2.1002/avr8-gnu-toolchain/bin/../lib/gcc/avr/4.7.2/../../../../avr/lib/avr6\libm.a(addsf3.o) (__addsf3x)
c:/program files (x86)/atmel/atmel toolchain/avr8 gcc/native/3.4.2.1002/avr8-gnu-toolchain/bin/../lib/gcc/avr/4.7.2/../../../../avr/lib/avr6\libm.a(fixunssfsi.o)
                              drivers/SerialDriver.o (__fixunssfsi)
c:/program files (x86)/atmel/atmel toolchain/avr8 gcc/native/3.4.2.1002/avr8-gnu-toolchain/bin/../lib/gcc/avr/4.7.2/../../../../avr/lib/avr6\libm.a(floatsisf.o)
                              drivers/SerialDriver.o (__floatunsisf)
c:/program files (x86)/atmel/atmel toolchain/avr8 gcc/native/3.4.2.1002/avr8-gnu-toolchain/bin/../lib/gcc/avr/4.7.2/../../../../avr/lib/avr6\libm.a(floor.o)
                              drivers/SerialDriver.o (floor)
c:/program files (x86)/atmel/atmel toolchain/avr8 gcc/native/3.4.2.1002/avr8-gnu-toolchain/bin/../lib/gcc/avr/4.7.2/../../../../avr/lib/avr6\libm.a(fp_inf.o)
                              c:/program files (x86)/atmel/atmel toolchain/avr8 gcc/native/3.4.2.1002/avr8-gnu-toolchain/bin/../lib/gcc/avr/4.7.2/../../../../avr/lib/avr6\libm.a(addsf3x.o) (__fp_inf)
c:/program files (x86)/atmel/atmel toolchain/avr8 gcc/native/3.4.2.1002/avr8-gnu-toolchain/bin/../lib/gcc/avr/4.7.2/../../../../avr/lib/avr6\libm.a(fp_mintl.o)
                              c:/program files (x86)/atmel/atmel toolchain/avr8 gcc/native/3.4.2.1002/avr8-gnu-toolchain/bin/../lib/gcc/avr/4.7.2/../../../../avr/lib/avr6\libm.a(floor.o) (__fp_mintl)
c:/program files (x86)/atmel/atmel toolchain/avr8 gcc/native/3.4.2.1002/avr8-gnu-toolchain/bin/../lib/gcc/avr/4.7.2/../../../../avr/lib/avr6\libm.a(fp_mpack.o)
                              c:/program files (x86)/atmel/atmel toolchain/avr8 gcc/native/3.4.2.1002/avr8-gnu-toolchain/bin/../lib/gcc/avr/4.7.2/../../../../avr/lib/avr6\libm.a(floor.o) (__fp_mpack)
c:/program files (x86)/atmel/atmel toolchain/avr8 gcc/native/3.4.2.1002/avr8-gnu-toolchain/bin/../lib/gcc/avr/4.7.2/../../../../avr/lib/avr6\libm.a(fp_nan.o)
                              c:/program files (x86)/atmel/atmel toolchain/avr8 gcc/native/3.4.2.1002/avr8-gnu-toolchain/bin/../lib/gcc/avr/4.7.2/../../../../avr/lib/avr6\libm.a(addsf3x.o) (__fp_nan)
c:/program files (x86)/atmel/atmel toolchain/avr8 gcc/native/3.4.2.1002/avr8-gnu-toolchain/bin/../lib/gcc/avr/4.7.2/../../../../avr/lib/avr6\libm.a(fp_pscA.o)
                              c:/program files (x86)/atmel/atmel toolchain/avr8 gcc/native/3.4.2.1002/avr8-gnu-toolchain/bin/../lib/gcc/avr/4.7.2/../../../../avr/lib/avr6\libm.a(addsf3x.o) (__fp_pscA)
c:/program files (x86)/atmel/atmel toolchain/avr8 gcc/native/3.4.2.1002/avr8-gnu-toolchain/bin/../lib/gcc/avr/4.7.2/../../../../avr/lib/avr6\libm.a(fp_pscB.o)
                              c:/program files (x86)/atmel/atmel toolchain/avr8 gcc/native/3.4.2.1002/avr8-gnu-toolchain/bin/../lib/gcc/avr/4.7.2/../../../../avr/lib/avr6\libm.a(addsf3x.o) (__fp_pscB)
c:/program files (x86)/atmel/atmel toolchain/avr8 gcc/native/3.4.2.1002/avr8-gnu-toolchain/bin/../lib/gcc/avr/4.7.2/../../../../avr/lib/avr6\libm.a(fp_round.o)
                              c:/program files (x86)/atmel/atmel toolchain/avr8 gcc/native/3.4.2.1002/avr8-gnu-toolchain/bin/../lib/gcc/avr/4.7.2/../../../../avr/lib/avr6\libm.a(addsf3.o) (__fp_round)
c:/program files (x86)/atmel/atmel toolchain/avr8 gcc/native/3.4.2.1002/avr8-gnu-toolchain/bin/../lib/gcc/avr/4.7.2/../../../../avr/lib/avr6\libm.a(fp_split3.o)
                              c:/program files (x86)/atmel/atmel toolchain/avr8 gcc/native/3.4.2.1002/avr8-gnu-toolchain/bin/../lib/gcc/avr/4.7.2/../../../../avr/lib/avr6\libm.a(addsf3x.o) (__fp_split3)
c:/program files (x86)/atmel/atmel toolchain/avr8 gcc/native/3.4.2.1002/avr8-gnu-toolchain/bin/../lib/gcc/avr/4.7.2/../../../../avr/lib/avr6\libm.a(fp_trunc.o)
                              c:/program files (x86)/atmel/atmel toolchain/avr8 gcc/native/3.4.2.1002/avr8-gnu-toolchain/bin/../lib/gcc/avr/4.7.2/../../../../avr/lib/avr6\libm.a(floor.o) (__fp_trunc)
c:/program files (x86)/atmel/atmel toolchain/avr8 gcc/native/3.4.2.1002/avr8-gnu-toolchain/bin/../lib/gcc/avr/4.7.2/../../../../avr/lib/avr6\libm.a(fp_zero.o)
                              c:/program files (x86)/atmel/atmel toolchain/avr8 gcc/native/3.4.2.1002/avr8-gnu-toolchain/bin/../lib/gcc/avr/4.7.2/../../../../avr/lib/avr6\libm.a(addsf3x.o) (__fp_zero)
[...]
Memory Configuration

Name             Origin             Length             Attributes
text             0x00000000         0x00100000         xr
data             0x00800200         0x0000fe00         rw !x
eeprom           0x00810000         0x00010000         rw !x
fuse             0x00820000         0x00000400         rw !x
lock             0x00830000         0x00000400         rw !x
signature        0x00840000         0x00000400         rw !x
user_signatures  0x00850000         0x00000400         rw !x
*default*        0x00000000         0xffffffff

Linker script and memory map

Address of section .data set to 0x800200
LOAD c:/program files (x86)/atmel/atmel toolchain/avr8 gcc/native/3.4.2.1002/avr8-gnu-toolchain/bin/../lib/gcc/avr/4.7.2/../../../../avr/lib/avr6/crtm2560.o
LOAD buffer/Buffer.o
LOAD buffer/Record.o
LOAD controller/PIDController.o
LOAD drivers/MagnetometerDriver.o
LOAD drivers/SerialDriver.o
LOAD Helicopter.o
LOAD interfaces/GroundControlStationInterface.o
LOAD messages/Message.o
LOAD messages/SyncMessage.o
LOAD messages/SystemTelemetryMessage.o
LOAD model/SystemModel.o
LOAD scheduler/Scheduler.o
LOAD sensors/MagnetometerSensor.o
LOAD tasks/SimTelemetryTask.o
LOAD tasks/Task.o
LOAD tasks/TransmitTelemetryTask.o
LOAD util/CommonHeader.o
LOAD util/Timer.o
START GROUP
LOAD c:/program files (x86)/atmel/atmel toolchain/avr8 gcc/native/3.4.2.1002/avr8-gnu-toolchain/bin/../lib/gcc/avr/4.7.2/../../../../avr/lib/avr6\libm.a
END GROUP
LOAD c:/program files (x86)/atmel/atmel toolchain/avr8 gcc/native/3.4.2.1002/avr8-gnu-toolchain/bin/../lib/gcc/avr/4.7.2/avr6\libgcc.a
LOAD c:/program files (x86)/atmel/atmel toolchain/avr8 gcc/native/3.4.2.1002/avr8-gnu-toolchain/bin/../lib/gcc/avr/4.7.2/../../../../avr/lib/avr6\libm.a
LOAD c:/program files (x86)/atmel/atmel toolchain/avr8 gcc/native/3.4.2.1002/avr8-gnu-toolchain/bin/../lib/gcc/avr/4.7.2/avr6\libgcc.a
LOAD c:/program files (x86)/atmel/atmel toolchain/avr8 gcc/native/3.4.2.1002/avr8-gnu-toolchain/bin/../lib/gcc/avr/4.7.2/../../../../avr/lib/avr6\libc.a
LOAD c:/program files (x86)/atmel/atmel toolchain/avr8 gcc/native/3.4.2.1002/avr8-gnu-toolchain/bin/../lib/gcc/avr/4.7.2/avr6\libgcc.a

.hash
 *(.hash)

.dynsym
 *(.dynsym)

.dynstr
 *(.dynstr)

.gnu.version
 *(.gnu.version)

.gnu.version_d
 *(.gnu.version_d)

.gnu.version_r
 *(.gnu.version_r)

.rel.init
 *(.rel.init)

.rela.init
 *(.rela.init)

.rel.text
 *(.rel.text)
 *(.rel.text.*)
 *(.rel.gnu.linkonce.t*)

.rela.text
 *(.rela.text)
 *(.rela.text.*)
 *(.rela.gnu.linkonce.t*)

.rel.fini
 *(.rel.fini)

.rela.fini
 *(.rela.fini)

.rel.rodata
 *(.rel.rodata)
 *(.rel.rodata.*)
 *(.rel.gnu.linkonce.r*)

.rela.rodata
 *(.rela.rodata)
 *(.rela.rodata.*)
 *(.rela.gnu.linkonce.r*)

.rel.data
 *(.rel.data)
 *(.rel.data.*)
 *(.rel.gnu.linkonce.d*)

.rela.data
 *(.rela.data)
 *(.rela.data.*)
 *(.rela.gnu.linkonce.d*)

.rel.ctors
 *(.rel.ctors)

.rela.ctors
 *(.rela.ctors)

.rel.dtors
 *(.rel.dtors)

.rela.dtors
 *(.rela.dtors)

.rel.got
 *(.rel.got)

.rela.got
 *(.rela.got)

.rel.bss
 *(.rel.bss)

.rela.bss
 *(.rela.bss)

.rel.plt
 *(.rel.plt)

.rela.plt
 *(.rela.plt)

.text           0x00000000     0x2dbe
 *(.vectors)
 .vectors       0x00000000       0xe4 c:/program files (x86)/atmel/atmel toolchain/avr8 gcc/native/3.4.2.1002/avr8-gnu-toolchain/bin/../lib/gcc/avr/4.7.2/../../../../avr/lib/avr6/crtm2560.o
                0x00000000                __vector_default
                0x00000000                __vectors
 *(.vectors)
 *(.progmem.gcc*)
 *(.progmem*)
                0x000000e4                . = ALIGN (0x2)
                0x000000e4                __trampolines_start = .
 *(.trampolines)
 .trampolines   0x000000e4       0x80 linker stubs
 *(.trampolines*)
                0x00000164                __trampolines_end = .
 *(.jumptables)
 *(.jumptables*)
 *(.lowtext)
 *(.lowtext*)
                0x00000164                __ctors_start = .
 *(.ctors)
                0x00000164                __ctors_end = .
                0x00000164                __dtors_start = .
 *(.dtors)
                0x00000164                __dtors_end = .
 SORT(*)(.ctors)
 SORT(*)(.dtors)
 *(.init0)
 .init0         0x00000164        0x0 c:/program files (x86)/atmel/atmel toolchain/avr8 gcc/native/3.4.2.1002/avr8-gnu-toolchain/bin/../lib/gcc/avr/4.7.2/../../../../avr/lib/avr6/crtm2560.o
                0x00000164                __init
 *(.init0)
 *(.init1)
 *(.init1)
 *(.init2)
 .init2         0x00000164       0x10 c:/program files (x86)/atmel/atmel toolchain/avr8 gcc/native/3.4.2.1002/avr8-gnu-toolchain/bin/../lib/gcc/avr/4.7.2/../../../../avr/lib/avr6/crtm2560.o
 *(.init2)
 *(.init3)
 *(.init3)
 *(.init4)
 .init4         0x00000174       0x1a c:/program files (x86)/atmel/atmel toolchain/avr8 gcc/native/3.4.2.1002/avr8-gnu-toolchain/bin/../lib/gcc/avr/4.7.2/avr6\libgcc.a(_copy_data.o)
                0x00000174                __do_copy_data
 .init4         0x0000018e       0x10 c:/program files (x86)/atmel/atmel toolchain/avr8 gcc/native/3.4.2.1002/avr8-gnu-toolchain/bin/../lib/gcc/avr/4.7.2/avr6\libgcc.a(_clear_bss.o)
                0x0000018e                __do_clear_bss
 *(.init4)
 *(.init5)
 *(.init5)
 *(.init6)
 *(.init6)
 *(.init7)
 *(.init7)
 *(.init8)
 *(.init8)
 *(.init9)
 .init9         0x0000019e        0x8 c:/program files (x86)/atmel/atmel toolchain/avr8 gcc/native/3.4.2.1002/avr8-gnu-toolchain/bin/../lib/gcc/avr/4.7.2/../../../../avr/lib/avr6/crtm2560.o
 *(.init9)
 *(.text)
 .text          0x000001a6        0x4 c:/program files (x86)/atmel/atmel toolchain/avr8 gcc/native/3.4.2.1002/avr8-gnu-toolchain/bin/../lib/gcc/avr/4.7.2/../../../../avr/lib/avr6/crtm2560.o
                0x000001a6                __vector_38
                0x000001a6                __vector_22
                0x000001a6                __vector_28
                0x000001a6                __vector_1
                0x000001a6                __vector_32
                0x000001a6                __vector_34
                0x000001a6                __vector_24
                0x000001a6                __vector_12
                0x000001a6                __vector_55
                0x000001a6                __vector_46
                0x000001a6                __bad_interrupt
                0x000001a6                __vector_6
                0x000001a6                __vector_31
                0x000001a6                __vector_35
                0x000001a6                __vector_39
                0x000001a6                __vector_3
                0x000001a6                __vector_23
                0x000001a6                __vector_30
                0x000001a6                __vector_45
                0x000001a6                __vector_25
                0x000001a6                __vector_11
                0x000001a6                __vector_54
                0x000001a6                __vector_13
                0x000001a6                __vector_19
                0x000001a6                __vector_56
                0x000001a6                __vector_7
                0x000001a6                __vector_49
                0x000001a6                __vector_41
                0x000001a6                __vector_43
                0x000001a6                __vector_27
                0x000001a6                __vector_5
                0x000001a6                __vector_33
                0x000001a6                __vector_47
                0x000001a6                __vector_52
                0x000001a6                __vector_37
                0x000001a6                __vector_4
                0x000001a6                __vector_44
                0x000001a6                __vector_51
                0x000001a6                __vector_9
                0x000001a6                __vector_2
                0x000001a6                __vector_21
                0x000001a6                __vector_15
                0x000001a6                __vector_36
                0x000001a6                __vector_29
                0x000001a6                __vector_40
                0x000001a6                __vector_8
                0x000001a6                __vector_26
                0x000001a6                __vector_48
                0x000001a6                __vector_14
                0x000001a6                __vector_53
                0x000001a6                __vector_10
                0x000001a6                __vector_50
                0x000001a6                __vector_16
                0x000001a6                __vector_18
                0x000001a6                __vector_20
                0x000001a6                __vector_42
                0x000001aa                . = ALIGN (0x2)
 *(.text.*)
 .text._ZN10helicopter7drivers12SerialDriverD2Ev
                0x000001aa       0x3c drivers/SerialDriver.o
                0x000001aa                _ZN10helicopter7drivers12SerialDriverD1Ev
                0x000001aa                _ZN10helicopter7drivers12SerialDriverD2Ev
 .text._ZN10helicopter7drivers12SerialDriverD0Ev
                0x000001e6       0x2a drivers/SerialDriver.o
                0x000001e6                _ZN10helicopter7drivers12SerialDriverD0Ev
 .text._ZN10helicopter7drivers12SerialDriver10initializeEv
                0x00000210      0x16c drivers/SerialDriver.o
                0x00000210                _ZN10helicopter7drivers12SerialDriver10initializeEv
 .text._ZN10helicopter7drivers12SerialDriver12transmitByteEh
                0x0000037c       0xb2 drivers/SerialDriver.o
                0x0000037c                _ZN10helicopter7drivers12SerialDriver12transmitByteEh
 .text._ZN10helicopter7drivers12SerialDriver11receiveByteERh
                0x0000042e       0xca drivers/SerialDriver.o
                0x0000042e                _ZN10helicopter7drivers12SerialDriver11receiveByteERh
 .text._ZN10helicopter5tasks4TaskD2Ev
                0x000004f8       0x3c Helicopter.o
                0x000004f8                _ZN10helicopter5tasks4TaskD2Ev
                0x000004f8                _ZN10helicopter5tasks4TaskD1Ev
 .text._ZN10helicopter5tasks4TaskD0Ev
                0x00000534       0x2a Helicopter.o
                0x00000534                _ZN10helicopter5tasks4TaskD0Ev
 .text._ZN10helicopter5tasks12FlashLEDTaskC2Eiii
                0x0000055e       0x6c Helicopter.o
                0x0000055e                _ZN10helicopter5tasks12FlashLEDTaskC2Eiii
                0x0000055e                _ZN10helicopter5tasks12FlashLEDTaskC1Eiii
 .text._ZN10helicopter5tasks12FlashLEDTask4initEv
                0x000005ca       0x48 Helicopter.o
                0x000005ca                _ZN10helicopter5tasks12FlashLEDTask4initEv
 .text._ZN10helicopter5tasks12FlashLEDTask11runTaskImplEv
                0x00000612       0x98 Helicopter.o
                0x00000612                _ZN10helicopter5tasks12FlashLEDTask11runTaskImplEv
 .text._ZN10helicopter4util5TimerC2Em9PRESCALERm
                0x000006aa       0x80 Helicopter.o
                0x000006aa                _ZN10helicopter4util5TimerC2Em9PRESCALERm
                0x000006aa                _ZN10helicopter4util5TimerC1Em9PRESCALERm
 .text._ZN10helicopter7drivers12SerialDriverC2EmNS1_8UartPortEPNS_4util5TimerEbb
                0x0000072a       0x9c Helicopter.o
                0x0000072a                _ZN10helicopter7drivers12SerialDriverC1EmNS1_8UartPortEPNS_4util5TimerEbb
                0x0000072a                _ZN10helicopter7drivers12SerialDriverC2EmNS1_8UartPortEPNS_4util5TimerEbb
 .text._ZN10helicopter10interfaces29GroundControlStationInterfaceC2EPNS_7drivers12SerialDriverE
                0x000007c6       0x30 Helicopter.o
                0x000007c6                _ZN10helicopter10interfaces29GroundControlStationInterfaceC1EPNS_7drivers12SerialDriverE
                0x000007c6                _ZN10helicopter10interfaces29GroundControlStationInterfaceC2EPNS_7drivers12SerialDriverE
 .text._ZN10helicopter5model11SystemModelC2Ev
                0x000007f6       0x60 Helicopter.o
                0x000007f6                _ZN10helicopter5model11SystemModelC1Ev
                0x000007f6                _ZN10helicopter5model11SystemModelC2Ev
 .text.main     0x00000856      0x17a Helicopter.o
                0x00000856                main
 .text._ZN10helicopter5tasks12FlashLEDTaskD2Ev
                0x000009d0       0x44 Helicopter.o
                0x000009d0                _ZN10helicopter5tasks12FlashLEDTaskD1Ev
                0x000009d0                _ZN10helicopter5tasks12FlashLEDTaskD2Ev
 .text._ZN10helicopter5tasks12FlashLEDTaskD0Ev
                0x00000a14       0x2a Helicopter.o
                0x00000a14                _ZN10helicopter5tasks12FlashLEDTaskD0Ev
 .text._ZN10helicopter10interfaces29GroundControlStationInterface17calculateChecksumEPhiRhS3_
                0x00000a3e       0xaa interfaces/GroundControlStationInterface.o
                0x00000a3e                _ZN10helicopter10interfaces29GroundControlStationInterface17calculateChecksumEPhiRhS3_
 .text._ZN10helicopter10interfaces29GroundControlStationInterface8transmitEPNS_8messages7MessageE
                0x00000ae8      0x1cc interfaces/GroundControlStationInterface.o
                0x00000ae8                _ZN10helicopter10interfaces29GroundControlStationInterface8transmitEPNS_8messages7MessageE
 .text._ZN10helicopter10interfaces29GroundControlStationInterface7receiveERPNS_8messages7MessageE
                0x00000cb4      0x2d0 interfaces/GroundControlStationInterface.o
                0x00000cb4                _ZN10helicopter10interfaces29GroundControlStationInterface7receiveERPNS_8messages7MessageE
 .text._ZN10helicopter8messages7MessageD2Ev
                0x00000f84       0x3c messages/Message.o
                0x00000f84                _ZN10helicopter8messages7MessageD1Ev
                0x00000f84                _ZN10helicopter8messages7MessageD2Ev
 .text._ZN10helicopter8messages7MessageD0Ev
                0x00000fc0       0x2a messages/Message.o
                0x00000fc0                _ZN10helicopter8messages7MessageD0Ev
 .text._ZN10helicopter8messages7Message14getMessageSizeEv
                0x00000fea       0x24 messages/Message.o
                0x00000fea                _ZN10helicopter8messages7Message14getMessageSizeEv
 .text._ZN10helicopter8messages7Message8getBytesEv
                0x0000100e       0x1e messages/Message.o
                0x0000100e                _ZN10helicopter8messages7Message8getBytesEv
 .text._ZN10helicopter8messages7Message12buildMessageEPh
                0x0000102c       0x22 messages/Message.o
                0x0000102c                _ZN10helicopter8messages7Message12buildMessageEPh
 .text._ZN10helicopter8messages7MessageC2Ehi
                0x0000104e       0x4e messages/SyncMessage.o
                0x0000104e                _ZN10helicopter8messages7MessageC1Ehi
                0x0000104e                _ZN10helicopter8messages7MessageC2Ehi
 .text._ZN10helicopter8messages11SyncMessageC2Ev
                0x0000109c       0x36 messages/SyncMessage.o
                0x0000109c                _ZN10helicopter8messages11SyncMessageC1Ev
                0x0000109c                _ZN10helicopter8messages11SyncMessageC2Ev
 .text._ZN10helicopter8messages11SyncMessageD2Ev
                0x000010d2       0x44 messages/SyncMessage.o
                0x000010d2                _ZN10helicopter8messages11SyncMessageD2Ev
                0x000010d2                _ZN10helicopter8messages11SyncMessageD1Ev
 .text._ZN10helicopter8messages11SyncMessageD0Ev
                0x00001116       0x2a messages/SyncMessage.o
                0x00001116                _ZN10helicopter8messages11SyncMessageD0Ev
 .text._ZN10helicopter8messages11SyncMessage8getBytesEv
                0x00001140       0x4a messages/SyncMessage.o
                0x00001140                _ZN10helicopter8messages11SyncMessage8getBytesEv
 .text._ZN10helicopter8messages11SyncMessage12buildMessageEPh
                0x0000118a       0x3a messages/SyncMessage.o
                0x0000118a                _ZN10helicopter8messages11SyncMessage12buildMessageEPh
 .text._ZN10helicopter8messages7Message6encodeERPhRi
                0x000011c4       0x5c messages/SystemTelemetryMessage.o
                0x000011c4                _ZN10helicopter8messages7Message6encodeERPhRi
 .text._ZN10helicopter8messages7Message6encodeERPhRh
                0x00001220       0x5a messages/SystemTelemetryMessage.o
                0x00001220                _ZN10helicopter8messages7Message6encodeERPhRh
 .text._ZN10helicopter8messages7Message6decodeERPhRh
                0x0000127a       0x5a messages/SystemTelemetryMessage.o
                0x0000127a                _ZN10helicopter8messages7Message6decodeERPhRh
 .text._ZN10helicopter8messages7Message6decodeERPhRi
                0x000012d4       0x5c messages/SystemTelemetryMessage.o
                0x000012d4                _ZN10helicopter8messages7Message6decodeERPhRi
 .text._ZN10helicopter8messages22SystemTelemetryMessageC2Ev
                0x00001330       0x7c messages/SystemTelemetryMessage.o
                0x00001330                _ZN10helicopter8messages22SystemTelemetryMessageC2Ev
                0x00001330                _ZN10helicopter8messages22SystemTelemetryMessageC1Ev
 .text._ZN10helicopter8messages22SystemTelemetryMessageD2Ev
                0x000013ac       0x44 messages/SystemTelemetryMessage.o
                0x000013ac                _ZN10helicopter8messages22SystemTelemetryMessageD2Ev
                0x000013ac                _ZN10helicopter8messages22SystemTelemetryMessageD1Ev
 .text._ZN10helicopter8messages22SystemTelemetryMessageD0Ev
                0x000013f0       0x2a messages/SystemTelemetryMessage.o
                0x000013f0                _ZN10helicopter8messages22SystemTelemetryMessageD0Ev
 .text._ZN10helicopter8messages22SystemTelemetryMessage8getBytesEv
                0x0000141a      0x10a messages/SystemTelemetryMessage.o
                0x0000141a                _ZN10helicopter8messages22SystemTelemetryMessage8getBytesEv
 .text._ZN10helicopter8messages22SystemTelemetryMessage12buildMessageEPh
                0x00001524       0xfc messages/SystemTelemetryMessage.o
                0x00001524                _ZN10helicopter8messages22SystemTelemetryMessage12buildMessageEPh
 .text._ZN10helicopter8messages22SystemTelemetryMessage14buildMessageStEPh
                0x00001620       0x5e messages/SystemTelemetryMessage.o
                0x00001620                _ZN10helicopter8messages22SystemTelemetryMessage14buildMessageStEPh
 .text._ZN10helicopter8messages22SystemTelemetryMessage4MagXEi
                0x0000167e       0x30 model/SystemModel.o
                0x0000167e                _ZN10helicopter8messages22SystemTelemetryMessage4MagXEi
 .text._ZN10helicopter8messages22SystemTelemetryMessage4MagYEi
                0x000016ae       0x30 model/SystemModel.o
                0x000016ae                _ZN10helicopter8messages22SystemTelemetryMessage4MagYEi
 .text._ZN10helicopter8messages22SystemTelemetryMessage4MagZEi
                0x000016de       0x30 model/SystemModel.o
                0x000016de                _ZN10helicopter8messages22SystemTelemetryMessage4MagZEi
 .text._ZN10helicopter8messages22SystemTelemetryMessage6MagYawEi
                0x0000170e       0x30 model/SystemModel.o
                0x0000170e                _ZN10helicopter8messages22SystemTelemetryMessage6MagYawEi
 .text._ZN10helicopter8messages22SystemTelemetryMessage8TimeoutsEi
                0x0000173e       0x30 model/SystemModel.o
                0x0000173e                _ZN10helicopter8messages22SystemTelemetryMessage8TimeoutsEi
 .text._ZN10helicopter8messages22SystemTelemetryMessage20UnrecognizedMsgTypesEi
                0x0000176e       0x30 model/SystemModel.o
                0x0000176e                _ZN10helicopter8messages22SystemTelemetryMessage20UnrecognizedMsgTypesEi
 .text._ZN10helicopter8messages22SystemTelemetryMessage14ChecksumErrorsEi
                0x0000179e       0x30 model/SystemModel.o
                0x0000179e                _ZN10helicopter8messages22SystemTelemetryMessage14ChecksumErrorsEi
 .text._ZNK10helicopter5model11SystemModel7RawMagXEv
                0x000017ce       0x24 model/SystemModel.o
                0x000017ce                _ZNK10helicopter5model11SystemModel7RawMagXEv
 .text._ZNK10helicopter5model11SystemModel7RawMagYEv
                0x000017f2       0x24 model/SystemModel.o
                0x000017f2                _ZNK10helicopter5model11SystemModel7RawMagYEv
 .text._ZNK10helicopter5model11SystemModel7RawMagZEv
                0x00001816       0x24 model/SystemModel.o
                0x00001816                _ZNK10helicopter5model11SystemModel7RawMagZEv
 .text._ZNK10helicopter5model11SystemModel6MagYawEv
                0x0000183a       0x24 model/SystemModel.o
                0x0000183a                _ZNK10helicopter5model11SystemModel6MagYawEv
 .text._ZNK10helicopter5model11SystemModel8TimeoutsEv
                0x0000185e       0x24 model/SystemModel.o
                0x0000185e                _ZNK10helicopter5model11SystemModel8TimeoutsEv
 .text._ZNK10helicopter5model11SystemModel20UnrecognizedMsgTypesEv
                0x00001882       0x24 model/SystemModel.o
                0x00001882                _ZNK10helicopter5model11SystemModel20UnrecognizedMsgTypesEv
 .text._ZNK10helicopter5model11SystemModel14ChecksumErrorsEv
                0x000018a6       0x24 model/SystemModel.o
                0x000018a6                _ZNK10helicopter5model11SystemModel14ChecksumErrorsEv
 .text._ZN10helicopter5model11SystemModel22CreateTelemetryMessageEv
                0x000018ca       0xca model/SystemModel.o
                0x000018ca                _ZN10helicopter5model11SystemModel22CreateTelemetryMessageEv
 .text._ZN10helicopter5tasks4Task8getDelayEv
                0x00001994       0x24 scheduler/Scheduler.o
                0x00001994                _ZN10helicopter5tasks4Task8getDelayEv
 .text._ZN10helicopter5tasks4Task9getPeriodEv
                0x000019b8       0x24 scheduler/Scheduler.o
                0x000019b8                _ZN10helicopter5tasks4Task9getPeriodEv
 .text._ZN10helicopter5tasks4Task8setDelayEi
                0x000019dc       0x30 scheduler/Scheduler.o
                0x000019dc                _ZN10helicopter5tasks4Task8setDelayEi
 .text._ZN10helicopter5tasks4Task15getIsReadyToRunEv
                0x00001a0c       0x22 scheduler/Scheduler.o
                0x00001a0c                _ZN10helicopter5tasks4Task15getIsReadyToRunEv
 .text._ZN10helicopter5tasks4Task15setIsReadyToRunEb
                0x00001a2e       0x26 scheduler/Scheduler.o
                0x00001a2e                _ZN10helicopter5tasks4Task15setIsReadyToRunEb
 .text._ZN10helicopter5tasks4Task11reduceDelayEv
                0x00001a54       0x34 scheduler/Scheduler.o
                0x00001a54                _ZN10helicopter5tasks4Task11reduceDelayEv
 .text._ZN10helicopter9scheduler9Scheduler13getNumOfTasksEv
                0x00001a88       0x24 scheduler/Scheduler.o
                0x00001a88                _ZN10helicopter9scheduler9Scheduler13getNumOfTasksEv
 .text._ZN10helicopter9scheduler9Scheduler8getTasksEv
                0x00001aac       0x1e scheduler/Scheduler.o
                0x00001aac                _ZN10helicopter9scheduler9Scheduler8getTasksEv
 .text._ZN10helicopter9scheduler9Scheduler12getSchedulerEv
                0x00001aca       0x5a scheduler/Scheduler.o
                0x00001aca                _ZN10helicopter9scheduler9Scheduler12getSchedulerEv
 .text._ZN10helicopter9scheduler9SchedulerC2Em9PRESCALERi
                0x00001b24       0xb4 scheduler/Scheduler.o
                0x00001b24                _ZN10helicopter9scheduler9SchedulerC2Em9PRESCALERi
                0x00001b24                _ZN10helicopter9scheduler9SchedulerC1Em9PRESCALERi
 .text._ZN10helicopter9scheduler9Scheduler7addTaskEPNS_5tasks4TaskE
                0x00001bd8       0x76 scheduler/Scheduler.o
                0x00001bd8                _ZN10helicopter9scheduler9Scheduler7addTaskEPNS_5tasks4TaskE
 .text._ZN10helicopter9scheduler9Scheduler4initEv
                0x00001c4e       0xc2 scheduler/Scheduler.o
                0x00001c4e                _ZN10helicopter9scheduler9Scheduler4initEv
 .text._ZN10helicopter9scheduler9Scheduler8dispatchEv
                0x00001d10       0xd4 scheduler/Scheduler.o
                0x00001d10                _ZN10helicopter9scheduler9Scheduler8dispatchEv
 .text._ZN10helicopter9scheduler9Scheduler5startEv
                0x00001de4       0xc6 scheduler/Scheduler.o
                0x00001de4                _ZN10helicopter9scheduler9Scheduler5startEv
 .text.__vector_17
                0x00001eaa      0x106 scheduler/Scheduler.o
                0x00001eaa                __vector_17
 .text._ZN10helicopter5tasks4Task4initEv
                0x00001fb0       0x1a tasks/SimTelemetryTask.o
                0x00001fb0                _ZN10helicopter5tasks4Task4initEv
 .text._ZNK10helicopter8messages22SystemTelemetryMessage4MagXEv
                0x00001fca       0x24 tasks/SimTelemetryTask.o
                0x00001fca                _ZNK10helicopter8messages22SystemTelemetryMessage4MagXEv
 .text._ZNK10helicopter8messages22SystemTelemetryMessage4MagYEv
                0x00001fee       0x24 tasks/SimTelemetryTask.o
                0x00001fee                _ZNK10helicopter8messages22SystemTelemetryMessage4MagYEv
 .text._ZNK10helicopter8messages22SystemTelemetryMessage4MagZEv
                0x00002012       0x24 tasks/SimTelemetryTask.o
                0x00002012                _ZNK10helicopter8messages22SystemTelemetryMessage4MagZEv
 .text._ZNK10helicopter8messages22SystemTelemetryMessage6MagYawEv
                0x00002036       0x24 tasks/SimTelemetryTask.o
                0x00002036                _ZNK10helicopter8messages22SystemTelemetryMessage6MagYawEv
 .text._ZN10helicopter5model11SystemModel7RawMagXEi
                0x0000205a       0x30 tasks/SimTelemetryTask.o
                0x0000205a                _ZN10helicopter5model11SystemModel7RawMagXEi
 .text._ZN10helicopter5model11SystemModel7RawMagYEi
                0x0000208a       0x30 tasks/SimTelemetryTask.o
                0x0000208a                _ZN10helicopter5model11SystemModel7RawMagYEi
 .text._ZN10helicopter5model11SystemModel7RawMagZEi
                0x000020ba       0x30 tasks/SimTelemetryTask.o
                0x000020ba                _ZN10helicopter5model11SystemModel7RawMagZEi
 .text._ZN10helicopter5model11SystemModel6MagYawEi
                0x000020ea       0x30 tasks/SimTelemetryTask.o
                0x000020ea                _ZN10helicopter5model11SystemModel6MagYawEi
 .text._ZN10helicopter5model11SystemModel8TimeoutsEi
                0x0000211a       0x30 tasks/SimTelemetryTask.o
                0x0000211a                _ZN10helicopter5model11SystemModel8TimeoutsEi
 .text._ZN10helicopter5model11SystemModel20UnrecognizedMsgTypesEi
                0x0000214a       0x30 tasks/SimTelemetryTask.o
                0x0000214a                _ZN10helicopter5model11SystemModel20UnrecognizedMsgTypesEi
 .text._ZN10helicopter5model11SystemModel14ChecksumErrorsEi
                0x0000217a       0x30 tasks/SimTelemetryTask.o
                0x0000217a                _ZN10helicopter5model11SystemModel14ChecksumErrorsEi
 .text._ZN10helicopter5tasks16SimTelemetryTaskC2EPNS_10interfaces29GroundControlStationInterfaceEPNS_5model11SystemModelEii
                0x000021aa       0x7e tasks/SimTelemetryTask.o
                0x000021aa                _ZN10helicopter5tasks16SimTelemetryTaskC1EPNS_10interfaces29GroundControlStationInterfaceEPNS_5model11SystemModelEii
                0x000021aa                _ZN10helicopter5tasks16SimTelemetryTaskC2EPNS_10interfaces29GroundControlStationInterfaceEPNS_5model11SystemModelEii
 .text._ZN10helicopter5tasks16SimTelemetryTask11runTaskImplEv
                0x00002228      0x1c4 tasks/SimTelemetryTask.o
                0x00002228                _ZN10helicopter5tasks16SimTelemetryTask11runTaskImplEv
 .text._ZN10helicopter5tasks16SimTelemetryTaskD2Ev
                0x000023ec       0x44 tasks/SimTelemetryTask.o
                0x000023ec                _ZN10helicopter5tasks16SimTelemetryTaskD1Ev
                0x000023ec                _ZN10helicopter5tasks16SimTelemetryTaskD2Ev
 .text._ZN10helicopter5tasks16SimTelemetryTaskD0Ev
                0x00002430       0x2a tasks/SimTelemetryTask.o
                0x00002430                _ZN10helicopter5tasks16SimTelemetryTaskD0Ev
 .text._ZN10helicopter5tasks4Task11runTaskImplEv
                0x0000245a       0x1a tasks/Task.o
                0x0000245a                _ZN10helicopter5tasks4Task11runTaskImplEv
 .text._ZN10helicopter5tasks4TaskC2Eii
                0x00002474       0x5c tasks/Task.o
                0x00002474                _ZN10helicopter5tasks4TaskC2Eii
                0x00002474                _ZN10helicopter5tasks4TaskC1Eii
 .text._ZN10helicopter5tasks4Task7runTaskEv
                0x000024d0       0x36 tasks/Task.o
                0x000024d0                _ZN10helicopter5tasks4Task7runTaskEv
 .text._ZN10helicopter5tasks21TransmitTelemetryTaskC2EPNS_10interfaces29GroundControlStationInterfaceEPNS_5model11SystemModelEii
                0x00002506       0x7e tasks/TransmitTelemetryTask.o
                0x00002506                _ZN10helicopter5tasks21TransmitTelemetryTaskC2EPNS_10interfaces29GroundControlStationInterfaceEPNS_5model11SystemModelEii
                0x00002506                _ZN10helicopter5tasks21TransmitTelemetryTaskC1EPNS_10interfaces29GroundControlStationInterfaceEPNS_5model11SystemModelEii
 .text._ZN10helicopter5tasks21TransmitTelemetryTask11runTaskImplEv
                0x00002584       0x66 tasks/TransmitTelemetryTask.o
                0x00002584                _ZN10helicopter5tasks21TransmitTelemetryTask11runTaskImplEv
 .text._ZN10helicopter5tasks21TransmitTelemetryTaskD2Ev
                0x000025ea       0x44 tasks/TransmitTelemetryTask.o
                0x000025ea                _ZN10helicopter5tasks21TransmitTelemetryTaskD1Ev
                0x000025ea                _ZN10helicopter5tasks21TransmitTelemetryTaskD2Ev
 .text._ZN10helicopter5tasks21TransmitTelemetryTaskD0Ev
                0x0000262e       0x2a tasks/TransmitTelemetryTask.o
                0x0000262e                _ZN10helicopter5tasks21TransmitTelemetryTaskD0Ev
 .text._Znwj    0x00002658       0x22 util/CommonHeader.o
                0x00002658                _Znwj
 .text._ZdlPv   0x0000267a       0x2a util/CommonHeader.o
                0x0000267a                _ZdlPv
 .text._Znaj    0x000026a4       0x22 util/CommonHeader.o
                0x000026a4                _Znaj
 .text._ZdaPv   0x000026c6       0x2a util/CommonHeader.o
                0x000026c6                _ZdaPv
 .text._ZN10helicopter4util5Timer10startTimerEv
                0x000026f0      0x174 util/Timer.o
                0x000026f0                _ZN10helicopter4util5Timer10startTimerEv
 .text._ZN10helicopter4util5Timer11hasTimedoutEv
                0x00002864       0x34 util/Timer.o
                0x00002864                _ZN10helicopter4util5Timer11hasTimedoutEv
 .text._ZN10helicopter4util5Timer9stopTimerEv
                0x00002898       0x3e util/Timer.o
                0x00002898                _ZN10helicopter4util5Timer9stopTimerEv
 .text.avr-libc.fplib
                0x000028d6       0x58 c:/program files (x86)/atmel/atmel toolchain/avr8 gcc/native/3.4.2.1002/avr8-gnu-toolchain/bin/../lib/gcc/avr/4.7.2/../../../../avr/lib/avr6\libm.a(fixunssfsi.o)
                0x000028d6                __fixunssfsi
 .text.avr-libc.fplib
                0x0000292e       0x7a c:/program files (x86)/atmel/atmel toolchain/avr8 gcc/native/3.4.2.1002/avr8-gnu-toolchain/bin/../lib/gcc/avr/4.7.2/../../../../avr/lib/avr6\libm.a(floatsisf.o)
                0x0000292e                __floatunsisf
                0x00002932                __floatsisf
 .text.avr-libc.fplib
                0x000029a8       0x26 c:/program files (x86)/atmel/atmel toolchain/avr8 gcc/native/3.4.2.1002/avr8-gnu-toolchain/bin/../lib/gcc/avr/4.7.2/../../../../avr/lib/avr6\libm.a(floor.o)
                0x000029a8                floor
 .text.avr-libc.fplib
                0x000029ce       0x36 c:/program files (x86)/atmel/atmel toolchain/avr8 gcc/native/3.4.2.1002/avr8-gnu-toolchain/bin/../lib/gcc/avr/4.7.2/../../../../avr/lib/avr6\libm.a(fp_mintl.o)
                0x000029ce                __fp_mintl
 .text.avr-libc.fplib
                0x00002a04       0x1c c:/program files (x86)/atmel/atmel toolchain/avr8 gcc/native/3.4.2.1002/avr8-gnu-toolchain/bin/../lib/gcc/avr/4.7.2/../../../../avr/lib/avr6\libm.a(fp_mpack.o)
                0x00002a04                __fp_mpack
                0x00002a08                __fp_mpack_finite
 .text.avr-libc.fplib
                0x00002a20       0x44 c:/program files (x86)/atmel/atmel toolchain/avr8 gcc/native/3.4.2.1002/avr8-gnu-toolchain/bin/../lib/gcc/avr/4.7.2/../../../../avr/lib/avr6\libm.a(fp_split3.o)
                0x00002a20                __fp_split3
                0x00002a30                __fp_splitA
 .text.avr-libc.fplib
                0x00002a64       0x2e c:/program files (x86)/atmel/atmel toolchain/avr8 gcc/native/3.4.2.1002/avr8-gnu-toolchain/bin/../lib/gcc/avr/4.7.2/../../../../avr/lib/avr6\libm.a(fp_trunc.o)
                0x00002a64                __fp_trunc
 .text.avr-libc.fplib
                0x00002a92        0xe c:/program files (x86)/atmel/atmel toolchain/avr8 gcc/native/3.4.2.1002/avr8-gnu-toolchain/bin/../lib/gcc/avr/4.7.2/../../../../avr/lib/avr6\libm.a(fp_zero.o)
                0x00002a92                __fp_zero
                0x00002a94                __fp_szero
 .text.libgcc.div
                0x00002aa0       0x28 c:/program files (x86)/atmel/atmel toolchain/avr8 gcc/native/3.4.2.1002/avr8-gnu-toolchain/bin/../lib/gcc/avr/4.7.2/avr6\libgcc.a(_divmodhi4.o)
                0x00002aa0                _div
                0x00002aa0                __divmodhi4
 .text.libgcc.div
                0x00002ac8       0x44 c:/program files (x86)/atmel/atmel toolchain/avr8 gcc/native/3.4.2.1002/avr8-gnu-toolchain/bin/../lib/gcc/avr/4.7.2/avr6\libgcc.a(_udivmodsi4.o)
                0x00002ac8                __udivmodsi4
 .text.libgcc.div
                0x00002b0c       0x28 c:/program files (x86)/atmel/atmel toolchain/avr8 gcc/native/3.4.2.1002/avr8-gnu-toolchain/bin/../lib/gcc/avr/4.7.2/avr6\libgcc.a(_udivmodhi4.o)
                0x00002b0c                __udivmodhi4
 .text.avr-libc
                0x00002b34      0x274 c:/program files (x86)/atmel/atmel toolchain/avr8 gcc/native/3.4.2.1002/avr8-gnu-toolchain/bin/../lib/gcc/avr/4.7.2/../../../../avr/lib/avr6\libc.a(malloc.o)
                0x00002b34                malloc
                0x00002c6a                free
 .text.avr-libc
                0x00002da8       0x12 c:/program files (x86)/atmel/atmel toolchain/avr8 gcc/native/3.4.2.1002/avr8-gnu-toolchain/bin/../lib/gcc/avr/4.7.2/../../../../avr/lib/avr6\libc.a(memcpy.o)
                0x00002da8                memcpy
                0x00002dba                . = ALIGN (0x2)
 *(.fini9)
 .fini9         0x00002dba        0x0 c:/program files (x86)/atmel/atmel toolchain/avr8 gcc/native/3.4.2.1002/avr8-gnu-toolchain/bin/../lib/gcc/avr/4.7.2/avr6\libgcc.a(_exit.o)
                0x00002dba                _exit
                0x00002dba                exit
 *(.fini9)
 *(.fini8)
 *(.fini8)
 *(.fini7)
 *(.fini7)
 *(.fini6)
 *(.fini6)
 *(.fini5)
 *(.fini5)
 *(.fini4)
 *(.fini4)
 *(.fini3)
 *(.fini3)
 *(.fini2)
 *(.fini2)
 *(.fini1)
 *(.fini1)
 *(.fini0)
 .fini0         0x00002dba        0x4 c:/program files (x86)/atmel/atmel toolchain/avr8 gcc/native/3.4.2.1002/avr8-gnu-toolchain/bin/../lib/gcc/avr/4.7.2/avr6\libgcc.a(_exit.o)
 *(.fini0)
                0x00002dbe                _etext = .

.data           0x00800200       0x70 load address 0x00002dbe
                0x00800200                PROVIDE (__data_start, .)
 *(.data)
 .data          0x00800200        0x0 c:/program files (x86)/atmel/atmel toolchain/avr8 gcc/native/3.4.2.1002/avr8-gnu-toolchain/bin/../lib/gcc/avr/4.7.2/../../../../avr/lib/avr6/crtm2560.o
 .data          0x00800200        0x0 buffer/Buffer.o
 .data          0x00800200        0x0 buffer/Record.o
 .data          0x00800200        0x0 controller/PIDController.o
 .data          0x00800200        0x0 drivers/MagnetometerDriver.o
 .data          0x00800200        0x0 drivers/SerialDriver.o
 .data          0x00800200        0x0 Helicopter.o
 .data          0x00800200        0x0 interfaces/GroundControlStationInterface.o
 .data          0x00800200        0x0 messages/Message.o
 .data          0x00800200        0x0 messages/SyncMessage.o
 .data          0x00800200        0x0 messages/SystemTelemetryMessage.o
 .data          0x00800200        0x0 model/SystemModel.o
 .data          0x00800200        0x0 scheduler/Scheduler.o
 .data          0x00800200        0x0 sensors/MagnetometerSensor.o
 .data          0x00800200        0x0 tasks/SimTelemetryTask.o
 .data          0x00800200        0x0 tasks/Task.o
 .data          0x00800200        0x0 tasks/TransmitTelemetryTask.o
 .data          0x00800200        0x0 util/CommonHeader.o
 .data          0x00800200        0x0 util/Timer.o
 .data          0x00800200        0x0 c:/program files (x86)/atmel/atmel toolchain/avr8 gcc/native/3.4.2.1002/avr8-gnu-toolchain/bin/../lib/gcc/avr/4.7.2/../../../../avr/lib/avr6\libm.a(addsf3.o)
 .data          0x00800200        0x0 c:/program files (x86)/atmel/atmel toolchain/avr8 gcc/native/3.4.2.1002/avr8-gnu-toolchain/bin/../lib/gcc/avr/4.7.2/../../../../avr/lib/avr6\libm.a(addsf3x.o)
 .data          0x00800200        0x0 c:/program files (x86)/atmel/atmel toolchain/avr8 gcc/native/3.4.2.1002/avr8-gnu-toolchain/bin/../lib/gcc/avr/4.7.2/../../../../avr/lib/avr6\libm.a(fixunssfsi.o)
 .data          0x00800200        0x0 c:/program files (x86)/atmel/atmel toolchain/avr8 gcc/native/3.4.2.1002/avr8-gnu-toolchain/bin/../lib/gcc/avr/4.7.2/../../../../avr/lib/avr6\libm.a(floatsisf.o)
 .data          0x00800200        0x0 c:/program files (x86)/atmel/atmel toolchain/avr8 gcc/native/3.4.2.1002/avr8-gnu-toolchain/bin/../lib/gcc/avr/4.7.2/../../../../avr/lib/avr6\libm.a(floor.o)
 .data          0x00800200        0x0 c:/program files (x86)/atmel/atmel toolchain/avr8 gcc/native/3.4.2.1002/avr8-gnu-toolchain/bin/../lib/gcc/avr/4.7.2/../../../../avr/lib/avr6\libm.a(fp_inf.o)
 .data          0x00800200        0x0 c:/program files (x86)/atmel/atmel toolchain/avr8 gcc/native/3.4.2.1002/avr8-gnu-toolchain/bin/../lib/gcc/avr/4.7.2/../../../../avr/lib/avr6\libm.a(fp_mintl.o)
 .data          0x00800200        0x0 c:/program files (x86)/atmel/atmel toolchain/avr8 gcc/native/3.4.2.1002/avr8-gnu-toolchain/bin/../lib/gcc/avr/4.7.2/../../../../avr/lib/avr6\libm.a(fp_mpack.o)
 .data          0x00800200        0x0 c:/program files (x86)/atmel/atmel toolchain/avr8 gcc/native/3.4.2.1002/avr8-gnu-toolchain/bin/../lib/gcc/avr/4.7.2/../../../../avr/lib/avr6\libm.a(fp_nan.o)
 .data          0x00800200        0x0 c:/program files (x86)/atmel/atmel toolchain/avr8 gcc/native/3.4.2.1002/avr8-gnu-toolchain/bin/../lib/gcc/avr/4.7.2/../../../../avr/lib/avr6\libm.a(fp_pscA.o)
 .data          0x00800200        0x0 c:/program files (x86)/atmel/atmel toolchain/avr8 gcc/native/3.4.2.1002/avr8-gnu-toolchain/bin/../lib/gcc/avr/4.7.2/../../../../avr/lib/avr6\libm.a(fp_pscB.o)
 .data          0x00800200        0x0 c:/program files (x86)/atmel/atmel toolchain/avr8 gcc/native/3.4.2.1002/avr8-gnu-toolchain/bin/../lib/gcc/avr/4.7.2/../../../../avr/lib/avr6\libm.a(fp_round.o)
 .data          0x00800200        0x0 c:/program files (x86)/atmel/atmel toolchain/avr8 gcc/native/3.4.2.1002/avr8-gnu-toolchain/bin/../lib/gcc/avr/4.7.2/../../../../avr/lib/avr6\libm.a(fp_split3.o)
 .data          0x00800200        0x0 c:/program files (x86)/atmel/atmel toolchain/avr8 gcc/native/3.4.2.1002/avr8-gnu-toolchain/bin/../lib/gcc/avr/4.7.2/../../../../avr/lib/avr6\libm.a(fp_trunc.o)
 .data          0x00800200        0x0 c:/program files (x86)/atmel/atmel toolchain/avr8 gcc/native/3.4.2.1002/avr8-gnu-toolchain/bin/../lib/gcc/avr/4.7.2/../../../../avr/lib/avr6\libm.a(fp_zero.o)
 .data          0x00800200        0x0 c:/program files (x86)/atmel/atmel toolchain/avr8 gcc/native/3.4.2.1002/avr8-gnu-toolchain/bin/../lib/gcc/avr/4.7.2/../../../../avr/lib/avr6\libm.a(mulsf3.o)
 .data          0x00800200        0x0 c:/program files (x86)/atmel/atmel toolchain/avr8 gcc/native/3.4.2.1002/avr8-gnu-toolchain/bin/../lib/gcc/avr/4.7.2/../../../../avr/lib/avr6\libm.a(mulsf3x.o)
 .data          0x00800200        0x0 c:/program files (x86)/atmel/atmel toolchain/avr8 gcc/native/3.4.2.1002/avr8-gnu-toolchain/bin/../lib/gcc/avr/4.7.2/avr6\libgcc.a(_divmodhi4.o)
 .data          0x00800200        0x0 c:/program files (x86)/atmel/atmel toolchain/avr8 gcc/native/3.4.2.1002/avr8-gnu-toolchain/bin/../lib/gcc/avr/4.7.2/avr6\libgcc.a(_udivmodsi4.o)
 .data          0x00800200        0x0 c:/program files (x86)/atmel/atmel toolchain/avr8 gcc/native/3.4.2.1002/avr8-gnu-toolchain/bin/../lib/gcc/avr/4.7.2/avr6\libgcc.a(_exit.o)
 .data          0x00800200        0x0 c:/program files (x86)/atmel/atmel toolchain/avr8 gcc/native/3.4.2.1002/avr8-gnu-toolchain/bin/../lib/gcc/avr/4.7.2/avr6\libgcc.a(_copy_data.o)
 .data          0x00800200        0x0 c:/program files (x86)/atmel/atmel toolchain/avr8 gcc/native/3.4.2.1002/avr8-gnu-toolchain/bin/../lib/gcc/avr/4.7.2/avr6\libgcc.a(_clear_bss.o)
 .data          0x00800200        0x0 c:/program files (x86)/atmel/atmel toolchain/avr8 gcc/native/3.4.2.1002/avr8-gnu-toolchain/bin/../lib/gcc/avr/4.7.2/avr6\libgcc.a(_udivmodhi4.o)
 .data          0x00800200        0x6 c:/program files (x86)/atmel/atmel toolchain/avr8 gcc/native/3.4.2.1002/avr8-gnu-toolchain/bin/../lib/gcc/avr/4.7.2/../../../../avr/lib/avr6\libc.a(malloc.o)
                0x00800200                __malloc_heap_end
                0x00800202                __malloc_heap_start
                0x00800204                __malloc_margin
 .data          0x00800206        0x0 c:/program files (x86)/atmel/atmel toolchain/avr8 gcc/native/3.4.2.1002/avr8-gnu-toolchain/bin/../lib/gcc/avr/4.7.2/../../../../avr/lib/avr6\libc.a(memcpy.o)
 *(.data*)
 *(.rodata)
 *(.rodata*)
 .rodata._ZTVN10helicopter7drivers12SerialDriverE
                0x00800206        0xe drivers/SerialDriver.o
                0x00800206                _ZTVN10helicopter7drivers12SerialDriverE
 .rodata._ZTVN10helicopter5tasks12FlashLEDTaskE
                0x00800214        0xe Helicopter.o
                0x00800214                _ZTVN10helicopter5tasks12FlashLEDTaskE
 .rodata._ZTVN10helicopter8messages7MessageE
                0x00800222        0xc messages/Message.o
                0x00800222                _ZTVN10helicopter8messages7MessageE
 .rodata._ZTVN10helicopter8messages11SyncMessageE
                0x0080022e        0xc messages/SyncMessage.o
                0x0080022e                _ZTVN10helicopter8messages11SyncMessageE
 .rodata._ZTVN10helicopter8messages22SystemTelemetryMessageE
                0x0080023a        0xc messages/SystemTelemetryMessage.o
                0x0080023a                _ZTVN10helicopter8messages22SystemTelemetryMessageE
 .rodata._ZTVN10helicopter5tasks16SimTelemetryTaskE
                0x00800246        0xe tasks/SimTelemetryTask.o
                0x00800246                _ZTVN10helicopter5tasks16SimTelemetryTaskE
 .rodata._ZTVN10helicopter5tasks4TaskE
                0x00800254        0xe tasks/Task.o
                0x00800254                _ZTVN10helicopter5tasks4TaskE
 .rodata._ZTVN10helicopter5tasks21TransmitTelemetryTaskE
                0x00800262        0xe tasks/TransmitTelemetryTask.o
                0x00800262                _ZTVN10helicopter5tasks21TransmitTelemetryTaskE
 *(.gnu.linkonce.d*)
                0x00800270                . = ALIGN (0x2)
                0x00800270                _edata = .
                0x00800270                PROVIDE (__data_end, .)

.bss            0x00800270        0x6
                0x00800270                PROVIDE (__bss_start, .)
 *(.bss)
 *(.bss*)
 .bss._ZN10helicopter9scheduler9Scheduler9schedulerE
                0x00800270        0x2 scheduler/Scheduler.o
                0x00800270                _ZN10helicopter9scheduler9Scheduler9schedulerE
 *(COMMON)
 COMMON         0x00800272        0x4 c:/program files (x86)/atmel/atmel toolchain/avr8 gcc/native/3.4.2.1002/avr8-gnu-toolchain/bin/../lib/gcc/avr/4.7.2/../../../../avr/lib/avr6\libc.a(malloc.o)
                0x00800272                __brkval
                0x00800274                __flp
                0x00800276                PROVIDE (__bss_end, .)
                0x00002dbe                __data_load_start = LOADADDR (.data)
                0x00002e2e                __data_load_end = (__data_load_start + SIZEOF (.data))

.noinit         0x00800276        0x0
                0x00800276                PROVIDE (__noinit_start, .)
 *(.noinit*)
                0x00800276                PROVIDE (__noinit_end, .)
                0x00800276                _end = .
                0x00800276                PROVIDE (__heap_start, .)

.eeprom         0x00810000        0x0
 *(.eeprom*)
                0x00810000                __eeprom_end = .

.fuse
 *(.fuse)
 *(.lfuse)
 *(.hfuse)
 *(.efuse)

.lock
 *(.lock*)

.signature
 *(.signature*)

.user_signatures
 *(.user_signatures*)

.stab           0x00000000     0x20f4
 *(.stab)
 .stab          0x00000000      0x6e4 c:/program files (x86)/atmel/atmel toolchain/avr8 gcc/native/3.4.2.1002/avr8-gnu-toolchain/bin/../lib/gcc/avr/4.7.2/../../../../avr/lib/avr6/crtm2560.o
 .stab          0x000006e4       0x78 c:/program files (x86)/atmel/atmel toolchain/avr8 gcc/native/3.4.2.1002/avr8-gnu-toolchain/bin/../lib/gcc/avr/4.7.2/../../../../avr/lib/avr6\libm.a(addsf3.o)
                                 0x84 (size before relaxing)
 .stab          0x0000075c      0x4bc c:/program files (x86)/atmel/atmel toolchain/avr8 gcc/native/3.4.2.1002/avr8-gnu-toolchain/bin/../lib/gcc/avr/4.7.2/../../../../avr/lib/avr6\libm.a(addsf3x.o)
                                0x4c8 (size before relaxing)
 .stab          0x00000c18      0x240 c:/program files (x86)/atmel/atmel toolchain/avr8 gcc/native/3.4.2.1002/avr8-gnu-toolchain/bin/../lib/gcc/avr/4.7.2/../../../../avr/lib/avr6\libm.a(fixunssfsi.o)
                                0x24c (size before relaxing)
 .stab          0x00000e58      0x318 c:/program files (x86)/atmel/atmel toolchain/avr8 gcc/native/3.4.2.1002/avr8-gnu-toolchain/bin/../lib/gcc/avr/4.7.2/../../../../avr/lib/avr6\libm.a(floatsisf.o)
                                0x324 (size before relaxing)
 .stab          0x00001170      0x114 c:/program files (x86)/atmel/atmel toolchain/avr8 gcc/native/3.4.2.1002/avr8-gnu-toolchain/bin/../lib/gcc/avr/4.7.2/../../../../avr/lib/avr6\libm.a(floor.o)
                                0x120 (size before relaxing)
 .stab          0x00001284       0x78 c:/program files (x86)/atmel/atmel toolchain/avr8 gcc/native/3.4.2.1002/avr8-gnu-toolchain/bin/../lib/gcc/avr/4.7.2/../../../../avr/lib/avr6\libm.a(fp_inf.o)
                                 0x84 (size before relaxing)
 .stab          0x000012fc      0x174 c:/program files (x86)/atmel/atmel toolchain/avr8 gcc/native/3.4.2.1002/avr8-gnu-toolchain/bin/../lib/gcc/avr/4.7.2/../../../../avr/lib/avr6\libm.a(fp_mintl.o)
                                0x180 (size before relaxing)
 .stab          0x00001470       0xe4 c:/program files (x86)/atmel/atmel toolchain/avr8 gcc/native/3.4.2.1002/avr8-gnu-toolchain/bin/../lib/gcc/avr/4.7.2/../../../../avr/lib/avr6\libm.a(fp_mpack.o)
                                 0xf0 (size before relaxing)
 .stab          0x00001554       0x54 c:/program files (x86)/atmel/atmel toolchain/avr8 gcc/native/3.4.2.1002/avr8-gnu-toolchain/bin/../lib/gcc/avr/4.7.2/../../../../avr/lib/avr6\libm.a(fp_nan.o)
                                 0x60 (size before relaxing)
 .stab          0x000015a8       0x84 c:/program files (x86)/atmel/atmel toolchain/avr8 gcc/native/3.4.2.1002/avr8-gnu-toolchain/bin/../lib/gcc/avr/4.7.2/../../../../avr/lib/avr6\libm.a(fp_pscA.o)
                                 0x90 (size before relaxing)
 .stab          0x0000162c       0x84 c:/program files (x86)/atmel/atmel toolchain/avr8 gcc/native/3.4.2.1002/avr8-gnu-toolchain/bin/../lib/gcc/avr/4.7.2/../../../../avr/lib/avr6\libm.a(fp_pscB.o)
                                 0x90 (size before relaxing)
 .stab          0x000016b0       0xfc c:/program files (x86)/atmel/atmel toolchain/avr8 gcc/native/3.4.2.1002/avr8-gnu-toolchain/bin/../lib/gcc/avr/4.7.2/../../../../avr/lib/avr6\libm.a(fp_round.o)
                                0x108 (size before relaxing)
 .stab          0x000017ac      0x1d4 c:/program files (x86)/atmel/atmel toolchain/avr8 gcc/native/3.4.2.1002/avr8-gnu-toolchain/bin/../lib/gcc/avr/4.7.2/../../../../avr/lib/avr6\libm.a(fp_split3.o)
                                0x1e0 (size before relaxing)
 .stab          0x00001980      0x144 c:/program files (x86)/atmel/atmel toolchain/avr8 gcc/native/3.4.2.1002/avr8-gnu-toolchain/bin/../lib/gcc/avr/4.7.2/../../../../avr/lib/avr6\libm.a(fp_trunc.o)
                                0x150 (size before relaxing)
 .stab          0x00001ac4       0x90 c:/program files (x86)/atmel/atmel toolchain/avr8 gcc/native/3.4.2.1002/avr8-gnu-toolchain/bin/../lib/gcc/avr/4.7.2/../../../../avr/lib/avr6\libm.a(fp_zero.o)
                                 0x9c (size before relaxing)
 .stab          0x00001b54       0x48 c:/program files (x86)/atmel/atmel toolchain/avr8 gcc/native/3.4.2.1002/avr8-gnu-toolchain/bin/../lib/gcc/avr/4.7.2/../../../../avr/lib/avr6\libm.a(mulsf3.o)
                                 0x54 (size before relaxing)
 .stab          0x00001b9c      0x4d4 c:/program files (x86)/atmel/atmel toolchain/avr8 gcc/native/3.4.2.1002/avr8-gnu-toolchain/bin/../lib/gcc/avr/4.7.2/../../../../avr/lib/avr6\libm.a(mulsf3x.o)
                                0x4e0 (size before relaxing)
 .stab          0x00002070       0x84 c:/program files (x86)/atmel/atmel toolchain/avr8 gcc/native/3.4.2.1002/avr8-gnu-toolchain/bin/../lib/gcc/avr/4.7.2/../../../../avr/lib/avr6\libc.a(memcpy.o)
                                 0x90 (size before relaxing)

.stabstr        0x00000000      0x8c4
 *(.stabstr)
 .stabstr       0x00000000      0x8c4 c:/program files (x86)/atmel/atmel toolchain/avr8 gcc/native/3.4.2.1002/avr8-gnu-toolchain/bin/../lib/gcc/avr/4.7.2/../../../../avr/lib/avr6/crtm2560.o

.stab.excl
 *(.stab.excl)

.stab.exclstr
 *(.stab.exclstr)

.stab.index
 *(.stab.index)

.stab.indexstr
 *(.stab.indexstr)

.comment        0x00000000       0x2f
 *(.comment)
 .comment       0x00000000       0x2f buffer/Buffer.o
                                 0x30 (size before relaxing)
 .comment       0x00000000       0x30 buffer/Record.o
 .comment       0x00000000       0x30 controller/PIDController.o
 .comment       0x00000000       0x30 drivers/MagnetometerDriver.o
 .comment       0x00000000       0x30 drivers/SerialDriver.o
 .comment       0x00000000       0x30 Helicopter.o
 .comment       0x00000000       0x30 interfaces/GroundControlStationInterface.o
 .comment       0x00000000       0x30 messages/Message.o
 .comment       0x00000000       0x30 messages/SyncMessage.o
 .comment       0x00000000       0x30 messages/SystemTelemetryMessage.o
 .comment       0x00000000       0x30 model/SystemModel.o
 .comment       0x00000000       0x30 scheduler/Scheduler.o
 .comment       0x00000000       0x30 sensors/MagnetometerSensor.o
 .comment       0x00000000       0x30 tasks/SimTelemetryTask.o
 .comment       0x00000000       0x30 tasks/Task.o
 .comment       0x00000000       0x30 tasks/TransmitTelemetryTask.o
 .comment       0x00000000       0x30 util/CommonHeader.o
 .comment       0x00000000       0x30 util/Timer.o
 .comment       0x00000000       0x30 c:/program files (x86)/atmel/atmel toolchain/avr8 gcc/native/3.4.2.1002/avr8-gnu-toolchain/bin/../lib/gcc/avr/4.7.2/../../../../avr/lib/avr6\libc.a(malloc.o)

.debug
 *(.debug)

.line
 *(.line)

.debug_srcinfo
 *(.debug_srcinfo)

.debug_sfnames
 *(.debug_sfnames)

.debug_aranges  0x00000000      0x688
 *(.debug_aranges)
 .debug_aranges
                0x00000000       0x50 buffer/Buffer.o
 .debug_aranges
                0x00000050       0x50 buffer/Record.o
 .debug_aranges
                0x000000a0       0x28 controller/PIDController.o
 .debug_aranges
                0x000000c8       0x28 drivers/MagnetometerDriver.o
 .debug_aranges
                0x000000f0       0x40 drivers/SerialDriver.o
 .debug_aranges
                0x00000130       0x78 Helicopter.o
 .debug_aranges
                0x000001a8       0x30 interfaces/GroundControlStationInterface.o
 .debug_aranges
                0x000001d8       0x40 messages/Message.o
 .debug_aranges
                0x00000218       0x60 messages/SyncMessage.o
 .debug_aranges
                0x00000278       0x80 messages/SystemTelemetryMessage.o
 .debug_aranges
                0x000002f8       0xa0 model/SystemModel.o
 .debug_aranges
                0x00000398       0x98 scheduler/Scheduler.o
 .debug_aranges
                0x00000430       0x40 sensors/MagnetometerSensor.o
 .debug_aranges
                0x00000470       0xf0 tasks/SimTelemetryTask.o
 .debug_aranges
                0x00000560       0x48 tasks/Task.o
 .debug_aranges
                0x000005a8       0x50 tasks/TransmitTelemetryTask.o
 .debug_aranges
                0x000005f8       0x38 util/CommonHeader.o
 .debug_aranges
                0x00000630       0x30 util/Timer.o
 .debug_aranges
                0x00000660       0x28 c:/program files (x86)/atmel/atmel toolchain/avr8 gcc/native/3.4.2.1002/avr8-gnu-toolchain/bin/../lib/gcc/avr/4.7.2/../../../../avr/lib/avr6\libc.a(malloc.o)

.debug_pubnames
 *(.debug_pubnames)

.debug_info     0x00000000     0x6958
 *(.debug_info)
 .debug_info    0x00000000      0x524 buffer/Buffer.o
 .debug_info    0x00000524      0x457 buffer/Record.o
 .debug_info    0x0000097b      0x46f controller/PIDController.o
 .debug_info    0x00000dea      0x1b9 drivers/MagnetometerDriver.o
 .debug_info    0x00000fa3      0x494 drivers/SerialDriver.o
 .debug_info    0x00001437      0xe02 Helicopter.o
 .debug_info    0x00002239      0x4cf interfaces/GroundControlStationInterface.o
 .debug_info    0x00002708      0x379 messages/Message.o
 .debug_info    0x00002a81      0x45a messages/SyncMessage.o
 .debug_info    0x00002edb      0x876 messages/SystemTelemetryMessage.o
 .debug_info    0x00003751      0x81d model/SystemModel.o
 .debug_info    0x00003f6e      0x74f scheduler/Scheduler.o
 .debug_info    0x000046bd      0x348 sensors/MagnetometerSensor.o
 .debug_info    0x00004a05      0xdaa tasks/SimTelemetryTask.o
 .debug_info    0x000057af      0x3d8 tasks/Task.o
 .debug_info    0x00005b87      0x7f2 tasks/TransmitTelemetryTask.o
 .debug_info    0x00006379      0x13d util/CommonHeader.o
 .debug_info    0x000064b6      0x265 util/Timer.o
 .debug_info    0x0000671b      0x23d c:/program files (x86)/atmel/atmel toolchain/avr8 gcc/native/3.4.2.1002/avr8-gnu-toolchain/bin/../lib/gcc/avr/4.7.2/../../../../avr/lib/avr6\libc.a(malloc.o)
 *(.gnu.linkonce.wi.*)

.debug_abbrev   0x00000000     0x250a
 *(.debug_abbrev)
 .debug_abbrev  0x00000000      0x1e3 buffer/Buffer.o
 .debug_abbrev  0x000001e3      0x1cb buffer/Record.o
 .debug_abbrev  0x000003ae      0x19c controller/PIDController.o
 .debug_abbrev  0x0000054a      0x12a drivers/MagnetometerDriver.o
 .debug_abbrev  0x00000674      0x247 drivers/SerialDriver.o
 .debug_abbrev  0x000008bb      0x335 Helicopter.o
 .debug_abbrev  0x00000bf0      0x1c6 interfaces/GroundControlStationInterface.o
 .debug_abbrev  0x00000db6      0x1d4 messages/Message.o
 .debug_abbrev  0x00000f8a      0x236 messages/SyncMessage.o
 .debug_abbrev  0x000011c0      0x29c messages/SystemTelemetryMessage.o
 .debug_abbrev  0x0000145c      0x1e7 model/SystemModel.o
 .debug_abbrev  0x00001643      0x2b4 scheduler/Scheduler.o
 .debug_abbrev  0x000018f7      0x18b sensors/MagnetometerSensor.o
 .debug_abbrev  0x00001a82      0x2da tasks/SimTelemetryTask.o
 .debug_abbrev  0x00001d5c      0x206 tasks/Task.o
 .debug_abbrev  0x00001f62      0x29f tasks/TransmitTelemetryTask.o
 .debug_abbrev  0x00002201       0xac util/CommonHeader.o
 .debug_abbrev  0x000022ad      0x164 util/Timer.o
 .debug_abbrev  0x00002411       0xf9 c:/program files (x86)/atmel/atmel toolchain/avr8 gcc/native/3.4.2.1002/avr8-gnu-toolchain/bin/../lib/gcc/avr/4.7.2/../../../../avr/lib/avr6\libc.a(malloc.o)

.debug_line     0x00000000     0x1c95
 *(.debug_line)
 .debug_line    0x00000000       0xfb buffer/Buffer.o
 .debug_line    0x000000fb       0xe6 buffer/Record.o
 .debug_line    0x000001e1       0xdb controller/PIDController.o
 .debug_line    0x000002bc      0x12c drivers/MagnetometerDriver.o
 .debug_line    0x000003e8      0x10c drivers/SerialDriver.o
 .debug_line    0x000004f4      0x27c Helicopter.o
 .debug_line    0x00000770      0x1ee interfaces/GroundControlStationInterface.o
 .debug_line    0x0000095e       0xbe messages/Message.o
 .debug_line    0x00000a1c      0x12c messages/SyncMessage.o
 .debug_line    0x00000b48      0x1a0 messages/SystemTelemetryMessage.o
 .debug_line    0x00000ce8      0x1e3 model/SystemModel.o
 .debug_line    0x00000ecb      0x2a6 scheduler/Scheduler.o
 .debug_line    0x00001171      0x18b sensors/MagnetometerSensor.o
 .debug_line    0x000012fc      0x36e tasks/SimTelemetryTask.o
 .debug_line    0x0000166a       0xab tasks/Task.o
 .debug_line    0x00001715      0x1ba tasks/TransmitTelemetryTask.o
 .debug_line    0x000018cf      0x116 util/CommonHeader.o
 .debug_line    0x000019e5       0xa2 util/Timer.o
 .debug_line    0x00001a87      0x20e c:/program files (x86)/atmel/atmel toolchain/avr8 gcc/native/3.4.2.1002/avr8-gnu-toolchain/bin/../lib/gcc/avr/4.7.2/../../../../avr/lib/avr6\libc.a(malloc.o)

.debug_frame    0x00000000     0x1644
 *(.debug_frame)
 .debug_frame   0x00000000      0x100 buffer/Buffer.o
 .debug_frame   0x00000100      0x114 buffer/Record.o
 .debug_frame   0x00000214       0x54 controller/PIDController.o
 .debug_frame   0x00000268       0x54 drivers/MagnetometerDriver.o
 .debug_frame   0x000002bc       0xb4 drivers/SerialDriver.o
 .debug_frame   0x00000370      0x1e4 Helicopter.o
 .debug_frame   0x00000554       0xc0 interfaces/GroundControlStationInterface.o
 .debug_frame   0x00000614       0xb4 messages/Message.o
 .debug_frame   0x000006c8      0x140 messages/SyncMessage.o
 .debug_frame   0x00000808      0x1c0 messages/SystemTelemetryMessage.o
 .debug_frame   0x000009c8      0x240 model/SystemModel.o
 .debug_frame   0x00000c08      0x27c scheduler/Scheduler.o
 .debug_frame   0x00000e84       0xf0 sensors/MagnetometerSensor.o
 .debug_frame   0x00000f74      0x380 tasks/SimTelemetryTask.o
 .debug_frame   0x000012f4       0xd4 tasks/Task.o
 .debug_frame   0x000013c8      0x100 tasks/TransmitTelemetryTask.o
 .debug_frame   0x000014c8       0x94 util/CommonHeader.o
 .debug_frame   0x0000155c       0x80 util/Timer.o
 .debug_frame   0x000015dc       0x68 c:/program files (x86)/atmel/atmel toolchain/avr8 gcc/native/3.4.2.1002/avr8-gnu-toolchain/bin/../lib/gcc/avr/4.7.2/../../../../avr/lib/avr6\libc.a(malloc.o)

.debug_str      0x00000000     0x27ae
 *(.debug_str)
 .debug_str     0x00000000      0x4ad buffer/Buffer.o
                                0x4ef (size before relaxing)
 .debug_str     0x000004ad       0x88 buffer/Record.o
                                0x425 (size before relaxing)
 .debug_str     0x00000535      0x46b controller/PIDController.o
                                0x5a8 (size before relaxing)
 .debug_str     0x000009a0       0xe4 drivers/MagnetometerDriver.o
                                0x214 (size before relaxing)
 .debug_str     0x00000a84      0x361 drivers/SerialDriver.o
                                0x4ad (size before relaxing)
 .debug_str     0x00000de5      0x640 Helicopter.o
                                0xd8f (size before relaxing)
 .debug_str     0x00001425      0x12c interfaces/GroundControlStationInterface.o
                                0x41e (size before relaxing)
 .debug_str     0x00001551      0x230 messages/Message.o
                                0x36d (size before relaxing)
 .debug_str     0x00001781      0x184 messages/SyncMessage.o
                                0x346 (size before relaxing)
 .debug_str     0x00001905      0x512 messages/SystemTelemetryMessage.o
                                0x858 (size before relaxing)
 .debug_str     0x00001e17       0x19 model/SystemModel.o
                                0x72e (size before relaxing)
 .debug_str     0x00001e30      0x225 scheduler/Scheduler.o
                                0x612 (size before relaxing)
 .debug_str     0x00002055      0x259 sensors/MagnetometerSensor.o
                                0x39c (size before relaxing)
 .debug_str     0x000022ae      0x176 tasks/SimTelemetryTask.o
                                0xae1 (size before relaxing)
 .debug_str     0x00002424       0x94 tasks/Task.o
                                0x371 (size before relaxing)
 .debug_str     0x000024b8      0x152 tasks/TransmitTelemetryTask.o
                                0x8d7 (size before relaxing)
 .debug_str     0x0000260a       0x7f util/CommonHeader.o
                                0x16c (size before relaxing)
 .debug_str     0x00002689       0x1c util/Timer.o
                                0x2c0 (size before relaxing)
 .debug_str     0x000026a5      0x109 c:/program files (x86)/atmel/atmel toolchain/avr8 gcc/native/3.4.2.1002/avr8-gnu-toolchain/bin/../lib/gcc/avr/4.7.2/../../../../avr/lib/avr6\libc.a(malloc.o)
                                0x17c (size before relaxing)

.debug_loc      0x00000000     0x3339
 *(.debug_loc)
 .debug_loc     0x00000000      0x212 buffer/Buffer.o
 .debug_loc     0x00000212      0x246 buffer/Record.o
 .debug_loc     0x00000458       0x90 controller/PIDController.o
 .debug_loc     0x000004e8       0x8f drivers/MagnetometerDriver.o
 .debug_loc     0x00000577      0x168 drivers/SerialDriver.o
 .debug_loc     0x000006df      0x42c Helicopter.o
 .debug_loc     0x00000b0b      0x18b interfaces/GroundControlStationInterface.o
 .debug_loc     0x00000c96      0x168 messages/Message.o
 .debug_loc     0x00000dfe      0x2a2 messages/SyncMessage.o
 .debug_loc     0x000010a0      0x3c2 messages/SystemTelemetryMessage.o
 .debug_loc     0x00001462      0x4e2 model/SystemModel.o
 .debug_loc     0x00001944      0x576 scheduler/Scheduler.o
 .debug_loc     0x00001eba      0x204 sensors/MagnetometerSensor.o
 .debug_loc     0x000020be      0x7b0 tasks/SimTelemetryTask.o
 .debug_loc     0x0000286e      0x1b0 tasks/Task.o
 .debug_loc     0x00002a1e      0x211 tasks/TransmitTelemetryTask.o
 .debug_loc     0x00002c2f      0x120 util/CommonHeader.o
 .debug_loc     0x00002d4f       0xf2 util/Timer.o
 .debug_loc     0x00002e41      0x4f8 c:/program files (x86)/atmel/atmel toolchain/avr8 gcc/native/3.4.2.1002/avr8-gnu-toolchain/bin/../lib/gcc/avr/4.7.2/../../../../avr/lib/avr6\libc.a(malloc.o)

.debug_macinfo
 *(.debug_macinfo)

.debug_pubtypes
 *(.debug_pubtypes)

.debug_ranges   0x00000000      0x558
 *(.debug_ranges)
 .debug_ranges  0x00000000       0x40 buffer/Buffer.o
 .debug_ranges  0x00000040       0x40 buffer/Record.o
 .debug_ranges  0x00000080       0x18 controller/PIDController.o
 .debug_ranges  0x00000098       0x18 drivers/MagnetometerDriver.o
 .debug_ranges  0x000000b0       0x30 drivers/SerialDriver.o
 .debug_ranges  0x000000e0       0x68 Helicopter.o
 .debug_ranges  0x00000148       0x20 interfaces/GroundControlStationInterface.o
 .debug_ranges  0x00000168       0x30 messages/Message.o
 .debug_ranges  0x00000198       0x50 messages/SyncMessage.o
 .debug_ranges  0x000001e8       0x70 messages/SystemTelemetryMessage.o
 .debug_ranges  0x00000258       0x90 model/SystemModel.o
 .debug_ranges  0x000002e8       0x88 scheduler/Scheduler.o
 .debug_ranges  0x00000370       0x30 sensors/MagnetometerSensor.o
 .debug_ranges  0x000003a0       0xe0 tasks/SimTelemetryTask.o
 .debug_ranges  0x00000480       0x38 tasks/Task.o
 .debug_ranges  0x000004b8       0x40 tasks/TransmitTelemetryTask.o
 .debug_ranges  0x000004f8       0x28 util/CommonHeader.o
 .debug_ranges  0x00000520       0x20 util/Timer.o
 .debug_ranges  0x00000540       0x18 c:/program files (x86)/atmel/atmel toolchain/avr8 gcc/native/3.4.2.1002/avr8-gnu-toolchain/bin/../lib/gcc/avr/4.7.2/../../../../avr/lib/avr6\libc.a(malloc.o)

.debug_macro
 *(.debug_macro)
OUTPUT(Helicopter.elf elf32-avr)
LOAD linker stubs
