Archive member included because of file (symbol)

c:/program files (x86)/atmel/atmel toolchain/avr8 gcc/native/3.4.2.1002/avr8-gnu-toolchain/bin/../lib/gcc/avr/4.7.2/../../../../avr/lib/avr6\libm.a(addsf3.o)
                              controller/PIDController.o (__subsf3)
c:/program files (x86)/atmel/atmel toolchain/avr8 gcc/native/3.4.2.1002/avr8-gnu-toolchain/bin/../lib/gcc/avr/4.7.2/../../../../avr/lib/avr6\libm.a(addsf3x.o)
                              c:/program files (x86)/atmel/atmel toolchain/avr8 gcc/native/3.4.2.1002/avr8-gnu-toolchain/bin/../lib/gcc/avr/4.7.2/../../../../avr/lib/avr6\libm.a(addsf3.o) (__addsf3x)
c:/program files (x86)/atmel/atmel toolchain/avr8 gcc/native/3.4.2.1002/avr8-gnu-toolchain/bin/../lib/gcc/avr/4.7.2/../../../../avr/lib/avr6\libm.a(cmpsf2.o)
                              controller/PIDController.o (__nesf2)
c:/program files (x86)/atmel/atmel toolchain/avr8 gcc/native/3.4.2.1002/avr8-gnu-toolchain/bin/../lib/gcc/avr/4.7.2/../../../../avr/lib/avr6\libm.a(cos.o)
                              util/CoordinateUtil.o (cos)
c:/program files (x86)/atmel/atmel toolchain/avr8 gcc/native/3.4.2.1002/avr8-gnu-toolchain/bin/../lib/gcc/avr/4.7.2/../../../../avr/lib/avr6\libm.a(divsf3.o)
                              messages/SystemTelemetryMessage.o (__divsf3)
c:/program files (x86)/atmel/atmel toolchain/avr8 gcc/native/3.4.2.1002/avr8-gnu-toolchain/bin/../lib/gcc/avr/4.7.2/../../../../avr/lib/avr6\libm.a(divsf3x.o)
                              c:/program files (x86)/atmel/atmel toolchain/avr8 gcc/native/3.4.2.1002/avr8-gnu-toolchain/bin/../lib/gcc/avr/4.7.2/../../../../avr/lib/avr6\libm.a(divsf3.o) (__divsf3x)
c:/program files (x86)/atmel/atmel toolchain/avr8 gcc/native/3.4.2.1002/avr8-gnu-toolchain/bin/../lib/gcc/avr/4.7.2/../../../../avr/lib/avr6\libm.a(fixsfsi.o)
                              HelicopterMain.o (__fixsfsi)
c:/program files (x86)/atmel/atmel toolchain/avr8 gcc/native/3.4.2.1002/avr8-gnu-toolchain/bin/../lib/gcc/avr/4.7.2/../../../../avr/lib/avr6\libm.a(fixunssfsi.o)
                              drivers/SerialDriver.o (__fixunssfsi)
c:/program files (x86)/atmel/atmel toolchain/avr8 gcc/native/3.4.2.1002/avr8-gnu-toolchain/bin/../lib/gcc/avr/4.7.2/../../../../avr/lib/avr6\libm.a(floatsisf.o)
                              drivers/SerialDriver.o (__floatunsisf)
c:/program files (x86)/atmel/atmel toolchain/avr8 gcc/native/3.4.2.1002/avr8-gnu-toolchain/bin/../lib/gcc/avr/4.7.2/../../../../avr/lib/avr6\libm.a(floor.o)
                              drivers/SerialDriver.o (floor)
c:/program files (x86)/atmel/atmel toolchain/avr8 gcc/native/3.4.2.1002/avr8-gnu-toolchain/bin/../lib/gcc/avr/4.7.2/../../../../avr/lib/avr6\libm.a(fp_cmp.o)
                              c:/program files (x86)/atmel/atmel toolchain/avr8 gcc/native/3.4.2.1002/avr8-gnu-toolchain/bin/../lib/gcc/avr/4.7.2/../../../../avr/lib/avr6\libm.a(cmpsf2.o) (__fp_cmp)
c:/program files (x86)/atmel/atmel toolchain/avr8 gcc/native/3.4.2.1002/avr8-gnu-toolchain/bin/../lib/gcc/avr/4.7.2/../../../../avr/lib/avr6\libm.a(fp_inf.o)
                              c:/program files (x86)/atmel/atmel toolchain/avr8 gcc/native/3.4.2.1002/avr8-gnu-toolchain/bin/../lib/gcc/avr/4.7.2/../../../../avr/lib/avr6\libm.a(addsf3x.o) (__fp_inf)
c:/program files (x86)/atmel/atmel toolchain/avr8 gcc/native/3.4.2.1002/avr8-gnu-toolchain/bin/../lib/gcc/avr/4.7.2/../../../../avr/lib/avr6\libm.a(fp_mintl.o)
                              c:/program files (x86)/atmel/atmel toolchain/avr8 gcc/native/3.4.2.1002/avr8-gnu-toolchain/bin/../lib/gcc/avr/4.7.2/../../../../avr/lib/avr6\libm.a(floor.o) (__fp_mintl)
c:/program files (x86)/atmel/atmel toolchain/avr8 gcc/native/3.4.2.1002/avr8-gnu-toolchain/bin/../lib/gcc/avr/4.7.2/../../../../avr/lib/avr6\libm.a(fp_mpack.o)
                              c:/program files (x86)/atmel/atmel toolchain/avr8 gcc/native/3.4.2.1002/avr8-gnu-toolchain/bin/../lib/gcc/avr/4.7.2/../../../../avr/lib/avr6\libm.a(floor.o) (__fp_mpack)
c:/program files (x86)/atmel/atmel toolchain/avr8 gcc/native/3.4.2.1002/avr8-gnu-toolchain/bin/../lib/gcc/avr/4.7.2/../../../../avr/lib/avr6\libm.a(fp_nan.o)
                              c:/program files (x86)/atmel/atmel toolchain/avr8 gcc/native/3.4.2.1002/avr8-gnu-toolchain/bin/../lib/gcc/avr/4.7.2/../../../../avr/lib/avr6\libm.a(addsf3x.o) (__fp_nan)
c:/program files (x86)/atmel/atmel toolchain/avr8 gcc/native/3.4.2.1002/avr8-gnu-toolchain/bin/../lib/gcc/avr/4.7.2/../../../../avr/lib/avr6\libm.a(fp_pscA.o)
                              c:/program files (x86)/atmel/atmel toolchain/avr8 gcc/native/3.4.2.1002/avr8-gnu-toolchain/bin/../lib/gcc/avr/4.7.2/../../../../avr/lib/avr6\libm.a(addsf3x.o) (__fp_pscA)
c:/program files (x86)/atmel/atmel toolchain/avr8 gcc/native/3.4.2.1002/avr8-gnu-toolchain/bin/../lib/gcc/avr/4.7.2/../../../../avr/lib/avr6\libm.a(fp_pscB.o)
[...]
Memory Configuration

Name             Origin             Length             Attributes
text             0x00000000         0x00100000         xr
data             0x00800200         0x0000fe00         rw !x
eeprom           0x00810000         0x00010000         rw !x
fuse             0x00820000         0x00000400         rw !x
lock             0x00830000         0x00000400         rw !x
signature        0x00840000         0x00000400         rw !x
user_signatures  0x00850000         0x00000400         rw !x
*default*        0x00000000         0xffffffff

Linker script and memory map

Address of section .data set to 0x800200
LOAD c:/program files (x86)/atmel/atmel toolchain/avr8 gcc/native/3.4.2.1002/avr8-gnu-toolchain/bin/../lib/gcc/avr/4.7.2/../../../../avr/lib/avr6/crtm2560.o
LOAD buffer/Buffer.o
LOAD buffer/Record.o
LOAD controller/PIDController.o
LOAD drivers/MagnetometerDriver.o
LOAD drivers/SerialDriver.o
LOAD drivers/SPIDriver.o
LOAD HelicopterMain.o
LOAD interfaces/GroundControlStationInterface.o
LOAD interfaces/RadioControllerInterface.o
LOAD messages/Message.o
LOAD messages/SyncMessage.o
LOAD messages/SystemTelemetryMessage.o
LOAD model/SystemModel.o
LOAD scheduler/Scheduler.o
LOAD sensors/IMUSensor.o
LOAD sensors/MagnetometerSensor.o
LOAD tasks/PIDInnerLoopTask.o
LOAD tasks/PIDOuterLoopTask.o
LOAD tasks/ReadIMUSensorTask.o
LOAD tasks/SensorProcessingTask.o
LOAD tasks/SimTelemetryTask.o
LOAD tasks/Task.o
LOAD tasks/TransmitTelemetryTask.o
LOAD util/CommonHeader.o
LOAD util/CoordinateUtil.o
LOAD util/MatrixUtil.o
LOAD util/Timer.o
START GROUP
LOAD c:/program files (x86)/atmel/atmel toolchain/avr8 gcc/native/3.4.2.1002/avr8-gnu-toolchain/bin/../lib/gcc/avr/4.7.2/../../../../avr/lib/avr6\libm.a
END GROUP
LOAD c:/program files (x86)/atmel/atmel toolchain/avr8 gcc/native/3.4.2.1002/avr8-gnu-toolchain/bin/../lib/gcc/avr/4.7.2/avr6\libgcc.a
LOAD c:/program files (x86)/atmel/atmel toolchain/avr8 gcc/native/3.4.2.1002/avr8-gnu-toolchain/bin/../lib/gcc/avr/4.7.2/../../../../avr/lib/avr6\libm.a
LOAD c:/program files (x86)/atmel/atmel toolchain/avr8 gcc/native/3.4.2.1002/avr8-gnu-toolchain/bin/../lib/gcc/avr/4.7.2/avr6\libgcc.a
LOAD c:/program files (x86)/atmel/atmel toolchain/avr8 gcc/native/3.4.2.1002/avr8-gnu-toolchain/bin/../lib/gcc/avr/4.7.2/../../../../avr/lib/avr6\libc.a
LOAD c:/program files (x86)/atmel/atmel toolchain/avr8 gcc/native/3.4.2.1002/avr8-gnu-toolchain/bin/../lib/gcc/avr/4.7.2/avr6\libgcc.a

.hash
 *(.hash)

.dynsym
 *(.dynsym)

.dynstr
 *(.dynstr)

.gnu.version
 *(.gnu.version)

.gnu.version_d
 *(.gnu.version_d)

.gnu.version_r
 *(.gnu.version_r)

.rel.init
 *(.rel.init)

.rela.init
 *(.rela.init)

.rel.text
 *(.rel.text)
 *(.rel.text.*)
 *(.rel.gnu.linkonce.t*)

.rela.text
 *(.rela.text)
 *(.rela.text.*)
 *(.rela.gnu.linkonce.t*)

.rel.fini
 *(.rel.fini)

.rela.fini
 *(.rela.fini)

.rel.rodata
 *(.rel.rodata)
 *(.rel.rodata.*)
 *(.rel.gnu.linkonce.r*)

.rela.rodata
 *(.rela.rodata)
 *(.rela.rodata.*)
 *(.rela.gnu.linkonce.r*)

.rel.data
 *(.rel.data)
 *(.rel.data.*)
 *(.rel.gnu.linkonce.d*)

.rela.data
 *(.rela.data)
 *(.rela.data.*)
 *(.rela.gnu.linkonce.d*)

.rel.ctors
 *(.rel.ctors)

.rela.ctors
 *(.rela.ctors)

.rel.dtors
 *(.rel.dtors)

.rela.dtors
 *(.rela.dtors)

.rel.got
 *(.rel.got)

.rela.got
 *(.rela.got)

.rel.bss
 *(.rel.bss)

.rela.bss
 *(.rela.bss)

.rel.plt
 *(.rel.plt)

.rela.plt
 *(.rela.plt)

.text           0x00000000     0xb384
 *(.vectors)
 .vectors       0x00000000       0xe4 c:/program files (x86)/atmel/atmel toolchain/avr8 gcc/native/3.4.2.1002/avr8-gnu-toolchain/bin/../lib/gcc/avr/4.7.2/../../../../avr/lib/avr6/crtm2560.o
                0x00000000                __vector_default
                0x00000000                __vectors
 *(.vectors)
 *(.progmem.gcc*)
 .progmem.gcc_fplib
                0x000000e4       0x1e c:/program files (x86)/atmel/atmel toolchain/avr8 gcc/native/3.4.2.1002/avr8-gnu-toolchain/bin/../lib/gcc/avr/4.7.2/../../../../avr/lib/avr6\libm.a(fp_sinus.o)
 .progmem.gcc_fplib
                0x00000102       0x28 c:/program files (x86)/atmel/atmel toolchain/avr8 gcc/native/3.4.2.1002/avr8-gnu-toolchain/bin/../lib/gcc/avr/4.7.2/../../../../avr/lib/avr6\libm.a(exp.o)
 .progmem.gcc_fplib
                0x0000012a       0x5a c:/program files (x86)/atmel/atmel toolchain/avr8 gcc/native/3.4.2.1002/avr8-gnu-toolchain/bin/../lib/gcc/avr/4.7.2/../../../../avr/lib/avr6\libm.a(log.o)
 *(.progmem*)
                0x00000184                . = ALIGN (0x2)
                0x00000184                __trampolines_start = .
 *(.trampolines)
 .trampolines   0x00000184       0xb0 linker stubs
 *(.trampolines*)
                0x00000234                __trampolines_end = .
 *(.jumptables)
 *(.jumptables*)
 *(.lowtext)
 *(.lowtext*)
                0x00000234                __ctors_start = .
 *(.ctors)
                0x00000234                __ctors_end = .
                0x00000234                __dtors_start = .
 *(.dtors)
                0x00000234                __dtors_end = .
 SORT(*)(.ctors)
 SORT(*)(.dtors)
 *(.init0)
 .init0         0x00000234        0x0 c:/program files (x86)/atmel/atmel toolchain/avr8 gcc/native/3.4.2.1002/avr8-gnu-toolchain/bin/../lib/gcc/avr/4.7.2/../../../../avr/lib/avr6/crtm2560.o
                0x00000234                __init
 *(.init0)
 *(.init1)
 *(.init1)
 *(.init2)
 .init2         0x00000234       0x10 c:/program files (x86)/atmel/atmel toolchain/avr8 gcc/native/3.4.2.1002/avr8-gnu-toolchain/bin/../lib/gcc/avr/4.7.2/../../../../avr/lib/avr6/crtm2560.o
 *(.init2)
 *(.init3)
 *(.init3)
 *(.init4)
 .init4         0x00000244       0x1a c:/program files (x86)/atmel/atmel toolchain/avr8 gcc/native/3.4.2.1002/avr8-gnu-toolchain/bin/../lib/gcc/avr/4.7.2/avr6\libgcc.a(_copy_data.o)
                0x00000244                __do_copy_data
 .init4         0x0000025e       0x10 c:/program files (x86)/atmel/atmel toolchain/avr8 gcc/native/3.4.2.1002/avr8-gnu-toolchain/bin/../lib/gcc/avr/4.7.2/avr6\libgcc.a(_clear_bss.o)
                0x0000025e                __do_clear_bss
 *(.init4)
 *(.init5)
 *(.init5)
 *(.init6)
 *(.init6)
 *(.init7)
 *(.init7)
 *(.init8)
 *(.init8)
 *(.init9)
 .init9         0x0000026e        0x8 c:/program files (x86)/atmel/atmel toolchain/avr8 gcc/native/3.4.2.1002/avr8-gnu-toolchain/bin/../lib/gcc/avr/4.7.2/../../../../avr/lib/avr6/crtm2560.o
 *(.init9)
 *(.text)
 .text          0x00000276        0x4 c:/program files (x86)/atmel/atmel toolchain/avr8 gcc/native/3.4.2.1002/avr8-gnu-toolchain/bin/../lib/gcc/avr/4.7.2/../../../../avr/lib/avr6/crtm2560.o
                0x00000276                __vector_38
                0x00000276                __vector_22
                0x00000276                __vector_28
                0x00000276                __vector_1
                0x00000276                __vector_32
                0x00000276                __vector_34
                0x00000276                __vector_24
                0x00000276                __vector_12
                0x00000276                __vector_55
                0x00000276                __bad_interrupt
                0x00000276                __vector_6
                0x00000276                __vector_31
                0x00000276                __vector_35
                0x00000276                __vector_39
                0x00000276                __vector_3
                0x00000276                __vector_23
                0x00000276                __vector_30
                0x00000276                __vector_45
                0x00000276                __vector_25
                0x00000276                __vector_11
                0x00000276                __vector_54
                0x00000276                __vector_13
                0x00000276                __vector_19
                0x00000276                __vector_56
                0x00000276                __vector_7
                0x00000276                __vector_49
                0x00000276                __vector_41
                0x00000276                __vector_43
                0x00000276                __vector_27
                0x00000276                __vector_5
                0x00000276                __vector_33
                0x00000276                __vector_47
                0x00000276                __vector_52
                0x00000276                __vector_37
                0x00000276                __vector_4
                0x00000276                __vector_44
                0x00000276                __vector_51
                0x00000276                __vector_9
                0x00000276                __vector_2
                0x00000276                __vector_21
                0x00000276                __vector_15
                0x00000276                __vector_36
                0x00000276                __vector_29
                0x00000276                __vector_40
                0x00000276                __vector_8
                0x00000276                __vector_26
                0x00000276                __vector_48
                0x00000276                __vector_14
                0x00000276                __vector_53
                0x00000276                __vector_10
                0x00000276                __vector_50
                0x00000276                __vector_16
                0x00000276                __vector_18
                0x00000276                __vector_20
                0x00000276                __vector_42
                0x0000027a                . = ALIGN (0x2)
 *(.text.*)
 .text._ZNK10helicopter5model11SystemModel13MagYawDegreesEv
                0x0000027a       0x2c controller/PIDController.o
                0x0000027a                _ZNK10helicopter5model11SystemModel13MagYawDegreesEv
 .text._ZNK10helicopter5model11SystemModel22ReferenceMagYawDegreesEv
                0x000002a6       0x2c controller/PIDController.o
                0x000002a6                _ZNK10helicopter5model11SystemModel22ReferenceMagYawDegreesEv
 .text._ZNK10helicopter5model11SystemModel10YawControlEv
                0x000002d2       0x2c controller/PIDController.o
                0x000002d2                _ZNK10helicopter5model11SystemModel10YawControlEv
 .text._ZN10helicopter5model11SystemModel10YawControlEf
                0x000002fe       0x40 controller/PIDController.o
                0x000002fe                _ZN10helicopter5model11SystemModel10YawControlEf
 .text._ZNK10helicopter5model11SystemModel37YawControlBeforeServoLimitsAdjustmentEv
                0x0000033e       0x2c controller/PIDController.o
                0x0000033e                _ZNK10helicopter5model11SystemModel37YawControlBeforeServoLimitsAdjustmentEv
 .text._ZN10helicopter5model11SystemModel37YawControlBeforeServoLimitsAdjustmentEf
                0x0000036a       0x40 controller/PIDController.o
                0x0000036a                _ZN10helicopter5model11SystemModel37YawControlBeforeServoLimitsAdjustmentEf
 .text._ZNK10helicopter5model11SystemModel27YawVelocityDegreesPerSecondEv
                0x000003aa       0x2c controller/PIDController.o
                0x000003aa                _ZNK10helicopter5model11SystemModel27YawVelocityDegreesPerSecondEv
 .text._ZNK10helicopter5model11SystemModel36ReferenceYawVelocityDegreesPerSecondEv
                0x000003d6       0x2c controller/PIDController.o
                0x000003d6                _ZNK10helicopter5model11SystemModel36ReferenceYawVelocityDegreesPerSecondEv
 .text._ZNK10helicopter5model11SystemModel11YawIntegralEv
                0x00000402       0x2c controller/PIDController.o
                0x00000402                _ZNK10helicopter5model11SystemModel11YawIntegralEv
 .text._ZN10helicopter5model11SystemModel11YawIntegralEf
                0x0000042e       0x40 controller/PIDController.o
                0x0000042e                _ZN10helicopter5model11SystemModel11YawIntegralEf
 .text._ZN10helicopter5model11SystemModel15YawProportionalEf
                0x0000046e       0x40 controller/PIDController.o
                0x0000046e                _ZN10helicopter5model11SystemModel15YawProportionalEf
 .text._ZN10helicopter5model11SystemModel18YawDerivativeErrorEf
                0x000004ae       0x40 controller/PIDController.o
                0x000004ae                _ZN10helicopter5model11SystemModel18YawDerivativeErrorEf
 .text._ZNK10helicopter5model11SystemModel13XNEDBodyFrameEv
                0x000004ee       0x2c controller/PIDController.o
                0x000004ee                _ZNK10helicopter5model11SystemModel13XNEDBodyFrameEv
 .text._ZNK10helicopter5model11SystemModel22ReferenceXNEDBodyFrameEv
                0x0000051a       0x2c controller/PIDController.o
                0x0000051a                _ZNK10helicopter5model11SystemModel22ReferenceXNEDBodyFrameEv
 .text._ZNK10helicopter5model11SystemModel43LongitudeControlBeforeServoLimitsAdjustmentEv
                0x00000546       0x2c controller/PIDController.o
                0x00000546                _ZNK10helicopter5model11SystemModel43LongitudeControlBeforeServoLimitsAdjustmentEv
 .text._ZN10helicopter5model11SystemModel43LongitudeControlBeforeServoLimitsAdjustmentEf
                0x00000572       0x40 controller/PIDController.o
                0x00000572                _ZN10helicopter5model11SystemModel43LongitudeControlBeforeServoLimitsAdjustmentEf
 .text._ZNK10helicopter5model11SystemModel16LongitudeControlEv
                0x000005b2       0x2c controller/PIDController.o
                0x000005b2                _ZNK10helicopter5model11SystemModel16LongitudeControlEv
 .text._ZN10helicopter5model11SystemModel16LongitudeControlEf
                0x000005de       0x40 controller/PIDController.o
                0x000005de                _ZN10helicopter5model11SystemModel16LongitudeControlEf
 .text._ZNK10helicopter5model11SystemModel24XVelocityMetersPerSecondEv
                0x0000061e       0x2c controller/PIDController.o
                0x0000061e                _ZNK10helicopter5model11SystemModel24XVelocityMetersPerSecondEv
 .text._ZNK10helicopter5model11SystemModel33ReferenceXVelocityMetersPerSecondEv
                0x0000064a       0x2c controller/PIDController.o
                0x0000064a                _ZNK10helicopter5model11SystemModel33ReferenceXVelocityMetersPerSecondEv
 .text._ZNK10helicopter5model11SystemModel27XLongitudeOuterLoopSetpointEv
                0x00000676       0x2e controller/PIDController.o
                0x00000676                _ZNK10helicopter5model11SystemModel27XLongitudeOuterLoopSetpointEv
 .text._ZN10helicopter5model11SystemModel27XLongitudeOuterLoopSetpointEf
                0x000006a4       0x46 controller/PIDController.o
                0x000006a4                _ZN10helicopter5model11SystemModel27XLongitudeOuterLoopSetpointEf
 .text._ZN10helicopter5model11SystemModel13XProportionalEf
                0x000006ea       0x46 controller/PIDController.o
                0x000006ea                _ZN10helicopter5model11SystemModel13XProportionalEf
 .text._ZNK10helicopter5model11SystemModel9XIntegralEv
                0x00000730       0x30 controller/PIDController.o
                0x00000730                _ZNK10helicopter5model11SystemModel9XIntegralEv
 .text._ZN10helicopter5model11SystemModel9XIntegralEf
                0x00000760       0x46 controller/PIDController.o
                0x00000760                _ZN10helicopter5model11SystemModel9XIntegralEf
 .text._ZN10helicopter5model11SystemModel16XDerivativeErrorEf
                0x000007a6       0x46 controller/PIDController.o
                0x000007a6                _ZN10helicopter5model11SystemModel16XDerivativeErrorEf
 .text._ZNK10helicopter5model11SystemModel17ThetaPitchDegreesEv
                0x000007ec       0x30 controller/PIDController.o
                0x000007ec                _ZNK10helicopter5model11SystemModel17ThetaPitchDegreesEv
 .text._ZNK10helicopter5model11SystemModel33PitchAngularVelocityRadsPerSecondEv
                0x0000081c       0x30 controller/PIDController.o
                0x0000081c                _ZNK10helicopter5model11SystemModel33PitchAngularVelocityRadsPerSecondEv
 .text._ZNK10helicopter5model11SystemModel13YNEDBodyFrameEv
                0x0000084c       0x30 controller/PIDController.o
                0x0000084c                _ZNK10helicopter5model11SystemModel13YNEDBodyFrameEv
 .text._ZNK10helicopter5model11SystemModel22ReferenceYNEDBodyFrameEv
                0x0000087c       0x30 controller/PIDController.o
                0x0000087c                _ZNK10helicopter5model11SystemModel22ReferenceYNEDBodyFrameEv
 .text._ZNK10helicopter5model11SystemModel41LateralControlBeforeServoLimitsAdjustmentEv
                0x000008ac       0x30 controller/PIDController.o
                0x000008ac                _ZNK10helicopter5model11SystemModel41LateralControlBeforeServoLimitsAdjustmentEv
 .text._ZN10helicopter5model11SystemModel41LateralControlBeforeServoLimitsAdjustmentEf
                0x000008dc       0x46 controller/PIDController.o
                0x000008dc                _ZN10helicopter5model11SystemModel41LateralControlBeforeServoLimitsAdjustmentEf
 .text._ZNK10helicopter5model11SystemModel14LateralControlEv
                0x00000922       0x30 controller/PIDController.o
                0x00000922                _ZNK10helicopter5model11SystemModel14LateralControlEv
 .text._ZN10helicopter5model11SystemModel14LateralControlEf
                0x00000952       0x46 controller/PIDController.o
                0x00000952                _ZN10helicopter5model11SystemModel14LateralControlEf
 .text._ZNK10helicopter5model11SystemModel24YVelocityMetersPerSecondEv
                0x00000998       0x30 controller/PIDController.o
                0x00000998                _ZNK10helicopter5model11SystemModel24YVelocityMetersPerSecondEv
 .text._ZNK10helicopter5model11SystemModel33ReferenceYVelocityMetersPerSecondEv
                0x000009c8       0x30 controller/PIDController.o
                0x000009c8                _ZNK10helicopter5model11SystemModel33ReferenceYVelocityMetersPerSecondEv
 .text._ZNK10helicopter5model11SystemModel25YLateralOuterLoopSetpointEv
                0x000009f8       0x30 controller/PIDController.o
                0x000009f8                _ZNK10helicopter5model11SystemModel25YLateralOuterLoopSetpointEv
 .text._ZN10helicopter5model11SystemModel25YLateralOuterLoopSetpointEf
                0x00000a28       0x46 controller/PIDController.o
                0x00000a28                _ZN10helicopter5model11SystemModel25YLateralOuterLoopSetpointEf
 .text._ZN10helicopter5model11SystemModel13YProportionalEf
                0x00000a6e       0x46 controller/PIDController.o
                0x00000a6e                _ZN10helicopter5model11SystemModel13YProportionalEf
 .text._ZNK10helicopter5model11SystemModel9YIntegralEv
                0x00000ab4       0x30 controller/PIDController.o
                0x00000ab4                _ZNK10helicopter5model11SystemModel9YIntegralEv
 .text._ZN10helicopter5model11SystemModel9YIntegralEf
                0x00000ae4       0x46 controller/PIDController.o
                0x00000ae4                _ZN10helicopter5model11SystemModel9YIntegralEf
 .text._ZN10helicopter5model11SystemModel16YDerivativeErrorEf
                0x00000b2a       0x46 controller/PIDController.o
                0x00000b2a                _ZN10helicopter5model11SystemModel16YDerivativeErrorEf
 .text._ZNK10helicopter5model11SystemModel14PhiRollDegreesEv
                0x00000b70       0x30 controller/PIDController.o
                0x00000b70                _ZNK10helicopter5model11SystemModel14PhiRollDegreesEv
 .text._ZNK10helicopter5model11SystemModel32RollAngularVelocityRadsPerSecondEv
                0x00000ba0       0x30 controller/PIDController.o
                0x00000ba0                _ZNK10helicopter5model11SystemModel32RollAngularVelocityRadsPerSecondEv
 .text._ZNK10helicopter5model11SystemModel13ZNEDBodyFrameEv
                0x00000bd0       0x30 controller/PIDController.o
                0x00000bd0                _ZNK10helicopter5model11SystemModel13ZNEDBodyFrameEv
 .text._ZNK10helicopter5model11SystemModel26ReferenceZNEDBodyFrameFeetEv
                0x00000c00       0x30 controller/PIDController.o
                0x00000c00                _ZNK10helicopter5model11SystemModel26ReferenceZNEDBodyFrameFeetEv
 .text._ZNK10helicopter5model11SystemModel26MainRotorCollectiveControlEv
                0x00000c30       0x30 controller/PIDController.o
                0x00000c30                _ZNK10helicopter5model11SystemModel26MainRotorCollectiveControlEv
 .text._ZN10helicopter5model11SystemModel26MainRotorCollectiveControlEf
                0x00000c60       0x46 controller/PIDController.o
                0x00000c60                _ZN10helicopter5model11SystemModel26MainRotorCollectiveControlEf
 .text._ZNK10helicopter5model11SystemModel43MainRotorControlBeforeServoLimitsAdjustmentEv
                0x00000ca6       0x30 controller/PIDController.o
                0x00000ca6                _ZNK10helicopter5model11SystemModel43MainRotorControlBeforeServoLimitsAdjustmentEv
 .text._ZN10helicopter5model11SystemModel43MainRotorControlBeforeServoLimitsAdjustmentEf
                0x00000cd6       0x46 controller/PIDController.o
                0x00000cd6                _ZN10helicopter5model11SystemModel43MainRotorControlBeforeServoLimitsAdjustmentEf
 .text._ZNK10helicopter5model11SystemModel22ZVelocityFeetPerSecondEv
                0x00000d1c       0x30 controller/PIDController.o
                0x00000d1c                _ZNK10helicopter5model11SystemModel22ZVelocityFeetPerSecondEv
 .text._ZNK10helicopter5model11SystemModel31ReferenceZVelocityFeetPerSecondEv
                0x00000d4c       0x30 controller/PIDController.o
                0x00000d4c                _ZNK10helicopter5model11SystemModel31ReferenceZVelocityFeetPerSecondEv
 .text._ZNK10helicopter5model11SystemModel9ZIntegralEv
                0x00000d7c       0x30 controller/PIDController.o
                0x00000d7c                _ZNK10helicopter5model11SystemModel9ZIntegralEv
 .text._ZN10helicopter5model11SystemModel9ZIntegralEf
                0x00000dac       0x46 controller/PIDController.o
                0x00000dac                _ZN10helicopter5model11SystemModel9ZIntegralEf
 .text._ZN10helicopter5model11SystemModel13ZProportionalEf
                0x00000df2       0x46 controller/PIDController.o
                0x00000df2                _ZN10helicopter5model11SystemModel13ZProportionalEf
 .text._ZN10helicopter5model11SystemModel16ZDerivativeErrorEf
                0x00000e38       0x46 controller/PIDController.o
                0x00000e38                _ZN10helicopter5model11SystemModel16ZDerivativeErrorEf
 .text._ZNK10helicopter5model11SystemModel11BlownFramesEv
                0x00000e7e       0x30 controller/PIDController.o
                0x00000e7e                _ZNK10helicopter5model11SystemModel11BlownFramesEv
 .text._ZN10helicopter5model11SystemModel11BlownFramesEl
                0x00000eae       0x46 controller/PIDController.o
                0x00000eae                _ZN10helicopter5model11SystemModel11BlownFramesEl
 .text._ZNK10helicopter5model11SystemModel16OperationalStateEv
                0x00000ef4       0x22 controller/PIDController.o
                0x00000ef4                _ZNK10helicopter5model11SystemModel16OperationalStateEv
 .text._ZN10helicopter10controller13PIDControllerC2EPNS_5model11SystemModelE
                0x00000f16      0x202 controller/PIDController.o
                0x00000f16                _ZN10helicopter10controller13PIDControllerC2EPNS_5model11SystemModelE
                0x00000f16                _ZN10helicopter10controller13PIDControllerC1EPNS_5model11SystemModelE
 .text._ZN10helicopter10controller13PIDController21calculateProportionalEff
                0x00001118       0x5e controller/PIDController.o
                0x00001118                _ZN10helicopter10controller13PIDController21calculateProportionalEff
 .text._ZN10helicopter10controller13PIDController27calculateIntegralAntiWindupEfff
                0x00001176       0xa2 controller/PIDController.o
                0x00001176                _ZN10helicopter10controller13PIDController27calculateIntegralAntiWindupEfff
 .text._ZN10helicopter10controller13PIDController17calculateIntegralEffff
                0x00001218      0x1a4 controller/PIDController.o
                0x00001218                _ZN10helicopter10controller13PIDController17calculateIntegralEffff
 .text._ZN10helicopter10controller13PIDController22calculateVelocityErrorEff
                0x000013bc       0x5e controller/PIDController.o
                0x000013bc                _ZN10helicopter10controller13PIDController22calculateVelocityErrorEff
 .text._ZN10helicopter10controller13PIDController30calculateOuterLoopControlValueEfffffi
                0x0000141a      0x10e controller/PIDController.o
                0x0000141a                _ZN10helicopter10controller13PIDController30calculateOuterLoopControlValueEfffffi
 .text._ZN10helicopter10controller13PIDController27adjustControlForServoLimitsEfff
                0x00001528       0xb8 controller/PIDController.o
                0x00001528                _ZN10helicopter10controller13PIDController27adjustControlForServoLimitsEfff
 .text._Z30calculateInnerLoopControlValuefffff
                0x000015e0       0xc2 controller/PIDController.o
                0x000015e0                _Z30calculateInnerLoopControlValuefffff
 .text._ZN10helicopter10controller13PIDController23adjustForSetpointLimitsEfff
                0x000016a2       0xb8 controller/PIDController.o
                0x000016a2                _ZN10helicopter10controller13PIDController23adjustForSetpointLimitsEfff
 .text._ZN10helicopter10controller13PIDController13addBlownFrameEv
                0x0000175a       0x46 controller/PIDController.o
                0x0000175a                _ZN10helicopter10controller13PIDController13addBlownFrameEv
 .text._ZN10helicopter10controller13PIDController27convertYawErrorFrom360to180Ef
                0x000017a0       0xa8 controller/PIDController.o
                0x000017a0                _ZN10helicopter10controller13PIDController27convertYawErrorFrom360to180Ef
 .text._ZN10helicopter10controller13PIDController34tailRotorCollectiveOuterLoopUpdateEv
                0x00001848      0x306 controller/PIDController.o
                0x00001848                _ZN10helicopter10controller13PIDController34tailRotorCollectiveOuterLoopUpdateEv
 .text._ZN10helicopter10controller13PIDController34mainRotorCollectiveOuterLoopUpdateEv
                0x00001b4e      0x2f4 controller/PIDController.o
                0x00001b4e                _ZN10helicopter10controller13PIDController34mainRotorCollectiveOuterLoopUpdateEv
 .text._ZN10helicopter10controller13PIDController30cyclicLongitudeOuterLoopUpdateEv
                0x00001e42      0x2c8 controller/PIDController.o
                0x00001e42                _ZN10helicopter10controller13PIDController30cyclicLongitudeOuterLoopUpdateEv
 .text._ZN10helicopter10controller13PIDController28cyclicLateralOuterLoopUpdateEv
                0x0000210a      0x2cc controller/PIDController.o
                0x0000210a                _ZN10helicopter10controller13PIDController28cyclicLateralOuterLoopUpdateEv
 .text._ZN10helicopter10controller13PIDController30cyclicLongitudeInnerLoopUpdateEv
                0x000023d6      0x1a0 controller/PIDController.o
                0x000023d6                _ZN10helicopter10controller13PIDController30cyclicLongitudeInnerLoopUpdateEv
 .text._ZN10helicopter10controller13PIDController28cyclicLateralInnerLoopUpdateEv
                0x00002576      0x1a2 controller/PIDController.o
                0x00002576                _ZN10helicopter10controller13PIDController28cyclicLateralInnerLoopUpdateEv
 .text._ZN10helicopter7drivers12SerialDriverD2Ev
                0x00002718       0x3c drivers/SerialDriver.o
                0x00002718                _ZN10helicopter7drivers12SerialDriverD1Ev
                0x00002718                _ZN10helicopter7drivers12SerialDriverD2Ev
 .text._ZN10helicopter7drivers12SerialDriverD0Ev
                0x00002754       0x2a drivers/SerialDriver.o
                0x00002754                _ZN10helicopter7drivers12SerialDriverD0Ev
 .text._ZN10helicopter7drivers12SerialDriver10initializeEv
                0x0000277e      0x16c drivers/SerialDriver.o
                0x0000277e                _ZN10helicopter7drivers12SerialDriver10initializeEv
 .text._ZN10helicopter7drivers12SerialDriver12transmitByteEhPNS_4util5TimerE
                0x000028ea       0x8a drivers/SerialDriver.o
                0x000028ea                _ZN10helicopter7drivers12SerialDriver12transmitByteEhPNS_4util5TimerE
 .text._ZN10helicopter7drivers12SerialDriver11receiveByteERhPNS_4util5TimerE
                0x00002974       0xae drivers/SerialDriver.o
                0x00002974                _ZN10helicopter7drivers12SerialDriver11receiveByteERhPNS_4util5TimerE
 .text._ZN10helicopter7drivers9SPIDriver4initEv
                0x00002a22       0x7e drivers/SPIDriver.o
                0x00002a22                _ZN10helicopter7drivers9SPIDriver4initEv
 .text._ZN10helicopter7drivers9SPIDriver16beginTransactionEv
                0x00002aa0       0x2c drivers/SPIDriver.o
                0x00002aa0                _ZN10helicopter7drivers9SPIDriver16beginTransactionEv
 .text._ZN10helicopter7drivers9SPIDriver14endTransactionEv
                0x00002acc       0x2c drivers/SPIDriver.o
                0x00002acc                _ZN10helicopter7drivers9SPIDriver14endTransactionEv
 .text._ZN10helicopter7drivers9SPIDriver5writeEh
                0x00002af8       0x3c drivers/SPIDriver.o
                0x00002af8                _ZN10helicopter7drivers9SPIDriver5writeEh
 .text._ZN10helicopter7drivers9SPIDriver9readInt16Ev
                0x00002b34       0x46 drivers/SPIDriver.o
                0x00002b34                _ZN10helicopter7drivers9SPIDriver9readInt16Ev
 .text._ZN10helicopter7drivers9SPIDriver8readByteEv
                0x00002b7a       0x40 drivers/SPIDriver.o
                0x00002b7a                _ZN10helicopter7drivers9SPIDriver8readByteEv
 .text._ZN10helicopter7drivers9SPIDriver5writeEhh
                0x00002bba       0x36 drivers/SPIDriver.o
                0x00002bba                _ZN10helicopter7drivers9SPIDriver5writeEhh
 .text._ZN10helicopter5tasks4TaskD2Ev
                0x00002bf0       0x3c HelicopterMain.o
                0x00002bf0                _ZN10helicopter5tasks4TaskD2Ev
                0x00002bf0                _ZN10helicopter5tasks4TaskD1Ev
 .text._ZN10helicopter5tasks4TaskD0Ev
                0x00002c2c       0x2a HelicopterMain.o
                0x00002c2c                _ZN10helicopter5tasks4TaskD0Ev
 .text._ZN10helicopter5tasks12FlashLEDTaskC2Eiii
                0x00002c56       0x6c HelicopterMain.o
                0x00002c56                _ZN10helicopter5tasks12FlashLEDTaskC2Eiii
                0x00002c56                _ZN10helicopter5tasks12FlashLEDTaskC1Eiii
 .text._ZN10helicopter5tasks12FlashLEDTask4initEv
                0x00002cc2       0x48 HelicopterMain.o
                0x00002cc2                _ZN10helicopter5tasks12FlashLEDTask4initEv
 .text._ZN10helicopter5tasks12FlashLEDTask11runTaskImplEv
                0x00002d0a       0x98 HelicopterMain.o
                0x00002d0a                _ZN10helicopter5tasks12FlashLEDTask11runTaskImplEv
 .text._ZN10helicopter9scheduler9Scheduler13hasBlownFrameEv
                0x00002da2       0x22 HelicopterMain.o
                0x00002da2                _ZN10helicopter9scheduler9Scheduler13hasBlownFrameEv
 .text._ZN10helicopter4util5TimerC2Em9PRESCALERm
                0x00002dc4       0x80 HelicopterMain.o
                0x00002dc4                _ZN10helicopter4util5TimerC2Em9PRESCALERm
                0x00002dc4                _ZN10helicopter4util5TimerC1Em9PRESCALERm
 .text._ZN10helicopter7drivers12SerialDriverC2EmNS1_8UartPortEb
                0x00002e44       0x72 HelicopterMain.o
                0x00002e44                _ZN10helicopter7drivers12SerialDriverC2EmNS1_8UartPortEb
                0x00002e44                _ZN10helicopter7drivers12SerialDriverC1EmNS1_8UartPortEb
 .text._ZN10helicopter10interfaces29GroundControlStationInterfaceC2EPNS_7drivers12SerialDriverEPNS_4util5TimerEb
                0x00002eb6       0x5a HelicopterMain.o
                0x00002eb6                _ZN10helicopter10interfaces29GroundControlStationInterfaceC1EPNS_7drivers12SerialDriverEPNS_4util5TimerEb
                0x00002eb6                _ZN10helicopter10interfaces29GroundControlStationInterfaceC2EPNS_7drivers12SerialDriverEPNS_4util5TimerEb
 .text._ZN10helicopter5model11SystemModelC2Ev
                0x00002f10      0x440 HelicopterMain.o
                0x00002f10                _ZN10helicopter5model11SystemModelC1Ev
                0x00002f10                _ZN10helicopter5model11SystemModelC2Ev
 .text._ZN10helicopter5model11SystemModel22ReferenceMagYawDegreesEf
                0x00003350       0x40 HelicopterMain.o
                0x00003350                _ZN10helicopter5model11SystemModel22ReferenceMagYawDegreesEf
 .text._ZN10helicopter5model11SystemModel36ReferenceYawVelocityDegreesPerSecondEf
                0x00003390       0x40 HelicopterMain.o
                0x00003390                _ZN10helicopter5model11SystemModel36ReferenceYawVelocityDegreesPerSecondEf
 .text._ZN10helicopter5model11SystemModel22ReferenceXNEDBodyFrameEf
                0x000033d0       0x40 HelicopterMain.o
                0x000033d0                _ZN10helicopter5model11SystemModel22ReferenceXNEDBodyFrameEf
 .text._ZN10helicopter5model11SystemModel33ReferenceXVelocityMetersPerSecondEf
                0x00003410       0x40 HelicopterMain.o
                0x00003410                _ZN10helicopter5model11SystemModel33ReferenceXVelocityMetersPerSecondEf
 .text._ZN10helicopter5model11SystemModel22ReferenceYNEDBodyFrameEf
                0x00003450       0x46 HelicopterMain.o
                0x00003450                _ZN10helicopter5model11SystemModel22ReferenceYNEDBodyFrameEf
 .text._ZN10helicopter5model11SystemModel33ReferenceYVelocityMetersPerSecondEf
                0x00003496       0x46 HelicopterMain.o
                0x00003496                _ZN10helicopter5model11SystemModel33ReferenceYVelocityMetersPerSecondEf
 .text._ZNK10helicopter5model11SystemModel15AltitudeFeetAglEv
                0x000034dc       0x30 HelicopterMain.o
                0x000034dc                _ZNK10helicopter5model11SystemModel15AltitudeFeetAglEv
 .text._ZN10helicopter5model11SystemModel26ReferenceZNEDBodyFrameFeetEf
                0x0000350c       0x46 HelicopterMain.o
                0x0000350c                _ZN10helicopter5model11SystemModel26ReferenceZNEDBodyFrameFeetEf
 .text._ZN10helicopter5model11SystemModel31ReferenceZVelocityFeetPerSecondEf
                0x00003552       0x46 HelicopterMain.o
                0x00003552                _ZN10helicopter5model11SystemModel31ReferenceZVelocityFeetPerSecondEf
 .text._ZNK10helicopter5model11SystemModel15LatitudeDegreesEv
                0x00003598       0x30 HelicopterMain.o
                0x00003598                _ZNK10helicopter5model11SystemModel15LatitudeDegreesEv
 .text._ZNK10helicopter5model11SystemModel16LongitudeDegreesEv
                0x000035c8       0x30 HelicopterMain.o
                0x000035c8                _ZNK10helicopter5model11SystemModel16LongitudeDegreesEv
 .text._ZN10helicopter5model11SystemModel20InitialXPositionEcefEl
                0x000035f8       0x4c HelicopterMain.o
                0x000035f8                _ZN10helicopter5model11SystemModel20InitialXPositionEcefEl
 .text._ZN10helicopter5model11SystemModel20InitialYPositionEcefEl
                0x00003644       0x4c HelicopterMain.o
                0x00003644                _ZN10helicopter5model11SystemModel20InitialYPositionEcefEl
 .text._ZN10helicopter5model11SystemModel20InitialZPositionEcefEl
                0x00003690       0x4c HelicopterMain.o
                0x00003690                _ZN10helicopter5model11SystemModel20InitialZPositionEcefEl
 .text._ZN10helicopter5model11SystemModel16OperationalStateENS1_14OperatingStateE
                0x000036dc       0x26 HelicopterMain.o
                0x000036dc                _ZN10helicopter5model11SystemModel16OperationalStateENS1_14OperatingStateE
 .text._ZN10helicopter10controller13PIDController16setXIntegralGainEf
                0x00003702       0x40 HelicopterMain.o
                0x00003702                _ZN10helicopter10controller13PIDController16setXIntegralGainEf
 .text._ZN10helicopter10controller13PIDController18setXDerivativeGainEf
                0x00003742       0x40 HelicopterMain.o
                0x00003742                _ZN10helicopter10controller13PIDController18setXDerivativeGainEf
 .text._ZN10helicopter10controller13PIDController20setXProportionalGainEf
                0x00003782       0x40 HelicopterMain.o
                0x00003782                _ZN10helicopter10controller13PIDController20setXProportionalGainEf
 .text._ZN10helicopter10controller13PIDController18setXAntiWindupGainEf
                0x000037c2       0x40 HelicopterMain.o
                0x000037c2                _ZN10helicopter10controller13PIDController18setXAntiWindupGainEf
 .text._ZN10helicopter10controller13PIDController25setLongitudeInnerLoopGainEf
                0x00003802       0x40 HelicopterMain.o
                0x00003802                _ZN10helicopter10controller13PIDController25setLongitudeInnerLoopGainEf
 .text._ZN10helicopter10controller13PIDController27setPitchAngularVelocityGainEf
                0x00003842       0x40 HelicopterMain.o
                0x00003842                _ZN10helicopter10controller13PIDController27setPitchAngularVelocityGainEf
 .text._ZN10helicopter10controller13PIDController32setMinLongitudeServoControlValueEf
                0x00003882       0x46 HelicopterMain.o
                0x00003882                _ZN10helicopter10controller13PIDController32setMinLongitudeServoControlValueEf
 .text._ZN10helicopter10controller13PIDController32setMaxLongitudeServoControlValueEf
                0x000038c8       0x46 HelicopterMain.o
                0x000038c8                _ZN10helicopter10controller13PIDController32setMaxLongitudeServoControlValueEf
 .text._ZN10helicopter10controller13PIDController16setYIntegralGainEf
                0x0000390e       0x40 HelicopterMain.o
                0x0000390e                _ZN10helicopter10controller13PIDController16setYIntegralGainEf
 .text._ZN10helicopter10controller13PIDController18setYDerivativeGainEf
                0x0000394e       0x40 HelicopterMain.o
                0x0000394e                _ZN10helicopter10controller13PIDController18setYDerivativeGainEf
 .text._ZN10helicopter10controller13PIDController20setYProportionalGainEf
                0x0000398e       0x40 HelicopterMain.o
                0x0000398e                _ZN10helicopter10controller13PIDController20setYProportionalGainEf
 .text._ZN10helicopter10controller13PIDController18setYAntiWindupGainEf
                0x000039ce       0x40 HelicopterMain.o
                0x000039ce                _ZN10helicopter10controller13PIDController18setYAntiWindupGainEf
 .text._ZN10helicopter10controller13PIDController23setLateralInnerLoopGainEf
                0x00003a0e       0x40 HelicopterMain.o
                0x00003a0e                _ZN10helicopter10controller13PIDController23setLateralInnerLoopGainEf
 .text._ZN10helicopter10controller13PIDController26setRollAngularVelocityGainEf
                0x00003a4e       0x46 HelicopterMain.o
                0x00003a4e                _ZN10helicopter10controller13PIDController26setRollAngularVelocityGainEf
 .text._ZN10helicopter10controller13PIDController30setMinLateralServoControlValueEf
                0x00003a94       0x46 HelicopterMain.o
                0x00003a94                _ZN10helicopter10controller13PIDController30setMinLateralServoControlValueEf
 .text._ZN10helicopter10controller13PIDController30setMaxLateralServoControlValueEf
                0x00003ada       0x46 HelicopterMain.o
                0x00003ada                _ZN10helicopter10controller13PIDController30setMaxLateralServoControlValueEf
 .text._ZN10helicopter10controller13PIDController32setMinMainRotorServoControlValueEf
                0x00003b20       0x46 HelicopterMain.o
                0x00003b20                _ZN10helicopter10controller13PIDController32setMinMainRotorServoControlValueEf
 .text._ZN10helicopter10controller13PIDController32setMaxMainRotorServoControlValueEf
                0x00003b66       0x46 HelicopterMain.o
                0x00003b66                _ZN10helicopter10controller13PIDController32setMaxMainRotorServoControlValueEf
 .text._ZN10helicopter10controller13PIDController25setMaxRollSetpointDegreesEf
                0x00003bac       0x46 HelicopterMain.o
                0x00003bac                _ZN10helicopter10controller13PIDController25setMaxRollSetpointDegreesEf
 .text._ZN10helicopter10controller13PIDController25setMinRollSetpointDegreesEf
                0x00003bf2       0x46 HelicopterMain.o
                0x00003bf2                _ZN10helicopter10controller13PIDController25setMinRollSetpointDegreesEf
 .text._ZN10helicopter10controller13PIDController26setMaxPitchSetpointDegreesEf
                0x00003c38       0x46 HelicopterMain.o
                0x00003c38                _ZN10helicopter10controller13PIDController26setMaxPitchSetpointDegreesEf
 .text._ZN10helicopter10controller13PIDController26setMinPitchSetpointDegreesEf
                0x00003c7e       0x46 HelicopterMain.o
                0x00003c7e                _ZN10helicopter10controller13PIDController26setMinPitchSetpointDegreesEf
 .text._ZN10helicopter10controller13PIDController22setYawProportionalGainEf
                0x00003cc4       0x40 HelicopterMain.o
                0x00003cc4                _ZN10helicopter10controller13PIDController22setYawProportionalGainEf
 .text._ZN10helicopter10controller13PIDController18setYawIntegralGainEf
                0x00003d04       0x40 HelicopterMain.o
                0x00003d04                _ZN10helicopter10controller13PIDController18setYawIntegralGainEf
 .text._ZN10helicopter10controller13PIDController20setYawDerivativeGainEf
                0x00003d44       0x40 HelicopterMain.o
                0x00003d44                _ZN10helicopter10controller13PIDController20setYawDerivativeGainEf
 .text._ZN10helicopter10controller13PIDController21setIntervalPeriodSecsEf
                0x00003d84       0x46 HelicopterMain.o
                0x00003d84                _ZN10helicopter10controller13PIDController21setIntervalPeriodSecsEf
 .text._ZN10helicopter10controller13PIDController20setYawAntiWindupGainEf
                0x00003dca       0x40 HelicopterMain.o
                0x00003dca                _ZN10helicopter10controller13PIDController20setYawAntiWindupGainEf
 .text._ZN10helicopter10controller13PIDController21setMinYawServoControlEf
                0x00003e0a       0x46 HelicopterMain.o
                0x00003e0a                _ZN10helicopter10controller13PIDController21setMinYawServoControlEf
 .text._ZN10helicopter10controller13PIDController21setMaxYawServoControlEf
                0x00003e50       0x46 HelicopterMain.o
                0x00003e50                _ZN10helicopter10controller13PIDController21setMaxYawServoControlEf
 .text._ZN10helicopter10controller13PIDController18setControlMaxValueEf
                0x00003e96       0x46 HelicopterMain.o
                0x00003e96                _ZN10helicopter10controller13PIDController18setControlMaxValueEf
 .text._ZN10helicopter10controller13PIDController18setControlMinValueEf
                0x00003edc       0x46 HelicopterMain.o
                0x00003edc                _ZN10helicopter10controller13PIDController18setControlMinValueEf
 .text._ZN10helicopter10interfaces24RadioControllerInterface14SetSystemModelEPNS_5model11SystemModelE
                0x00003f22       0x30 HelicopterMain.o
                0x00003f22                _ZN10helicopter10interfaces24RadioControllerInterface14SetSystemModelEPNS_5model11SystemModelE
 .text._ZN10helicopter7sensors9IMUSensorC2EPNS_7drivers9SPIDriverE
                0x00003f52       0xe2 HelicopterMain.o
                0x00003f52                _ZN10helicopter7sensors9IMUSensorC1EPNS_7drivers9SPIDriverE
                0x00003f52                _ZN10helicopter7sensors9IMUSensorC2EPNS_7drivers9SPIDriverE
 .text._Z33setupDefaultsandReferencePositionPN10helicopter5model11SystemModelEPNS_10controller13PIDControllerE
                0x00004034      0x27a HelicopterMain.o
                0x00004034                _Z33setupDefaultsandReferencePositionPN10helicopter5model11SystemModelEPNS_10controller13PIDControllerE
 .text.main     0x000042ae      0x550 HelicopterMain.o
                0x000042ae                main
 .text._ZN10helicopter5tasks12FlashLEDTaskD2Ev
                0x000047fe       0x44 HelicopterMain.o
                0x000047fe                _ZN10helicopter5tasks12FlashLEDTaskD1Ev
                0x000047fe                _ZN10helicopter5tasks12FlashLEDTaskD2Ev
 .text._ZN10helicopter5tasks12FlashLEDTaskD0Ev
                0x00004842       0x2a HelicopterMain.o
                0x00004842                _ZN10helicopter5tasks12FlashLEDTaskD0Ev
 .text._ZN10helicopter10interfaces29GroundControlStationInterface17calculateChecksumEPhiRhS3_
                0x0000486c       0xaa interfaces/GroundControlStationInterface.o
                0x0000486c                _ZN10helicopter10interfaces29GroundControlStationInterface17calculateChecksumEPhiRhS3_
 .text._ZN10helicopter10interfaces29GroundControlStationInterface8transmitEPNS_8messages7MessageE
                0x00004916      0x1fc interfaces/GroundControlStationInterface.o
                0x00004916                _ZN10helicopter10interfaces29GroundControlStationInterface8transmitEPNS_8messages7MessageE
 .text._ZN10helicopter10interfaces29GroundControlStationInterface7receiveERPNS_8messages7MessageE
                0x00004b12      0x320 interfaces/GroundControlStationInterface.o
                0x00004b12                _ZN10helicopter10interfaces29GroundControlStationInterface7receiveERPNS_8messages7MessageE
 .text._ZN10helicopter10interfaces24RadioControllerInterfaceC2Ev
                0x00004e32       0x4e interfaces/RadioControllerInterface.o
                0x00004e32                _ZN10helicopter10interfaces24RadioControllerInterfaceC2Ev
                0x00004e32                _ZN10helicopter10interfaces24RadioControllerInterfaceC1Ev
 .text._ZNK10helicopter10interfaces24RadioControllerInterface33PreviousInputCaptureRegisterValueEv
                0x00004e80       0x2c interfaces/RadioControllerInterface.o
                0x00004e80                _ZNK10helicopter10interfaces24RadioControllerInterface33PreviousInputCaptureRegisterValueEv
 .text._ZN10helicopter10interfaces24RadioControllerInterface33PreviousInputCaptureRegisterValueEl
                0x00004eac       0x40 interfaces/RadioControllerInterface.o
                0x00004eac                _ZN10helicopter10interfaces24RadioControllerInterface33PreviousInputCaptureRegisterValueEl
 .text._ZNK10helicopter10interfaces24RadioControllerInterface17ServoChannelIndexEv
                0x00004eec       0x24 interfaces/RadioControllerInterface.o
                0x00004eec                _ZNK10helicopter10interfaces24RadioControllerInterface17ServoChannelIndexEv
 .text._ZN10helicopter10interfaces24RadioControllerInterface17ServoChannelIndexEi
                0x00004f10       0x30 interfaces/RadioControllerInterface.o
                0x00004f10                _ZN10helicopter10interfaces24RadioControllerInterface17ServoChannelIndexEi
 .text._ZNK10helicopter10interfaces24RadioControllerInterface14GetSystemModelEv
                0x00004f40       0x24 interfaces/RadioControllerInterface.o
                0x00004f40                _ZNK10helicopter10interfaces24RadioControllerInterface14GetSystemModelEv
 .text._ZN10helicopter10interfaces24RadioControllerInterface20SetServoChannelValueEif
                0x00004f64       0x68 interfaces/RadioControllerInterface.o
                0x00004f64                _ZN10helicopter10interfaces24RadioControllerInterface20SetServoChannelValueEif
 .text._ZNK10helicopter10interfaces24RadioControllerInterface20GetServoChannelValueEi
                0x00004fcc       0x58 interfaces/RadioControllerInterface.o
                0x00004fcc                _ZNK10helicopter10interfaces24RadioControllerInterface20GetServoChannelValueEi
 .text._Z10ScaleValuei
                0x00005024       0xdc interfaces/RadioControllerInterface.o
                0x00005024                _Z10ScaleValuei
 .text.__vector_46
                0x00005100      0x2ee interfaces/RadioControllerInterface.o
                0x00005100                __vector_46
 .text._ZN10helicopter10interfaces24RadioControllerInterface27getRadioControllerInterfaceEv
                0x000053ee       0x42 interfaces/RadioControllerInterface.o
                0x000053ee                _ZN10helicopter10interfaces24RadioControllerInterface27getRadioControllerInterfaceEv
 .text._ZN10helicopter10interfaces24RadioControllerInterface4initEv
                0x00005430       0x74 interfaces/RadioControllerInterface.o
                0x00005430                _ZN10helicopter10interfaces24RadioControllerInterface4initEv
 .text._ZN10helicopter10interfaces24RadioControllerInterface5startEv
                0x000054a4       0x2c interfaces/RadioControllerInterface.o
                0x000054a4                _ZN10helicopter10interfaces24RadioControllerInterface5startEv
 .text._ZN10helicopter8messages7MessageD2Ev
                0x000054d0       0x3c messages/Message.o
                0x000054d0                _ZN10helicopter8messages7MessageD1Ev
                0x000054d0                _ZN10helicopter8messages7MessageD2Ev
 .text._ZN10helicopter8messages7MessageD0Ev
                0x0000550c       0x2a messages/Message.o
                0x0000550c                _ZN10helicopter8messages7MessageD0Ev
 .text._ZN10helicopter8messages7Message14getMessageSizeEv
                0x00005536       0x24 messages/Message.o
                0x00005536                _ZN10helicopter8messages7Message14getMessageSizeEv
 .text._ZN10helicopter8messages7Message8getBytesEv
                0x0000555a       0x1e messages/Message.o
                0x0000555a                _ZN10helicopter8messages7Message8getBytesEv
 .text._ZN10helicopter8messages7Message12buildMessageEPh
                0x00005578       0x22 messages/Message.o
                0x00005578                _ZN10helicopter8messages7Message12buildMessageEPh
 .text._ZN10helicopter8messages7MessageC2Ehi
                0x0000559a       0x4e messages/SyncMessage.o
                0x0000559a                _ZN10helicopter8messages7MessageC1Ehi
                0x0000559a                _ZN10helicopter8messages7MessageC2Ehi
 .text._ZN10helicopter8messages11SyncMessageC2Ev
                0x000055e8       0x36 messages/SyncMessage.o
                0x000055e8                _ZN10helicopter8messages11SyncMessageC1Ev
                0x000055e8                _ZN10helicopter8messages11SyncMessageC2Ev
 .text._ZN10helicopter8messages11SyncMessageD2Ev
                0x0000561e       0x44 messages/SyncMessage.o
                0x0000561e                _ZN10helicopter8messages11SyncMessageD2Ev
                0x0000561e                _ZN10helicopter8messages11SyncMessageD1Ev
 .text._ZN10helicopter8messages11SyncMessageD0Ev
                0x00005662       0x2a messages/SyncMessage.o
                0x00005662                _ZN10helicopter8messages11SyncMessageD0Ev
 .text._ZN10helicopter8messages11SyncMessage8getBytesEv
                0x0000568c       0x4a messages/SyncMessage.o
                0x0000568c                _ZN10helicopter8messages11SyncMessage8getBytesEv
 .text._ZN10helicopter8messages11SyncMessage12buildMessageEPh
                0x000056d6       0x3a messages/SyncMessage.o
                0x000056d6                _ZN10helicopter8messages11SyncMessage12buildMessageEPh
 .text._ZN10helicopter8messages7Message6encodeERPhRl
                0x00005710       0x5c messages/SystemTelemetryMessage.o
                0x00005710                _ZN10helicopter8messages7Message6encodeERPhRl
 .text._ZN10helicopter8messages7Message6encodeERPhRf
                0x0000576c       0x5c messages/SystemTelemetryMessage.o
                0x0000576c                _ZN10helicopter8messages7Message6encodeERPhRf
 .text._ZN10helicopter8messages7Message6encodeERPhRh
                0x000057c8       0x5a messages/SystemTelemetryMessage.o
                0x000057c8                _ZN10helicopter8messages7Message6encodeERPhRh
 .text._ZN10helicopter8messages7Message6decodeERPhRh
                0x00005822       0x5a messages/SystemTelemetryMessage.o
                0x00005822                _ZN10helicopter8messages7Message6decodeERPhRh
 .text._ZN10helicopter8messages7Message6decodeERPhRl
                0x0000587c       0x5c messages/SystemTelemetryMessage.o
                0x0000587c                _ZN10helicopter8messages7Message6decodeERPhRl
 .text._ZN10helicopter8messages7Message6decodeERPhRf
                0x000058d8       0x5c messages/SystemTelemetryMessage.o
                0x000058d8                _ZN10helicopter8messages7Message6decodeERPhRf
 .text._ZN10helicopter5model11SystemModel13MagYawDegreesEf
                0x00005934       0x40 messages/SystemTelemetryMessage.o
                0x00005934                _ZN10helicopter5model11SystemModel13MagYawDegreesEf
 .text._ZN10helicopter5model11SystemModel27YawVelocityDegreesPerSecondEf
                0x00005974       0x40 messages/SystemTelemetryMessage.o
                0x00005974                _ZN10helicopter5model11SystemModel27YawVelocityDegreesPerSecondEf
 .text._ZNK10helicopter5model11SystemModel15YawProportionalEv
                0x000059b4       0x2c messages/SystemTelemetryMessage.o
                0x000059b4                _ZNK10helicopter5model11SystemModel15YawProportionalEv
 .text._ZNK10helicopter5model11SystemModel18YawDerivativeErrorEv
                0x000059e0       0x2c messages/SystemTelemetryMessage.o
                0x000059e0                _ZNK10helicopter5model11SystemModel18YawDerivativeErrorEv
 .text._ZN10helicopter5model11SystemModel24XVelocityMetersPerSecondEf
                0x00005a0c       0x40 messages/SystemTelemetryMessage.o
                0x00005a0c                _ZN10helicopter5model11SystemModel24XVelocityMetersPerSecondEf
 .text._ZNK10helicopter5model11SystemModel13XProportionalEv
                0x00005a4c       0x30 messages/SystemTelemetryMessage.o
                0x00005a4c                _ZNK10helicopter5model11SystemModel13XProportionalEv
 .text._ZNK10helicopter5model11SystemModel16XDerivativeErrorEv
                0x00005a7c       0x30 messages/SystemTelemetryMessage.o
                0x00005a7c                _ZNK10helicopter5model11SystemModel16XDerivativeErrorEv
 .text._ZN10helicopter5model11SystemModel17ThetaPitchDegreesEf
                0x00005aac       0x46 messages/SystemTelemetryMessage.o
                0x00005aac                _ZN10helicopter5model11SystemModel17ThetaPitchDegreesEf
 .text._ZN10helicopter5model11SystemModel33PitchAngularVelocityRadsPerSecondEf
                0x00005af2       0x46 messages/SystemTelemetryMessage.o
                0x00005af2                _ZN10helicopter5model11SystemModel33PitchAngularVelocityRadsPerSecondEf
 .text._ZN10helicopter5model11SystemModel24YVelocityMetersPerSecondEf
                0x00005b38       0x46 messages/SystemTelemetryMessage.o
                0x00005b38                _ZN10helicopter5model11SystemModel24YVelocityMetersPerSecondEf
 .text._ZNK10helicopter5model11SystemModel13YProportionalEv
                0x00005b7e       0x30 messages/SystemTelemetryMessage.o
                0x00005b7e                _ZNK10helicopter5model11SystemModel13YProportionalEv
 .text._ZNK10helicopter5model11SystemModel16YDerivativeErrorEv
                0x00005bae       0x30 messages/SystemTelemetryMessage.o
                0x00005bae                _ZNK10helicopter5model11SystemModel16YDerivativeErrorEv
 .text._ZN10helicopter5model11SystemModel14PhiRollDegreesEf
                0x00005bde       0x46 messages/SystemTelemetryMessage.o
                0x00005bde                _ZN10helicopter5model11SystemModel14PhiRollDegreesEf
 .text._ZN10helicopter5model11SystemModel32RollAngularVelocityRadsPerSecondEf
                0x00005c24       0x46 messages/SystemTelemetryMessage.o
                0x00005c24                _ZN10helicopter5model11SystemModel32RollAngularVelocityRadsPerSecondEf
 .text._ZN10helicopter5model11SystemModel15AltitudeFeetAglEf
                0x00005c6a       0x46 messages/SystemTelemetryMessage.o
                0x00005c6a                _ZN10helicopter5model11SystemModel15AltitudeFeetAglEf
 .text._ZN10helicopter5model11SystemModel22ZVelocityFeetPerSecondEf
                0x00005cb0       0x46 messages/SystemTelemetryMessage.o
                0x00005cb0                _ZN10helicopter5model11SystemModel22ZVelocityFeetPerSecondEf
 .text._ZNK10helicopter5model11SystemModel13ZProportionalEv
                0x00005cf6       0x30 messages/SystemTelemetryMessage.o
                0x00005cf6                _ZNK10helicopter5model11SystemModel13ZProportionalEv
 .text._ZNK10helicopter5model11SystemModel16ZDerivativeErrorEv
                0x00005d26       0x30 messages/SystemTelemetryMessage.o
                0x00005d26                _ZNK10helicopter5model11SystemModel16ZDerivativeErrorEv
 .text._ZN10helicopter5model11SystemModel15LatitudeDegreesEf
                0x00005d56       0x46 messages/SystemTelemetryMessage.o
                0x00005d56                _ZN10helicopter5model11SystemModel15LatitudeDegreesEf
 .text._ZN10helicopter5model11SystemModel16LongitudeDegreesEf
                0x00005d9c       0x46 messages/SystemTelemetryMessage.o
                0x00005d9c                _ZN10helicopter5model11SystemModel16LongitudeDegreesEf
 .text._ZNK10helicopter5model11SystemModel8TimeoutsEv
                0x00005de2       0x30 messages/SystemTelemetryMessage.o
                0x00005de2                _ZNK10helicopter5model11SystemModel8TimeoutsEv
 .text._ZN10helicopter5model11SystemModel8TimeoutsEl
                0x00005e12       0x46 messages/SystemTelemetryMessage.o
                0x00005e12                _ZN10helicopter5model11SystemModel8TimeoutsEl
 .text._ZNK10helicopter5model11SystemModel20UnrecognizedMsgTypesEv
                0x00005e58       0x30 messages/SystemTelemetryMessage.o
                0x00005e58                _ZNK10helicopter5model11SystemModel20UnrecognizedMsgTypesEv
 .text._ZN10helicopter5model11SystemModel20UnrecognizedMsgTypesEl
                0x00005e88       0x46 messages/SystemTelemetryMessage.o
                0x00005e88                _ZN10helicopter5model11SystemModel20UnrecognizedMsgTypesEl
 .text._ZNK10helicopter5model11SystemModel14ChecksumErrorsEv
                0x00005ece       0x30 messages/SystemTelemetryMessage.o
                0x00005ece                _ZNK10helicopter5model11SystemModel14ChecksumErrorsEv
 .text._ZN10helicopter5model11SystemModel14ChecksumErrorsEl
                0x00005efe       0x46 messages/SystemTelemetryMessage.o
                0x00005efe                _ZN10helicopter5model11SystemModel14ChecksumErrorsEl
 .text._ZNK10helicopter5model11SystemModel33SerialCommunicationBufferOverrunsEv
                0x00005f44       0x30 messages/SystemTelemetryMessage.o
                0x00005f44                _ZNK10helicopter5model11SystemModel33SerialCommunicationBufferOverrunsEv
 .text._ZN10helicopter8messages22SystemTelemetryMessageC2Ev
                0x00005f74      0x410 messages/SystemTelemetryMessage.o
                0x00005f74                _ZN10helicopter8messages22SystemTelemetryMessageC2Ev
                0x00005f74                _ZN10helicopter8messages22SystemTelemetryMessageC1Ev
 .text._ZN10helicopter8messages22SystemTelemetryMessageD2Ev
                0x00006384       0x44 messages/SystemTelemetryMessage.o
                0x00006384                _ZN10helicopter8messages22SystemTelemetryMessageD2Ev
                0x00006384                _ZN10helicopter8messages22SystemTelemetryMessageD1Ev
 .text._ZN10helicopter8messages22SystemTelemetryMessageD0Ev
                0x000063c8       0x2a messages/SystemTelemetryMessage.o
                0x000063c8                _ZN10helicopter8messages22SystemTelemetryMessageD0Ev
 .text._ZN10helicopter8messages22SystemTelemetryMessage8getBytesEv
                0x000063f2      0x638 messages/SystemTelemetryMessage.o
                0x000063f2                _ZN10helicopter8messages22SystemTelemetryMessage8getBytesEv
 .text._ZN10helicopter8messages22SystemTelemetryMessage12buildMessageEPh
                0x00006a2a      0x62a messages/SystemTelemetryMessage.o
                0x00006a2a                _ZN10helicopter8messages22SystemTelemetryMessage12buildMessageEPh
 .text._ZN10helicopter8messages22SystemTelemetryMessage14buildMessageStEPh
                0x00007054       0x5e messages/SystemTelemetryMessage.o
                0x00007054                _ZN10helicopter8messages22SystemTelemetryMessage14buildMessageStEPh
 .text._ZN10helicopter8messages22SystemTelemetryMessage21buildMessageFromModelEPNS_5model11SystemModelE
                0x000070b2      0x462 messages/SystemTelemetryMessage.o
                0x000070b2                _ZN10helicopter8messages22SystemTelemetryMessage21buildMessageFromModelEPNS_5model11SystemModelE
 .text._ZN10helicopter8messages22SystemTelemetryMessage35updateModelFromMessageFromSimulatorEPNS_5model11SystemModelE
                0x00007514      0x1a6 messages/SystemTelemetryMessage.o
                0x00007514                _ZN10helicopter8messages22SystemTelemetryMessage35updateModelFromMessageFromSimulatorEPNS_5model11SystemModelE
 .text._ZN10helicopter5tasks4Task8getDelayEv
                0x000076ba       0x24 scheduler/Scheduler.o
                0x000076ba                _ZN10helicopter5tasks4Task8getDelayEv
 .text._ZN10helicopter5tasks4Task9getPeriodEv
                0x000076de       0x24 scheduler/Scheduler.o
                0x000076de                _ZN10helicopter5tasks4Task9getPeriodEv
 .text._ZN10helicopter5tasks4Task8setDelayEi
                0x00007702       0x30 scheduler/Scheduler.o
                0x00007702                _ZN10helicopter5tasks4Task8setDelayEi
 .text._ZN10helicopter5tasks4Task15getIsReadyToRunEv
                0x00007732       0x22 scheduler/Scheduler.o
                0x00007732                _ZN10helicopter5tasks4Task15getIsReadyToRunEv
 .text._ZN10helicopter5tasks4Task15setIsReadyToRunEb
                0x00007754       0x26 scheduler/Scheduler.o
                0x00007754                _ZN10helicopter5tasks4Task15setIsReadyToRunEb
 .text._ZN10helicopter5tasks4Task11reduceDelayEv
                0x0000777a       0x34 scheduler/Scheduler.o
                0x0000777a                _ZN10helicopter5tasks4Task11reduceDelayEv
 .text._ZN10helicopter9scheduler9Scheduler13getNumOfTasksEv
                0x000077ae       0x24 scheduler/Scheduler.o
                0x000077ae                _ZN10helicopter9scheduler9Scheduler13getNumOfTasksEv
 .text._ZN10helicopter9scheduler9Scheduler8getTasksEv
                0x000077d2       0x1e scheduler/Scheduler.o
                0x000077d2                _ZN10helicopter9scheduler9Scheduler8getTasksEv
 .text._ZN10helicopter9scheduler9Scheduler13hasBlownFrameEb
                0x000077f0       0x26 scheduler/Scheduler.o
                0x000077f0                _ZN10helicopter9scheduler9Scheduler13hasBlownFrameEb
 .text._ZN10helicopter9scheduler9Scheduler20hasCompletedDispatchEv
                0x00007816       0x22 scheduler/Scheduler.o
                0x00007816                _ZN10helicopter9scheduler9Scheduler20hasCompletedDispatchEv
 .text._ZN10helicopter9scheduler9Scheduler12getSchedulerEv
                0x00007838       0x5a scheduler/Scheduler.o
                0x00007838                _ZN10helicopter9scheduler9Scheduler12getSchedulerEv
 .text._ZN10helicopter9scheduler9SchedulerC2Em9PRESCALERi
                0x00007892       0xc6 scheduler/Scheduler.o
                0x00007892                _ZN10helicopter9scheduler9SchedulerC2Em9PRESCALERi
                0x00007892                _ZN10helicopter9scheduler9SchedulerC1Em9PRESCALERi
 .text._ZN10helicopter9scheduler9Scheduler7addTaskEPNS_5tasks4TaskE
                0x00007958       0x76 scheduler/Scheduler.o
                0x00007958                _ZN10helicopter9scheduler9Scheduler7addTaskEPNS_5tasks4TaskE
 .text._ZN10helicopter9scheduler9Scheduler4initEv
                0x000079ce       0xc2 scheduler/Scheduler.o
                0x000079ce                _ZN10helicopter9scheduler9Scheduler4initEv
 .text._ZN10helicopter9scheduler9Scheduler8dispatchEv
                0x00007a90       0xee scheduler/Scheduler.o
                0x00007a90                _ZN10helicopter9scheduler9Scheduler8dispatchEv
 .text._ZN10helicopter9scheduler9Scheduler5startEv
                0x00007b7e       0xc6 scheduler/Scheduler.o
                0x00007b7e                _ZN10helicopter9scheduler9Scheduler5startEv
 .text.__vector_17
                0x00007c44      0x122 scheduler/Scheduler.o
                0x00007c44                __vector_17
 .text._ZN10helicopter7sensors9IMUSensor4initEv
                0x00007d66      0x2d8 sensors/IMUSensor.o
                0x00007d66                _ZN10helicopter7sensors9IMUSensor4initEv
 .text._ZN10helicopter7sensors9IMUSensor10readSensorEv
                0x0000803e      0x230 sensors/IMUSensor.o
                0x0000803e                _ZN10helicopter7sensors9IMUSensor10readSensorEv
 .text._ZN10helicopter5tasks4Task4initEv
                0x0000826e       0x1a tasks/PIDInnerLoopTask.o
                0x0000826e                _ZN10helicopter5tasks4Task4initEv
 .text._ZN10helicopter5tasks16PIDInnerLoopTaskC2EPNS_10controller13PIDControllerEii
                0x00008288       0x64 tasks/PIDInnerLoopTask.o
                0x00008288                _ZN10helicopter5tasks16PIDInnerLoopTaskC2EPNS_10controller13PIDControllerEii
                0x00008288                _ZN10helicopter5tasks16PIDInnerLoopTaskC1EPNS_10controller13PIDControllerEii
 .text._ZN10helicopter5tasks16PIDInnerLoopTask11runTaskImplEv
                0x000082ec       0x36 tasks/PIDInnerLoopTask.o
                0x000082ec                _ZN10helicopter5tasks16PIDInnerLoopTask11runTaskImplEv
 .text._ZN10helicopter5tasks16PIDInnerLoopTaskD2Ev
                0x00008322       0x44 tasks/PIDInnerLoopTask.o
                0x00008322                _ZN10helicopter5tasks16PIDInnerLoopTaskD1Ev
                0x00008322                _ZN10helicopter5tasks16PIDInnerLoopTaskD2Ev
 .text._ZN10helicopter5tasks16PIDInnerLoopTaskD0Ev
                0x00008366       0x2a tasks/PIDInnerLoopTask.o
                0x00008366                _ZN10helicopter5tasks16PIDInnerLoopTaskD0Ev
 .text._ZN10helicopter5tasks16PIDOuterLoopTaskC2EPNS_10controller13PIDControllerEii
                0x00008390       0x64 tasks/PIDOuterLoopTask.o
                0x00008390                _ZN10helicopter5tasks16PIDOuterLoopTaskC1EPNS_10controller13PIDControllerEii
                0x00008390                _ZN10helicopter5tasks16PIDOuterLoopTaskC2EPNS_10controller13PIDControllerEii
 .text._ZN10helicopter5tasks16PIDOuterLoopTask11runTaskImplEv
                0x000083f4       0x52 tasks/PIDOuterLoopTask.o
                0x000083f4                _ZN10helicopter5tasks16PIDOuterLoopTask11runTaskImplEv
 .text._ZN10helicopter5tasks16PIDOuterLoopTaskD2Ev
                0x00008446       0x44 tasks/PIDOuterLoopTask.o
                0x00008446                _ZN10helicopter5tasks16PIDOuterLoopTaskD1Ev
                0x00008446                _ZN10helicopter5tasks16PIDOuterLoopTaskD2Ev
 .text._ZN10helicopter5tasks16PIDOuterLoopTaskD0Ev
                0x0000848a       0x2a tasks/PIDOuterLoopTask.o
                0x0000848a                _ZN10helicopter5tasks16PIDOuterLoopTaskD0Ev
 .text._ZN10helicopter5model11SystemModel13XNEDBodyFrameEf
                0x000084b4       0x40 tasks/ReadIMUSensorTask.o
                0x000084b4                _ZN10helicopter5model11SystemModel13XNEDBodyFrameEf
 .text._ZN10helicopter5model11SystemModel13YNEDBodyFrameEf
                0x000084f4       0x46 tasks/ReadIMUSensorTask.o
                0x000084f4                _ZN10helicopter5model11SystemModel13YNEDBodyFrameEf
 .text._ZN10helicopter5model11SystemModel13ZNEDBodyFrameEf
                0x0000853a       0x46 tasks/ReadIMUSensorTask.o
                0x0000853a                _ZN10helicopter5model11SystemModel13ZNEDBodyFrameEf
 .text._ZN10helicopter7sensors9IMUSensor10getFRDAccXEv
                0x00008580       0x2c tasks/ReadIMUSensorTask.o
                0x00008580                _ZN10helicopter7sensors9IMUSensor10getFRDAccXEv
 .text._ZN10helicopter7sensors9IMUSensor10getFRDAccYEv
                0x000085ac       0x2c tasks/ReadIMUSensorTask.o
                0x000085ac                _ZN10helicopter7sensors9IMUSensor10getFRDAccYEv
 .text._ZN10helicopter7sensors9IMUSensor10getFRDAccZEv
                0x000085d8       0x2c tasks/ReadIMUSensorTask.o
                0x000085d8                _ZN10helicopter7sensors9IMUSensor10getFRDAccZEv
 .text._ZN10helicopter7sensors9IMUSensor11getFRDGyroXEv
                0x00008604       0x2e tasks/ReadIMUSensorTask.o
                0x00008604                _ZN10helicopter7sensors9IMUSensor11getFRDGyroXEv
 .text._ZN10helicopter7sensors9IMUSensor11getFRDGyroYEv
                0x00008632       0x30 tasks/ReadIMUSensorTask.o
                0x00008632                _ZN10helicopter7sensors9IMUSensor11getFRDGyroYEv
 .text._ZN10helicopter7sensors9IMUSensor11getFRDGyroZEv
                0x00008662       0x30 tasks/ReadIMUSensorTask.o
                0x00008662                _ZN10helicopter7sensors9IMUSensor11getFRDGyroZEv
 .text._ZN10helicopter5tasks17ReadIMUSensorTaskC2EPNS_5model11SystemModelEPNS_7sensors9IMUSensorEii
                0x00008692       0x7e tasks/ReadIMUSensorTask.o
                0x00008692                _ZN10helicopter5tasks17ReadIMUSensorTaskC1EPNS_5model11SystemModelEPNS_7sensors9IMUSensorEii
                0x00008692                _ZN10helicopter5tasks17ReadIMUSensorTaskC2EPNS_5model11SystemModelEPNS_7sensors9IMUSensorEii
 .text._ZN10helicopter5tasks17ReadIMUSensorTask11runTaskImplEv
                0x00008710      0x10c tasks/ReadIMUSensorTask.o
                0x00008710                _ZN10helicopter5tasks17ReadIMUSensorTask11runTaskImplEv
 .text._ZN10helicopter5tasks17ReadIMUSensorTaskD2Ev
                0x0000881c       0x44 tasks/ReadIMUSensorTask.o
                0x0000881c                _ZN10helicopter5tasks17ReadIMUSensorTaskD2Ev
                0x0000881c                _ZN10helicopter5tasks17ReadIMUSensorTaskD1Ev
 .text._ZN10helicopter5tasks17ReadIMUSensorTaskD0Ev
                0x00008860       0x2a tasks/ReadIMUSensorTask.o
                0x00008860                _ZN10helicopter5tasks17ReadIMUSensorTaskD0Ev
 .text._ZNK10helicopter5model11SystemModel20InitialXPositionEcefEv
                0x0000888a       0x3c tasks/SensorProcessingTask.o
                0x0000888a                _ZNK10helicopter5model11SystemModel20InitialXPositionEcefEv
 .text._ZNK10helicopter5model11SystemModel20InitialYPositionEcefEv
                0x000088c6       0x3c tasks/SensorProcessingTask.o
                0x000088c6                _ZNK10helicopter5model11SystemModel20InitialYPositionEcefEv
 .text._ZNK10helicopter5model11SystemModel20InitialZPositionEcefEv
                0x00008902       0x3c tasks/SensorProcessingTask.o
                0x00008902                _ZNK10helicopter5model11SystemModel20InitialZPositionEcefEv
 .text._ZN10helicopter5tasks20SensorProcessingTaskC2EPNS_5model11SystemModelEii
                0x0000893e       0x64 tasks/SensorProcessingTask.o
                0x0000893e                _ZN10helicopter5tasks20SensorProcessingTaskC1EPNS_5model11SystemModelEii
                0x0000893e                _ZN10helicopter5tasks20SensorProcessingTaskC2EPNS_5model11SystemModelEii
 .text._ZN10helicopter5tasks20SensorProcessingTask11runTaskImplEv
                0x000089a2      0x1f4 tasks/SensorProcessingTask.o
                0x000089a2                _ZN10helicopter5tasks20SensorProcessingTask11runTaskImplEv
 .text._ZN10helicopter5tasks20SensorProcessingTaskD2Ev
                0x00008b96       0x44 tasks/SensorProcessingTask.o
                0x00008b96                _ZN10helicopter5tasks20SensorProcessingTaskD1Ev
                0x00008b96                _ZN10helicopter5tasks20SensorProcessingTaskD2Ev
 .text._ZN10helicopter5tasks20SensorProcessingTaskD0Ev
                0x00008bda       0x2a tasks/SensorProcessingTask.o
                0x00008bda                _ZN10helicopter5tasks20SensorProcessingTaskD0Ev
 .text._ZN10helicopter5model11SystemModel33SerialCommunicationBufferOverrunsEl
                0x00008c04       0x46 tasks/SimTelemetryTask.o
                0x00008c04                _ZN10helicopter5model11SystemModel33SerialCommunicationBufferOverrunsEl
 .text._ZN10helicopter10controller13PIDController16setZIntegralGainEf
                0x00008c4a       0x46 tasks/SimTelemetryTask.o
                0x00008c4a                _ZN10helicopter10controller13PIDController16setZIntegralGainEf
 .text._ZN10helicopter10controller13PIDController18setZDerivativeGainEf
                0x00008c90       0x46 tasks/SimTelemetryTask.o
                0x00008c90                _ZN10helicopter10controller13PIDController18setZDerivativeGainEf
 .text._ZN10helicopter10controller13PIDController20setZProportionalGainEf
                0x00008cd6       0x46 tasks/SimTelemetryTask.o
                0x00008cd6                _ZN10helicopter10controller13PIDController20setZProportionalGainEf
 .text._ZN10helicopter10controller13PIDController18setZAntiWindupGainEf
                0x00008d1c       0x46 tasks/SimTelemetryTask.o
                0x00008d1c                _ZN10helicopter10controller13PIDController18setZAntiWindupGainEf
 .text._ZN10helicopter5tasks16SimTelemetryTaskC2EPNS_10interfaces29GroundControlStationInterfaceEPNS_5model11SystemModelEPNS_10controller13PIDControllerEii
                0x00008d62       0x98 tasks/SimTelemetryTask.o
                0x00008d62                _ZN10helicopter5tasks16SimTelemetryTaskC2EPNS_10interfaces29GroundControlStationInterfaceEPNS_5model11SystemModelEPNS_10controller13PIDControllerEii
                0x00008d62                _ZN10helicopter5tasks16SimTelemetryTaskC1EPNS_10interfaces29GroundControlStationInterfaceEPNS_5model11SystemModelEPNS_10controller13PIDControllerEii
 .text._ZN10helicopter5tasks16SimTelemetryTask11runTaskImplEv
                0x00008dfa      0x4aa tasks/SimTelemetryTask.o
                0x00008dfa                _ZN10helicopter5tasks16SimTelemetryTask11runTaskImplEv
 .text._ZN10helicopter5tasks16SimTelemetryTaskD2Ev
                0x000092a4       0x44 tasks/SimTelemetryTask.o
                0x000092a4                _ZN10helicopter5tasks16SimTelemetryTaskD1Ev
                0x000092a4                _ZN10helicopter5tasks16SimTelemetryTaskD2Ev
 .text._ZN10helicopter5tasks16SimTelemetryTaskD0Ev
                0x000092e8       0x2a tasks/SimTelemetryTask.o
                0x000092e8                _ZN10helicopter5tasks16SimTelemetryTaskD0Ev
 .text._ZN10helicopter5tasks4Task11runTaskImplEv
                0x00009312       0x1a tasks/Task.o
                0x00009312                _ZN10helicopter5tasks4Task11runTaskImplEv
 .text._ZN10helicopter5tasks4TaskC2Eii
                0x0000932c       0x5c tasks/Task.o
                0x0000932c                _ZN10helicopter5tasks4TaskC2Eii
                0x0000932c                _ZN10helicopter5tasks4TaskC1Eii
 .text._ZN10helicopter5tasks4Task7runTaskEv
                0x00009388       0x36 tasks/Task.o
                0x00009388                _ZN10helicopter5tasks4Task7runTaskEv
 .text._ZN10helicopter5tasks21TransmitTelemetryTaskC2EPNS_10interfaces29GroundControlStationInterfaceEPNS_5model11SystemModelEii
                0x000093be       0x7e tasks/TransmitTelemetryTask.o
                0x000093be                _ZN10helicopter5tasks21TransmitTelemetryTaskC2EPNS_10interfaces29GroundControlStationInterfaceEPNS_5model11SystemModelEii
                0x000093be                _ZN10helicopter5tasks21TransmitTelemetryTaskC1EPNS_10interfaces29GroundControlStationInterfaceEPNS_5model11SystemModelEii
 .text._ZN10helicopter5tasks21TransmitTelemetryTask11runTaskImplEv
                0x0000943c       0x66 tasks/TransmitTelemetryTask.o
                0x0000943c                _ZN10helicopter5tasks21TransmitTelemetryTask11runTaskImplEv
 .text._ZN10helicopter5tasks21TransmitTelemetryTaskD2Ev
                0x000094a2       0x44 tasks/TransmitTelemetryTask.o
                0x000094a2                _ZN10helicopter5tasks21TransmitTelemetryTaskD1Ev
                0x000094a2                _ZN10helicopter5tasks21TransmitTelemetryTaskD2Ev
 .text._ZN10helicopter5tasks21TransmitTelemetryTaskD0Ev
                0x000094e6       0x2a tasks/TransmitTelemetryTask.o
                0x000094e6                _ZN10helicopter5tasks21TransmitTelemetryTaskD0Ev
 .text._Znwj    0x00009510       0x22 util/CommonHeader.o
                0x00009510                _Znwj
 .text._ZdlPv   0x00009532       0x2a util/CommonHeader.o
                0x00009532                _ZdlPv
 .text._Znaj    0x0000955c       0x22 util/CommonHeader.o
                0x0000955c                _Znaj
 .text._ZdaPv   0x0000957e       0x2a util/CommonHeader.o
                0x0000957e                _ZdaPv
 .text._ZN10helicopter4util14CoordinateUtil12DegreesToRadEf
                0x000095a8       0x3e util/CoordinateUtil.o
                0x000095a8                _ZN10helicopter4util14CoordinateUtil12DegreesToRadEf
 .text._ZN10helicopter4util14CoordinateUtil37CalculateECEFToLocalNEDRotationMatrixEffPA3_f
                0x000095e6      0x28c util/CoordinateUtil.o
                0x000095e6                _ZN10helicopter4util14CoordinateUtil37CalculateECEFToLocalNEDRotationMatrixEffPA3_f
 .text._ZN10helicopter4util14CoordinateUtil11calculateNeEff
                0x00009872       0xd2 util/CoordinateUtil.o
                0x00009872                _ZN10helicopter4util14CoordinateUtil11calculateNeEff
 .text._ZN10helicopter4util14CoordinateUtil25ConvertFromGeodeticToECEFEfffRfS2_S2_
                0x00009944      0x21c util/CoordinateUtil.o
                0x00009944                _ZN10helicopter4util14CoordinateUtil25ConvertFromGeodeticToECEFEfffRfS2_S2_
 .text._ZN10helicopter4util14CoordinateUtil25ConvertFromECEFToLocalNEDEffffffPA3_fRfS4_S4_
                0x00009b60      0x176 util/CoordinateUtil.o
                0x00009b60                _ZN10helicopter4util14CoordinateUtil25ConvertFromECEFToLocalNEDEffffffPA3_fRfS4_S4_
 .text._ZN10helicopter4util14CoordinateUtil29ConvertFromGeodedicToLocalNEDEffffffPA3_fRfS4_S4_
                0x00009cd6      0x164 util/CoordinateUtil.o
                0x00009cd6                _ZN10helicopter4util14CoordinateUtil29ConvertFromGeodedicToLocalNEDEffffffPA3_fRfS4_S4_
 .text._ZN10helicopter4util10MatrixUtil20CreateRotationMatrixEfffPA3_f
                0x00009e3a      0x4b2 util/MatrixUtil.o
                0x00009e3a                _ZN10helicopter4util10MatrixUtil20CreateRotationMatrixEfffPA3_f
 .text._ZN10helicopter4util10MatrixUtil12RotateMatrixEPA3_fPiPf
                0x0000a2ec      0x172 util/MatrixUtil.o
                0x0000a2ec                _ZN10helicopter4util10MatrixUtil12RotateMatrixEPA3_fPiPf
 .text._ZN10helicopter4util10MatrixUtil12RotateMatrixEPA3_fPfS4_
                0x0000a45e      0x152 util/MatrixUtil.o
                0x0000a45e                _ZN10helicopter4util10MatrixUtil12RotateMatrixEPA3_fPfS4_
 .text._ZN10helicopter4util5Timer10startTimerEv
                0x0000a5b0      0x174 util/Timer.o
                0x0000a5b0                _ZN10helicopter4util5Timer10startTimerEv
 .text._ZN10helicopter4util5Timer11hasTimedoutEv
                0x0000a724       0x34 util/Timer.o
                0x0000a724                _ZN10helicopter4util5Timer11hasTimedoutEv
 .text._ZN10helicopter4util5Timer9stopTimerEv
                0x0000a758       0x3e util/Timer.o
                0x0000a758                _ZN10helicopter4util5Timer9stopTimerEv
 .text.avr-libc.fplib
                0x0000a796        0xa c:/program files (x86)/atmel/atmel toolchain/avr8 gcc/native/3.4.2.1002/avr8-gnu-toolchain/bin/../lib/gcc/avr/4.7.2/../../../../avr/lib/avr6\libm.a(addsf3.o)
                0x0000a796                __subsf3
                0x0000a798                __addsf3
 .text.avr-libc.fplib
                0x0000a7a0       0xc0 c:/program files (x86)/atmel/atmel toolchain/avr8 gcc/native/3.4.2.1002/avr8-gnu-toolchain/bin/../lib/gcc/avr/4.7.2/../../../../avr/lib/avr6\libm.a(addsf3x.o)
                0x0000a7ba                __addsf3x
 .text.avr-libc.fplib
                0x0000a860        0x8 c:/program files (x86)/atmel/atmel toolchain/avr8 gcc/native/3.4.2.1002/avr8-gnu-toolchain/bin/../lib/gcc/avr/4.7.2/../../../../avr/lib/avr6\libm.a(cmpsf2.o)
                0x0000a860                __nesf2
                0x0000a860                __eqsf2
                0x0000a860                __cmpsf2
                0x0000a860                __ltsf2
                0x0000a860                __lesf2
 .text.avr-libc.fplib
                0x0000a868        0x6 c:/program files (x86)/atmel/atmel toolchain/avr8 gcc/native/3.4.2.1002/avr8-gnu-toolchain/bin/../lib/gcc/avr/4.7.2/../../../../avr/lib/avr6\libm.a(cos.o)
                0x0000a868                cos
 .text.avr-libc.fplib
                0x0000a86e        0x4 c:/program files (x86)/atmel/atmel toolchain/avr8 gcc/native/3.4.2.1002/avr8-gnu-toolchain/bin/../lib/gcc/avr/4.7.2/../../../../avr/lib/avr6\libm.a(divsf3.o)
                0x0000a86e                __divsf3
 .text.avr-libc.fplib
                0x0000a872       0xcc c:/program files (x86)/atmel/atmel toolchain/avr8 gcc/native/3.4.2.1002/avr8-gnu-toolchain/bin/../lib/gcc/avr/4.7.2/../../../../avr/lib/avr6\libm.a(divsf3x.o)
                0x0000a888                __divsf3x
                0x0000a88c                __divsf3_pse
 .text.avr-libc.fplib
                0x0000a93e        0xa c:/program files (x86)/atmel/atmel toolchain/avr8 gcc/native/3.4.2.1002/avr8-gnu-toolchain/bin/../lib/gcc/avr/4.7.2/../../../../avr/lib/avr6\libm.a(fixsfsi.o)
                0x0000a93e                __fixsfsi
 .text.avr-libc.fplib
                0x0000a948       0x58 c:/program files (x86)/atmel/atmel toolchain/avr8 gcc/native/3.4.2.1002/avr8-gnu-toolchain/bin/../lib/gcc/avr/4.7.2/../../../../avr/lib/avr6\libm.a(fixunssfsi.o)
                0x0000a948                __fixunssfsi
 .text.avr-libc.fplib
                0x0000a9a0       0x7a c:/program files (x86)/atmel/atmel toolchain/avr8 gcc/native/3.4.2.1002/avr8-gnu-toolchain/bin/../lib/gcc/avr/4.7.2/../../../../avr/lib/avr6\libm.a(floatsisf.o)
                0x0000a9a0                __floatunsisf
                0x0000a9a4                __floatsisf
 .text.avr-libc.fplib
                0x0000aa1a       0x26 c:/program files (x86)/atmel/atmel toolchain/avr8 gcc/native/3.4.2.1002/avr8-gnu-toolchain/bin/../lib/gcc/avr/4.7.2/../../../../avr/lib/avr6\libm.a(floor.o)
                0x0000aa1a                floor
 .text.avr-libc.fplib
                0x0000aa40       0x48 c:/program files (x86)/atmel/atmel toolchain/avr8 gcc/native/3.4.2.1002/avr8-gnu-toolchain/bin/../lib/gcc/avr/4.7.2/../../../../avr/lib/avr6\libm.a(fp_cmp.o)
                0x0000aa40                __fp_cmp
 .text.avr-libc.fplib
                0x0000aa88        0xc c:/program files (x86)/atmel/atmel toolchain/avr8 gcc/native/3.4.2.1002/avr8-gnu-toolchain/bin/../lib/gcc/avr/4.7.2/../../../../avr/lib/avr6\libm.a(fp_inf.o)
                0x0000aa88                __fp_inf
 .text.avr-libc.fplib
                0x0000aa94       0x36 c:/program files (x86)/atmel/atmel toolchain/avr8 gcc/native/3.4.2.1002/avr8-gnu-toolchain/bin/../lib/gcc/avr/4.7.2/../../../../avr/lib/avr6\libm.a(fp_mintl.o)
                0x0000aa94                __fp_mintl
 .text.avr-libc.fplib
                0x0000aaca       0x1c c:/program files (x86)/atmel/atmel toolchain/avr8 gcc/native/3.4.2.1002/avr8-gnu-toolchain/bin/../lib/gcc/avr/4.7.2/../../../../avr/lib/avr6\libm.a(fp_mpack.o)
                0x0000aaca                __fp_mpack
                0x0000aace                __fp_mpack_finite
 .text.avr-libc.fplib
                0x0000aae6        0x6 c:/program files (x86)/atmel/atmel toolchain/avr8 gcc/native/3.4.2.1002/avr8-gnu-toolchain/bin/../lib/gcc/avr/4.7.2/../../../../avr/lib/avr6\libm.a(fp_nan.o)
                0x0000aae6                __fp_nan
 .text.avr-libc.fplib
                0x0000aaec        0xe c:/program files (x86)/atmel/atmel toolchain/avr8 gcc/native/3.4.2.1002/avr8-gnu-toolchain/bin/../lib/gcc/avr/4.7.2/../../../../avr/lib/avr6\libm.a(fp_pscA.o)
                0x0000aaec                __fp_pscA
 .text.avr-libc.fplib
                0x0000aafa        0xe c:/program files (x86)/atmel/atmel toolchain/avr8 gcc/native/3.4.2.1002/avr8-gnu-toolchain/bin/../lib/gcc/avr/4.7.2/../../../../avr/lib/avr6\libm.a(fp_pscB.o)
                0x0000aafa                __fp_pscB
 .text.avr-libc.fplib
                0x0000ab08       0x50 c:/program files (x86)/atmel/atmel toolchain/avr8 gcc/native/3.4.2.1002/avr8-gnu-toolchain/bin/../lib/gcc/avr/4.7.2/../../../../avr/lib/avr6\libm.a(fp_rempio2.o)
                0x0000ab0a                __fp_rempio2
 .text.avr-libc.fplib
                0x0000ab58       0x22 c:/program files (x86)/atmel/atmel toolchain/avr8 gcc/native/3.4.2.1002/avr8-gnu-toolchain/bin/../lib/gcc/avr/4.7.2/../../../../avr/lib/avr6\libm.a(fp_round.o)
                0x0000ab58                __fp_round
 .text.avr-libc.fplib
                0x0000ab7a       0x22 c:/program files (x86)/atmel/atmel toolchain/avr8 gcc/native/3.4.2.1002/avr8-gnu-toolchain/bin/../lib/gcc/avr/4.7.2/../../../../avr/lib/avr6\libm.a(fp_sinus.o)
                0x0000ab7a                __fp_sinus
 .text.avr-libc.fplib
                0x0000ab9c       0x44 c:/program files (x86)/atmel/atmel toolchain/avr8 gcc/native/3.4.2.1002/avr8-gnu-toolchain/bin/../lib/gcc/avr/4.7.2/../../../../avr/lib/avr6\libm.a(fp_split3.o)
                0x0000ab9c                __fp_split3
                0x0000abac                __fp_splitA
 .text.avr-libc.fplib
                0x0000abe0       0x2e c:/program files (x86)/atmel/atmel toolchain/avr8 gcc/native/3.4.2.1002/avr8-gnu-toolchain/bin/../lib/gcc/avr/4.7.2/../../../../avr/lib/avr6\libm.a(fp_trunc.o)
                0x0000abe0                __fp_trunc
 .text.avr-libc.fplib
                0x0000ac0e        0xe c:/program files (x86)/atmel/atmel toolchain/avr8 gcc/native/3.4.2.1002/avr8-gnu-toolchain/bin/../lib/gcc/avr/4.7.2/../../../../avr/lib/avr6\libm.a(fp_zero.o)
                0x0000ac0e                __fp_zero
                0x0000ac10                __fp_szero
 .text.avr-libc.fplib
                0x0000ac1c        0x8 c:/program files (x86)/atmel/atmel toolchain/avr8 gcc/native/3.4.2.1002/avr8-gnu-toolchain/bin/../lib/gcc/avr/4.7.2/../../../../avr/lib/avr6\libm.a(gesf2.o)
                0x0000ac1c                __gesf2
                0x0000ac1c                __gtsf2
 .text.avr-libc.fplib
                0x0000ac24        0x4 c:/program files (x86)/atmel/atmel toolchain/avr8 gcc/native/3.4.2.1002/avr8-gnu-toolchain/bin/../lib/gcc/avr/4.7.2/../../../../avr/lib/avr6\libm.a(mulsf3.o)
                0x0000ac24                __mulsf3
 .text.avr-libc.fplib
                0x0000ac28       0xc2 c:/program files (x86)/atmel/atmel toolchain/avr8 gcc/native/3.4.2.1002/avr8-gnu-toolchain/bin/../lib/gcc/avr/4.7.2/../../../../avr/lib/avr6\libm.a(mulsf3x.o)
                0x0000ac3c                __mulsf3x
                0x0000ac40                __mulsf3_pse
 .text.avr-libc.fplib
                0x0000acea       0x98 c:/program files (x86)/atmel/atmel toolchain/avr8 gcc/native/3.4.2.1002/avr8-gnu-toolchain/bin/../lib/gcc/avr/4.7.2/../../../../avr/lib/avr6\libm.a(pow.o)
                0x0000acea                pow
 .text.avr-libc.fplib
                0x0000ad82        0xc c:/program files (x86)/atmel/atmel toolchain/avr8 gcc/native/3.4.2.1002/avr8-gnu-toolchain/bin/../lib/gcc/avr/4.7.2/../../../../avr/lib/avr6\libm.a(sin.o)
                0x0000ad82                sin
 .text.avr-libc.fplib
                0x0000ad8e       0x84 c:/program files (x86)/atmel/atmel toolchain/avr8 gcc/native/3.4.2.1002/avr8-gnu-toolchain/bin/../lib/gcc/avr/4.7.2/../../../../avr/lib/avr6\libm.a(sqrt.o)
                0x0000ad96                sqrt
 .text.avr-libc.fplib
                0x0000ae12       0x62 c:/program files (x86)/atmel/atmel toolchain/avr8 gcc/native/3.4.2.1002/avr8-gnu-toolchain/bin/../lib/gcc/avr/4.7.2/../../../../avr/lib/avr6\libm.a(exp.o)
                0x0000ae1c                exp
 .text.avr-libc.fplib
                0x0000ae74        0xe c:/program files (x86)/atmel/atmel toolchain/avr8 gcc/native/3.4.2.1002/avr8-gnu-toolchain/bin/../lib/gcc/avr/4.7.2/../../../../avr/lib/avr6\libm.a(fp_norm2.o)
                0x0000ae74                __fp_norm2
 .text.avr-libc.fplib
                0x0000ae82       0x4a c:/program files (x86)/atmel/atmel toolchain/avr8 gcc/native/3.4.2.1002/avr8-gnu-toolchain/bin/../lib/gcc/avr/4.7.2/../../../../avr/lib/avr6\libm.a(fp_powser.o)
                0x0000ae82                __fp_powser
 .text.avr-libc.fplib
                0x0000aecc       0x22 c:/program files (x86)/atmel/atmel toolchain/avr8 gcc/native/3.4.2.1002/avr8-gnu-toolchain/bin/../lib/gcc/avr/4.7.2/../../../../avr/lib/avr6\libm.a(fp_powsodd.o)
                0x0000aecc                __fp_powsodd
 .text.avr-libc.fplib
                0x0000aeee        0xe c:/program files (x86)/atmel/atmel toolchain/avr8 gcc/native/3.4.2.1002/avr8-gnu-toolchain/bin/../lib/gcc/avr/4.7.2/../../../../avr/lib/avr6\libm.a(inverse.o)
                0x0000aeee                inverse
 .text.avr-libc.fplib
                0x0000aefc       0x6c c:/program files (x86)/atmel/atmel toolchain/avr8 gcc/native/3.4.2.1002/avr8-gnu-toolchain/bin/../lib/gcc/avr/4.7.2/../../../../avr/lib/avr6\libm.a(ldexp.o)
                0x0000af00                ldexp
 .text.avr-libc.fplib
                0x0000af68       0x8a c:/program files (x86)/atmel/atmel toolchain/avr8 gcc/native/3.4.2.1002/avr8-gnu-toolchain/bin/../lib/gcc/avr/4.7.2/../../../../avr/lib/avr6\libm.a(log.o)
                0x0000af72                log
 .text.avr-libc.fplib
                0x0000aff2       0x66 c:/program files (x86)/atmel/atmel toolchain/avr8 gcc/native/3.4.2.1002/avr8-gnu-toolchain/bin/../lib/gcc/avr/4.7.2/../../../../avr/lib/avr6\libm.a(modf.o)
                0x0000aff2                modf
                0x0000aff2                modff
 .text.libgcc.div
                0x0000b058       0x28 c:/program files (x86)/atmel/atmel toolchain/avr8 gcc/native/3.4.2.1002/avr8-gnu-toolchain/bin/../lib/gcc/avr/4.7.2/avr6\libgcc.a(_divmodhi4.o)
                0x0000b058                _div
                0x0000b058                __divmodhi4
 .text.libgcc.div
                0x0000b080       0x44 c:/program files (x86)/atmel/atmel toolchain/avr8 gcc/native/3.4.2.1002/avr8-gnu-toolchain/bin/../lib/gcc/avr/4.7.2/avr6\libgcc.a(_udivmodsi4.o)
                0x0000b080                __udivmodsi4
 .text.libgcc.div
                0x0000b0c4       0x28 c:/program files (x86)/atmel/atmel toolchain/avr8 gcc/native/3.4.2.1002/avr8-gnu-toolchain/bin/../lib/gcc/avr/4.7.2/avr6\libgcc.a(_udivmodhi4.o)
                0x0000b0c4                __udivmodhi4
 .text.avr-libc
                0x0000b0ec      0x274 c:/program files (x86)/atmel/atmel toolchain/avr8 gcc/native/3.4.2.1002/avr8-gnu-toolchain/bin/../lib/gcc/avr/4.7.2/../../../../avr/lib/avr6\libc.a(malloc.o)
                0x0000b0ec                malloc
                0x0000b222                free
 .text.avr-libc
                0x0000b360       0x12 c:/program files (x86)/atmel/atmel toolchain/avr8 gcc/native/3.4.2.1002/avr8-gnu-toolchain/bin/../lib/gcc/avr/4.7.2/../../../../avr/lib/avr6\libc.a(memcpy.o)
                0x0000b360                memcpy
 .text.avr-libc
                0x0000b372        0xe c:/program files (x86)/atmel/atmel toolchain/avr8 gcc/native/3.4.2.1002/avr8-gnu-toolchain/bin/../lib/gcc/avr/4.7.2/../../../../avr/lib/avr6\libc.a(memset.o)
                0x0000b372                memset
                0x0000b380                . = ALIGN (0x2)
 *(.fini9)
 .fini9         0x0000b380        0x0 c:/program files (x86)/atmel/atmel toolchain/avr8 gcc/native/3.4.2.1002/avr8-gnu-toolchain/bin/../lib/gcc/avr/4.7.2/avr6\libgcc.a(_exit.o)
                0x0000b380                _exit
                0x0000b380                exit
 *(.fini9)
 *(.fini8)
 *(.fini8)
 *(.fini7)
 *(.fini7)
 *(.fini6)
 *(.fini6)
 *(.fini5)
 *(.fini5)
 *(.fini4)
 *(.fini4)
 *(.fini3)
 *(.fini3)
 *(.fini2)
 *(.fini2)
 *(.fini1)
 *(.fini1)
 *(.fini0)
 .fini0         0x0000b380        0x4 c:/program files (x86)/atmel/atmel toolchain/avr8 gcc/native/3.4.2.1002/avr8-gnu-toolchain/bin/../lib/gcc/avr/4.7.2/avr6\libgcc.a(_exit.o)
 *(.fini0)
                0x0000b384                _etext = .

.data           0x00800200       0xa8 load address 0x0000b384
                0x00800200                PROVIDE (__data_start, .)
 *(.data)
 .data          0x00800200        0x0 c:/program files (x86)/atmel/atmel toolchain/avr8 gcc/native/3.4.2.1002/avr8-gnu-toolchain/bin/../lib/gcc/avr/4.7.2/../../../../avr/lib/avr6/crtm2560.o
 .data          0x00800200        0x0 buffer/Buffer.o
 .data          0x00800200        0x0 buffer/Record.o
 .data          0x00800200        0x0 controller/PIDController.o
 .data          0x00800200        0x0 drivers/MagnetometerDriver.o
 .data          0x00800200        0x0 drivers/SerialDriver.o