Archive member included because of file (symbol)

c:/program files (x86)/atmel/atmel toolchain/avr8 gcc/native/3.4.2.1002/avr8-gnu-toolchain/bin/../lib/gcc/avr/4.7.2/../../../../avr/lib/avr6\libm.a(addsf3.o)
                              controller/PIDController.o (__subsf3)
c:/program files (x86)/atmel/atmel toolchain/avr8 gcc/native/3.4.2.1002/avr8-gnu-toolchain/bin/../lib/gcc/avr/4.7.2/../../../../avr/lib/avr6\libm.a(addsf3x.o)
                              c:/program files (x86)/atmel/atmel toolchain/avr8 gcc/native/3.4.2.1002/avr8-gnu-toolchain/bin/../lib/gcc/avr/4.7.2/../../../../avr/lib/avr6\libm.a(addsf3.o) (__addsf3x)
c:/program files (x86)/atmel/atmel toolchain/avr8 gcc/native/3.4.2.1002/avr8-gnu-toolchain/bin/../lib/gcc/avr/4.7.2/../../../../avr/lib/avr6\libm.a(cmpsf2.o)
                              controller/PIDController.o (__nesf2)
c:/program files (x86)/atmel/atmel toolchain/avr8 gcc/native/3.4.2.1002/avr8-gnu-toolchain/bin/../lib/gcc/avr/4.7.2/../../../../avr/lib/avr6\libm.a(cos.o)
                              util/CoordinateUtil.o (cos)
c:/program files (x86)/atmel/atmel toolchain/avr8 gcc/native/3.4.2.1002/avr8-gnu-toolchain/bin/../lib/gcc/avr/4.7.2/../../../../avr/lib/avr6\libm.a(divsf3.o)
                              messages/SystemTelemetryMessage.o (__divsf3)
c:/program files (x86)/atmel/atmel toolchain/avr8 gcc/native/3.4.2.1002/avr8-gnu-toolchain/bin/../lib/gcc/avr/4.7.2/../../../../avr/lib/avr6\libm.a(divsf3x.o)
                              c:/program files (x86)/atmel/atmel toolchain/avr8 gcc/native/3.4.2.1002/avr8-gnu-toolchain/bin/../lib/gcc/avr/4.7.2/../../../../avr/lib/avr6\libm.a(divsf3.o) (__divsf3x)
c:/program files (x86)/atmel/atmel toolchain/avr8 gcc/native/3.4.2.1002/avr8-gnu-toolchain/bin/../lib/gcc/avr/4.7.2/../../../../avr/lib/avr6\libm.a(fixsfsi.o)
                              HelicopterMain.o (__fixsfsi)
c:/program files (x86)/atmel/atmel toolchain/avr8 gcc/native/3.4.2.1002/avr8-gnu-toolchain/bin/../lib/gcc/avr/4.7.2/../../../../avr/lib/avr6\libm.a(fixunssfsi.o)
                              drivers/SerialDriver.o (__fixunssfsi)
c:/program files (x86)/atmel/atmel toolchain/avr8 gcc/native/3.4.2.1002/avr8-gnu-toolchain/bin/../lib/gcc/avr/4.7.2/../../../../avr/lib/avr6\libm.a(floatsisf.o)
                              drivers/SerialDriver.o (__floatunsisf)
c:/program files (x86)/atmel/atmel toolchain/avr8 gcc/native/3.4.2.1002/avr8-gnu-toolchain/bin/../lib/gcc/avr/4.7.2/../../../../avr/lib/avr6\libm.a(floor.o)
                              drivers/SerialDriver.o (floor)
c:/program files (x86)/atmel/atmel toolchain/avr8 gcc/native/3.4.2.1002/avr8-gnu-toolchain/bin/../lib/gcc/avr/4.7.2/../../../../avr/lib/avr6\libm.a(fp_cmp.o)
                              c:/program files (x86)/atmel/atmel toolchain/avr8 gcc/native/3.4.2.1002/avr8-gnu-toolchain/bin/../lib/gcc/avr/4.7.2/../../../../avr/lib/avr6\libm.a(cmpsf2.o) (__fp_cmp)
c:/program files (x86)/atmel/atmel toolchain/avr8 gcc/native/3.4.2.1002/avr8-gnu-toolchain/bin/../lib/gcc/avr/4.7.2/../../../../avr/lib/avr6\libm.a(fp_inf.o)
                              c:/program files (x86)/atmel/atmel toolchain/avr8 gcc/native/3.4.2.1002/avr8-gnu-toolchain/bin/../lib/gcc/avr/4.7.2/../../../../avr/lib/avr6\libm.a(addsf3x.o) (__fp_inf)
c:/program files (x86)/atmel/atmel toolchain/avr8 gcc/native/3.4.2.1002/avr8-gnu-toolchain/bin/../lib/gcc/avr/4.7.2/../../../../avr/lib/avr6\libm.a(fp_mintl.o)
                              c:/program files (x86)/atmel/atmel toolchain/avr8 gcc/native/3.4.2.1002/avr8-gnu-toolchain/bin/../lib/gcc/avr/4.7.2/../../../../avr/lib/avr6\libm.a(floor.o) (__fp_mintl)
c:/program files (x86)/atmel/atmel toolchain/avr8 gcc/native/3.4.2.1002/avr8-gnu-toolchain/bin/../lib/gcc/avr/4.7.2/../../../../avr/lib/avr6\libm.a(fp_mpack.o)
                              c:/program files (x86)/atmel/atmel toolchain/avr8 gcc/native/3.4.2.1002/avr8-gnu-toolchain/bin/../lib/gcc/avr/4.7.2/../../../../avr/lib/avr6\libm.a(floor.o) (__fp_mpack)
c:/program files (x86)/atmel/atmel toolchain/avr8 gcc/native/3.4.2.1002/avr8-gnu-toolchain/bin/../lib/gcc/avr/4.7.2/../../../../avr/lib/avr6\libm.a(fp_nan.o)
                              c:/program files (x86)/atmel/atmel toolchain/avr8 gcc/native/3.4.2.1002/avr8-gnu-toolchain/bin/../lib/gcc/avr/4.7.2/../../../../avr/lib/avr6\libm.a(addsf3x.o) (__fp_nan)
c:/program files (x86)/atmel/atmel toolchain/avr8 gcc/native/3.4.2.1002/avr8-gnu-toolchain/bin/../lib/gcc/avr/4.7.2/../../../../avr/lib/avr6\libm.a(fp_pscA.o)
                              c:/program files (x86)/atmel/atmel toolchain/avr8 gcc/native/3.4.2.1002/avr8-gnu-toolchain/bin/../lib/gcc/avr/4.7.2/../../../../avr/lib/avr6\libm.a(addsf3x.o) (__fp_pscA)
c:/program files (x86)/atmel/atmel toolchain/avr8 gcc/native/3.4.2.1002/avr8-gnu-toolchain/bin/../lib/gcc/avr/4.7.2/../../../../avr/lib/avr6\libm.a(fp_pscB.o)
[...]
Memory Configuration

Name             Origin             Length             Attributes
text             0x00000000         0x00100000         xr
data             0x00800200         0x0000fe00         rw !x
eeprom           0x00810000         0x00010000         rw !x
fuse             0x00820000         0x00000400         rw !x
lock             0x00830000         0x00000400         rw !x
signature        0x00840000         0x00000400         rw !x
user_signatures  0x00850000         0x00000400         rw !x
*default*        0x00000000         0xffffffff

Linker script and memory map

Address of section .data set to 0x800200
LOAD c:/program files (x86)/atmel/atmel toolchain/avr8 gcc/native/3.4.2.1002/avr8-gnu-toolchain/bin/../lib/gcc/avr/4.7.2/../../../../avr/lib/avr6/crtm2560.o
LOAD buffer/Buffer.o
LOAD buffer/Record.o
LOAD controller/PIDController.o
LOAD drivers/MagnetometerDriver.o
LOAD drivers/SerialDriver.o
LOAD drivers/ServoDriver.o
LOAD HelicopterMain.o
LOAD interfaces/GroundControlStationInterface.o
LOAD messages/Message.o
LOAD messages/SyncMessage.o
LOAD messages/SystemTelemetryMessage.o
LOAD model/SystemModel.o
LOAD scheduler/Scheduler.o
LOAD sensors/MagnetometerSensor.o
LOAD tasks/PIDInnerLoopTask.o
LOAD tasks/PIDOuterLoopTask.o
LOAD tasks/SensorProcessingTask.o
LOAD tasks/SimTelemetryTask.o
LOAD tasks/Task.o
LOAD tasks/TransmitTelemetryTask.o
LOAD util/CommonHeader.o
LOAD util/CoordinateUtil.o
LOAD util/Timer.o
START GROUP
LOAD c:/program files (x86)/atmel/atmel toolchain/avr8 gcc/native/3.4.2.1002/avr8-gnu-toolchain/bin/../lib/gcc/avr/4.7.2/../../../../avr/lib/avr6\libm.a
END GROUP
LOAD c:/program files (x86)/atmel/atmel toolchain/avr8 gcc/native/3.4.2.1002/avr8-gnu-toolchain/bin/../lib/gcc/avr/4.7.2/avr6\libgcc.a
LOAD c:/program files (x86)/atmel/atmel toolchain/avr8 gcc/native/3.4.2.1002/avr8-gnu-toolchain/bin/../lib/gcc/avr/4.7.2/../../../../avr/lib/avr6\libm.a
LOAD c:/program files (x86)/atmel/atmel toolchain/avr8 gcc/native/3.4.2.1002/avr8-gnu-toolchain/bin/../lib/gcc/avr/4.7.2/avr6\libgcc.a
LOAD c:/program files (x86)/atmel/atmel toolchain/avr8 gcc/native/3.4.2.1002/avr8-gnu-toolchain/bin/../lib/gcc/avr/4.7.2/../../../../avr/lib/avr6\libc.a
LOAD c:/program files (x86)/atmel/atmel toolchain/avr8 gcc/native/3.4.2.1002/avr8-gnu-toolchain/bin/../lib/gcc/avr/4.7.2/avr6\libgcc.a

.hash
 *(.hash)

.dynsym
 *(.dynsym)

.dynstr
 *(.dynstr)

.gnu.version
 *(.gnu.version)

.gnu.version_d
 *(.gnu.version_d)

.gnu.version_r
 *(.gnu.version_r)

.rel.init
 *(.rel.init)

.rela.init
 *(.rela.init)

.rel.text
 *(.rel.text)
 *(.rel.text.*)
 *(.rel.gnu.linkonce.t*)

.rela.text
 *(.rela.text)
 *(.rela.text.*)
 *(.rela.gnu.linkonce.t*)

.rel.fini
 *(.rel.fini)

.rela.fini
 *(.rela.fini)

.rel.rodata
 *(.rel.rodata)
 *(.rel.rodata.*)
 *(.rel.gnu.linkonce.r*)

.rela.rodata
 *(.rela.rodata)
 *(.rela.rodata.*)
 *(.rela.gnu.linkonce.r*)

.rel.data
 *(.rel.data)
 *(.rel.data.*)
 *(.rel.gnu.linkonce.d*)

.rela.data
 *(.rela.data)
 *(.rela.data.*)
 *(.rela.gnu.linkonce.d*)

.rel.ctors
 *(.rel.ctors)

.rela.ctors
 *(.rela.ctors)

.rel.dtors
 *(.rel.dtors)

.rela.dtors
 *(.rela.dtors)

.rel.got
 *(.rel.got)

.rela.got
 *(.rela.got)

.rel.bss
 *(.rel.bss)

.rela.bss
 *(.rela.bss)

.rel.plt
 *(.rel.plt)

.rela.plt
 *(.rela.plt)

.text           0x00000000     0x8806
 *(.vectors)
 .vectors       0x00000000       0xe4 c:/program files (x86)/atmel/atmel toolchain/avr8 gcc/native/3.4.2.1002/avr8-gnu-toolchain/bin/../lib/gcc/avr/4.7.2/../../../../avr/lib/avr6/crtm2560.o
                0x00000000                __vector_default
                0x00000000                __vectors
 *(.vectors)
 *(.progmem.gcc*)
 .progmem.gcc_fplib
                0x000000e4       0x1e c:/program files (x86)/atmel/atmel toolchain/avr8 gcc/native/3.4.2.1002/avr8-gnu-toolchain/bin/../lib/gcc/avr/4.7.2/../../../../avr/lib/avr6\libm.a(fp_sinus.o)
 .progmem.gcc_fplib
                0x00000102       0x28 c:/program files (x86)/atmel/atmel toolchain/avr8 gcc/native/3.4.2.1002/avr8-gnu-toolchain/bin/../lib/gcc/avr/4.7.2/../../../../avr/lib/avr6\libm.a(exp.o)
 .progmem.gcc_fplib
                0x0000012a       0x5a c:/program files (x86)/atmel/atmel toolchain/avr8 gcc/native/3.4.2.1002/avr8-gnu-toolchain/bin/../lib/gcc/avr/4.7.2/../../../../avr/lib/avr6\libm.a(log.o)
 *(.progmem*)
                0x00000184                . = ALIGN (0x2)
                0x00000184                __trampolines_start = .
 *(.trampolines)
 .trampolines   0x00000184       0xb0 linker stubs
 *(.trampolines*)
                0x00000234                __trampolines_end = .
 *(.jumptables)
 *(.jumptables*)
 *(.lowtext)
 *(.lowtext*)
                0x00000234                __ctors_start = .
 *(.ctors)
                0x00000234                __ctors_end = .
                0x00000234                __dtors_start = .
 *(.dtors)
                0x00000234                __dtors_end = .
 SORT(*)(.ctors)
 SORT(*)(.dtors)
 *(.init0)
 .init0         0x00000234        0x0 c:/program files (x86)/atmel/atmel toolchain/avr8 gcc/native/3.4.2.1002/avr8-gnu-toolchain/bin/../lib/gcc/avr/4.7.2/../../../../avr/lib/avr6/crtm2560.o
                0x00000234                __init
 *(.init0)
 *(.init1)
 *(.init1)
 *(.init2)
 .init2         0x00000234       0x10 c:/program files (x86)/atmel/atmel toolchain/avr8 gcc/native/3.4.2.1002/avr8-gnu-toolchain/bin/../lib/gcc/avr/4.7.2/../../../../avr/lib/avr6/crtm2560.o
 *(.init2)
 *(.init3)
 *(.init3)
 *(.init4)
 .init4         0x00000244       0x1a c:/program files (x86)/atmel/atmel toolchain/avr8 gcc/native/3.4.2.1002/avr8-gnu-toolchain/bin/../lib/gcc/avr/4.7.2/avr6\libgcc.a(_copy_data.o)
                0x00000244                __do_copy_data
 .init4         0x0000025e       0x10 c:/program files (x86)/atmel/atmel toolchain/avr8 gcc/native/3.4.2.1002/avr8-gnu-toolchain/bin/../lib/gcc/avr/4.7.2/avr6\libgcc.a(_clear_bss.o)
                0x0000025e                __do_clear_bss
 *(.init4)
 *(.init5)
 *(.init5)
 *(.init6)
 *(.init6)
 *(.init7)
 *(.init7)
 *(.init8)
 *(.init8)
 *(.init9)
 .init9         0x0000026e        0x8 c:/program files (x86)/atmel/atmel toolchain/avr8 gcc/native/3.4.2.1002/avr8-gnu-toolchain/bin/../lib/gcc/avr/4.7.2/../../../../avr/lib/avr6/crtm2560.o
 *(.init9)
 *(.text)
 .text          0x00000276        0x4 c:/program files (x86)/atmel/atmel toolchain/avr8 gcc/native/3.4.2.1002/avr8-gnu-toolchain/bin/../lib/gcc/avr/4.7.2/../../../../avr/lib/avr6/crtm2560.o
                0x00000276                __vector_38
                0x00000276                __vector_22
                0x00000276                __vector_28
                0x00000276                __vector_1
                0x00000276                __vector_32
                0x00000276                __vector_34
                0x00000276                __vector_24
                0x00000276                __vector_12
                0x00000276                __vector_55
                0x00000276                __vector_46
                0x00000276                __bad_interrupt
                0x00000276                __vector_6
                0x00000276                __vector_31
                0x00000276                __vector_35
                0x00000276                __vector_39
                0x00000276                __vector_3
                0x00000276                __vector_23
                0x00000276                __vector_30
                0x00000276                __vector_45
                0x00000276                __vector_25
                0x00000276                __vector_11
                0x00000276                __vector_54
                0x00000276                __vector_13
                0x00000276                __vector_19
                0x00000276                __vector_56
                0x00000276                __vector_7
                0x00000276                __vector_49
                0x00000276                __vector_41
                0x00000276                __vector_43
                0x00000276                __vector_27
                0x00000276                __vector_5
                0x00000276                __vector_33
                0x00000276                __vector_47
                0x00000276                __vector_52
                0x00000276                __vector_37
                0x00000276                __vector_4
                0x00000276                __vector_44
                0x00000276                __vector_51
                0x00000276                __vector_9
                0x00000276                __vector_2
                0x00000276                __vector_21
                0x00000276                __vector_15
                0x00000276                __vector_36
                0x00000276                __vector_29
                0x00000276                __vector_40
                0x00000276                __vector_8
                0x00000276                __vector_26
                0x00000276                __vector_48
                0x00000276                __vector_14
                0x00000276                __vector_53
                0x00000276                __vector_10
                0x00000276                __vector_50
                0x00000276                __vector_16
                0x00000276                __vector_18
                0x00000276                __vector_20
                0x00000276                __vector_42
                0x0000027a                . = ALIGN (0x2)
 *(.text.*)
 .text._ZNK10helicopter5model11SystemModel13MagYawDegreesEv
                0x0000027a       0x2c controller/PIDController.o
                0x0000027a                _ZNK10helicopter5model11SystemModel13MagYawDegreesEv
 .text._ZNK10helicopter5model11SystemModel22ReferenceMagYawDegreesEv
                0x000002a6       0x2c controller/PIDController.o
                0x000002a6                _ZNK10helicopter5model11SystemModel22ReferenceMagYawDegreesEv
 .text._ZNK10helicopter5model11SystemModel10YawControlEv
                0x000002d2       0x2c controller/PIDController.o
                0x000002d2                _ZNK10helicopter5model11SystemModel10YawControlEv
 .text._ZN10helicopter5model11SystemModel10YawControlEf
                0x000002fe       0x40 controller/PIDController.o
                0x000002fe                _ZN10helicopter5model11SystemModel10YawControlEf
 .text._ZNK10helicopter5model11SystemModel37YawControlBeforeServoLimitsAdjustmentEv
                0x0000033e       0x2c controller/PIDController.o
                0x0000033e                _ZNK10helicopter5model11SystemModel37YawControlBeforeServoLimitsAdjustmentEv
 .text._ZN10helicopter5model11SystemModel37YawControlBeforeServoLimitsAdjustmentEf
                0x0000036a       0x40 controller/PIDController.o
                0x0000036a                _ZN10helicopter5model11SystemModel37YawControlBeforeServoLimitsAdjustmentEf
 .text._ZNK10helicopter5model11SystemModel27YawVelocityDegreesPerSecondEv
                0x000003aa       0x2c controller/PIDController.o
                0x000003aa                _ZNK10helicopter5model11SystemModel27YawVelocityDegreesPerSecondEv
 .text._ZNK10helicopter5model11SystemModel36ReferenceYawVelocityDegreesPerSecondEv
                0x000003d6       0x2c controller/PIDController.o
                0x000003d6                _ZNK10helicopter5model11SystemModel36ReferenceYawVelocityDegreesPerSecondEv
 .text._ZNK10helicopter5model11SystemModel11YawIntegralEv
                0x00000402       0x2c controller/PIDController.o
                0x00000402                _ZNK10helicopter5model11SystemModel11YawIntegralEv
 .text._ZN10helicopter5model11SystemModel11YawIntegralEf
                0x0000042e       0x40 controller/PIDController.o
                0x0000042e                _ZN10helicopter5model11SystemModel11YawIntegralEf
 .text._ZN10helicopter5model11SystemModel15YawProportionalEf
                0x0000046e       0x40 controller/PIDController.o
                0x0000046e                _ZN10helicopter5model11SystemModel15YawProportionalEf
 .text._ZN10helicopter5model11SystemModel18YawDerivativeErrorEf
                0x000004ae       0x40 controller/PIDController.o
                0x000004ae                _ZN10helicopter5model11SystemModel18YawDerivativeErrorEf
 .text._ZNK10helicopter5model11SystemModel13XNEDBodyFrameEv
                0x000004ee       0x2c controller/PIDController.o
                0x000004ee                _ZNK10helicopter5model11SystemModel13XNEDBodyFrameEv
 .text._ZNK10helicopter5model11SystemModel22ReferenceXNEDBodyFrameEv
                0x0000051a       0x2c controller/PIDController.o
                0x0000051a                _ZNK10helicopter5model11SystemModel22ReferenceXNEDBodyFrameEv
 .text._ZNK10helicopter5model11SystemModel43LongitudeControlBeforeServoLimitsAdjustmentEv
                0x00000546       0x2c controller/PIDController.o
                0x00000546                _ZNK10helicopter5model11SystemModel43LongitudeControlBeforeServoLimitsAdjustmentEv
 .text._ZN10helicopter5model11SystemModel43LongitudeControlBeforeServoLimitsAdjustmentEf
                0x00000572       0x40 controller/PIDController.o
                0x00000572                _ZN10helicopter5model11SystemModel43LongitudeControlBeforeServoLimitsAdjustmentEf
 .text._ZNK10helicopter5model11SystemModel16LongitudeControlEv
                0x000005b2       0x2c controller/PIDController.o
                0x000005b2                _ZNK10helicopter5model11SystemModel16LongitudeControlEv
 .text._ZN10helicopter5model11SystemModel16LongitudeControlEf
                0x000005de       0x40 controller/PIDController.o
                0x000005de                _ZN10helicopter5model11SystemModel16LongitudeControlEf
 .text._ZNK10helicopter5model11SystemModel24XVelocityMetersPerSecondEv
                0x0000061e       0x2c controller/PIDController.o
                0x0000061e                _ZNK10helicopter5model11SystemModel24XVelocityMetersPerSecondEv
 .text._ZNK10helicopter5model11SystemModel33ReferenceXVelocityMetersPerSecondEv
                0x0000064a       0x2c controller/PIDController.o
                0x0000064a                _ZNK10helicopter5model11SystemModel33ReferenceXVelocityMetersPerSecondEv
 .text._ZNK10helicopter5model11SystemModel29XLongitudinalOuterLoopControlEv
                0x00000676       0x2c controller/PIDController.o
                0x00000676                _ZNK10helicopter5model11SystemModel29XLongitudinalOuterLoopControlEv
 .text._ZN10helicopter5model11SystemModel29XLongitudinalOuterLoopControlEf
                0x000006a2       0x40 controller/PIDController.o
                0x000006a2                _ZN10helicopter5model11SystemModel29XLongitudinalOuterLoopControlEf
 .text._ZN10helicopter5model11SystemModel13XProportionalEf
                0x000006e2       0x46 controller/PIDController.o
                0x000006e2                _ZN10helicopter5model11SystemModel13XProportionalEf
 .text._ZNK10helicopter5model11SystemModel9XIntegralEv
                0x00000728       0x30 controller/PIDController.o
                0x00000728                _ZNK10helicopter5model11SystemModel9XIntegralEv
 .text._ZN10helicopter5model11SystemModel9XIntegralEf
                0x00000758       0x46 controller/PIDController.o
                0x00000758                _ZN10helicopter5model11SystemModel9XIntegralEf
 .text._ZN10helicopter5model11SystemModel16XDerivativeErrorEf
                0x0000079e       0x46 controller/PIDController.o
                0x0000079e                _ZN10helicopter5model11SystemModel16XDerivativeErrorEf
 .text._ZNK10helicopter5model11SystemModel17ThetaPitchDegreesEv
                0x000007e4       0x30 controller/PIDController.o
                0x000007e4                _ZNK10helicopter5model11SystemModel17ThetaPitchDegreesEv
 .text._ZNK10helicopter5model11SystemModel13YNEDBodyFrameEv
                0x00000814       0x30 controller/PIDController.o
                0x00000814                _ZNK10helicopter5model11SystemModel13YNEDBodyFrameEv
 .text._ZNK10helicopter5model11SystemModel14LateralControlEv
                0x00000844       0x30 controller/PIDController.o
                0x00000844                _ZNK10helicopter5model11SystemModel14LateralControlEv
 .text._ZNK10helicopter5model11SystemModel24YVelocityMetersPerSecondEv
                0x00000874       0x30 controller/PIDController.o
                0x00000874                _ZNK10helicopter5model11SystemModel24YVelocityMetersPerSecondEv
 .text._ZNK10helicopter5model11SystemModel9YIntegralEv
                0x000008a4       0x30 controller/PIDController.o
                0x000008a4                _ZNK10helicopter5model11SystemModel9YIntegralEv
 .text._ZNK10helicopter5model11SystemModel15AltitudeFeetAglEv
                0x000008d4       0x30 controller/PIDController.o
                0x000008d4                _ZNK10helicopter5model11SystemModel15AltitudeFeetAglEv
 .text._ZNK10helicopter5model11SystemModel21ReferenceAltitudeFeetEv
                0x00000904       0x30 controller/PIDController.o
                0x00000904                _ZNK10helicopter5model11SystemModel21ReferenceAltitudeFeetEv
 .text._ZNK10helicopter5model11SystemModel26MainRotorCollectiveControlEv
                0x00000934       0x30 controller/PIDController.o
                0x00000934                _ZNK10helicopter5model11SystemModel26MainRotorCollectiveControlEv
 .text._ZN10helicopter5model11SystemModel26MainRotorCollectiveControlEf
                0x00000964       0x46 controller/PIDController.o
                0x00000964                _ZN10helicopter5model11SystemModel26MainRotorCollectiveControlEf
 .text._ZNK10helicopter5model11SystemModel43MainRotorControlBeforeServoLimitsAdjustmentEv
                0x000009aa       0x30 controller/PIDController.o
                0x000009aa                _ZNK10helicopter5model11SystemModel43MainRotorControlBeforeServoLimitsAdjustmentEv
 .text._ZN10helicopter5model11SystemModel43MainRotorControlBeforeServoLimitsAdjustmentEf
                0x000009da       0x46 controller/PIDController.o
                0x000009da                _ZN10helicopter5model11SystemModel43MainRotorControlBeforeServoLimitsAdjustmentEf
 .text._ZNK10helicopter5model11SystemModel22ZVelocityFeetPerSecondEv
                0x00000a20       0x30 controller/PIDController.o
                0x00000a20                _ZNK10helicopter5model11SystemModel22ZVelocityFeetPerSecondEv
 .text._ZNK10helicopter5model11SystemModel31ReferenceZVelocityFeetPerSecondEv
                0x00000a50       0x30 controller/PIDController.o
                0x00000a50                _ZNK10helicopter5model11SystemModel31ReferenceZVelocityFeetPerSecondEv
 .text._ZNK10helicopter5model11SystemModel9ZIntegralEv
                0x00000a80       0x30 controller/PIDController.o
                0x00000a80                _ZNK10helicopter5model11SystemModel9ZIntegralEv
 .text._ZN10helicopter5model11SystemModel9ZIntegralEf
                0x00000ab0       0x46 controller/PIDController.o
                0x00000ab0                _ZN10helicopter5model11SystemModel9ZIntegralEf
 .text._ZN10helicopter5model11SystemModel13ZProportionalEf
                0x00000af6       0x46 controller/PIDController.o
                0x00000af6                _ZN10helicopter5model11SystemModel13ZProportionalEf
 .text._ZN10helicopter5model11SystemModel16ZDerivativeErrorEf
                0x00000b3c       0x46 controller/PIDController.o
                0x00000b3c                _ZN10helicopter5model11SystemModel16ZDerivativeErrorEf
 .text._ZNK10helicopter5model11SystemModel11BlownFramesEv
                0x00000b82       0x30 controller/PIDController.o
                0x00000b82                _ZNK10helicopter5model11SystemModel11BlownFramesEv
 .text._ZN10helicopter5model11SystemModel11BlownFramesEl
                0x00000bb2       0x46 controller/PIDController.o
                0x00000bb2                _ZN10helicopter5model11SystemModel11BlownFramesEl
 .text._ZN10helicopter10controller13PIDControllerC2EPNS_5model11SystemModelEPNS_7drivers11ServoDriverE
                0x00000bf8      0x214 controller/PIDController.o
                0x00000bf8                _ZN10helicopter10controller13PIDControllerC2EPNS_5model11SystemModelEPNS_7drivers11ServoDriverE
                0x00000bf8                _ZN10helicopter10controller13PIDControllerC1EPNS_5model11SystemModelEPNS_7drivers11ServoDriverE
 .text._ZN10helicopter10controller13PIDController21calculateProportionalEff
                0x00000e0c       0x5e controller/PIDController.o
                0x00000e0c                _ZN10helicopter10controller13PIDController21calculateProportionalEff
 .text._ZN10helicopter10controller13PIDController27calculateIntegralAntiWindupEfff
                0x00000e6a       0xa2 controller/PIDController.o
                0x00000e6a                _ZN10helicopter10controller13PIDController27calculateIntegralAntiWindupEfff
 .text._ZN10helicopter10controller13PIDController17calculateIntegralEffff
                0x00000f0c      0x1a4 controller/PIDController.o
                0x00000f0c                _ZN10helicopter10controller13PIDController17calculateIntegralEffff
 .text._ZN10helicopter10controller13PIDController22calculateVelocityErrorEff
                0x000010b0       0x5e controller/PIDController.o
                0x000010b0                _ZN10helicopter10controller13PIDController22calculateVelocityErrorEff
 .text._ZN10helicopter10controller13PIDController30calculateOuterLoopControlValueEfffff
                0x0000110e       0xe6 controller/PIDController.o
                0x0000110e                _ZN10helicopter10controller13PIDController30calculateOuterLoopControlValueEfffff
 .text._ZN10helicopter10controller13PIDController27adjustControlForServoLimitsEfff
                0x000011f4       0xb8 controller/PIDController.o
                0x000011f4                _ZN10helicopter10controller13PIDController27adjustControlForServoLimitsEfff
 .text._Z30calculateInnerLoopControlValuefff
                0x000012ac       0x7e controller/PIDController.o
                0x000012ac                _Z30calculateInnerLoopControlValuefff
 .text._ZN10helicopter10controller13PIDController30cyclicLongitudeOuterLoopUpdateEv
                0x0000132a      0x250 controller/PIDController.o
                0x0000132a                _ZN10helicopter10controller13PIDController30cyclicLongitudeOuterLoopUpdateEv
 .text._ZN10helicopter10controller13PIDController30cyclicLongitudeInnerLoopUpdateEv
                0x0000157a      0x14a controller/PIDController.o
                0x0000157a                _ZN10helicopter10controller13PIDController30cyclicLongitudeInnerLoopUpdateEv
 .text._ZN10helicopter10controller13PIDController34tailRotorCollectiveOuterLoopUpdateEv
                0x000016c4      0x2f8 controller/PIDController.o
                0x000016c4                _ZN10helicopter10controller13PIDController34tailRotorCollectiveOuterLoopUpdateEv
 .text._ZN10helicopter10controller13PIDController34mainRotorCollectiveOuterLoopUpdateEv
                0x000019bc      0x2e2 controller/PIDController.o
                0x000019bc                _ZN10helicopter10controller13PIDController34mainRotorCollectiveOuterLoopUpdateEv
 .text._ZN10helicopter10controller13PIDController13addBlownFrameEv
                0x00001c9e       0x46 controller/PIDController.o
                0x00001c9e                _ZN10helicopter10controller13PIDController13addBlownFrameEv
 .text._ZN10helicopter10controller13PIDController27convertYawErrorFrom360to180Ef
                0x00001ce4       0xa8 controller/PIDController.o
                0x00001ce4                _ZN10helicopter10controller13PIDController27convertYawErrorFrom360to180Ef
 .text._ZN10helicopter7drivers12SerialDriverD2Ev
                0x00001d8c       0x3c drivers/SerialDriver.o
                0x00001d8c                _ZN10helicopter7drivers12SerialDriverD1Ev
                0x00001d8c                _ZN10helicopter7drivers12SerialDriverD2Ev
 .text._ZN10helicopter7drivers12SerialDriverD0Ev
                0x00001dc8       0x2a drivers/SerialDriver.o
                0x00001dc8                _ZN10helicopter7drivers12SerialDriverD0Ev
 .text._ZN10helicopter7drivers12SerialDriver10initializeEv
                0x00001df2      0x16c drivers/SerialDriver.o
                0x00001df2                _ZN10helicopter7drivers12SerialDriver10initializeEv
 .text._ZN10helicopter7drivers12SerialDriver12transmitByteEh
                0x00001f5e       0xb2 drivers/SerialDriver.o
                0x00001f5e                _ZN10helicopter7drivers12SerialDriver12transmitByteEh
 .text._ZN10helicopter7drivers12SerialDriver11receiveByteERh
                0x00002010       0xca drivers/SerialDriver.o
                0x00002010                _ZN10helicopter7drivers12SerialDriver11receiveByteERh
 .text._ZN10helicopter7drivers11ServoDriverD2Ev
                0x000020da       0x3c drivers/ServoDriver.o
                0x000020da                _ZN10helicopter7drivers11ServoDriverD2Ev
                0x000020da                _ZN10helicopter7drivers11ServoDriverD1Ev
 .text._ZN10helicopter7drivers11ServoDriverD0Ev
                0x00002116       0x2a drivers/ServoDriver.o
                0x00002116                _ZN10helicopter7drivers11ServoDriverD0Ev
 .text._ZN10helicopter7drivers11ServoDriver26controlTailRotorCollectiveEd
                0x00002140       0xda drivers/ServoDriver.o
                0x00002140                _ZN10helicopter7drivers11ServoDriver26controlTailRotorCollectiveEd
 .text._ZN10helicopter7drivers11ServoDriver30controlTailRotorCollectiveImplEd
                0x0000221a       0x2a drivers/ServoDriver.o
                0x0000221a                _ZN10helicopter7drivers11ServoDriver30controlTailRotorCollectiveImplEd
 .text._ZN10helicopter7drivers11ServoDriver19controlLongitudinalEd
                0x00002244       0x2a drivers/ServoDriver.o
                0x00002244                _ZN10helicopter7drivers11ServoDriver19controlLongitudinalEd
 .text._ZN10helicopter7drivers11ServoDriver26controlMainRotorCollectiveEd
                0x0000226e       0x2a drivers/ServoDriver.o
                0x0000226e                _ZN10helicopter7drivers11ServoDriver26controlMainRotorCollectiveEd
 .text._ZN10helicopter5tasks4TaskD2Ev
                0x00002298       0x3c HelicopterMain.o
                0x00002298                _ZN10helicopter5tasks4TaskD2Ev
                0x00002298                _ZN10helicopter5tasks4TaskD1Ev
 .text._ZN10helicopter5tasks4TaskD0Ev
                0x000022d4       0x2a HelicopterMain.o
                0x000022d4                _ZN10helicopter5tasks4TaskD0Ev
 .text._ZN10helicopter5tasks12FlashLEDTaskC2Eiii
                0x000022fe       0x6c HelicopterMain.o
                0x000022fe                _ZN10helicopter5tasks12FlashLEDTaskC2Eiii
                0x000022fe                _ZN10helicopter5tasks12FlashLEDTaskC1Eiii
 .text._ZN10helicopter5tasks12FlashLEDTask4initEv
                0x0000236a       0x48 HelicopterMain.o
                0x0000236a                _ZN10helicopter5tasks12FlashLEDTask4initEv
 .text._ZN10helicopter5tasks12FlashLEDTask11runTaskImplEv
                0x000023b2       0x98 HelicopterMain.o
                0x000023b2                _ZN10helicopter5tasks12FlashLEDTask11runTaskImplEv
 .text._ZN10helicopter9scheduler9Scheduler13hasBlownFrameEv
                0x0000244a       0x22 HelicopterMain.o
                0x0000244a                _ZN10helicopter9scheduler9Scheduler13hasBlownFrameEv
 .text._ZN10helicopter4util5TimerC2Em9PRESCALERm
                0x0000246c       0x80 HelicopterMain.o
                0x0000246c                _ZN10helicopter4util5TimerC2Em9PRESCALERm
                0x0000246c                _ZN10helicopter4util5TimerC1Em9PRESCALERm
 .text._ZN10helicopter7drivers12SerialDriverC2EmNS1_8UartPortEPNS_4util5TimerEbb
                0x000024ec       0x9c HelicopterMain.o
                0x000024ec                _ZN10helicopter7drivers12SerialDriverC1EmNS1_8UartPortEPNS_4util5TimerEbb
                0x000024ec                _ZN10helicopter7drivers12SerialDriverC2EmNS1_8UartPortEPNS_4util5TimerEbb
 .text._ZN10helicopter10interfaces29GroundControlStationInterfaceC2EPNS_7drivers12SerialDriverE
                0x00002588       0x30 HelicopterMain.o
                0x00002588                _ZN10helicopter10interfaces29GroundControlStationInterfaceC1EPNS_7drivers12SerialDriverE
                0x00002588                _ZN10helicopter10interfaces29GroundControlStationInterfaceC2EPNS_7drivers12SerialDriverE
 .text._ZN10helicopter5model11SystemModelC2Ev
                0x000025b8      0x400 HelicopterMain.o
                0x000025b8                _ZN10helicopter5model11SystemModelC1Ev
                0x000025b8                _ZN10helicopter5model11SystemModelC2Ev
 .text._ZN10helicopter5model11SystemModel22ReferenceMagYawDegreesEf
                0x000029b8       0x40 HelicopterMain.o
                0x000029b8                _ZN10helicopter5model11SystemModel22ReferenceMagYawDegreesEf
 .text._ZN10helicopter5model11SystemModel36ReferenceYawVelocityDegreesPerSecondEf
                0x000029f8       0x40 HelicopterMain.o
                0x000029f8                _ZN10helicopter5model11SystemModel36ReferenceYawVelocityDegreesPerSecondEf
 .text._ZNK10helicopter5model11SystemModel15LatitudeDegreesEv
                0x00002a38       0x30 HelicopterMain.o
                0x00002a38                _ZNK10helicopter5model11SystemModel15LatitudeDegreesEv
 .text._ZNK10helicopter5model11SystemModel16LongitudeDegreesEv
                0x00002a68       0x30 HelicopterMain.o
                0x00002a68                _ZNK10helicopter5model11SystemModel16LongitudeDegreesEv
 .text._ZN10helicopter5model11SystemModel20InitialXPositionEcefEl
                0x00002a98       0x4c HelicopterMain.o
                0x00002a98                _ZN10helicopter5model11SystemModel20InitialXPositionEcefEl
 .text._ZN10helicopter5model11SystemModel20InitialYPositionEcefEl
                0x00002ae4       0x4c HelicopterMain.o
                0x00002ae4                _ZN10helicopter5model11SystemModel20InitialYPositionEcefEl
 .text._ZN10helicopter5model11SystemModel20InitialZPositionEcefEl
                0x00002b30       0x4c HelicopterMain.o
                0x00002b30                _ZN10helicopter5model11SystemModel20InitialZPositionEcefEl
 .text._ZN10helicopter7drivers11ServoDriverC2Ev
                0x00002b7c       0x44 HelicopterMain.o
                0x00002b7c                _ZN10helicopter7drivers11ServoDriverC2Ev
                0x00002b7c                _ZN10helicopter7drivers11ServoDriverC1Ev
 .text._ZN10helicopter10controller13PIDController16setXIntegralGainEf
                0x00002bc0       0x40 HelicopterMain.o
                0x00002bc0                _ZN10helicopter10controller13PIDController16setXIntegralGainEf
 .text._ZN10helicopter10controller13PIDController18setXDerivativeGainEf
                0x00002c00       0x40 HelicopterMain.o
                0x00002c00                _ZN10helicopter10controller13PIDController18setXDerivativeGainEf
 .text._ZN10helicopter10controller13PIDController20setXProportionalGainEf
                0x00002c40       0x40 HelicopterMain.o
                0x00002c40                _ZN10helicopter10controller13PIDController20setXProportionalGainEf
 .text._ZN10helicopter10controller13PIDController18setXAntiWindupGainEf
                0x00002c80       0x40 HelicopterMain.o
                0x00002c80                _ZN10helicopter10controller13PIDController18setXAntiWindupGainEf
 .text._ZN10helicopter10controller13PIDController25setLongitudeInnerLoopGainEf
                0x00002cc0       0x40 HelicopterMain.o
                0x00002cc0                _ZN10helicopter10controller13PIDController25setLongitudeInnerLoopGainEf
 .text._ZN10helicopter10controller13PIDController32setMinLongitudeServoControlValueEf
                0x00002d00       0x46 HelicopterMain.o
                0x00002d00                _ZN10helicopter10controller13PIDController32setMinLongitudeServoControlValueEf
 .text._ZN10helicopter10controller13PIDController32setMaxLongitudeServoControlValueEf
                0x00002d46       0x46 HelicopterMain.o
                0x00002d46                _ZN10helicopter10controller13PIDController32setMaxLongitudeServoControlValueEf
 .text._ZN10helicopter10controller13PIDController22setYawProportionalGainEf
                0x00002d8c       0x40 HelicopterMain.o
                0x00002d8c                _ZN10helicopter10controller13PIDController22setYawProportionalGainEf
 .text._ZN10helicopter10controller13PIDController18setYawIntegralGainEf
                0x00002dcc       0x40 HelicopterMain.o
                0x00002dcc                _ZN10helicopter10controller13PIDController18setYawIntegralGainEf
 .text._ZN10helicopter10controller13PIDController20setYawDerivativeGainEf
                0x00002e0c       0x40 HelicopterMain.o
                0x00002e0c                _ZN10helicopter10controller13PIDController20setYawDerivativeGainEf
 .text._ZN10helicopter10controller13PIDController21setIntervalPeriodSecsEf
                0x00002e4c       0x46 HelicopterMain.o
                0x00002e4c                _ZN10helicopter10controller13PIDController21setIntervalPeriodSecsEf
 .text._ZN10helicopter10controller13PIDController20setYawAntiWindupGainEf
                0x00002e92       0x40 HelicopterMain.o
                0x00002e92                _ZN10helicopter10controller13PIDController20setYawAntiWindupGainEf
 .text._ZN10helicopter10controller13PIDController21setMinYawServoControlEf
                0x00002ed2       0x46 HelicopterMain.o
                0x00002ed2                _ZN10helicopter10controller13PIDController21setMinYawServoControlEf
 .text._ZN10helicopter10controller13PIDController21setMaxYawServoControlEf
                0x00002f18       0x46 HelicopterMain.o
                0x00002f18                _ZN10helicopter10controller13PIDController21setMaxYawServoControlEf
 .text._ZN10helicopter10controller13PIDController18setControlMaxValueEf
                0x00002f5e       0x46 HelicopterMain.o
                0x00002f5e                _ZN10helicopter10controller13PIDController18setControlMaxValueEf
 .text._ZN10helicopter10controller13PIDController18setControlMinValueEf
                0x00002fa4       0x46 HelicopterMain.o
                0x00002fa4                _ZN10helicopter10controller13PIDController18setControlMinValueEf
 .text._Z33setupDefaultsandReferencePositionPN10helicopter5model11SystemModelEPNS_10controller13PIDControllerE
                0x00002fea      0x13a HelicopterMain.o
                0x00002fea                _Z33setupDefaultsandReferencePositionPN10helicopter5model11SystemModelEPNS_10controller13PIDControllerE
 .text.main     0x00003124      0x4e4 HelicopterMain.o
                0x00003124                main
 .text._ZN10helicopter5tasks12FlashLEDTaskD2Ev
                0x00003608       0x44 HelicopterMain.o
                0x00003608                _ZN10helicopter5tasks12FlashLEDTaskD1Ev
                0x00003608                _ZN10helicopter5tasks12FlashLEDTaskD2Ev
 .text._ZN10helicopter5tasks12FlashLEDTaskD0Ev
                0x0000364c       0x2a HelicopterMain.o
                0x0000364c                _ZN10helicopter5tasks12FlashLEDTaskD0Ev
 .text._ZN10helicopter10interfaces29GroundControlStationInterface17calculateChecksumEPhiRhS3_
                0x00003676       0xaa interfaces/GroundControlStationInterface.o
                0x00003676                _ZN10helicopter10interfaces29GroundControlStationInterface17calculateChecksumEPhiRhS3_
 .text._ZN10helicopter10interfaces29GroundControlStationInterface8transmitEPNS_8messages7MessageE
                0x00003720      0x1cc interfaces/GroundControlStationInterface.o
                0x00003720                _ZN10helicopter10interfaces29GroundControlStationInterface8transmitEPNS_8messages7MessageE
 .text._ZN10helicopter10interfaces29GroundControlStationInterface7receiveERPNS_8messages7MessageE
                0x000038ec      0x2d0 interfaces/GroundControlStationInterface.o
                0x000038ec                _ZN10helicopter10interfaces29GroundControlStationInterface7receiveERPNS_8messages7MessageE
 .text._ZN10helicopter8messages7MessageD2Ev
                0x00003bbc       0x3c messages/Message.o
                0x00003bbc                _ZN10helicopter8messages7MessageD1Ev
                0x00003bbc                _ZN10helicopter8messages7MessageD2Ev
 .text._ZN10helicopter8messages7MessageD0Ev
                0x00003bf8       0x2a messages/Message.o
                0x00003bf8                _ZN10helicopter8messages7MessageD0Ev
 .text._ZN10helicopter8messages7Message14getMessageSizeEv
                0x00003c22       0x24 messages/Message.o
                0x00003c22                _ZN10helicopter8messages7Message14getMessageSizeEv
 .text._ZN10helicopter8messages7Message8getBytesEv
                0x00003c46       0x1e messages/Message.o
                0x00003c46                _ZN10helicopter8messages7Message8getBytesEv
 .text._ZN10helicopter8messages7Message12buildMessageEPh
                0x00003c64       0x22 messages/Message.o
                0x00003c64                _ZN10helicopter8messages7Message12buildMessageEPh
 .text._ZN10helicopter8messages7MessageC2Ehi
                0x00003c86       0x4e messages/SyncMessage.o
                0x00003c86                _ZN10helicopter8messages7MessageC1Ehi
                0x00003c86                _ZN10helicopter8messages7MessageC2Ehi
 .text._ZN10helicopter8messages11SyncMessageC2Ev
                0x00003cd4       0x36 messages/SyncMessage.o
                0x00003cd4                _ZN10helicopter8messages11SyncMessageC1Ev
                0x00003cd4                _ZN10helicopter8messages11SyncMessageC2Ev
 .text._ZN10helicopter8messages11SyncMessageD2Ev
                0x00003d0a       0x44 messages/SyncMessage.o
                0x00003d0a                _ZN10helicopter8messages11SyncMessageD2Ev
                0x00003d0a                _ZN10helicopter8messages11SyncMessageD1Ev
 .text._ZN10helicopter8messages11SyncMessageD0Ev
                0x00003d4e       0x2a messages/SyncMessage.o
                0x00003d4e                _ZN10helicopter8messages11SyncMessageD0Ev
 .text._ZN10helicopter8messages11SyncMessage8getBytesEv
                0x00003d78       0x4a messages/SyncMessage.o
                0x00003d78                _ZN10helicopter8messages11SyncMessage8getBytesEv
 .text._ZN10helicopter8messages11SyncMessage12buildMessageEPh
                0x00003dc2       0x3a messages/SyncMessage.o
                0x00003dc2                _ZN10helicopter8messages11SyncMessage12buildMessageEPh
 .text._ZN10helicopter8messages7Message6encodeERPhRl
                0x00003dfc       0x5c messages/SystemTelemetryMessage.o
                0x00003dfc                _ZN10helicopter8messages7Message6encodeERPhRl
 .text._ZN10helicopter8messages7Message6encodeERPhRf
                0x00003e58       0x5c messages/SystemTelemetryMessage.o
                0x00003e58                _ZN10helicopter8messages7Message6encodeERPhRf
 .text._ZN10helicopter8messages7Message6encodeERPhRh
                0x00003eb4       0x5a messages/SystemTelemetryMessage.o
                0x00003eb4                _ZN10helicopter8messages7Message6encodeERPhRh
 .text._ZN10helicopter8messages7Message6decodeERPhRh
                0x00003f0e       0x5a messages/SystemTelemetryMessage.o
                0x00003f0e                _ZN10helicopter8messages7Message6decodeERPhRh
 .text._ZN10helicopter8messages7Message6decodeERPhRl
                0x00003f68       0x5c messages/SystemTelemetryMessage.o
                0x00003f68                _ZN10helicopter8messages7Message6decodeERPhRl
 .text._ZN10helicopter8messages7Message6decodeERPhRf
                0x00003fc4       0x5c messages/SystemTelemetryMessage.o
                0x00003fc4                _ZN10helicopter8messages7Message6decodeERPhRf
 .text._ZN10helicopter5model11SystemModel13MagYawDegreesEf
                0x00004020       0x40 messages/SystemTelemetryMessage.o
                0x00004020                _ZN10helicopter5model11SystemModel13MagYawDegreesEf
 .text._ZN10helicopter5model11SystemModel27YawVelocityDegreesPerSecondEf
                0x00004060       0x40 messages/SystemTelemetryMessage.o
                0x00004060                _ZN10helicopter5model11SystemModel27YawVelocityDegreesPerSecondEf
 .text._ZNK10helicopter5model11SystemModel15YawProportionalEv
                0x000040a0       0x2c messages/SystemTelemetryMessage.o
                0x000040a0                _ZNK10helicopter5model11SystemModel15YawProportionalEv
 .text._ZNK10helicopter5model11SystemModel18YawDerivativeErrorEv
                0x000040cc       0x2c messages/SystemTelemetryMessage.o
                0x000040cc                _ZNK10helicopter5model11SystemModel18YawDerivativeErrorEv
 .text._ZN10helicopter5model11SystemModel24XVelocityMetersPerSecondEf
                0x000040f8       0x40 messages/SystemTelemetryMessage.o
                0x000040f8                _ZN10helicopter5model11SystemModel24XVelocityMetersPerSecondEf
 .text._ZNK10helicopter5model11SystemModel13XProportionalEv
                0x00004138       0x30 messages/SystemTelemetryMessage.o
                0x00004138                _ZNK10helicopter5model11SystemModel13XProportionalEv
 .text._ZNK10helicopter5model11SystemModel16XDerivativeErrorEv
                0x00004168       0x30 messages/SystemTelemetryMessage.o
                0x00004168                _ZNK10helicopter5model11SystemModel16XDerivativeErrorEv
 .text._ZN10helicopter5model11SystemModel17ThetaPitchDegreesEf
                0x00004198       0x46 messages/SystemTelemetryMessage.o
                0x00004198                _ZN10helicopter5model11SystemModel17ThetaPitchDegreesEf
 .text._ZN10helicopter5model11SystemModel24YVelocityMetersPerSecondEf
                0x000041de       0x46 messages/SystemTelemetryMessage.o
                0x000041de                _ZN10helicopter5model11SystemModel24YVelocityMetersPerSecondEf
 .text._ZNK10helicopter5model11SystemModel13YProportionalEv
                0x00004224       0x30 messages/SystemTelemetryMessage.o
                0x00004224                _ZNK10helicopter5model11SystemModel13YProportionalEv
 .text._ZNK10helicopter5model11SystemModel16YDerivativeErrorEv
                0x00004254       0x30 messages/SystemTelemetryMessage.o
                0x00004254                _ZNK10helicopter5model11SystemModel16YDerivativeErrorEv
 .text._ZN10helicopter5model11SystemModel14PhiRollDegreesEf
                0x00004284       0x46 messages/SystemTelemetryMessage.o
                0x00004284                _ZN10helicopter5model11SystemModel14PhiRollDegreesEf
 .text._ZN10helicopter5model11SystemModel15AltitudeFeetAglEf
                0x000042ca       0x46 messages/SystemTelemetryMessage.o
                0x000042ca                _ZN10helicopter5model11SystemModel15AltitudeFeetAglEf
 .text._ZN10helicopter5model11SystemModel22ZVelocityFeetPerSecondEf
                0x00004310       0x46 messages/SystemTelemetryMessage.o
                0x00004310                _ZN10helicopter5model11SystemModel22ZVelocityFeetPerSecondEf
 .text._ZNK10helicopter5model11SystemModel13ZProportionalEv
                0x00004356       0x30 messages/SystemTelemetryMessage.o
                0x00004356                _ZNK10helicopter5model11SystemModel13ZProportionalEv
 .text._ZNK10helicopter5model11SystemModel16ZDerivativeErrorEv
                0x00004386       0x30 messages/SystemTelemetryMessage.o
                0x00004386                _ZNK10helicopter5model11SystemModel16ZDerivativeErrorEv
 .text._ZN10helicopter5model11SystemModel15LatitudeDegreesEf
                0x000043b6       0x46 messages/SystemTelemetryMessage.o
                0x000043b6                _ZN10helicopter5model11SystemModel15LatitudeDegreesEf
 .text._ZN10helicopter5model11SystemModel16LongitudeDegreesEf
                0x000043fc       0x46 messages/SystemTelemetryMessage.o
                0x000043fc                _ZN10helicopter5model11SystemModel16LongitudeDegreesEf
 .text._ZNK10helicopter5model11SystemModel8TimeoutsEv
                0x00004442       0x30 messages/SystemTelemetryMessage.o
                0x00004442                _ZNK10helicopter5model11SystemModel8TimeoutsEv
 .text._ZN10helicopter5model11SystemModel8TimeoutsEl
                0x00004472       0x46 messages/SystemTelemetryMessage.o
                0x00004472                _ZN10helicopter5model11SystemModel8TimeoutsEl
 .text._ZNK10helicopter5model11SystemModel20UnrecognizedMsgTypesEv
                0x000044b8       0x30 messages/SystemTelemetryMessage.o
                0x000044b8                _ZNK10helicopter5model11SystemModel20UnrecognizedMsgTypesEv
 .text._ZN10helicopter5model11SystemModel20UnrecognizedMsgTypesEl
                0x000044e8       0x46 messages/SystemTelemetryMessage.o
                0x000044e8                _ZN10helicopter5model11SystemModel20UnrecognizedMsgTypesEl
 .text._ZNK10helicopter5model11SystemModel14ChecksumErrorsEv
                0x0000452e       0x30 messages/SystemTelemetryMessage.o
                0x0000452e                _ZNK10helicopter5model11SystemModel14ChecksumErrorsEv
 .text._ZN10helicopter5model11SystemModel14ChecksumErrorsEl
                0x0000455e       0x46 messages/SystemTelemetryMessage.o
                0x0000455e                _ZN10helicopter5model11SystemModel14ChecksumErrorsEl
 .text._ZN10helicopter8messages22SystemTelemetryMessageC2Ev
                0x000045a4      0x380 messages/SystemTelemetryMessage.o
                0x000045a4                _ZN10helicopter8messages22SystemTelemetryMessageC2Ev
                0x000045a4                _ZN10helicopter8messages22SystemTelemetryMessageC1Ev
 .text._ZN10helicopter8messages22SystemTelemetryMessageD2Ev
                0x00004924       0x44 messages/SystemTelemetryMessage.o
                0x00004924                _ZN10helicopter8messages22SystemTelemetryMessageD2Ev
                0x00004924                _ZN10helicopter8messages22SystemTelemetryMessageD1Ev
 .text._ZN10helicopter8messages22SystemTelemetryMessageD0Ev
                0x00004968       0x2a messages/SystemTelemetryMessage.o
                0x00004968                _ZN10helicopter8messages22SystemTelemetryMessageD0Ev
 .text._ZN10helicopter8messages22SystemTelemetryMessage8getBytesEv
                0x00004992      0x568 messages/SystemTelemetryMessage.o
                0x00004992                _ZN10helicopter8messages22SystemTelemetryMessage8getBytesEv
 .text._ZN10helicopter8messages22SystemTelemetryMessage12buildMessageEPh
                0x00004efa      0x55a messages/SystemTelemetryMessage.o
                0x00004efa                _ZN10helicopter8messages22SystemTelemetryMessage12buildMessageEPh
 .text._ZN10helicopter8messages22SystemTelemetryMessage14buildMessageStEPh
                0x00005454       0x5e messages/SystemTelemetryMessage.o
                0x00005454                _ZN10helicopter8messages22SystemTelemetryMessage14buildMessageStEPh
 .text._ZN10helicopter8messages22SystemTelemetryMessage21buildMessageFromModelEPNS_5model11SystemModelE
                0x000054b2      0x376 messages/SystemTelemetryMessage.o
                0x000054b2                _ZN10helicopter8messages22SystemTelemetryMessage21buildMessageFromModelEPNS_5model11SystemModelE
 .text._ZN10helicopter8messages22SystemTelemetryMessage35updateModelFromMessageFromSimulatorEPNS_5model11SystemModelE
                0x00005828      0x166 messages/SystemTelemetryMessage.o
                0x00005828                _ZN10helicopter8messages22SystemTelemetryMessage35updateModelFromMessageFromSimulatorEPNS_5model11SystemModelE
 .text._ZN10helicopter5tasks4Task8getDelayEv
                0x0000598e       0x24 scheduler/Scheduler.o
                0x0000598e                _ZN10helicopter5tasks4Task8getDelayEv
 .text._ZN10helicopter5tasks4Task9getPeriodEv
                0x000059b2       0x24 scheduler/Scheduler.o
                0x000059b2                _ZN10helicopter5tasks4Task9getPeriodEv
 .text._ZN10helicopter5tasks4Task8setDelayEi
                0x000059d6       0x30 scheduler/Scheduler.o
                0x000059d6                _ZN10helicopter5tasks4Task8setDelayEi
 .text._ZN10helicopter5tasks4Task15getIsReadyToRunEv
                0x00005a06       0x22 scheduler/Scheduler.o
                0x00005a06                _ZN10helicopter5tasks4Task15getIsReadyToRunEv
 .text._ZN10helicopter5tasks4Task15setIsReadyToRunEb
                0x00005a28       0x26 scheduler/Scheduler.o
                0x00005a28                _ZN10helicopter5tasks4Task15setIsReadyToRunEb
 .text._ZN10helicopter5tasks4Task11reduceDelayEv
                0x00005a4e       0x34 scheduler/Scheduler.o
                0x00005a4e                _ZN10helicopter5tasks4Task11reduceDelayEv
 .text._ZN10helicopter9scheduler9Scheduler13getNumOfTasksEv
                0x00005a82       0x24 scheduler/Scheduler.o
                0x00005a82                _ZN10helicopter9scheduler9Scheduler13getNumOfTasksEv
 .text._ZN10helicopter9scheduler9Scheduler8getTasksEv
                0x00005aa6       0x1e scheduler/Scheduler.o
                0x00005aa6                _ZN10helicopter9scheduler9Scheduler8getTasksEv
 .text._ZN10helicopter9scheduler9Scheduler13hasBlownFrameEb
                0x00005ac4       0x26 scheduler/Scheduler.o
                0x00005ac4                _ZN10helicopter9scheduler9Scheduler13hasBlownFrameEb
 .text._ZN10helicopter9scheduler9Scheduler20hasCompletedDispatchEv
                0x00005aea       0x22 scheduler/Scheduler.o
                0x00005aea                _ZN10helicopter9scheduler9Scheduler20hasCompletedDispatchEv
 .text._ZN10helicopter9scheduler9Scheduler12getSchedulerEv
                0x00005b0c       0x5a scheduler/Scheduler.o
                0x00005b0c                _ZN10helicopter9scheduler9Scheduler12getSchedulerEv
 .text._ZN10helicopter9scheduler9SchedulerC2Em9PRESCALERi
                0x00005b66       0xc6 scheduler/Scheduler.o
                0x00005b66                _ZN10helicopter9scheduler9SchedulerC2Em9PRESCALERi
                0x00005b66                _ZN10helicopter9scheduler9SchedulerC1Em9PRESCALERi
 .text._ZN10helicopter9scheduler9Scheduler7addTaskEPNS_5tasks4TaskE
                0x00005c2c       0x76 scheduler/Scheduler.o
                0x00005c2c                _ZN10helicopter9scheduler9Scheduler7addTaskEPNS_5tasks4TaskE
 .text._ZN10helicopter9scheduler9Scheduler4initEv
                0x00005ca2       0xc2 scheduler/Scheduler.o
                0x00005ca2                _ZN10helicopter9scheduler9Scheduler4initEv
 .text._ZN10helicopter9scheduler9Scheduler8dispatchEv
                0x00005d64       0xee scheduler/Scheduler.o
                0x00005d64                _ZN10helicopter9scheduler9Scheduler8dispatchEv
 .text._ZN10helicopter9scheduler9Scheduler5startEv
                0x00005e52       0xc6 scheduler/Scheduler.o
                0x00005e52                _ZN10helicopter9scheduler9Scheduler5startEv
 .text.__vector_17
                0x00005f18      0x122 scheduler/Scheduler.o
                0x00005f18                __vector_17
 .text._ZN10helicopter5tasks4Task4initEv
                0x0000603a       0x1a tasks/PIDInnerLoopTask.o
                0x0000603a                _ZN10helicopter5tasks4Task4initEv
 .text._ZN10helicopter5tasks16PIDInnerLoopTaskC2EPNS_10controller13PIDControllerEii
                0x00006054       0x64 tasks/PIDInnerLoopTask.o
                0x00006054                _ZN10helicopter5tasks16PIDInnerLoopTaskC2EPNS_10controller13PIDControllerEii
                0x00006054                _ZN10helicopter5tasks16PIDInnerLoopTaskC1EPNS_10controller13PIDControllerEii
 .text._ZN10helicopter5tasks16PIDInnerLoopTask11runTaskImplEv
                0x000060b8       0x28 tasks/PIDInnerLoopTask.o
                0x000060b8                _ZN10helicopter5tasks16PIDInnerLoopTask11runTaskImplEv
 .text._ZN10helicopter5tasks16PIDInnerLoopTaskD2Ev
                0x000060e0       0x44 tasks/PIDInnerLoopTask.o
                0x000060e0                _ZN10helicopter5tasks16PIDInnerLoopTaskD1Ev
                0x000060e0                _ZN10helicopter5tasks16PIDInnerLoopTaskD2Ev
 .text._ZN10helicopter5tasks16PIDInnerLoopTaskD0Ev
                0x00006124       0x2a tasks/PIDInnerLoopTask.o
                0x00006124                _ZN10helicopter5tasks16PIDInnerLoopTaskD0Ev
 .text._ZN10helicopter5tasks16PIDOuterLoopTaskC2EPNS_10controller13PIDControllerEii
                0x0000614e       0x64 tasks/PIDOuterLoopTask.o
                0x0000614e                _ZN10helicopter5tasks16PIDOuterLoopTaskC1EPNS_10controller13PIDControllerEii
                0x0000614e                _ZN10helicopter5tasks16PIDOuterLoopTaskC2EPNS_10controller13PIDControllerEii
 .text._ZN10helicopter5tasks16PIDOuterLoopTask11runTaskImplEv
                0x000061b2       0x44 tasks/PIDOuterLoopTask.o
                0x000061b2                _ZN10helicopter5tasks16PIDOuterLoopTask11runTaskImplEv
 .text._ZN10helicopter5tasks16PIDOuterLoopTaskD2Ev
                0x000061f6       0x44 tasks/PIDOuterLoopTask.o
                0x000061f6                _ZN10helicopter5tasks16PIDOuterLoopTaskD1Ev
                0x000061f6                _ZN10helicopter5tasks16PIDOuterLoopTaskD2Ev
 .text._ZN10helicopter5tasks16PIDOuterLoopTaskD0Ev
                0x0000623a       0x2a tasks/PIDOuterLoopTask.o
                0x0000623a                _ZN10helicopter5tasks16PIDOuterLoopTaskD0Ev
 .text._ZN10helicopter5model11SystemModel13XNEDBodyFrameEf
                0x00006264       0x40 tasks/SensorProcessingTask.o
                0x00006264                _ZN10helicopter5model11SystemModel13XNEDBodyFrameEf
 .text._ZN10helicopter5model11SystemModel13YNEDBodyFrameEf
                0x000062a4       0x46 tasks/SensorProcessingTask.o
                0x000062a4                _ZN10helicopter5model11SystemModel13YNEDBodyFrameEf
 .text._ZN10helicopter5model11SystemModel13ZNEDBodyFrameEf
                0x000062ea       0x46 tasks/SensorProcessingTask.o
                0x000062ea                _ZN10helicopter5model11SystemModel13ZNEDBodyFrameEf
 .text._ZNK10helicopter5model11SystemModel20InitialXPositionEcefEv
                0x00006330       0x3c tasks/SensorProcessingTask.o
                0x00006330                _ZNK10helicopter5model11SystemModel20InitialXPositionEcefEv
 .text._ZNK10helicopter5model11SystemModel20InitialYPositionEcefEv
                0x0000636c       0x3c tasks/SensorProcessingTask.o
                0x0000636c                _ZNK10helicopter5model11SystemModel20InitialYPositionEcefEv
 .text._ZNK10helicopter5model11SystemModel20InitialZPositionEcefEv
                0x000063a8       0x3c tasks/SensorProcessingTask.o
                0x000063a8                _ZNK10helicopter5model11SystemModel20InitialZPositionEcefEv
 .text._ZN10helicopter5tasks20SensorProcessingTaskC2EPNS_5model11SystemModelEii
                0x000063e4       0x64 tasks/SensorProcessingTask.o
                0x000063e4                _ZN10helicopter5tasks20SensorProcessingTaskC1EPNS_5model11SystemModelEii
                0x000063e4                _ZN10helicopter5tasks20SensorProcessingTaskC2EPNS_5model11SystemModelEii
 .text._ZN10helicopter5tasks20SensorProcessingTask11runTaskImplEv
                0x00006448      0x1f4 tasks/SensorProcessingTask.o
                0x00006448                _ZN10helicopter5tasks20SensorProcessingTask11runTaskImplEv
 .text._ZN10helicopter5tasks20SensorProcessingTaskD2Ev
                0x0000663c       0x44 tasks/SensorProcessingTask.o
                0x0000663c                _ZN10helicopter5tasks20SensorProcessingTaskD1Ev
                0x0000663c                _ZN10helicopter5tasks20SensorProcessingTaskD2Ev
 .text._ZN10helicopter5tasks20SensorProcessingTaskD0Ev
                0x00006680       0x2a tasks/SensorProcessingTask.o
                0x00006680                _ZN10helicopter5tasks20SensorProcessingTaskD0Ev
 .text._ZN10helicopter10controller13PIDController16setYIntegralGainEf
                0x000066aa       0x40 tasks/SimTelemetryTask.o
                0x000066aa                _ZN10helicopter10controller13PIDController16setYIntegralGainEf
 .text._ZN10helicopter10controller13PIDController18setYDerivativeGainEf
                0x000066ea       0x40 tasks/SimTelemetryTask.o
                0x000066ea                _ZN10helicopter10controller13PIDController18setYDerivativeGainEf
 .text._ZN10helicopter10controller13PIDController20setYProportionalGainEf
                0x0000672a       0x40 tasks/SimTelemetryTask.o
                0x0000672a                _ZN10helicopter10controller13PIDController20setYProportionalGainEf
 .text._ZN10helicopter10controller13PIDController18setYAntiWindupGainEf
                0x0000676a       0x40 tasks/SimTelemetryTask.o
                0x0000676a                _ZN10helicopter10controller13PIDController18setYAntiWindupGainEf
 .text._ZN10helicopter10controller13PIDController23setLateralInnerLoopGainEf
                0x000067aa       0x40 tasks/SimTelemetryTask.o
                0x000067aa                _ZN10helicopter10controller13PIDController23setLateralInnerLoopGainEf
 .text._ZN10helicopter10controller13PIDController16setZIntegralGainEf
                0x000067ea       0x40 tasks/SimTelemetryTask.o
                0x000067ea                _ZN10helicopter10controller13PIDController16setZIntegralGainEf
 .text._ZN10helicopter10controller13PIDController18setZDerivativeGainEf
                0x0000682a       0x46 tasks/SimTelemetryTask.o
                0x0000682a                _ZN10helicopter10controller13PIDController18setZDerivativeGainEf
 .text._ZN10helicopter10controller13PIDController20setZProportionalGainEf
                0x00006870       0x46 tasks/SimTelemetryTask.o
                0x00006870                _ZN10helicopter10controller13PIDController20setZProportionalGainEf
 .text._ZN10helicopter10controller13PIDController18setZAntiWindupGainEf
                0x000068b6       0x46 tasks/SimTelemetryTask.o
                0x000068b6                _ZN10helicopter10controller13PIDController18setZAntiWindupGainEf
 .text._ZN10helicopter5tasks16SimTelemetryTaskC2EPNS_10interfaces29GroundControlStationInterfaceEPNS_5model11SystemModelEPNS_10controller13PIDControllerEii
                0x000068fc       0x98 tasks/SimTelemetryTask.o
                0x000068fc                _ZN10helicopter5tasks16SimTelemetryTaskC2EPNS_10interfaces29GroundControlStationInterfaceEPNS_5model11SystemModelEPNS_10controller13PIDControllerEii
                0x000068fc                _ZN10helicopter5tasks16SimTelemetryTaskC1EPNS_10interfaces29GroundControlStationInterfaceEPNS_5model11SystemModelEPNS_10controller13PIDControllerEii
 .text._ZN10helicopter5tasks16SimTelemetryTask11runTaskImplEv
                0x00006994      0x426 tasks/SimTelemetryTask.o
                0x00006994                _ZN10helicopter5tasks16SimTelemetryTask11runTaskImplEv
 .text._ZN10helicopter5tasks16SimTelemetryTaskD2Ev
                0x00006dba       0x44 tasks/SimTelemetryTask.o
                0x00006dba                _ZN10helicopter5tasks16SimTelemetryTaskD1Ev
                0x00006dba                _ZN10helicopter5tasks16SimTelemetryTaskD2Ev
 .text._ZN10helicopter5tasks16SimTelemetryTaskD0Ev
                0x00006dfe       0x2a tasks/SimTelemetryTask.o
                0x00006dfe                _ZN10helicopter5tasks16SimTelemetryTaskD0Ev
 .text._ZN10helicopter5tasks4Task11runTaskImplEv
                0x00006e28       0x1a tasks/Task.o
                0x00006e28                _ZN10helicopter5tasks4Task11runTaskImplEv
 .text._ZN10helicopter5tasks4TaskC2Eii
                0x00006e42       0x5c tasks/Task.o
                0x00006e42                _ZN10helicopter5tasks4TaskC2Eii
                0x00006e42                _ZN10helicopter5tasks4TaskC1Eii
 .text._ZN10helicopter5tasks4Task7runTaskEv
                0x00006e9e       0x36 tasks/Task.o
                0x00006e9e                _ZN10helicopter5tasks4Task7runTaskEv
 .text._ZN10helicopter5tasks21TransmitTelemetryTaskC2EPNS_10interfaces29GroundControlStationInterfaceEPNS_5model11SystemModelEii
                0x00006ed4       0x7e tasks/TransmitTelemetryTask.o
                0x00006ed4                _ZN10helicopter5tasks21TransmitTelemetryTaskC2EPNS_10interfaces29GroundControlStationInterfaceEPNS_5model11SystemModelEii
                0x00006ed4                _ZN10helicopter5tasks21TransmitTelemetryTaskC1EPNS_10interfaces29GroundControlStationInterfaceEPNS_5model11SystemModelEii
 .text._ZN10helicopter5tasks21TransmitTelemetryTask11runTaskImplEv
                0x00006f52       0x66 tasks/TransmitTelemetryTask.o
                0x00006f52                _ZN10helicopter5tasks21TransmitTelemetryTask11runTaskImplEv
 .text._ZN10helicopter5tasks21TransmitTelemetryTaskD2Ev
                0x00006fb8       0x44 tasks/TransmitTelemetryTask.o
                0x00006fb8                _ZN10helicopter5tasks21TransmitTelemetryTaskD1Ev
                0x00006fb8                _ZN10helicopter5tasks21TransmitTelemetryTaskD2Ev
 .text._ZN10helicopter5tasks21TransmitTelemetryTaskD0Ev
                0x00006ffc       0x2a tasks/TransmitTelemetryTask.o
                0x00006ffc                _ZN10helicopter5tasks21TransmitTelemetryTaskD0Ev
 .text._Znwj    0x00007026       0x22 util/CommonHeader.o
                0x00007026                _Znwj
 .text._ZdlPv   0x00007048       0x2a util/CommonHeader.o
                0x00007048                _ZdlPv
 .text._Znaj    0x00007072       0x22 util/CommonHeader.o
                0x00007072                _Znaj
 .text._ZdaPv   0x00007094       0x2a util/CommonHeader.o
                0x00007094                _ZdaPv
 .text._ZN10helicopter4util14CoordinateUtil12DegreesToRadEf
                0x000070be       0x3e util/CoordinateUtil.o
                0x000070be                _ZN10helicopter4util14CoordinateUtil12DegreesToRadEf
 .text._ZN10helicopter4util14CoordinateUtil37CalculateECEFToLocalNEDRotationMatrixEffPA3_f
                0x000070fc      0x28c util/CoordinateUtil.o
                0x000070fc                _ZN10helicopter4util14CoordinateUtil37CalculateECEFToLocalNEDRotationMatrixEffPA3_f
 .text._ZN10helicopter4util14CoordinateUtil11calculateNeEff
                0x00007388       0xd2 util/CoordinateUtil.o
                0x00007388                _ZN10helicopter4util14CoordinateUtil11calculateNeEff
 .text._ZN10helicopter4util14CoordinateUtil25ConvertFromGeodeticToECEFEfffRfS2_S2_
                0x0000745a      0x21c util/CoordinateUtil.o
                0x0000745a                _ZN10helicopter4util14CoordinateUtil25ConvertFromGeodeticToECEFEfffRfS2_S2_
 .text._ZN10helicopter4util14CoordinateUtil25ConvertFromECEFToLocalNEDEffffffPA3_fRfS4_S4_
                0x00007676      0x266 util/CoordinateUtil.o
                0x00007676                _ZN10helicopter4util14CoordinateUtil25ConvertFromECEFToLocalNEDEffffffPA3_fRfS4_S4_
 .text._ZN10helicopter4util14CoordinateUtil29ConvertFromGeodedicToLocalNEDEffffffPA3_fRfS4_S4_
                0x000078dc      0x164 util/CoordinateUtil.o
                0x000078dc                _ZN10helicopter4util14CoordinateUtil29ConvertFromGeodedicToLocalNEDEffffffPA3_fRfS4_S4_
 .text._ZN10helicopter4util5Timer10startTimerEv
                0x00007a40      0x174 util/Timer.o
                0x00007a40                _ZN10helicopter4util5Timer10startTimerEv
 .text._ZN10helicopter4util5Timer11hasTimedoutEv
                0x00007bb4       0x34 util/Timer.o
                0x00007bb4                _ZN10helicopter4util5Timer11hasTimedoutEv
 .text._ZN10helicopter4util5Timer9stopTimerEv
                0x00007be8       0x3e util/Timer.o
                0x00007be8                _ZN10helicopter4util5Timer9stopTimerEv
 .text.avr-libc.fplib
                0x00007c26        0xa c:/program files (x86)/atmel/atmel toolchain/avr8 gcc/native/3.4.2.1002/avr8-gnu-toolchain/bin/../lib/gcc/avr/4.7.2/../../../../avr/lib/avr6\libm.a(addsf3.o)
                0x00007c26                __subsf3
                0x00007c28                __addsf3
 .text.avr-libc.fplib
                0x00007c30       0xc0 c:/program files (x86)/atmel/atmel toolchain/avr8 gcc/native/3.4.2.1002/avr8-gnu-toolchain/bin/../lib/gcc/avr/4.7.2/../../../../avr/lib/avr6\libm.a(addsf3x.o)
                0x00007c4a                __addsf3x
 .text.avr-libc.fplib
                0x00007cf0        0x8 c:/program files (x86)/atmel/atmel toolchain/avr8 gcc/native/3.4.2.1002/avr8-gnu-toolchain/bin/../lib/gcc/avr/4.7.2/../../../../avr/lib/avr6\libm.a(cmpsf2.o)
                0x00007cf0                __nesf2
                0x00007cf0                __eqsf2
                0x00007cf0                __cmpsf2
                0x00007cf0                __ltsf2
                0x00007cf0                __lesf2
 .text.avr-libc.fplib
                0x00007cf8        0x6 c:/program files (x86)/atmel/atmel toolchain/avr8 gcc/native/3.4.2.1002/avr8-gnu-toolchain/bin/../lib/gcc/avr/4.7.2/../../../../avr/lib/avr6\libm.a(cos.o)
                0x00007cf8                cos
 .text.avr-libc.fplib
                0x00007cfe        0x4 c:/program files (x86)/atmel/atmel toolchain/avr8 gcc/native/3.4.2.1002/avr8-gnu-toolchain/bin/../lib/gcc/avr/4.7.2/../../../../avr/lib/avr6\libm.a(divsf3.o)
                0x00007cfe                __divsf3
 .text.avr-libc.fplib
                0x00007d02       0xcc c:/program files (x86)/atmel/atmel toolchain/avr8 gcc/native/3.4.2.1002/avr8-gnu-toolchain/bin/../lib/gcc/avr/4.7.2/../../../../avr/lib/avr6\libm.a(divsf3x.o)
                0x00007d18                __divsf3x
                0x00007d1c                __divsf3_pse
 .text.avr-libc.fplib
                0x00007dce        0xa c:/program files (x86)/atmel/atmel toolchain/avr8 gcc/native/3.4.2.1002/avr8-gnu-toolchain/bin/../lib/gcc/avr/4.7.2/../../../../avr/lib/avr6\libm.a(fixsfsi.o)
                0x00007dce                __fixsfsi
 .text.avr-libc.fplib
                0x00007dd8       0x58 c:/program files (x86)/atmel/atmel toolchain/avr8 gcc/native/3.4.2.1002/avr8-gnu-toolchain/bin/../lib/gcc/avr/4.7.2/../../../../avr/lib/avr6\libm.a(fixunssfsi.o)
                0x00007dd8                __fixunssfsi
 .text.avr-libc.fplib
                0x00007e30       0x7a c:/program files (x86)/atmel/atmel toolchain/avr8 gcc/native/3.4.2.1002/avr8-gnu-toolchain/bin/../lib/gcc/avr/4.7.2/../../../../avr/lib/avr6\libm.a(floatsisf.o)
                0x00007e30                __floatunsisf
                0x00007e34                __floatsisf
 .text.avr-libc.fplib
                0x00007eaa       0x26 c:/program files (x86)/atmel/atmel toolchain/avr8 gcc/native/3.4.2.1002/avr8-gnu-toolchain/bin/../lib/gcc/avr/4.7.2/../../../../avr/lib/avr6\libm.a(floor.o)
                0x00007eaa                floor
 .text.avr-libc.fplib
                0x00007ed0       0x48 c:/program files (x86)/atmel/atmel toolchain/avr8 gcc/native/3.4.2.1002/avr8-gnu-toolchain/bin/../lib/gcc/avr/4.7.2/../../../../avr/lib/avr6\libm.a(fp_cmp.o)
                0x00007ed0                __fp_cmp
 .text.avr-libc.fplib
                0x00007f18        0xc c:/program files (x86)/atmel/atmel toolchain/avr8 gcc/native/3.4.2.1002/avr8-gnu-toolchain/bin/../lib/gcc/avr/4.7.2/../../../../avr/lib/avr6\libm.a(fp_inf.o)
                0x00007f18                __fp_inf
 .text.avr-libc.fplib
                0x00007f24       0x36 c:/program files (x86)/atmel/atmel toolchain/avr8 gcc/native/3.4.2.1002/avr8-gnu-toolchain/bin/../lib/gcc/avr/4.7.2/../../../../avr/lib/avr6\libm.a(fp_mintl.o)
                0x00007f24                __fp_mintl
 .text.avr-libc.fplib
                0x00007f5a       0x1c c:/program files (x86)/atmel/atmel toolchain/avr8 gcc/native/3.4.2.1002/avr8-gnu-toolchain/bin/../lib/gcc/avr/4.7.2/../../../../avr/lib/avr6\libm.a(fp_mpack.o)
                0x00007f5a                __fp_mpack
                0x00007f5e                __fp_mpack_finite
 .text.avr-libc.fplib
                0x00007f76        0x6 c:/program files (x86)/atmel/atmel toolchain/avr8 gcc/native/3.4.2.1002/avr8-gnu-toolchain/bin/../lib/gcc/avr/4.7.2/../../../../avr/lib/avr6\libm.a(fp_nan.o)
                0x00007f76                __fp_nan
 .text.avr-libc.fplib
                0x00007f7c        0xe c:/program files (x86)/atmel/atmel toolchain/avr8 gcc/native/3.4.2.1002/avr8-gnu-toolchain/bin/../lib/gcc/avr/4.7.2/../../../../avr/lib/avr6\libm.a(fp_pscA.o)
                0x00007f7c                __fp_pscA
 .text.avr-libc.fplib
                0x00007f8a        0xe c:/program files (x86)/atmel/atmel toolchain/avr8 gcc/native/3.4.2.1002/avr8-gnu-toolchain/bin/../lib/gcc/avr/4.7.2/../../../../avr/lib/avr6\libm.a(fp_pscB.o)
                0x00007f8a                __fp_pscB
 .text.avr-libc.fplib
                0x00007f98       0x50 c:/program files (x86)/atmel/atmel toolchain/avr8 gcc/native/3.4.2.1002/avr8-gnu-toolchain/bin/../lib/gcc/avr/4.7.2/../../../../avr/lib/avr6\libm.a(fp_rempio2.o)
                0x00007f9a                __fp_rempio2
 .text.avr-libc.fplib
                0x00007fe8       0x22 c:/program files (x86)/atmel/atmel toolchain/avr8 gcc/native/3.4.2.1002/avr8-gnu-toolchain/bin/../lib/gcc/avr/4.7.2/../../../../avr/lib/avr6\libm.a(fp_round.o)
                0x00007fe8                __fp_round
 .text.avr-libc.fplib
                0x0000800a       0x22 c:/program files (x86)/atmel/atmel toolchain/avr8 gcc/native/3.4.2.1002/avr8-gnu-toolchain/bin/../lib/gcc/avr/4.7.2/../../../../avr/lib/avr6\libm.a(fp_sinus.o)
                0x0000800a                __fp_sinus
 .text.avr-libc.fplib
                0x0000802c       0x44 c:/program files (x86)/atmel/atmel toolchain/avr8 gcc/native/3.4.2.1002/avr8-gnu-toolchain/bin/../lib/gcc/avr/4.7.2/../../../../avr/lib/avr6\libm.a(fp_split3.o)
                0x0000802c                __fp_split3
                0x0000803c                __fp_splitA
 .text.avr-libc.fplib
                0x00008070       0x2e c:/program files (x86)/atmel/atmel toolchain/avr8 gcc/native/3.4.2.1002/avr8-gnu-toolchain/bin/../lib/gcc/avr/4.7.2/../../../../avr/lib/avr6\libm.a(fp_trunc.o)
                0x00008070                __fp_trunc
 .text.avr-libc.fplib
                0x0000809e        0xe c:/program files (x86)/atmel/atmel toolchain/avr8 gcc/native/3.4.2.1002/avr8-gnu-toolchain/bin/../lib/gcc/avr/4.7.2/../../../../avr/lib/avr6\libm.a(fp_zero.o)
                0x0000809e                __fp_zero
                0x000080a0                __fp_szero
 .text.avr-libc.fplib
                0x000080ac        0x8 c:/program files (x86)/atmel/atmel toolchain/avr8 gcc/native/3.4.2.1002/avr8-gnu-toolchain/bin/../lib/gcc/avr/4.7.2/../../../../avr/lib/avr6\libm.a(gesf2.o)
                0x000080ac                __gesf2
                0x000080ac                __gtsf2
 .text.avr-libc.fplib
                0x000080b4        0x4 c:/program files (x86)/atmel/atmel toolchain/avr8 gcc/native/3.4.2.1002/avr8-gnu-toolchain/bin/../lib/gcc/avr/4.7.2/../../../../avr/lib/avr6\libm.a(mulsf3.o)
                0x000080b4                __mulsf3
 .text.avr-libc.fplib
                0x000080b8       0xc2 c:/program files (x86)/atmel/atmel toolchain/avr8 gcc/native/3.4.2.1002/avr8-gnu-toolchain/bin/../lib/gcc/avr/4.7.2/../../../../avr/lib/avr6\libm.a(mulsf3x.o)
                0x000080cc                __mulsf3x
                0x000080d0                __mulsf3_pse
 .text.avr-libc.fplib
                0x0000817a       0x98 c:/program files (x86)/atmel/atmel toolchain/avr8 gcc/native/3.4.2.1002/avr8-gnu-toolchain/bin/../lib/gcc/avr/4.7.2/../../../../avr/lib/avr6\libm.a(pow.o)
                0x0000817a                pow
 .text.avr-libc.fplib
                0x00008212        0xc c:/program files (x86)/atmel/atmel toolchain/avr8 gcc/native/3.4.2.1002/avr8-gnu-toolchain/bin/../lib/gcc/avr/4.7.2/../../../../avr/lib/avr6\libm.a(sin.o)
                0x00008212                sin
 .text.avr-libc.fplib
                0x0000821e       0x84 c:/program files (x86)/atmel/atmel toolchain/avr8 gcc/native/3.4.2.1002/avr8-gnu-toolchain/bin/../lib/gcc/avr/4.7.2/../../../../avr/lib/avr6\libm.a(sqrt.o)
                0x00008226                sqrt
 .text.avr-libc.fplib
                0x000082a2       0x62 c:/program files (x86)/atmel/atmel toolchain/avr8 gcc/native/3.4.2.1002/avr8-gnu-toolchain/bin/../lib/gcc/avr/4.7.2/../../../../avr/lib/avr6\libm.a(exp.o)
                0x000082ac                exp
 .text.avr-libc.fplib
                0x00008304        0xe c:/program files (x86)/atmel/atmel toolchain/avr8 gcc/native/3.4.2.1002/avr8-gnu-toolchain/bin/../lib/gcc/avr/4.7.2/../../../../avr/lib/avr6\libm.a(fp_norm2.o)
                0x00008304                __fp_norm2
 .text.avr-libc.fplib
                0x00008312       0x4a c:/program files (x86)/atmel/atmel toolchain/avr8 gcc/native/3.4.2.1002/avr8-gnu-toolchain/bin/../lib/gcc/avr/4.7.2/../../../../avr/lib/avr6\libm.a(fp_powser.o)
                0x00008312                __fp_powser
 .text.avr-libc.fplib
                0x0000835c       0x22 c:/program files (x86)/atmel/atmel toolchain/avr8 gcc/native/3.4.2.1002/avr8-gnu-toolchain/bin/../lib/gcc/avr/4.7.2/../../../../avr/lib/avr6\libm.a(fp_powsodd.o)
                0x0000835c                __fp_powsodd
 .text.avr-libc.fplib
                0x0000837e        0xe c:/program files (x86)/atmel/atmel toolchain/avr8 gcc/native/3.4.2.1002/avr8-gnu-toolchain/bin/../lib/gcc/avr/4.7.2/../../../../avr/lib/avr6\libm.a(inverse.o)
                0x0000837e                inverse
 .text.avr-libc.fplib
                0x0000838c       0x6c c:/program files (x86)/atmel/atmel toolchain/avr8 gcc/native/3.4.2.1002/avr8-gnu-toolchain/bin/../lib/gcc/avr/4.7.2/../../../../avr/lib/avr6\libm.a(ldexp.o)
                0x00008390                ldexp
 .text.avr-libc.fplib
                0x000083f8       0x8a c:/program files (x86)/atmel/atmel toolchain/avr8 gcc/native/3.4.2.1002/avr8-gnu-toolchain/bin/../lib/gcc/avr/4.7.2/../../../../avr/lib/avr6\libm.a(log.o)
                0x00008402                log
 .text.avr-libc.fplib
                0x00008482       0x66 c:/program files (x86)/atmel/atmel toolchain/avr8 gcc/native/3.4.2.1002/avr8-gnu-toolchain/bin/../lib/gcc/avr/4.7.2/../../../../avr/lib/avr6\libm.a(modf.o)
                0x00008482                modf
                0x00008482                modff
 .text.libgcc.div
                0x000084e8       0x28 c:/program files (x86)/atmel/atmel toolchain/avr8 gcc/native/3.4.2.1002/avr8-gnu-toolchain/bin/../lib/gcc/avr/4.7.2/avr6\libgcc.a(_divmodhi4.o)
                0x000084e8                _div
                0x000084e8                __divmodhi4
 .text.libgcc.div
                0x00008510       0x44 c:/program files (x86)/atmel/atmel toolchain/avr8 gcc/native/3.4.2.1002/avr8-gnu-toolchain/bin/../lib/gcc/avr/4.7.2/avr6\libgcc.a(_udivmodsi4.o)
                0x00008510                __udivmodsi4
 .text.libgcc.div
                0x00008554       0x28 c:/program files (x86)/atmel/atmel toolchain/avr8 gcc/native/3.4.2.1002/avr8-gnu-toolchain/bin/../lib/gcc/avr/4.7.2/avr6\libgcc.a(_udivmodhi4.o)
                0x00008554                __udivmodhi4
 .text.avr-libc
                0x0000857c      0x274 c:/program files (x86)/atmel/atmel toolchain/avr8 gcc/native/3.4.2.1002/avr8-gnu-toolchain/bin/../lib/gcc/avr/4.7.2/../../../../avr/lib/avr6\libc.a(malloc.o)
                0x0000857c                malloc
                0x000086b2                free
 .text.avr-libc
                0x000087f0       0x12 c:/program files (x86)/atmel/atmel toolchain/avr8 gcc/native/3.4.2.1002/avr8-gnu-toolchain/bin/../lib/gcc/avr/4.7.2/../../../../avr/lib/avr6\libc.a(memcpy.o)
                0x000087f0                memcpy
                0x00008802                . = ALIGN (0x2)
 *(.fini9)
 .fini9         0x00008802        0x0 c:/program files (x86)/atmel/atmel toolchain/avr8 gcc/native/3.4.2.1002/avr8-gnu-toolchain/bin/../lib/gcc/avr/4.7.2/avr6\libgcc.a(_exit.o)
                0x00008802                _exit
                0x00008802                exit
 *(.fini9)
 *(.fini8)
 *(.fini8)
 *(.fini7)
 *(.fini7)
 *(.fini6)
 *(.fini6)
 *(.fini5)
 *(.fini5)
 *(.fini4)
 *(.fini4)
 *(.fini3)
 *(.fini3)
 *(.fini2)
 *(.fini2)
 *(.fini1)
 *(.fini1)
 *(.fini0)
 .fini0         0x00008802        0x4 c:/program files (x86)/atmel/atmel toolchain/avr8 gcc/native/3.4.2.1002/avr8-gnu-toolchain/bin/../lib/gcc/avr/4.7.2/avr6\libgcc.a(_exit.o)
 *(.fini0)
                0x00008806                _etext = .

.data           0x00800200       0xa4 load address 0x00008806
                0x00800200                PROVIDE (__data_start, .)
 *(.data)
 .data          0x00800200        0x0 c:/program files (x86)/atmel/atmel toolchain/avr8 gcc/native/3.4.2.1002/avr8-gnu-toolchain/bin/../lib/gcc/avr/4.7.2/../../../../avr/lib/avr6/crtm2560.o
 .data          0x00800200        0x0 buffer/Buffer.o
 .data          0x00800200        0x0 buffer/Record.o
 .data          0x00800200        0x0 controller/PIDController.o
 .data          0x00800200        0x0 drivers/MagnetometerDriver.o
 .data          0x00800200        0x0 drivers/SerialDriver.o
 .data          0x00800200        0x0 drivers/ServoDriver.o
 .data          0x00800200        0x0 HelicopterMain.o
 .data          0x00800200        0x0 interfaces/GroundControlStationInterface.o
 .data          0x00800200        0x0 messages/Message.o
 .data          0x00800200        0x0 messages/SyncMessage.o
 .data          0x00800200        0x0 messages/SystemTelemetryMessage.o
 .data          0x00800200        0x0 model/SystemModel.o
 .data          0x00800200        0x0 scheduler/Scheduler.o
 .data          0x00800200        0x0 sensors/MagnetometerSensor.o
 .data          0x00800200        0x0 tasks/PIDInnerLoopTask.o
 .data          0x00800200        0x0 tasks/PIDOuterLoopTask.o
 .data          0x00800200        0x0 tasks/SensorProcessingTask.o
 .data          0x00800200        0x0 tasks/SimTelemetryTask.o
 .data          0x00800200        0x0 tasks/Task.o
 .data          0x00800200        0x0 tasks/TransmitTelemetryTask.o
 .data          0x00800200        0x0 util/CommonHeader.o
 .data          0x00800200        0x0 util/CoordinateUtil.o
 .data          0x00800200        0x0 util/Timer.o
 .data          0x00800200        0x0 c:/program files (x86)/atmel/atmel toolchain/avr8 gcc/native/3.4.2.1002/avr8-gnu-toolchain/bin/../lib/gcc/avr/4.7.2/../../../../avr/lib/avr6\libm.a(addsf3.o)
 .data          0x00800200        0x0 c:/program files (x86)/atmel/atmel toolchain/avr8 gcc/native/3.4.2.1002/avr8-gnu-toolchain/bin/../lib/gcc/avr/4.7.2/../../../../avr/lib/avr6\libm.a(addsf3x.o)
 .data          0x00800200        0x0 c:/program files (x86)/atmel/atmel toolchain/avr8 gcc/native/3.4.2.1002/avr8-gnu-toolchain/bin/../lib/gcc/avr/4.7.2/../../../../avr/lib/avr6\libm.a(cmpsf2.o)
 .data          0x00800200        0x0 c:/program files (x86)/atmel/atmel toolchain/avr8 gcc/native/3.4.2.1002/avr8-gnu-toolchain/bin/../lib/gcc/avr/4.7.2/../../../../avr/lib/avr6\libm.a(cos.o)
 .data          0x00800200        0x0 c:/program files (x86)/atmel/atmel toolchain/avr8 gcc/native/3.4.2.1002/avr8-gnu-toolchain/bin/../lib/gcc/avr/4.7.2/../../../../avr/lib/avr6\libm.a(divsf3.o)
 .data          0x00800200        0x0 c:/program files (x86)/atmel/atmel toolchain/avr8 gcc/native/3.4.2.1002/avr8-gnu-toolchain/bin/../lib/gcc/avr/4.7.2/../../../../avr/lib/avr6\libm.a(divsf3x.o)
 .data          0x00800200        0x0 c:/program files (x86)/atmel/atmel toolchain/avr8 gcc/native/3.4.2.1002/avr8-gnu-toolchain/bin/../lib/gcc/avr/4.7.2/../../../../avr/lib/avr6\libm.a(fixsfsi.o)
 .data          0x00800200        0x0 c:/program files (x86)/atmel/atmel toolchain/avr8 gcc/native/3.4.2.1002/avr8-gnu-toolchain/bin/../lib/gcc/avr/4.7.2/../../../../avr/lib/avr6\libm.a(fixunssfsi.o)
 .data          0x00800200        0x0 c:/program files (x86)/atmel/atmel toolchain/avr8 gcc/native/3.4.2.1002/avr8-gnu-toolchain/bin/../lib/gcc/avr/4.7.2/../../../../avr/lib/avr6\libm.a(floatsisf.o)
 .data          0x00800200        0x0 c:/program files (x86)/atmel/atmel toolchain/avr8 gcc/native/3.4.2.1002/avr8-gnu-toolchain/bin/../lib/gcc/avr/4.7.2/../../../../avr/lib/avr6\libm.a(floor.o)
 .data          0x00800200        0x0 c:/program files (x86)/atmel/atmel toolchain/avr8 gcc/native/3.4.2.1002/avr8-gnu-toolchain/bin/../lib/gcc/avr/4.7.2/../../../../avr/lib/avr6\libm.a(fp_cmp.o)
 .data          0x00800200        0x0 c:/program files (x86)/atmel/atmel toolchain/avr8 gcc/native/3.4.2.1002/avr8-gnu-toolchain/bin/../lib/gcc/avr/4.7.2/../../../../avr/lib/avr6\libm.a(fp_inf.o)
 .data          0x00800200        0x0 c:/program files (x86)/atmel/atmel toolchain/avr8 gcc/native/3.4.2.1002/avr8-gnu-toolchain/bin/../lib/gcc/avr/4.7.2/../../../../avr/lib/avr6\libm.a(fp_mintl.o)
 .data          0x00800200        0x0 c:/program files (x86)/atmel/atmel toolchain/avr8 gcc/native/3.4.2.1002/avr8-gnu-toolchain/bin/../lib/gcc/avr/4.7.2/../../../../avr/lib/avr6\libm.a(fp_mpack.o)
 .data          0x00800200        0x0 c:/program files (x86)/atmel/atmel toolchain/avr8 gcc/native/3.4.2.1002/avr8-gnu-toolchain/bin/../lib/gcc/avr/4.7.2/../../../../avr/lib/avr6\libm.a(fp_nan.o)
 .data          0x00800200        0x0 c:/program files (x86)/atmel/atmel toolchain/avr8 gcc/native/3.4.2.1002/avr8-gnu-toolchain/bin/../lib/gcc/avr/4.7.2/../../../../avr/lib/avr6\libm.a(fp_pscA.o)
 .data          0x00800200        0x0 c:/program files (x86)/atmel/atmel toolchain/avr8 gcc/native/3.4.2.1002/avr8-gnu-toolchain/bin/../lib/gcc/avr/4.7.2/../../../../avr/lib/avr6\libm.a(fp_pscB.o)
 .data          0x00800200        0x0 c:/program files (x86)/atmel/atmel toolchain/avr8 gcc/native/3.4.2.1002/avr8-gnu-toolchain/bin/../lib/gcc/avr/4.7.2/../../../../avr/lib/avr6\libm.a(fp_rempio2.o)
 .data          0x00800200        0x0 c:/program files (x86)/atmel/atmel toolchain/avr8 gcc/native/3.4.2.1002/avr8-gnu-toolchain/bin/../lib/gcc/avr/4.7.2/../../../../avr/lib/avr6\libm.a(fp_round.o)
 .data          0x00800200        0x0 c:/program files (x86)/atmel/atmel toolchain/avr8 gcc/native/3.4.2.1002/avr8-gnu-toolchain/bin/../lib/gcc/avr/4.7.2/../../../../avr/lib/avr6\libm.a(fp_sinus.o)
 .data          0x00800200        0x0 c:/program files (x86)/atmel/atmel toolchain/avr8 gcc/native/3.4.2.1002/avr8-gnu-toolchain/bin/../lib/gcc/avr/4.7.2/../../../../avr/lib/avr6\libm.a(fp_split3.o)
 .data          0x00800200        0x0 c:/program files (x86)/atmel/atmel toolchain/avr8 gcc/native/3.4.2.1002/avr8-gnu-toolchain/bin/../lib/gcc/avr/4.7.2/../../../../avr/lib/avr6\libm.a(fp_trunc.o)
 .data          0x00800200        0x0 c:/program files (x86)/atmel/atmel toolchain/avr8 gcc/native/3.4.2.1002/avr8-gnu-toolchain/bin/../lib/gcc/avr/4.7.2/../../../../avr/lib/avr6\libm.a(fp_zero.o)
 .data          0x00800200        0x0 c:/program files (x86)/atmel/atmel toolchain/avr8 gcc/native/3.4.2.1002/avr8-gnu-toolchain/bin/../lib/gcc/avr/4.7.2/../../../../avr/lib/avr6\libm.a(gesf2.o)
 .data          0x00800200        0x0 c:/program files (x86)/atmel/atmel toolchain/avr8 gcc/native/3.4.2.1002/avr8-gnu-toolchain/bin/../lib/gcc/avr/4.7.2/../../../../avr/lib/avr6\libm.a(mulsf3.o)
 .data          0x00800200        0x0 c:/program files (x86)/atmel/atmel toolchain/avr8 gcc/native/3.4.2.1002/avr8-gnu-toolchain/bin/../lib/gcc/avr/4.7.2/../../../../avr/lib/avr6\libm.a(mulsf3x.o)
 .data          0x00800200        0x0 c:/program files (x86)/atmel/atmel toolchain/avr8 gcc/native/3.4.2.1002/avr8-gnu-toolchain/bin/../lib/gcc/avr/4.7.2/../../../../avr/lib/avr6\libm.a(pow.o)
 .data          0x00800200        0x0 c:/program files (x86)/atmel/atmel toolchain/avr8 gcc/native/3.4.2.1002/avr8-gnu-toolchain/bin/../lib/gcc/avr/4.7.2/../../../../avr/lib/avr6\libm.a(sin.o)
 .data          0x00800200        0x0 c:/program files (x86)/atmel/atmel toolchain/avr8 gcc/native/3.4.2.1002/avr8-gnu-toolchain/bin/../lib/gcc/avr/4.7.2/../../../../avr/lib/avr6\libm.a(sqrt.o)
 .data          0x00800200        0x0 c:/program files (x86)/atmel/atmel toolchain/avr8 gcc/native/3.4.2.1002/avr8-gnu-toolchain/bin/../lib/gcc/avr/4.7.2/../../../../avr/lib/avr6\libm.a(exp.o)
 .data          0x00800200        0x0 c:/program files (x86)/atmel/atmel toolchain/avr8 gcc/native/3.4.2.1002/avr8-gnu-toolchain/bin/../lib/gcc/avr/4.7.2/../../../../avr/lib/avr6\libm.a(fp_norm2.o)
 .data          0x00800200        0x0 c:/program files (x86)/atmel/atmel toolchain/avr8 gcc/native/3.4.2.1002/avr8-gnu-toolchain/bin/../lib/gcc/avr/4.7.2/../../../../avr/lib/avr6\libm.a(fp_powser.o)
 .data          0x00800200        0x0 c:/program files (x86)/atmel/atmel toolchain/avr8 gcc/native/3.4.2.1002/avr8-gnu-toolchain/bin/../lib/gcc/avr/4.7.2/../../../../avr/lib/avr6\libm.a(fp_powsodd.o)
 .data          0x00800200        0x0 c:/program files (x86)/atmel/atmel toolchain/avr8 gcc/native/3.4.2.1002/avr8-gnu-toolchain/bin/../lib/gcc/avr/4.7.2/../../../../avr/lib/avr6\libm.a(inverse.o)
 .data          0x00800200        0x0 c:/program files (x86)/atmel/atmel toolchain/avr8 gcc/native/3.4.2.1002/avr8-gnu-toolchain/bin/../lib/gcc/avr/4.7.2/../../../../avr/lib/avr6\libm.a(ldexp.o)
 .data          0x00800200        0x0 c:/program files (x86)/atmel/atmel toolchain/avr8 gcc/native/3.4.2.1002/avr8-gnu-toolchain/bin/../lib/gcc/avr/4.7.2/../../../../avr/lib/avr6\libm.a(log.o)
 .data          0x00800200        0x0 c:/program files (x86)/atmel/atmel toolchain/avr8 gcc/native/3.4.2.1002/avr8-gnu-toolchain/bin/../lib/gcc/avr/4.7.2/../../../../avr/lib/avr6\libm.a(modf.o)
 .data          0x00800200        0x0 c:/program files (x86)/atmel/atmel toolchain/avr8 gcc/native/3.4.2.1002/avr8-gnu-toolchain/bin/../lib/gcc/avr/4.7.2/avr6\libgcc.a(_divmodhi4.o)
 .data          0x00800200        0x0 c:/program files (x86)/atmel/atmel toolchain/avr8 gcc/native/3.4.2.1002/avr8-gnu-toolchain/bin/../lib/gcc/avr/4.7.2/avr6\libgcc.a(_udivmodsi4.o)
 .data          0x00800200        0x0 c:/program files (x86)/atmel/atmel toolchain/avr8 gcc/native/3.4.2.1002/avr8-gnu-toolchain/bin/../lib/gcc/avr/4.7.2/avr6\libgcc.a(_exit.o)
 .data          0x00800200        0x0 c:/program files (x86)/atmel/atmel toolchain/avr8 gcc/native/3.4.2.1002/avr8-gnu-toolchain/bin/../lib/gcc/avr/4.7.2/avr6\libgcc.a(_copy_data.o)
 .data          0x00800200        0x0 c:/program files (x86)/atmel/atmel toolchain/avr8 gcc/native/3.4.2.1002/avr8-gnu-toolchain/bin/../lib/gcc/avr/4.7.2/avr6\libgcc.a(_clear_bss.o)
 .data          0x00800200        0x0 c:/program files (x86)/atmel/atmel toolchain/avr8 gcc/native/3.4.2.1002/avr8-gnu-toolchain/bin/../lib/gcc/avr/4.7.2/avr6\libgcc.a(_udivmodhi4.o)
 .data          0x00800200        0x6 c:/program files (x86)/atmel/atmel toolchain/avr8 gcc/native/3.4.2.1002/avr8-gnu-toolchain/bin/../lib/gcc/avr/4.7.2/../../../../avr/lib/avr6\libc.a(malloc.o)
                0x00800200                __malloc_heap_end
                0x00800202                __malloc_heap_start
                0x00800204                __malloc_margin
 .data          0x00800206        0x0 c:/program files (x86)/atmel/atmel toolchain/avr8 gcc/native/3.4.2.1002/avr8-gnu-toolchain/bin/../lib/gcc/avr/4.7.2/../../../../avr/lib/avr6\libc.a(memcpy.o)
 *(.data*)
 *(.rodata)
 *(.rodata*)
 .rodata._ZTVN10helicopter7drivers12SerialDriverE
                0x00800206        0xe drivers/SerialDriver.o
                0x00800206                _ZTVN10helicopter7drivers12SerialDriverE
 .rodata._ZTVN10helicopter7drivers11ServoDriverE
                0x00800214        0xa drivers/ServoDriver.o
                0x00800214                _ZTVN10helicopter7drivers11ServoDriverE
 .rodata._ZTVN10helicopter5tasks12FlashLEDTaskE
                0x0080021e        0xe HelicopterMain.o
                0x0080021e                _ZTVN10helicopter5tasks12FlashLEDTaskE
 .rodata._ZTVN10helicopter8messages7MessageE
                0x0080022c        0xc messages/Message.o
                0x0080022c                _ZTVN10helicopter8messages7MessageE
 .rodata._ZTVN10helicopter8messages11SyncMessageE
                0x00800238        0xc messages/SyncMessage.o
                0x00800238                _ZTVN10helicopter8messages11SyncMessageE
 .rodata._ZTVN10helicopter8messages22SystemTelemetryMessageE
                0x00800244        0xc messages/SystemTelemetryMessage.o
                0x00800244                _ZTVN10helicopter8messages22SystemTelemetryMessageE
 .rodata._ZTVN10helicopter5tasks16PIDInnerLoopTaskE
                0x00800250        0xe tasks/PIDInnerLoopTask.o
                0x00800250                _ZTVN10helicopter5tasks16PIDInnerLoopTaskE
 .rodata._ZTVN10helicopter5tasks16PIDOuterLoopTaskE
                0x0080025e        0xe tasks/PIDOuterLoopTask.o
                0x0080025e                _ZTVN10helicopter5tasks16PIDOuterLoopTaskE
 .rodata._ZTVN10helicopter5tasks20SensorProcessingTaskE
                0x0080026c        0xe tasks/SensorProcessingTask.o
                0x0080026c                _ZTVN10helicopter5tasks20SensorProcessingTaskE
 .rodata._ZTVN10helicopter5tasks16SimTelemetryTaskE
                0x0080027a        0xe tasks/SimTelemetryTask.o
                0x0080027a                _ZTVN10helicopter5tasks16SimTelemetryTaskE
 .rodata._ZTVN10helicopter5tasks4TaskE
                0x00800288        0xe tasks/Task.o
                0x00800288                _ZTVN10helicopter5tasks4TaskE
 .rodata._ZTVN10helicopter5tasks21TransmitTelemetryTaskE
                0x00800296        0xe tasks/TransmitTelemetryTask.o
                0x00800296                _ZTVN10helicopter5tasks21TransmitTelemetryTaskE
 *(.gnu.linkonce.d*)
                0x008002a4                . = ALIGN (0x2)
                0x008002a4                _edata = .
                0x008002a4                PROVIDE (__data_end, .)

.bss            0x008002a4        0x6
                0x008002a4                PROVIDE (__bss_start, .)
 *(.bss)
 *(.bss*)
 .bss._ZN10helicopter9scheduler9Scheduler9schedulerE
                0x008002a4        0x2 scheduler/Scheduler.o
                0x008002a4                _ZN10helicopter9scheduler9Scheduler9schedulerE
 *(COMMON)
 COMMON         0x008002a6        0x4 c:/program files (x86)/atmel/atmel toolchain/avr8 gcc/native/3.4.2.1002/avr8-gnu-toolchain/bin/../lib/gcc/avr/4.7.2/../../../../avr/lib/avr6\libc.a(malloc.o)
                0x008002a6                __brkval
                0x008002a8                __flp
                0x008002aa                PROVIDE (__bss_end, .)
                0x00008806                __data_load_start = LOADADDR (.data)
                0x000088aa                __data_load_end = (__data_load_start + SIZEOF (.data))

.noinit         0x008002aa        0x0
                0x008002aa                PROVIDE (__noinit_start, .)
 *(.noinit*)
                0x008002aa                PROVIDE (__noinit_end, .)
                0x008002aa                _end = .
                0x008002aa                PROVIDE (__heap_start, .)

.eeprom         0x00810000        0x0
 *(.eeprom*)
                0x00810000                __eeprom_end = .

.fuse
 *(.fuse)
 *(.lfuse)
 *(.hfuse)
 *(.efuse)

.lock
 *(.lock*)

.signature
 *(.signature*)

.user_signatures
 *(.user_signatures*)

.stab           0x00000000     0x43e0
 *(.stab)
 .stab          0x00000000      0x6e4 c:/program files (x86)/atmel/atmel toolchain/avr8 gcc/native/3.4.2.1002/avr8-gnu-toolchain/bin/../lib/gcc/avr/4.7.2/../../../../avr/lib/avr6/crtm2560.o
 .stab          0x000006e4       0x78 c:/program files (x86)/atmel/atmel toolchain/avr8 gcc/native/3.4.2.1002/avr8-gnu-toolchain/bin/../lib/gcc/avr/4.7.2/../../../../avr/lib/avr6\libm.a(addsf3.o)
                                 0x84 (size before relaxing)
 .stab          0x0000075c      0x4bc c:/program files (x86)/atmel/atmel toolchain/avr8 gcc/native/3.4.2.1002/avr8-gnu-toolchain/bin/../lib/gcc/avr/4.7.2/../../../../avr/lib/avr6\libm.a(addsf3x.o)
                                0x4c8 (size before relaxing)
 .stab          0x00000c18       0x90 c:/program files (x86)/atmel/atmel toolchain/avr8 gcc/native/3.4.2.1002/avr8-gnu-toolchain/bin/../lib/gcc/avr/4.7.2/../../../../avr/lib/avr6\libm.a(cmpsf2.o)
                                 0x9c (size before relaxing)
 .stab          0x00000ca8       0x54 c:/program files (x86)/atmel/atmel toolchain/avr8 gcc/native/3.4.2.1002/avr8-gnu-toolchain/bin/../lib/gcc/avr/4.7.2/../../../../avr/lib/avr6\libm.a(cos.o)
                                 0x60 (size before relaxing)
 .stab          0x00000cfc       0x48 c:/program files (x86)/atmel/atmel toolchain/avr8 gcc/native/3.4.2.1002/avr8-gnu-toolchain/bin/../lib/gcc/avr/4.7.2/../../../../avr/lib/avr6\libm.a(divsf3.o)
                                 0x54 (size before relaxing)
 .stab          0x00000d44      0x510 c:/program files (x86)/atmel/atmel toolchain/avr8 gcc/native/3.4.2.1002/avr8-gnu-toolchain/bin/../lib/gcc/avr/4.7.2/../../../../avr/lib/avr6\libm.a(divsf3x.o)
                                0x51c (size before relaxing)
 .stab          0x00001254       0x6c c:/program files (x86)/atmel/atmel toolchain/avr8 gcc/native/3.4.2.1002/avr8-gnu-toolchain/bin/../lib/gcc/avr/4.7.2/../../../../avr/lib/avr6\libm.a(fixsfsi.o)
                                 0x78 (size before relaxing)
 .stab          0x000012c0      0x240 c:/program files (x86)/atmel/atmel toolchain/avr8 gcc/native/3.4.2.1002/avr8-gnu-toolchain/bin/../lib/gcc/avr/4.7.2/../../../../avr/lib/avr6\libm.a(fixunssfsi.o)
                                0x24c (size before relaxing)
 .stab          0x00001500      0x318 c:/program files (x86)/atmel/atmel toolchain/avr8 gcc/native/3.4.2.1002/avr8-gnu-toolchain/bin/../lib/gcc/avr/4.7.2/../../../../avr/lib/avr6\libm.a(floatsisf.o)
                                0x324 (size before relaxing)
 .stab          0x00001818      0x114 c:/program files (x86)/atmel/atmel toolchain/avr8 gcc/native/3.4.2.1002/avr8-gnu-toolchain/bin/../lib/gcc/avr/4.7.2/../../../../avr/lib/avr6\libm.a(floor.o)
                                0x120 (size before relaxing)
 .stab          0x0000192c      0x1e0 c:/program files (x86)/atmel/atmel toolchain/avr8 gcc/native/3.4.2.1002/avr8-gnu-toolchain/bin/../lib/gcc/avr/4.7.2/../../../../avr/lib/avr6\libm.a(fp_cmp.o)
                                0x1ec (size before relaxing)