Archive member included because of file (symbol)

c:/program files (x86)/atmel/atmel toolchain/avr8 gcc/native/3.4.1061/avr8-gnu-toolchain/bin/../lib/gcc/avr/4.8.1/../../../../avr/lib/avr6\libm.a(addsf3.o)
                              controller/PIDController.o (__subsf3)
c:/program files (x86)/atmel/atmel toolchain/avr8 gcc/native/3.4.1061/avr8-gnu-toolchain/bin/../lib/gcc/avr/4.8.1/../../../../avr/lib/avr6\libm.a(addsf3x.o)
                              c:/program files (x86)/atmel/atmel toolchain/avr8 gcc/native/3.4.1061/avr8-gnu-toolchain/bin/../lib/gcc/avr/4.8.1/../../../../avr/lib/avr6\libm.a(addsf3.o) (__addsf3x)
c:/program files (x86)/atmel/atmel toolchain/avr8 gcc/native/3.4.1061/avr8-gnu-toolchain/bin/../lib/gcc/avr/4.8.1/../../../../avr/lib/avr6\libm.a(asin.o)
                              navigation/AHRS.o (asin)
c:/program files (x86)/atmel/atmel toolchain/avr8 gcc/native/3.4.1061/avr8-gnu-toolchain/bin/../lib/gcc/avr/4.8.1/../../../../avr/lib/avr6\libm.a(atan2.o)
                              navigation/AHRS.o (atan2)
c:/program files (x86)/atmel/atmel toolchain/avr8 gcc/native/3.4.1061/avr8-gnu-toolchain/bin/../lib/gcc/avr/4.8.1/../../../../avr/lib/avr6\libm.a(atan.o)
                              c:/program files (x86)/atmel/atmel toolchain/avr8 gcc/native/3.4.1061/avr8-gnu-toolchain/bin/../lib/gcc/avr/4.8.1/../../../../avr/lib/avr6\libm.a(atan2.o) (atan)
c:/program files (x86)/atmel/atmel toolchain/avr8 gcc/native/3.4.1061/avr8-gnu-toolchain/bin/../lib/gcc/avr/4.8.1/../../../../avr/lib/avr6\libm.a(cmpsf2.o)
                              HelicopterMain.o (__nesf2)
c:/program files (x86)/atmel/atmel toolchain/avr8 gcc/native/3.4.1061/avr8-gnu-toolchain/bin/../lib/gcc/avr/4.8.1/../../../../avr/lib/avr6\libm.a(cos.o)
                              util/CoordinateUtil.o (cos)
c:/program files (x86)/atmel/atmel toolchain/avr8 gcc/native/3.4.1061/avr8-gnu-toolchain/bin/../lib/gcc/avr/4.8.1/../../../../avr/lib/avr6\libm.a(divsf3.o)
                              HelicopterMain.o (__divsf3)
c:/program files (x86)/atmel/atmel toolchain/avr8 gcc/native/3.4.1061/avr8-gnu-toolchain/bin/../lib/gcc/avr/4.8.1/../../../../avr/lib/avr6\libm.a(divsf3x.o)
                              c:/program files (x86)/atmel/atmel toolchain/avr8 gcc/native/3.4.1061/avr8-gnu-toolchain/bin/../lib/gcc/avr/4.8.1/../../../../avr/lib/avr6\libm.a(divsf3.o) (__divsf3x)
c:/program files (x86)/atmel/atmel toolchain/avr8 gcc/native/3.4.1061/avr8-gnu-toolchain/bin/../lib/gcc/avr/4.8.1/../../../../avr/lib/avr6\libm.a(fixsfsi.o)
                              HelicopterMain.o (__fixsfsi)
c:/program files (x86)/atmel/atmel toolchain/avr8 gcc/native/3.4.1061/avr8-gnu-toolchain/bin/../lib/gcc/avr/4.8.1/../../../../avr/lib/avr6\libm.a(fixunssfsi.o)
                              drivers/SerialDriver.o (__fixunssfsi)
c:/program files (x86)/atmel/atmel toolchain/avr8 gcc/native/3.4.1061/avr8-gnu-toolchain/bin/../lib/gcc/avr/4.8.1/../../../../avr/lib/avr6\libm.a(floatsisf.o)
                              drivers/SerialDriver.o (__floatunsisf)
c:/program files (x86)/atmel/atmel toolchain/avr8 gcc/native/3.4.1061/avr8-gnu-toolchain/bin/../lib/gcc/avr/4.8.1/../../../../avr/lib/avr6\libm.a(floor.o)
                              drivers/SerialDriver.o (floor)
c:/program files (x86)/atmel/atmel toolchain/avr8 gcc/native/3.4.1061/avr8-gnu-toolchain/bin/../lib/gcc/avr/4.8.1/../../../../avr/lib/avr6\libm.a(fp_arccos.o)
                              c:/program files (x86)/atmel/atmel toolchain/avr8 gcc/native/3.4.1061/avr8-gnu-toolchain/bin/../lib/gcc/avr/4.8.1/../../../../avr/lib/avr6\libm.a(asin.o) (__fp_arccos)
c:/program files (x86)/atmel/atmel toolchain/avr8 gcc/native/3.4.1061/avr8-gnu-toolchain/bin/../lib/gcc/avr/4.8.1/../../../../avr/lib/avr6\libm.a(fp_cmp.o)
                              c:/program files (x86)/atmel/atmel toolchain/avr8 gcc/native/3.4.1061/avr8-gnu-toolchain/bin/../lib/gcc/avr/4.8.1/../../../../avr/lib/avr6\libm.a(cmpsf2.o) (__fp_cmp)
c:/program files (x86)/atmel/atmel toolchain/avr8 gcc/native/3.4.1061/avr8-gnu-toolchain/bin/../lib/gcc/avr/4.8.1/../../../../avr/lib/avr6\libm.a(fp_inf.o)
                              c:/program files (x86)/atmel/atmel toolchain/avr8 gcc/native/3.4.1061/avr8-gnu-toolchain/bin/../lib/gcc/avr/4.8.1/../../../../avr/lib/avr6\libm.a(addsf3x.o) (__fp_inf)
c:/program files (x86)/atmel/atmel toolchain/avr8 gcc/native/3.4.1061/avr8-gnu-toolchain/bin/../lib/gcc/avr/4.8.1/../../../../avr/lib/avr6\libm.a(fp_mintl.o)
                              c:/program files (x86)/atmel/atmel toolchain/avr8 gcc/native/3.4.1061/avr8-gnu-toolchain/bin/../lib/gcc/avr/4.8.1/../../../../avr/lib/avr6\libm.a(floor.o) (__fp_mintl)
c:/program files (x86)/atmel/atmel toolchain/avr8 gcc/native/3.4.1061/avr8-gnu-toolchain/bin/../lib/gcc/avr/4.8.1/../../../../avr/lib/avr6\libm.a(fp_mpack.o)
[...]
Memory Configuration

Name             Origin             Length             Attributes
text             0x00000000         0x00100000         xr
data             0x00800200         0x0000fe00         rw !x
eeprom           0x00810000         0x00010000         rw !x
fuse             0x00820000         0x00000400         rw !x
lock             0x00830000         0x00000400         rw !x
signature        0x00840000         0x00000400         rw !x
user_signatures  0x00850000         0x00000400         rw !x
*default*        0x00000000         0xffffffff

Linker script and memory map

Address of section .data set to 0x800200
LOAD c:/program files (x86)/atmel/atmel toolchain/avr8 gcc/native/3.4.1061/avr8-gnu-toolchain/bin/../lib/gcc/avr/4.8.1/../../../../avr/lib/avr6/crtm2560.o
LOAD buffer/Buffer.o
LOAD buffer/CircularBuffer.o
LOAD buffer/Record.o
LOAD controller/PIDController.o
LOAD drivers/SerialDriver.o
LOAD drivers/SPIDriver.o
LOAD drivers/TWIDriver.o
LOAD HelicopterMain.o
LOAD interfaces/GroundControlStationInterface.o
LOAD interfaces/RadioControllerInterface.o
LOAD messages/ControlMessage.o
LOAD messages/GainsMessage.o
LOAD messages/Message.o
LOAD messages/SensorDataMessage.o
LOAD messages/SimpleTelemetryMessage.o
LOAD messages/SyncMessage.o
LOAD messages/SystemTelemetryMessage.o
LOAD model/SystemModel.o
LOAD navigation/AHRS.o
LOAD scheduler/Scheduler.o
LOAD sensors/BarometerSensor.o
LOAD sensors/GPSSensor.o
LOAD sensors/IMUSensor.o
LOAD sensors/MagnetometerSensor.o
LOAD tasks/NavigationTask.o
LOAD tasks/PIDInnerLoopTask.o
LOAD tasks/PIDOuterLoopTask.o
LOAD tasks/PVNavigationTask.o
LOAD tasks/ReadBarometerSensorTask.o
LOAD tasks/ReadGPSSensorTask.o
LOAD tasks/ReadIMUSensorTask.o
LOAD tasks/ReadMagnetometerSensorTask.o
LOAD tasks/ServoControlTask.o
LOAD tasks/SimTelemetryTask.o
LOAD tasks/Task.o
LOAD tasks/TransmitTelemetryTask.o
LOAD util/CommonHeader.o
LOAD util/CoordinateUtil.o
LOAD util/MatrixUtil.o
LOAD util/Timer.o
START GROUP
LOAD c:/program files (x86)/atmel/atmel toolchain/avr8 gcc/native/3.4.1061/avr8-gnu-toolchain/bin/../lib/gcc/avr/4.8.1/../../../../avr/lib/avr6\libm.a
END GROUP
LOAD c:/program files (x86)/atmel/atmel toolchain/avr8 gcc/native/3.4.1061/avr8-gnu-toolchain/bin/../lib/gcc/avr/4.8.1/avr6\libgcc.a
LOAD c:/program files (x86)/atmel/atmel toolchain/avr8 gcc/native/3.4.1061/avr8-gnu-toolchain/bin/../lib/gcc/avr/4.8.1/../../../../avr/lib/avr6\libm.a
START GROUP
LOAD c:/program files (x86)/atmel/atmel toolchain/avr8 gcc/native/3.4.1061/avr8-gnu-toolchain/bin/../lib/gcc/avr/4.8.1/avr6\libgcc.a
LOAD c:/program files (x86)/atmel/atmel toolchain/avr8 gcc/native/3.4.1061/avr8-gnu-toolchain/bin/../lib/gcc/avr/4.8.1/../../../../avr/lib/avr6\libm.a
LOAD c:/program files (x86)/atmel/atmel toolchain/avr8 gcc/native/3.4.1061/avr8-gnu-toolchain/bin/../lib/gcc/avr/4.8.1/../../../../avr/lib/avr6\libc.a
END GROUP

.hash
 *(.hash)

.dynsym
 *(.dynsym)

.dynstr
 *(.dynstr)

.gnu.version
 *(.gnu.version)

.gnu.version_d
 *(.gnu.version_d)

.gnu.version_r
 *(.gnu.version_r)

.rel.init
 *(.rel.init)

.rela.init
 *(.rela.init)

.rel.text
 *(.rel.text)
 *(.rel.text.*)
 *(.rel.gnu.linkonce.t*)

.rela.text
 *(.rela.text)
 *(.rela.text.*)
 *(.rela.gnu.linkonce.t*)

.rel.fini
 *(.rel.fini)

.rela.fini
 *(.rela.fini)

.rel.rodata
 *(.rel.rodata)
 *(.rel.rodata.*)
 *(.rel.gnu.linkonce.r*)

.rela.rodata
 *(.rela.rodata)
 *(.rela.rodata.*)
 *(.rela.gnu.linkonce.r*)

.rel.data
 *(.rel.data)
 *(.rel.data.*)
 *(.rel.gnu.linkonce.d*)

.rela.data
 *(.rela.data)
 *(.rela.data.*)
 *(.rela.gnu.linkonce.d*)

.rel.ctors
 *(.rel.ctors)

.rela.ctors
 *(.rela.ctors)

.rel.dtors
 *(.rel.dtors)

.rela.dtors
 *(.rela.dtors)

.rel.got
 *(.rel.got)

.rela.got
 *(.rela.got)

.rel.bss
 *(.rel.bss)

.rela.bss
 *(.rela.bss)

.rel.plt
 *(.rel.plt)

.rela.plt
 *(.rela.plt)

.text           0x00000000     0xdbb8
 *(.vectors)
 .vectors       0x00000000       0xe4 c:/program files (x86)/atmel/atmel toolchain/avr8 gcc/native/3.4.1061/avr8-gnu-toolchain/bin/../lib/gcc/avr/4.8.1/../../../../avr/lib/avr6/crtm2560.o
                0x00000000                __vector_default
                0x00000000                __vectors
 *(.vectors)
 *(.progmem.gcc*)
 .progmem.gcc_fplib
                0x000000e4       0x14 c:/program files (x86)/atmel/atmel toolchain/avr8 gcc/native/3.4.1061/avr8-gnu-toolchain/bin/../lib/gcc/avr/4.8.1/../../../../avr/lib/avr6\libm.a(asin.o)
 .progmem.gcc_fplib
                0x000000f8       0x2d c:/program files (x86)/atmel/atmel toolchain/avr8 gcc/native/3.4.1061/avr8-gnu-toolchain/bin/../lib/gcc/avr/4.8.1/../../../../avr/lib/avr6\libm.a(atan.o)
 .progmem.gcc_fplib
                0x00000125       0x28 c:/program files (x86)/atmel/atmel toolchain/avr8 gcc/native/3.4.1061/avr8-gnu-toolchain/bin/../lib/gcc/avr/4.8.1/../../../../avr/lib/avr6\libm.a(fp_arccos.o)
 .progmem.gcc_fplib
                0x0000014d       0x1e c:/program files (x86)/atmel/atmel toolchain/avr8 gcc/native/3.4.1061/avr8-gnu-toolchain/bin/../lib/gcc/avr/4.8.1/../../../../avr/lib/avr6\libm.a(fp_sinus.o)
 .progmem.gcc_fplib
                0x0000016b       0x5a c:/program files (x86)/atmel/atmel toolchain/avr8 gcc/native/3.4.1061/avr8-gnu-toolchain/bin/../lib/gcc/avr/4.8.1/../../../../avr/lib/avr6\libm.a(log.o)
 .progmem.gcc_fplib
                0x000001c5       0x28 c:/program files (x86)/atmel/atmel toolchain/avr8 gcc/native/3.4.1061/avr8-gnu-toolchain/bin/../lib/gcc/avr/4.8.1/../../../../avr/lib/avr6\libm.a(exp.o)
                0x000001ee                . = ALIGN (0x2)
 *fill*         0x000001ed        0x1 
                0x000001ee                __trampolines_start = .
 *(.trampolines)
 .trampolines   0x000001ee      0x148 linker stubs
 *(.trampolines*)
                0x00000336                __trampolines_end = .
 *(.progmem*)
                0x00000336                . = ALIGN (0x2)
 *(.jumptables)
 *(.jumptables*)
 *(.lowtext)
 *(.lowtext*)
                0x00000336                __ctors_start = .
 *(.ctors)
 .ctors         0x00000336        0x2 drivers/SerialDriver.o
                0x00000338                __ctors_end = .
                0x00000338                __dtors_start = .
 *(.dtors)
 .dtors         0x00000338        0x2 drivers/SerialDriver.o
                0x0000033a                __dtors_end = .
 SORT(*)(.ctors)
 SORT(*)(.dtors)
 *(.init0)
 .init0         0x0000033a        0x0 c:/program files (x86)/atmel/atmel toolchain/avr8 gcc/native/3.4.1061/avr8-gnu-toolchain/bin/../lib/gcc/avr/4.8.1/../../../../avr/lib/avr6/crtm2560.o
                0x0000033a                __init
 *(.init0)
 *(.init1)
 *(.init1)
 *(.init2)
 .init2         0x0000033a       0x10 c:/program files (x86)/atmel/atmel toolchain/avr8 gcc/native/3.4.1061/avr8-gnu-toolchain/bin/../lib/gcc/avr/4.8.1/../../../../avr/lib/avr6/crtm2560.o
 *(.init2)
 *(.init3)
 *(.init3)
 *(.init4)
 .init4         0x0000034a       0x1a c:/program files (x86)/atmel/atmel toolchain/avr8 gcc/native/3.4.1061/avr8-gnu-toolchain/bin/../lib/gcc/avr/4.8.1/avr6\libgcc.a(_copy_data.o)
                0x0000034a                __do_copy_data
 .init4         0x00000364       0x10 c:/program files (x86)/atmel/atmel toolchain/avr8 gcc/native/3.4.1061/avr8-gnu-toolchain/bin/../lib/gcc/avr/4.8.1/avr6\libgcc.a(_clear_bss.o)
                0x00000364                __do_clear_bss
 *(.init4)
 *(.init5)
 *(.init5)
 *(.init6)
 .init6         0x00000374       0x20 c:/program files (x86)/atmel/atmel toolchain/avr8 gcc/native/3.4.1061/avr8-gnu-toolchain/bin/../lib/gcc/avr/4.8.1/avr6\libgcc.a(_ctors.o)
                0x00000374                __do_global_ctors
 *(.init6)
 *(.init7)
 *(.init7)
 *(.init8)
 *(.init8)
 *(.init9)
 .init9         0x00000394        0x8 c:/program files (x86)/atmel/atmel toolchain/avr8 gcc/native/3.4.1061/avr8-gnu-toolchain/bin/../lib/gcc/avr/4.8.1/../../../../avr/lib/avr6/crtm2560.o
 *(.init9)
 *(.text)
 .text          0x0000039c        0x4 c:/program files (x86)/atmel/atmel toolchain/avr8 gcc/native/3.4.1061/avr8-gnu-toolchain/bin/../lib/gcc/avr/4.8.1/../../../../avr/lib/avr6/crtm2560.o
                0x0000039c                __vector_38
                0x0000039c                __vector_22
                0x0000039c                __vector_28
                0x0000039c                __vector_1
                0x0000039c                __vector_32
                0x0000039c                __vector_34
                0x0000039c                __vector_24
                0x0000039c                __vector_12
                0x0000039c                __vector_55
                0x0000039c                __bad_interrupt
                0x0000039c                __vector_6
                0x0000039c                __vector_31
                0x0000039c                __vector_35
                0x0000039c                __vector_39
                0x0000039c                __vector_3
                0x0000039c                __vector_23
                0x0000039c                __vector_30
                0x0000039c                __vector_45
                0x0000039c                __vector_11
                0x0000039c                __vector_54
                0x0000039c                __vector_17
                0x0000039c                __vector_19
                0x0000039c                __vector_56
                0x0000039c                __vector_7
                0x0000039c                __vector_49
                0x0000039c                __vector_41
                0x0000039c                __vector_43
                0x0000039c                __vector_27
                0x0000039c                __vector_5
                0x0000039c                __vector_33
                0x0000039c                __vector_47
                0x0000039c                __vector_52
                0x0000039c                __vector_4
                0x0000039c                __vector_44
                0x0000039c                __vector_51
                0x0000039c                __vector_9
                0x0000039c                __vector_2
                0x0000039c                __vector_15
                0x0000039c                __vector_29
                0x0000039c                __vector_40
                0x0000039c                __vector_8
                0x0000039c                __vector_48
                0x0000039c                __vector_14
                0x0000039c                __vector_53
                0x0000039c                __vector_10
                0x0000039c                __vector_50
                0x0000039c                __vector_16
                0x0000039c                __vector_18
                0x0000039c                __vector_20
                0x0000039c                __vector_42
                0x000003a0                . = ALIGN (0x2)
 *(.text.*)
 .text._ZN10helicopter6buffer14CircularBuffer7enqueueEh
                0x000003a0       0x52 buffer/CircularBuffer.o
                0x000003a0                _ZN10helicopter6buffer14CircularBuffer7enqueueEh
 .text._ZN10helicopter6buffer14CircularBuffer7dequeueERh
                0x000003f2       0x54 buffer/CircularBuffer.o
                0x000003f2                _ZN10helicopter6buffer14CircularBuffer7dequeueERh
 .text._ZN10helicopter6buffer14CircularBuffer10enqueueIntEh
                0x00000446       0x66 buffer/CircularBuffer.o
                0x00000446                _ZN10helicopter6buffer14CircularBuffer10enqueueIntEh
 .text._ZN10helicopter6buffer14CircularBuffer10dequeueIntERh
                0x000004ac       0x68 buffer/CircularBuffer.o
                0x000004ac                _ZN10helicopter6buffer14CircularBuffer10dequeueIntERh
 .text._ZN10helicopter10controller13PIDControllerC2EPNS_5model11SystemModelE
                0x00000514      0x130 controller/PIDController.o
                0x00000514                _ZN10helicopter10controller13PIDControllerC2EPNS_5model11SystemModelE
                0x00000514                _ZN10helicopter10controller13PIDControllerC1EPNS_5model11SystemModelE
 .text._ZN10helicopter10controller13PIDController13addBlownFrameEv
                0x00000644       0x22 controller/PIDController.o
                0x00000644                _ZN10helicopter10controller13PIDController13addBlownFrameEv
 .text._ZN10helicopter10controller13PIDController34tailRotorCollectiveOuterLoopUpdateEv
                0x00000666      0x296 controller/PIDController.o
                0x00000666                _ZN10helicopter10controller13PIDController34tailRotorCollectiveOuterLoopUpdateEv
 .text._ZN10helicopter10controller13PIDController34mainRotorCollectiveOuterLoopUpdateEf
                0x000008fc      0x266 controller/PIDController.o
                0x000008fc                _ZN10helicopter10controller13PIDController34mainRotorCollectiveOuterLoopUpdateEf
 .text._ZN10helicopter10controller13PIDController30cyclicLongitudeOuterLoopUpdateEf
                0x00000b62      0x21c controller/PIDController.o
                0x00000b62                _ZN10helicopter10controller13PIDController30cyclicLongitudeOuterLoopUpdateEf
 .text._ZN10helicopter10controller13PIDController28cyclicLateralOuterLoopUpdateEf
                0x00000d7e      0x238 controller/PIDController.o
                0x00000d7e                _ZN10helicopter10controller13PIDController28cyclicLateralOuterLoopUpdateEf
 .text._ZN10helicopter10controller13PIDController15outerLoopUpdateEv
                0x00000fb6      0x140 controller/PIDController.o
                0x00000fb6                _ZN10helicopter10controller13PIDController15outerLoopUpdateEv
 .text._ZN10helicopter10controller13PIDController30cyclicLongitudeInnerLoopUpdateEv
                0x000010f6      0x126 controller/PIDController.o
                0x000010f6                _ZN10helicopter10controller13PIDController30cyclicLongitudeInnerLoopUpdateEv
 .text._ZN10helicopter10controller13PIDController28cyclicLateralInnerLoopUpdateEv
                0x0000121c      0x138 controller/PIDController.o
                0x0000121c                _ZN10helicopter10controller13PIDController28cyclicLateralInnerLoopUpdateEv
 .text._ZN10helicopter7drivers12SerialDriverD2Ev
                0x00001354        0xc drivers/SerialDriver.o
                0x00001354                _ZN10helicopter7drivers12SerialDriverD1Ev
                0x00001354                _ZN10helicopter7drivers12SerialDriverD2Ev
 .text._ZN10helicopter7drivers12SerialDriver8transmitEf
                0x00001360       0x7e drivers/SerialDriver.o
                0x00001360                _ZN10helicopter7drivers12SerialDriver8transmitEf
 .text._ZN10helicopter7drivers12SerialDriver8transmitEi
                0x000013de       0x3e drivers/SerialDriver.o
                0x000013de                _ZN10helicopter7drivers12SerialDriver8transmitEi
 .text._ZN10helicopter7drivers12SerialDriver8transmitEm
                0x0000141c       0x9a drivers/SerialDriver.o
                0x0000141c                _ZN10helicopter7drivers12SerialDriver8transmitEm
 .text._ZN10helicopter7drivers12SerialDriver8transmitEl
                0x000014b6       0xa2 drivers/SerialDriver.o
                0x000014b6                _ZN10helicopter7drivers12SerialDriver8transmitEl
 .text._ZN10helicopter7drivers12SerialDriver8transmitEx
                0x00001558      0x1f8 drivers/SerialDriver.o
                0x00001558                _ZN10helicopter7drivers12SerialDriver8transmitEx
 .text._ZN10helicopter7drivers12SerialDriverD0Ev
                0x00001750       0x10 drivers/SerialDriver.o
                0x00001750                _ZN10helicopter7drivers12SerialDriverD0Ev
 .text._ZN10helicopter7drivers12SerialDriver4initEv
                0x00001760      0x15e drivers/SerialDriver.o
                0x00001760                _ZN10helicopter7drivers12SerialDriver4initEv
 .text._ZN10helicopter7drivers12SerialDriver8transmitEh
                0x000018be       0xa4 drivers/SerialDriver.o
                0x000018be                _ZN10helicopter7drivers12SerialDriver8transmitEh
 .text._ZN10helicopter7drivers12SerialDriver7receiveERh
                0x00001962       0xd6 drivers/SerialDriver.o
                0x00001962                _ZN10helicopter7drivers12SerialDriver7receiveERh
 .text._ZN10helicopter6buffer14CircularBufferC2Ei
                0x00001a38       0x3e drivers/SerialDriver.o
                0x00001a38                _ZN10helicopter6buffer14CircularBufferC2Ei
                0x00001a38                _ZN10helicopter6buffer14CircularBufferC1Ei
 .text._ZN10helicopter7drivers12SerialDriver10startTimerEv
                0x00001a76       0x10 drivers/SerialDriver.o
                0x00001a76                _ZN10helicopter7drivers12SerialDriver10startTimerEv
 .text._ZN10helicopter7drivers12SerialDriver9stopTimerEv
                0x00001a86       0x10 drivers/SerialDriver.o
                0x00001a86                _ZN10helicopter7drivers12SerialDriver9stopTimerEv
 .text._ZN10helicopter7drivers12SerialDriver8transmitEPKci
                0x00001a96       0x4c drivers/SerialDriver.o
                0x00001a96                _ZN10helicopter7drivers12SerialDriver8transmitEPKci
 .text._ZN10helicopter7drivers12SerialDriver11clearBufferEv
                0x00001ae2       0x40 drivers/SerialDriver.o
                0x00001ae2                _ZN10helicopter7drivers12SerialDriver11clearBufferEv
 .text.__vector_25
                0x00001b22       0x58 drivers/SerialDriver.o
                0x00001b22                __vector_25
 .text.__vector_26
                0x00001b7a       0x80 drivers/SerialDriver.o
                0x00001b7a                __vector_26
 .text.__vector_37
                0x00001bfa       0x80 drivers/SerialDriver.o
                0x00001bfa                __vector_37
 .text._GLOBAL__sub_I__ZN10helicopter7drivers12SerialDriver13receiveBufferE
                0x00001c7a       0x1a drivers/SerialDriver.o
 .text._GLOBAL__sub_D__ZN10helicopter7drivers12SerialDriver13receiveBufferE
                0x00001c94       0x22 drivers/SerialDriver.o
 .text._ZN10helicopter7drivers9SPIDriver4initEv
                0x00001cb6       0x12 drivers/SPIDriver.o
                0x00001cb6                _ZN10helicopter7drivers9SPIDriver4initEv
 .text._ZN10helicopter7drivers9SPIDriver16beginTransactionEv
                0x00001cc8       0x14 drivers/SPIDriver.o
                0x00001cc8                _ZN10helicopter7drivers9SPIDriver16beginTransactionEv
 .text._ZN10helicopter7drivers9SPIDriver14endTransactionEv
                0x00001cdc       0x14 drivers/SPIDriver.o
                0x00001cdc                _ZN10helicopter7drivers9SPIDriver14endTransactionEv
 .text._ZN10helicopter7drivers9SPIDriver8readByteEv
                0x00001cf0        0xc drivers/SPIDriver.o
                0x00001cf0                _ZN10helicopter7drivers9SPIDriver8readByteEv
 .text._ZN10helicopter7drivers9SPIDriver7readIntEv
                0x00001cfc       0x2a drivers/SPIDriver.o
                0x00001cfc                _ZN10helicopter7drivers9SPIDriver7readIntEv
 .text._ZN10helicopter7drivers9SPIDriver8readUIntEv
                0x00001d26       0x2a drivers/SPIDriver.o
                0x00001d26                _ZN10helicopter7drivers9SPIDriver8readUIntEv
 .text._ZN10helicopter7drivers9SPIDriver5writeEh
                0x00001d50        0xa drivers/SPIDriver.o
                0x00001d50                _ZN10helicopter7drivers9SPIDriver5writeEh
 .text._ZN10helicopter7drivers9SPIDriver16transactionWriteEh
                0x00001d5a       0x24 drivers/SPIDriver.o
                0x00001d5a                _ZN10helicopter7drivers9SPIDriver16transactionWriteEh
 .text._ZN10helicopter7drivers9SPIDriver16transactionWriteEhh
                0x00001d7e       0x32 drivers/SPIDriver.o
                0x00001d7e                _ZN10helicopter7drivers9SPIDriver16transactionWriteEhh
 .text._ZN10helicopter7drivers9TWIDriver5resetEv
                0x00001db0       0x10 drivers/TWIDriver.o
                0x00001db0                _ZN10helicopter7drivers9TWIDriver5resetEv
 .text._ZN10helicopter7drivers9TWIDriver4initEv
                0x00001dc0       0x1c drivers/TWIDriver.o
                0x00001dc0                _ZN10helicopter7drivers9TWIDriver4initEv
 .text._ZN10helicopter7drivers9TWIDriver5startEv
                0x00001ddc       0x4c drivers/TWIDriver.o
                0x00001ddc                _ZN10helicopter7drivers9TWIDriver5startEv
 .text._ZN10helicopter7drivers9TWIDriver4stopEv
                0x00001e28        0x8 drivers/TWIDriver.o
                0x00001e28                _ZN10helicopter7drivers9TWIDriver4stopEv
 .text._ZN10helicopter7drivers9TWIDriver5writeEhh
                0x00001e30       0x52 drivers/TWIDriver.o
                0x00001e30                _ZN10helicopter7drivers9TWIDriver5writeEhh
 .text._ZN10helicopter7drivers9TWIDriver8readByteEbRh
                0x00001e82       0x48 drivers/TWIDriver.o
                0x00001e82                _ZN10helicopter7drivers9TWIDriver8readByteEbRh
 .text._ZN10helicopter5tasks12FlashLEDTask4initEv
                0x00001eca       0x1a HelicopterMain.o
                0x00001eca                _ZN10helicopter5tasks12FlashLEDTask4initEv
 .text._ZN10helicopter5tasks12FlashLEDTask11runTaskImplEv
                0x00001ee4       0x44 HelicopterMain.o
                0x00001ee4                _ZN10helicopter5tasks12FlashLEDTask11runTaskImplEv
 .text._ZN10helicopter5tasks12FlashLEDTaskD2Ev
                0x00001f28        0xc HelicopterMain.o
                0x00001f28                _ZN10helicopter5tasks12FlashLEDTaskD1Ev
                0x00001f28                _ZN10helicopter5tasks12FlashLEDTaskD2Ev
 .text._ZN10helicopter5tasks12FlashLEDTaskD0Ev
                0x00001f34       0x10 HelicopterMain.o
                0x00001f34                _ZN10helicopter5tasks12FlashLEDTaskD0Ev
 .text._ZN10helicopter5model11SystemModelC2Ev
                0x00001f44      0x386 HelicopterMain.o
                0x00001f44                _ZN10helicopter5model11SystemModelC1Ev
                0x00001f44                _ZN10helicopter5model11SystemModelC2Ev
 .text._Z33setupDefaultsandReferencePositionPN10helicopter5model11SystemModelEPNS_10controller13PIDControllerE
                0x000022ca      0x260 HelicopterMain.o
                0x000022ca                _Z33setupDefaultsandReferencePositionPN10helicopter5model11SystemModelEPNS_10controller13PIDControllerE
 .text.main     0x0000252a      0xfe6 HelicopterMain.o
                0x0000252a                main
 .text._ZN10helicopter10interfaces29GroundControlStationInterface17calculateChecksumEPhiRhS3_
                0x00003510       0x36 interfaces/GroundControlStationInterface.o
                0x00003510                _ZN10helicopter10interfaces29GroundControlStationInterface17calculateChecksumEPhiRhS3_
 .text._ZN10helicopter10interfaces29GroundControlStationInterface8transmitEPNS_8messages7MessageE
                0x00003546      0x1a6 interfaces/GroundControlStationInterface.o
                0x00003546                _ZN10helicopter10interfaces29GroundControlStationInterface8transmitEPNS_8messages7MessageE
 .text._ZN10helicopter10interfaces29GroundControlStationInterface7receiveERPNS_8messages7MessageE
                0x000036ec      0x2c8 interfaces/GroundControlStationInterface.o
                0x000036ec                _ZN10helicopter10interfaces29GroundControlStationInterface7receiveERPNS_8messages7MessageE
 .text._ZN10helicopter10interfaces24RadioControllerInterface10ScaleValueEl
                0x000039b4       0x8a interfaces/RadioControllerInterface.o
                0x000039b4                _ZN10helicopter10interfaces24RadioControllerInterface10ScaleValueEl
 .text._ZN10helicopter10interfaces24RadioControllerInterface27getRadioControllerInterfaceEv
                0x00003a3e       0x8e interfaces/RadioControllerInterface.o
                0x00003a3e                _ZN10helicopter10interfaces24RadioControllerInterface27getRadioControllerInterfaceEv
 .text.__vector_46
                0x00003acc      0x1ca interfaces/RadioControllerInterface.o
                0x00003acc                __vector_46
 .text._ZN10helicopter10interfaces24RadioControllerInterface4initEv
                0x00003c96      0x10e interfaces/RadioControllerInterface.o
                0x00003c96                _ZN10helicopter10interfaces24RadioControllerInterface4initEv
 .text._ZN10helicopter10interfaces24RadioControllerInterface5startEv
                0x00003da4      0x23a interfaces/RadioControllerInterface.o
                0x00003da4                _ZN10helicopter10interfaces24RadioControllerInterface5startEv
 .text._ZN10helicopter10interfaces24RadioControllerInterface13controlServosEfffff
                0x00003fde      0x5b4 interfaces/RadioControllerInterface.o
                0x00003fde                _ZN10helicopter10interfaces24RadioControllerInterface13controlServosEfffff
 .text._ZN10helicopter8messages14ControlMessageD2Ev
                0x00004592        0xc messages/ControlMessage.o
                0x00004592                _ZN10helicopter8messages14ControlMessageD1Ev
                0x00004592                _ZN10helicopter8messages14ControlMessageD2Ev
 .text._ZN10helicopter8messages14ControlMessageD0Ev
                0x0000459e       0x10 messages/ControlMessage.o
                0x0000459e                _ZN10helicopter8messages14ControlMessageD0Ev
 .text._ZN10helicopter8messages14ControlMessage8getBytesEv
                0x000045ae       0x5c messages/ControlMessage.o
                0x000045ae                _ZN10helicopter8messages14ControlMessage8getBytesEv
 .text._ZN10helicopter8messages14ControlMessage12buildMessageEPh
                0x0000460a       0x5e messages/ControlMessage.o
                0x0000460a                _ZN10helicopter8messages14ControlMessage12buildMessageEPh
 .text._ZN10helicopter8messages12GainsMessageD2Ev
                0x00004668        0xc messages/GainsMessage.o
                0x00004668                _ZN10helicopter8messages12GainsMessageD2Ev
                0x00004668                _ZN10helicopter8messages12GainsMessageD1Ev
 .text._ZN10helicopter8messages12GainsMessageD0Ev
                0x00004674       0x10 messages/GainsMessage.o
                0x00004674                _ZN10helicopter8messages12GainsMessageD0Ev
 .text._ZN10helicopter8messages12GainsMessage8getBytesEv
                0x00004684      0x21c messages/GainsMessage.o
                0x00004684                _ZN10helicopter8messages12GainsMessage8getBytesEv
 .text._ZN10helicopter8messages12GainsMessage12buildMessageEPh
                0x000048a0      0x234 messages/GainsMessage.o
                0x000048a0                _ZN10helicopter8messages12GainsMessage12buildMessageEPh
 .text._ZN10helicopter8messages12GainsMessage14buildMessageStEPh
                0x00004ad4      0x112 messages/GainsMessage.o
                0x00004ad4                _ZN10helicopter8messages12GainsMessage14buildMessageStEPh
 .text._ZN10helicopter8messages7MessageD2Ev
                0x00004be6        0xc messages/Message.o
                0x00004be6                _ZN10helicopter8messages7MessageD1Ev
                0x00004be6                _ZN10helicopter8messages7MessageD2Ev
 .text._ZN10helicopter8messages7Message8getBytesEv
                0x00004bf2        0x6 messages/Message.o
                0x00004bf2                _ZN10helicopter8messages7Message8getBytesEv
 .text._ZN10helicopter8messages7Message12buildMessageEPh
                0x00004bf8        0x2 messages/Message.o
                0x00004bf8                _ZN10helicopter8messages7Message12buildMessageEPh
 .text._ZN10helicopter8messages7MessageD0Ev
                0x00004bfa       0x10 messages/Message.o
                0x00004bfa                _ZN10helicopter8messages7MessageD0Ev
 .text._ZN10helicopter8messages7Message14getMessageSizeEv
                0x00004c0a        0x8 messages/Message.o
                0x00004c0a                _ZN10helicopter8messages7Message14getMessageSizeEv
 .text._ZN10helicopter8messages17SensorDataMessageD2Ev
                0x00004c12        0xc messages/SensorDataMessage.o
                0x00004c12                _ZN10helicopter8messages17SensorDataMessageD1Ev
                0x00004c12                _ZN10helicopter8messages17SensorDataMessageD2Ev
 .text._ZN10helicopter8messages17SensorDataMessageD0Ev
                0x00004c1e       0x10 messages/SensorDataMessage.o
                0x00004c1e                _ZN10helicopter8messages17SensorDataMessageD0Ev
 .text._ZN10helicopter8messages17SensorDataMessage8getBytesEv
                0x00004c2e      0x12a messages/SensorDataMessage.o
                0x00004c2e                _ZN10helicopter8messages17SensorDataMessage8getBytesEv
 .text._ZN10helicopter8messages17SensorDataMessage12buildMessageEPh
                0x00004d58      0x15e messages/SensorDataMessage.o
                0x00004d58                _ZN10helicopter8messages17SensorDataMessage12buildMessageEPh
 .text._ZN10helicopter8messages17SensorDataMessage14buildMessageStEPh
                0x00004eb6       0xc2 messages/SensorDataMessage.o
                0x00004eb6                _ZN10helicopter8messages17SensorDataMessage14buildMessageStEPh
 .text._ZN10helicopter8messages22SimpleTelemetryMessageD2Ev
                0x00004f78        0xc messages/SimpleTelemetryMessage.o
                0x00004f78                _ZN10helicopter8messages22SimpleTelemetryMessageD2Ev
                0x00004f78                _ZN10helicopter8messages22SimpleTelemetryMessageD1Ev
 .text._ZN10helicopter8messages22SimpleTelemetryMessageD0Ev
                0x00004f84       0x10 messages/SimpleTelemetryMessage.o
                0x00004f84                _ZN10helicopter8messages22SimpleTelemetryMessageD0Ev
 .text._ZN10helicopter8messages22SimpleTelemetryMessage8getBytesEv
                0x00004f94      0x2d0 messages/SimpleTelemetryMessage.o
                0x00004f94                _ZN10helicopter8messages22SimpleTelemetryMessage8getBytesEv
 .text._ZN10helicopter8messages22SimpleTelemetryMessage12buildMessageEPh
                0x00005264      0x2d0 messages/SimpleTelemetryMessage.o
                0x00005264                _ZN10helicopter8messages22SimpleTelemetryMessage12buildMessageEPh
 .text._ZN10helicopter8messages22SimpleTelemetryMessage14buildMessageStEPh
                0x00005534      0x14e messages/SimpleTelemetryMessage.o
                0x00005534                _ZN10helicopter8messages22SimpleTelemetryMessage14buildMessageStEPh
 .text._ZN10helicopter8messages11SyncMessageD2Ev
                0x00005682        0xc messages/SyncMessage.o
                0x00005682                _ZN10helicopter8messages11SyncMessageD2Ev
                0x00005682                _ZN10helicopter8messages11SyncMessageD1Ev
 .text._ZN10helicopter8messages11SyncMessage12buildMessageEPh
                0x0000568e       0x18 messages/SyncMessage.o
                0x0000568e                _ZN10helicopter8messages11SyncMessage12buildMessageEPh
 .text._ZN10helicopter8messages11SyncMessageD0Ev
                0x000056a6       0x10 messages/SyncMessage.o
                0x000056a6                _ZN10helicopter8messages11SyncMessageD0Ev
 .text._ZN10helicopter8messages11SyncMessage8getBytesEv
                0x000056b6       0x1e messages/SyncMessage.o
                0x000056b6                _ZN10helicopter8messages11SyncMessage8getBytesEv
 .text._ZN10helicopter8messages22SystemTelemetryMessageD2Ev
                0x000056d4        0xc messages/SystemTelemetryMessage.o
                0x000056d4                _ZN10helicopter8messages22SystemTelemetryMessageD2Ev
                0x000056d4                _ZN10helicopter8messages22SystemTelemetryMessageD1Ev
 .text._ZN10helicopter8messages22SystemTelemetryMessageD0Ev
                0x000056e0       0x10 messages/SystemTelemetryMessage.o
                0x000056e0                _ZN10helicopter8messages22SystemTelemetryMessageD0Ev
 .text._ZN10helicopter8messages22SystemTelemetryMessage8getBytesEv
                0x000056f0      0x816 messages/SystemTelemetryMessage.o
                0x000056f0                _ZN10helicopter8messages22SystemTelemetryMessage8getBytesEv
 .text._ZN10helicopter8messages22SystemTelemetryMessage12buildMessageEPh
                0x00005f06      0x762 messages/SystemTelemetryMessage.o
                0x00005f06                _ZN10helicopter8messages22SystemTelemetryMessage12buildMessageEPh
 .text._ZN10helicopter8messages22SystemTelemetryMessage14buildMessageStEPh
                0x00006668      0x310 messages/SystemTelemetryMessage.o
                0x00006668                _ZN10helicopter8messages22SystemTelemetryMessage14buildMessageStEPh
 .text._ZN10helicopter8messages22SystemTelemetryMessage21buildMessageFromModelEPNS_5model11SystemModelE
                0x00006978      0xc82 messages/SystemTelemetryMessage.o
                0x00006978                _ZN10helicopter8messages22SystemTelemetryMessage21buildMessageFromModelEPNS_5model11SystemModelE
 .text._ZN10helicopter8messages22SystemTelemetryMessage35updateModelFromMessageFromSimulatorEPNS_5model11SystemModelE
                0x000075fa      0x288 messages/SystemTelemetryMessage.o
                0x000075fa                _ZN10helicopter8messages22SystemTelemetryMessage35updateModelFromMessageFromSimulatorEPNS_5model11SystemModelE
 .text._ZN10helicopter10navigation4AHRS14scaleAndAdjustEPfS2_fRA3_f
                0x00007882       0xbe navigation/AHRS.o
                0x00007882                _ZN10helicopter10navigation4AHRS14scaleAndAdjustEPfS2_fRA3_f
 .text._ZN10helicopter10navigation4AHRS17orthonormalizeDcmEv
                0x00007940       0xa4 navigation/AHRS.o
                0x00007940                _ZN10helicopter10navigation4AHRS17orthonormalizeDcmEv
 .text._ZN10helicopter10navigation4AHRS6updateEfffffffff
                0x000079e4      0x476 navigation/AHRS.o
                0x000079e4                _ZN10helicopter10navigation4AHRS6updateEfffffffff
 .text._ZN10helicopter10navigation4AHRS10getYawRadsEv
                0x00007e5a        0xc navigation/AHRS.o
                0x00007e5a                _ZN10helicopter10navigation4AHRS10getYawRadsEv
 .text._ZN10helicopter10navigation4AHRS12getPitchRadsEv
                0x00007e66        0xc navigation/AHRS.o
                0x00007e66                _ZN10helicopter10navigation4AHRS12getPitchRadsEv
 .text._ZN10helicopter10navigation4AHRS11getRollRadsEv
                0x00007e72        0xc navigation/AHRS.o
                0x00007e72                _ZN10helicopter10navigation4AHRS11getRollRadsEv
 .text._ZN10helicopter9scheduler9SchedulerC2Em9PRESCALERi
                0x00007e7e       0x52 scheduler/Scheduler.o
                0x00007e7e                _ZN10helicopter9scheduler9SchedulerC2Em9PRESCALERi
                0x00007e7e                _ZN10helicopter9scheduler9SchedulerC1Em9PRESCALERi
 .text._ZN10helicopter9scheduler9Scheduler12getSchedulerEv
                0x00007ed0       0x4c scheduler/Scheduler.o
                0x00007ed0                _ZN10helicopter9scheduler9Scheduler12getSchedulerEv
 .text._ZN10helicopter9scheduler9Scheduler7addTaskEPNS_5tasks4TaskE
                0x00007f1c       0x30 scheduler/Scheduler.o
                0x00007f1c                _ZN10helicopter9scheduler9Scheduler7addTaskEPNS_5tasks4TaskE
 .text._ZN10helicopter9scheduler9Scheduler4initEv
                0x00007f4c       0x78 scheduler/Scheduler.o
                0x00007f4c                _ZN10helicopter9scheduler9Scheduler4initEv
 .text._ZN10helicopter9scheduler9Scheduler8dispatchEv
                0x00007fc4       0x82 scheduler/Scheduler.o
                0x00007fc4                _ZN10helicopter9scheduler9Scheduler8dispatchEv
 .text._ZN10helicopter9scheduler9Scheduler5startEv
                0x00008046       0x72 scheduler/Scheduler.o
                0x00008046                _ZN10helicopter9scheduler9Scheduler5startEv
 .text.__vector_13
                0x000080b8       0xc6 scheduler/Scheduler.o
                0x000080b8                __vector_13
 .text._ZN10helicopter7sensors15BarometerSensor4initEv
                0x0000817e      0x1be sensors/BarometerSensor.o
                0x0000817e                _ZN10helicopter7sensors15BarometerSensor4initEv
 .text._ZN10helicopter7sensors15BarometerSensor13sendD1CommandEv
                0x0000833c        0xe sensors/BarometerSensor.o
                0x0000833c                _ZN10helicopter7sensors15BarometerSensor13sendD1CommandEv
 .text._ZN10helicopter7sensors15BarometerSensor10readD1DataEv
                0x0000834a       0x82 sensors/BarometerSensor.o
                0x0000834a                _ZN10helicopter7sensors15BarometerSensor10readD1DataEv
 .text._ZN10helicopter7sensors15BarometerSensor13sendD2CommandEv
                0x000083cc        0xe sensors/BarometerSensor.o
                0x000083cc                _ZN10helicopter7sensors15BarometerSensor13sendD2CommandEv
 .text._ZN10helicopter7sensors15BarometerSensor10readD2DataEv
                0x000083da       0x82 sensors/BarometerSensor.o
                0x000083da                _ZN10helicopter7sensors15BarometerSensor10readD2DataEv
 .text._ZN10helicopter7sensors15BarometerSensor15processBaroDataEv
                0x0000845c      0x63a sensors/BarometerSensor.o
                0x0000845c                _ZN10helicopter7sensors15BarometerSensor15processBaroDataEv
 .text._ZN10helicopter7sensors9GPSSensor14receiveAckNackEv
                0x00008a96      0x110 sensors/GPSSensor.o
                0x00008a96                _ZN10helicopter7sensors9GPSSensor14receiveAckNackEv
 .text._ZN10helicopter7sensors9GPSSensor14receiveGpsDataEmPhi
                0x00008ba6       0xfc sensors/GPSSensor.o
                0x00008ba6                _ZN10helicopter7sensors9GPSSensor14receiveGpsDataEmPhi
 .text._ZN10helicopter7sensors9GPSSensor10readSensorEPhiS2_i
                0x00008ca2       0x7c sensors/GPSSensor.o
                0x00008ca2                _ZN10helicopter7sensors9GPSSensor10readSensorEPhiS2_i
 .text._ZN10helicopter7sensors9GPSSensor21processSensorSolutionEv
                0x00008d1e      0x192 sensors/GPSSensor.o
                0x00008d1e                _ZN10helicopter7sensors9GPSSensor21processSensorSolutionEv
 .text._ZN10helicopter7sensors9GPSSensor18readSensorSolutionEv
                0x00008eb0      0x180 sensors/GPSSensor.o
                0x00008eb0                _ZN10helicopter7sensors9GPSSensor18readSensorSolutionEv
 .text._ZN10helicopter7sensors9GPSSensor19readSensorNavStatusEv
                0x00009030       0x6e sensors/GPSSensor.o
                0x00009030                _ZN10helicopter7sensors9GPSSensor19readSensorNavStatusEv
 .text._ZN10helicopter7sensors9GPSSensor13readSensorLLHEv
                0x0000909e       0xa4 sensors/GPSSensor.o
                0x0000909e                _ZN10helicopter7sensors9GPSSensor13readSensorLLHEv
 .text._ZN10helicopter7sensors9GPSSensor4initEv
                0x00009142       0xce sensors/GPSSensor.o
                0x00009142                _ZN10helicopter7sensors9GPSSensor4initEv
 .text._ZN10helicopter7sensors9GPSSensor5startEv
                0x00009210       0x52 sensors/GPSSensor.o
                0x00009210                _ZN10helicopter7sensors9GPSSensor5startEv
 .text._ZN10helicopter7sensors9GPSSensor10isGpsReadyEv
                0x00009262       0x10 sensors/GPSSensor.o
                0x00009262                _ZN10helicopter7sensors9GPSSensor10isGpsReadyEv
 .text.__vector_36
                0x00009272      0x150 sensors/GPSSensor.o
                0x00009272                __vector_36
 .text._ZN10helicopter7sensors9IMUSensor10readSensorEv
                0x000093c2      0x200 sensors/IMUSensor.o
                0x000093c2                _ZN10helicopter7sensors9IMUSensor10readSensorEv
 .text._ZN10helicopter7sensors9IMUSensor4initEv
                0x000095c2      0x4aa sensors/IMUSensor.o
                0x000095c2                _ZN10helicopter7sensors9IMUSensor4initEv
 .text._ZN10helicopter7sensors18MagnetometerSensorC2EPNS_7drivers9TWIDriverE
                0x00009a6c       0x70 sensors/MagnetometerSensor.o
                0x00009a6c                _ZN10helicopter7sensors18MagnetometerSensorC1EPNS_7drivers9TWIDriverE
                0x00009a6c                _ZN10helicopter7sensors18MagnetometerSensorC2EPNS_7drivers9TWIDriverE
 .text._ZN10helicopter7sensors18MagnetometerSensor10readSensorEv
                0x00009adc      0x31c sensors/MagnetometerSensor.o
                0x00009adc                _ZN10helicopter7sensors18MagnetometerSensor10readSensorEv
 .text._ZN10helicopter7sensors18MagnetometerSensor4initEv
                0x00009df8      0x59e sensors/MagnetometerSensor.o
                0x00009df8                _ZN10helicopter7sensors18MagnetometerSensor4initEv
 .text._ZN10helicopter5tasks4Task4initEv
                0x0000a396        0x2 tasks/NavigationTask.o
                0x0000a396                _ZN10helicopter5tasks4Task4initEv
 .text._ZN10helicopter5tasks14NavigationTaskD2Ev
                0x0000a398        0xc tasks/NavigationTask.o
                0x0000a398                _ZN10helicopter5tasks14NavigationTaskD1Ev
                0x0000a398                _ZN10helicopter5tasks14NavigationTaskD2Ev
 .text._ZN10helicopter5tasks14NavigationTaskD0Ev
                0x0000a3a4       0x10 tasks/NavigationTask.o
                0x0000a3a4                _ZN10helicopter5tasks14NavigationTaskD0Ev
 .text._ZN10helicopter5tasks14NavigationTask11runTaskImplEv
                0x0000a3b4      0x1ca tasks/NavigationTask.o
                0x0000a3b4                _ZN10helicopter5tasks14NavigationTask11runTaskImplEv
 .text._ZN10helicopter5tasks14NavigationTaskC2EfPNS_10navigation4AHRSEPNS_5model11SystemModelEii
                0x0000a57e       0x7a tasks/NavigationTask.o
                0x0000a57e                _ZN10helicopter5tasks14NavigationTaskC2EfPNS_10navigation4AHRSEPNS_5model11SystemModelEii
                0x0000a57e                _ZN10helicopter5tasks14NavigationTaskC1EfPNS_10navigation4AHRSEPNS_5model11SystemModelEii
 .text._ZN10helicopter5tasks16PIDInnerLoopTaskD2Ev
                0x0000a5f8        0xc tasks/PIDInnerLoopTask.o
                0x0000a5f8                _ZN10helicopter5tasks16PIDInnerLoopTaskD1Ev
                0x0000a5f8                _ZN10helicopter5tasks16PIDInnerLoopTaskD2Ev
 .text._ZN10helicopter5tasks16PIDInnerLoopTaskD0Ev
                0x0000a604       0x10 tasks/PIDInnerLoopTask.o
                0x0000a604                _ZN10helicopter5tasks16PIDInnerLoopTaskD0Ev
 .text._ZN10helicopter5tasks16PIDInnerLoopTask11runTaskImplEv
                0x0000a614       0x1c tasks/PIDInnerLoopTask.o
                0x0000a614                _ZN10helicopter5tasks16PIDInnerLoopTask11runTaskImplEv
 .text._ZN10helicopter5tasks16PIDInnerLoopTaskC2EPNS_10controller13PIDControllerEii
                0x0000a630       0x2a tasks/PIDInnerLoopTask.o
                0x0000a630                _ZN10helicopter5tasks16PIDInnerLoopTaskC2EPNS_10controller13PIDControllerEii
                0x0000a630                _ZN10helicopter5tasks16PIDInnerLoopTaskC1EPNS_10controller13PIDControllerEii
 .text._ZN10helicopter5tasks16PIDOuterLoopTaskD2Ev
                0x0000a65a        0xc tasks/PIDOuterLoopTask.o
                0x0000a65a                _ZN10helicopter5tasks16PIDOuterLoopTaskD1Ev
                0x0000a65a                _ZN10helicopter5tasks16PIDOuterLoopTaskD2Ev
 .text._ZN10helicopter5tasks16PIDOuterLoopTaskD0Ev
                0x0000a666       0x10 tasks/PIDOuterLoopTask.o
                0x0000a666                _ZN10helicopter5tasks16PIDOuterLoopTaskD0Ev
 .text._ZN10helicopter5tasks16PIDOuterLoopTask11runTaskImplEv
                0x0000a676        0xc tasks/PIDOuterLoopTask.o
                0x0000a676                _ZN10helicopter5tasks16PIDOuterLoopTask11runTaskImplEv
 .text._ZN10helicopter5tasks16PIDOuterLoopTaskC2EPNS_10controller13PIDControllerEii
                0x0000a682       0x2a tasks/PIDOuterLoopTask.o
                0x0000a682                _ZN10helicopter5tasks16PIDOuterLoopTaskC1EPNS_10controller13PIDControllerEii
                0x0000a682                _ZN10helicopter5tasks16PIDOuterLoopTaskC2EPNS_10controller13PIDControllerEii
 .text._ZN10helicopter5tasks16PVNavigationTaskD2Ev
                0x0000a6ac        0xc tasks/PVNavigationTask.o
                0x0000a6ac                _ZN10helicopter5tasks16PVNavigationTaskD1Ev
                0x0000a6ac                _ZN10helicopter5tasks16PVNavigationTaskD2Ev
 .text._ZN10helicopter5tasks16PVNavigationTaskD0Ev
                0x0000a6b8       0x10 tasks/PVNavigationTask.o
                0x0000a6b8                _ZN10helicopter5tasks16PVNavigationTaskD0Ev
 .text._ZN10helicopter5tasks16PVNavigationTask11runTaskImplEv
                0x0000a6c8      0x39e tasks/PVNavigationTask.o
                0x0000a6c8                _ZN10helicopter5tasks16PVNavigationTask11runTaskImplEv
 .text._ZN10helicopter5tasks16PVNavigationTaskC2EfPNS_10navigation4AHRSEPNS_5model11SystemModelEii
                0x0000aa66       0x62 tasks/PVNavigationTask.o
                0x0000aa66                _ZN10helicopter5tasks16PVNavigationTaskC2EfPNS_10navigation4AHRSEPNS_5model11SystemModelEii
                0x0000aa66                _ZN10helicopter5tasks16PVNavigationTaskC1EfPNS_10navigation4AHRSEPNS_5model11SystemModelEii
 .text._ZN10helicopter5tasks23ReadBarometerSensorTaskD2Ev
                0x0000aac8        0xc tasks/ReadBarometerSensorTask.o
                0x0000aac8                _ZN10helicopter5tasks23ReadBarometerSensorTaskD1Ev
                0x0000aac8                _ZN10helicopter5tasks23ReadBarometerSensorTaskD2Ev
 .text._ZN10helicopter5tasks23ReadBarometerSensorTaskD0Ev
                0x0000aad4       0x10 tasks/ReadBarometerSensorTask.o
                0x0000aad4                _ZN10helicopter5tasks23ReadBarometerSensorTaskD0Ev
 .text._ZN10helicopter5tasks23ReadBarometerSensorTask11runTaskImplEv
                0x0000aae4       0xaa tasks/ReadBarometerSensorTask.o
                0x0000aae4                _ZN10helicopter5tasks23ReadBarometerSensorTask11runTaskImplEv
 .text._ZN10helicopter5tasks23ReadBarometerSensorTaskC2EPNS_5model11SystemModelEPNS_7sensors15BarometerSensorEii
                0x0000ab8e       0x44 tasks/ReadBarometerSensorTask.o
                0x0000ab8e                _ZN10helicopter5tasks23ReadBarometerSensorTaskC2EPNS_5model11SystemModelEPNS_7sensors15BarometerSensorEii
                0x0000ab8e                _ZN10helicopter5tasks23ReadBarometerSensorTaskC1EPNS_5model11SystemModelEPNS_7sensors15BarometerSensorEii
 .text._ZN10helicopter5tasks17ReadGPSSensorTaskD2Ev
                0x0000abd2        0xc tasks/ReadGPSSensorTask.o
                0x0000abd2                _ZN10helicopter5tasks17ReadGPSSensorTaskD2Ev
                0x0000abd2                _ZN10helicopter5tasks17ReadGPSSensorTaskD1Ev
 .text._ZN10helicopter5tasks17ReadGPSSensorTaskD0Ev
                0x0000abde       0x10 tasks/ReadGPSSensorTask.o
                0x0000abde                _ZN10helicopter5tasks17ReadGPSSensorTaskD0Ev
 .text._ZN10helicopter5tasks17ReadGPSSensorTask11runTaskImplEv
                0x0000abee       0xea tasks/ReadGPSSensorTask.o
                0x0000abee                _ZN10helicopter5tasks17ReadGPSSensorTask11runTaskImplEv
 .text._ZN10helicopter5tasks17ReadGPSSensorTaskC2EPNS_5model11SystemModelEPNS_7sensors9GPSSensorEii
                0x0000acd8       0x44 tasks/ReadGPSSensorTask.o
                0x0000acd8                _ZN10helicopter5tasks17ReadGPSSensorTaskC2EPNS_5model11SystemModelEPNS_7sensors9GPSSensorEii
                0x0000acd8                _ZN10helicopter5tasks17ReadGPSSensorTaskC1EPNS_5model11SystemModelEPNS_7sensors9GPSSensorEii
 .text._ZN10helicopter5tasks17ReadIMUSensorTaskD2Ev
                0x0000ad1c        0xc tasks/ReadIMUSensorTask.o
                0x0000ad1c                _ZN10helicopter5tasks17ReadIMUSensorTaskD2Ev
                0x0000ad1c                _ZN10helicopter5tasks17ReadIMUSensorTaskD1Ev
 .text._ZN10helicopter5tasks17ReadIMUSensorTaskD0Ev
                0x0000ad28       0x10 tasks/ReadIMUSensorTask.o
                0x0000ad28                _ZN10helicopter5tasks17ReadIMUSensorTaskD0Ev
 .text._ZN10helicopter5tasks17ReadIMUSensorTask11runTaskImplEv
                0x0000ad38       0xd2 tasks/ReadIMUSensorTask.o
                0x0000ad38                _ZN10helicopter5tasks17ReadIMUSensorTask11runTaskImplEv
 .text._ZN10helicopter5tasks17ReadIMUSensorTaskC2EPNS_5model11SystemModelEPNS_7sensors9IMUSensorEii
                0x0000ae0a       0x40 tasks/ReadIMUSensorTask.o
                0x0000ae0a                _ZN10helicopter5tasks17ReadIMUSensorTaskC1EPNS_5model11SystemModelEPNS_7sensors9IMUSensorEii
                0x0000ae0a                _ZN10helicopter5tasks17ReadIMUSensorTaskC2EPNS_5model11SystemModelEPNS_7sensors9IMUSensorEii
 .text._ZN10helicopter5tasks26ReadMagnetometerSensorTaskD2Ev
                0x0000ae4a        0xc tasks/ReadMagnetometerSensorTask.o
                0x0000ae4a                _ZN10helicopter5tasks26ReadMagnetometerSensorTaskD2Ev
                0x0000ae4a                _ZN10helicopter5tasks26ReadMagnetometerSensorTaskD1Ev
 .text._ZN10helicopter5tasks26ReadMagnetometerSensorTaskD0Ev
                0x0000ae56       0x10 tasks/ReadMagnetometerSensorTask.o
                0x0000ae56                _ZN10helicopter5tasks26ReadMagnetometerSensorTaskD0Ev
 .text._ZN10helicopter5tasks26ReadMagnetometerSensorTask11runTaskImplEv
                0x0000ae66       0x96 tasks/ReadMagnetometerSensorTask.o
                0x0000ae66                _ZN10helicopter5tasks26ReadMagnetometerSensorTask11runTaskImplEv
 .text._ZN10helicopter5tasks26ReadMagnetometerSensorTaskC2EPNS_5model11SystemModelEPNS_7sensors18MagnetometerSensorEii
                0x0000aefc       0x40 tasks/ReadMagnetometerSensorTask.o
                0x0000aefc                _ZN10helicopter5tasks26ReadMagnetometerSensorTaskC1EPNS_5model11SystemModelEPNS_7sensors18MagnetometerSensorEii
                0x0000aefc                _ZN10helicopter5tasks26ReadMagnetometerSensorTaskC2EPNS_5model11SystemModelEPNS_7sensors18MagnetometerSensorEii
 .text._ZN10helicopter5tasks16ServoControlTaskD2Ev
                0x0000af3c        0xc tasks/ServoControlTask.o
                0x0000af3c                _ZN10helicopter5tasks16ServoControlTaskD1Ev
                0x0000af3c                _ZN10helicopter5tasks16ServoControlTaskD2Ev
 .text._ZN10helicopter5tasks16ServoControlTaskD0Ev
                0x0000af48       0x10 tasks/ServoControlTask.o
                0x0000af48                _ZN10helicopter5tasks16ServoControlTaskD0Ev
 .text._ZN10helicopter5tasks16ServoControlTask11runTaskImplEv
                0x0000af58       0x84 tasks/ServoControlTask.o
                0x0000af58                _ZN10helicopter5tasks16ServoControlTask11runTaskImplEv
 .text._ZN10helicopter5tasks16ServoControlTaskC2EPNS_5model11SystemModelEPNS_10interfaces24RadioControllerInterfaceEii
                0x0000afdc       0x40 tasks/ServoControlTask.o
                0x0000afdc                _ZN10helicopter5tasks16ServoControlTaskC2EPNS_5model11SystemModelEPNS_10interfaces24RadioControllerInterfaceEii
                0x0000afdc                _ZN10helicopter5tasks16ServoControlTaskC1EPNS_5model11SystemModelEPNS_10interfaces24RadioControllerInterfaceEii
 .text._ZN10helicopter5tasks16SimTelemetryTaskD2Ev
                0x0000b01c        0xc tasks/SimTelemetryTask.o
                0x0000b01c                _ZN10helicopter5tasks16SimTelemetryTaskD1Ev
                0x0000b01c                _ZN10helicopter5tasks16SimTelemetryTaskD2Ev
 .text._ZN10helicopter5tasks16SimTelemetryTaskD0Ev
                0x0000b028       0x10 tasks/SimTelemetryTask.o
                0x0000b028                _ZN10helicopter5tasks16SimTelemetryTaskD0Ev
 .text._ZN10helicopter5tasks16SimTelemetryTask11runTaskImplEv
                0x0000b038      0x8ee tasks/SimTelemetryTask.o
                0x0000b038                _ZN10helicopter5tasks16SimTelemetryTask11runTaskImplEv
 .text._ZN10helicopter5tasks16SimTelemetryTaskC2EPNS_10interfaces29GroundControlStationInterfaceEPNS_5model11SystemModelEPNS_10controller13PIDControllerENS1_13DATATORECEIVEEii
                0x0000b926       0x5c tasks/SimTelemetryTask.o
                0x0000b926                _ZN10helicopter5tasks16SimTelemetryTaskC1EPNS_10interfaces29GroundControlStationInterfaceEPNS_5model11SystemModelEPNS_10controller13PIDControllerENS1_13DATATORECEIVEEii
                0x0000b926                _ZN10helicopter5tasks16SimTelemetryTaskC2EPNS_10interfaces29GroundControlStationInterfaceEPNS_5model11SystemModelEPNS_10controller13PIDControllerENS1_13DATATORECEIVEEii
 .text._ZN10helicopter5tasks4Task11runTaskImplEv
                0x0000b982        0x2 tasks/Task.o
                0x0000b982                _ZN10helicopter5tasks4Task11runTaskImplEv
 .text._ZN10helicopter5tasks4TaskD2Ev
                0x0000b984        0xc tasks/Task.o
                0x0000b984                _ZN10helicopter5tasks4TaskD2Ev
                0x0000b984                _ZN10helicopter5tasks4TaskD1Ev
 .text._ZN10helicopter5tasks4Task7runTaskEv
                0x0000b990       0x10 tasks/Task.o
                0x0000b990                _ZN10helicopter5tasks4Task7runTaskEv
 .text._ZN10helicopter5tasks4TaskD0Ev
                0x0000b9a0       0x10 tasks/Task.o
                0x0000b9a0                _ZN10helicopter5tasks4TaskD0Ev
 .text._ZN10helicopter5tasks4TaskC2Eii
                0x0000b9b0       0x16 tasks/Task.o
                0x0000b9b0                _ZN10helicopter5tasks4TaskC2Eii
                0x0000b9b0                _ZN10helicopter5tasks4TaskC1Eii
 .text._ZN10helicopter5tasks21TransmitTelemetryTaskD2Ev
                0x0000b9c6        0xc tasks/TransmitTelemetryTask.o
                0x0000b9c6                _ZN10helicopter5tasks21TransmitTelemetryTaskD1Ev
                0x0000b9c6                _ZN10helicopter5tasks21TransmitTelemetryTaskD2Ev
 .text._ZN10helicopter5tasks21TransmitTelemetryTaskD0Ev
                0x0000b9d2       0x10 tasks/TransmitTelemetryTask.o
                0x0000b9d2                _ZN10helicopter5tasks21TransmitTelemetryTaskD0Ev
 .text._ZN10helicopter5tasks21TransmitTelemetryTask11runTaskImplEv
                0x0000b9e2      0x7da tasks/TransmitTelemetryTask.o
                0x0000b9e2                _ZN10helicopter5tasks21TransmitTelemetryTask11runTaskImplEv
 .text._ZN10helicopter5tasks21TransmitTelemetryTaskC2EPNS_10interfaces29GroundControlStationInterfaceEPNS_5model11SystemModelENS1_10DATATOSENDEii
                0x0000c1bc       0x50 tasks/TransmitTelemetryTask.o
                0x0000c1bc                _ZN10helicopter5tasks21TransmitTelemetryTaskC2EPNS_10interfaces29GroundControlStationInterfaceEPNS_5model11SystemModelENS1_10DATATOSENDEii
                0x0000c1bc                _ZN10helicopter5tasks21TransmitTelemetryTaskC1EPNS_10interfaces29GroundControlStationInterfaceEPNS_5model11SystemModelENS1_10DATATOSENDEii
 .text._Znwj    0x0000c20c        0x6 util/CommonHeader.o
                0x0000c20c                _Znwj
 .text._ZdlPv   0x0000c212        0xa util/CommonHeader.o
                0x0000c212                _ZdlPv
 .text._Znaj    0x0000c21c        0x6 util/CommonHeader.o
                0x0000c21c                _Znaj
 .text._ZdaPv   0x0000c222        0xa util/CommonHeader.o
                0x0000c222                _ZdaPv
 .text._ZN10helicopter4util14CoordinateUtil37CalculateECEFToLocalNEDRotationMatrixEffRA3_A3_f
                0x0000c22c      0x160 util/CoordinateUtil.o
                0x0000c22c                _ZN10helicopter4util14CoordinateUtil37CalculateECEFToLocalNEDRotationMatrixEffRA3_A3_f
 .text._ZN10helicopter4util14CoordinateUtil25ConvertFromECEFToLocalNEDEllllllPA3_fRfS4_S4_
                0x0000c38c      0x122 util/CoordinateUtil.o
                0x0000c38c                _ZN10helicopter4util14CoordinateUtil25ConvertFromECEFToLocalNEDEllllllPA3_fRfS4_S4_
 .text._ZN10helicopter4util10MatrixUtil18createLookupTablesEv
                0x0000c4ae       0x4e util/MatrixUtil.o
                0x0000c4ae                _ZN10helicopter4util10MatrixUtil18createLookupTablesEv
 .text._ZN10helicopter4util10MatrixUtil12CrossProductEPfS2_RA3_f
                0x0000c4fc      0x102 util/MatrixUtil.o
                0x0000c4fc                _ZN10helicopter4util10MatrixUtil12CrossProductEPfS2_RA3_f
 .text._ZN10helicopter4util10MatrixUtil9NormalizeERA3_f
                0x0000c5fe      0x11a util/MatrixUtil.o
                0x0000c5fe                _ZN10helicopter4util10MatrixUtil9NormalizeERA3_f
 .text._ZN10helicopter4util10MatrixUtil20CreateRotationMatrixEfffRA3_A3_f
                0x0000c718      0x266 util/MatrixUtil.o
                0x0000c718                _ZN10helicopter4util10MatrixUtil20CreateRotationMatrixEfffRA3_A3_f
 .text._ZN10helicopter4util10MatrixUtil13RotateMatrixTEPA3_fPfRS2_
                0x0000c97e       0xc4 util/MatrixUtil.o
                0x0000c97e                _ZN10helicopter4util10MatrixUtil13RotateMatrixTEPA3_fPfRS2_
 .text._ZN10helicopter4util10MatrixUtil12RotateMatrixEPA3_fPiRS2_
                0x0000ca42       0xda util/MatrixUtil.o
                0x0000ca42                _ZN10helicopter4util10MatrixUtil12RotateMatrixEPA3_fPiRS2_
 .text._ZN10helicopter4util10MatrixUtil12RotateMatrixEPA3_fPfRS2_
                0x0000cb1c       0xc2 util/MatrixUtil.o
                0x0000cb1c                _ZN10helicopter4util10MatrixUtil12RotateMatrixEPA3_fPfRS2_
 .text._ZN10helicopter4util10MatrixUtil10DotProductEPfS2_
                0x0000cbde       0x88 util/MatrixUtil.o
                0x0000cbde                _ZN10helicopter4util10MatrixUtil10DotProductEPfS2_
 .text._ZN10helicopter4util5Timer11hasTimedoutEv
                0x0000cc66       0x1c util/Timer.o
                0x0000cc66                _ZN10helicopter4util5Timer11hasTimedoutEv
 .text._ZN10helicopter4util5Timer9stopTimerEv
                0x0000cc82       0x1a util/Timer.o
                0x0000cc82                _ZN10helicopter4util5Timer9stopTimerEv
 .text._ZN10helicopter4util5Timer10startTimerEv
                0x0000cc9c       0xaa util/Timer.o
                0x0000cc9c                _ZN10helicopter4util5Timer10startTimerEv
 .text.__vector_21
                0x0000cd46       0x2e util/Timer.o
                0x0000cd46                __vector_21
 .text.avr-libc.fplib
                0x0000cd74        0xa c:/program files (x86)/atmel/atmel toolchain/avr8 gcc/native/3.4.1061/avr8-gnu-toolchain/bin/../lib/gcc/avr/4.8.1/../../../../avr/lib/avr6\libm.a(addsf3.o)
                0x0000cd74                __subsf3
                0x0000cd76                __addsf3
 .text.avr-libc.fplib
                0x0000cd7e       0xc0 c:/program files (x86)/atmel/atmel toolchain/avr8 gcc/native/3.4.1061/avr8-gnu-toolchain/bin/../lib/gcc/avr/4.8.1/../../../../avr/lib/avr6\libm.a(addsf3x.o)
                0x0000cd98                __addsf3x
 .text.avr-libc.fplib
                0x0000ce3e       0x2e c:/program files (x86)/atmel/atmel toolchain/avr8 gcc/native/3.4.1061/avr8-gnu-toolchain/bin/../lib/gcc/avr/4.8.1/../../../../avr/lib/avr6\libm.a(asin.o)
                0x0000ce3e                asin
 .text.avr-libc.fplib
                0x0000ce6c       0x74 c:/program files (x86)/atmel/atmel toolchain/avr8 gcc/native/3.4.1061/avr8-gnu-toolchain/bin/../lib/gcc/avr/4.8.1/../../../../avr/lib/avr6\libm.a(atan2.o)
                0x0000ce8a                atan2
 .text.avr-libc.fplib
                0x0000cee0       0x50 c:/program files (x86)/atmel/atmel toolchain/avr8 gcc/native/3.4.1061/avr8-gnu-toolchain/bin/../lib/gcc/avr/4.8.1/../../../../avr/lib/avr6\libm.a(atan.o)
                0x0000cee0                atan
 .text.avr-libc.fplib
                0x0000cf30        0x8 c:/program files (x86)/atmel/atmel toolchain/avr8 gcc/native/3.4.1061/avr8-gnu-toolchain/bin/../lib/gcc/avr/4.8.1/../../../../avr/lib/avr6\libm.a(cmpsf2.o)
                0x0000cf30                __nesf2
                0x0000cf30                __eqsf2
                0x0000cf30                __cmpsf2
                0x0000cf30                __ltsf2
                0x0000cf30                __lesf2
 .text.avr-libc.fplib
                0x0000cf38        0x6 c:/program files (x86)/atmel/atmel toolchain/avr8 gcc/native/3.4.1061/avr8-gnu-toolchain/bin/../lib/gcc/avr/4.8.1/../../../../avr/lib/avr6\libm.a(cos.o)
                0x0000cf38                cos
 .text.avr-libc.fplib
                0x0000cf3e        0x4 c:/program files (x86)/atmel/atmel toolchain/avr8 gcc/native/3.4.1061/avr8-gnu-toolchain/bin/../lib/gcc/avr/4.8.1/../../../../avr/lib/avr6\libm.a(divsf3.o)
                0x0000cf3e                __divsf3
 .text.avr-libc.fplib
                0x0000cf42       0xcc c:/program files (x86)/atmel/atmel toolchain/avr8 gcc/native/3.4.1061/avr8-gnu-toolchain/bin/../lib/gcc/avr/4.8.1/../../../../avr/lib/avr6\libm.a(divsf3x.o)
                0x0000cf58                __divsf3x
                0x0000cf5c                __divsf3_pse
 .text.avr-libc.fplib
                0x0000d00e        0xa c:/program files (x86)/atmel/atmel toolchain/avr8 gcc/native/3.4.1061/avr8-gnu-toolchain/bin/../lib/gcc/avr/4.8.1/../../../../avr/lib/avr6\libm.a(fixsfsi.o)
                0x0000d00e                __fixsfsi
 .text.avr-libc.fplib
                0x0000d018       0x58 c:/program files (x86)/atmel/atmel toolchain/avr8 gcc/native/3.4.1061/avr8-gnu-toolchain/bin/../lib/gcc/avr/4.8.1/../../../../avr/lib/avr6\libm.a(fixunssfsi.o)
                0x0000d018                __fixunssfsi
 .text.avr-libc.fplib
                0x0000d070       0x7a c:/program files (x86)/atmel/atmel toolchain/avr8 gcc/native/3.4.1061/avr8-gnu-toolchain/bin/../lib/gcc/avr/4.8.1/../../../../avr/lib/avr6\libm.a(floatsisf.o)
                0x0000d070                __floatunsisf
                0x0000d074                __floatsisf
 .text.avr-libc.fplib
                0x0000d0ea       0x26 c:/program files (x86)/atmel/atmel toolchain/avr8 gcc/native/3.4.1061/avr8-gnu-toolchain/bin/../lib/gcc/avr/4.8.1/../../../../avr/lib/avr6\libm.a(floor.o)
                0x0000d0ea                floor
 .text.avr-libc.fplib
                0x0000d110       0x36 c:/program files (x86)/atmel/atmel toolchain/avr8 gcc/native/3.4.1061/avr8-gnu-toolchain/bin/../lib/gcc/avr/4.8.1/../../../../avr/lib/avr6\libm.a(fp_arccos.o)
                0x0000d110                __fp_arccos
 .text.avr-libc.fplib
                0x0000d146       0x48 c:/program files (x86)/atmel/atmel toolchain/avr8 gcc/native/3.4.1061/avr8-gnu-toolchain/bin/../lib/gcc/avr/4.8.1/../../../../avr/lib/avr6\libm.a(fp_cmp.o)
                0x0000d146                __fp_cmp
 .text.avr-libc.fplib
                0x0000d18e        0xc c:/program files (x86)/atmel/atmel toolchain/avr8 gcc/native/3.4.1061/avr8-gnu-toolchain/bin/../lib/gcc/avr/4.8.1/../../../../avr/lib/avr6\libm.a(fp_inf.o)
                0x0000d18e                __fp_inf
 .text.avr-libc.fplib
                0x0000d19a       0x36 c:/program files (x86)/atmel/atmel toolchain/avr8 gcc/native/3.4.1061/avr8-gnu-toolchain/bin/../lib/gcc/avr/4.8.1/../../../../avr/lib/avr6\libm.a(fp_mintl.o)
                0x0000d19a                __fp_mintl
 .text.avr-libc.fplib
                0x0000d1d0       0x1c c:/program files (x86)/atmel/atmel toolchain/avr8 gcc/native/3.4.1061/avr8-gnu-toolchain/bin/../lib/gcc/avr/4.8.1/../../../../avr/lib/avr6\libm.a(fp_mpack.o)
                0x0000d1d0                __fp_mpack
                0x0000d1d4                __fp_mpack_finite
 .text.avr-libc.fplib
                0x0000d1ec        0x6 c:/program files (x86)/atmel/atmel toolchain/avr8 gcc/native/3.4.1061/avr8-gnu-toolchain/bin/../lib/gcc/avr/4.8.1/../../../../avr/lib/avr6\libm.a(fp_nan.o)
                0x0000d1ec                __fp_nan
 .text.avr-libc.fplib
                0x0000d1f2       0x4a c:/program files (x86)/atmel/atmel toolchain/avr8 gcc/native/3.4.1061/avr8-gnu-toolchain/bin/../lib/gcc/avr/4.8.1/../../../../avr/lib/avr6\libm.a(fp_powser.o)
                0x0000d1f2                __fp_powser
 .text.avr-libc.fplib
                0x0000d23c       0x22 c:/program files (x86)/atmel/atmel toolchain/avr8 gcc/native/3.4.1061/avr8-gnu-toolchain/bin/../lib/gcc/avr/4.8.1/../../../../avr/lib/avr6\libm.a(fp_powsodd.o)
                0x0000d23c                __fp_powsodd
 .text.avr-libc.fplib
                0x0000d25e        0xe c:/program files (x86)/atmel/atmel toolchain/avr8 gcc/native/3.4.1061/avr8-gnu-toolchain/bin/../lib/gcc/avr/4.8.1/../../../../avr/lib/avr6\libm.a(fp_pscA.o)
                0x0000d25e                __fp_pscA
 .text.avr-libc.fplib
                0x0000d26c        0xe c:/program files (x86)/atmel/atmel toolchain/avr8 gcc/native/3.4.1061/avr8-gnu-toolchain/bin/../lib/gcc/avr/4.8.1/../../../../avr/lib/avr6\libm.a(fp_pscB.o)
                0x0000d26c                __fp_pscB
 .text.avr-libc.fplib
                0x0000d27a       0x50 c:/program files (x86)/atmel/atmel toolchain/avr8 gcc/native/3.4.1061/avr8-gnu-toolchain/bin/../lib/gcc/avr/4.8.1/../../../../avr/lib/avr6\libm.a(fp_rempio2.o)
                0x0000d27c                __fp_rempio2
 .text.avr-libc.fplib
                0x0000d2ca       0x22 c:/program files (x86)/atmel/atmel toolchain/avr8 gcc/native/3.4.1061/avr8-gnu-toolchain/bin/../lib/gcc/avr/4.8.1/../../../../avr/lib/avr6\libm.a(fp_round.o)
                0x0000d2ca                __fp_round
 .text.avr-libc.fplib
                0x0000d2ec       0x22 c:/program files (x86)/atmel/atmel toolchain/avr8 gcc/native/3.4.1061/avr8-gnu-toolchain/bin/../lib/gcc/avr/4.8.1/../../../../avr/lib/avr6\libm.a(fp_sinus.o)
                0x0000d2ec                __fp_sinus
 .text.avr-libc.fplib
                0x0000d30e       0x44 c:/program files (x86)/atmel/atmel toolchain/avr8 gcc/native/3.4.1061/avr8-gnu-toolchain/bin/../lib/gcc/avr/4.8.1/../../../../avr/lib/avr6\libm.a(fp_split3.o)
                0x0000d30e                __fp_split3
                0x0000d31e                __fp_splitA
 .text.avr-libc.fplib
                0x0000d352       0x2e c:/program files (x86)/atmel/atmel toolchain/avr8 gcc/native/3.4.1061/avr8-gnu-toolchain/bin/../lib/gcc/avr/4.8.1/../../../../avr/lib/avr6\libm.a(fp_trunc.o)
                0x0000d352                __fp_trunc
 .text.avr-libc.fplib
                0x0000d380        0xe c:/program files (x86)/atmel/atmel toolchain/avr8 gcc/native/3.4.1061/avr8-gnu-toolchain/bin/../lib/gcc/avr/4.8.1/../../../../avr/lib/avr6\libm.a(fp_zero.o)
                0x0000d380                __fp_zero
                0x0000d382                __fp_szero
 .text.avr-libc.fplib
                0x0000d38e        0x8 c:/program files (x86)/atmel/atmel toolchain/avr8 gcc/native/3.4.1061/avr8-gnu-toolchain/bin/../lib/gcc/avr/4.8.1/../../../../avr/lib/avr6\libm.a(gesf2.o)
                0x0000d38e                __gesf2
                0x0000d38e                __gtsf2
 .text.avr-libc.fplib
                0x0000d396        0xe c:/program files (x86)/atmel/atmel toolchain/avr8 gcc/native/3.4.1061/avr8-gnu-toolchain/bin/../lib/gcc/avr/4.8.1/../../../../avr/lib/avr6\libm.a(inverse.o)
                0x0000d396                inverse
 .text.avr-libc.fplib
                0x0000d3a4        0xc c:/program files (x86)/atmel/atmel toolchain/avr8 gcc/native/3.4.1061/avr8-gnu-toolchain/bin/../lib/gcc/avr/4.8.1/../../../../avr/lib/avr6\libm.a(log10.o)
                0x0000d3a4                log10
 .text.avr-libc.fplib
                0x0000d3b0       0x8a c:/program files (x86)/atmel/atmel toolchain/avr8 gcc/native/3.4.1061/avr8-gnu-toolchain/bin/../lib/gcc/avr/4.8.1/../../../../avr/lib/avr6\libm.a(log.o)
                0x0000d3ba                log
 .text.avr-libc.fplib
                0x0000d43a        0x4 c:/program files (x86)/atmel/atmel toolchain/avr8 gcc/native/3.4.1061/avr8-gnu-toolchain/bin/../lib/gcc/avr/4.8.1/../../../../avr/lib/avr6\libm.a(mulsf3.o)
                0x0000d43a                __mulsf3
 .text.avr-libc.fplib
                0x0000d43e       0xc2 c:/program files (x86)/atmel/atmel toolchain/avr8 gcc/native/3.4.1061/avr8-gnu-toolchain/bin/../lib/gcc/avr/4.8.1/../../../../avr/lib/avr6\libm.a(mulsf3x.o)
                0x0000d452                __mulsf3x
                0x0000d456                __mulsf3_pse
 .text.avr-libc.fplib
                0x0000d500       0x98 c:/program files (x86)/atmel/atmel toolchain/avr8 gcc/native/3.4.1061/avr8-gnu-toolchain/bin/../lib/gcc/avr/4.8.1/../../../../avr/lib/avr6\libm.a(pow.o)
                0x0000d500                pow
 .text.avr-libc.fplib
                0x0000d598        0xc c:/program files (x86)/atmel/atmel toolchain/avr8 gcc/native/3.4.1061/avr8-gnu-toolchain/bin/../lib/gcc/avr/4.8.1/../../../../avr/lib/avr6\libm.a(sin.o)
                0x0000d598                sin
 .text.avr-libc.fplib
                0x0000d5a4       0x84 c:/program files (x86)/atmel/atmel toolchain/avr8 gcc/native/3.4.1061/avr8-gnu-toolchain/bin/../lib/gcc/avr/4.8.1/../../../../avr/lib/avr6\libm.a(sqrt.o)
                0x0000d5ac                sqrt
 .text.avr-libc.fplib
                0x0000d628        0x6 c:/program files (x86)/atmel/atmel toolchain/avr8 gcc/native/3.4.1061/avr8-gnu-toolchain/bin/../lib/gcc/avr/4.8.1/../../../../avr/lib/avr6\libm.a(square.o)
                0x0000d628                square
 .text.avr-libc.fplib
                0x0000d62e        0x8 c:/program files (x86)/atmel/atmel toolchain/avr8 gcc/native/3.4.1061/avr8-gnu-toolchain/bin/../lib/gcc/avr/4.8.1/../../../../avr/lib/avr6\libm.a(unordsf2.o)
                0x0000d62e                __unordsf2
 .text.avr-libc.fplib
                0x0000d636       0x62 c:/program files (x86)/atmel/atmel toolchain/avr8 gcc/native/3.4.1061/avr8-gnu-toolchain/bin/../lib/gcc/avr/4.8.1/../../../../avr/lib/avr6\libm.a(exp.o)
                0x0000d640                exp
 .text.avr-libc.fplib
                0x0000d698        0xe c:/program files (x86)/atmel/atmel toolchain/avr8 gcc/native/3.4.1061/avr8-gnu-toolchain/bin/../lib/gcc/avr/4.8.1/../../../../avr/lib/avr6\libm.a(fp_norm2.o)
                0x0000d698                __fp_norm2
 .text.avr-libc.fplib
                0x0000d6a6       0x6c c:/program files (x86)/atmel/atmel toolchain/avr8 gcc/native/3.4.1061/avr8-gnu-toolchain/bin/../lib/gcc/avr/4.8.1/../../../../avr/lib/avr6\libm.a(ldexp.o)
                0x0000d6aa                ldexp
 .text.avr-libc.fplib
                0x0000d712       0x66 c:/program files (x86)/atmel/atmel toolchain/avr8 gcc/native/3.4.1061/avr8-gnu-toolchain/bin/../lib/gcc/avr/4.8.1/../../../../avr/lib/avr6\libm.a(modf.o)
                0x0000d712                modf
                0x0000d712                modff
 .text.libgcc.div
                0x0000d778       0x44 c:/program files (x86)/atmel/atmel toolchain/avr8 gcc/native/3.4.1061/avr8-gnu-toolchain/bin/../lib/gcc/avr/4.8.1/avr6\libgcc.a(_udivmodsi4.o)
                0x0000d778                __udivmodsi4
 .text.libgcc.mul
                0x0000d7bc       0xa0 c:/program files (x86)/atmel/atmel toolchain/avr8 gcc/native/3.4.1061/avr8-gnu-toolchain/bin/../lib/gcc/avr/4.8.1/avr6\libgcc.a(_muldi3.o)
                0x0000d7bc                __muldi3
 .text.libgcc.mul
                0x0000d85c       0x12 c:/program files (x86)/atmel/atmel toolchain/avr8 gcc/native/3.4.1061/avr8-gnu-toolchain/bin/../lib/gcc/avr/4.8.1/avr6\libgcc.a(_muldi3_6.o)
                0x0000d85c                __muldi3_6
 .text.libgcc   0x0000d86e        0x8 c:/program files (x86)/atmel/atmel toolchain/avr8 gcc/native/3.4.1061/avr8-gnu-toolchain/bin/../lib/gcc/avr/4.8.1/avr6\libgcc.a(_tablejump_elpm.o)
                0x0000d86e                __tablejump_elpm__
 .text.libgcc.builtins
                0x0000d876       0x32 c:/program files (x86)/atmel/atmel toolchain/avr8 gcc/native/3.4.1061/avr8-gnu-toolchain/bin/../lib/gcc/avr/4.8.1/avr6\libgcc.a(_ashldi3.o)
                0x0000d876                __ashldi3
 .text.libgcc.builtins
                0x0000d8a8       0x3c c:/program files (x86)/atmel/atmel toolchain/avr8 gcc/native/3.4.1061/avr8-gnu-toolchain/bin/../lib/gcc/avr/4.8.1/avr6\libgcc.a(_ashrdi3.o)
                0x0000d8a8                __ashrdi3
                0x0000d8ac                __lshrdi3
 .text.libgcc   0x0000d8e4       0x12 c:/program files (x86)/atmel/atmel toolchain/avr8 gcc/native/3.4.1061/avr8-gnu-toolchain/bin/../lib/gcc/avr/4.8.1/avr6\libgcc.a(_adddi3.o)
                0x0000d8e4                __adddi3
 .text.libgcc   0x0000d8f6       0x12 c:/program files (x86)/atmel/atmel toolchain/avr8 gcc/native/3.4.1061/avr8-gnu-toolchain/bin/../lib/gcc/avr/4.8.1/avr6\libgcc.a(_subdi3.o)
                0x0000d8f6                __subdi3
 .text.libgcc.mul
                0x0000d908       0x1e c:/program files (x86)/atmel/atmel toolchain/avr8 gcc/native/3.4.1061/avr8-gnu-toolchain/bin/../lib/gcc/avr/4.8.1/avr6\libgcc.a(_umulhisi3.o)
                0x0000d908                __umulhisi3
 .text.avr-libc
                0x0000d926      0x24e c:/program files (x86)/atmel/atmel toolchain/avr8 gcc/native/3.4.1061/avr8-gnu-toolchain/bin/../lib/gcc/avr/4.8.1/../../../../avr/lib/avr6\libc.a(malloc.o)
                0x0000d926                malloc
                0x0000da56                free
 .text.avr-libc
                0x0000db74       0x12 c:/program files (x86)/atmel/atmel toolchain/avr8 gcc/native/3.4.1061/avr8-gnu-toolchain/bin/../lib/gcc/avr/4.8.1/../../../../avr/lib/avr6\libc.a(memcpy.o)
                0x0000db74                memcpy
 .text.avr-libc
                0x0000db86        0xe c:/program files (x86)/atmel/atmel toolchain/avr8 gcc/native/3.4.1061/avr8-gnu-toolchain/bin/../lib/gcc/avr/4.8.1/../../../../avr/lib/avr6\libc.a(memset.o)
                0x0000db86                memset
                0x0000db94                . = ALIGN (0x2)
 *(.fini9)
 .fini9         0x0000db94        0x0 c:/program files (x86)/atmel/atmel toolchain/avr8 gcc/native/3.4.1061/avr8-gnu-toolchain/bin/../lib/gcc/avr/4.8.1/avr6\libgcc.a(_exit.o)
                0x0000db94                _exit
                0x0000db94                exit
 *(.fini9)
 *(.fini8)
 *(.fini8)
 *(.fini7)
 *(.fini7)
 *(.fini6)
 .fini6         0x0000db94       0x20 c:/program files (x86)/atmel/atmel toolchain/avr8 gcc/native/3.4.1061/avr8-gnu-toolchain/bin/../lib/gcc/avr/4.8.1/avr6\libgcc.a(_dtors.o)
                0x0000db94                __do_global_dtors
 *(.fini6)
 *(.fini5)
 *(.fini5)
 *(.fini4)
 *(.fini4)
 *(.fini3)
 *(.fini3)
 *(.fini2)
 *(.fini2)
 *(.fini1)
 *(.fini1)
 *(.fini0)
 .fini0         0x0000dbb4        0x4 c:/program files (x86)/atmel/atmel toolchain/avr8 gcc/native/3.4.1061/avr8-gnu-toolchain/bin/../lib/gcc/avr/4.8.1/avr6\libgcc.a(_exit.o)
 *(.fini0)
                0x0000dbb8                _etext = .

.data           0x00800200      0x18e load address 0x0000dbb8
                0x00800200                PROVIDE (__data_start, .)
 *(.data)
 .data          0x00800200        0x6 c:/program files (x86)/atmel/atmel toolchain/avr8 gcc/native/3.4.1061/avr8-gnu-toolchain/bin/../lib/gcc/avr/4.8.1/../../../../avr/lib/avr6\libc.a(malloc.o)
                0x00800200                __malloc_heap_end
                0x00800202                __malloc_heap_start
                0x00800204                __malloc_margin
 *(.data*)
 .data._ZN10helicopter10navigation4AHRS39MAGNETOMETER_ANGULARDISPLACEMENT_WEIGHTE
                0x00800206        0x4 navigation/AHRS.o
                0x00800206                _ZN10helicopter10navigation4AHRS39MAGNETOMETER_ANGULARDISPLACEMENT_WEIGHTE
 .data._ZN10helicopter10navigation4AHRS40ACCELEROMETER_ANGULARDISPLACEMENT_WEIGHTE
                0x0080020a        0x4 navigation/AHRS.o
                0x0080020a                _ZN10helicopter10navigation4AHRS40ACCELEROMETER_ANGULARDISPLACEMENT_WEIGHTE
 *(.rodata)
 *(.rodata*)
 .rodata._ZTVN10helicopter7drivers12SerialDriverE
                0x0080020e       0x18 drivers/SerialDriver.o
                0x0080020e                _ZTVN10helicopter7drivers12SerialDriverE
 .rodata._ZTVN10helicopter5tasks12FlashLEDTaskE
                0x00800226        0xe HelicopterMain.o
                0x00800226                _ZTVN10helicopter5tasks12FlashLEDTaskE
 .rodata._ZTVN10helicopter8messages14ControlMessageE
                0x00800234        0xc messages/ControlMessage.o
                0x00800234                _ZTVN10helicopter8messages14ControlMessageE
 .rodata._ZTVN10helicopter8messages12GainsMessageE
                0x00800240        0xc messages/GainsMessage.o
                0x00800240                _ZTVN10helicopter8messages12GainsMessageE
 .rodata._ZTVN10helicopter8messages7MessageE
                0x0080024c        0xc messages/Message.o
                0x0080024c                _ZTVN10helicopter8messages7MessageE
 .rodata._ZTVN10helicopter8messages17SensorDataMessageE
                0x00800258        0xc messages/SensorDataMessage.o
                0x00800258                _ZTVN10helicopter8messages17SensorDataMessageE
 .rodata._ZTVN10helicopter8messages22SimpleTelemetryMessageE
                0x00800264        0xc messages/SimpleTelemetryMessage.o
                0x00800264                _ZTVN10helicopter8messages22SimpleTelemetryMessageE
 .rodata._ZTVN10helicopter8messages11SyncMessageE
                0x00800270        0xc messages/SyncMessage.o
                0x00800270                _ZTVN10helicopter8messages11SyncMessageE
 .rodata._ZTVN10helicopter8messages22SystemTelemetryMessageE
                0x0080027c        0xc messages/SystemTelemetryMessage.o
                0x0080027c                _ZTVN10helicopter8messages22SystemTelemetryMessageE
 .rodata._ZN10helicopter7sensors9GPSSensor7CFG_RSTE
                0x00800288        0xc sensors/GPSSensor.o
                0x00800288                _ZN10helicopter7sensors9GPSSensor7CFG_RSTE
 .rodata._ZN10helicopter7sensors9GPSSensor8CFG_RATEE
                0x00800294        0xe sensors/GPSSensor.o
                0x00800294                _ZN10helicopter7sensors9GPSSensor8CFG_RATEE
 .rodata._ZN10helicopter7sensors9GPSSensor7CFG_PRTE
                0x008002a2       0x1c sensors/GPSSensor.o
                0x008002a2                _ZN10helicopter7sensors9GPSSensor7CFG_PRTE
 .rodata._ZN10helicopter7sensors9GPSSensor27CFG_MSG_CONFIG_PERIODIC_SOLE
                0x008002be       0x10 sensors/GPSSensor.o
                0x008002be                _ZN10helicopter7sensors9GPSSensor27CFG_MSG_CONFIG_PERIODIC_SOLE
 .rodata._ZN10helicopter7sensors9GPSSensor18NAV_STATUS_POLLMSGE
                0x008002ce        0x8 sensors/GPSSensor.o
                0x008002ce                _ZN10helicopter7sensors9GPSSensor18NAV_STATUS_POLLMSGE
 .rodata._ZN10helicopter7sensors9GPSSensor15NAV_SOL_POLLMSGE
                0x008002d6        0x8 sensors/GPSSensor.o
                0x008002d6                _ZN10helicopter7sensors9GPSSensor15NAV_SOL_POLLMSGE
 .rodata._ZN10helicopter7sensors9GPSSensor18NAV_POSLLH_POLLMSGE
                0x008002de        0x8 sensors/GPSSensor.o
                0x008002de                _ZN10helicopter7sensors9GPSSensor18NAV_POSLLH_POLLMSGE
 .rodata._ZTVN10helicopter5tasks14NavigationTaskE
                0x008002e6        0xe tasks/NavigationTask.o
                0x008002e6                _ZTVN10helicopter5tasks14NavigationTaskE
 .rodata._ZTVN10helicopter5tasks16PIDInnerLoopTaskE
                0x008002f4        0xe tasks/PIDInnerLoopTask.o
                0x008002f4                _ZTVN10helicopter5tasks16PIDInnerLoopTaskE
 .rodata._ZTVN10helicopter5tasks16PIDOuterLoopTaskE
                0x00800302        0xe tasks/PIDOuterLoopTask.o
                0x00800302                _ZTVN10helicopter5tasks16PIDOuterLoopTaskE
 .rodata._ZTVN10helicopter5tasks16PVNavigationTaskE
                0x00800310        0xe tasks/PVNavigationTask.o
                0x00800310                _ZTVN10helicopter5tasks16PVNavigationTaskE
 .rodata._ZTVN10helicopter5tasks23ReadBarometerSensorTaskE
                0x0080031e        0xe tasks/ReadBarometerSensorTask.o
                0x0080031e                _ZTVN10helicopter5tasks23ReadBarometerSensorTaskE
 .rodata._ZTVN10helicopter5tasks17ReadGPSSensorTaskE
                0x0080032c        0xe tasks/ReadGPSSensorTask.o
                0x0080032c                _ZTVN10helicopter5tasks17ReadGPSSensorTaskE
 .rodata._ZTVN10helicopter5tasks17ReadIMUSensorTaskE
                0x0080033a        0xe tasks/ReadIMUSensorTask.o
                0x0080033a                _ZTVN10helicopter5tasks17ReadIMUSensorTaskE
 .rodata._ZTVN10helicopter5tasks26ReadMagnetometerSensorTaskE
                0x00800348        0xe tasks/ReadMagnetometerSensorTask.o
                0x00800348                _ZTVN10helicopter5tasks26ReadMagnetometerSensorTaskE
 .rodata._ZTVN10helicopter5tasks16ServoControlTaskE
                0x00800356        0xe tasks/ServoControlTask.o
                0x00800356                _ZTVN10helicopter5tasks16ServoControlTaskE
 .rodata._ZTVN10helicopter5tasks16SimTelemetryTaskE
                0x00800364        0xe tasks/SimTelemetryTask.o
                0x00800364                _ZTVN10helicopter5tasks16SimTelemetryTaskE
 .rodata._ZTVN10helicopter5tasks4TaskE
                0x00800372        0xe tasks/Task.o
                0x00800372                _ZTVN10helicopter5tasks4TaskE
 .rodata._ZTVN10helicopter5tasks21TransmitTelemetryTaskE
                0x00800380        0xe tasks/TransmitTelemetryTask.o
                0x00800380                _ZTVN10helicopter5tasks21TransmitTelemetryTaskE
 *(.gnu.linkonce.d*)
                0x0080038e                . = ALIGN (0x2)
                0x0080038e                _edata = .
                0x0080038e                PROVIDE (__data_end, .)

.bss            0x0080038e      0xcf2
                0x0080038e                PROVIDE (__bss_start, .)
 *(.bss)
 *(.bss*)
 .bss._ZN10helicopter7drivers12SerialDriver14transmitBufferE
                0x0080038e        0xa drivers/SerialDriver.o
                0x0080038e                _ZN10helicopter7drivers12SerialDriver14transmitBufferE
 .bss._ZN10helicopter7drivers12SerialDriver13receiveBufferE
                0x00800398        0xa drivers/SerialDriver.o
                0x00800398                _ZN10helicopter7drivers12SerialDriver13receiveBufferE
 .bss._ZN10helicopter10interfaces24RadioControllerInterface24radioControllerInterfaceE
                0x008003a2        0x2 interfaces/RadioControllerInterface.o
                0x008003a2                _ZN10helicopter10interfaces24RadioControllerInterface24radioControllerInterfaceE
 .bss._ZN10helicopter5model11SystemModel11publicModelE
                0x008003a4        0x2 model/SystemModel.o
                0x008003a4                _ZN10helicopter5model11SystemModel11publicModelE
 .bss._ZN10helicopter9scheduler9Scheduler9schedulerE
                0x008003a6        0x2 scheduler/Scheduler.o
                0x008003a6                _ZN10helicopter9scheduler9Scheduler9schedulerE
 .bss._ZN10helicopter7sensors9GPSSensor10processingE
                0x008003a8        0x1 sensors/GPSSensor.o
                0x008003a8                _ZN10helicopter7sensors9GPSSensor10processingE
 .bss._ZN10helicopter7sensors9GPSSensor8crcErrorE
                0x008003a9        0x1 sensors/GPSSensor.o
                0x008003a9                _ZN10helicopter7sensors9GPSSensor8crcErrorE
 .bss._ZN10helicopter7sensors9GPSSensor17navSolMsgReceivedE
                0x008003aa        0x1 sensors/GPSSensor.o
                0x008003aa                _ZN10helicopter7sensors9GPSSensor17navSolMsgReceivedE
 .bss._ZN10helicopter7sensors9GPSSensor19navSolBufferCounterE
                0x008003ab        0x2 sensors/GPSSensor.o
                0x008003ab                _ZN10helicopter7sensors9GPSSensor19navSolBufferCounterE
 .bss._ZN10helicopter7sensors9GPSSensor16navSolMsgBuffer2E
                0x008003ad       0x3c sensors/GPSSensor.o
                0x008003ad                _ZN10helicopter7sensors9GPSSensor16navSolMsgBuffer2E
 .bss._ZN10helicopter7sensors9GPSSensor15navSolMsgBufferE
                0x008003e9       0x3c sensors/GPSSensor.o
                0x008003e9                _ZN10helicopter7sensors9GPSSensor15navSolMsgBufferE
 .bss.readyForOffsets
                0x00800425        0x1 sensors/MagnetometerSensor.o
                0x00800425                readyForOffsets
 .bss.calibration
                0x00800426        0xc sensors/MagnetometerSensor.o
                0x00800426                calibration
 .bss._ZN10helicopter4util10MatrixUtil8sinTableE
                0x00800432      0xc48 util/MatrixUtil.o
                0x00800432                _ZN10helicopter4util10MatrixUtil8sinTableE
 .bss._ZN10helicopter4util5Timer14timeoutCounterE
                0x0080107a        0x2 util/Timer.o
                0x0080107a                _ZN10helicopter4util5Timer14timeoutCounterE
 *(COMMON)
 COMMON         0x0080107c        0x4 c:/program files (x86)/atmel/atmel toolchain/avr8 gcc/native/3.4.1061/avr8-gnu-toolchain/bin/../lib/gcc/avr/4.8.1/../../../../avr/lib/avr6\libc.a(malloc.o)
                0x0080107c                __brkval
                0x0080107e                __flp
                0x00801080                PROVIDE (__bss_end, .)
                0x0000dbb8                __data_load_start = LOADADDR (.data)
                0x0000dd46                __data_load_end = (__data_load_start + SIZEOF (.data))

.noinit         0x00801080        0x0
                0x00801080                PROVIDE (__noinit_start, .)
 *(.noinit*)
                0x00801080                PROVIDE (__noinit_end, .)
                0x00801080                _end = .
                0x00801080                PROVIDE (__heap_start, .)

.eeprom         0x00810000        0x0
 *(.eeprom*)
                0x00810000                __eeprom_end = .

.fuse
 *(.fuse)
 *(.lfuse)
 *(.hfuse)
 *(.efuse)

.lock
 *(.lock*)

.signature
 *(.signature*)

.user_signatures
 *(.user_signatures*)

.stab
 *(.stab)

.stabstr
 *(.stabstr)

.stab.excl
 *(.stab.excl)

.stab.exclstr
 *(.stab.exclstr)

.stab.index
 *(.stab.index)

.stab.indexstr
 *(.stab.indexstr)

.comment        0x00000000       0x30
 *(.comment)
 .comment       0x00000000       0x30 buffer/CircularBuffer.o
                                 0x31 (size before relaxing)
 .comment       0x00000000       0x31 controller/PIDController.o
 .comment       0x00000000       0x31 drivers/SerialDriver.o
 .comment       0x00000000       0x31 drivers/SPIDriver.o
 .comment       0x00000000       0x31 drivers/TWIDriver.o
 .comment       0x00000000       0x31 HelicopterMain.o
 .comment       0x00000000       0x31 interfaces/GroundControlStationInterface.o
 .comment       0x00000000       0x31 interfaces/RadioControllerInterface.o
 .comment       0x00000000       0x31 messages/ControlMessage.o
 .comment       0x00000000       0x31 messages/GainsMessage.o
 .comment       0x00000000       0x31 messages/Message.o
 .comment       0x00000000       0x31 messages/SensorDataMessage.o
 .comment       0x00000000       0x31 messages/SimpleTelemetryMessage.o
 .comment       0x00000000       0x31 messages/SyncMessage.o
 .comment       0x00000000       0x31 messages/SystemTelemetryMessage.o
 .comment       0x00000000       0x31 model/SystemModel.o
 .comment       0x00000000       0x31 navigation/AHRS.o
 .comment       0x00000000       0x31 scheduler/Scheduler.o
 .comment       0x00000000       0x31 sensors/BarometerSensor.o
 .comment       0x00000000       0x31 sensors/GPSSensor.o
 .comment       0x00000000       0x31 sensors/IMUSensor.o
 .comment       0x00000000       0x31 sensors/MagnetometerSensor.o
 .comment       0x00000000       0x31 tasks/NavigationTask.o
 .comment       0x00000000       0x31 tasks/PIDInnerLoopTask.o
 .comment       0x00000000       0x31 tasks/PIDOuterLoopTask.o
 .comment       0x00000000       0x31 tasks/PVNavigationTask.o
 .comment       0x00000000       0x31 tasks/ReadBarometerSensorTask.o
 .comment       0x00000000       0x31 tasks/ReadGPSSensorTask.o
 .comment       0x00000000       0x31 tasks/ReadIMUSensorTask.o
 .comment       0x00000000       0x31 tasks/ReadMagnetometerSensorTask.o
 .comment       0x00000000       0x31 tasks/ServoControlTask.o
 .comment       0x00000000       0x31 tasks/SimTelemetryTask.o
 .comment       0x00000000       0x31 tasks/Task.o
 .comment       0x00000000       0x31 tasks/TransmitTelemetryTask.o
 .comment       0x00000000       0x31 util/CommonHeader.o
 .comment       0x00000000       0x31 util/CoordinateUtil.o
 .comment       0x00000000       0x31 util/MatrixUtil.o
 .comment       0x00000000       0x31 util/Timer.o
 .comment       0x00000000       0x31 c:/program files (x86)/atmel/atmel toolchain/avr8 gcc/native/3.4.1061/avr8-gnu-toolchain/bin/../lib/gcc/avr/4.8.1/../../../../avr/lib/avr6\libc.a(malloc.o)

.note.gnu.build-id
 *(.note.gnu.build-id)

.debug
 *(.debug)

.line
 *(.line)

.debug_srcinfo
 *(.debug_srcinfo)

.debug_sfnames
 *(.debug_sfnames)

.debug_aranges  0x00000000      0xb50
 *(.debug_aranges)
 .debug_aranges
                0x00000000       0x38 buffer/CircularBuffer.o
 .debug_aranges
                0x00000038       0x88 controller/PIDController.o
 .debug_aranges
                0x000000c0       0xc8 drivers/SerialDriver.o
 .debug_aranges
                0x00000188       0x68 drivers/SPIDriver.o
 .debug_aranges
                0x000001f0       0x48 drivers/TWIDriver.o
 .debug_aranges
                0x00000238       0x58 HelicopterMain.o
 .debug_aranges
                0x00000290       0x30 interfaces/GroundControlStationInterface.o
 .debug_aranges
                0x000002c0       0x60 interfaces/RadioControllerInterface.o
 .debug_aranges
                0x00000320       0x40 messages/ControlMessage.o
 .debug_aranges
                0x00000360       0x40 messages/GainsMessage.o
 .debug_aranges
                0x000003a0       0x40 messages/Message.o
 .debug_aranges
                0x000003e0       0x40 messages/SensorDataMessage.o
 .debug_aranges
                0x00000420       0x40 messages/SimpleTelemetryMessage.o
 .debug_aranges
                0x00000460       0x40 messages/SyncMessage.o
 .debug_aranges
                0x000004a0       0x58 messages/SystemTelemetryMessage.o
 .debug_aranges
                0x000004f8       0x18 model/SystemModel.o
 .debug_aranges
                0x00000510       0x70 navigation/AHRS.o
 .debug_aranges
                0x00000580       0x58 scheduler/Scheduler.o
 .debug_aranges
                0x000005d8       0x50 sensors/BarometerSensor.o
 .debug_aranges
                0x00000628       0x88 sensors/GPSSensor.o
 .debug_aranges
                0x000006b0       0x28 sensors/IMUSensor.o
 .debug_aranges
                0x000006d8       0x40 sensors/MagnetometerSensor.o
 .debug_aranges
                0x00000718       0x40 tasks/NavigationTask.o
 .debug_aranges
                0x00000758       0x40 tasks/PIDInnerLoopTask.o
 .debug_aranges
                0x00000798       0x40 tasks/PIDOuterLoopTask.o
 .debug_aranges
                0x000007d8       0x40 tasks/PVNavigationTask.o
 .debug_aranges
                0x00000818       0x40 tasks/ReadBarometerSensorTask.o
 .debug_aranges
                0x00000858       0x40 tasks/ReadGPSSensorTask.o
 .debug_aranges
                0x00000898       0x40 tasks/ReadIMUSensorTask.o
 .debug_aranges
                0x000008d8       0x40 tasks/ReadMagnetometerSensorTask.o
 .debug_aranges
                0x00000918       0x40 tasks/ServoControlTask.o
 .debug_aranges
                0x00000958       0x40 tasks/SimTelemetryTask.o
 .debug_aranges
                0x00000998       0x48 tasks/Task.o
 .debug_aranges
                0x000009e0       0x40 tasks/TransmitTelemetryTask.o
 .debug_aranges
                0x00000a20       0x38 util/CommonHeader.o
 .debug_aranges
                0x00000a58       0x48 util/CoordinateUtil.o
 .debug_aranges
                0x00000aa0       0x78 util/MatrixUtil.o
 .debug_aranges
                0x00000b18       0x38 util/Timer.o

.debug_pubnames
 *(.debug_pubnames)

.debug_info     0x00000000    0x44e22
 *(.debug_info .gnu.linkonce.wi.*)
 .debug_info    0x00000000      0x352 buffer/CircularBuffer.o
 .debug_info    0x00000352     0x4431 controller/PIDController.o
 .debug_info    0x00004783     0x13c5 drivers/SerialDriver.o
 .debug_info    0x00005b48      0x650 drivers/SPIDriver.o
 .debug_info    0x00006198      0x405 drivers/TWIDriver.o
 .debug_info    0x0000659d     0x831e HelicopterMain.o
 .debug_info    0x0000e8bb      0xb16 interfaces/GroundControlStationInterface.o
 .debug_info    0x0000f3d1     0x2f1c interfaces/RadioControllerInterface.o
 .debug_info    0x000122ed      0x938 messages/ControlMessage.o
 .debug_info    0x00012c25     0x11e6 messages/GainsMessage.o
 .debug_info    0x00013e0b      0x4df messages/Message.o
 .debug_info    0x000142ea      0xf34 messages/SensorDataMessage.o
 .debug_info    0x0001521e     0x1546 messages/SimpleTelemetryMessage.o
 .debug_info    0x00016764      0x593 messages/SyncMessage.o
 .debug_info    0x00016cf7     0x5c2f messages/SystemTelemetryMessage.o
 .debug_info    0x0001c926     0x1c9e model/SystemModel.o
 .debug_info    0x0001e5c4      0xcb6 navigation/AHRS.o
 .debug_info    0x0001f27a     0x264f scheduler/Scheduler.o
 .debug_info    0x000218c9      0xbbd sensors/BarometerSensor.o
 .debug_info    0x00022486     0x12eb sensors/GPSSensor.o
 .debug_info    0x00023771      0xa69 sensors/IMUSensor.o
 .debug_info    0x000241da     0x12a5 sensors/MagnetometerSensor.o
 .debug_info    0x0002547f     0x243f tasks/NavigationTask.o
 .debug_info    0x000278be     0x297a tasks/PIDInnerLoopTask.o
 .debug_info    0x0002a238     0x2971 tasks/PIDOuterLoopTask.o
 .debug_info    0x0002cba9     0x2aa5 tasks/PVNavigationTask.o
 .debug_info    0x0002f64e     0x262c tasks/ReadBarometerSensorTask.o
 .debug_info    0x00031c7a     0x2a5b tasks/ReadGPSSensorTask.o
 .debug_info    0x000346d5     0x29b4 tasks/ReadIMUSensorTask.o
 .debug_info    0x00037089     0x269f tasks/ReadMagnetometerSensorTask.o
 .debug_info    0x00039728     0x2674 tasks/ServoControlTask.o
 .debug_info    0x0003bd9c     0x415d tasks/SimTelemetryTask.o
 .debug_info    0x0003fef9      0x450 tasks/Task.o
 .debug_info    0x00040349     0x2ee5 tasks/TransmitTelemetryTask.o
 .debug_info    0x0004322e      0x224 util/CommonHeader.o