Archive member included because of file (symbol)

c:/program files (x86)/atmel/atmel toolchain/avr8 gcc/native/3.4.2.1002/avr8-gnu-toolchain/bin/../lib/gcc/avr/4.7.2/../../../../avr/lib/avr6\libm.a(addsf3.o)
                              sensors/MagnetometerSensor.o (__subsf3)
c:/program files (x86)/atmel/atmel toolchain/avr8 gcc/native/3.4.2.1002/avr8-gnu-toolchain/bin/../lib/gcc/avr/4.7.2/../../../../avr/lib/avr6\libm.a(addsf3x.o)
                              c:/program files (x86)/atmel/atmel toolchain/avr8 gcc/native/3.4.2.1002/avr8-gnu-toolchain/bin/../lib/gcc/avr/4.7.2/../../../../avr/lib/avr6\libm.a(addsf3.o) (__addsf3x)
c:/program files (x86)/atmel/atmel toolchain/avr8 gcc/native/3.4.2.1002/avr8-gnu-toolchain/bin/../lib/gcc/avr/4.7.2/../../../../avr/lib/avr6\libm.a(fixunssfsi.o)
                              drivers/SerialDriver.o (__fixunssfsi)
c:/program files (x86)/atmel/atmel toolchain/avr8 gcc/native/3.4.2.1002/avr8-gnu-toolchain/bin/../lib/gcc/avr/4.7.2/../../../../avr/lib/avr6\libm.a(floatsisf.o)
                              drivers/SerialDriver.o (__floatunsisf)
c:/program files (x86)/atmel/atmel toolchain/avr8 gcc/native/3.4.2.1002/avr8-gnu-toolchain/bin/../lib/gcc/avr/4.7.2/../../../../avr/lib/avr6\libm.a(floor.o)
                              drivers/SerialDriver.o (floor)
c:/program files (x86)/atmel/atmel toolchain/avr8 gcc/native/3.4.2.1002/avr8-gnu-toolchain/bin/../lib/gcc/avr/4.7.2/../../../../avr/lib/avr6\libm.a(fp_inf.o)
                              c:/program files (x86)/atmel/atmel toolchain/avr8 gcc/native/3.4.2.1002/avr8-gnu-toolchain/bin/../lib/gcc/avr/4.7.2/../../../../avr/lib/avr6\libm.a(addsf3x.o) (__fp_inf)
c:/program files (x86)/atmel/atmel toolchain/avr8 gcc/native/3.4.2.1002/avr8-gnu-toolchain/bin/../lib/gcc/avr/4.7.2/../../../../avr/lib/avr6\libm.a(fp_mintl.o)
                              c:/program files (x86)/atmel/atmel toolchain/avr8 gcc/native/3.4.2.1002/avr8-gnu-toolchain/bin/../lib/gcc/avr/4.7.2/../../../../avr/lib/avr6\libm.a(floor.o) (__fp_mintl)
c:/program files (x86)/atmel/atmel toolchain/avr8 gcc/native/3.4.2.1002/avr8-gnu-toolchain/bin/../lib/gcc/avr/4.7.2/../../../../avr/lib/avr6\libm.a(fp_mpack.o)
                              c:/program files (x86)/atmel/atmel toolchain/avr8 gcc/native/3.4.2.1002/avr8-gnu-toolchain/bin/../lib/gcc/avr/4.7.2/../../../../avr/lib/avr6\libm.a(floor.o) (__fp_mpack)
c:/program files (x86)/atmel/atmel toolchain/avr8 gcc/native/3.4.2.1002/avr8-gnu-toolchain/bin/../lib/gcc/avr/4.7.2/../../../../avr/lib/avr6\libm.a(fp_nan.o)
                              c:/program files (x86)/atmel/atmel toolchain/avr8 gcc/native/3.4.2.1002/avr8-gnu-toolchain/bin/../lib/gcc/avr/4.7.2/../../../../avr/lib/avr6\libm.a(addsf3x.o) (__fp_nan)
c:/program files (x86)/atmel/atmel toolchain/avr8 gcc/native/3.4.2.1002/avr8-gnu-toolchain/bin/../lib/gcc/avr/4.7.2/../../../../avr/lib/avr6\libm.a(fp_pscA.o)
                              c:/program files (x86)/atmel/atmel toolchain/avr8 gcc/native/3.4.2.1002/avr8-gnu-toolchain/bin/../lib/gcc/avr/4.7.2/../../../../avr/lib/avr6\libm.a(addsf3x.o) (__fp_pscA)
c:/program files (x86)/atmel/atmel toolchain/avr8 gcc/native/3.4.2.1002/avr8-gnu-toolchain/bin/../lib/gcc/avr/4.7.2/../../../../avr/lib/avr6\libm.a(fp_pscB.o)
                              c:/program files (x86)/atmel/atmel toolchain/avr8 gcc/native/3.4.2.1002/avr8-gnu-toolchain/bin/../lib/gcc/avr/4.7.2/../../../../avr/lib/avr6\libm.a(addsf3x.o) (__fp_pscB)
c:/program files (x86)/atmel/atmel toolchain/avr8 gcc/native/3.4.2.1002/avr8-gnu-toolchain/bin/../lib/gcc/avr/4.7.2/../../../../avr/lib/avr6\libm.a(fp_round.o)
                              c:/program files (x86)/atmel/atmel toolchain/avr8 gcc/native/3.4.2.1002/avr8-gnu-toolchain/bin/../lib/gcc/avr/4.7.2/../../../../avr/lib/avr6\libm.a(addsf3.o) (__fp_round)
c:/program files (x86)/atmel/atmel toolchain/avr8 gcc/native/3.4.2.1002/avr8-gnu-toolchain/bin/../lib/gcc/avr/4.7.2/../../../../avr/lib/avr6\libm.a(fp_split3.o)
                              c:/program files (x86)/atmel/atmel toolchain/avr8 gcc/native/3.4.2.1002/avr8-gnu-toolchain/bin/../lib/gcc/avr/4.7.2/../../../../avr/lib/avr6\libm.a(addsf3x.o) (__fp_split3)
c:/program files (x86)/atmel/atmel toolchain/avr8 gcc/native/3.4.2.1002/avr8-gnu-toolchain/bin/../lib/gcc/avr/4.7.2/../../../../avr/lib/avr6\libm.a(fp_trunc.o)
                              c:/program files (x86)/atmel/atmel toolchain/avr8 gcc/native/3.4.2.1002/avr8-gnu-toolchain/bin/../lib/gcc/avr/4.7.2/../../../../avr/lib/avr6\libm.a(floor.o) (__fp_trunc)
c:/program files (x86)/atmel/atmel toolchain/avr8 gcc/native/3.4.2.1002/avr8-gnu-toolchain/bin/../lib/gcc/avr/4.7.2/../../../../avr/lib/avr6\libm.a(fp_zero.o)
                              c:/program files (x86)/atmel/atmel toolchain/avr8 gcc/native/3.4.2.1002/avr8-gnu-toolchain/bin/../lib/gcc/avr/4.7.2/../../../../avr/lib/avr6\libm.a(addsf3x.o) (__fp_zero)
[...]
Memory Configuration

Name             Origin             Length             Attributes
text             0x00000000         0x00100000         xr
data             0x00800200         0x0000fe00         rw !x
eeprom           0x00810000         0x00010000         rw !x
fuse             0x00820000         0x00000400         rw !x
lock             0x00830000         0x00000400         rw !x
signature        0x00840000         0x00000400         rw !x
user_signatures  0x00850000         0x00000400         rw !x
*default*        0x00000000         0xffffffff

Linker script and memory map

Address of section .data set to 0x800200
LOAD c:/program files (x86)/atmel/atmel toolchain/avr8 gcc/native/3.4.2.1002/avr8-gnu-toolchain/bin/../lib/gcc/avr/4.7.2/../../../../avr/lib/avr6/crtm2560.o
LOAD buffer/Buffer.o
LOAD buffer/Record.o
LOAD drivers/MagnetometerDriver.o
LOAD drivers/SerialDriver.o
LOAD Helicopter.o
LOAD interfaces/RadioInterface.o
LOAD messages/Message.o
LOAD messages/SyncMessage.o
LOAD messages/SystemTelemetryMessage.o
LOAD model/SystemModel.o
LOAD scheduler/Scheduler.o
LOAD sensors/MagnetometerSensor.o
LOAD tasks/misctasks/SimTelemetryTask.o
LOAD tasks/Task.o
LOAD tasks/TransmitTelemetryTask.o
LOAD util/common/commonheader.o
LOAD util/common/Timer.o
START GROUP
LOAD c:/program files (x86)/atmel/atmel toolchain/avr8 gcc/native/3.4.2.1002/avr8-gnu-toolchain/bin/../lib/gcc/avr/4.7.2/../../../../avr/lib/avr6\libm.a
END GROUP
LOAD c:/program files (x86)/atmel/atmel toolchain/avr8 gcc/native/3.4.2.1002/avr8-gnu-toolchain/bin/../lib/gcc/avr/4.7.2/avr6\libgcc.a
LOAD c:/program files (x86)/atmel/atmel toolchain/avr8 gcc/native/3.4.2.1002/avr8-gnu-toolchain/bin/../lib/gcc/avr/4.7.2/../../../../avr/lib/avr6\libm.a
LOAD c:/program files (x86)/atmel/atmel toolchain/avr8 gcc/native/3.4.2.1002/avr8-gnu-toolchain/bin/../lib/gcc/avr/4.7.2/avr6\libgcc.a
LOAD c:/program files (x86)/atmel/atmel toolchain/avr8 gcc/native/3.4.2.1002/avr8-gnu-toolchain/bin/../lib/gcc/avr/4.7.2/../../../../avr/lib/avr6\libc.a
LOAD c:/program files (x86)/atmel/atmel toolchain/avr8 gcc/native/3.4.2.1002/avr8-gnu-toolchain/bin/../lib/gcc/avr/4.7.2/avr6\libgcc.a

.hash
 *(.hash)

.dynsym
 *(.dynsym)

.dynstr
 *(.dynstr)

.gnu.version
 *(.gnu.version)

.gnu.version_d
 *(.gnu.version_d)

.gnu.version_r
 *(.gnu.version_r)

.rel.init
 *(.rel.init)

.rela.init
 *(.rela.init)

.rel.text
 *(.rel.text)
 *(.rel.text.*)
 *(.rel.gnu.linkonce.t*)

.rela.text
 *(.rela.text)
 *(.rela.text.*)
 *(.rela.gnu.linkonce.t*)

.rel.fini
 *(.rel.fini)

.rela.fini
 *(.rela.fini)

.rel.rodata
 *(.rel.rodata)
 *(.rel.rodata.*)
 *(.rel.gnu.linkonce.r*)

.rela.rodata
 *(.rela.rodata)
 *(.rela.rodata.*)
 *(.rela.gnu.linkonce.r*)

.rel.data
 *(.rel.data)
 *(.rel.data.*)
 *(.rel.gnu.linkonce.d*)

.rela.data
 *(.rela.data)
 *(.rela.data.*)
 *(.rela.gnu.linkonce.d*)

.rel.ctors
 *(.rel.ctors)

.rela.ctors
 *(.rela.ctors)

.rel.dtors
 *(.rel.dtors)

.rela.dtors
 *(.rela.dtors)

.rel.got
 *(.rel.got)

.rela.got
 *(.rela.got)

.rel.bss
 *(.rel.bss)

.rela.bss
 *(.rela.bss)

.rel.plt
 *(.rel.plt)

.rela.plt
 *(.rela.plt)

.text           0x00000000     0x2742
 *(.vectors)
 .vectors       0x00000000       0xe4 c:/program files (x86)/atmel/atmel toolchain/avr8 gcc/native/3.4.2.1002/avr8-gnu-toolchain/bin/../lib/gcc/avr/4.7.2/../../../../avr/lib/avr6/crtm2560.o
                0x00000000                __vector_default
                0x00000000                __vectors
 *(.vectors)
 *(.progmem.gcc*)
 *(.progmem*)
                0x000000e4                . = ALIGN (0x2)
                0x000000e4                __trampolines_start = .
 *(.trampolines)
 .trampolines   0x000000e4       0x60 linker stubs
 *(.trampolines*)
                0x00000144                __trampolines_end = .
 *(.jumptables)
 *(.jumptables*)
 *(.lowtext)
 *(.lowtext*)
                0x00000144                __ctors_start = .
 *(.ctors)
                0x00000144                __ctors_end = .
                0x00000144                __dtors_start = .
 *(.dtors)
                0x00000144                __dtors_end = .
 SORT(*)(.ctors)
 SORT(*)(.dtors)
 *(.init0)
 .init0         0x00000144        0x0 c:/program files (x86)/atmel/atmel toolchain/avr8 gcc/native/3.4.2.1002/avr8-gnu-toolchain/bin/../lib/gcc/avr/4.7.2/../../../../avr/lib/avr6/crtm2560.o
                0x00000144                __init
 *(.init0)
 *(.init1)
 *(.init1)
 *(.init2)
 .init2         0x00000144       0x10 c:/program files (x86)/atmel/atmel toolchain/avr8 gcc/native/3.4.2.1002/avr8-gnu-toolchain/bin/../lib/gcc/avr/4.7.2/../../../../avr/lib/avr6/crtm2560.o
 *(.init2)
 *(.init3)
 *(.init3)
 *(.init4)
 .init4         0x00000154       0x1a c:/program files (x86)/atmel/atmel toolchain/avr8 gcc/native/3.4.2.1002/avr8-gnu-toolchain/bin/../lib/gcc/avr/4.7.2/avr6\libgcc.a(_copy_data.o)
                0x00000154                __do_copy_data
 .init4         0x0000016e       0x10 c:/program files (x86)/atmel/atmel toolchain/avr8 gcc/native/3.4.2.1002/avr8-gnu-toolchain/bin/../lib/gcc/avr/4.7.2/avr6\libgcc.a(_clear_bss.o)
                0x0000016e                __do_clear_bss
 *(.init4)
 *(.init5)
 *(.init5)
 *(.init6)
 *(.init6)
 *(.init7)
 *(.init7)
 *(.init8)
 *(.init8)
 *(.init9)
 .init9         0x0000017e        0x8 c:/program files (x86)/atmel/atmel toolchain/avr8 gcc/native/3.4.2.1002/avr8-gnu-toolchain/bin/../lib/gcc/avr/4.7.2/../../../../avr/lib/avr6/crtm2560.o
 *(.init9)
 *(.text)
 .text          0x00000186        0x4 c:/program files (x86)/atmel/atmel toolchain/avr8 gcc/native/3.4.2.1002/avr8-gnu-toolchain/bin/../lib/gcc/avr/4.7.2/../../../../avr/lib/avr6/crtm2560.o
                0x00000186                __vector_38
                0x00000186                __vector_22
                0x00000186                __vector_28
                0x00000186                __vector_1
                0x00000186                __vector_32
                0x00000186                __vector_34
                0x00000186                __vector_24
                0x00000186                __vector_12
                0x00000186                __vector_55
                0x00000186                __vector_46
                0x00000186                __bad_interrupt
                0x00000186                __vector_6
                0x00000186                __vector_31
                0x00000186                __vector_35
                0x00000186                __vector_39
                0x00000186                __vector_3
                0x00000186                __vector_23
                0x00000186                __vector_30
                0x00000186                __vector_45
                0x00000186                __vector_25
                0x00000186                __vector_11
                0x00000186                __vector_54
                0x00000186                __vector_13
                0x00000186                __vector_19
                0x00000186                __vector_56
                0x00000186                __vector_7
                0x00000186                __vector_49
                0x00000186                __vector_41
                0x00000186                __vector_43
                0x00000186                __vector_27
                0x00000186                __vector_5
                0x00000186                __vector_33
                0x00000186                __vector_47
                0x00000186                __vector_52
                0x00000186                __vector_37
                0x00000186                __vector_4
                0x00000186                __vector_44
                0x00000186                __vector_51
                0x00000186                __vector_9
                0x00000186                __vector_2
                0x00000186                __vector_21
                0x00000186                __vector_15
                0x00000186                __vector_36
                0x00000186                __vector_29
                0x00000186                __vector_40
                0x00000186                __vector_8
                0x00000186                __vector_26
                0x00000186                __vector_48
                0x00000186                __vector_14
                0x00000186                __vector_53
                0x00000186                __vector_10
                0x00000186                __vector_50
                0x00000186                __vector_16
                0x00000186                __vector_18
                0x00000186                __vector_20
                0x00000186                __vector_42
                0x0000018a                . = ALIGN (0x2)
 *(.text.*)
 .text._ZN10helicopter7drivers12SerialDriverD2Ev
                0x0000018a       0x3c drivers/SerialDriver.o
                0x0000018a                _ZN10helicopter7drivers12SerialDriverD1Ev
                0x0000018a                _ZN10helicopter7drivers12SerialDriverD2Ev
 .text._ZN10helicopter7drivers12SerialDriverD0Ev
                0x000001c6       0x2a drivers/SerialDriver.o
                0x000001c6                _ZN10helicopter7drivers12SerialDriverD0Ev
 .text._ZN10helicopter7drivers12SerialDriver10initializeEv
                0x000001f0      0x16c drivers/SerialDriver.o
                0x000001f0                _ZN10helicopter7drivers12SerialDriver10initializeEv
 .text._ZN10helicopter7drivers12SerialDriver12transmitByteEc
                0x0000035c       0x60 drivers/SerialDriver.o
                0x0000035c                _ZN10helicopter7drivers12SerialDriver12transmitByteEc
 .text._ZN10helicopter7drivers12SerialDriver11receiveByteERc
                0x000003bc       0xb8 drivers/SerialDriver.o
                0x000003bc                _ZN10helicopter7drivers12SerialDriver11receiveByteERc
 .text._ZN10helicopter5tasks9misctasks12FlashLEDTaskC2Eiii
                0x00000474       0x6c Helicopter.o
                0x00000474                _ZN10helicopter5tasks9misctasks12FlashLEDTaskC2Eiii
                0x00000474                _ZN10helicopter5tasks9misctasks12FlashLEDTaskC1Eiii
 .text._ZN10helicopter5tasks9misctasks12FlashLEDTask4initEv
                0x000004e0       0x48 Helicopter.o
                0x000004e0                _ZN10helicopter5tasks9misctasks12FlashLEDTask4initEv
 .text._ZN10helicopter5tasks9misctasks12FlashLEDTask11runTaskImplEv
                0x00000528       0x98 Helicopter.o
                0x00000528                _ZN10helicopter5tasks9misctasks12FlashLEDTask11runTaskImplEv
 .text._ZN10helicopter4util5TimerC2Emim
                0x000005c0       0x80 Helicopter.o
                0x000005c0                _ZN10helicopter4util5TimerC1Emim
                0x000005c0                _ZN10helicopter4util5TimerC2Emim
 .text._ZN10helicopter7drivers12SerialDriverC2EmNS1_8UartPortEbb
                0x00000640       0xac Helicopter.o
                0x00000640                _ZN10helicopter7drivers12SerialDriverC1EmNS1_8UartPortEbb
                0x00000640                _ZN10helicopter7drivers12SerialDriverC2EmNS1_8UartPortEbb
 .text._ZN10helicopter10interfaces14RadioInterfaceC2EPNS_7drivers12SerialDriverE
                0x000006ec       0x30 Helicopter.o
                0x000006ec                _ZN10helicopter10interfaces14RadioInterfaceC1EPNS_7drivers12SerialDriverE
                0x000006ec                _ZN10helicopter10interfaces14RadioInterfaceC2EPNS_7drivers12SerialDriverE
 .text._ZN10helicopter5model11SystemModelC2Ev
                0x0000071c       0x38 Helicopter.o
                0x0000071c                _ZN10helicopter5model11SystemModelC1Ev
                0x0000071c                _ZN10helicopter5model11SystemModelC2Ev
 .text.main     0x00000754      0x144 Helicopter.o
                0x00000754                main
 .text._ZN10helicopter8messages7Message14getMessageSizeEv
                0x00000898       0x24 interfaces/RadioInterface.o
                0x00000898                _ZN10helicopter8messages7Message14getMessageSizeEv
 .text._ZN10helicopter10interfaces14RadioInterface17calculateChecksumEPciRcS3_
                0x000008bc       0xaa interfaces/RadioInterface.o
                0x000008bc                _ZN10helicopter10interfaces14RadioInterface17calculateChecksumEPciRcS3_
 .text._ZN10helicopter10interfaces14RadioInterface8transmitEPNS_8messages7MessageE
                0x00000966      0x1c8 interfaces/RadioInterface.o
                0x00000966                _ZN10helicopter10interfaces14RadioInterface8transmitEPNS_8messages7MessageE
 .text._ZN10helicopter10interfaces14RadioInterface7receiveERPNS_8messages7MessageE
                0x00000b2e      0x312 interfaces/RadioInterface.o
                0x00000b2e                _ZN10helicopter10interfaces14RadioInterface7receiveERPNS_8messages7MessageE
 .text._ZN10helicopter8messages7MessageC2Eci
                0x00000e40       0x4e messages/SyncMessage.o
                0x00000e40                _ZN10helicopter8messages7MessageC2Eci
                0x00000e40                _ZN10helicopter8messages7MessageC1Eci
 .text._ZN10helicopter8messages7MessageD2Ev
                0x00000e8e       0x3c messages/SyncMessage.o
                0x00000e8e                _ZN10helicopter8messages7MessageD1Ev
                0x00000e8e                _ZN10helicopter8messages7MessageD2Ev
 .text._ZN10helicopter8messages7MessageD0Ev
                0x00000eca       0x2a messages/SyncMessage.o
                0x00000eca                _ZN10helicopter8messages7MessageD0Ev
 .text._ZN10helicopter8messages7Message8getBytesEv
                0x00000ef4       0x1e messages/SyncMessage.o
                0x00000ef4                _ZN10helicopter8messages7Message8getBytesEv
 .text._ZN10helicopter8messages7Message12buildMessageEPc
                0x00000f12       0x22 messages/SyncMessage.o
                0x00000f12                _ZN10helicopter8messages7Message12buildMessageEPc
 .text._ZN10helicopter8messages11SyncMessageC2Ev
                0x00000f34       0x36 messages/SyncMessage.o
                0x00000f34                _ZN10helicopter8messages11SyncMessageC1Ev
                0x00000f34                _ZN10helicopter8messages11SyncMessageC2Ev
 .text._ZN10helicopter8messages11SyncMessageD2Ev
                0x00000f6a       0x44 messages/SyncMessage.o
                0x00000f6a                _ZN10helicopter8messages11SyncMessageD2Ev
                0x00000f6a                _ZN10helicopter8messages11SyncMessageD1Ev
 .text._ZN10helicopter8messages11SyncMessageD0Ev
                0x00000fae       0x2a messages/SyncMessage.o
                0x00000fae                _ZN10helicopter8messages11SyncMessageD0Ev
 .text._ZN10helicopter8messages11SyncMessage8getBytesEv
                0x00000fd8       0x4a messages/SyncMessage.o
                0x00000fd8                _ZN10helicopter8messages11SyncMessage8getBytesEv
 .text._ZN10helicopter8messages11SyncMessage12buildMessageEPc
                0x00001022       0x3a messages/SyncMessage.o
                0x00001022                _ZN10helicopter8messages11SyncMessage12buildMessageEPc
 .text._ZN10helicopter8messages22SystemTelemetryMessageC2Ev
                0x0000105c       0x54 messages/SystemTelemetryMessage.o
                0x0000105c                _ZN10helicopter8messages22SystemTelemetryMessageC2Ev
                0x0000105c                _ZN10helicopter8messages22SystemTelemetryMessageC1Ev
 .text._ZN10helicopter8messages22SystemTelemetryMessageD2Ev
                0x000010b0       0x44 messages/SystemTelemetryMessage.o
                0x000010b0                _ZN10helicopter8messages22SystemTelemetryMessageD2Ev
                0x000010b0                _ZN10helicopter8messages22SystemTelemetryMessageD1Ev
 .text._ZN10helicopter8messages22SystemTelemetryMessageD0Ev
                0x000010f4       0x2a messages/SystemTelemetryMessage.o
                0x000010f4                _ZN10helicopter8messages22SystemTelemetryMessageD0Ev
 .text._ZN10helicopter8messages22SystemTelemetryMessage8getBytesEv
                0x0000111e       0xb0 messages/SystemTelemetryMessage.o
                0x0000111e                _ZN10helicopter8messages22SystemTelemetryMessage8getBytesEv
 .text._ZN10helicopter8messages22SystemTelemetryMessage12buildMessageEPc
                0x000011ce       0x94 messages/SystemTelemetryMessage.o
                0x000011ce                _ZN10helicopter8messages22SystemTelemetryMessage12buildMessageEPc
 .text._ZN10helicopter8messages22SystemTelemetryMessage14buildMessageStEPc
                0x00001262       0x5e messages/SystemTelemetryMessage.o
                0x00001262                _ZN10helicopter8messages22SystemTelemetryMessage14buildMessageStEPc
 .text._ZN10helicopter8messages22SystemTelemetryMessage4MagXEi
                0x000012c0       0x30 model/SystemModel.o
                0x000012c0                _ZN10helicopter8messages22SystemTelemetryMessage4MagXEi
 .text._ZN10helicopter8messages22SystemTelemetryMessage4MagYEi
                0x000012f0       0x30 model/SystemModel.o
                0x000012f0                _ZN10helicopter8messages22SystemTelemetryMessage4MagYEi
 .text._ZN10helicopter8messages22SystemTelemetryMessage4MagZEi
                0x00001320       0x30 model/SystemModel.o
                0x00001320                _ZN10helicopter8messages22SystemTelemetryMessage4MagZEi
 .text._ZNK10helicopter5model11SystemModel7RawMagXEv
                0x00001350       0x24 model/SystemModel.o
                0x00001350                _ZNK10helicopter5model11SystemModel7RawMagXEv
 .text._ZNK10helicopter5model11SystemModel7RawMagYEv
                0x00001374       0x24 model/SystemModel.o
                0x00001374                _ZNK10helicopter5model11SystemModel7RawMagYEv
 .text._ZNK10helicopter5model11SystemModel7RawMagZEv
                0x00001398       0x24 model/SystemModel.o
                0x00001398                _ZNK10helicopter5model11SystemModel7RawMagZEv
 .text._ZN10helicopter5model11SystemModel22CreateTelemetryMessageEv
                0x000013bc       0x7a model/SystemModel.o
                0x000013bc                _ZN10helicopter5model11SystemModel22CreateTelemetryMessageEv
 .text._ZN10helicopter5tasks4Task8getDelayEv
                0x00001436       0x24 scheduler/Scheduler.o
                0x00001436                _ZN10helicopter5tasks4Task8getDelayEv
 .text._ZN10helicopter5tasks4Task9getPeriodEv
                0x0000145a       0x24 scheduler/Scheduler.o
                0x0000145a                _ZN10helicopter5tasks4Task9getPeriodEv
 .text._ZN10helicopter5tasks4Task8setDelayEi
                0x0000147e       0x30 scheduler/Scheduler.o
                0x0000147e                _ZN10helicopter5tasks4Task8setDelayEi
 .text._ZN10helicopter5tasks4Task15getIsReadyToRunEv
                0x000014ae       0x22 scheduler/Scheduler.o
                0x000014ae                _ZN10helicopter5tasks4Task15getIsReadyToRunEv
 .text._ZN10helicopter5tasks4Task15setIsReadyToRunEb
                0x000014d0       0x26 scheduler/Scheduler.o
                0x000014d0                _ZN10helicopter5tasks4Task15setIsReadyToRunEb
 .text._ZN10helicopter5tasks4Task11reduceDelayEv
                0x000014f6       0x34 scheduler/Scheduler.o
                0x000014f6                _ZN10helicopter5tasks4Task11reduceDelayEv
 .text._ZN10helicopter9scheduler9Scheduler13getNumOfTasksEv
                0x0000152a       0x24 scheduler/Scheduler.o
                0x0000152a                _ZN10helicopter9scheduler9Scheduler13getNumOfTasksEv
 .text._ZN10helicopter9scheduler9Scheduler8getTasksEv
                0x0000154e       0x1e scheduler/Scheduler.o
                0x0000154e                _ZN10helicopter9scheduler9Scheduler8getTasksEv
 .text._ZN10helicopter9scheduler9Scheduler12getSchedulerEv
                0x0000156c       0x4a scheduler/Scheduler.o
                0x0000156c                _ZN10helicopter9scheduler9Scheduler12getSchedulerEv
 .text._ZN10helicopter9scheduler9SchedulerC2Ei9PRESCALER
                0x000015b6       0x50 scheduler/Scheduler.o
                0x000015b6                _ZN10helicopter9scheduler9SchedulerC2Ei9PRESCALER
                0x000015b6                _ZN10helicopter9scheduler9SchedulerC1Ei9PRESCALER
 .text._ZN10helicopter9scheduler9Scheduler7addTaskEPNS_5tasks4TaskE
                0x00001606       0x76 scheduler/Scheduler.o
                0x00001606                _ZN10helicopter9scheduler9Scheduler7addTaskEPNS_5tasks4TaskE
 .text._ZN10helicopter9scheduler9Scheduler4initEv
                0x0000167c       0xc2 scheduler/Scheduler.o
                0x0000167c                _ZN10helicopter9scheduler9Scheduler4initEv
 .text._ZN10helicopter9scheduler9Scheduler8dispatchEv
                0x0000173e       0xde scheduler/Scheduler.o
                0x0000173e                _ZN10helicopter9scheduler9Scheduler8dispatchEv
 .text._ZN10helicopter9scheduler9Scheduler5startEv
                0x0000181c       0xc6 scheduler/Scheduler.o
                0x0000181c                _ZN10helicopter9scheduler9Scheduler5startEv
 .text.__vector_17
                0x000018e2      0x106 scheduler/Scheduler.o
                0x000018e2                __vector_17
 .text._ZN10helicopter5tasks4Task4initEv
                0x000019e8       0x1a tasks/misctasks/SimTelemetryTask.o
                0x000019e8                _ZN10helicopter5tasks4Task4initEv
 .text._ZNK10helicopter8messages22SystemTelemetryMessage4MagXEv
                0x00001a02       0x24 tasks/misctasks/SimTelemetryTask.o
                0x00001a02                _ZNK10helicopter8messages22SystemTelemetryMessage4MagXEv
 .text._ZNK10helicopter8messages22SystemTelemetryMessage4MagYEv
                0x00001a26       0x24 tasks/misctasks/SimTelemetryTask.o
                0x00001a26                _ZNK10helicopter8messages22SystemTelemetryMessage4MagYEv
 .text._ZNK10helicopter8messages22SystemTelemetryMessage4MagZEv
                0x00001a4a       0x24 tasks/misctasks/SimTelemetryTask.o
                0x00001a4a                _ZNK10helicopter8messages22SystemTelemetryMessage4MagZEv
 .text._ZN10helicopter5model11SystemModel7RawMagXEi
                0x00001a6e       0x30 tasks/misctasks/SimTelemetryTask.o
                0x00001a6e                _ZN10helicopter5model11SystemModel7RawMagXEi
 .text._ZN10helicopter5model11SystemModel7RawMagYEi
                0x00001a9e       0x30 tasks/misctasks/SimTelemetryTask.o
                0x00001a9e                _ZN10helicopter5model11SystemModel7RawMagYEi
 .text._ZN10helicopter5model11SystemModel7RawMagZEi
                0x00001ace       0x30 tasks/misctasks/SimTelemetryTask.o
                0x00001ace                _ZN10helicopter5model11SystemModel7RawMagZEi
 .text._ZN10helicopter5tasks9misctasks16SimTelemetryTaskC2EPNS_10interfaces14RadioInterfaceEPNS_5model11SystemModelEii
                0x00001afe       0x7e tasks/misctasks/SimTelemetryTask.o
                0x00001afe                _ZN10helicopter5tasks9misctasks16SimTelemetryTaskC1EPNS_10interfaces14RadioInterfaceEPNS_5model11SystemModelEii
                0x00001afe                _ZN10helicopter5tasks9misctasks16SimTelemetryTaskC2EPNS_10interfaces14RadioInterfaceEPNS_5model11SystemModelEii
 .text._ZN10helicopter5tasks9misctasks16SimTelemetryTask11runTaskImplEv
                0x00001b7c      0x2e8 tasks/misctasks/SimTelemetryTask.o
                0x00001b7c                _ZN10helicopter5tasks9misctasks16SimTelemetryTask11runTaskImplEv
 .text._ZN10helicopter5tasks4Task11runTaskImplEv
                0x00001e64       0x1a tasks/Task.o
                0x00001e64                _ZN10helicopter5tasks4Task11runTaskImplEv
 .text._ZN10helicopter5tasks4TaskC2Eii
                0x00001e7e       0x5c tasks/Task.o
                0x00001e7e                _ZN10helicopter5tasks4TaskC2Eii
                0x00001e7e                _ZN10helicopter5tasks4TaskC1Eii
 .text._ZN10helicopter5tasks4Task7runTaskEv
                0x00001eda       0x36 tasks/Task.o
                0x00001eda                _ZN10helicopter5tasks4Task7runTaskEv
 .text._ZN10helicopter5tasks21TransmitTelemetryTaskC2EPNS_10interfaces14RadioInterfaceEPNS_5model11SystemModelEii
                0x00001f10       0x7e tasks/TransmitTelemetryTask.o
                0x00001f10                _ZN10helicopter5tasks21TransmitTelemetryTaskC2EPNS_10interfaces14RadioInterfaceEPNS_5model11SystemModelEii
                0x00001f10                _ZN10helicopter5tasks21TransmitTelemetryTaskC1EPNS_10interfaces14RadioInterfaceEPNS_5model11SystemModelEii
 .text._ZN10helicopter5tasks21TransmitTelemetryTask11runTaskImplEv
                0x00001f8e       0x66 tasks/TransmitTelemetryTask.o
                0x00001f8e                _ZN10helicopter5tasks21TransmitTelemetryTask11runTaskImplEv
 .text._Znwj    0x00001ff4       0x22 util/common/commonheader.o
                0x00001ff4                _Znwj
 .text._ZdlPv   0x00002016       0x2a util/common/commonheader.o
                0x00002016                _ZdlPv
 .text._Znaj    0x00002040       0x22 util/common/commonheader.o
                0x00002040                _Znaj
 .text._ZdaPv   0x00002062       0x2a util/common/commonheader.o
                0x00002062                _ZdaPv
 .text._ZN10helicopter4util5Timer10startTimerEv
                0x0000208c      0x166 util/common/Timer.o
                0x0000208c                _ZN10helicopter4util5Timer10startTimerEv
 .text._ZN10helicopter4util5Timer11hasTimedoutEv
                0x000021f2       0x34 util/common/Timer.o
                0x000021f2                _ZN10helicopter4util5Timer11hasTimedoutEv
 .text._ZN10helicopter4util5Timer9stopTimerEv
                0x00002226       0x34 util/common/Timer.o
                0x00002226                _ZN10helicopter4util5Timer9stopTimerEv
 .text.avr-libc.fplib
                0x0000225a       0x58 c:/program files (x86)/atmel/atmel toolchain/avr8 gcc/native/3.4.2.1002/avr8-gnu-toolchain/bin/../lib/gcc/avr/4.7.2/../../../../avr/lib/avr6\libm.a(fixunssfsi.o)
                0x0000225a                __fixunssfsi
 .text.avr-libc.fplib
                0x000022b2       0x7a c:/program files (x86)/atmel/atmel toolchain/avr8 gcc/native/3.4.2.1002/avr8-gnu-toolchain/bin/../lib/gcc/avr/4.7.2/../../../../avr/lib/avr6\libm.a(floatsisf.o)
                0x000022b2                __floatunsisf
                0x000022b6                __floatsisf
 .text.avr-libc.fplib
                0x0000232c       0x26 c:/program files (x86)/atmel/atmel toolchain/avr8 gcc/native/3.4.2.1002/avr8-gnu-toolchain/bin/../lib/gcc/avr/4.7.2/../../../../avr/lib/avr6\libm.a(floor.o)
                0x0000232c                floor
 .text.avr-libc.fplib
                0x00002352       0x36 c:/program files (x86)/atmel/atmel toolchain/avr8 gcc/native/3.4.2.1002/avr8-gnu-toolchain/bin/../lib/gcc/avr/4.7.2/../../../../avr/lib/avr6\libm.a(fp_mintl.o)
                0x00002352                __fp_mintl
 .text.avr-libc.fplib
                0x00002388       0x1c c:/program files (x86)/atmel/atmel toolchain/avr8 gcc/native/3.4.2.1002/avr8-gnu-toolchain/bin/../lib/gcc/avr/4.7.2/../../../../avr/lib/avr6\libm.a(fp_mpack.o)
                0x00002388                __fp_mpack
                0x0000238c                __fp_mpack_finite
 .text.avr-libc.fplib
                0x000023a4       0x44 c:/program files (x86)/atmel/atmel toolchain/avr8 gcc/native/3.4.2.1002/avr8-gnu-toolchain/bin/../lib/gcc/avr/4.7.2/../../../../avr/lib/avr6\libm.a(fp_split3.o)
                0x000023a4                __fp_split3
                0x000023b4                __fp_splitA
 .text.avr-libc.fplib
                0x000023e8       0x2e c:/program files (x86)/atmel/atmel toolchain/avr8 gcc/native/3.4.2.1002/avr8-gnu-toolchain/bin/../lib/gcc/avr/4.7.2/../../../../avr/lib/avr6\libm.a(fp_trunc.o)
                0x000023e8                __fp_trunc
 .text.avr-libc.fplib
                0x00002416        0xe c:/program files (x86)/atmel/atmel toolchain/avr8 gcc/native/3.4.2.1002/avr8-gnu-toolchain/bin/../lib/gcc/avr/4.7.2/../../../../avr/lib/avr6\libm.a(fp_zero.o)
                0x00002416                __fp_zero
                0x00002418                __fp_szero
 .text.libgcc.div
                0x00002424       0x28 c:/program files (x86)/atmel/atmel toolchain/avr8 gcc/native/3.4.2.1002/avr8-gnu-toolchain/bin/../lib/gcc/avr/4.7.2/avr6\libgcc.a(_divmodhi4.o)
                0x00002424                _div
                0x00002424                __divmodhi4
 .text.libgcc.div
                0x0000244c       0x44 c:/program files (x86)/atmel/atmel toolchain/avr8 gcc/native/3.4.2.1002/avr8-gnu-toolchain/bin/../lib/gcc/avr/4.7.2/avr6\libgcc.a(_udivmodsi4.o)
                0x0000244c                __udivmodsi4
 .text.libgcc.div
                0x00002490       0x28 c:/program files (x86)/atmel/atmel toolchain/avr8 gcc/native/3.4.2.1002/avr8-gnu-toolchain/bin/../lib/gcc/avr/4.7.2/avr6\libgcc.a(_udivmodhi4.o)
                0x00002490                __udivmodhi4
 .text.avr-libc
                0x000024b8      0x274 c:/program files (x86)/atmel/atmel toolchain/avr8 gcc/native/3.4.2.1002/avr8-gnu-toolchain/bin/../lib/gcc/avr/4.7.2/../../../../avr/lib/avr6\libc.a(malloc.o)
                0x000024b8                malloc
                0x000025ee                free
 .text.avr-libc
                0x0000272c       0x12 c:/program files (x86)/atmel/atmel toolchain/avr8 gcc/native/3.4.2.1002/avr8-gnu-toolchain/bin/../lib/gcc/avr/4.7.2/../../../../avr/lib/avr6\libc.a(memcpy.o)
                0x0000272c                memcpy
                0x0000273e                . = ALIGN (0x2)
 *(.fini9)
 .fini9         0x0000273e        0x0 c:/program files (x86)/atmel/atmel toolchain/avr8 gcc/native/3.4.2.1002/avr8-gnu-toolchain/bin/../lib/gcc/avr/4.7.2/avr6\libgcc.a(_exit.o)
                0x0000273e                _exit
                0x0000273e                exit
 *(.fini9)
 *(.fini8)
 *(.fini8)
 *(.fini7)
 *(.fini7)
 *(.fini6)
 *(.fini6)
 *(.fini5)
 *(.fini5)
 *(.fini4)
 *(.fini4)
 *(.fini3)
 *(.fini3)
 *(.fini2)
 *(.fini2)
 *(.fini1)
 *(.fini1)
 *(.fini0)
 .fini0         0x0000273e        0x4 c:/program files (x86)/atmel/atmel toolchain/avr8 gcc/native/3.4.2.1002/avr8-gnu-toolchain/bin/../lib/gcc/avr/4.7.2/avr6\libgcc.a(_exit.o)
 *(.fini0)
                0x00002742                _etext = .

.data           0x00800200       0x60 load address 0x00002742
                0x00800200                PROVIDE (__data_start, .)
 *(.data)
 .data          0x00800200        0x0 c:/program files (x86)/atmel/atmel toolchain/avr8 gcc/native/3.4.2.1002/avr8-gnu-toolchain/bin/../lib/gcc/avr/4.7.2/../../../../avr/lib/avr6/crtm2560.o
 .data          0x00800200        0x0 buffer/Buffer.o
 .data          0x00800200        0x0 buffer/Record.o
 .data          0x00800200        0x0 drivers/MagnetometerDriver.o
 .data          0x00800200        0x0 drivers/SerialDriver.o
 .data          0x00800200        0x0 Helicopter.o
 .data          0x00800200        0x0 interfaces/RadioInterface.o
 .data          0x00800200        0x0 messages/Message.o
 .data          0x00800200        0x0 messages/SyncMessage.o
 .data          0x00800200        0x0 messages/SystemTelemetryMessage.o
 .data          0x00800200        0x0 model/SystemModel.o
 .data          0x00800200        0x0 scheduler/Scheduler.o
 .data          0x00800200        0x0 sensors/MagnetometerSensor.o
 .data          0x00800200        0x0 tasks/misctasks/SimTelemetryTask.o
 .data          0x00800200        0x0 tasks/Task.o
 .data          0x00800200        0x0 tasks/TransmitTelemetryTask.o
 .data          0x00800200        0x0 util/common/commonheader.o
 .data          0x00800200        0x0 util/common/Timer.o
 .data          0x00800200        0x0 c:/program files (x86)/atmel/atmel toolchain/avr8 gcc/native/3.4.2.1002/avr8-gnu-toolchain/bin/../lib/gcc/avr/4.7.2/../../../../avr/lib/avr6\libm.a(addsf3.o)
 .data          0x00800200        0x0 c:/program files (x86)/atmel/atmel toolchain/avr8 gcc/native/3.4.2.1002/avr8-gnu-toolchain/bin/../lib/gcc/avr/4.7.2/../../../../avr/lib/avr6\libm.a(addsf3x.o)
 .data          0x00800200        0x0 c:/program files (x86)/atmel/atmel toolchain/avr8 gcc/native/3.4.2.1002/avr8-gnu-toolchain/bin/../lib/gcc/avr/4.7.2/../../../../avr/lib/avr6\libm.a(fixunssfsi.o)
 .data          0x00800200        0x0 c:/program files (x86)/atmel/atmel toolchain/avr8 gcc/native/3.4.2.1002/avr8-gnu-toolchain/bin/../lib/gcc/avr/4.7.2/../../../../avr/lib/avr6\libm.a(floatsisf.o)
 .data          0x00800200        0x0 c:/program files (x86)/atmel/atmel toolchain/avr8 gcc/native/3.4.2.1002/avr8-gnu-toolchain/bin/../lib/gcc/avr/4.7.2/../../../../avr/lib/avr6\libm.a(floor.o)
 .data          0x00800200        0x0 c:/program files (x86)/atmel/atmel toolchain/avr8 gcc/native/3.4.2.1002/avr8-gnu-toolchain/bin/../lib/gcc/avr/4.7.2/../../../../avr/lib/avr6\libm.a(fp_inf.o)
 .data          0x00800200        0x0 c:/program files (x86)/atmel/atmel toolchain/avr8 gcc/native/3.4.2.1002/avr8-gnu-toolchain/bin/../lib/gcc/avr/4.7.2/../../../../avr/lib/avr6\libm.a(fp_mintl.o)
 .data          0x00800200        0x0 c:/program files (x86)/atmel/atmel toolchain/avr8 gcc/native/3.4.2.1002/avr8-gnu-toolchain/bin/../lib/gcc/avr/4.7.2/../../../../avr/lib/avr6\libm.a(fp_mpack.o)
 .data          0x00800200        0x0 c:/program files (x86)/atmel/atmel toolchain/avr8 gcc/native/3.4.2.1002/avr8-gnu-toolchain/bin/../lib/gcc/avr/4.7.2/../../../../avr/lib/avr6\libm.a(fp_nan.o)
 .data          0x00800200        0x0 c:/program files (x86)/atmel/atmel toolchain/avr8 gcc/native/3.4.2.1002/avr8-gnu-toolchain/bin/../lib/gcc/avr/4.7.2/../../../../avr/lib/avr6\libm.a(fp_pscA.o)
 .data          0x00800200        0x0 c:/program files (x86)/atmel/atmel toolchain/avr8 gcc/native/3.4.2.1002/avr8-gnu-toolchain/bin/../lib/gcc/avr/4.7.2/../../../../avr/lib/avr6\libm.a(fp_pscB.o)
 .data          0x00800200        0x0 c:/program files (x86)/atmel/atmel toolchain/avr8 gcc/native/3.4.2.1002/avr8-gnu-toolchain/bin/../lib/gcc/avr/4.7.2/../../../../avr/lib/avr6\libm.a(fp_round.o)
 .data          0x00800200        0x0 c:/program files (x86)/atmel/atmel toolchain/avr8 gcc/native/3.4.2.1002/avr8-gnu-toolchain/bin/../lib/gcc/avr/4.7.2/../../../../avr/lib/avr6\libm.a(fp_split3.o)
 .data          0x00800200        0x0 c:/program files (x86)/atmel/atmel toolchain/avr8 gcc/native/3.4.2.1002/avr8-gnu-toolchain/bin/../lib/gcc/avr/4.7.2/../../../../avr/lib/avr6\libm.a(fp_trunc.o)
 .data          0x00800200        0x0 c:/program files (x86)/atmel/atmel toolchain/avr8 gcc/native/3.4.2.1002/avr8-gnu-toolchain/bin/../lib/gcc/avr/4.7.2/../../../../avr/lib/avr6\libm.a(fp_zero.o)
 .data          0x00800200        0x0 c:/program files (x86)/atmel/atmel toolchain/avr8 gcc/native/3.4.2.1002/avr8-gnu-toolchain/bin/../lib/gcc/avr/4.7.2/../../../../avr/lib/avr6\libm.a(mulsf3.o)
 .data          0x00800200        0x0 c:/program files (x86)/atmel/atmel toolchain/avr8 gcc/native/3.4.2.1002/avr8-gnu-toolchain/bin/../lib/gcc/avr/4.7.2/../../../../avr/lib/avr6\libm.a(mulsf3x.o)
 .data          0x00800200        0x0 c:/program files (x86)/atmel/atmel toolchain/avr8 gcc/native/3.4.2.1002/avr8-gnu-toolchain/bin/../lib/gcc/avr/4.7.2/avr6\libgcc.a(_divmodhi4.o)
 .data          0x00800200        0x0 c:/program files (x86)/atmel/atmel toolchain/avr8 gcc/native/3.4.2.1002/avr8-gnu-toolchain/bin/../lib/gcc/avr/4.7.2/avr6\libgcc.a(_udivmodsi4.o)
 .data          0x00800200        0x0 c:/program files (x86)/atmel/atmel toolchain/avr8 gcc/native/3.4.2.1002/avr8-gnu-toolchain/bin/../lib/gcc/avr/4.7.2/avr6\libgcc.a(_exit.o)
 .data          0x00800200        0x0 c:/program files (x86)/atmel/atmel toolchain/avr8 gcc/native/3.4.2.1002/avr8-gnu-toolchain/bin/../lib/gcc/avr/4.7.2/avr6\libgcc.a(_copy_data.o)
 .data          0x00800200        0x0 c:/program files (x86)/atmel/atmel toolchain/avr8 gcc/native/3.4.2.1002/avr8-gnu-toolchain/bin/../lib/gcc/avr/4.7.2/avr6\libgcc.a(_clear_bss.o)
 .data          0x00800200        0x0 c:/program files (x86)/atmel/atmel toolchain/avr8 gcc/native/3.4.2.1002/avr8-gnu-toolchain/bin/../lib/gcc/avr/4.7.2/avr6\libgcc.a(_udivmodhi4.o)
 .data          0x00800200        0x6 c:/program files (x86)/atmel/atmel toolchain/avr8 gcc/native/3.4.2.1002/avr8-gnu-toolchain/bin/../lib/gcc/avr/4.7.2/../../../../avr/lib/avr6\libc.a(malloc.o)
                0x00800200                __malloc_heap_end
                0x00800202                __malloc_heap_start
                0x00800204                __malloc_margin
 .data          0x00800206        0x0 c:/program files (x86)/atmel/atmel toolchain/avr8 gcc/native/3.4.2.1002/avr8-gnu-toolchain/bin/../lib/gcc/avr/4.7.2/../../../../avr/lib/avr6\libc.a(memcpy.o)
 *(.data*)
 *(.rodata)
 *(.rodata*)
 .rodata._ZTVN10helicopter7drivers12SerialDriverE
                0x00800206        0xe drivers/SerialDriver.o
                0x00800206                _ZTVN10helicopter7drivers12SerialDriverE
 .rodata._ZTVN10helicopter5tasks9misctasks12FlashLEDTaskE
                0x00800214        0xa Helicopter.o
                0x00800214                _ZTVN10helicopter5tasks9misctasks12FlashLEDTaskE
 .rodata._ZTVN10helicopter8messages11SyncMessageE
                0x0080021e        0xc messages/SyncMessage.o
                0x0080021e                _ZTVN10helicopter8messages11SyncMessageE
 .rodata._ZTVN10helicopter8messages7MessageE
                0x0080022a        0xc messages/SyncMessage.o
                0x0080022a                _ZTVN10helicopter8messages7MessageE
 .rodata._ZTVN10helicopter8messages22SystemTelemetryMessageE
                0x00800236        0xc messages/SystemTelemetryMessage.o
                0x00800236                _ZTVN10helicopter8messages22SystemTelemetryMessageE
 .rodata._ZTVN10helicopter5tasks9misctasks16SimTelemetryTaskE
                0x00800242        0xa tasks/misctasks/SimTelemetryTask.o
                0x00800242                _ZTVN10helicopter5tasks9misctasks16SimTelemetryTaskE
 .rodata._ZTVN10helicopter5tasks4TaskE
                0x0080024c        0xa tasks/Task.o
                0x0080024c                _ZTVN10helicopter5tasks4TaskE
 .rodata._ZTVN10helicopter5tasks21TransmitTelemetryTaskE
                0x00800256        0xa tasks/TransmitTelemetryTask.o
                0x00800256                _ZTVN10helicopter5tasks21TransmitTelemetryTaskE
 *(.gnu.linkonce.d*)
                0x00800260                . = ALIGN (0x2)
                0x00800260                _edata = .
                0x00800260                PROVIDE (__data_end, .)

.bss            0x00800260        0x7
                0x00800260                PROVIDE (__bss_start, .)
 *(.bss)
 *(.bss*)
 .bss._ZN10helicopter9scheduler9Scheduler9schedulerE
                0x00800260        0x2 scheduler/Scheduler.o
                0x00800260                _ZN10helicopter9scheduler9Scheduler9schedulerE
 .bss.isOn      0x00800262        0x1 tasks/misctasks/SimTelemetryTask.o
                0x00800262                isOn
 *(COMMON)
 COMMON         0x00800263        0x4 c:/program files (x86)/atmel/atmel toolchain/avr8 gcc/native/3.4.2.1002/avr8-gnu-toolchain/bin/../lib/gcc/avr/4.7.2/../../../../avr/lib/avr6\libc.a(malloc.o)
                0x00800263                __brkval
                0x00800265                __flp
                0x00800267                PROVIDE (__bss_end, .)
                0x00002742                __data_load_start = LOADADDR (.data)
                0x000027a2                __data_load_end = (__data_load_start + SIZEOF (.data))

.noinit         0x00800267        0x0
                0x00800267                PROVIDE (__noinit_start, .)
 *(.noinit*)
                0x00800267                PROVIDE (__noinit_end, .)
                0x00800267                _end = .
                0x00800267                PROVIDE (__heap_start, .)

.eeprom         0x00810000        0x0
 *(.eeprom*)
                0x00810000                __eeprom_end = .

.fuse
 *(.fuse)
 *(.lfuse)
 *(.hfuse)
 *(.efuse)

.lock
 *(.lock*)

.signature
 *(.signature*)

.user_signatures
 *(.user_signatures*)

.stab           0x00000000     0x20f4
 *(.stab)
 .stab          0x00000000      0x6e4 c:/program files (x86)/atmel/atmel toolchain/avr8 gcc/native/3.4.2.1002/avr8-gnu-toolchain/bin/../lib/gcc/avr/4.7.2/../../../../avr/lib/avr6/crtm2560.o
 .stab          0x000006e4       0x78 c:/program files (x86)/atmel/atmel toolchain/avr8 gcc/native/3.4.2.1002/avr8-gnu-toolchain/bin/../lib/gcc/avr/4.7.2/../../../../avr/lib/avr6\libm.a(addsf3.o)
                                 0x84 (size before relaxing)
 .stab          0x0000075c      0x4bc c:/program files (x86)/atmel/atmel toolchain/avr8 gcc/native/3.4.2.1002/avr8-gnu-toolchain/bin/../lib/gcc/avr/4.7.2/../../../../avr/lib/avr6\libm.a(addsf3x.o)
                                0x4c8 (size before relaxing)
 .stab          0x00000c18      0x240 c:/program files (x86)/atmel/atmel toolchain/avr8 gcc/native/3.4.2.1002/avr8-gnu-toolchain/bin/../lib/gcc/avr/4.7.2/../../../../avr/lib/avr6\libm.a(fixunssfsi.o)
                                0x24c (size before relaxing)
 .stab          0x00000e58      0x318 c:/program files (x86)/atmel/atmel toolchain/avr8 gcc/native/3.4.2.1002/avr8-gnu-toolchain/bin/../lib/gcc/avr/4.7.2/../../../../avr/lib/avr6\libm.a(floatsisf.o)
                                0x324 (size before relaxing)
 .stab          0x00001170      0x114 c:/program files (x86)/atmel/atmel toolchain/avr8 gcc/native/3.4.2.1002/avr8-gnu-toolchain/bin/../lib/gcc/avr/4.7.2/../../../../avr/lib/avr6\libm.a(floor.o)
                                0x120 (size before relaxing)
 .stab          0x00001284       0x78 c:/program files (x86)/atmel/atmel toolchain/avr8 gcc/native/3.4.2.1002/avr8-gnu-toolchain/bin/../lib/gcc/avr/4.7.2/../../../../avr/lib/avr6\libm.a(fp_inf.o)
                                 0x84 (size before relaxing)
 .stab          0x000012fc      0x174 c:/program files (x86)/atmel/atmel toolchain/avr8 gcc/native/3.4.2.1002/avr8-gnu-toolchain/bin/../lib/gcc/avr/4.7.2/../../../../avr/lib/avr6\libm.a(fp_mintl.o)
                                0x180 (size before relaxing)
 .stab          0x00001470       0xe4 c:/program files (x86)/atmel/atmel toolchain/avr8 gcc/native/3.4.2.1002/avr8-gnu-toolchain/bin/../lib/gcc/avr/4.7.2/../../../../avr/lib/avr6\libm.a(fp_mpack.o)
                                 0xf0 (size before relaxing)
 .stab          0x00001554       0x54 c:/program files (x86)/atmel/atmel toolchain/avr8 gcc/native/3.4.2.1002/avr8-gnu-toolchain/bin/../lib/gcc/avr/4.7.2/../../../../avr/lib/avr6\libm.a(fp_nan.o)
                                 0x60 (size before relaxing)
 .stab          0x000015a8       0x84 c:/program files (x86)/atmel/atmel toolchain/avr8 gcc/native/3.4.2.1002/avr8-gnu-toolchain/bin/../lib/gcc/avr/4.7.2/../../../../avr/lib/avr6\libm.a(fp_pscA.o)
                                 0x90 (size before relaxing)
 .stab          0x0000162c       0x84 c:/program files (x86)/atmel/atmel toolchain/avr8 gcc/native/3.4.2.1002/avr8-gnu-toolchain/bin/../lib/gcc/avr/4.7.2/../../../../avr/lib/avr6\libm.a(fp_pscB.o)
                                 0x90 (size before relaxing)
 .stab          0x000016b0       0xfc c:/program files (x86)/atmel/atmel toolchain/avr8 gcc/native/3.4.2.1002/avr8-gnu-toolchain/bin/../lib/gcc/avr/4.7.2/../../../../avr/lib/avr6\libm.a(fp_round.o)
                                0x108 (size before relaxing)
 .stab          0x000017ac      0x1d4 c:/program files (x86)/atmel/atmel toolchain/avr8 gcc/native/3.4.2.1002/avr8-gnu-toolchain/bin/../lib/gcc/avr/4.7.2/../../../../avr/lib/avr6\libm.a(fp_split3.o)
                                0x1e0 (size before relaxing)
 .stab          0x00001980      0x144 c:/program files (x86)/atmel/atmel toolchain/avr8 gcc/native/3.4.2.1002/avr8-gnu-toolchain/bin/../lib/gcc/avr/4.7.2/../../../../avr/lib/avr6\libm.a(fp_trunc.o)
                                0x150 (size before relaxing)
 .stab          0x00001ac4       0x90 c:/program files (x86)/atmel/atmel toolchain/avr8 gcc/native/3.4.2.1002/avr8-gnu-toolchain/bin/../lib/gcc/avr/4.7.2/../../../../avr/lib/avr6\libm.a(fp_zero.o)
                                 0x9c (size before relaxing)
 .stab          0x00001b54       0x48 c:/program files (x86)/atmel/atmel toolchain/avr8 gcc/native/3.4.2.1002/avr8-gnu-toolchain/bin/../lib/gcc/avr/4.7.2/../../../../avr/lib/avr6\libm.a(mulsf3.o)
                                 0x54 (size before relaxing)
 .stab          0x00001b9c      0x4d4 c:/program files (x86)/atmel/atmel toolchain/avr8 gcc/native/3.4.2.1002/avr8-gnu-toolchain/bin/../lib/gcc/avr/4.7.2/../../../../avr/lib/avr6\libm.a(mulsf3x.o)
                                0x4e0 (size before relaxing)
 .stab          0x00002070       0x84 c:/program files (x86)/atmel/atmel toolchain/avr8 gcc/native/3.4.2.1002/avr8-gnu-toolchain/bin/../lib/gcc/avr/4.7.2/../../../../avr/lib/avr6\libc.a(memcpy.o)
                                 0x90 (size before relaxing)

.stabstr        0x00000000      0x8c4
 *(.stabstr)
 .stabstr       0x00000000      0x8c4 c:/program files (x86)/atmel/atmel toolchain/avr8 gcc/native/3.4.2.1002/avr8-gnu-toolchain/bin/../lib/gcc/avr/4.7.2/../../../../avr/lib/avr6/crtm2560.o

.stab.excl
 *(.stab.excl)

.stab.exclstr
 *(.stab.exclstr)

.stab.index
 *(.stab.index)

.stab.indexstr
 *(.stab.indexstr)

.comment        0x00000000       0x2f
 *(.comment)
 .comment       0x00000000       0x2f buffer/Buffer.o
                                 0x30 (size before relaxing)
 .comment       0x00000000       0x30 buffer/Record.o
 .comment       0x00000000       0x30 drivers/MagnetometerDriver.o
 .comment       0x00000000       0x30 drivers/SerialDriver.o
 .comment       0x00000000       0x30 Helicopter.o
 .comment       0x00000000       0x30 interfaces/RadioInterface.o
 .comment       0x00000000       0x30 messages/Message.o
 .comment       0x00000000       0x30 messages/SyncMessage.o
 .comment       0x00000000       0x30 messages/SystemTelemetryMessage.o
 .comment       0x00000000       0x30 model/SystemModel.o
 .comment       0x00000000       0x30 scheduler/Scheduler.o
 .comment       0x00000000       0x30 sensors/MagnetometerSensor.o
 .comment       0x00000000       0x30 tasks/misctasks/SimTelemetryTask.o
 .comment       0x00000000       0x30 tasks/Task.o
 .comment       0x00000000       0x30 tasks/TransmitTelemetryTask.o
 .comment       0x00000000       0x30 util/common/commonheader.o
 .comment       0x00000000       0x30 util/common/Timer.o
 .comment       0x00000000       0x30 c:/program files (x86)/atmel/atmel toolchain/avr8 gcc/native/3.4.2.1002/avr8-gnu-toolchain/bin/../lib/gcc/avr/4.7.2/../../../../avr/lib/avr6\libc.a(malloc.o)

.debug
 *(.debug)

.line
 *(.line)

.debug_srcinfo
 *(.debug_srcinfo)

.debug_sfnames
 *(.debug_sfnames)

.debug_aranges  0x00000000      0x568
 *(.debug_aranges)
 .debug_aranges
                0x00000000       0x50 buffer/Buffer.o
 .debug_aranges
                0x00000050       0x50 buffer/Record.o
 .debug_aranges
                0x000000a0       0x28 drivers/MagnetometerDriver.o
 .debug_aranges
                0x000000c8       0x40 drivers/SerialDriver.o
 .debug_aranges
                0x00000108       0x58 Helicopter.o
 .debug_aranges
                0x00000160       0x38 interfaces/RadioInterface.o
 .debug_aranges
                0x00000198       0x70 messages/SyncMessage.o
 .debug_aranges
                0x00000208       0x70 messages/SystemTelemetryMessage.o
 .debug_aranges
                0x00000278       0x80 model/SystemModel.o
 .debug_aranges
                0x000002f8       0x98 scheduler/Scheduler.o
 .debug_aranges
                0x00000390       0x40 sensors/MagnetometerSensor.o
 .debug_aranges
                0x000003d0       0xa0 tasks/misctasks/SimTelemetryTask.o
 .debug_aranges
                0x00000470       0x38 tasks/Task.o
 .debug_aranges
                0x000004a8       0x30 tasks/TransmitTelemetryTask.o
 .debug_aranges
                0x000004d8       0x38 util/common/commonheader.o
 .debug_aranges
                0x00000510       0x30 util/common/Timer.o
 .debug_aranges
                0x00000540       0x28 c:/program files (x86)/atmel/atmel toolchain/avr8 gcc/native/3.4.2.1002/avr8-gnu-toolchain/bin/../lib/gcc/avr/4.7.2/../../../../avr/lib/avr6\libc.a(malloc.o)

.debug_pubnames
 *(.debug_pubnames)

.debug_info     0x00000000     0x60ce
 *(.debug_info)
 .debug_info    0x00000000      0x59b buffer/Buffer.o
 .debug_info    0x0000059b      0x4ce buffer/Record.o
 .debug_info    0x00000a69      0x20e drivers/MagnetometerDriver.o
 .debug_info    0x00000c77      0x506 drivers/SerialDriver.o
 .debug_info    0x0000117d      0xcfa Helicopter.o
 .debug_info    0x00001e77      0x6a6 interfaces/RadioInterface.o
 .debug_info    0x0000251d      0x63a messages/SyncMessage.o
 .debug_info    0x00002b57      0x730 messages/SystemTelemetryMessage.o
 .debug_info    0x00003287      0x75f model/SystemModel.o
 .debug_info    0x000039e6      0x741 scheduler/Scheduler.o
 .debug_info    0x00004127      0x39d sensors/MagnetometerSensor.o
 .debug_info    0x000044c4      0xba3 tasks/misctasks/SimTelemetryTask.o
 .debug_info    0x00005067      0x33f tasks/Task.o
 .debug_info    0x000053a6      0x737 tasks/TransmitTelemetryTask.o
 .debug_info    0x00005add      0x192 util/common/commonheader.o
 .debug_info    0x00005c6f      0x222 util/common/Timer.o
 .debug_info    0x00005e91      0x23d c:/program files (x86)/atmel/atmel toolchain/avr8 gcc/native/3.4.2.1002/avr8-gnu-toolchain/bin/../lib/gcc/avr/4.7.2/../../../../avr/lib/avr6\libc.a(malloc.o)
 *(.gnu.linkonce.wi.*)

.debug_abbrev   0x00000000     0x2408
 *(.debug_abbrev)
 .debug_abbrev  0x00000000      0x1fb buffer/Buffer.o
 .debug_abbrev  0x000001fb      0x1e3 buffer/Record.o
 .debug_abbrev  0x000003de      0x142 drivers/MagnetometerDriver.o
 .debug_abbrev  0x00000520      0x25d drivers/SerialDriver.o
 .debug_abbrev  0x0000077d      0x371 Helicopter.o
 .debug_abbrev  0x00000aee      0x27e interfaces/RadioInterface.o
 .debug_abbrev  0x00000d6c      0x297 messages/SyncMessage.o
 .debug_abbrev  0x00001003      0x2ad messages/SystemTelemetryMessage.o
 .debug_abbrev  0x000012b0      0x294 model/SystemModel.o
 .debug_abbrev  0x00001544      0x282 scheduler/Scheduler.o
 .debug_abbrev  0x000017c6      0x1a3 sensors/MagnetometerSensor.o
 .debug_abbrev  0x00001969      0x301 tasks/misctasks/SimTelemetryTask.o
 .debug_abbrev  0x00001c6a      0x1d8 tasks/Task.o
 .debug_abbrev  0x00001e42      0x2a7 tasks/TransmitTelemetryTask.o
 .debug_abbrev  0x000020e9       0xc4 util/common/commonheader.o
 .debug_abbrev  0x000021ad      0x162 util/common/Timer.o
 .debug_abbrev  0x0000230f       0xf9 c:/program files (x86)/atmel/atmel toolchain/avr8 gcc/native/3.4.2.1002/avr8-gnu-toolchain/bin/../lib/gcc/avr/4.7.2/../../../../avr/lib/avr6\libc.a(malloc.o)

.debug_line     0x00000000     0x1933
 *(.debug_line)
 .debug_line    0x00000000      0x102 buffer/Buffer.o
 .debug_line    0x00000102       0xec buffer/Record.o
 .debug_line    0x000001ee      0x133 drivers/MagnetometerDriver.o
 .debug_line    0x00000321      0x10a drivers/SerialDriver.o
 .debug_line    0x0000042b      0x22a Helicopter.o
 .debug_line    0x00000655      0x202 interfaces/RadioInterface.o
 .debug_line    0x00000857        0x0 messages/Message.o
 .debug_line    0x00000857      0x151 messages/SyncMessage.o
 .debug_line    0x000009a8      0x173 messages/SystemTelemetryMessage.o
 .debug_line    0x00000b1b      0x18f model/SystemModel.o
 .debug_line    0x00000caa      0x28e scheduler/Scheduler.o
 .debug_line    0x00000f38      0x192 sensors/MagnetometerSensor.o
 .debug_line    0x000010ca      0x2c5 tasks/misctasks/SimTelemetryTask.o
 .debug_line    0x0000138f       0x84 tasks/Task.o
 .debug_line    0x00001413      0x162 tasks/TransmitTelemetryTask.o
 .debug_line    0x00001575      0x11d util/common/commonheader.o
 .debug_line    0x00001692       0x93 util/common/Timer.o
 .debug_line    0x00001725      0x20e c:/program files (x86)/atmel/atmel toolchain/avr8 gcc/native/3.4.2.1002/avr8-gnu-toolchain/bin/../lib/gcc/avr/4.7.2/../../../../avr/lib/avr6\libc.a(malloc.o)

.debug_frame    0x00000000     0x123c
 *(.debug_frame)
 .debug_frame   0x00000000      0x100 buffer/Buffer.o
 .debug_frame   0x00000100      0x114 buffer/Record.o
 .debug_frame   0x00000214       0x54 drivers/MagnetometerDriver.o
 .debug_frame   0x00000268       0xb4 drivers/SerialDriver.o
 .debug_frame   0x0000031c      0x15c Helicopter.o
 .debug_frame   0x00000478       0xe0 interfaces/RadioInterface.o
 .debug_frame   0x00000558      0x180 messages/SyncMessage.o
 .debug_frame   0x000006d8      0x180 messages/SystemTelemetryMessage.o
 .debug_frame   0x00000858      0x1c0 model/SystemModel.o
 .debug_frame   0x00000a18      0x264 scheduler/Scheduler.o
 .debug_frame   0x00000c7c       0xf0 sensors/MagnetometerSensor.o
 .debug_frame   0x00000d6c      0x240 tasks/misctasks/SimTelemetryTask.o
 .debug_frame   0x00000fac       0x94 tasks/Task.o
 .debug_frame   0x00001040       0x80 tasks/TransmitTelemetryTask.o
 .debug_frame   0x000010c0       0x94 util/common/commonheader.o
 .debug_frame   0x00001154       0x80 util/common/Timer.o
 .debug_frame   0x000011d4       0x68 c:/program files (x86)/atmel/atmel toolchain/avr8 gcc/native/3.4.2.1002/avr8-gnu-toolchain/bin/../lib/gcc/avr/4.7.2/../../../../avr/lib/avr6\libc.a(malloc.o)

.debug_str      0x00000000     0x20b0
 *(.debug_str)
 .debug_str     0x00000000      0x53a buffer/Buffer.o
                                0x58b (size before relaxing)
 .debug_str     0x0000053a       0x88 buffer/Record.o
                                0x4c1 (size before relaxing)
 .debug_str     0x000005c2       0xfc drivers/MagnetometerDriver.o
                                0x29f (size before relaxing)
 .debug_str     0x000006be      0x326 drivers/SerialDriver.o
                                0x504 (size before relaxing)
 .debug_str     0x000009e4      0x845 Helicopter.o
                                0xbca (size before relaxing)
 .debug_str     0x00001229      0x10d interfaces/RadioInterface.o
                                0x55b (size before relaxing)
 .debug_str     0x00001336      0x1d6 messages/SyncMessage.o
                                0x4d3 (size before relaxing)
 .debug_str     0x0000150c      0x302 messages/SystemTelemetryMessage.o
                                0x6a7 (size before relaxing)
 .debug_str     0x0000180e       0x19 model/SystemModel.o
                                0x62c (size before relaxing)
 .debug_str     0x00001827      0x214 scheduler/Scheduler.o
                                0x612 (size before relaxing)
 .debug_str     0x00001a3b      0x259 sensors/MagnetometerSensor.o
                                0x427 (size before relaxing)
 .debug_str     0x00001c94      0x10c tasks/misctasks/SimTelemetryTask.o
                                0x959 (size before relaxing)
 .debug_str     0x00001da0       0x94 tasks/Task.o
                                0x323 (size before relaxing)
 .debug_str     0x00001e34       0xca tasks/TransmitTelemetryTask.o
                                0x75d (size before relaxing)
 .debug_str     0x00001efe       0x86 util/common/commonheader.o
                                0x1fe (size before relaxing)
 .debug_str     0x00001f84       0x23 util/common/Timer.o
                                0x23a (size before relaxing)
 .debug_str     0x00001fa7      0x109 c:/program files (x86)/atmel/atmel toolchain/avr8 gcc/native/3.4.2.1002/avr8-gnu-toolchain/bin/../lib/gcc/avr/4.7.2/../../../../avr/lib/avr6\libc.a(malloc.o)
                                0x17c (size before relaxing)

.debug_loc      0x00000000     0x2a7c
 *(.debug_loc)
 .debug_loc     0x00000000      0x212 buffer/Buffer.o
 .debug_loc     0x00000212      0x246 buffer/Record.o
 .debug_loc     0x00000458       0x8f drivers/MagnetometerDriver.o
 .debug_loc     0x000004e7      0x168 drivers/SerialDriver.o
 .debug_loc     0x0000064f      0x2f2 Helicopter.o
 .debug_loc     0x00000941      0x1d3 interfaces/RadioInterface.o
 .debug_loc     0x00000b14      0x332 messages/SyncMessage.o
 .debug_loc     0x00000e46      0x332 messages/SystemTelemetryMessage.o
 .debug_loc     0x00001178      0x3c2 model/SystemModel.o
 .debug_loc     0x0000153a      0x543 scheduler/Scheduler.o
 .debug_loc     0x00001a7d      0x204 sensors/MagnetometerSensor.o
 .debug_loc     0x00001c81      0x4e0 tasks/misctasks/SimTelemetryTask.o
 .debug_loc     0x00002161      0x120 tasks/Task.o
 .debug_loc     0x00002281       0xf1 tasks/TransmitTelemetryTask.o
 .debug_loc     0x00002372      0x120 util/common/commonheader.o
 .debug_loc     0x00002492       0xf2 util/common/Timer.o
 .debug_loc     0x00002584      0x4f8 c:/program files (x86)/atmel/atmel toolchain/avr8 gcc/native/3.4.2.1002/avr8-gnu-toolchain/bin/../lib/gcc/avr/4.7.2/../../../../avr/lib/avr6\libc.a(malloc.o)

.debug_macinfo
 *(.debug_macinfo)

.debug_pubtypes
 *(.debug_pubtypes)

.debug_ranges   0x00000000      0x458
 *(.debug_ranges)
 .debug_ranges  0x00000000       0x40 buffer/Buffer.o
 .debug_ranges  0x00000040       0x40 buffer/Record.o
 .debug_ranges  0x00000080       0x18 drivers/MagnetometerDriver.o
 .debug_ranges  0x00000098       0x30 drivers/SerialDriver.o
 .debug_ranges  0x000000c8       0x48 Helicopter.o
 .debug_ranges  0x00000110       0x28 interfaces/RadioInterface.o
 .debug_ranges  0x00000138       0x60 messages/SyncMessage.o
 .debug_ranges  0x00000198       0x60 messages/SystemTelemetryMessage.o
 .debug_ranges  0x000001f8       0x70 model/SystemModel.o
 .debug_ranges  0x00000268       0x88 scheduler/Scheduler.o
 .debug_ranges  0x000002f0       0x30 sensors/MagnetometerSensor.o
 .debug_ranges  0x00000320       0x90 tasks/misctasks/SimTelemetryTask.o
 .debug_ranges  0x000003b0       0x28 tasks/Task.o
 .debug_ranges  0x000003d8       0x20 tasks/TransmitTelemetryTask.o
 .debug_ranges  0x000003f8       0x28 util/common/commonheader.o
 .debug_ranges  0x00000420       0x20 util/common/Timer.o
 .debug_ranges  0x00000440       0x18 c:/program files (x86)/atmel/atmel toolchain/avr8 gcc/native/3.4.2.1002/avr8-gnu-toolchain/bin/../lib/gcc/avr/4.7.2/../../../../avr/lib/avr6\libc.a(malloc.o)

.debug_macro
 *(.debug_macro)
OUTPUT(Helicopter.elf elf32-avr)
LOAD linker stubs
