Archive member included because of file (symbol)

c:/program files (x86)/atmel/atmel toolchain/avr8 gcc/native/3.4.2.1002/avr8-gnu-toolchain/bin/../lib/gcc/avr/4.7.2/../../../../avr/lib/avr6\libm.a(addsf3.o)
                              sensors/MagnetometerSensor.o (__subsf3)
c:/program files (x86)/atmel/atmel toolchain/avr8 gcc/native/3.4.2.1002/avr8-gnu-toolchain/bin/../lib/gcc/avr/4.7.2/../../../../avr/lib/avr6\libm.a(addsf3x.o)
                              c:/program files (x86)/atmel/atmel toolchain/avr8 gcc/native/3.4.2.1002/avr8-gnu-toolchain/bin/../lib/gcc/avr/4.7.2/../../../../avr/lib/avr6\libm.a(addsf3.o) (__addsf3x)
c:/program files (x86)/atmel/atmel toolchain/avr8 gcc/native/3.4.2.1002/avr8-gnu-toolchain/bin/../lib/gcc/avr/4.7.2/../../../../avr/lib/avr6\libm.a(fixunssfsi.o)
                              drivers/SerialDriver.o (__fixunssfsi)
c:/program files (x86)/atmel/atmel toolchain/avr8 gcc/native/3.4.2.1002/avr8-gnu-toolchain/bin/../lib/gcc/avr/4.7.2/../../../../avr/lib/avr6\libm.a(floatsisf.o)
                              drivers/SerialDriver.o (__floatunsisf)
c:/program files (x86)/atmel/atmel toolchain/avr8 gcc/native/3.4.2.1002/avr8-gnu-toolchain/bin/../lib/gcc/avr/4.7.2/../../../../avr/lib/avr6\libm.a(floor.o)
                              drivers/SerialDriver.o (floor)
c:/program files (x86)/atmel/atmel toolchain/avr8 gcc/native/3.4.2.1002/avr8-gnu-toolchain/bin/../lib/gcc/avr/4.7.2/../../../../avr/lib/avr6\libm.a(fp_inf.o)
                              c:/program files (x86)/atmel/atmel toolchain/avr8 gcc/native/3.4.2.1002/avr8-gnu-toolchain/bin/../lib/gcc/avr/4.7.2/../../../../avr/lib/avr6\libm.a(addsf3x.o) (__fp_inf)
c:/program files (x86)/atmel/atmel toolchain/avr8 gcc/native/3.4.2.1002/avr8-gnu-toolchain/bin/../lib/gcc/avr/4.7.2/../../../../avr/lib/avr6\libm.a(fp_mintl.o)
                              c:/program files (x86)/atmel/atmel toolchain/avr8 gcc/native/3.4.2.1002/avr8-gnu-toolchain/bin/../lib/gcc/avr/4.7.2/../../../../avr/lib/avr6\libm.a(floor.o) (__fp_mintl)
c:/program files (x86)/atmel/atmel toolchain/avr8 gcc/native/3.4.2.1002/avr8-gnu-toolchain/bin/../lib/gcc/avr/4.7.2/../../../../avr/lib/avr6\libm.a(fp_mpack.o)
                              c:/program files (x86)/atmel/atmel toolchain/avr8 gcc/native/3.4.2.1002/avr8-gnu-toolchain/bin/../lib/gcc/avr/4.7.2/../../../../avr/lib/avr6\libm.a(floor.o) (__fp_mpack)
c:/program files (x86)/atmel/atmel toolchain/avr8 gcc/native/3.4.2.1002/avr8-gnu-toolchain/bin/../lib/gcc/avr/4.7.2/../../../../avr/lib/avr6\libm.a(fp_nan.o)
                              c:/program files (x86)/atmel/atmel toolchain/avr8 gcc/native/3.4.2.1002/avr8-gnu-toolchain/bin/../lib/gcc/avr/4.7.2/../../../../avr/lib/avr6\libm.a(addsf3x.o) (__fp_nan)
c:/program files (x86)/atmel/atmel toolchain/avr8 gcc/native/3.4.2.1002/avr8-gnu-toolchain/bin/../lib/gcc/avr/4.7.2/../../../../avr/lib/avr6\libm.a(fp_pscA.o)
                              c:/program files (x86)/atmel/atmel toolchain/avr8 gcc/native/3.4.2.1002/avr8-gnu-toolchain/bin/../lib/gcc/avr/4.7.2/../../../../avr/lib/avr6\libm.a(addsf3x.o) (__fp_pscA)
c:/program files (x86)/atmel/atmel toolchain/avr8 gcc/native/3.4.2.1002/avr8-gnu-toolchain/bin/../lib/gcc/avr/4.7.2/../../../../avr/lib/avr6\libm.a(fp_pscB.o)
                              c:/program files (x86)/atmel/atmel toolchain/avr8 gcc/native/3.4.2.1002/avr8-gnu-toolchain/bin/../lib/gcc/avr/4.7.2/../../../../avr/lib/avr6\libm.a(addsf3x.o) (__fp_pscB)
c:/program files (x86)/atmel/atmel toolchain/avr8 gcc/native/3.4.2.1002/avr8-gnu-toolchain/bin/../lib/gcc/avr/4.7.2/../../../../avr/lib/avr6\libm.a(fp_round.o)
                              c:/program files (x86)/atmel/atmel toolchain/avr8 gcc/native/3.4.2.1002/avr8-gnu-toolchain/bin/../lib/gcc/avr/4.7.2/../../../../avr/lib/avr6\libm.a(addsf3.o) (__fp_round)
c:/program files (x86)/atmel/atmel toolchain/avr8 gcc/native/3.4.2.1002/avr8-gnu-toolchain/bin/../lib/gcc/avr/4.7.2/../../../../avr/lib/avr6\libm.a(fp_split3.o)
                              c:/program files (x86)/atmel/atmel toolchain/avr8 gcc/native/3.4.2.1002/avr8-gnu-toolchain/bin/../lib/gcc/avr/4.7.2/../../../../avr/lib/avr6\libm.a(addsf3x.o) (__fp_split3)
c:/program files (x86)/atmel/atmel toolchain/avr8 gcc/native/3.4.2.1002/avr8-gnu-toolchain/bin/../lib/gcc/avr/4.7.2/../../../../avr/lib/avr6\libm.a(fp_trunc.o)
                              c:/program files (x86)/atmel/atmel toolchain/avr8 gcc/native/3.4.2.1002/avr8-gnu-toolchain/bin/../lib/gcc/avr/4.7.2/../../../../avr/lib/avr6\libm.a(floor.o) (__fp_trunc)
c:/program files (x86)/atmel/atmel toolchain/avr8 gcc/native/3.4.2.1002/avr8-gnu-toolchain/bin/../lib/gcc/avr/4.7.2/../../../../avr/lib/avr6\libm.a(fp_zero.o)
                              c:/program files (x86)/atmel/atmel toolchain/avr8 gcc/native/3.4.2.1002/avr8-gnu-toolchain/bin/../lib/gcc/avr/4.7.2/../../../../avr/lib/avr6\libm.a(addsf3x.o) (__fp_zero)
c:/program files (x86)/atmel/atmel toolchain/avr8 gcc/native/3.4.2.1002/avr8-gnu-toolchain/bin/../lib/gcc/avr/4.7.2/../../../../avr/lib/avr6\libm.a(mulsf3.o)
                              sensors/MagnetometerSensor.o (__mulsf3)
c:/program files (x86)/atmel/atmel toolchain/avr8 gcc/native/3.4.2.1002/avr8-gnu-toolchain/bin/../lib/gcc/avr/4.7.2/../../../../avr/lib/avr6\libm.a(mulsf3x.o)
                              c:/program files (x86)/atmel/atmel toolchain/avr8 gcc/native/3.4.2.1002/avr8-gnu-toolchain/bin/../lib/gcc/avr/4.7.2/../../../../avr/lib/avr6\libm.a(mulsf3.o) (__mulsf3x)
c:/program files (x86)/atmel/atmel toolchain/avr8 gcc/native/3.4.2.1002/avr8-gnu-toolchain/bin/../lib/gcc/avr/4.7.2/avr6\libgcc.a(_udivmodsi4.o)
                              drivers/SerialDriver.o (__udivmodsi4)
c:/program files (x86)/atmel/atmel toolchain/avr8 gcc/native/3.4.2.1002/avr8-gnu-toolchain/bin/../lib/gcc/avr/4.7.2/avr6\libgcc.a(_exit.o)
                              c:/program files (x86)/atmel/atmel toolchain/avr8 gcc/native/3.4.2.1002/avr8-gnu-toolchain/bin/../lib/gcc/avr/4.7.2/../../../../avr/lib/avr6/crtm2560.o (exit)
c:/program files (x86)/atmel/atmel toolchain/avr8 gcc/native/3.4.2.1002/avr8-gnu-toolchain/bin/../lib/gcc/avr/4.7.2/avr6\libgcc.a(_copy_data.o)
                              buffer/Buffer.o (__do_copy_data)
c:/program files (x86)/atmel/atmel toolchain/avr8 gcc/native/3.4.2.1002/avr8-gnu-toolchain/bin/../lib/gcc/avr/4.7.2/avr6\libgcc.a(_clear_bss.o)
                              scheduler/Scheduler.o (__do_clear_bss)
c:/program files (x86)/atmel/atmel toolchain/avr8 gcc/native/3.4.2.1002/avr8-gnu-toolchain/bin/../lib/gcc/avr/4.7.2/../../../../avr/lib/avr6\libc.a(malloc.o)
                              util/common/commonheader.o (malloc)
c:/program files (x86)/atmel/atmel toolchain/avr8 gcc/native/3.4.2.1002/avr8-gnu-toolchain/bin/../lib/gcc/avr/4.7.2/../../../../avr/lib/avr6\libc.a(memcpy.o)
                              buffer/Record.o (memcpy)

Allocating common symbols
Common symbol       size              file

__brkval            0x2               c:/program files (x86)/atmel/atmel toolchain/avr8 gcc/native/3.4.2.1002/avr8-gnu-toolchain/bin/../lib/gcc/avr/4.7.2/../../../../avr/lib/avr6\libc.a(malloc.o)
__flp               0x2               c:/program files (x86)/atmel/atmel toolchain/avr8 gcc/native/3.4.2.1002/avr8-gnu-toolchain/bin/../lib/gcc/avr/4.7.2/../../../../avr/lib/avr6\libc.a(malloc.o)

Discarded input sections

 .bss           0x00000000        0x0 c:/program files (x86)/atmel/atmel toolchain/avr8 gcc/native/3.4.2.1002/avr8-gnu-toolchain/bin/../lib/gcc/avr/4.7.2/../../../../avr/lib/avr6/crtm2560.o
 .group         0x00000000        0x8 buffer/Buffer.o
 .group         0x00000000        0x8 buffer/Buffer.o
 .group         0x00000000        0x8 buffer/Buffer.o
 .text          0x00000000        0x0 buffer/Buffer.o
 .bss           0x00000000        0x0 buffer/Buffer.o
 .text._ZN10helicopter6buffer6Record17getPreviousRecordEv
                0x00000000       0x24 buffer/Buffer.o
 .text._ZN10helicopter6buffer6Record17setPreviousRecordEPS1_
                0x00000000       0x30 buffer/Buffer.o
 .text._ZN10helicopter6buffer6Record13setNextRecordEPS1_
                0x00000000       0x30 buffer/Buffer.o
 .text._ZN10helicopter6buffer6BufferC2Ev
                0x00000000       0x42 buffer/Buffer.o
 .text._ZN10helicopter6buffer6BufferD2Ev
                0x00000000       0x3e buffer/Buffer.o
 .text._ZN10helicopter6buffer6Buffer7enqueueEPNS0_6RecordE
                0x00000000       0xc6 buffer/Buffer.o
 .text._ZN10helicopter6buffer6Buffer7dequeueEv
                0x00000000       0x70 buffer/Buffer.o
 .rodata._ZL18TIMER_FREQUENCY_HZ
                0x00000000        0x2 buffer/Buffer.o
 .rodata._ZL15TIMER_PRESCALER
                0x00000000        0x2 buffer/Buffer.o
 .rodata._ZL18TARGET_TIMER_COUNT
                0x00000000        0x2 buffer/Buffer.o
 .group         0x00000000        0x8 buffer/Record.o
 .group         0x00000000        0x8 buffer/Record.o
 .text          0x00000000        0x0 buffer/Record.o
 .bss           0x00000000        0x0 buffer/Record.o
 .text._ZN10helicopter6buffer6Record13getRecordDataEv
                0x00000000       0x24 buffer/Record.o
 .text._ZN10helicopter6buffer6Record15getSizeOfRecordEv
                0x00000000       0x24 buffer/Record.o
 .text._ZN10helicopter6buffer6RecordC2Ev
                0x00000000       0x42 buffer/Record.o
 .text._ZN10helicopter6buffer6RecordD2Ev
                0x00000000       0x28 buffer/Record.o
 .text._ZN10helicopter6buffer6RecordC2EPvi
                0x00000000       0x78 buffer/Record.o
 .text._ZN10helicopter6buffer6Record13setRecordDataEPvi
                0x00000000       0x64 buffer/Record.o
 .text._ZN10helicopter6buffer6Record4CopyEv
                0x00000000       0x66 buffer/Record.o
 .rodata._ZL18TIMER_FREQUENCY_HZ
                0x00000000        0x2 buffer/Record.o
 .rodata._ZL15TIMER_PRESCALER
                0x00000000        0x2 buffer/Record.o
 .rodata._ZL18TARGET_TIMER_COUNT
                0x00000000        0x2 buffer/Record.o
 .group         0x00000000        0x8 drivers/MagnetometerDriver.o
 .text          0x00000000        0x0 drivers/MagnetometerDriver.o
 .bss           0x00000000        0x0 drivers/MagnetometerDriver.o
 .text._ZN10helicopter7drivers18MagnetometerDriver10initializeEv
                0x00000000       0x1e drivers/MagnetometerDriver.o
 .text._ZN10helicopter7drivers18MagnetometerDriver10readSensorEPiS2_S2_
                0x00000000       0x3a drivers/MagnetometerDriver.o
 .rodata._ZTVN10helicopter7drivers18MagnetometerDriverE
                0x00000000        0x8 drivers/MagnetometerDriver.o
 .rodata._ZL18TIMER_FREQUENCY_HZ
                0x00000000        0x2 drivers/MagnetometerDriver.o
 .rodata._ZL15TIMER_PRESCALER
                0x00000000        0x2 drivers/MagnetometerDriver.o
 .rodata._ZL18TARGET_TIMER_COUNT
                0x00000000        0x2 drivers/MagnetometerDriver.o
 .group         0x00000000        0x8 drivers/SerialDriver.o
 .group         0x00000000        0x8 drivers/SerialDriver.o
 .group         0x00000000        0x8 drivers/SerialDriver.o
 .text          0x00000000        0x0 drivers/SerialDriver.o
 .bss           0x00000000        0x0 drivers/SerialDriver.o
 .rodata._ZL18TIMER_FREQUENCY_HZ
                0x00000000        0x2 drivers/SerialDriver.o
 .rodata._ZL15TIMER_PRESCALER
                0x00000000        0x2 drivers/SerialDriver.o
 .rodata._ZL18TARGET_TIMER_COUNT
                0x00000000        0x2 drivers/SerialDriver.o
 .group         0x00000000        0x8 Helicopter.o
 .group         0x00000000        0x8 Helicopter.o
 .group         0x00000000        0x8 Helicopter.o
 .group         0x00000000        0x8 Helicopter.o
 .group         0x00000000        0x8 Helicopter.o
 .group         0x00000000        0x8 Helicopter.o
 .group         0x00000000        0x8 Helicopter.o
 .group         0x00000000        0x8 Helicopter.o
 .text          0x00000000        0x0 Helicopter.o
 .bss           0x00000000        0x0 Helicopter.o
 .rodata._ZL18TIMER_FREQUENCY_HZ
                0x00000000        0x2 Helicopter.o
 .rodata._ZL15TIMER_PRESCALER
                0x00000000        0x2 Helicopter.o
 .rodata._ZL18TARGET_TIMER_COUNT
                0x00000000        0x2 Helicopter.o
 .group         0x00000000        0x8 interfaces/RadioInterface.o
 .text          0x00000000        0x0 interfaces/RadioInterface.o
 .bss           0x00000000        0x0 interfaces/RadioInterface.o
 .rodata._ZL18TIMER_FREQUENCY_HZ
                0x00000000        0x2 interfaces/RadioInterface.o
 .rodata._ZL15TIMER_PRESCALER
                0x00000000        0x2 interfaces/RadioInterface.o
 .rodata._ZL18TARGET_TIMER_COUNT
                0x00000000        0x2 interfaces/RadioInterface.o
 .group         0x00000000        0x8 messages/Message.o
 .group         0x00000000        0x8 messages/Message.o
 .group         0x00000000        0x8 messages/Message.o
 .text          0x00000000        0x0 messages/Message.o
 .bss           0x00000000        0x0 messages/Message.o
 .rodata._ZL18TIMER_FREQUENCY_HZ
                0x00000000        0x2 messages/Message.o
 .rodata._ZL15TIMER_PRESCALER
                0x00000000        0x2 messages/Message.o
 .rodata._ZL18TARGET_TIMER_COUNT
                0x00000000        0x2 messages/Message.o
 .group         0x00000000        0x8 messages/MessageBuilder.o
 .group         0x00000000        0x8 messages/MessageBuilder.o
 .group         0x00000000        0x8 messages/MessageBuilder.o
 .group         0x00000000        0x8 messages/MessageBuilder.o
 .group         0x00000000        0x8 messages/MessageBuilder.o
 .text          0x00000000        0x0 messages/MessageBuilder.o
 .bss           0x00000000        0x0 messages/MessageBuilder.o
 .rodata._ZL18TIMER_FREQUENCY_HZ
                0x00000000        0x2 messages/MessageBuilder.o
 .rodata._ZL15TIMER_PRESCALER
                0x00000000        0x2 messages/MessageBuilder.o
 .rodata._ZL18TARGET_TIMER_COUNT
                0x00000000        0x2 messages/MessageBuilder.o
 .group         0x00000000        0x8 messages/SimTelemetryMessage.o
 .group         0x00000000        0x8 messages/SimTelemetryMessage.o
 .group         0x00000000        0x8 messages/SimTelemetryMessage.o
 .group         0x00000000        0x8 messages/SimTelemetryMessage.o
 .group         0x00000000        0x8 messages/SimTelemetryMessage.o
 .text          0x00000000        0x0 messages/SimTelemetryMessage.o
 .bss           0x00000000        0x0 messages/SimTelemetryMessage.o
 .text._ZN10helicopter8messages7MessageD2Ev
                0x00000000       0x3c messages/SimTelemetryMessage.o
 .text._ZN10helicopter8messages7MessageD0Ev
                0x00000000       0x2a messages/SimTelemetryMessage.o
 .rodata._ZL18TIMER_FREQUENCY_HZ
                0x00000000        0x2 messages/SimTelemetryMessage.o
 .rodata._ZL15TIMER_PRESCALER
                0x00000000        0x2 messages/SimTelemetryMessage.o
 .rodata._ZL18TARGET_TIMER_COUNT
                0x00000000        0x2 messages/SimTelemetryMessage.o
 .group         0x00000000        0x8 messages/SystemTelemetryMessage.o
 .group         0x00000000        0x8 messages/SystemTelemetryMessage.o
 .group         0x00000000        0x8 messages/SystemTelemetryMessage.o
 .group         0x00000000        0x8 messages/SystemTelemetryMessage.o
 .group         0x00000000        0x8 messages/SystemTelemetryMessage.o
 .text          0x00000000        0x0 messages/SystemTelemetryMessage.o
 .bss           0x00000000        0x0 messages/SystemTelemetryMessage.o
 .text._ZN10helicopter8messages7MessageD2Ev
                0x00000000       0x3c messages/SystemTelemetryMessage.o
 .text._ZN10helicopter8messages7MessageD0Ev
                0x00000000       0x2a messages/SystemTelemetryMessage.o
 .rodata._ZL18TIMER_FREQUENCY_HZ
                0x00000000        0x2 messages/SystemTelemetryMessage.o
 .rodata._ZL15TIMER_PRESCALER
                0x00000000        0x2 messages/SystemTelemetryMessage.o
 .rodata._ZL18TARGET_TIMER_COUNT
                0x00000000        0x2 messages/SystemTelemetryMessage.o
 .group         0x00000000        0x8 model/SystemModel.o
 .group         0x00000000        0x8 model/SystemModel.o
 .group         0x00000000        0x8 model/SystemModel.o
 .group         0x00000000        0x8 model/SystemModel.o
 .group         0x00000000        0x8 model/SystemModel.o
 .group         0x00000000        0x8 model/SystemModel.o
 .group         0x00000000        0x8 model/SystemModel.o
 .text          0x00000000        0x0 model/SystemModel.o
 .bss           0x00000000        0x0 model/SystemModel.o
 .text._ZN10helicopter8messages22SystemTelemetryMessageC2Ev
                0x00000000       0x54 model/SystemModel.o
 .rodata._ZL18TIMER_FREQUENCY_HZ
                0x00000000        0x2 model/SystemModel.o
 .rodata._ZL15TIMER_PRESCALER
                0x00000000        0x2 model/SystemModel.o
 .rodata._ZL18TARGET_TIMER_COUNT
                0x00000000        0x2 model/SystemModel.o
 .group         0x00000000        0x8 scheduler/Scheduler.o
 .group         0x00000000        0x8 scheduler/Scheduler.o
 .group         0x00000000        0x8 scheduler/Scheduler.o
 .group         0x00000000        0x8 scheduler/Scheduler.o
 .group         0x00000000        0x8 scheduler/Scheduler.o
 .group         0x00000000        0x8 scheduler/Scheduler.o
 .group         0x00000000        0x8 scheduler/Scheduler.o
 .group         0x00000000        0x8 scheduler/Scheduler.o
 .text          0x00000000        0x0 scheduler/Scheduler.o
 .bss           0x00000000        0x0 scheduler/Scheduler.o
 .text._ZN10helicopter9scheduler9SchedulerD2Ev
                0x00000000       0x1a scheduler/Scheduler.o
 .rodata._ZL18TIMER_FREQUENCY_HZ
                0x00000000        0x2 scheduler/Scheduler.o
 .rodata._ZL15TIMER_PRESCALER
                0x00000000        0x2 scheduler/Scheduler.o
 .rodata._ZL18TARGET_TIMER_COUNT
                0x00000000        0x2 scheduler/Scheduler.o
 .text          0x00000000        0x0 sensors/MagnetometerSensor.o
 .bss           0x00000000        0x0 sensors/MagnetometerSensor.o
 .text._ZN10helicopter7sensors18MagnetometerSensorC2EPNS_7drivers18MagnetometerDriverE
                0x00000000       0x4e sensors/MagnetometerSensor.o
 .text._ZN10helicopter7sensors18MagnetometerSensor10readSensorEv
                0x00000000       0x72 sensors/MagnetometerSensor.o
 .text._ZN10helicopter7sensors18MagnetometerSensor7getFRDXEv
                0x00000000       0xd8 sensors/MagnetometerSensor.o
 .text._ZN10helicopter7sensors18MagnetometerSensor7getFRDYEv
                0x00000000       0xd8 sensors/MagnetometerSensor.o
 .text._ZN10helicopter7sensors18MagnetometerSensor7getFRDZEv
                0x00000000       0xd8 sensors/MagnetometerSensor.o
 .rodata._ZL18TIMER_FREQUENCY_HZ
                0x00000000        0x2 sensors/MagnetometerSensor.o
 .rodata._ZL15TIMER_PRESCALER
                0x00000000        0x2 sensors/MagnetometerSensor.o
 .rodata._ZL18TARGET_TIMER_COUNT
                0x00000000        0x2 sensors/MagnetometerSensor.o
 .group         0x00000000        0x8 tasks/misctasks/SimTelemetryTask.o
 .group         0x00000000        0x8 tasks/misctasks/SimTelemetryTask.o
 .group         0x00000000        0x8 tasks/misctasks/SimTelemetryTask.o
 .group         0x00000000        0x8 tasks/misctasks/SimTelemetryTask.o
 .group         0x00000000        0x8 tasks/misctasks/SimTelemetryTask.o
 .group         0x00000000        0x8 tasks/misctasks/SimTelemetryTask.o
 .group         0x00000000        0x8 tasks/misctasks/SimTelemetryTask.o
 .group         0x00000000        0x8 tasks/misctasks/SimTelemetryTask.o
 .group         0x00000000        0x8 tasks/misctasks/SimTelemetryTask.o
 .text          0x00000000        0x0 tasks/misctasks/SimTelemetryTask.o
 .bss           0x00000000        0x0 tasks/misctasks/SimTelemetryTask.o
 .rodata._ZL18TIMER_FREQUENCY_HZ
                0x00000000        0x2 tasks/misctasks/SimTelemetryTask.o
 .rodata._ZL15TIMER_PRESCALER
                0x00000000        0x2 tasks/misctasks/SimTelemetryTask.o
 .rodata._ZL18TARGET_TIMER_COUNT
                0x00000000        0x2 tasks/misctasks/SimTelemetryTask.o
 .group         0x00000000        0x8 tasks/Task.o
 .group         0x00000000        0x8 tasks/Task.o
 .group         0x00000000        0x8 tasks/Task.o
 .text          0x00000000        0x0 tasks/Task.o
 .bss           0x00000000        0x0 tasks/Task.o
 .text._ZN10helicopter5tasks4Task4initEv
                0x00000000       0x1a tasks/Task.o
 .group         0x00000000        0x8 tasks/TransmitTelemetryTask.o
 .group         0x00000000        0x8 tasks/TransmitTelemetryTask.o
 .text          0x00000000        0x0 tasks/TransmitTelemetryTask.o
 .bss           0x00000000        0x0 tasks/TransmitTelemetryTask.o
 .text._ZN10helicopter5tasks4Task4initEv
                0x00000000       0x1a tasks/TransmitTelemetryTask.o
 .rodata._ZL18TIMER_FREQUENCY_HZ
                0x00000000        0x2 tasks/TransmitTelemetryTask.o
 .rodata._ZL15TIMER_PRESCALER
                0x00000000        0x2 tasks/TransmitTelemetryTask.o
 .rodata._ZL18TARGET_TIMER_COUNT
                0x00000000        0x2 tasks/TransmitTelemetryTask.o
 .text          0x00000000        0x0 util/common/commonheader.o
 .bss           0x00000000        0x0 util/common/commonheader.o
 .text._ZdaPv   0x00000000       0x2a util/common/commonheader.o
 .rodata._ZL18TIMER_FREQUENCY_HZ
                0x00000000        0x2 util/common/commonheader.o
 .rodata._ZL15TIMER_PRESCALER
                0x00000000        0x2 util/common/commonheader.o
 .rodata._ZL18TARGET_TIMER_COUNT
                0x00000000        0x2 util/common/commonheader.o
 .text          0x00000000        0x0 c:/program files (x86)/atmel/atmel toolchain/avr8 gcc/native/3.4.2.1002/avr8-gnu-toolchain/bin/../lib/gcc/avr/4.7.2/../../../../avr/lib/avr6\libm.a(addsf3.o)
 .bss           0x00000000        0x0 c:/program files (x86)/atmel/atmel toolchain/avr8 gcc/native/3.4.2.1002/avr8-gnu-toolchain/bin/../lib/gcc/avr/4.7.2/../../../../avr/lib/avr6\libm.a(addsf3.o)
 .text.avr-libc.fplib
                0x00000000        0xa c:/program files (x86)/atmel/atmel toolchain/avr8 gcc/native/3.4.2.1002/avr8-gnu-toolchain/bin/../lib/gcc/avr/4.7.2/../../../../avr/lib/avr6\libm.a(addsf3.o)
 .text          0x00000000        0x0 c:/program files (x86)/atmel/atmel toolchain/avr8 gcc/native/3.4.2.1002/avr8-gnu-toolchain/bin/../lib/gcc/avr/4.7.2/../../../../avr/lib/avr6\libm.a(addsf3x.o)
 .bss           0x00000000        0x0 c:/program files (x86)/atmel/atmel toolchain/avr8 gcc/native/3.4.2.1002/avr8-gnu-toolchain/bin/../lib/gcc/avr/4.7.2/../../../../avr/lib/avr6\libm.a(addsf3x.o)
 .text.avr-libc.fplib
                0x00000000       0xc0 c:/program files (x86)/atmel/atmel toolchain/avr8 gcc/native/3.4.2.1002/avr8-gnu-toolchain/bin/../lib/gcc/avr/4.7.2/../../../../avr/lib/avr6\libm.a(addsf3x.o)
 .text          0x00000000        0x0 c:/program files (x86)/atmel/atmel toolchain/avr8 gcc/native/3.4.2.1002/avr8-gnu-toolchain/bin/../lib/gcc/avr/4.7.2/../../../../avr/lib/avr6\libm.a(fixunssfsi.o)
 .bss           0x00000000        0x0 c:/program files (x86)/atmel/atmel toolchain/avr8 gcc/native/3.4.2.1002/avr8-gnu-toolchain/bin/../lib/gcc/avr/4.7.2/../../../../avr/lib/avr6\libm.a(fixunssfsi.o)
 .text          0x00000000        0x0 c:/program files (x86)/atmel/atmel toolchain/avr8 gcc/native/3.4.2.1002/avr8-gnu-toolchain/bin/../lib/gcc/avr/4.7.2/../../../../avr/lib/avr6\libm.a(floatsisf.o)
 .bss           0x00000000        0x0 c:/program files (x86)/atmel/atmel toolchain/avr8 gcc/native/3.4.2.1002/avr8-gnu-toolchain/bin/../lib/gcc/avr/4.7.2/../../../../avr/lib/avr6\libm.a(floatsisf.o)
 .text          0x00000000        0x0 c:/program files (x86)/atmel/atmel toolchain/avr8 gcc/native/3.4.2.1002/avr8-gnu-toolchain/bin/../lib/gcc/avr/4.7.2/../../../../avr/lib/avr6\libm.a(floor.o)
 .bss           0x00000000        0x0 c:/program files (x86)/atmel/atmel toolchain/avr8 gcc/native/3.4.2.1002/avr8-gnu-toolchain/bin/../lib/gcc/avr/4.7.2/../../../../avr/lib/avr6\libm.a(floor.o)
 .text          0x00000000        0x0 c:/program files (x86)/atmel/atmel toolchain/avr8 gcc/native/3.4.2.1002/avr8-gnu-toolchain/bin/../lib/gcc/avr/4.7.2/../../../../avr/lib/avr6\libm.a(fp_inf.o)
 .bss           0x00000000        0x0 c:/program files (x86)/atmel/atmel toolchain/avr8 gcc/native/3.4.2.1002/avr8-gnu-toolchain/bin/../lib/gcc/avr/4.7.2/../../../../avr/lib/avr6\libm.a(fp_inf.o)
 .text.avr-libc.fplib
                0x00000000        0xc c:/program files (x86)/atmel/atmel toolchain/avr8 gcc/native/3.4.2.1002/avr8-gnu-toolchain/bin/../lib/gcc/avr/4.7.2/../../../../avr/lib/avr6\libm.a(fp_inf.o)
 .text          0x00000000        0x0 c:/program files (x86)/atmel/atmel toolchain/avr8 gcc/native/3.4.2.1002/avr8-gnu-toolchain/bin/../lib/gcc/avr/4.7.2/../../../../avr/lib/avr6\libm.a(fp_mintl.o)
 .bss           0x00000000        0x0 c:/program files (x86)/atmel/atmel toolchain/avr8 gcc/native/3.4.2.1002/avr8-gnu-toolchain/bin/../lib/gcc/avr/4.7.2/../../../../avr/lib/avr6\libm.a(fp_mintl.o)
 .text          0x00000000        0x0 c:/program files (x86)/atmel/atmel toolchain/avr8 gcc/native/3.4.2.1002/avr8-gnu-toolchain/bin/../lib/gcc/avr/4.7.2/../../../../avr/lib/avr6\libm.a(fp_mpack.o)
 .bss           0x00000000        0x0 c:/program files (x86)/atmel/atmel toolchain/avr8 gcc/native/3.4.2.1002/avr8-gnu-toolchain/bin/../lib/gcc/avr/4.7.2/../../../../avr/lib/avr6\libm.a(fp_mpack.o)
 .text          0x00000000        0x0 c:/program files (x86)/atmel/atmel toolchain/avr8 gcc/native/3.4.2.1002/avr8-gnu-toolchain/bin/../lib/gcc/avr/4.7.2/../../../../avr/lib/avr6\libm.a(fp_nan.o)
 .bss           0x00000000        0x0 c:/program files (x86)/atmel/atmel toolchain/avr8 gcc/native/3.4.2.1002/avr8-gnu-toolchain/bin/../lib/gcc/avr/4.7.2/../../../../avr/lib/avr6\libm.a(fp_nan.o)
 .text.avr-libc.fplib
                0x00000000        0x6 c:/program files (x86)/atmel/atmel toolchain/avr8 gcc/native/3.4.2.1002/avr8-gnu-toolchain/bin/../lib/gcc/avr/4.7.2/../../../../avr/lib/avr6\libm.a(fp_nan.o)
 .text          0x00000000        0x0 c:/program files (x86)/atmel/atmel toolchain/avr8 gcc/native/3.4.2.1002/avr8-gnu-toolchain/bin/../lib/gcc/avr/4.7.2/../../../../avr/lib/avr6\libm.a(fp_pscA.o)
 .bss           0x00000000        0x0 c:/program files (x86)/atmel/atmel toolchain/avr8 gcc/native/3.4.2.1002/avr8-gnu-toolchain/bin/../lib/gcc/avr/4.7.2/../../../../avr/lib/avr6\libm.a(fp_pscA.o)
 .text.avr-libc.fplib
                0x00000000        0xe c:/program files (x86)/atmel/atmel toolchain/avr8 gcc/native/3.4.2.1002/avr8-gnu-toolchain/bin/../lib/gcc/avr/4.7.2/../../../../avr/lib/avr6\libm.a(fp_pscA.o)
 .text          0x00000000        0x0 c:/program files (x86)/atmel/atmel toolchain/avr8 gcc/native/3.4.2.1002/avr8-gnu-toolchain/bin/../lib/gcc/avr/4.7.2/../../../../avr/lib/avr6\libm.a(fp_pscB.o)
 .bss           0x00000000        0x0 c:/program files (x86)/atmel/atmel toolchain/avr8 gcc/native/3.4.2.1002/avr8-gnu-toolchain/bin/../lib/gcc/avr/4.7.2/../../../../avr/lib/avr6\libm.a(fp_pscB.o)
 .text.avr-libc.fplib
                0x00000000        0xe c:/program files (x86)/atmel/atmel toolchain/avr8 gcc/native/3.4.2.1002/avr8-gnu-toolchain/bin/../lib/gcc/avr/4.7.2/../../../../avr/lib/avr6\libm.a(fp_pscB.o)
 .text          0x00000000        0x0 c:/program files (x86)/atmel/atmel toolchain/avr8 gcc/native/3.4.2.1002/avr8-gnu-toolchain/bin/../lib/gcc/avr/4.7.2/../../../../avr/lib/avr6\libm.a(fp_round.o)
 .bss           0x00000000        0x0 c:/program files (x86)/atmel/atmel toolchain/avr8 gcc/native/3.4.2.1002/avr8-gnu-toolchain/bin/../lib/gcc/avr/4.7.2/../../../../avr/lib/avr6\libm.a(fp_round.o)
 .text.avr-libc.fplib
                0x00000000       0x22 c:/program files (x86)/atmel/atmel toolchain/avr8 gcc/native/3.4.2.1002/avr8-gnu-toolchain/bin/../lib/gcc/avr/4.7.2/../../../../avr/lib/avr6\libm.a(fp_round.o)
 .text          0x00000000        0x0 c:/program files (x86)/atmel/atmel toolchain/avr8 gcc/native/3.4.2.1002/avr8-gnu-toolchain/bin/../lib/gcc/avr/4.7.2/../../../../avr/lib/avr6\libm.a(fp_split3.o)
 .bss           0x00000000        0x0 c:/program files (x86)/atmel/atmel toolchain/avr8 gcc/native/3.4.2.1002/avr8-gnu-toolchain/bin/../lib/gcc/avr/4.7.2/../../../../avr/lib/avr6\libm.a(fp_split3.o)
 .text          0x00000000        0x0 c:/program files (x86)/atmel/atmel toolchain/avr8 gcc/native/3.4.2.1002/avr8-gnu-toolchain/bin/../lib/gcc/avr/4.7.2/../../../../avr/lib/avr6\libm.a(fp_trunc.o)
 .bss           0x00000000        0x0 c:/program files (x86)/atmel/atmel toolchain/avr8 gcc/native/3.4.2.1002/avr8-gnu-toolchain/bin/../lib/gcc/avr/4.7.2/../../../../avr/lib/avr6\libm.a(fp_trunc.o)
 .text          0x00000000        0x0 c:/program files (x86)/atmel/atmel toolchain/avr8 gcc/native/3.4.2.1002/avr8-gnu-toolchain/bin/../lib/gcc/avr/4.7.2/../../../../avr/lib/avr6\libm.a(fp_zero.o)
 .bss           0x00000000        0x0 c:/program files (x86)/atmel/atmel toolchain/avr8 gcc/native/3.4.2.1002/avr8-gnu-toolchain/bin/../lib/gcc/avr/4.7.2/../../../../avr/lib/avr6\libm.a(fp_zero.o)
 .text          0x00000000        0x0 c:/program files (x86)/atmel/atmel toolchain/avr8 gcc/native/3.4.2.1002/avr8-gnu-toolchain/bin/../lib/gcc/avr/4.7.2/../../../../avr/lib/avr6\libm.a(mulsf3.o)
 .bss           0x00000000        0x0 c:/program files (x86)/atmel/atmel toolchain/avr8 gcc/native/3.4.2.1002/avr8-gnu-toolchain/bin/../lib/gcc/avr/4.7.2/../../../../avr/lib/avr6\libm.a(mulsf3.o)
 .text.avr-libc.fplib
                0x00000000        0x4 c:/program files (x86)/atmel/atmel toolchain/avr8 gcc/native/3.4.2.1002/avr8-gnu-toolchain/bin/../lib/gcc/avr/4.7.2/../../../../avr/lib/avr6\libm.a(mulsf3.o)
 .text          0x00000000        0x0 c:/program files (x86)/atmel/atmel toolchain/avr8 gcc/native/3.4.2.1002/avr8-gnu-toolchain/bin/../lib/gcc/avr/4.7.2/../../../../avr/lib/avr6\libm.a(mulsf3x.o)
 .bss           0x00000000        0x0 c:/program files (x86)/atmel/atmel toolchain/avr8 gcc/native/3.4.2.1002/avr8-gnu-toolchain/bin/../lib/gcc/avr/4.7.2/../../../../avr/lib/avr6\libm.a(mulsf3x.o)
 .text.avr-libc.fplib
                0x00000000       0xc2 c:/program files (x86)/atmel/atmel toolchain/avr8 gcc/native/3.4.2.1002/avr8-gnu-toolchain/bin/../lib/gcc/avr/4.7.2/../../../../avr/lib/avr6\libm.a(mulsf3x.o)
 .text          0x00000000        0x0 c:/program files (x86)/atmel/atmel toolchain/avr8 gcc/native/3.4.2.1002/avr8-gnu-toolchain/bin/../lib/gcc/avr/4.7.2/avr6\libgcc.a(_udivmodsi4.o)
 .bss           0x00000000        0x0 c:/program files (x86)/atmel/atmel toolchain/avr8 gcc/native/3.4.2.1002/avr8-gnu-toolchain/bin/../lib/gcc/avr/4.7.2/avr6\libgcc.a(_udivmodsi4.o)
 .text.libgcc.mul
                0x00000000        0x0 c:/program files (x86)/atmel/atmel toolchain/avr8 gcc/native/3.4.2.1002/avr8-gnu-toolchain/bin/../lib/gcc/avr/4.7.2/avr6\libgcc.a(_udivmodsi4.o)
 .text.libgcc   0x00000000        0x0 c:/program files (x86)/atmel/atmel toolchain/avr8 gcc/native/3.4.2.1002/avr8-gnu-toolchain/bin/../lib/gcc/avr/4.7.2/avr6\libgcc.a(_udivmodsi4.o)
 .text.libgcc.prologue
                0x00000000        0x0 c:/program files (x86)/atmel/atmel toolchain/avr8 gcc/native/3.4.2.1002/avr8-gnu-toolchain/bin/../lib/gcc/avr/4.7.2/avr6\libgcc.a(_udivmodsi4.o)
 .text.libgcc.builtins
                0x00000000        0x0 c:/program files (x86)/atmel/atmel toolchain/avr8 gcc/native/3.4.2.1002/avr8-gnu-toolchain/bin/../lib/gcc/avr/4.7.2/avr6\libgcc.a(_udivmodsi4.o)
 .text.libgcc.fmul
                0x00000000        0x0 c:/program files (x86)/atmel/atmel toolchain/avr8 gcc/native/3.4.2.1002/avr8-gnu-toolchain/bin/../lib/gcc/avr/4.7.2/avr6\libgcc.a(_udivmodsi4.o)
 .text          0x00000000        0x0 c:/program files (x86)/atmel/atmel toolchain/avr8 gcc/native/3.4.2.1002/avr8-gnu-toolchain/bin/../lib/gcc/avr/4.7.2/avr6\libgcc.a(_exit.o)
 .bss           0x00000000        0x0 c:/program files (x86)/atmel/atmel toolchain/avr8 gcc/native/3.4.2.1002/avr8-gnu-toolchain/bin/../lib/gcc/avr/4.7.2/avr6\libgcc.a(_exit.o)
 .text.libgcc.mul
                0x00000000        0x0 c:/program files (x86)/atmel/atmel toolchain/avr8 gcc/native/3.4.2.1002/avr8-gnu-toolchain/bin/../lib/gcc/avr/4.7.2/avr6\libgcc.a(_exit.o)
 .text.libgcc.div
                0x00000000        0x0 c:/program files (x86)/atmel/atmel toolchain/avr8 gcc/native/3.4.2.1002/avr8-gnu-toolchain/bin/../lib/gcc/avr/4.7.2/avr6\libgcc.a(_exit.o)
 .text.libgcc   0x00000000        0x0 c:/program files (x86)/atmel/atmel toolchain/avr8 gcc/native/3.4.2.1002/avr8-gnu-toolchain/bin/../lib/gcc/avr/4.7.2/avr6\libgcc.a(_exit.o)
 .text.libgcc.prologue
                0x00000000        0x0 c:/program files (x86)/atmel/atmel toolchain/avr8 gcc/native/3.4.2.1002/avr8-gnu-toolchain/bin/../lib/gcc/avr/4.7.2/avr6\libgcc.a(_exit.o)
 .text.libgcc.builtins
                0x00000000        0x0 c:/program files (x86)/atmel/atmel toolchain/avr8 gcc/native/3.4.2.1002/avr8-gnu-toolchain/bin/../lib/gcc/avr/4.7.2/avr6\libgcc.a(_exit.o)
 .text.libgcc.fmul
                0x00000000        0x0 c:/program files (x86)/atmel/atmel toolchain/avr8 gcc/native/3.4.2.1002/avr8-gnu-toolchain/bin/../lib/gcc/avr/4.7.2/avr6\libgcc.a(_exit.o)
 .text          0x00000000        0x0 c:/program files (x86)/atmel/atmel toolchain/avr8 gcc/native/3.4.2.1002/avr8-gnu-toolchain/bin/../lib/gcc/avr/4.7.2/avr6\libgcc.a(_copy_data.o)
 .bss           0x00000000        0x0 c:/program files (x86)/atmel/atmel toolchain/avr8 gcc/native/3.4.2.1002/avr8-gnu-toolchain/bin/../lib/gcc/avr/4.7.2/avr6\libgcc.a(_copy_data.o)
 .text.libgcc.mul
                0x00000000        0x0 c:/program files (x86)/atmel/atmel toolchain/avr8 gcc/native/3.4.2.1002/avr8-gnu-toolchain/bin/../lib/gcc/avr/4.7.2/avr6\libgcc.a(_copy_data.o)
 .text.libgcc.div
                0x00000000        0x0 c:/program files (x86)/atmel/atmel toolchain/avr8 gcc/native/3.4.2.1002/avr8-gnu-toolchain/bin/../lib/gcc/avr/4.7.2/avr6\libgcc.a(_copy_data.o)
 .text.libgcc   0x00000000        0x0 c:/program files (x86)/atmel/atmel toolchain/avr8 gcc/native/3.4.2.1002/avr8-gnu-toolchain/bin/../lib/gcc/avr/4.7.2/avr6\libgcc.a(_copy_data.o)
 .text.libgcc.prologue
                0x00000000        0x0 c:/program files (x86)/atmel/atmel toolchain/avr8 gcc/native/3.4.2.1002/avr8-gnu-toolchain/bin/../lib/gcc/avr/4.7.2/avr6\libgcc.a(_copy_data.o)
 .text.libgcc.builtins
                0x00000000        0x0 c:/program files (x86)/atmel/atmel toolchain/avr8 gcc/native/3.4.2.1002/avr8-gnu-toolchain/bin/../lib/gcc/avr/4.7.2/avr6\libgcc.a(_copy_data.o)
 .text.libgcc.fmul
                0x00000000        0x0 c:/program files (x86)/atmel/atmel toolchain/avr8 gcc/native/3.4.2.1002/avr8-gnu-toolchain/bin/../lib/gcc/avr/4.7.2/avr6\libgcc.a(_copy_data.o)
 .text          0x00000000        0x0 c:/program files (x86)/atmel/atmel toolchain/avr8 gcc/native/3.4.2.1002/avr8-gnu-toolchain/bin/../lib/gcc/avr/4.7.2/avr6\libgcc.a(_clear_bss.o)
 .bss           0x00000000        0x0 c:/program files (x86)/atmel/atmel toolchain/avr8 gcc/native/3.4.2.1002/avr8-gnu-toolchain/bin/../lib/gcc/avr/4.7.2/avr6\libgcc.a(_clear_bss.o)
 .text.libgcc.mul
                0x00000000        0x0 c:/program files (x86)/atmel/atmel toolchain/avr8 gcc/native/3.4.2.1002/avr8-gnu-toolchain/bin/../lib/gcc/avr/4.7.2/avr6\libgcc.a(_clear_bss.o)
 .text.libgcc.div
                0x00000000        0x0 c:/program files (x86)/atmel/atmel toolchain/avr8 gcc/native/3.4.2.1002/avr8-gnu-toolchain/bin/../lib/gcc/avr/4.7.2/avr6\libgcc.a(_clear_bss.o)
 .text.libgcc   0x00000000        0x0 c:/program files (x86)/atmel/atmel toolchain/avr8 gcc/native/3.4.2.1002/avr8-gnu-toolchain/bin/../lib/gcc/avr/4.7.2/avr6\libgcc.a(_clear_bss.o)
 .text.libgcc.prologue
                0x00000000        0x0 c:/program files (x86)/atmel/atmel toolchain/avr8 gcc/native/3.4.2.1002/avr8-gnu-toolchain/bin/../lib/gcc/avr/4.7.2/avr6\libgcc.a(_clear_bss.o)
 .text.libgcc.builtins
                0x00000000        0x0 c:/program files (x86)/atmel/atmel toolchain/avr8 gcc/native/3.4.2.1002/avr8-gnu-toolchain/bin/../lib/gcc/avr/4.7.2/avr6\libgcc.a(_clear_bss.o)
 .text.libgcc.fmul
                0x00000000        0x0 c:/program files (x86)/atmel/atmel toolchain/avr8 gcc/native/3.4.2.1002/avr8-gnu-toolchain/bin/../lib/gcc/avr/4.7.2/avr6\libgcc.a(_clear_bss.o)
 .text          0x00000000        0x0 c:/program files (x86)/atmel/atmel toolchain/avr8 gcc/native/3.4.2.1002/avr8-gnu-toolchain/bin/../lib/gcc/avr/4.7.2/../../../../avr/lib/avr6\libc.a(malloc.o)
 .bss           0x00000000        0x0 c:/program files (x86)/atmel/atmel toolchain/avr8 gcc/native/3.4.2.1002/avr8-gnu-toolchain/bin/../lib/gcc/avr/4.7.2/../../../../avr/lib/avr6\libc.a(malloc.o)
 .text          0x00000000        0x0 c:/program files (x86)/atmel/atmel toolchain/avr8 gcc/native/3.4.2.1002/avr8-gnu-toolchain/bin/../lib/gcc/avr/4.7.2/../../../../avr/lib/avr6\libc.a(memcpy.o)
 .bss           0x00000000        0x0 c:/program files (x86)/atmel/atmel toolchain/avr8 gcc/native/3.4.2.1002/avr8-gnu-toolchain/bin/../lib/gcc/avr/4.7.2/../../../../avr/lib/avr6\libc.a(memcpy.o)

Memory Configuration

Name             Origin             Length             Attributes
text             0x00000000         0x00100000         xr
data             0x00800200         0x0000fe00         rw !x
eeprom           0x00810000         0x00010000         rw !x
fuse             0x00820000         0x00000400         rw !x
lock             0x00830000         0x00000400         rw !x
signature        0x00840000         0x00000400         rw !x
user_signatures  0x00850000         0x00000400         rw !x
*default*        0x00000000         0xffffffff

Linker script and memory map

Address of section .data set to 0x800200
LOAD c:/program files (x86)/atmel/atmel toolchain/avr8 gcc/native/3.4.2.1002/avr8-gnu-toolchain/bin/../lib/gcc/avr/4.7.2/../../../../avr/lib/avr6/crtm2560.o
LOAD buffer/Buffer.o
LOAD buffer/Record.o
LOAD drivers/MagnetometerDriver.o
LOAD drivers/SerialDriver.o
LOAD Helicopter.o
LOAD interfaces/RadioInterface.o
LOAD messages/Message.o
LOAD messages/MessageBuilder.o
LOAD messages/SimTelemetryMessage.o
LOAD messages/SystemTelemetryMessage.o
LOAD model/SystemModel.o
LOAD scheduler/Scheduler.o
LOAD sensors/MagnetometerSensor.o
LOAD tasks/misctasks/SimTelemetryTask.o
LOAD tasks/Task.o
LOAD tasks/TransmitTelemetryTask.o
LOAD util/common/commonheader.o
START GROUP
LOAD c:/program files (x86)/atmel/atmel toolchain/avr8 gcc/native/3.4.2.1002/avr8-gnu-toolchain/bin/../lib/gcc/avr/4.7.2/../../../../avr/lib/avr6\libm.a
END GROUP
LOAD c:/program files (x86)/atmel/atmel toolchain/avr8 gcc/native/3.4.2.1002/avr8-gnu-toolchain/bin/../lib/gcc/avr/4.7.2/avr6\libgcc.a
LOAD c:/program files (x86)/atmel/atmel toolchain/avr8 gcc/native/3.4.2.1002/avr8-gnu-toolchain/bin/../lib/gcc/avr/4.7.2/../../../../avr/lib/avr6\libm.a
LOAD c:/program files (x86)/atmel/atmel toolchain/avr8 gcc/native/3.4.2.1002/avr8-gnu-toolchain/bin/../lib/gcc/avr/4.7.2/avr6\libgcc.a
LOAD c:/program files (x86)/atmel/atmel toolchain/avr8 gcc/native/3.4.2.1002/avr8-gnu-toolchain/bin/../lib/gcc/avr/4.7.2/../../../../avr/lib/avr6\libc.a
LOAD c:/program files (x86)/atmel/atmel toolchain/avr8 gcc/native/3.4.2.1002/avr8-gnu-toolchain/bin/../lib/gcc/avr/4.7.2/avr6\libgcc.a

.hash
 *(.hash)

.dynsym
 *(.dynsym)

.dynstr
 *(.dynstr)

.gnu.version
 *(.gnu.version)

.gnu.version_d
 *(.gnu.version_d)

.gnu.version_r
 *(.gnu.version_r)

.rel.init
 *(.rel.init)

.rela.init
 *(.rela.init)

.rel.text
 *(.rel.text)
 *(.rel.text.*)
 *(.rel.gnu.linkonce.t*)

.rela.text
 *(.rela.text)
 *(.rela.text.*)
 *(.rela.gnu.linkonce.t*)

.rel.fini
 *(.rel.fini)

.rela.fini
 *(.rela.fini)

.rel.rodata
 *(.rel.rodata)
 *(.rel.rodata.*)
 *(.rel.gnu.linkonce.r*)

.rela.rodata
 *(.rela.rodata)
 *(.rela.rodata.*)
 *(.rela.gnu.linkonce.r*)

.rel.data
 *(.rel.data)
 *(.rel.data.*)
 *(.rel.gnu.linkonce.d*)

.rela.data
 *(.rela.data)
 *(.rela.data.*)
 *(.rela.gnu.linkonce.d*)

.rel.ctors
 *(.rel.ctors)

.rela.ctors
 *(.rela.ctors)

.rel.dtors
 *(.rel.dtors)

.rela.dtors
 *(.rela.dtors)

.rel.got
 *(.rel.got)

.rela.got
 *(.rela.got)

.rel.bss
 *(.rel.bss)

.rela.bss
 *(.rela.bss)

.rel.plt
 *(.rel.plt)

.rela.plt
 *(.rela.plt)

.text           0x00000000     0x2258
 *(.vectors)
 .vectors       0x00000000       0xe4 c:/program files (x86)/atmel/atmel toolchain/avr8 gcc/native/3.4.2.1002/avr8-gnu-toolchain/bin/../lib/gcc/avr/4.7.2/../../../../avr/lib/avr6/crtm2560.o
                0x00000000                __vector_default
                0x00000000                __vectors
 *(.vectors)
 *(.progmem.gcc*)
 *(.progmem*)
                0x000000e4                . = ALIGN (0x2)
                0x000000e4                __trampolines_start = .
 *(.trampolines)
 .trampolines   0x000000e4       0x70 linker stubs
 *(.trampolines*)
                0x00000154                __trampolines_end = .
 *(.jumptables)
 *(.jumptables*)
 *(.lowtext)
 *(.lowtext*)
                0x00000154                __ctors_start = .
 *(.ctors)
                0x00000154                __ctors_end = .
                0x00000154                __dtors_start = .
 *(.dtors)
                0x00000154                __dtors_end = .
 SORT(*)(.ctors)
 SORT(*)(.dtors)
 *(.init0)
 .init0         0x00000154        0x0 c:/program files (x86)/atmel/atmel toolchain/avr8 gcc/native/3.4.2.1002/avr8-gnu-toolchain/bin/../lib/gcc/avr/4.7.2/../../../../avr/lib/avr6/crtm2560.o
                0x00000154                __init
 *(.init0)
 *(.init1)
 *(.init1)
 *(.init2)
 .init2         0x00000154       0x10 c:/program files (x86)/atmel/atmel toolchain/avr8 gcc/native/3.4.2.1002/avr8-gnu-toolchain/bin/../lib/gcc/avr/4.7.2/../../../../avr/lib/avr6/crtm2560.o
 *(.init2)
 *(.init3)
 *(.init3)
 *(.init4)
 .init4         0x00000164       0x1a c:/program files (x86)/atmel/atmel toolchain/avr8 gcc/native/3.4.2.1002/avr8-gnu-toolchain/bin/../lib/gcc/avr/4.7.2/avr6\libgcc.a(_copy_data.o)
                0x00000164                __do_copy_data
 .init4         0x0000017e       0x10 c:/program files (x86)/atmel/atmel toolchain/avr8 gcc/native/3.4.2.1002/avr8-gnu-toolchain/bin/../lib/gcc/avr/4.7.2/avr6\libgcc.a(_clear_bss.o)
                0x0000017e                __do_clear_bss
 *(.init4)
 *(.init5)
 *(.init5)
 *(.init6)
 *(.init6)
 *(.init7)
 *(.init7)
 *(.init8)
 *(.init8)
 *(.init9)
 .init9         0x0000018e        0x8 c:/program files (x86)/atmel/atmel toolchain/avr8 gcc/native/3.4.2.1002/avr8-gnu-toolchain/bin/../lib/gcc/avr/4.7.2/../../../../avr/lib/avr6/crtm2560.o
 *(.init9)
 *(.text)
 .text          0x00000196        0x4 c:/program files (x86)/atmel/atmel toolchain/avr8 gcc/native/3.4.2.1002/avr8-gnu-toolchain/bin/../lib/gcc/avr/4.7.2/../../../../avr/lib/avr6/crtm2560.o
                0x00000196                __vector_38
                0x00000196                __vector_22
                0x00000196                __vector_28
                0x00000196                __vector_1
                0x00000196                __vector_32
                0x00000196                __vector_34
                0x00000196                __vector_24
                0x00000196                __vector_12
                0x00000196                __vector_55
                0x00000196                __vector_46
                0x00000196                __bad_interrupt
                0x00000196                __vector_6
                0x00000196                __vector_31
                0x00000196                __vector_35
                0x00000196                __vector_39
                0x00000196                __vector_3
                0x00000196                __vector_23
                0x00000196                __vector_30
                0x00000196                __vector_45
                0x00000196                __vector_25
                0x00000196                __vector_11
                0x00000196                __vector_54
                0x00000196                __vector_13
                0x00000196                __vector_19
                0x00000196                __vector_56
                0x00000196                __vector_7
                0x00000196                __vector_49
                0x00000196                __vector_41
                0x00000196                __vector_43
                0x00000196                __vector_27
                0x00000196                __vector_5
                0x00000196                __vector_33
                0x00000196                __vector_47
                0x00000196                __vector_52
                0x00000196                __vector_37
                0x00000196                __vector_4
                0x00000196                __vector_44
                0x00000196                __vector_51
                0x00000196                __vector_9
                0x00000196                __vector_2
                0x00000196                __vector_21
                0x00000196                __vector_15
                0x00000196                __vector_36
                0x00000196                __vector_29
                0x00000196                __vector_40
                0x00000196                __vector_8
                0x00000196                __vector_26
                0x00000196                __vector_48
                0x00000196                __vector_14
                0x00000196                __vector_53
                0x00000196                __vector_10
                0x00000196                __vector_50
                0x00000196                __vector_16
                0x00000196                __vector_18
                0x00000196                __vector_20
                0x00000196                __vector_42
                0x0000019a                . = ALIGN (0x2)
 *(.text.*)
 .text._ZN10helicopter7drivers12SerialDriverD2Ev
                0x0000019a       0x3c drivers/SerialDriver.o
                0x0000019a                _ZN10helicopter7drivers12SerialDriverD1Ev
                0x0000019a                _ZN10helicopter7drivers12SerialDriverD2Ev
 .text._ZN10helicopter7drivers12SerialDriverD0Ev
                0x000001d6       0x2a drivers/SerialDriver.o
                0x000001d6                _ZN10helicopter7drivers12SerialDriverD0Ev
 .text._ZN10helicopter7drivers12SerialDriver10initializeEv
                0x00000200      0x16c drivers/SerialDriver.o
                0x00000200                _ZN10helicopter7drivers12SerialDriver10initializeEv
 .text._ZN10helicopter7drivers12SerialDriver12transmitByteEc
                0x0000036c       0x88 drivers/SerialDriver.o
                0x0000036c                _ZN10helicopter7drivers12SerialDriver12transmitByteEc
 .text._ZN10helicopter7drivers12SerialDriver11receiveByteERc
                0x000003f4       0x88 drivers/SerialDriver.o
                0x000003f4                _ZN10helicopter7drivers12SerialDriver11receiveByteERc
 .text._ZN10helicopter5tasks9misctasks12FlashLEDTaskC2Eiii
                0x0000047c       0x6c Helicopter.o
                0x0000047c                _ZN10helicopter5tasks9misctasks12FlashLEDTaskC2Eiii
                0x0000047c                _ZN10helicopter5tasks9misctasks12FlashLEDTaskC1Eiii
 .text._ZN10helicopter5tasks9misctasks12FlashLEDTask4initEv
                0x000004e8       0x48 Helicopter.o
                0x000004e8                _ZN10helicopter5tasks9misctasks12FlashLEDTask4initEv
 .text._ZN10helicopter5tasks9misctasks12FlashLEDTask11runTaskImplEv
                0x00000530       0x98 Helicopter.o
                0x00000530                _ZN10helicopter5tasks9misctasks12FlashLEDTask11runTaskImplEv
 .text._ZN10helicopter7drivers12SerialDriverC2EmNS1_8UartPortEbb
                0x000005c8       0x82 Helicopter.o
                0x000005c8                _ZN10helicopter7drivers12SerialDriverC1EmNS1_8UartPortEbb
                0x000005c8                _ZN10helicopter7drivers12SerialDriverC2EmNS1_8UartPortEbb
 .text._ZN10helicopter8messages14MessageBuilderC2Ev
                0x0000064a       0x3c Helicopter.o
                0x0000064a                _ZN10helicopter8messages14MessageBuilderC2Ev
                0x0000064a                _ZN10helicopter8messages14MessageBuilderC1Ev
 .text._ZN10helicopter10interfaces14RadioInterfaceC2EPNS_7drivers12SerialDriverEPNS_8messages14MessageBuilderE
                0x00000686       0x46 Helicopter.o
                0x00000686                _ZN10helicopter10interfaces14RadioInterfaceC2EPNS_7drivers12SerialDriverEPNS_8messages14MessageBuilderE
                0x00000686                _ZN10helicopter10interfaces14RadioInterfaceC1EPNS_7drivers12SerialDriverEPNS_8messages14MessageBuilderE
 .text._ZN10helicopter5model11SystemModelC2Ev
                0x000006cc       0x38 Helicopter.o
                0x000006cc                _ZN10helicopter5model11SystemModelC1Ev
                0x000006cc                _ZN10helicopter5model11SystemModelC2Ev
 .text.main     0x00000704      0x15e Helicopter.o
                0x00000704                main
 .text._ZN10helicopter8messages7Message13getNumOfBytesEv
                0x00000862       0x24 interfaces/RadioInterface.o
                0x00000862                _ZN10helicopter8messages7Message13getNumOfBytesEv
 .text._ZN10helicopter10interfaces14RadioInterface8transmitEPNS_8messages7MessageE
                0x00000886       0xde interfaces/RadioInterface.o
                0x00000886                _ZN10helicopter10interfaces14RadioInterface8transmitEPNS_8messages7MessageE
 .text._ZN10helicopter10interfaces14RadioInterface7receiveERPNS_8messages7MessageE
                0x00000964      0x17c interfaces/RadioInterface.o
                0x00000964                _ZN10helicopter10interfaces14RadioInterface7receiveERPNS_8messages7MessageE
 .text._ZN10helicopter8messages7MessageD2Ev
                0x00000ae0       0x3c messages/Message.o
                0x00000ae0                _ZN10helicopter8messages7MessageD1Ev
                0x00000ae0                _ZN10helicopter8messages7MessageD2Ev
 .text._ZN10helicopter8messages7MessageD0Ev
                0x00000b1c       0x2a messages/Message.o
                0x00000b1c                _ZN10helicopter8messages7MessageD0Ev
 .text._ZN10helicopter8messages7MessageC2Eci
                0x00000b46       0x4e messages/Message.o
                0x00000b46                _ZN10helicopter8messages7MessageC2Eci
                0x00000b46                _ZN10helicopter8messages7MessageC1Eci
 .text._ZN10helicopter8messages7Message8getBytesEv
                0x00000b94       0x1e messages/Message.o
                0x00000b94                _ZN10helicopter8messages7Message8getBytesEv
 .text._ZN10helicopter8messages7Message12buildMessageEPc
                0x00000bb2       0x22 messages/Message.o
                0x00000bb2                _ZN10helicopter8messages7Message12buildMessageEPc
 .text._ZN10helicopter8messages14MessageBuilderD2Ev
                0x00000bd4       0x3c messages/MessageBuilder.o
                0x00000bd4                _ZN10helicopter8messages14MessageBuilderD2Ev
                0x00000bd4                _ZN10helicopter8messages14MessageBuilderD1Ev
 .text._ZN10helicopter8messages14MessageBuilderD0Ev
                0x00000c10       0x2a messages/MessageBuilder.o
                0x00000c10                _ZN10helicopter8messages14MessageBuilderD0Ev
 .text._ZN10helicopter8messages19SimTelemetryMessageC2Ev
                0x00000c3a       0x54 messages/MessageBuilder.o
                0x00000c3a                _ZN10helicopter8messages19SimTelemetryMessageC1Ev
                0x00000c3a                _ZN10helicopter8messages19SimTelemetryMessageC2Ev
 .text._ZN10helicopter8messages22SystemTelemetryMessageC2Ev
                0x00000c8e       0x54 messages/MessageBuilder.o
                0x00000c8e                _ZN10helicopter8messages22SystemTelemetryMessageC2Ev
                0x00000c8e                _ZN10helicopter8messages22SystemTelemetryMessageC1Ev
 .text._ZN10helicopter8messages14MessageBuilder10initializeEic
                0x00000ce2       0xa6 messages/MessageBuilder.o
                0x00000ce2                _ZN10helicopter8messages14MessageBuilder10initializeEic
 .text._ZN10helicopter8messages14MessageBuilder7addByteEc
                0x00000d88       0x4c messages/MessageBuilder.o
                0x00000d88                _ZN10helicopter8messages14MessageBuilder7addByteEc
 .text._ZN10helicopter8messages14MessageBuilder23getNumOfBytesForMessageEc
                0x00000dd4       0x38 messages/MessageBuilder.o
                0x00000dd4                _ZN10helicopter8messages14MessageBuilder23getNumOfBytesForMessageEc
 .text._ZN10helicopter8messages14MessageBuilder12buildMessageEv
                0x00000e0c       0x9e messages/MessageBuilder.o
                0x00000e0c                _ZN10helicopter8messages14MessageBuilder12buildMessageEv
 .text._ZN10helicopter8messages19SimTelemetryMessageD2Ev
                0x00000eaa       0x44 messages/SimTelemetryMessage.o
                0x00000eaa                _ZN10helicopter8messages19SimTelemetryMessageD2Ev
                0x00000eaa                _ZN10helicopter8messages19SimTelemetryMessageD1Ev
 .text._ZN10helicopter8messages19SimTelemetryMessageD0Ev
                0x00000eee       0x2a messages/SimTelemetryMessage.o
                0x00000eee                _ZN10helicopter8messages19SimTelemetryMessageD0Ev
 .text._ZN10helicopter8messages19SimTelemetryMessage8getBytesEv
                0x00000f18       0xa4 messages/SimTelemetryMessage.o
                0x00000f18                _ZN10helicopter8messages19SimTelemetryMessage8getBytesEv
 .text._ZN10helicopter8messages19SimTelemetryMessage12buildMessageEPc
                0x00000fbc       0x94 messages/SimTelemetryMessage.o
                0x00000fbc                _ZN10helicopter8messages19SimTelemetryMessage12buildMessageEPc
 .text._ZN10helicopter8messages22SystemTelemetryMessageD2Ev
                0x00001050       0x44 messages/SystemTelemetryMessage.o
                0x00001050                _ZN10helicopter8messages22SystemTelemetryMessageD2Ev
                0x00001050                _ZN10helicopter8messages22SystemTelemetryMessageD1Ev
 .text._ZN10helicopter8messages22SystemTelemetryMessageD0Ev
                0x00001094       0x2a messages/SystemTelemetryMessage.o
                0x00001094                _ZN10helicopter8messages22SystemTelemetryMessageD0Ev
 .text._ZN10helicopter8messages22SystemTelemetryMessage8getBytesEv
                0x000010be       0xb0 messages/SystemTelemetryMessage.o
                0x000010be                _ZN10helicopter8messages22SystemTelemetryMessage8getBytesEv
 .text._ZN10helicopter8messages22SystemTelemetryMessage12buildMessageEPc
                0x0000116e       0x94 messages/SystemTelemetryMessage.o
                0x0000116e                _ZN10helicopter8messages22SystemTelemetryMessage12buildMessageEPc
 .text._ZNK10helicopter5model11SystemModel7RawMagXEv
                0x00001202       0x24 model/SystemModel.o
                0x00001202                _ZNK10helicopter5model11SystemModel7RawMagXEv
 .text._ZNK10helicopter5model11SystemModel7RawMagYEv
                0x00001226       0x24 model/SystemModel.o
                0x00001226                _ZNK10helicopter5model11SystemModel7RawMagYEv
 .text._ZNK10helicopter5model11SystemModel7RawMagZEv
                0x0000124a       0x24 model/SystemModel.o
                0x0000124a                _ZNK10helicopter5model11SystemModel7RawMagZEv
 .text._ZN10helicopter8messages22SystemTelemetryMessage4MagXEi
                0x0000126e       0x30 model/SystemModel.o
                0x0000126e                _ZN10helicopter8messages22SystemTelemetryMessage4MagXEi
 .text._ZN10helicopter8messages22SystemTelemetryMessage4MagYEi
                0x0000129e       0x30 model/SystemModel.o
                0x0000129e                _ZN10helicopter8messages22SystemTelemetryMessage4MagYEi
 .text._ZN10helicopter8messages22SystemTelemetryMessage4MagZEi
                0x000012ce       0x30 model/SystemModel.o
                0x000012ce                _ZN10helicopter8messages22SystemTelemetryMessage4MagZEi
 .text._ZN10helicopter5model11SystemModel22CreateTelemetryMessageEv
                0x000012fe       0x7a model/SystemModel.o
                0x000012fe                _ZN10helicopter5model11SystemModel22CreateTelemetryMessageEv
 .text._ZN10helicopter5tasks4Task8getDelayEv
                0x00001378       0x24 scheduler/Scheduler.o
                0x00001378                _ZN10helicopter5tasks4Task8getDelayEv
 .text._ZN10helicopter5tasks4Task9getPeriodEv
                0x0000139c       0x24 scheduler/Scheduler.o
                0x0000139c                _ZN10helicopter5tasks4Task9getPeriodEv
 .text._ZN10helicopter5tasks4Task8setDelayEi
                0x000013c0       0x30 scheduler/Scheduler.o
                0x000013c0                _ZN10helicopter5tasks4Task8setDelayEi
 .text._ZN10helicopter5tasks4Task15getIsReadyToRunEv
                0x000013f0       0x22 scheduler/Scheduler.o
                0x000013f0                _ZN10helicopter5tasks4Task15getIsReadyToRunEv
 .text._ZN10helicopter5tasks4Task15setIsReadyToRunEb
                0x00001412       0x26 scheduler/Scheduler.o
                0x00001412                _ZN10helicopter5tasks4Task15setIsReadyToRunEb
 .text._ZN10helicopter5tasks4Task11reduceDelayEv
                0x00001438       0x34 scheduler/Scheduler.o
                0x00001438                _ZN10helicopter5tasks4Task11reduceDelayEv
 .text._ZN10helicopter9scheduler9Scheduler13getNumOfTasksEv
                0x0000146c       0x24 scheduler/Scheduler.o
                0x0000146c                _ZN10helicopter9scheduler9Scheduler13getNumOfTasksEv
 .text._ZN10helicopter9scheduler9Scheduler8getTasksEv
                0x00001490       0x1e scheduler/Scheduler.o
                0x00001490                _ZN10helicopter9scheduler9Scheduler8getTasksEv
 .text._ZN10helicopter9scheduler9Scheduler12getSchedulerEv
                0x000014ae       0x4a scheduler/Scheduler.o
                0x000014ae                _ZN10helicopter9scheduler9Scheduler12getSchedulerEv
 .text._ZN10helicopter9scheduler9SchedulerC2Ei9PRESCALER
                0x000014f8       0x50 scheduler/Scheduler.o
                0x000014f8                _ZN10helicopter9scheduler9SchedulerC2Ei9PRESCALER
                0x000014f8                _ZN10helicopter9scheduler9SchedulerC1Ei9PRESCALER
 .text._ZN10helicopter9scheduler9Scheduler7addTaskEPNS_5tasks4TaskE
                0x00001548       0x76 scheduler/Scheduler.o
                0x00001548                _ZN10helicopter9scheduler9Scheduler7addTaskEPNS_5tasks4TaskE
 .text._ZN10helicopter9scheduler9Scheduler4initEv
                0x000015be       0xc2 scheduler/Scheduler.o
                0x000015be                _ZN10helicopter9scheduler9Scheduler4initEv
 .text._ZN10helicopter9scheduler9Scheduler8dispatchEv
                0x00001680       0xde scheduler/Scheduler.o
                0x00001680                _ZN10helicopter9scheduler9Scheduler8dispatchEv
 .text._ZN10helicopter9scheduler9Scheduler5startEv
                0x0000175e       0xc6 scheduler/Scheduler.o
                0x0000175e                _ZN10helicopter9scheduler9Scheduler5startEv
 .text.__vector_17
                0x00001824      0x106 scheduler/Scheduler.o
                0x00001824                __vector_17
 .text._ZN10helicopter5tasks4Task4initEv
                0x0000192a       0x1a tasks/misctasks/SimTelemetryTask.o
                0x0000192a                _ZN10helicopter5tasks4Task4initEv
 .text._ZN10helicopter8messages7Message7getTypeEv
                0x00001944       0x22 tasks/misctasks/SimTelemetryTask.o
                0x00001944                _ZN10helicopter8messages7Message7getTypeEv
 .text._ZN10helicopter5model11SystemModel7RawMagXEi
                0x00001966       0x30 tasks/misctasks/SimTelemetryTask.o
                0x00001966                _ZN10helicopter5model11SystemModel7RawMagXEi
 .text._ZN10helicopter5model11SystemModel7RawMagYEi
                0x00001996       0x30 tasks/misctasks/SimTelemetryTask.o
                0x00001996                _ZN10helicopter5model11SystemModel7RawMagYEi
 .text._ZN10helicopter5model11SystemModel7RawMagZEi
                0x000019c6       0x30 tasks/misctasks/SimTelemetryTask.o
                0x000019c6                _ZN10helicopter5model11SystemModel7RawMagZEi
 .text._ZNK10helicopter8messages22SystemTelemetryMessage4MagXEv
                0x000019f6       0x24 tasks/misctasks/SimTelemetryTask.o
                0x000019f6                _ZNK10helicopter8messages22SystemTelemetryMessage4MagXEv
 .text._ZNK10helicopter8messages22SystemTelemetryMessage4MagYEv
                0x00001a1a       0x24 tasks/misctasks/SimTelemetryTask.o
                0x00001a1a                _ZNK10helicopter8messages22SystemTelemetryMessage4MagYEv
 .text._ZNK10helicopter8messages22SystemTelemetryMessage4MagZEv
                0x00001a3e       0x24 tasks/misctasks/SimTelemetryTask.o
                0x00001a3e                _ZNK10helicopter8messages22SystemTelemetryMessage4MagZEv
 .text._ZN10helicopter5tasks9misctasks16SimTelemetryTaskC2EPNS_10interfaces14RadioInterfaceEPNS_5model11SystemModelEii
                0x00001a62       0x7e tasks/misctasks/SimTelemetryTask.o
                0x00001a62                _ZN10helicopter5tasks9misctasks16SimTelemetryTaskC1EPNS_10interfaces14RadioInterfaceEPNS_5model11SystemModelEii
                0x00001a62                _ZN10helicopter5tasks9misctasks16SimTelemetryTaskC2EPNS_10interfaces14RadioInterfaceEPNS_5model11SystemModelEii
 .text._ZN10helicopter5tasks9misctasks16SimTelemetryTask11runTaskImplEv
                0x00001ae0       0xe2 tasks/misctasks/SimTelemetryTask.o
                0x00001ae0                _ZN10helicopter5tasks9misctasks16SimTelemetryTask11runTaskImplEv
 .text._ZN10helicopter5tasks4Task11runTaskImplEv
                0x00001bc2       0x1a tasks/Task.o
                0x00001bc2                _ZN10helicopter5tasks4Task11runTaskImplEv
 .text._ZN10helicopter5tasks4TaskC2Eii
                0x00001bdc       0x5c tasks/Task.o
                0x00001bdc                _ZN10helicopter5tasks4TaskC2Eii
                0x00001bdc                _ZN10helicopter5tasks4TaskC1Eii
 .text._ZN10helicopter5tasks4Task7runTaskEv
                0x00001c38       0x36 tasks/Task.o
                0x00001c38                _ZN10helicopter5tasks4Task7runTaskEv
 .text._ZN10helicopter5tasks21TransmitTelemetryTaskC2EPNS_10interfaces14RadioInterfaceEPNS_5model11SystemModelEii
                0x00001c6e       0x7e tasks/TransmitTelemetryTask.o
                0x00001c6e                _ZN10helicopter5tasks21TransmitTelemetryTaskC2EPNS_10interfaces14RadioInterfaceEPNS_5model11SystemModelEii
                0x00001c6e                _ZN10helicopter5tasks21TransmitTelemetryTaskC1EPNS_10interfaces14RadioInterfaceEPNS_5model11SystemModelEii
 .text._ZN10helicopter5tasks21TransmitTelemetryTask11runTaskImplEv
                0x00001cec       0x66 tasks/TransmitTelemetryTask.o
                0x00001cec                _ZN10helicopter5tasks21TransmitTelemetryTask11runTaskImplEv
 .text._Znwj    0x00001d52       0x22 util/common/commonheader.o
                0x00001d52                _Znwj
 .text._ZdlPv   0x00001d74       0x2a util/common/commonheader.o
                0x00001d74                _ZdlPv
 .text._Znaj    0x00001d9e       0x22 util/common/commonheader.o
                0x00001d9e                _Znaj
 .text.avr-libc.fplib
                0x00001dc0       0x58 c:/program files (x86)/atmel/atmel toolchain/avr8 gcc/native/3.4.2.1002/avr8-gnu-toolchain/bin/../lib/gcc/avr/4.7.2/../../../../avr/lib/avr6\libm.a(fixunssfsi.o)
                0x00001dc0                __fixunssfsi
 .text.avr-libc.fplib
                0x00001e18       0x7a c:/program files (x86)/atmel/atmel toolchain/avr8 gcc/native/3.4.2.1002/avr8-gnu-toolchain/bin/../lib/gcc/avr/4.7.2/../../../../avr/lib/avr6\libm.a(floatsisf.o)
                0x00001e18                __floatunsisf
                0x00001e1c                __floatsisf
 .text.avr-libc.fplib
                0x00001e92       0x26 c:/program files (x86)/atmel/atmel toolchain/avr8 gcc/native/3.4.2.1002/avr8-gnu-toolchain/bin/../lib/gcc/avr/4.7.2/../../../../avr/lib/avr6\libm.a(floor.o)
                0x00001e92                floor
 .text.avr-libc.fplib
                0x00001eb8       0x36 c:/program files (x86)/atmel/atmel toolchain/avr8 gcc/native/3.4.2.1002/avr8-gnu-toolchain/bin/../lib/gcc/avr/4.7.2/../../../../avr/lib/avr6\libm.a(fp_mintl.o)
                0x00001eb8                __fp_mintl
 .text.avr-libc.fplib
                0x00001eee       0x1c c:/program files (x86)/atmel/atmel toolchain/avr8 gcc/native/3.4.2.1002/avr8-gnu-toolchain/bin/../lib/gcc/avr/4.7.2/../../../../avr/lib/avr6\libm.a(fp_mpack.o)
                0x00001eee                __fp_mpack
                0x00001ef2                __fp_mpack_finite
 .text.avr-libc.fplib
                0x00001f0a       0x44 c:/program files (x86)/atmel/atmel toolchain/avr8 gcc/native/3.4.2.1002/avr8-gnu-toolchain/bin/../lib/gcc/avr/4.7.2/../../../../avr/lib/avr6\libm.a(fp_split3.o)
                0x00001f0a                __fp_split3
                0x00001f1a                __fp_splitA
 .text.avr-libc.fplib
                0x00001f4e       0x2e c:/program files (x86)/atmel/atmel toolchain/avr8 gcc/native/3.4.2.1002/avr8-gnu-toolchain/bin/../lib/gcc/avr/4.7.2/../../../../avr/lib/avr6\libm.a(fp_trunc.o)
                0x00001f4e                __fp_trunc
 .text.avr-libc.fplib
                0x00001f7c        0xe c:/program files (x86)/atmel/atmel toolchain/avr8 gcc/native/3.4.2.1002/avr8-gnu-toolchain/bin/../lib/gcc/avr/4.7.2/../../../../avr/lib/avr6\libm.a(fp_zero.o)
                0x00001f7c                __fp_zero
                0x00001f7e                __fp_szero
 .text.libgcc.div
                0x00001f8a       0x44 c:/program files (x86)/atmel/atmel toolchain/avr8 gcc/native/3.4.2.1002/avr8-gnu-toolchain/bin/../lib/gcc/avr/4.7.2/avr6\libgcc.a(_udivmodsi4.o)
                0x00001f8a                __udivmodsi4
 .text.avr-libc
                0x00001fce      0x274 c:/program files (x86)/atmel/atmel toolchain/avr8 gcc/native/3.4.2.1002/avr8-gnu-toolchain/bin/../lib/gcc/avr/4.7.2/../../../../avr/lib/avr6\libc.a(malloc.o)
                0x00001fce                malloc
                0x00002104                free
 .text.avr-libc
                0x00002242       0x12 c:/program files (x86)/atmel/atmel toolchain/avr8 gcc/native/3.4.2.1002/avr8-gnu-toolchain/bin/../lib/gcc/avr/4.7.2/../../../../avr/lib/avr6\libc.a(memcpy.o)
                0x00002242                memcpy
                0x00002254                . = ALIGN (0x2)
 *(.fini9)
 .fini9         0x00002254        0x0 c:/program files (x86)/atmel/atmel toolchain/avr8 gcc/native/3.4.2.1002/avr8-gnu-toolchain/bin/../lib/gcc/avr/4.7.2/avr6\libgcc.a(_exit.o)
                0x00002254                _exit
                0x00002254                exit
 *(.fini9)
 *(.fini8)
 *(.fini8)
 *(.fini7)
 *(.fini7)
 *(.fini6)
 *(.fini6)
 *(.fini5)
 *(.fini5)
 *(.fini4)
 *(.fini4)
 *(.fini3)
 *(.fini3)
 *(.fini2)
 *(.fini2)
 *(.fini1)
 *(.fini1)
 *(.fini0)
 .fini0         0x00002254        0x4 c:/program files (x86)/atmel/atmel toolchain/avr8 gcc/native/3.4.2.1002/avr8-gnu-toolchain/bin/../lib/gcc/avr/4.7.2/avr6\libgcc.a(_exit.o)
 *(.fini0)
                0x00002258                _etext = .

.data           0x00800200       0x6c load address 0x00002258
                0x00800200                PROVIDE (__data_start, .)
 *(.data)
 .data          0x00800200        0x0 c:/program files (x86)/atmel/atmel toolchain/avr8 gcc/native/3.4.2.1002/avr8-gnu-toolchain/bin/../lib/gcc/avr/4.7.2/../../../../avr/lib/avr6/crtm2560.o
 .data          0x00800200        0x0 buffer/Buffer.o
 .data          0x00800200        0x0 buffer/Record.o
 .data          0x00800200        0x0 drivers/MagnetometerDriver.o
 .data          0x00800200        0x0 drivers/SerialDriver.o
 .data          0x00800200        0x0 Helicopter.o
 .data          0x00800200        0x0 interfaces/RadioInterface.o
 .data          0x00800200        0x0 messages/Message.o
 .data          0x00800200        0x0 messages/MessageBuilder.o
 .data          0x00800200        0x0 messages/SimTelemetryMessage.o
 .data          0x00800200        0x0 messages/SystemTelemetryMessage.o
 .data          0x00800200        0x0 model/SystemModel.o
 .data          0x00800200        0x0 scheduler/Scheduler.o
 .data          0x00800200        0x0 sensors/MagnetometerSensor.o
 .data          0x00800200        0x0 tasks/misctasks/SimTelemetryTask.o
 .data          0x00800200        0x0 tasks/Task.o
 .data          0x00800200        0x0 tasks/TransmitTelemetryTask.o
 .data          0x00800200        0x0 util/common/commonheader.o
 .data          0x00800200        0x0 c:/program files (x86)/atmel/atmel toolchain/avr8 gcc/native/3.4.2.1002/avr8-gnu-toolchain/bin/../lib/gcc/avr/4.7.2/../../../../avr/lib/avr6\libm.a(addsf3.o)
 .data          0x00800200        0x0 c:/program files (x86)/atmel/atmel toolchain/avr8 gcc/native/3.4.2.1002/avr8-gnu-toolchain/bin/../lib/gcc/avr/4.7.2/../../../../avr/lib/avr6\libm.a(addsf3x.o)
 .data          0x00800200        0x0 c:/program files (x86)/atmel/atmel toolchain/avr8 gcc/native/3.4.2.1002/avr8-gnu-toolchain/bin/../lib/gcc/avr/4.7.2/../../../../avr/lib/avr6\libm.a(fixunssfsi.o)
 .data          0x00800200        0x0 c:/program files (x86)/atmel/atmel toolchain/avr8 gcc/native/3.4.2.1002/avr8-gnu-toolchain/bin/../lib/gcc/avr/4.7.2/../../../../avr/lib/avr6\libm.a(floatsisf.o)
 .data          0x00800200        0x0 c:/program files (x86)/atmel/atmel toolchain/avr8 gcc/native/3.4.2.1002/avr8-gnu-toolchain/bin/../lib/gcc/avr/4.7.2/../../../../avr/lib/avr6\libm.a(floor.o)
 .data          0x00800200        0x0 c:/program files (x86)/atmel/atmel toolchain/avr8 gcc/native/3.4.2.1002/avr8-gnu-toolchain/bin/../lib/gcc/avr/4.7.2/../../../../avr/lib/avr6\libm.a(fp_inf.o)
 .data          0x00800200        0x0 c:/program files (x86)/atmel/atmel toolchain/avr8 gcc/native/3.4.2.1002/avr8-gnu-toolchain/bin/../lib/gcc/avr/4.7.2/../../../../avr/lib/avr6\libm.a(fp_mintl.o)
 .data          0x00800200        0x0 c:/program files (x86)/atmel/atmel toolchain/avr8 gcc/native/3.4.2.1002/avr8-gnu-toolchain/bin/../lib/gcc/avr/4.7.2/../../../../avr/lib/avr6\libm.a(fp_mpack.o)
 .data          0x00800200        0x0 c:/program files (x86)/atmel/atmel toolchain/avr8 gcc/native/3.4.2.1002/avr8-gnu-toolchain/bin/../lib/gcc/avr/4.7.2/../../../../avr/lib/avr6\libm.a(fp_nan.o)
 .data          0x00800200        0x0 c:/program files (x86)/atmel/atmel toolchain/avr8 gcc/native/3.4.2.1002/avr8-gnu-toolchain/bin/../lib/gcc/avr/4.7.2/../../../../avr/lib/avr6\libm.a(fp_pscA.o)
 .data          0x00800200        0x0 c:/program files (x86)/atmel/atmel toolchain/avr8 gcc/native/3.4.2.1002/avr8-gnu-toolchain/bin/../lib/gcc/avr/4.7.2/../../../../avr/lib/avr6\libm.a(fp_pscB.o)
 .data          0x00800200        0x0 c:/program files (x86)/atmel/atmel toolchain/avr8 gcc/native/3.4.2.1002/avr8-gnu-toolchain/bin/../lib/gcc/avr/4.7.2/../../../../avr/lib/avr6\libm.a(fp_round.o)
 .data          0x00800200        0x0 c:/program files (x86)/atmel/atmel toolchain/avr8 gcc/native/3.4.2.1002/avr8-gnu-toolchain/bin/../lib/gcc/avr/4.7.2/../../../../avr/lib/avr6\libm.a(fp_split3.o)
 .data          0x00800200        0x0 c:/program files (x86)/atmel/atmel toolchain/avr8 gcc/native/3.4.2.1002/avr8-gnu-toolchain/bin/../lib/gcc/avr/4.7.2/../../../../avr/lib/avr6\libm.a(fp_trunc.o)
 .data          0x00800200        0x0 c:/program files (x86)/atmel/atmel toolchain/avr8 gcc/native/3.4.2.1002/avr8-gnu-toolchain/bin/../lib/gcc/avr/4.7.2/../../../../avr/lib/avr6\libm.a(fp_zero.o)
 .data          0x00800200        0x0 c:/program files (x86)/atmel/atmel toolchain/avr8 gcc/native/3.4.2.1002/avr8-gnu-toolchain/bin/../lib/gcc/avr/4.7.2/../../../../avr/lib/avr6\libm.a(mulsf3.o)
 .data          0x00800200        0x0 c:/program files (x86)/atmel/atmel toolchain/avr8 gcc/native/3.4.2.1002/avr8-gnu-toolchain/bin/../lib/gcc/avr/4.7.2/../../../../avr/lib/avr6\libm.a(mulsf3x.o)
 .data          0x00800200        0x0 c:/program files (x86)/atmel/atmel toolchain/avr8 gcc/native/3.4.2.1002/avr8-gnu-toolchain/bin/../lib/gcc/avr/4.7.2/avr6\libgcc.a(_udivmodsi4.o)
 .data          0x00800200        0x0 c:/program files (x86)/atmel/atmel toolchain/avr8 gcc/native/3.4.2.1002/avr8-gnu-toolchain/bin/../lib/gcc/avr/4.7.2/avr6\libgcc.a(_exit.o)
 .data          0x00800200        0x0 c:/program files (x86)/atmel/atmel toolchain/avr8 gcc/native/3.4.2.1002/avr8-gnu-toolchain/bin/../lib/gcc/avr/4.7.2/avr6\libgcc.a(_copy_data.o)
 .data          0x00800200        0x0 c:/program files (x86)/atmel/atmel toolchain/avr8 gcc/native/3.4.2.1002/avr8-gnu-toolchain/bin/../lib/gcc/avr/4.7.2/avr6\libgcc.a(_clear_bss.o)
 .data          0x00800200        0x6 c:/program files (x86)/atmel/atmel toolchain/avr8 gcc/native/3.4.2.1002/avr8-gnu-toolchain/bin/../lib/gcc/avr/4.7.2/../../../../avr/lib/avr6\libc.a(malloc.o)
                0x00800200                __malloc_heap_end
                0x00800202                __malloc_heap_start
                0x00800204                __malloc_margin
 .data          0x00800206        0x0 c:/program files (x86)/atmel/atmel toolchain/avr8 gcc/native/3.4.2.1002/avr8-gnu-toolchain/bin/../lib/gcc/avr/4.7.2/../../../../avr/lib/avr6\libc.a(memcpy.o)
 *(.data*)
 *(.rodata)
 *(.rodata*)
 .rodata._ZTVN10helicopter7drivers12SerialDriverE
                0x00800206        0xe drivers/SerialDriver.o
                0x00800206                _ZTVN10helicopter7drivers12SerialDriverE
 .rodata._ZTVN10helicopter5tasks9misctasks12FlashLEDTaskE
                0x00800214        0xa Helicopter.o
                0x00800214                _ZTVN10helicopter5tasks9misctasks12FlashLEDTaskE
 .rodata._ZTVN10helicopter8messages7MessageE
                0x0080021e        0xc messages/Message.o
                0x0080021e                _ZTVN10helicopter8messages7MessageE
 .rodata._ZTVN10helicopter8messages14MessageBuilderE
                0x0080022a        0xc messages/MessageBuilder.o
                0x0080022a                _ZTVN10helicopter8messages14MessageBuilderE
 .rodata._ZTVN10helicopter8messages19SimTelemetryMessageE
                0x00800236        0xc messages/SimTelemetryMessage.o
                0x00800236                _ZTVN10helicopter8messages19SimTelemetryMessageE
 .rodata._ZTVN10helicopter8messages22SystemTelemetryMessageE
                0x00800242        0xc messages/SystemTelemetryMessage.o
                0x00800242                _ZTVN10helicopter8messages22SystemTelemetryMessageE
 .rodata._ZTVN10helicopter5tasks9misctasks16SimTelemetryTaskE
                0x0080024e        0xa tasks/misctasks/SimTelemetryTask.o
                0x0080024e                _ZTVN10helicopter5tasks9misctasks16SimTelemetryTaskE
 .rodata._ZTVN10helicopter5tasks4TaskE
                0x00800258        0xa tasks/Task.o
                0x00800258                _ZTVN10helicopter5tasks4TaskE
 .rodata._ZTVN10helicopter5tasks21TransmitTelemetryTaskE
                0x00800262        0xa tasks/TransmitTelemetryTask.o
                0x00800262                _ZTVN10helicopter5tasks21TransmitTelemetryTaskE
 *(.gnu.linkonce.d*)
                0x0080026c                . = ALIGN (0x2)
                0x0080026c                _edata = .
                0x0080026c                PROVIDE (__data_end, .)

.bss            0x0080026c        0x6
                0x0080026c                PROVIDE (__bss_start, .)
 *(.bss)
 *(.bss*)
 .bss._ZN10helicopter9scheduler9Scheduler9schedulerE
                0x0080026c        0x2 scheduler/Scheduler.o
                0x0080026c                _ZN10helicopter9scheduler9Scheduler9schedulerE
 *(COMMON)
 COMMON         0x0080026e        0x4 c:/program files (x86)/atmel/atmel toolchain/avr8 gcc/native/3.4.2.1002/avr8-gnu-toolchain/bin/../lib/gcc/avr/4.7.2/../../../../avr/lib/avr6\libc.a(malloc.o)
                0x0080026e                __brkval
                0x00800270                __flp
                0x00800272                PROVIDE (__bss_end, .)
                0x00002258                __data_load_start = LOADADDR (.data)
                0x000022c4                __data_load_end = (__data_load_start + SIZEOF (.data))

.noinit         0x00800272        0x0
                0x00800272                PROVIDE (__noinit_start, .)
 *(.noinit*)
                0x00800272                PROVIDE (__noinit_end, .)
                0x00800272                _end = .
                0x00800272                PROVIDE (__heap_start, .)

.eeprom         0x00810000        0x0
 *(.eeprom*)
                0x00810000                __eeprom_end = .

.fuse
 *(.fuse)
 *(.lfuse)
 *(.hfuse)
 *(.efuse)

.lock
 *(.lock*)

.signature
 *(.signature*)

.user_signatures
 *(.user_signatures*)

.stab           0x00000000     0x20f4
 *(.stab)
 .stab          0x00000000      0x6e4 c:/program files (x86)/atmel/atmel toolchain/avr8 gcc/native/3.4.2.1002/avr8-gnu-toolchain/bin/../lib/gcc/avr/4.7.2/../../../../avr/lib/avr6/crtm2560.o
 .stab          0x000006e4       0x78 c:/program files (x86)/atmel/atmel toolchain/avr8 gcc/native/3.4.2.1002/avr8-gnu-toolchain/bin/../lib/gcc/avr/4.7.2/../../../../avr/lib/avr6\libm.a(addsf3.o)
                                 0x84 (size before relaxing)
 .stab          0x0000075c      0x4bc c:/program files (x86)/atmel/atmel toolchain/avr8 gcc/native/3.4.2.1002/avr8-gnu-toolchain/bin/../lib/gcc/avr/4.7.2/../../../../avr/lib/avr6\libm.a(addsf3x.o)
                                0x4c8 (size before relaxing)
 .stab          0x00000c18      0x240 c:/program files (x86)/atmel/atmel toolchain/avr8 gcc/native/3.4.2.1002/avr8-gnu-toolchain/bin/../lib/gcc/avr/4.7.2/../../../../avr/lib/avr6\libm.a(fixunssfsi.o)
                                0x24c (size before relaxing)
 .stab          0x00000e58      0x318 c:/program files (x86)/atmel/atmel toolchain/avr8 gcc/native/3.4.2.1002/avr8-gnu-toolchain/bin/../lib/gcc/avr/4.7.2/../../../../avr/lib/avr6\libm.a(floatsisf.o)
                                0x324 (size before relaxing)
 .stab          0x00001170      0x114 c:/program files (x86)/atmel/atmel toolchain/avr8 gcc/native/3.4.2.1002/avr8-gnu-toolchain/bin/../lib/gcc/avr/4.7.2/../../../../avr/lib/avr6\libm.a(floor.o)
                                0x120 (size before relaxing)
 .stab          0x00001284       0x78 c:/program files (x86)/atmel/atmel toolchain/avr8 gcc/native/3.4.2.1002/avr8-gnu-toolchain/bin/../lib/gcc/avr/4.7.2/../../../../avr/lib/avr6\libm.a(fp_inf.o)
                                 0x84 (size before relaxing)
 .stab          0x000012fc      0x174 c:/program files (x86)/atmel/atmel toolchain/avr8 gcc/native/3.4.2.1002/avr8-gnu-toolchain/bin/../lib/gcc/avr/4.7.2/../../../../avr/lib/avr6\libm.a(fp_mintl.o)
                                0x180 (size before relaxing)
 .stab          0x00001470       0xe4 c:/program files (x86)/atmel/atmel toolchain/avr8 gcc/native/3.4.2.1002/avr8-gnu-toolchain/bin/../lib/gcc/avr/4.7.2/../../../../avr/lib/avr6\libm.a(fp_mpack.o)
                                 0xf0 (size before relaxing)
 .stab          0x00001554       0x54 c:/program files (x86)/atmel/atmel toolchain/avr8 gcc/native/3.4.2.1002/avr8-gnu-toolchain/bin/../lib/gcc/avr/4.7.2/../../../../avr/lib/avr6\libm.a(fp_nan.o)
                                 0x60 (size before relaxing)
 .stab          0x000015a8       0x84 c:/program files (x86)/atmel/atmel toolchain/avr8 gcc/native/3.4.2.1002/avr8-gnu-toolchain/bin/../lib/gcc/avr/4.7.2/../../../../avr/lib/avr6\libm.a(fp_pscA.o)
                                 0x90 (size before relaxing)
 .stab          0x0000162c       0x84 c:/program files (x86)/atmel/atmel toolchain/avr8 gcc/native/3.4.2.1002/avr8-gnu-toolchain/bin/../lib/gcc/avr/4.7.2/../../../../avr/lib/avr6\libm.a(fp_pscB.o)
                                 0x90 (size before relaxing)
 .stab          0x000016b0       0xfc c:/program files (x86)/atmel/atmel toolchain/avr8 gcc/native/3.4.2.1002/avr8-gnu-toolchain/bin/../lib/gcc/avr/4.7.2/../../../../avr/lib/avr6\libm.a(fp_round.o)
                                0x108 (size before relaxing)
 .stab          0x000017ac      0x1d4 c:/program files (x86)/atmel/atmel toolchain/avr8 gcc/native/3.4.2.1002/avr8-gnu-toolchain/bin/../lib/gcc/avr/4.7.2/../../../../avr/lib/avr6\libm.a(fp_split3.o)
                                0x1e0 (size before relaxing)
 .stab          0x00001980      0x144 c:/program files (x86)/atmel/atmel toolchain/avr8 gcc/native/3.4.2.1002/avr8-gnu-toolchain/bin/../lib/gcc/avr/4.7.2/../../../../avr/lib/avr6\libm.a(fp_trunc.o)
                                0x150 (size before relaxing)
 .stab          0x00001ac4       0x90 c:/program files (x86)/atmel/atmel toolchain/avr8 gcc/native/3.4.2.1002/avr8-gnu-toolchain/bin/../lib/gcc/avr/4.7.2/../../../../avr/lib/avr6\libm.a(fp_zero.o)
                                 0x9c (size before relaxing)
 .stab          0x00001b54       0x48 c:/program files (x86)/atmel/atmel toolchain/avr8 gcc/native/3.4.2.1002/avr8-gnu-toolchain/bin/../lib/gcc/avr/4.7.2/../../../../avr/lib/avr6\libm.a(mulsf3.o)
                                 0x54 (size before relaxing)
 .stab          0x00001b9c      0x4d4 c:/program files (x86)/atmel/atmel toolchain/avr8 gcc/native/3.4.2.1002/avr8-gnu-toolchain/bin/../lib/gcc/avr/4.7.2/../../../../avr/lib/avr6\libm.a(mulsf3x.o)
                                0x4e0 (size before relaxing)
 .stab          0x00002070       0x84 c:/program files (x86)/atmel/atmel toolchain/avr8 gcc/native/3.4.2.1002/avr8-gnu-toolchain/bin/../lib/gcc/avr/4.7.2/../../../../avr/lib/avr6\libc.a(memcpy.o)
                                 0x90 (size before relaxing)

.stabstr        0x00000000      0x8c4
 *(.stabstr)
 .stabstr       0x00000000      0x8c4 c:/program files (x86)/atmel/atmel toolchain/avr8 gcc/native/3.4.2.1002/avr8-gnu-toolchain/bin/../lib/gcc/avr/4.7.2/../../../../avr/lib/avr6/crtm2560.o

.stab.excl
 *(.stab.excl)

.stab.exclstr
 *(.stab.exclstr)

.stab.index
 *(.stab.index)

.stab.indexstr
 *(.stab.indexstr)

.comment        0x00000000       0x2f
 *(.comment)
 .comment       0x00000000       0x2f buffer/Buffer.o
                                 0x30 (size before relaxing)
 .comment       0x00000000       0x30 buffer/Record.o
 .comment       0x00000000       0x30 drivers/MagnetometerDriver.o
 .comment       0x00000000       0x30 drivers/SerialDriver.o
 .comment       0x00000000       0x30 Helicopter.o
 .comment       0x00000000       0x30 interfaces/RadioInterface.o
 .comment       0x00000000       0x30 messages/Message.o
 .comment       0x00000000       0x30 messages/MessageBuilder.o
 .comment       0x00000000       0x30 messages/SimTelemetryMessage.o
 .comment       0x00000000       0x30 messages/SystemTelemetryMessage.o
 .comment       0x00000000       0x30 model/SystemModel.o
 .comment       0x00000000       0x30 scheduler/Scheduler.o
 .comment       0x00000000       0x30 sensors/MagnetometerSensor.o
 .comment       0x00000000       0x30 tasks/misctasks/SimTelemetryTask.o
 .comment       0x00000000       0x30 tasks/Task.o
 .comment       0x00000000       0x30 tasks/TransmitTelemetryTask.o
 .comment       0x00000000       0x30 util/common/commonheader.o
 .comment       0x00000000       0x30 c:/program files (x86)/atmel/atmel toolchain/avr8 gcc/native/3.4.2.1002/avr8-gnu-toolchain/bin/../lib/gcc/avr/4.7.2/../../../../avr/lib/avr6\libc.a(malloc.o)

.debug
 *(.debug)

.line
 *(.line)

.debug_srcinfo
 *(.debug_srcinfo)

.debug_sfnames
 *(.debug_sfnames)

.debug_aranges  0x00000000      0x518
 *(.debug_aranges)
 .debug_aranges
                0x00000000       0x50 buffer/Buffer.o
 .debug_aranges
                0x00000050       0x50 buffer/Record.o
 .debug_aranges
                0x000000a0       0x28 drivers/MagnetometerDriver.o
 .debug_aranges
                0x000000c8       0x40 drivers/SerialDriver.o
 .debug_aranges
                0x00000108       0x58 Helicopter.o
 .debug_aranges
                0x00000160       0x30 interfaces/RadioInterface.o
 .debug_aranges
                0x00000190       0x40 messages/Message.o
 .debug_aranges
                0x000001d0       0x58 messages/MessageBuilder.o
 .debug_aranges
                0x00000228       0x48 messages/SimTelemetryMessage.o
 .debug_aranges
                0x00000270       0x48 messages/SystemTelemetryMessage.o
 .debug_aranges
                0x000002b8       0x58 model/SystemModel.o
 .debug_aranges
                0x00000310       0x98 scheduler/Scheduler.o
 .debug_aranges
                0x000003a8       0x40 sensors/MagnetometerSensor.o
 .debug_aranges
                0x000003e8       0x68 tasks/misctasks/SimTelemetryTask.o
 .debug_aranges
                0x00000450       0x38 tasks/Task.o
 .debug_aranges
                0x00000488       0x30 tasks/TransmitTelemetryTask.o
 .debug_aranges
                0x000004b8       0x38 util/common/commonheader.o
 .debug_aranges
                0x000004f0       0x28 c:/program files (x86)/atmel/atmel toolchain/avr8 gcc/native/3.4.2.1002/avr8-gnu-toolchain/bin/../lib/gcc/avr/4.7.2/../../../../avr/lib/avr6\libc.a(malloc.o)

.debug_pubnames
 *(.debug_pubnames)

.debug_info     0x00000000     0x533c
 *(.debug_info)
 .debug_info    0x00000000      0x59b buffer/Buffer.o
 .debug_info    0x0000059b      0x4ce buffer/Record.o
 .debug_info    0x00000a69      0x20e drivers/MagnetometerDriver.o
 .debug_info    0x00000c77      0x3ec drivers/SerialDriver.o
 .debug_info    0x00001063      0xa09 Helicopter.o
 .debug_info    0x00001a6c      0x387 interfaces/RadioInterface.o
 .debug_info    0x00001df3      0x3ab messages/Message.o
 .debug_info    0x0000219e      0x4f6 messages/MessageBuilder.o
 .debug_info    0x00002694      0x478 messages/SimTelemetryMessage.o
 .debug_info    0x00002b0c      0x486 messages/SystemTelemetryMessage.o
 .debug_info    0x00002f92      0x4d1 model/SystemModel.o
 .debug_info    0x00003463      0x741 scheduler/Scheduler.o
 .debug_info    0x00003ba4      0x39d sensors/MagnetometerSensor.o
 .debug_info    0x00003f41      0x79b tasks/misctasks/SimTelemetryTask.o
 .debug_info    0x000046dc      0x33f tasks/Task.o
 .debug_info    0x00004a1b      0x552 tasks/TransmitTelemetryTask.o
 .debug_info    0x00004f6d      0x192 util/common/commonheader.o
 .debug_info    0x000050ff      0x23d c:/program files (x86)/atmel/atmel toolchain/avr8 gcc/native/3.4.2.1002/avr8-gnu-toolchain/bin/../lib/gcc/avr/4.7.2/../../../../avr/lib/avr6\libc.a(malloc.o)
 *(.gnu.linkonce.wi.*)

.debug_abbrev   0x00000000     0x21c0
 *(.debug_abbrev)
 .debug_abbrev  0x00000000      0x1fb buffer/Buffer.o
 .debug_abbrev  0x000001fb      0x1e3 buffer/Record.o
 .debug_abbrev  0x000003de      0x142 drivers/MagnetometerDriver.o
 .debug_abbrev  0x00000520      0x20c drivers/SerialDriver.o
 .debug_abbrev  0x0000072c      0x2c2 Helicopter.o
 .debug_abbrev  0x000009ee      0x184 interfaces/RadioInterface.o
 .debug_abbrev  0x00000b72      0x223 messages/Message.o
 .debug_abbrev  0x00000d95      0x212 messages/MessageBuilder.o
 .debug_abbrev  0x00000fa7      0x229 messages/SimTelemetryMessage.o
 .debug_abbrev  0x000011d0      0x229 messages/SystemTelemetryMessage.o
 .debug_abbrev  0x000013f9      0x1c8 model/SystemModel.o
 .debug_abbrev  0x000015c1      0x282 scheduler/Scheduler.o
 .debug_abbrev  0x00001843      0x1a3 sensors/MagnetometerSensor.o
 .debug_abbrev  0x000019e6      0x239 tasks/misctasks/SimTelemetryTask.o
 .debug_abbrev  0x00001c1f      0x1d8 tasks/Task.o
 .debug_abbrev  0x00001df7      0x20c tasks/TransmitTelemetryTask.o
 .debug_abbrev  0x00002003       0xc4 util/common/commonheader.o
 .debug_abbrev  0x000020c7       0xf9 c:/program files (x86)/atmel/atmel toolchain/avr8 gcc/native/3.4.2.1002/avr8-gnu-toolchain/bin/../lib/gcc/avr/4.7.2/../../../../avr/lib/avr6\libc.a(malloc.o)

.debug_line     0x00000000     0x182f
 *(.debug_line)
 .debug_line    0x00000000      0x102 buffer/Buffer.o
 .debug_line    0x00000102       0xec buffer/Record.o
 .debug_line    0x000001ee      0x133 drivers/MagnetometerDriver.o
 .debug_line    0x00000321       0xfd drivers/SerialDriver.o
 .debug_line    0x0000041e      0x212 Helicopter.o
 .debug_line    0x00000630      0x141 interfaces/RadioInterface.o
 .debug_line    0x00000771       0xc3 messages/Message.o
 .debug_line    0x00000834      0x162 messages/MessageBuilder.o
 .debug_line    0x00000996      0x10f messages/SimTelemetryMessage.o
 .debug_line    0x00000aa5      0x116 messages/SystemTelemetryMessage.o
 .debug_line    0x00000bbb      0x12e model/SystemModel.o
 .debug_line    0x00000ce9      0x28e scheduler/Scheduler.o
 .debug_line    0x00000f77      0x192 sensors/MagnetometerSensor.o
 .debug_line    0x00001109      0x20c tasks/misctasks/SimTelemetryTask.o
 .debug_line    0x00001315       0x84 tasks/Task.o
 .debug_line    0x00001399      0x16b tasks/TransmitTelemetryTask.o
 .debug_line    0x00001504      0x11d util/common/commonheader.o
 .debug_line    0x00001621      0x20e c:/program files (x86)/atmel/atmel toolchain/avr8 gcc/native/3.4.2.1002/avr8-gnu-toolchain/bin/../lib/gcc/avr/4.7.2/../../../../avr/lib/avr6\libc.a(malloc.o)

.debug_frame    0x00000000     0x1030
 *(.debug_frame)
 .debug_frame   0x00000000      0x100 buffer/Buffer.o
 .debug_frame   0x00000100      0x114 buffer/Record.o
 .debug_frame   0x00000214       0x54 drivers/MagnetometerDriver.o
 .debug_frame   0x00000268       0xb4 drivers/SerialDriver.o
 .debug_frame   0x0000031c      0x140 Helicopter.o
 .debug_frame   0x0000045c       0x74 interfaces/RadioInterface.o
 .debug_frame   0x000004d0       0xb4 messages/Message.o
 .debug_frame   0x00000584      0x120 messages/MessageBuilder.o
 .debug_frame   0x000006a4       0xd4 messages/SimTelemetryMessage.o
 .debug_frame   0x00000778       0xd4 messages/SystemTelemetryMessage.o
 .debug_frame   0x0000084c      0x120 model/SystemModel.o
 .debug_frame   0x0000096c      0x264 scheduler/Scheduler.o
 .debug_frame   0x00000bd0       0xf0 sensors/MagnetometerSensor.o
 .debug_frame   0x00000cc0      0x160 tasks/misctasks/SimTelemetryTask.o
 .debug_frame   0x00000e20       0x94 tasks/Task.o
 .debug_frame   0x00000eb4       0x80 tasks/TransmitTelemetryTask.o
 .debug_frame   0x00000f34       0x94 util/common/commonheader.o
 .debug_frame   0x00000fc8       0x68 c:/program files (x86)/atmel/atmel toolchain/avr8 gcc/native/3.4.2.1002/avr8-gnu-toolchain/bin/../lib/gcc/avr/4.7.2/../../../../avr/lib/avr6\libc.a(malloc.o)

.debug_str      0x00000000     0x21fc
 *(.debug_str)
 .debug_str     0x00000000      0x53a buffer/Buffer.o
                                0x58b (size before relaxing)
 .debug_str     0x0000053a       0x88 buffer/Record.o
                                0x4c1 (size before relaxing)
 .debug_str     0x000005c2       0xfc drivers/MagnetometerDriver.o
                                0x29f (size before relaxing)
 .debug_str     0x000006be      0x1eb drivers/SerialDriver.o
                                0x3c3 (size before relaxing)
 .debug_str     0x000008a9      0x748 Helicopter.o
                                0x973 (size before relaxing)
 .debug_str     0x00000ff1       0xb1 interfaces/RadioInterface.o
                                0x36c (size before relaxing)
 .debug_str     0x000010a2      0x174 messages/Message.o
                                0x385 (size before relaxing)
 .debug_str     0x00001216      0x289 messages/MessageBuilder.o
                                0x4c0 (size before relaxing)
 .debug_str     0x0000149f      0x265 messages/SimTelemetryMessage.o
                                0x4d6 (size before relaxing)
 .debug_str     0x00001704      0x281 messages/SystemTelemetryMessage.o
                                0x507 (size before relaxing)
 .debug_str     0x00001985       0x19 model/SystemModel.o
                                0x4a1 (size before relaxing)
 .debug_str     0x0000199e      0x214 scheduler/Scheduler.o
                                0x612 (size before relaxing)
 .debug_str     0x00001bb2      0x259 sensors/MagnetometerSensor.o
                                0x427 (size before relaxing)
 .debug_str     0x00001e0b      0x104 tasks/misctasks/SimTelemetryTask.o
                                0x6df (size before relaxing)
 .debug_str     0x00001f0f       0x94 tasks/Task.o
                                0x323 (size before relaxing)
 .debug_str     0x00001fa3       0xca tasks/TransmitTelemetryTask.o
                                0x592 (size before relaxing)
 .debug_str     0x0000206d       0x86 util/common/commonheader.o
                                0x1fe (size before relaxing)
 .debug_str     0x000020f3      0x109 c:/program files (x86)/atmel/atmel toolchain/avr8 gcc/native/3.4.2.1002/avr8-gnu-toolchain/bin/../lib/gcc/avr/4.7.2/../../../../avr/lib/avr6\libc.a(malloc.o)
                                0x17c (size before relaxing)

.debug_loc      0x00000000     0x259f
 *(.debug_loc)
 .debug_loc     0x00000000      0x212 buffer/Buffer.o
 .debug_loc     0x00000212      0x246 buffer/Record.o
 .debug_loc     0x00000458       0x8f drivers/MagnetometerDriver.o
 .debug_loc     0x000004e7      0x168 drivers/SerialDriver.o
 .debug_loc     0x0000064f      0x2a5 Helicopter.o
 .debug_loc     0x000008f4       0xd6 interfaces/RadioInterface.o
 .debug_loc     0x000009ca      0x168 messages/Message.o
 .debug_loc     0x00000b32      0x25a messages/MessageBuilder.o
 .debug_loc     0x00000d8c      0x1b0 messages/SimTelemetryMessage.o
 .debug_loc     0x00000f3c      0x1b0 messages/SystemTelemetryMessage.o
 .debug_loc     0x000010ec      0x25a model/SystemModel.o
 .debug_loc     0x00001346      0x543 scheduler/Scheduler.o
 .debug_loc     0x00001889      0x204 sensors/MagnetometerSensor.o
 .debug_loc     0x00001a8d      0x2e9 tasks/misctasks/SimTelemetryTask.o
 .debug_loc     0x00001d76      0x120 tasks/Task.o
 .debug_loc     0x00001e96       0xf1 tasks/TransmitTelemetryTask.o
 .debug_loc     0x00001f87      0x120 util/common/commonheader.o
 .debug_loc     0x000020a7      0x4f8 c:/program files (x86)/atmel/atmel toolchain/avr8 gcc/native/3.4.2.1002/avr8-gnu-toolchain/bin/../lib/gcc/avr/4.7.2/../../../../avr/lib/avr6\libc.a(malloc.o)

.debug_macinfo
 *(.debug_macinfo)

.debug_pubtypes
 *(.debug_pubtypes)

.debug_ranges   0x00000000      0x410
 *(.debug_ranges)
 .debug_ranges  0x00000000       0x40 buffer/Buffer.o
 .debug_ranges  0x00000040       0x40 buffer/Record.o
 .debug_ranges  0x00000080       0x18 drivers/MagnetometerDriver.o
 .debug_ranges  0x00000098       0x30 drivers/SerialDriver.o
 .debug_ranges  0x000000c8       0x48 Helicopter.o
 .debug_ranges  0x00000110       0x38 interfaces/RadioInterface.o
 .debug_ranges  0x00000148       0x30 messages/Message.o
 .debug_ranges  0x00000178       0x48 messages/MessageBuilder.o
 .debug_ranges  0x000001c0       0x38 messages/SimTelemetryMessage.o
 .debug_ranges  0x000001f8       0x38 messages/SystemTelemetryMessage.o
 .debug_ranges  0x00000230       0x48 model/SystemModel.o
 .debug_ranges  0x00000278       0x88 scheduler/Scheduler.o
 .debug_ranges  0x00000300       0x30 sensors/MagnetometerSensor.o
 .debug_ranges  0x00000330       0x58 tasks/misctasks/SimTelemetryTask.o
 .debug_ranges  0x00000388       0x28 tasks/Task.o
 .debug_ranges  0x000003b0       0x20 tasks/TransmitTelemetryTask.o
 .debug_ranges  0x000003d0       0x28 util/common/commonheader.o
 .debug_ranges  0x000003f8       0x18 c:/program files (x86)/atmel/atmel toolchain/avr8 gcc/native/3.4.2.1002/avr8-gnu-toolchain/bin/../lib/gcc/avr/4.7.2/../../../../avr/lib/avr6\libc.a(malloc.o)

.debug_macro
 *(.debug_macro)
OUTPUT(Helicopter.elf elf32-avr)
LOAD linker stubs
