Archive member included because of file (symbol)

c:/program files (x86)/atmel/atmel toolchain/avr8 gcc/native/3.4.2.1002/avr8-gnu-toolchain/bin/../lib/gcc/avr/4.7.2/../../../../avr/lib/avr6\libm.a(addsf3.o)
                              controller/PIDController.o (__subsf3)
c:/program files (x86)/atmel/atmel toolchain/avr8 gcc/native/3.4.2.1002/avr8-gnu-toolchain/bin/../lib/gcc/avr/4.7.2/../../../../avr/lib/avr6\libm.a(addsf3x.o)
                              c:/program files (x86)/atmel/atmel toolchain/avr8 gcc/native/3.4.2.1002/avr8-gnu-toolchain/bin/../lib/gcc/avr/4.7.2/../../../../avr/lib/avr6\libm.a(addsf3.o) (__addsf3x)
c:/program files (x86)/atmel/atmel toolchain/avr8 gcc/native/3.4.2.1002/avr8-gnu-toolchain/bin/../lib/gcc/avr/4.7.2/../../../../avr/lib/avr6\libm.a(cmpsf2.o)
                              controller/PIDController.o (__nesf2)
c:/program files (x86)/atmel/atmel toolchain/avr8 gcc/native/3.4.2.1002/avr8-gnu-toolchain/bin/../lib/gcc/avr/4.7.2/../../../../avr/lib/avr6\libm.a(divsf3.o)
                              messages/SystemTelemetryMessage.o (__divsf3)
c:/program files (x86)/atmel/atmel toolchain/avr8 gcc/native/3.4.2.1002/avr8-gnu-toolchain/bin/../lib/gcc/avr/4.7.2/../../../../avr/lib/avr6\libm.a(divsf3x.o)
                              c:/program files (x86)/atmel/atmel toolchain/avr8 gcc/native/3.4.2.1002/avr8-gnu-toolchain/bin/../lib/gcc/avr/4.7.2/../../../../avr/lib/avr6\libm.a(divsf3.o) (__divsf3x)
c:/program files (x86)/atmel/atmel toolchain/avr8 gcc/native/3.4.2.1002/avr8-gnu-toolchain/bin/../lib/gcc/avr/4.7.2/../../../../avr/lib/avr6\libm.a(fixsfsi.o)
                              messages/SystemTelemetryMessage.o (__fixsfsi)
c:/program files (x86)/atmel/atmel toolchain/avr8 gcc/native/3.4.2.1002/avr8-gnu-toolchain/bin/../lib/gcc/avr/4.7.2/../../../../avr/lib/avr6\libm.a(fixunssfsi.o)
                              drivers/SerialDriver.o (__fixunssfsi)
c:/program files (x86)/atmel/atmel toolchain/avr8 gcc/native/3.4.2.1002/avr8-gnu-toolchain/bin/../lib/gcc/avr/4.7.2/../../../../avr/lib/avr6\libm.a(floatsisf.o)
                              drivers/SerialDriver.o (__floatunsisf)
c:/program files (x86)/atmel/atmel toolchain/avr8 gcc/native/3.4.2.1002/avr8-gnu-toolchain/bin/../lib/gcc/avr/4.7.2/../../../../avr/lib/avr6\libm.a(floor.o)
                              drivers/SerialDriver.o (floor)
c:/program files (x86)/atmel/atmel toolchain/avr8 gcc/native/3.4.2.1002/avr8-gnu-toolchain/bin/../lib/gcc/avr/4.7.2/../../../../avr/lib/avr6\libm.a(fp_cmp.o)
                              c:/program files (x86)/atmel/atmel toolchain/avr8 gcc/native/3.4.2.1002/avr8-gnu-toolchain/bin/../lib/gcc/avr/4.7.2/../../../../avr/lib/avr6\libm.a(cmpsf2.o) (__fp_cmp)
c:/program files (x86)/atmel/atmel toolchain/avr8 gcc/native/3.4.2.1002/avr8-gnu-toolchain/bin/../lib/gcc/avr/4.7.2/../../../../avr/lib/avr6\libm.a(fp_inf.o)
                              c:/program files (x86)/atmel/atmel toolchain/avr8 gcc/native/3.4.2.1002/avr8-gnu-toolchain/bin/../lib/gcc/avr/4.7.2/../../../../avr/lib/avr6\libm.a(addsf3x.o) (__fp_inf)
c:/program files (x86)/atmel/atmel toolchain/avr8 gcc/native/3.4.2.1002/avr8-gnu-toolchain/bin/../lib/gcc/avr/4.7.2/../../../../avr/lib/avr6\libm.a(fp_mintl.o)
                              c:/program files (x86)/atmel/atmel toolchain/avr8 gcc/native/3.4.2.1002/avr8-gnu-toolchain/bin/../lib/gcc/avr/4.7.2/../../../../avr/lib/avr6\libm.a(floor.o) (__fp_mintl)
c:/program files (x86)/atmel/atmel toolchain/avr8 gcc/native/3.4.2.1002/avr8-gnu-toolchain/bin/../lib/gcc/avr/4.7.2/../../../../avr/lib/avr6\libm.a(fp_mpack.o)
                              c:/program files (x86)/atmel/atmel toolchain/avr8 gcc/native/3.4.2.1002/avr8-gnu-toolchain/bin/../lib/gcc/avr/4.7.2/../../../../avr/lib/avr6\libm.a(floor.o) (__fp_mpack)
c:/program files (x86)/atmel/atmel toolchain/avr8 gcc/native/3.4.2.1002/avr8-gnu-toolchain/bin/../lib/gcc/avr/4.7.2/../../../../avr/lib/avr6\libm.a(fp_nan.o)
                              c:/program files (x86)/atmel/atmel toolchain/avr8 gcc/native/3.4.2.1002/avr8-gnu-toolchain/bin/../lib/gcc/avr/4.7.2/../../../../avr/lib/avr6\libm.a(addsf3x.o) (__fp_nan)
c:/program files (x86)/atmel/atmel toolchain/avr8 gcc/native/3.4.2.1002/avr8-gnu-toolchain/bin/../lib/gcc/avr/4.7.2/../../../../avr/lib/avr6\libm.a(fp_pscA.o)
                              c:/program files (x86)/atmel/atmel toolchain/avr8 gcc/native/3.4.2.1002/avr8-gnu-toolchain/bin/../lib/gcc/avr/4.7.2/../../../../avr/lib/avr6\libm.a(addsf3x.o) (__fp_pscA)
c:/program files (x86)/atmel/atmel toolchain/avr8 gcc/native/3.4.2.1002/avr8-gnu-toolchain/bin/../lib/gcc/avr/4.7.2/../../../../avr/lib/avr6\libm.a(fp_pscB.o)
                              c:/program files (x86)/atmel/atmel toolchain/avr8 gcc/native/3.4.2.1002/avr8-gnu-toolchain/bin/../lib/gcc/avr/4.7.2/../../../../avr/lib/avr6\libm.a(addsf3x.o) (__fp_pscB)
[...]
Memory Configuration

Name             Origin             Length             Attributes
text             0x00000000         0x00100000         xr
data             0x00800200         0x0000fe00         rw !x
eeprom           0x00810000         0x00010000         rw !x
fuse             0x00820000         0x00000400         rw !x
lock             0x00830000         0x00000400         rw !x
signature        0x00840000         0x00000400         rw !x
user_signatures  0x00850000         0x00000400         rw !x
*default*        0x00000000         0xffffffff

Linker script and memory map

Address of section .data set to 0x800200
LOAD c:/program files (x86)/atmel/atmel toolchain/avr8 gcc/native/3.4.2.1002/avr8-gnu-toolchain/bin/../lib/gcc/avr/4.7.2/../../../../avr/lib/avr6/crtm2560.o
LOAD buffer/Buffer.o
LOAD buffer/Record.o
LOAD controller/PIDController.o
LOAD drivers/MagnetometerDriver.o
LOAD drivers/SerialDriver.o
LOAD drivers/ServoDriver.o
LOAD HelicopterMain.o
LOAD interfaces/GroundControlStationInterface.o
LOAD messages/Message.o
LOAD messages/SyncMessage.o
LOAD messages/SystemTelemetryMessage.o
LOAD model/SystemModel.o
LOAD scheduler/Scheduler.o
LOAD sensors/MagnetometerSensor.o
LOAD tasks/PIDOuterLoopTask.o
LOAD tasks/SimTelemetryTask.o
LOAD tasks/Task.o
LOAD tasks/TransmitTelemetryTask.o
LOAD util/CommonHeader.o
LOAD util/Timer.o
START GROUP
LOAD c:/program files (x86)/atmel/atmel toolchain/avr8 gcc/native/3.4.2.1002/avr8-gnu-toolchain/bin/../lib/gcc/avr/4.7.2/../../../../avr/lib/avr6\libm.a
END GROUP
LOAD c:/program files (x86)/atmel/atmel toolchain/avr8 gcc/native/3.4.2.1002/avr8-gnu-toolchain/bin/../lib/gcc/avr/4.7.2/avr6\libgcc.a
LOAD c:/program files (x86)/atmel/atmel toolchain/avr8 gcc/native/3.4.2.1002/avr8-gnu-toolchain/bin/../lib/gcc/avr/4.7.2/../../../../avr/lib/avr6\libm.a
LOAD c:/program files (x86)/atmel/atmel toolchain/avr8 gcc/native/3.4.2.1002/avr8-gnu-toolchain/bin/../lib/gcc/avr/4.7.2/avr6\libgcc.a
LOAD c:/program files (x86)/atmel/atmel toolchain/avr8 gcc/native/3.4.2.1002/avr8-gnu-toolchain/bin/../lib/gcc/avr/4.7.2/../../../../avr/lib/avr6\libc.a
LOAD c:/program files (x86)/atmel/atmel toolchain/avr8 gcc/native/3.4.2.1002/avr8-gnu-toolchain/bin/../lib/gcc/avr/4.7.2/avr6\libgcc.a

.hash
 *(.hash)

.dynsym
 *(.dynsym)

.dynstr
 *(.dynstr)

.gnu.version
 *(.gnu.version)

.gnu.version_d
 *(.gnu.version_d)

.gnu.version_r
 *(.gnu.version_r)

.rel.init
 *(.rel.init)

.rela.init
 *(.rela.init)

.rel.text
 *(.rel.text)
 *(.rel.text.*)
 *(.rel.gnu.linkonce.t*)

.rela.text
 *(.rela.text)
 *(.rela.text.*)
 *(.rela.gnu.linkonce.t*)

.rel.fini
 *(.rel.fini)

.rela.fini
 *(.rela.fini)

.rel.rodata
 *(.rel.rodata)
 *(.rel.rodata.*)
 *(.rel.gnu.linkonce.r*)

.rela.rodata
 *(.rela.rodata)
 *(.rela.rodata.*)
 *(.rela.gnu.linkonce.r*)

.rel.data
 *(.rel.data)
 *(.rel.data.*)
 *(.rel.gnu.linkonce.d*)

.rela.data
 *(.rela.data)
 *(.rela.data.*)
 *(.rela.gnu.linkonce.d*)

.rel.ctors
 *(.rel.ctors)

.rela.ctors
 *(.rela.ctors)

.rel.dtors
 *(.rel.dtors)

.rela.dtors
 *(.rela.dtors)

.rel.got
 *(.rel.got)

.rela.got
 *(.rela.got)

.rel.bss
 *(.rel.bss)

.rela.bss
 *(.rela.bss)

.rel.plt
 *(.rel.plt)

.rela.plt
 *(.rela.plt)

.text           0x00000000     0x460c
 *(.vectors)
 .vectors       0x00000000       0xe4 c:/program files (x86)/atmel/atmel toolchain/avr8 gcc/native/3.4.2.1002/avr8-gnu-toolchain/bin/../lib/gcc/avr/4.7.2/../../../../avr/lib/avr6/crtm2560.o
                0x00000000                __vector_default
                0x00000000                __vectors
 *(.vectors)
 *(.progmem.gcc*)
 *(.progmem*)
                0x000000e4                . = ALIGN (0x2)
                0x000000e4                __trampolines_start = .
 *(.trampolines)
 .trampolines   0x000000e4       0x98 linker stubs
 *(.trampolines*)
                0x0000017c                __trampolines_end = .
 *(.jumptables)
 *(.jumptables*)
 *(.lowtext)
 *(.lowtext*)
                0x0000017c                __ctors_start = .
 *(.ctors)
                0x0000017c                __ctors_end = .
                0x0000017c                __dtors_start = .
 *(.dtors)
                0x0000017c                __dtors_end = .
 SORT(*)(.ctors)
 SORT(*)(.dtors)
 *(.init0)
 .init0         0x0000017c        0x0 c:/program files (x86)/atmel/atmel toolchain/avr8 gcc/native/3.4.2.1002/avr8-gnu-toolchain/bin/../lib/gcc/avr/4.7.2/../../../../avr/lib/avr6/crtm2560.o
                0x0000017c                __init
 *(.init0)
 *(.init1)
 *(.init1)
 *(.init2)
 .init2         0x0000017c       0x10 c:/program files (x86)/atmel/atmel toolchain/avr8 gcc/native/3.4.2.1002/avr8-gnu-toolchain/bin/../lib/gcc/avr/4.7.2/../../../../avr/lib/avr6/crtm2560.o
 *(.init2)
 *(.init3)
 *(.init3)
 *(.init4)
 .init4         0x0000018c       0x1a c:/program files (x86)/atmel/atmel toolchain/avr8 gcc/native/3.4.2.1002/avr8-gnu-toolchain/bin/../lib/gcc/avr/4.7.2/avr6\libgcc.a(_copy_data.o)
                0x0000018c                __do_copy_data
 .init4         0x000001a6       0x10 c:/program files (x86)/atmel/atmel toolchain/avr8 gcc/native/3.4.2.1002/avr8-gnu-toolchain/bin/../lib/gcc/avr/4.7.2/avr6\libgcc.a(_clear_bss.o)
                0x000001a6                __do_clear_bss
 *(.init4)
 *(.init5)
 *(.init5)
 *(.init6)
 *(.init6)
 *(.init7)
 *(.init7)
 *(.init8)
 *(.init8)
 *(.init9)
 .init9         0x000001b6        0x8 c:/program files (x86)/atmel/atmel toolchain/avr8 gcc/native/3.4.2.1002/avr8-gnu-toolchain/bin/../lib/gcc/avr/4.7.2/../../../../avr/lib/avr6/crtm2560.o
 *(.init9)
 *(.text)
 .text          0x000001be        0x4 c:/program files (x86)/atmel/atmel toolchain/avr8 gcc/native/3.4.2.1002/avr8-gnu-toolchain/bin/../lib/gcc/avr/4.7.2/../../../../avr/lib/avr6/crtm2560.o
                0x000001be                __vector_38
                0x000001be                __vector_22
                0x000001be                __vector_28
                0x000001be                __vector_1
                0x000001be                __vector_32
                0x000001be                __vector_34
                0x000001be                __vector_24
                0x000001be                __vector_12
                0x000001be                __vector_55
                0x000001be                __vector_46
                0x000001be                __bad_interrupt
                0x000001be                __vector_6
                0x000001be                __vector_31
                0x000001be                __vector_35
                0x000001be                __vector_39
                0x000001be                __vector_3
                0x000001be                __vector_23
                0x000001be                __vector_30
                0x000001be                __vector_45
                0x000001be                __vector_25
                0x000001be                __vector_11
                0x000001be                __vector_54
                0x000001be                __vector_13
                0x000001be                __vector_19
                0x000001be                __vector_56
                0x000001be                __vector_7
                0x000001be                __vector_49
                0x000001be                __vector_41
                0x000001be                __vector_43
                0x000001be                __vector_27
                0x000001be                __vector_5
                0x000001be                __vector_33
                0x000001be                __vector_47
                0x000001be                __vector_52
                0x000001be                __vector_37
                0x000001be                __vector_4
                0x000001be                __vector_44
                0x000001be                __vector_51
                0x000001be                __vector_9
                0x000001be                __vector_2
                0x000001be                __vector_21
                0x000001be                __vector_15
                0x000001be                __vector_36
                0x000001be                __vector_29
                0x000001be                __vector_40
                0x000001be                __vector_8
                0x000001be                __vector_26
                0x000001be                __vector_48
                0x000001be                __vector_14
                0x000001be                __vector_53
                0x000001be                __vector_10
                0x000001be                __vector_50
                0x000001be                __vector_16
                0x000001be                __vector_18
                0x000001be                __vector_20
                0x000001be                __vector_42
                0x000001c2                . = ALIGN (0x2)
 *(.text.*)
 .text._ZNK10helicopter5model11SystemModel13MagYawDegreesEv
                0x000001c2       0x2c controller/PIDController.o
                0x000001c2                _ZNK10helicopter5model11SystemModel13MagYawDegreesEv
 .text._ZNK10helicopter5model11SystemModel22ReferenceMagYawDegreesEv
                0x000001ee       0x2c controller/PIDController.o
                0x000001ee                _ZNK10helicopter5model11SystemModel22ReferenceMagYawDegreesEv
 .text._ZN10helicopter5model11SystemModel10YawControlEd
                0x0000021a       0x40 controller/PIDController.o
                0x0000021a                _ZN10helicopter5model11SystemModel10YawControlEd
 .text._ZNK10helicopter5model11SystemModel37YawControlBeforeServoLimitsAdjustmentEv
                0x0000025a       0x2c controller/PIDController.o
                0x0000025a                _ZNK10helicopter5model11SystemModel37YawControlBeforeServoLimitsAdjustmentEv
 .text._ZN10helicopter5model11SystemModel37YawControlBeforeServoLimitsAdjustmentEd
                0x00000286       0x40 controller/PIDController.o
                0x00000286                _ZN10helicopter5model11SystemModel37YawControlBeforeServoLimitsAdjustmentEd
 .text._ZNK10helicopter5model11SystemModel27YawVelocityDegreesPerSecondEv
                0x000002c6       0x2c controller/PIDController.o
                0x000002c6                _ZNK10helicopter5model11SystemModel27YawVelocityDegreesPerSecondEv
 .text._ZNK10helicopter5model11SystemModel36ReferenceYawVelocityDegreesPerSecondEv
                0x000002f2       0x2c controller/PIDController.o
                0x000002f2                _ZNK10helicopter5model11SystemModel36ReferenceYawVelocityDegreesPerSecondEv
 .text._ZNK10helicopter5model11SystemModel11YawIntegralEv
                0x0000031e       0x2c controller/PIDController.o
                0x0000031e                _ZNK10helicopter5model11SystemModel11YawIntegralEv
 .text._ZN10helicopter5model11SystemModel11YawIntegralEd
                0x0000034a       0x40 controller/PIDController.o
                0x0000034a                _ZN10helicopter5model11SystemModel11YawIntegralEd
 .text._ZN10helicopter5model11SystemModel15YawProportionalEd
                0x0000038a       0x40 controller/PIDController.o
                0x0000038a                _ZN10helicopter5model11SystemModel15YawProportionalEd
 .text._ZN10helicopter5model11SystemModel18YawDerivativeErrorEd
                0x000003ca       0x40 controller/PIDController.o
                0x000003ca                _ZN10helicopter5model11SystemModel18YawDerivativeErrorEd
 .text._ZN10helicopter10controller13PIDControllerC2EPNS_5model11SystemModelEPNS_7drivers11ServoDriverE
                0x0000040a       0xd2 controller/PIDController.o
                0x0000040a                _ZN10helicopter10controller13PIDControllerC2EPNS_5model11SystemModelEPNS_7drivers11ServoDriverE
                0x0000040a                _ZN10helicopter10controller13PIDControllerC1EPNS_5model11SystemModelEPNS_7drivers11ServoDriverE
 .text._ZN10helicopter10controller13PIDController24calculateYawProportionalEdd
                0x000004dc       0xe0 controller/PIDController.o
                0x000004dc                _ZN10helicopter10controller13PIDController24calculateYawProportionalEdd
 .text._ZN10helicopter10controller13PIDController30calculateYawIntegralAntiWindupEd
                0x000005bc      0x12c controller/PIDController.o
                0x000005bc                _ZN10helicopter10controller13PIDController30calculateYawIntegralAntiWindupEd
 .text._ZN10helicopter10controller13PIDController20calculateYawIntegralEddd
                0x000006e8      0x168 controller/PIDController.o
                0x000006e8                _ZN10helicopter10controller13PIDController20calculateYawIntegralEddd
 .text._ZN10helicopter10controller13PIDController25calculateYawVelocityErrorEdd
                0x00000850       0x5e controller/PIDController.o
                0x00000850                _ZN10helicopter10controller13PIDController25calculateYawVelocityErrorEdd
 .text._ZN10helicopter10controller13PIDController24calculateYawControlValueEddd
                0x000008ae      0x176 controller/PIDController.o
                0x000008ae                _ZN10helicopter10controller13PIDController24calculateYawControlValueEddd
 .text._ZN10helicopter10controller13PIDController27adjustControlForServoLimitsEd
                0x00000a24       0xea controller/PIDController.o
                0x00000a24                _ZN10helicopter10controller13PIDController27adjustControlForServoLimitsEd
 .text._ZN10helicopter10controller13PIDController34tailRotorCollectiveOuterLoopUpdateEv
                0x00000b0e      0x23a controller/PIDController.o
                0x00000b0e                _ZN10helicopter10controller13PIDController34tailRotorCollectiveOuterLoopUpdateEv
 .text._ZN10helicopter7drivers12SerialDriverD2Ev
                0x00000d48       0x3c drivers/SerialDriver.o
                0x00000d48                _ZN10helicopter7drivers12SerialDriverD1Ev
                0x00000d48                _ZN10helicopter7drivers12SerialDriverD2Ev
 .text._ZN10helicopter7drivers12SerialDriverD0Ev
                0x00000d84       0x2a drivers/SerialDriver.o
                0x00000d84                _ZN10helicopter7drivers12SerialDriverD0Ev
 .text._ZN10helicopter7drivers12SerialDriver10initializeEv
                0x00000dae      0x16c drivers/SerialDriver.o
                0x00000dae                _ZN10helicopter7drivers12SerialDriver10initializeEv
 .text._ZN10helicopter7drivers12SerialDriver12transmitByteEh
                0x00000f1a       0xb2 drivers/SerialDriver.o
                0x00000f1a                _ZN10helicopter7drivers12SerialDriver12transmitByteEh
 .text._ZN10helicopter7drivers12SerialDriver11receiveByteERh
                0x00000fcc       0xca drivers/SerialDriver.o
                0x00000fcc                _ZN10helicopter7drivers12SerialDriver11receiveByteERh
 .text._ZN10helicopter7drivers11ServoDriverD2Ev
                0x00001096       0x3c drivers/ServoDriver.o
                0x00001096                _ZN10helicopter7drivers11ServoDriverD2Ev
                0x00001096                _ZN10helicopter7drivers11ServoDriverD1Ev
 .text._ZN10helicopter7drivers11ServoDriverD0Ev
                0x000010d2       0x2a drivers/ServoDriver.o
                0x000010d2                _ZN10helicopter7drivers11ServoDriverD0Ev
 .text._ZN10helicopter7drivers11ServoDriver26controlTailRotorCollectiveEd
                0x000010fc       0xda drivers/ServoDriver.o
                0x000010fc                _ZN10helicopter7drivers11ServoDriver26controlTailRotorCollectiveEd
 .text._ZN10helicopter7drivers11ServoDriver30controlTailRotorCollectiveImplEd
                0x000011d6       0x2a drivers/ServoDriver.o
                0x000011d6                _ZN10helicopter7drivers11ServoDriver30controlTailRotorCollectiveImplEd
 .text._ZN10helicopter5tasks4TaskD2Ev
                0x00001200       0x3c HelicopterMain.o
                0x00001200                _ZN10helicopter5tasks4TaskD2Ev
                0x00001200                _ZN10helicopter5tasks4TaskD1Ev
 .text._ZN10helicopter5tasks4TaskD0Ev
                0x0000123c       0x2a HelicopterMain.o
                0x0000123c                _ZN10helicopter5tasks4TaskD0Ev
 .text._ZN10helicopter5tasks12FlashLEDTaskC2Eiii
                0x00001266       0x6c HelicopterMain.o
                0x00001266                _ZN10helicopter5tasks12FlashLEDTaskC2Eiii
                0x00001266                _ZN10helicopter5tasks12FlashLEDTaskC1Eiii
 .text._ZN10helicopter5tasks12FlashLEDTask4initEv
                0x000012d2       0x48 HelicopterMain.o
                0x000012d2                _ZN10helicopter5tasks12FlashLEDTask4initEv
 .text._ZN10helicopter5tasks12FlashLEDTask11runTaskImplEv
                0x0000131a       0x98 HelicopterMain.o
                0x0000131a                _ZN10helicopter5tasks12FlashLEDTask11runTaskImplEv
 .text._ZN10helicopter4util5TimerC2Em9PRESCALERm
                0x000013b2       0x80 HelicopterMain.o
                0x000013b2                _ZN10helicopter4util5TimerC2Em9PRESCALERm
                0x000013b2                _ZN10helicopter4util5TimerC1Em9PRESCALERm
 .text._ZN10helicopter7drivers12SerialDriverC2EmNS1_8UartPortEPNS_4util5TimerEbb
                0x00001432       0x9c HelicopterMain.o
                0x00001432                _ZN10helicopter7drivers12SerialDriverC1EmNS1_8UartPortEPNS_4util5TimerEbb
                0x00001432                _ZN10helicopter7drivers12SerialDriverC2EmNS1_8UartPortEPNS_4util5TimerEbb
 .text._ZN10helicopter10interfaces29GroundControlStationInterfaceC2EPNS_7drivers12SerialDriverE
                0x000014ce       0x30 HelicopterMain.o
                0x000014ce                _ZN10helicopter10interfaces29GroundControlStationInterfaceC1EPNS_7drivers12SerialDriverE
                0x000014ce                _ZN10helicopter10interfaces29GroundControlStationInterfaceC2EPNS_7drivers12SerialDriverE
 .text._ZN10helicopter5model11SystemModelC2Ev
                0x000014fe       0xb6 HelicopterMain.o
                0x000014fe                _ZN10helicopter5model11SystemModelC1Ev
                0x000014fe                _ZN10helicopter5model11SystemModelC2Ev
 .text._ZN10helicopter5model11SystemModel22ReferenceMagYawDegreesEd
                0x000015b4       0x40 HelicopterMain.o
                0x000015b4                _ZN10helicopter5model11SystemModel22ReferenceMagYawDegreesEd
 .text._ZN10helicopter5model11SystemModel36ReferenceYawVelocityDegreesPerSecondEd
                0x000015f4       0x40 HelicopterMain.o
                0x000015f4                _ZN10helicopter5model11SystemModel36ReferenceYawVelocityDegreesPerSecondEd
 .text._ZN10helicopter7drivers11ServoDriverC2Ev
                0x00001634       0x44 HelicopterMain.o
                0x00001634                _ZN10helicopter7drivers11ServoDriverC2Ev
                0x00001634                _ZN10helicopter7drivers11ServoDriverC1Ev
 .text._ZN10helicopter10controller13PIDController22setYawProportionalGainEd
                0x00001678       0x40 HelicopterMain.o
                0x00001678                _ZN10helicopter10controller13PIDController22setYawProportionalGainEd
 .text._ZN10helicopter10controller13PIDController18setYawIntegralGainEd
                0x000016b8       0x40 HelicopterMain.o
                0x000016b8                _ZN10helicopter10controller13PIDController18setYawIntegralGainEd
 .text._ZN10helicopter10controller13PIDController20setYawDerivativeGainEd
                0x000016f8       0x40 HelicopterMain.o
                0x000016f8                _ZN10helicopter10controller13PIDController20setYawDerivativeGainEd
 .text._ZN10helicopter10controller13PIDController21setIntervalPeriodSecsEd
                0x00001738       0x40 HelicopterMain.o
                0x00001738                _ZN10helicopter10controller13PIDController21setIntervalPeriodSecsEd
 .text._ZN10helicopter10controller13PIDController20setYawAntiWindupGainEd
                0x00001778       0x40 HelicopterMain.o
                0x00001778                _ZN10helicopter10controller13PIDController20setYawAntiWindupGainEd
 .text._ZN10helicopter10controller13PIDController37setMinTailRotorCollectiveControlValueEd
                0x000017b8       0x40 HelicopterMain.o
                0x000017b8                _ZN10helicopter10controller13PIDController37setMinTailRotorCollectiveControlValueEd
 .text._ZN10helicopter10controller13PIDController30setMaxTailRotorCollectiveValueEd
                0x000017f8       0x40 HelicopterMain.o
                0x000017f8                _ZN10helicopter10controller13PIDController30setMaxTailRotorCollectiveValueEd
 .text._ZN10helicopter10controller13PIDController18setControlMaxValueEd
                0x00001838       0x40 HelicopterMain.o
                0x00001838                _ZN10helicopter10controller13PIDController18setControlMaxValueEd
 .text._ZN10helicopter10controller13PIDController18setControlMinValueEd
                0x00001878       0x40 HelicopterMain.o
                0x00001878                _ZN10helicopter10controller13PIDController18setControlMinValueEd
 .text._Z33setupDefaultsandReferencePositionPN10helicopter5model11SystemModelEPNS_10controller13PIDControllerE
                0x000018b8       0xce HelicopterMain.o
                0x000018b8                _Z33setupDefaultsandReferencePositionPN10helicopter5model11SystemModelEPNS_10controller13PIDControllerE
 .text.main     0x00001986      0x1ec HelicopterMain.o
                0x00001986                main
 .text._ZN10helicopter5tasks12FlashLEDTaskD2Ev
                0x00001b72       0x44 HelicopterMain.o
                0x00001b72                _ZN10helicopter5tasks12FlashLEDTaskD1Ev
                0x00001b72                _ZN10helicopter5tasks12FlashLEDTaskD2Ev
 .text._ZN10helicopter5tasks12FlashLEDTaskD0Ev
                0x00001bb6       0x2a HelicopterMain.o
                0x00001bb6                _ZN10helicopter5tasks12FlashLEDTaskD0Ev
 .text._ZN10helicopter10interfaces29GroundControlStationInterface17calculateChecksumEPhiRhS3_
                0x00001be0       0xaa interfaces/GroundControlStationInterface.o
                0x00001be0                _ZN10helicopter10interfaces29GroundControlStationInterface17calculateChecksumEPhiRhS3_
 .text._ZN10helicopter10interfaces29GroundControlStationInterface8transmitEPNS_8messages7MessageE
                0x00001c8a      0x1cc interfaces/GroundControlStationInterface.o
                0x00001c8a                _ZN10helicopter10interfaces29GroundControlStationInterface8transmitEPNS_8messages7MessageE
 .text._ZN10helicopter10interfaces29GroundControlStationInterface7receiveERPNS_8messages7MessageE
                0x00001e56      0x2d0 interfaces/GroundControlStationInterface.o
                0x00001e56                _ZN10helicopter10interfaces29GroundControlStationInterface7receiveERPNS_8messages7MessageE
 .text._ZN10helicopter8messages7MessageD2Ev
                0x00002126       0x3c messages/Message.o
                0x00002126                _ZN10helicopter8messages7MessageD1Ev
                0x00002126                _ZN10helicopter8messages7MessageD2Ev
 .text._ZN10helicopter8messages7MessageD0Ev
                0x00002162       0x2a messages/Message.o
                0x00002162                _ZN10helicopter8messages7MessageD0Ev
 .text._ZN10helicopter8messages7Message14getMessageSizeEv
                0x0000218c       0x24 messages/Message.o
                0x0000218c                _ZN10helicopter8messages7Message14getMessageSizeEv
 .text._ZN10helicopter8messages7Message8getBytesEv
                0x000021b0       0x1e messages/Message.o
                0x000021b0                _ZN10helicopter8messages7Message8getBytesEv
 .text._ZN10helicopter8messages7Message12buildMessageEPh
                0x000021ce       0x22 messages/Message.o
                0x000021ce                _ZN10helicopter8messages7Message12buildMessageEPh
 .text._ZN10helicopter8messages7MessageC2Ehi
                0x000021f0       0x4e messages/SyncMessage.o
                0x000021f0                _ZN10helicopter8messages7MessageC1Ehi
                0x000021f0                _ZN10helicopter8messages7MessageC2Ehi
 .text._ZN10helicopter8messages11SyncMessageC2Ev
                0x0000223e       0x36 messages/SyncMessage.o
                0x0000223e                _ZN10helicopter8messages11SyncMessageC1Ev
                0x0000223e                _ZN10helicopter8messages11SyncMessageC2Ev
 .text._ZN10helicopter8messages11SyncMessageD2Ev
                0x00002274       0x44 messages/SyncMessage.o
                0x00002274                _ZN10helicopter8messages11SyncMessageD2Ev
                0x00002274                _ZN10helicopter8messages11SyncMessageD1Ev
 .text._ZN10helicopter8messages11SyncMessageD0Ev
                0x000022b8       0x2a messages/SyncMessage.o
                0x000022b8                _ZN10helicopter8messages11SyncMessageD0Ev
 .text._ZN10helicopter8messages11SyncMessage8getBytesEv
                0x000022e2       0x4a messages/SyncMessage.o
                0x000022e2                _ZN10helicopter8messages11SyncMessage8getBytesEv
 .text._ZN10helicopter8messages11SyncMessage12buildMessageEPh
                0x0000232c       0x3a messages/SyncMessage.o
                0x0000232c                _ZN10helicopter8messages11SyncMessage12buildMessageEPh
 .text._ZN10helicopter8messages7Message6encodeERPhRl
                0x00002366       0x5c messages/SystemTelemetryMessage.o
                0x00002366                _ZN10helicopter8messages7Message6encodeERPhRl
 .text._ZN10helicopter8messages7Message6encodeERPhRm
                0x000023c2       0x5c messages/SystemTelemetryMessage.o
                0x000023c2                _ZN10helicopter8messages7Message6encodeERPhRm
 .text._ZN10helicopter8messages7Message6encodeERPhRh
                0x0000241e       0x5a messages/SystemTelemetryMessage.o
                0x0000241e                _ZN10helicopter8messages7Message6encodeERPhRh
 .text._ZN10helicopter8messages7Message6decodeERPhRh
                0x00002478       0x5a messages/SystemTelemetryMessage.o
                0x00002478                _ZN10helicopter8messages7Message6decodeERPhRh
 .text._ZN10helicopter8messages7Message6decodeERPhRl
                0x000024d2       0x5c messages/SystemTelemetryMessage.o
                0x000024d2                _ZN10helicopter8messages7Message6decodeERPhRl
 .text._ZN10helicopter8messages7Message6decodeERPhRm
                0x0000252e       0x5c messages/SystemTelemetryMessage.o
                0x0000252e                _ZN10helicopter8messages7Message6decodeERPhRm
 .text._ZN10helicopter5model11SystemModel13MagYawDegreesEd
                0x0000258a       0x40 messages/SystemTelemetryMessage.o
                0x0000258a                _ZN10helicopter5model11SystemModel13MagYawDegreesEd
 .text._ZNK10helicopter5model11SystemModel10YawControlEv
                0x000025ca       0x2c messages/SystemTelemetryMessage.o
                0x000025ca                _ZNK10helicopter5model11SystemModel10YawControlEv
 .text._ZN10helicopter5model11SystemModel27YawVelocityDegreesPerSecondEd
                0x000025f6       0x40 messages/SystemTelemetryMessage.o
                0x000025f6                _ZN10helicopter5model11SystemModel27YawVelocityDegreesPerSecondEd
 .text._ZNK10helicopter5model11SystemModel15YawProportionalEv
                0x00002636       0x2c messages/SystemTelemetryMessage.o
                0x00002636                _ZNK10helicopter5model11SystemModel15YawProportionalEv
 .text._ZNK10helicopter5model11SystemModel18YawDerivativeErrorEv
                0x00002662       0x2c messages/SystemTelemetryMessage.o
                0x00002662                _ZNK10helicopter5model11SystemModel18YawDerivativeErrorEv
 .text._ZNK10helicopter5model11SystemModel8TimeoutsEv
                0x0000268e       0x24 messages/SystemTelemetryMessage.o
                0x0000268e                _ZNK10helicopter5model11SystemModel8TimeoutsEv
 .text._ZN10helicopter5model11SystemModel8TimeoutsEi
                0x000026b2       0x30 messages/SystemTelemetryMessage.o
                0x000026b2                _ZN10helicopter5model11SystemModel8TimeoutsEi
 .text._ZNK10helicopter5model11SystemModel20UnrecognizedMsgTypesEv
                0x000026e2       0x24 messages/SystemTelemetryMessage.o
                0x000026e2                _ZNK10helicopter5model11SystemModel20UnrecognizedMsgTypesEv
 .text._ZN10helicopter5model11SystemModel20UnrecognizedMsgTypesEi
                0x00002706       0x30 messages/SystemTelemetryMessage.o
                0x00002706                _ZN10helicopter5model11SystemModel20UnrecognizedMsgTypesEi
 .text._ZNK10helicopter5model11SystemModel14ChecksumErrorsEv
                0x00002736       0x24 messages/SystemTelemetryMessage.o
                0x00002736                _ZNK10helicopter5model11SystemModel14ChecksumErrorsEv
 .text._ZN10helicopter5model11SystemModel14ChecksumErrorsEi
                0x0000275a       0x30 messages/SystemTelemetryMessage.o
                0x0000275a                _ZN10helicopter5model11SystemModel14ChecksumErrorsEi
 .text._ZN10helicopter8messages22SystemTelemetryMessageC2Ev
                0x0000278a       0xb4 messages/SystemTelemetryMessage.o
                0x0000278a                _ZN10helicopter8messages22SystemTelemetryMessageC2Ev
                0x0000278a                _ZN10helicopter8messages22SystemTelemetryMessageC1Ev
 .text._ZN10helicopter8messages22SystemTelemetryMessageD2Ev
                0x0000283e       0x44 messages/SystemTelemetryMessage.o
                0x0000283e                _ZN10helicopter8messages22SystemTelemetryMessageD2Ev
                0x0000283e                _ZN10helicopter8messages22SystemTelemetryMessageD1Ev
 .text._ZN10helicopter8messages22SystemTelemetryMessageD0Ev
                0x00002882       0x2a messages/SystemTelemetryMessage.o
                0x00002882                _ZN10helicopter8messages22SystemTelemetryMessageD0Ev
 .text._ZN10helicopter8messages22SystemTelemetryMessage8getBytesEv
                0x000028ac      0x13e messages/SystemTelemetryMessage.o
                0x000028ac                _ZN10helicopter8messages22SystemTelemetryMessage8getBytesEv
 .text._ZN10helicopter8messages22SystemTelemetryMessage12buildMessageEPh
                0x000029ea      0x130 messages/SystemTelemetryMessage.o
                0x000029ea                _ZN10helicopter8messages22SystemTelemetryMessage12buildMessageEPh
 .text._ZN10helicopter8messages22SystemTelemetryMessage14buildMessageStEPh
                0x00002b1a       0x5e messages/SystemTelemetryMessage.o
                0x00002b1a                _ZN10helicopter8messages22SystemTelemetryMessage14buildMessageStEPh
 .text._ZN10helicopter8messages22SystemTelemetryMessage21buildMessageFromModelEPNS_5model11SystemModelE
                0x00002b78      0x1f4 messages/SystemTelemetryMessage.o
                0x00002b78                _ZN10helicopter8messages22SystemTelemetryMessage21buildMessageFromModelEPNS_5model11SystemModelE
 .text._ZN10helicopter8messages22SystemTelemetryMessage22updateModelFromMessageEPNS_5model11SystemModelE
                0x00002d6c      0x1d8 messages/SystemTelemetryMessage.o
                0x00002d6c                _ZN10helicopter8messages22SystemTelemetryMessage22updateModelFromMessageEPNS_5model11SystemModelE
 .text._ZN10helicopter5tasks4Task8getDelayEv
                0x00002f44       0x24 scheduler/Scheduler.o
                0x00002f44                _ZN10helicopter5tasks4Task8getDelayEv
 .text._ZN10helicopter5tasks4Task9getPeriodEv
                0x00002f68       0x24 scheduler/Scheduler.o
                0x00002f68                _ZN10helicopter5tasks4Task9getPeriodEv
 .text._ZN10helicopter5tasks4Task8setDelayEi
                0x00002f8c       0x30 scheduler/Scheduler.o
                0x00002f8c                _ZN10helicopter5tasks4Task8setDelayEi
 .text._ZN10helicopter5tasks4Task15getIsReadyToRunEv
                0x00002fbc       0x22 scheduler/Scheduler.o
                0x00002fbc                _ZN10helicopter5tasks4Task15getIsReadyToRunEv
 .text._ZN10helicopter5tasks4Task15setIsReadyToRunEb
                0x00002fde       0x26 scheduler/Scheduler.o
                0x00002fde                _ZN10helicopter5tasks4Task15setIsReadyToRunEb
 .text._ZN10helicopter5tasks4Task11reduceDelayEv
                0x00003004       0x34 scheduler/Scheduler.o
                0x00003004                _ZN10helicopter5tasks4Task11reduceDelayEv
 .text._ZN10helicopter9scheduler9Scheduler13getNumOfTasksEv
                0x00003038       0x24 scheduler/Scheduler.o
                0x00003038                _ZN10helicopter9scheduler9Scheduler13getNumOfTasksEv
 .text._ZN10helicopter9scheduler9Scheduler8getTasksEv
                0x0000305c       0x1e scheduler/Scheduler.o
                0x0000305c                _ZN10helicopter9scheduler9Scheduler8getTasksEv
 .text._ZN10helicopter9scheduler9Scheduler12getSchedulerEv
                0x0000307a       0x5a scheduler/Scheduler.o
                0x0000307a                _ZN10helicopter9scheduler9Scheduler12getSchedulerEv
 .text._ZN10helicopter9scheduler9SchedulerC2Em9PRESCALERi
                0x000030d4       0xb4 scheduler/Scheduler.o
                0x000030d4                _ZN10helicopter9scheduler9SchedulerC2Em9PRESCALERi
                0x000030d4                _ZN10helicopter9scheduler9SchedulerC1Em9PRESCALERi
 .text._ZN10helicopter9scheduler9Scheduler7addTaskEPNS_5tasks4TaskE
                0x00003188       0x76 scheduler/Scheduler.o
                0x00003188                _ZN10helicopter9scheduler9Scheduler7addTaskEPNS_5tasks4TaskE
 .text._ZN10helicopter9scheduler9Scheduler4initEv
                0x000031fe       0xc2 scheduler/Scheduler.o
                0x000031fe                _ZN10helicopter9scheduler9Scheduler4initEv
 .text._ZN10helicopter9scheduler9Scheduler8dispatchEv
                0x000032c0       0xd4 scheduler/Scheduler.o
                0x000032c0                _ZN10helicopter9scheduler9Scheduler8dispatchEv
 .text._ZN10helicopter9scheduler9Scheduler5startEv
                0x00003394       0xc6 scheduler/Scheduler.o
                0x00003394                _ZN10helicopter9scheduler9Scheduler5startEv
 .text.__vector_17
                0x0000345a      0x106 scheduler/Scheduler.o
                0x0000345a                __vector_17
 .text._ZN10helicopter5tasks4Task4initEv
                0x00003560       0x1a tasks/PIDOuterLoopTask.o
                0x00003560                _ZN10helicopter5tasks4Task4initEv
 .text._ZN10helicopter5tasks16PIDOuterLoopTaskC2EPNS_10controller13PIDControllerEii
                0x0000357a       0x64 tasks/PIDOuterLoopTask.o
                0x0000357a                _ZN10helicopter5tasks16PIDOuterLoopTaskC1EPNS_10controller13PIDControllerEii
                0x0000357a                _ZN10helicopter5tasks16PIDOuterLoopTaskC2EPNS_10controller13PIDControllerEii
 .text._ZN10helicopter5tasks16PIDOuterLoopTask11runTaskImplEv
                0x000035de       0x28 tasks/PIDOuterLoopTask.o
                0x000035de                _ZN10helicopter5tasks16PIDOuterLoopTask11runTaskImplEv
 .text._ZN10helicopter5tasks16PIDOuterLoopTaskD2Ev
                0x00003606       0x44 tasks/PIDOuterLoopTask.o
                0x00003606                _ZN10helicopter5tasks16PIDOuterLoopTaskD1Ev
                0x00003606                _ZN10helicopter5tasks16PIDOuterLoopTaskD2Ev
 .text._ZN10helicopter5tasks16PIDOuterLoopTaskD0Ev
                0x0000364a       0x2a tasks/PIDOuterLoopTask.o
                0x0000364a                _ZN10helicopter5tasks16PIDOuterLoopTaskD0Ev
 .text._ZN10helicopter5tasks16SimTelemetryTaskC2EPNS_10interfaces29GroundControlStationInterfaceEPNS_5model11SystemModelEii
                0x00003674       0x7e tasks/SimTelemetryTask.o
                0x00003674                _ZN10helicopter5tasks16SimTelemetryTaskC1EPNS_10interfaces29GroundControlStationInterfaceEPNS_5model11SystemModelEii
                0x00003674                _ZN10helicopter5tasks16SimTelemetryTaskC2EPNS_10interfaces29GroundControlStationInterfaceEPNS_5model11SystemModelEii
 .text._ZN10helicopter5tasks16SimTelemetryTask11runTaskImplEv
                0x000036f2      0x236 tasks/SimTelemetryTask.o
                0x000036f2                _ZN10helicopter5tasks16SimTelemetryTask11runTaskImplEv
 .text._ZN10helicopter5tasks16SimTelemetryTaskD2Ev
                0x00003928       0x44 tasks/SimTelemetryTask.o
                0x00003928                _ZN10helicopter5tasks16SimTelemetryTaskD1Ev
                0x00003928                _ZN10helicopter5tasks16SimTelemetryTaskD2Ev
 .text._ZN10helicopter5tasks16SimTelemetryTaskD0Ev
                0x0000396c       0x2a tasks/SimTelemetryTask.o
                0x0000396c                _ZN10helicopter5tasks16SimTelemetryTaskD0Ev
 .text._ZN10helicopter5tasks4Task11runTaskImplEv
                0x00003996       0x1a tasks/Task.o
                0x00003996                _ZN10helicopter5tasks4Task11runTaskImplEv
 .text._ZN10helicopter5tasks4TaskC2Eii
                0x000039b0       0x5c tasks/Task.o
                0x000039b0                _ZN10helicopter5tasks4TaskC2Eii
                0x000039b0                _ZN10helicopter5tasks4TaskC1Eii
 .text._ZN10helicopter5tasks4Task7runTaskEv
                0x00003a0c       0x36 tasks/Task.o
                0x00003a0c                _ZN10helicopter5tasks4Task7runTaskEv
 .text._ZN10helicopter5tasks21TransmitTelemetryTaskC2EPNS_10interfaces29GroundControlStationInterfaceEPNS_5model11SystemModelEii
                0x00003a42       0x7e tasks/TransmitTelemetryTask.o
                0x00003a42                _ZN10helicopter5tasks21TransmitTelemetryTaskC2EPNS_10interfaces29GroundControlStationInterfaceEPNS_5model11SystemModelEii
                0x00003a42                _ZN10helicopter5tasks21TransmitTelemetryTaskC1EPNS_10interfaces29GroundControlStationInterfaceEPNS_5model11SystemModelEii
 .text._ZN10helicopter5tasks21TransmitTelemetryTask11runTaskImplEv
                0x00003ac0       0x66 tasks/TransmitTelemetryTask.o
                0x00003ac0                _ZN10helicopter5tasks21TransmitTelemetryTask11runTaskImplEv
 .text._ZN10helicopter5tasks21TransmitTelemetryTaskD2Ev
                0x00003b26       0x44 tasks/TransmitTelemetryTask.o
                0x00003b26                _ZN10helicopter5tasks21TransmitTelemetryTaskD1Ev
                0x00003b26                _ZN10helicopter5tasks21TransmitTelemetryTaskD2Ev
 .text._ZN10helicopter5tasks21TransmitTelemetryTaskD0Ev
                0x00003b6a       0x2a tasks/TransmitTelemetryTask.o
                0x00003b6a                _ZN10helicopter5tasks21TransmitTelemetryTaskD0Ev
 .text._Znwj    0x00003b94       0x22 util/CommonHeader.o
                0x00003b94                _Znwj
 .text._ZdlPv   0x00003bb6       0x2a util/CommonHeader.o
                0x00003bb6                _ZdlPv
 .text._Znaj    0x00003be0       0x22 util/CommonHeader.o
                0x00003be0                _Znaj
 .text._ZdaPv   0x00003c02       0x2a util/CommonHeader.o
                0x00003c02                _ZdaPv
 .text._ZN10helicopter4util5Timer10startTimerEv
                0x00003c2c      0x174 util/Timer.o
                0x00003c2c                _ZN10helicopter4util5Timer10startTimerEv
 .text._ZN10helicopter4util5Timer11hasTimedoutEv
                0x00003da0       0x34 util/Timer.o
                0x00003da0                _ZN10helicopter4util5Timer11hasTimedoutEv
 .text._ZN10helicopter4util5Timer9stopTimerEv
                0x00003dd4       0x3e util/Timer.o
                0x00003dd4                _ZN10helicopter4util5Timer9stopTimerEv
 .text.avr-libc.fplib
                0x00003e12        0xa c:/program files (x86)/atmel/atmel toolchain/avr8 gcc/native/3.4.2.1002/avr8-gnu-toolchain/bin/../lib/gcc/avr/4.7.2/../../../../avr/lib/avr6\libm.a(addsf3.o)
                0x00003e12                __subsf3
                0x00003e14                __addsf3
 .text.avr-libc.fplib
                0x00003e1c       0xc0 c:/program files (x86)/atmel/atmel toolchain/avr8 gcc/native/3.4.2.1002/avr8-gnu-toolchain/bin/../lib/gcc/avr/4.7.2/../../../../avr/lib/avr6\libm.a(addsf3x.o)
                0x00003e36                __addsf3x
 .text.avr-libc.fplib
                0x00003edc        0x8 c:/program files (x86)/atmel/atmel toolchain/avr8 gcc/native/3.4.2.1002/avr8-gnu-toolchain/bin/../lib/gcc/avr/4.7.2/../../../../avr/lib/avr6\libm.a(cmpsf2.o)
                0x00003edc                __nesf2
                0x00003edc                __eqsf2
                0x00003edc                __cmpsf2
                0x00003edc                __ltsf2
                0x00003edc                __lesf2
 .text.avr-libc.fplib
                0x00003ee4        0x4 c:/program files (x86)/atmel/atmel toolchain/avr8 gcc/native/3.4.2.1002/avr8-gnu-toolchain/bin/../lib/gcc/avr/4.7.2/../../../../avr/lib/avr6\libm.a(divsf3.o)
                0x00003ee4                __divsf3
 .text.avr-libc.fplib
                0x00003ee8       0xcc c:/program files (x86)/atmel/atmel toolchain/avr8 gcc/native/3.4.2.1002/avr8-gnu-toolchain/bin/../lib/gcc/avr/4.7.2/../../../../avr/lib/avr6\libm.a(divsf3x.o)
                0x00003efe                __divsf3x
                0x00003f02                __divsf3_pse
 .text.avr-libc.fplib
                0x00003fb4        0xa c:/program files (x86)/atmel/atmel toolchain/avr8 gcc/native/3.4.2.1002/avr8-gnu-toolchain/bin/../lib/gcc/avr/4.7.2/../../../../avr/lib/avr6\libm.a(fixsfsi.o)
                0x00003fb4                __fixsfsi
 .text.avr-libc.fplib
                0x00003fbe       0x58 c:/program files (x86)/atmel/atmel toolchain/avr8 gcc/native/3.4.2.1002/avr8-gnu-toolchain/bin/../lib/gcc/avr/4.7.2/../../../../avr/lib/avr6\libm.a(fixunssfsi.o)
                0x00003fbe                __fixunssfsi
 .text.avr-libc.fplib
                0x00004016       0x7a c:/program files (x86)/atmel/atmel toolchain/avr8 gcc/native/3.4.2.1002/avr8-gnu-toolchain/bin/../lib/gcc/avr/4.7.2/../../../../avr/lib/avr6\libm.a(floatsisf.o)
                0x00004016                __floatunsisf
                0x0000401a                __floatsisf
 .text.avr-libc.fplib
                0x00004090       0x26 c:/program files (x86)/atmel/atmel toolchain/avr8 gcc/native/3.4.2.1002/avr8-gnu-toolchain/bin/../lib/gcc/avr/4.7.2/../../../../avr/lib/avr6\libm.a(floor.o)
                0x00004090                floor
 .text.avr-libc.fplib
                0x000040b6       0x48 c:/program files (x86)/atmel/atmel toolchain/avr8 gcc/native/3.4.2.1002/avr8-gnu-toolchain/bin/../lib/gcc/avr/4.7.2/../../../../avr/lib/avr6\libm.a(fp_cmp.o)
                0x000040b6                __fp_cmp
 .text.avr-libc.fplib
                0x000040fe        0xc c:/program files (x86)/atmel/atmel toolchain/avr8 gcc/native/3.4.2.1002/avr8-gnu-toolchain/bin/../lib/gcc/avr/4.7.2/../../../../avr/lib/avr6\libm.a(fp_inf.o)
                0x000040fe                __fp_inf
 .text.avr-libc.fplib
                0x0000410a       0x36 c:/program files (x86)/atmel/atmel toolchain/avr8 gcc/native/3.4.2.1002/avr8-gnu-toolchain/bin/../lib/gcc/avr/4.7.2/../../../../avr/lib/avr6\libm.a(fp_mintl.o)
                0x0000410a                __fp_mintl
 .text.avr-libc.fplib
                0x00004140       0x1c c:/program files (x86)/atmel/atmel toolchain/avr8 gcc/native/3.4.2.1002/avr8-gnu-toolchain/bin/../lib/gcc/avr/4.7.2/../../../../avr/lib/avr6\libm.a(fp_mpack.o)
                0x00004140                __fp_mpack
                0x00004144                __fp_mpack_finite
 .text.avr-libc.fplib
                0x0000415c        0x6 c:/program files (x86)/atmel/atmel toolchain/avr8 gcc/native/3.4.2.1002/avr8-gnu-toolchain/bin/../lib/gcc/avr/4.7.2/../../../../avr/lib/avr6\libm.a(fp_nan.o)
                0x0000415c                __fp_nan
 .text.avr-libc.fplib
                0x00004162        0xe c:/program files (x86)/atmel/atmel toolchain/avr8 gcc/native/3.4.2.1002/avr8-gnu-toolchain/bin/../lib/gcc/avr/4.7.2/../../../../avr/lib/avr6\libm.a(fp_pscA.o)
                0x00004162                __fp_pscA
 .text.avr-libc.fplib
                0x00004170        0xe c:/program files (x86)/atmel/atmel toolchain/avr8 gcc/native/3.4.2.1002/avr8-gnu-toolchain/bin/../lib/gcc/avr/4.7.2/../../../../avr/lib/avr6\libm.a(fp_pscB.o)
                0x00004170                __fp_pscB
 .text.avr-libc.fplib
                0x0000417e       0x22 c:/program files (x86)/atmel/atmel toolchain/avr8 gcc/native/3.4.2.1002/avr8-gnu-toolchain/bin/../lib/gcc/avr/4.7.2/../../../../avr/lib/avr6\libm.a(fp_round.o)
                0x0000417e                __fp_round
 .text.avr-libc.fplib
                0x000041a0       0x44 c:/program files (x86)/atmel/atmel toolchain/avr8 gcc/native/3.4.2.1002/avr8-gnu-toolchain/bin/../lib/gcc/avr/4.7.2/../../../../avr/lib/avr6\libm.a(fp_split3.o)
                0x000041a0                __fp_split3
                0x000041b0                __fp_splitA
 .text.avr-libc.fplib
                0x000041e4       0x2e c:/program files (x86)/atmel/atmel toolchain/avr8 gcc/native/3.4.2.1002/avr8-gnu-toolchain/bin/../lib/gcc/avr/4.7.2/../../../../avr/lib/avr6\libm.a(fp_trunc.o)
                0x000041e4                __fp_trunc
 .text.avr-libc.fplib
                0x00004212        0xe c:/program files (x86)/atmel/atmel toolchain/avr8 gcc/native/3.4.2.1002/avr8-gnu-toolchain/bin/../lib/gcc/avr/4.7.2/../../../../avr/lib/avr6\libm.a(fp_zero.o)
                0x00004212                __fp_zero
                0x00004214                __fp_szero
 .text.avr-libc.fplib
                0x00004220        0x8 c:/program files (x86)/atmel/atmel toolchain/avr8 gcc/native/3.4.2.1002/avr8-gnu-toolchain/bin/../lib/gcc/avr/4.7.2/../../../../avr/lib/avr6\libm.a(gesf2.o)
                0x00004220                __gesf2
                0x00004220                __gtsf2
 .text.avr-libc.fplib
                0x00004228        0x4 c:/program files (x86)/atmel/atmel toolchain/avr8 gcc/native/3.4.2.1002/avr8-gnu-toolchain/bin/../lib/gcc/avr/4.7.2/../../../../avr/lib/avr6\libm.a(mulsf3.o)
                0x00004228                __mulsf3
 .text.avr-libc.fplib
                0x0000422c       0xc2 c:/program files (x86)/atmel/atmel toolchain/avr8 gcc/native/3.4.2.1002/avr8-gnu-toolchain/bin/../lib/gcc/avr/4.7.2/../../../../avr/lib/avr6\libm.a(mulsf3x.o)
                0x00004240                __mulsf3x
                0x00004244                __mulsf3_pse
 .text.libgcc.div
                0x000042ee       0x28 c:/program files (x86)/atmel/atmel toolchain/avr8 gcc/native/3.4.2.1002/avr8-gnu-toolchain/bin/../lib/gcc/avr/4.7.2/avr6\libgcc.a(_divmodhi4.o)
                0x000042ee                _div
                0x000042ee                __divmodhi4
 .text.libgcc.div
                0x00004316       0x44 c:/program files (x86)/atmel/atmel toolchain/avr8 gcc/native/3.4.2.1002/avr8-gnu-toolchain/bin/../lib/gcc/avr/4.7.2/avr6\libgcc.a(_udivmodsi4.o)
                0x00004316                __udivmodsi4
 .text.libgcc.div
                0x0000435a       0x28 c:/program files (x86)/atmel/atmel toolchain/avr8 gcc/native/3.4.2.1002/avr8-gnu-toolchain/bin/../lib/gcc/avr/4.7.2/avr6\libgcc.a(_udivmodhi4.o)
                0x0000435a                __udivmodhi4
 .text.avr-libc
                0x00004382      0x274 c:/program files (x86)/atmel/atmel toolchain/avr8 gcc/native/3.4.2.1002/avr8-gnu-toolchain/bin/../lib/gcc/avr/4.7.2/../../../../avr/lib/avr6\libc.a(malloc.o)
                0x00004382                malloc
                0x000044b8                free
 .text.avr-libc
                0x000045f6       0x12 c:/program files (x86)/atmel/atmel toolchain/avr8 gcc/native/3.4.2.1002/avr8-gnu-toolchain/bin/../lib/gcc/avr/4.7.2/../../../../avr/lib/avr6\libc.a(memcpy.o)
                0x000045f6                memcpy
                0x00004608                . = ALIGN (0x2)
 *(.fini9)
 .fini9         0x00004608        0x0 c:/program files (x86)/atmel/atmel toolchain/avr8 gcc/native/3.4.2.1002/avr8-gnu-toolchain/bin/../lib/gcc/avr/4.7.2/avr6\libgcc.a(_exit.o)
                0x00004608                _exit
                0x00004608                exit
 *(.fini9)
 *(.fini8)
 *(.fini8)
 *(.fini7)
 *(.fini7)
 *(.fini6)
 *(.fini6)
 *(.fini5)
 *(.fini5)
 *(.fini4)
 *(.fini4)
 *(.fini3)
 *(.fini3)
 *(.fini2)
 *(.fini2)
 *(.fini1)
 *(.fini1)
 *(.fini0)
 .fini0         0x00004608        0x4 c:/program files (x86)/atmel/atmel toolchain/avr8 gcc/native/3.4.2.1002/avr8-gnu-toolchain/bin/../lib/gcc/avr/4.7.2/avr6\libgcc.a(_exit.o)
 *(.fini0)
                0x0000460c                _etext = .

.data           0x00800200       0x88 load address 0x0000460c
                0x00800200                PROVIDE (__data_start, .)
 *(.data)
 .data          0x00800200        0x0 c:/program files (x86)/atmel/atmel toolchain/avr8 gcc/native/3.4.2.1002/avr8-gnu-toolchain/bin/../lib/gcc/avr/4.7.2/../../../../avr/lib/avr6/crtm2560.o
 .data          0x00800200        0x0 buffer/Buffer.o
 .data          0x00800200        0x0 buffer/Record.o
 .data          0x00800200        0x0 controller/PIDController.o
 .data          0x00800200        0x0 drivers/MagnetometerDriver.o
 .data          0x00800200        0x0 drivers/SerialDriver.o
 .data          0x00800200        0x0 drivers/ServoDriver.o
 .data          0x00800200        0x0 HelicopterMain.o
 .data          0x00800200        0x0 interfaces/GroundControlStationInterface.o
 .data          0x00800200        0x0 messages/Message.o
 .data          0x00800200        0x0 messages/SyncMessage.o
 .data          0x00800200        0x0 messages/SystemTelemetryMessage.o
 .data          0x00800200        0x0 model/SystemModel.o
 .data          0x00800200        0x0 scheduler/Scheduler.o
 .data          0x00800200        0x0 sensors/MagnetometerSensor.o
 .data          0x00800200        0x0 tasks/PIDOuterLoopTask.o
 .data          0x00800200        0x0 tasks/SimTelemetryTask.o
 .data          0x00800200        0x0 tasks/Task.o
 .data          0x00800200        0x0 tasks/TransmitTelemetryTask.o
 .data          0x00800200        0x0 util/CommonHeader.o
 .data          0x00800200        0x0 util/Timer.o
 .data          0x00800200        0x0 c:/program files (x86)/atmel/atmel toolchain/avr8 gcc/native/3.4.2.1002/avr8-gnu-toolchain/bin/../lib/gcc/avr/4.7.2/../../../../avr/lib/avr6\libm.a(addsf3.o)
 .data          0x00800200        0x0 c:/program files (x86)/atmel/atmel toolchain/avr8 gcc/native/3.4.2.1002/avr8-gnu-toolchain/bin/../lib/gcc/avr/4.7.2/../../../../avr/lib/avr6\libm.a(addsf3x.o)
 .data          0x00800200        0x0 c:/program files (x86)/atmel/atmel toolchain/avr8 gcc/native/3.4.2.1002/avr8-gnu-toolchain/bin/../lib/gcc/avr/4.7.2/../../../../avr/lib/avr6\libm.a(cmpsf2.o)
 .data          0x00800200        0x0 c:/program files (x86)/atmel/atmel toolchain/avr8 gcc/native/3.4.2.1002/avr8-gnu-toolchain/bin/../lib/gcc/avr/4.7.2/../../../../avr/lib/avr6\libm.a(divsf3.o)
 .data          0x00800200        0x0 c:/program files (x86)/atmel/atmel toolchain/avr8 gcc/native/3.4.2.1002/avr8-gnu-toolchain/bin/../lib/gcc/avr/4.7.2/../../../../avr/lib/avr6\libm.a(divsf3x.o)
 .data          0x00800200        0x0 c:/program files (x86)/atmel/atmel toolchain/avr8 gcc/native/3.4.2.1002/avr8-gnu-toolchain/bin/../lib/gcc/avr/4.7.2/../../../../avr/lib/avr6\libm.a(fixsfsi.o)
 .data          0x00800200        0x0 c:/program files (x86)/atmel/atmel toolchain/avr8 gcc/native/3.4.2.1002/avr8-gnu-toolchain/bin/../lib/gcc/avr/4.7.2/../../../../avr/lib/avr6\libm.a(fixunssfsi.o)
 .data          0x00800200        0x0 c:/program files (x86)/atmel/atmel toolchain/avr8 gcc/native/3.4.2.1002/avr8-gnu-toolchain/bin/../lib/gcc/avr/4.7.2/../../../../avr/lib/avr6\libm.a(floatsisf.o)
 .data          0x00800200        0x0 c:/program files (x86)/atmel/atmel toolchain/avr8 gcc/native/3.4.2.1002/avr8-gnu-toolchain/bin/../lib/gcc/avr/4.7.2/../../../../avr/lib/avr6\libm.a(floor.o)
 .data          0x00800200        0x0 c:/program files (x86)/atmel/atmel toolchain/avr8 gcc/native/3.4.2.1002/avr8-gnu-toolchain/bin/../lib/gcc/avr/4.7.2/../../../../avr/lib/avr6\libm.a(fp_cmp.o)
 .data          0x00800200        0x0 c:/program files (x86)/atmel/atmel toolchain/avr8 gcc/native/3.4.2.1002/avr8-gnu-toolchain/bin/../lib/gcc/avr/4.7.2/../../../../avr/lib/avr6\libm.a(fp_inf.o)
 .data          0x00800200        0x0 c:/program files (x86)/atmel/atmel toolchain/avr8 gcc/native/3.4.2.1002/avr8-gnu-toolchain/bin/../lib/gcc/avr/4.7.2/../../../../avr/lib/avr6\libm.a(fp_mintl.o)
 .data          0x00800200        0x0 c:/program files (x86)/atmel/atmel toolchain/avr8 gcc/native/3.4.2.1002/avr8-gnu-toolchain/bin/../lib/gcc/avr/4.7.2/../../../../avr/lib/avr6\libm.a(fp_mpack.o)
 .data          0x00800200        0x0 c:/program files (x86)/atmel/atmel toolchain/avr8 gcc/native/3.4.2.1002/avr8-gnu-toolchain/bin/../lib/gcc/avr/4.7.2/../../../../avr/lib/avr6\libm.a(fp_nan.o)
 .data          0x00800200        0x0 c:/program files (x86)/atmel/atmel toolchain/avr8 gcc/native/3.4.2.1002/avr8-gnu-toolchain/bin/../lib/gcc/avr/4.7.2/../../../../avr/lib/avr6\libm.a(fp_pscA.o)
 .data          0x00800200        0x0 c:/program files (x86)/atmel/atmel toolchain/avr8 gcc/native/3.4.2.1002/avr8-gnu-toolchain/bin/../lib/gcc/avr/4.7.2/../../../../avr/lib/avr6\libm.a(fp_pscB.o)
 .data          0x00800200        0x0 c:/program files (x86)/atmel/atmel toolchain/avr8 gcc/native/3.4.2.1002/avr8-gnu-toolchain/bin/../lib/gcc/avr/4.7.2/../../../../avr/lib/avr6\libm.a(fp_round.o)
 .data          0x00800200        0x0 c:/program files (x86)/atmel/atmel toolchain/avr8 gcc/native/3.4.2.1002/avr8-gnu-toolchain/bin/../lib/gcc/avr/4.7.2/../../../../avr/lib/avr6\libm.a(fp_split3.o)
 .data          0x00800200        0x0 c:/program files (x86)/atmel/atmel toolchain/avr8 gcc/native/3.4.2.1002/avr8-gnu-toolchain/bin/../lib/gcc/avr/4.7.2/../../../../avr/lib/avr6\libm.a(fp_trunc.o)
 .data          0x00800200        0x0 c:/program files (x86)/atmel/atmel toolchain/avr8 gcc/native/3.4.2.1002/avr8-gnu-toolchain/bin/../lib/gcc/avr/4.7.2/../../../../avr/lib/avr6\libm.a(fp_zero.o)
 .data          0x00800200        0x0 c:/program files (x86)/atmel/atmel toolchain/avr8 gcc/native/3.4.2.1002/avr8-gnu-toolchain/bin/../lib/gcc/avr/4.7.2/../../../../avr/lib/avr6\libm.a(gesf2.o)
 .data          0x00800200        0x0 c:/program files (x86)/atmel/atmel toolchain/avr8 gcc/native/3.4.2.1002/avr8-gnu-toolchain/bin/../lib/gcc/avr/4.7.2/../../../../avr/lib/avr6\libm.a(mulsf3.o)
 .data          0x00800200        0x0 c:/program files (x86)/atmel/atmel toolchain/avr8 gcc/native/3.4.2.1002/avr8-gnu-toolchain/bin/../lib/gcc/avr/4.7.2/../../../../avr/lib/avr6\libm.a(mulsf3x.o)
 .data          0x00800200        0x0 c:/program files (x86)/atmel/atmel toolchain/avr8 gcc/native/3.4.2.1002/avr8-gnu-toolchain/bin/../lib/gcc/avr/4.7.2/avr6\libgcc.a(_divmodhi4.o)
 .data          0x00800200        0x0 c:/program files (x86)/atmel/atmel toolchain/avr8 gcc/native/3.4.2.1002/avr8-gnu-toolchain/bin/../lib/gcc/avr/4.7.2/avr6\libgcc.a(_udivmodsi4.o)
 .data          0x00800200        0x0 c:/program files (x86)/atmel/atmel toolchain/avr8 gcc/native/3.4.2.1002/avr8-gnu-toolchain/bin/../lib/gcc/avr/4.7.2/avr6\libgcc.a(_exit.o)
 .data          0x00800200        0x0 c:/program files (x86)/atmel/atmel toolchain/avr8 gcc/native/3.4.2.1002/avr8-gnu-toolchain/bin/../lib/gcc/avr/4.7.2/avr6\libgcc.a(_copy_data.o)
 .data          0x00800200        0x0 c:/program files (x86)/atmel/atmel toolchain/avr8 gcc/native/3.4.2.1002/avr8-gnu-toolchain/bin/../lib/gcc/avr/4.7.2/avr6\libgcc.a(_clear_bss.o)
 .data          0x00800200        0x0 c:/program files (x86)/atmel/atmel toolchain/avr8 gcc/native/3.4.2.1002/avr8-gnu-toolchain/bin/../lib/gcc/avr/4.7.2/avr6\libgcc.a(_udivmodhi4.o)
 .data          0x00800200        0x6 c:/program files (x86)/atmel/atmel toolchain/avr8 gcc/native/3.4.2.1002/avr8-gnu-toolchain/bin/../lib/gcc/avr/4.7.2/../../../../avr/lib/avr6\libc.a(malloc.o)
                0x00800200                __malloc_heap_end
                0x00800202                __malloc_heap_start
                0x00800204                __malloc_margin
 .data          0x00800206        0x0 c:/program files (x86)/atmel/atmel toolchain/avr8 gcc/native/3.4.2.1002/avr8-gnu-toolchain/bin/../lib/gcc/avr/4.7.2/../../../../avr/lib/avr6\libc.a(memcpy.o)
 *(.data*)
 *(.rodata)
 *(.rodata*)
 .rodata._ZTVN10helicopter7drivers12SerialDriverE
                0x00800206        0xe drivers/SerialDriver.o
                0x00800206                _ZTVN10helicopter7drivers12SerialDriverE
 .rodata._ZTVN10helicopter7drivers11ServoDriverE
                0x00800214        0xa drivers/ServoDriver.o
                0x00800214                _ZTVN10helicopter7drivers11ServoDriverE
 .rodata._ZTVN10helicopter5tasks12FlashLEDTaskE
                0x0080021e        0xe HelicopterMain.o
                0x0080021e                _ZTVN10helicopter5tasks12FlashLEDTaskE
 .rodata._ZTVN10helicopter8messages7MessageE
                0x0080022c        0xc messages/Message.o
                0x0080022c                _ZTVN10helicopter8messages7MessageE
 .rodata._ZTVN10helicopter8messages11SyncMessageE
                0x00800238        0xc messages/SyncMessage.o
                0x00800238                _ZTVN10helicopter8messages11SyncMessageE
 .rodata._ZTVN10helicopter8messages22SystemTelemetryMessageE
                0x00800244        0xc messages/SystemTelemetryMessage.o
                0x00800244                _ZTVN10helicopter8messages22SystemTelemetryMessageE
 .rodata._ZTVN10helicopter5tasks16PIDOuterLoopTaskE
                0x00800250        0xe tasks/PIDOuterLoopTask.o
                0x00800250                _ZTVN10helicopter5tasks16PIDOuterLoopTaskE
 .rodata._ZTVN10helicopter5tasks16SimTelemetryTaskE
                0x0080025e        0xe tasks/SimTelemetryTask.o
                0x0080025e                _ZTVN10helicopter5tasks16SimTelemetryTaskE
 .rodata._ZTVN10helicopter5tasks4TaskE
                0x0080026c        0xe tasks/Task.o
                0x0080026c                _ZTVN10helicopter5tasks4TaskE
 .rodata._ZTVN10helicopter5tasks21TransmitTelemetryTaskE
                0x0080027a        0xe tasks/TransmitTelemetryTask.o
                0x0080027a                _ZTVN10helicopter5tasks21TransmitTelemetryTaskE
 *(.gnu.linkonce.d*)
                0x00800288                . = ALIGN (0x2)
                0x00800288                _edata = .
                0x00800288                PROVIDE (__data_end, .)

.bss            0x00800288        0x6
                0x00800288                PROVIDE (__bss_start, .)
 *(.bss)
 *(.bss*)
 .bss._ZN10helicopter9scheduler9Scheduler9schedulerE
                0x00800288        0x2 scheduler/Scheduler.o
                0x00800288                _ZN10helicopter9scheduler9Scheduler9schedulerE
 *(COMMON)
 COMMON         0x0080028a        0x4 c:/program files (x86)/atmel/atmel toolchain/avr8 gcc/native/3.4.2.1002/avr8-gnu-toolchain/bin/../lib/gcc/avr/4.7.2/../../../../avr/lib/avr6\libc.a(malloc.o)
                0x0080028a                __brkval
                0x0080028c                __flp
                0x0080028e                PROVIDE (__bss_end, .)
                0x0000460c                __data_load_start = LOADADDR (.data)
                0x00004694                __data_load_end = (__data_load_start + SIZEOF (.data))

.noinit         0x0080028e        0x0
                0x0080028e                PROVIDE (__noinit_start, .)
 *(.noinit*)
                0x0080028e                PROVIDE (__noinit_end, .)
                0x0080028e                _end = .
                0x0080028e                PROVIDE (__heap_start, .)

.eeprom         0x00810000        0x0
 *(.eeprom*)
                0x00810000                __eeprom_end = .

.fuse
 *(.fuse)
 *(.lfuse)
 *(.hfuse)
 *(.efuse)

.lock
 *(.lock*)

.signature
 *(.signature*)

.user_signatures
 *(.user_signatures*)

.stab           0x00000000     0x2994
 *(.stab)
 .stab          0x00000000      0x6e4 c:/program files (x86)/atmel/atmel toolchain/avr8 gcc/native/3.4.2.1002/avr8-gnu-toolchain/bin/../lib/gcc/avr/4.7.2/../../../../avr/lib/avr6/crtm2560.o
 .stab          0x000006e4       0x78 c:/program files (x86)/atmel/atmel toolchain/avr8 gcc/native/3.4.2.1002/avr8-gnu-toolchain/bin/../lib/gcc/avr/4.7.2/../../../../avr/lib/avr6\libm.a(addsf3.o)
                                 0x84 (size before relaxing)
 .stab          0x0000075c      0x4bc c:/program files (x86)/atmel/atmel toolchain/avr8 gcc/native/3.4.2.1002/avr8-gnu-toolchain/bin/../lib/gcc/avr/4.7.2/../../../../avr/lib/avr6\libm.a(addsf3x.o)
                                0x4c8 (size before relaxing)
 .stab          0x00000c18       0x90 c:/program files (x86)/atmel/atmel toolchain/avr8 gcc/native/3.4.2.1002/avr8-gnu-toolchain/bin/../lib/gcc/avr/4.7.2/../../../../avr/lib/avr6\libm.a(cmpsf2.o)
                                 0x9c (size before relaxing)
 .stab          0x00000ca8       0x48 c:/program files (x86)/atmel/atmel toolchain/avr8 gcc/native/3.4.2.1002/avr8-gnu-toolchain/bin/../lib/gcc/avr/4.7.2/../../../../avr/lib/avr6\libm.a(divsf3.o)
                                 0x54 (size before relaxing)
 .stab          0x00000cf0      0x510 c:/program files (x86)/atmel/atmel toolchain/avr8 gcc/native/3.4.2.1002/avr8-gnu-toolchain/bin/../lib/gcc/avr/4.7.2/../../../../avr/lib/avr6\libm.a(divsf3x.o)
                                0x51c (size before relaxing)
 .stab          0x00001200       0x6c c:/program files (x86)/atmel/atmel toolchain/avr8 gcc/native/3.4.2.1002/avr8-gnu-toolchain/bin/../lib/gcc/avr/4.7.2/../../../../avr/lib/avr6\libm.a(fixsfsi.o)
                                 0x78 (size before relaxing)
 .stab          0x0000126c      0x240 c:/program files (x86)/atmel/atmel toolchain/avr8 gcc/native/3.4.2.1002/avr8-gnu-toolchain/bin/../lib/gcc/avr/4.7.2/../../../../avr/lib/avr6\libm.a(fixunssfsi.o)
                                0x24c (size before relaxing)
 .stab          0x000014ac      0x318 c:/program files (x86)/atmel/atmel toolchain/avr8 gcc/native/3.4.2.1002/avr8-gnu-toolchain/bin/../lib/gcc/avr/4.7.2/../../../../avr/lib/avr6\libm.a(floatsisf.o)
                                0x324 (size before relaxing)
 .stab          0x000017c4      0x114 c:/program files (x86)/atmel/atmel toolchain/avr8 gcc/native/3.4.2.1002/avr8-gnu-toolchain/bin/../lib/gcc/avr/4.7.2/../../../../avr/lib/avr6\libm.a(floor.o)
                                0x120 (size before relaxing)
 .stab          0x000018d8      0x1e0 c:/program files (x86)/atmel/atmel toolchain/avr8 gcc/native/3.4.2.1002/avr8-gnu-toolchain/bin/../lib/gcc/avr/4.7.2/../../../../avr/lib/avr6\libm.a(fp_cmp.o)
                                0x1ec (size before relaxing)
 .stab          0x00001ab8       0x78 c:/program files (x86)/atmel/atmel toolchain/avr8 gcc/native/3.4.2.1002/avr8-gnu-toolchain/bin/../lib/gcc/avr/4.7.2/../../../../avr/lib/avr6\libm.a(fp_inf.o)
                                 0x84 (size before relaxing)
 .stab          0x00001b30      0x174 c:/program files (x86)/atmel/atmel toolchain/avr8 gcc/native/3.4.2.1002/avr8-gnu-toolchain/bin/../lib/gcc/avr/4.7.2/../../../../avr/lib/avr6\libm.a(fp_mintl.o)
                                0x180 (size before relaxing)
 .stab          0x00001ca4       0xe4 c:/program files (x86)/atmel/atmel toolchain/avr8 gcc/native/3.4.2.1002/avr8-gnu-toolchain/bin/../lib/gcc/avr/4.7.2/../../../../avr/lib/avr6\libm.a(fp_mpack.o)
                                 0xf0 (size before relaxing)
 .stab          0x00001d88       0x54 c:/program files (x86)/atmel/atmel toolchain/avr8 gcc/native/3.4.2.1002/avr8-gnu-toolchain/bin/../lib/gcc/avr/4.7.2/../../../../avr/lib/avr6\libm.a(fp_nan.o)
                                 0x60 (size before relaxing)
 .stab          0x00001ddc       0x84 c:/program files (x86)/atmel/atmel toolchain/avr8 gcc/native/3.4.2.1002/avr8-gnu-toolchain/bin/../lib/gcc/avr/4.7.2/../../../../avr/lib/avr6\libm.a(fp_pscA.o)
                                 0x90 (size before relaxing)
 .stab          0x00001e60       0x84 c:/program files (x86)/atmel/atmel toolchain/avr8 gcc/native/3.4.2.1002/avr8-gnu-toolchain/bin/../lib/gcc/avr/4.7.2/../../../../avr/lib/avr6\libm.a(fp_pscB.o)
                                 0x90 (size before relaxing)
 .stab          0x00001ee4       0xfc c:/program files (x86)/atmel/atmel toolchain/avr8 gcc/native/3.4.2.1002/avr8-gnu-toolchain/bin/../lib/gcc/avr/4.7.2/../../../../avr/lib/avr6\libm.a(fp_round.o)
                                0x108 (size before relaxing)
 .stab          0x00001fe0      0x1d4 c:/program files (x86)/atmel/atmel toolchain/avr8 gcc/native/3.4.2.1002/avr8-gnu-toolchain/bin/../lib/gcc/avr/4.7.2/../../../../avr/lib/avr6\libm.a(fp_split3.o)
                                0x1e0 (size before relaxing)
 .stab          0x000021b4      0x144 c:/program files (x86)/atmel/atmel toolchain/avr8 gcc/native/3.4.2.1002/avr8-gnu-toolchain/bin/../lib/gcc/avr/4.7.2/../../../../avr/lib/avr6\libm.a(fp_trunc.o)
                                0x150 (size before relaxing)
 .stab          0x000022f8       0x90 c:/program files (x86)/atmel/atmel toolchain/avr8 gcc/native/3.4.2.1002/avr8-gnu-toolchain/bin/../lib/gcc/avr/4.7.2/../../../../avr/lib/avr6\libm.a(fp_zero.o)
                                 0x9c (size before relaxing)
 .stab          0x00002388       0x6c c:/program files (x86)/atmel/atmel toolchain/avr8 gcc/native/3.4.2.1002/avr8-gnu-toolchain/bin/../lib/gcc/avr/4.7.2/../../../../avr/lib/avr6\libm.a(gesf2.o)
                                 0x78 (size before relaxing)
 .stab          0x000023f4       0x48 c:/program files (x86)/atmel/atmel toolchain/avr8 gcc/native/3.4.2.1002/avr8-gnu-toolchain/bin/../lib/gcc/avr/4.7.2/../../../../avr/lib/avr6\libm.a(mulsf3.o)
                                 0x54 (size before relaxing)
 .stab          0x0000243c      0x4d4 c:/program files (x86)/atmel/atmel toolchain/avr8 gcc/native/3.4.2.1002/avr8-gnu-toolchain/bin/../lib/gcc/avr/4.7.2/../../../../avr/lib/avr6\libm.a(mulsf3x.o)
                                0x4e0 (size before relaxing)
 .stab          0x00002910       0x84 c:/program files (x86)/atmel/atmel toolchain/avr8 gcc/native/3.4.2.1002/avr8-gnu-toolchain/bin/../lib/gcc/avr/4.7.2/../../../../avr/lib/avr6\libc.a(memcpy.o)
                                 0x90 (size before relaxing)

.stabstr        0x00000000      0xb77
 *(.stabstr)
 .stabstr       0x00000000      0xb77 c:/program files (x86)/atmel/atmel toolchain/avr8 gcc/native/3.4.2.1002/avr8-gnu-toolchain/bin/../lib/gcc/avr/4.7.2/../../../../avr/lib/avr6/crtm2560.o

.stab.excl
 *(.stab.excl)

.stab.exclstr
 *(.stab.exclstr)

.stab.index
 *(.stab.index)

.stab.indexstr
 *(.stab.indexstr)

.comment        0x00000000       0x2f
 *(.comment)
 .comment       0x00000000       0x2f buffer/Buffer.o
                                 0x30 (size before relaxing)
 .comment       0x00000000       0x30 buffer/Record.o
 .comment       0x00000000       0x30 controller/PIDController.o
 .comment       0x00000000       0x30 drivers/MagnetometerDriver.o
 .comment       0x00000000       0x30 drivers/SerialDriver.o
 .comment       0x00000000       0x30 drivers/ServoDriver.o
 .comment       0x00000000       0x30 HelicopterMain.o
 .comment       0x00000000       0x30 interfaces/GroundControlStationInterface.o
 .comment       0x00000000       0x30 messages/Message.o
 .comment       0x00000000       0x30 messages/SyncMessage.o
 .comment       0x00000000       0x30 messages/SystemTelemetryMessage.o
 .comment       0x00000000       0x30 model/SystemModel.o
 .comment       0x00000000       0x30 scheduler/Scheduler.o
 .comment       0x00000000       0x30 sensors/MagnetometerSensor.o
 .comment       0x00000000       0x30 tasks/PIDOuterLoopTask.o
 .comment       0x00000000       0x30 tasks/SimTelemetryTask.o
 .comment       0x00000000       0x30 tasks/Task.o
 .comment       0x00000000       0x30 tasks/TransmitTelemetryTask.o
 .comment       0x00000000       0x30 util/CommonHeader.o
 .comment       0x00000000       0x30 util/Timer.o
 .comment       0x00000000       0x30 c:/program files (x86)/atmel/atmel toolchain/avr8 gcc/native/3.4.2.1002/avr8-gnu-toolchain/bin/../lib/gcc/avr/4.7.2/../../../../avr/lib/avr6\libc.a(malloc.o)

.debug
 *(.debug)

.line
 *(.line)

.debug_srcinfo
 *(.debug_srcinfo)

.debug_sfnames
 *(.debug_sfnames)

.debug_aranges  0x00000000      0x808
 *(.debug_aranges)
 .debug_aranges
                0x00000000       0x50 buffer/Buffer.o
 .debug_aranges
                0x00000050       0x50 buffer/Record.o
 .debug_aranges
                0x000000a0       0xb8 controller/PIDController.o
 .debug_aranges
                0x00000158       0x28 drivers/MagnetometerDriver.o
 .debug_aranges
                0x00000180       0x40 drivers/SerialDriver.o
 .debug_aranges
                0x000001c0       0x38 drivers/ServoDriver.o
 .debug_aranges
                0x000001f8       0xe0 HelicopterMain.o
 .debug_aranges
                0x000002d8       0x30 interfaces/GroundControlStationInterface.o
 .debug_aranges
                0x00000308       0x40 messages/Message.o
 .debug_aranges
                0x00000348       0x60 messages/SyncMessage.o
 .debug_aranges
                0x000003a8      0x130 messages/SystemTelemetryMessage.o
 .debug_aranges
                0x000004d8       0x18 model/SystemModel.o
 .debug_aranges
                0x000004f0       0x98 scheduler/Scheduler.o
 .debug_aranges
                0x00000588       0x40 sensors/MagnetometerSensor.o
 .debug_aranges
                0x000005c8       0x50 tasks/PIDOuterLoopTask.o
 .debug_aranges
                0x00000618       0xc8 tasks/SimTelemetryTask.o
 .debug_aranges
                0x000006e0       0x48 tasks/Task.o
 .debug_aranges
                0x00000728       0x50 tasks/TransmitTelemetryTask.o
 .debug_aranges
                0x00000778       0x38 util/CommonHeader.o
 .debug_aranges
                0x000007b0       0x30 util/Timer.o
 .debug_aranges
                0x000007e0       0x28 c:/program files (x86)/atmel/atmel toolchain/avr8 gcc/native/3.4.2.1002/avr8-gnu-toolchain/bin/../lib/gcc/avr/4.7.2/../../../../avr/lib/avr6\libc.a(malloc.o)

.debug_pubnames
 *(.debug_pubnames)

.debug_info     0x00000000     0x8a75
 *(.debug_info)
 .debug_info    0x00000000      0x541 buffer/Buffer.o
 .debug_info    0x00000541      0x474 buffer/Record.o
 .debug_info    0x000009b5      0xd3e controller/PIDController.o
 .debug_info    0x000016f3      0x1d6 drivers/MagnetometerDriver.o
 .debug_info    0x000018c9      0x4b1 drivers/SerialDriver.o
 .debug_info    0x00001d7a      0x2aa drivers/ServoDriver.o
 .debug_info    0x00002024     0x1619 HelicopterMain.o
 .debug_info    0x0000363d      0x4fe interfaces/GroundControlStationInterface.o
 .debug_info    0x00003b3b      0x3ea messages/Message.o
 .debug_info    0x00003f25      0x477 messages/SyncMessage.o
 .debug_info    0x0000439c      0xfd7 messages/SystemTelemetryMessage.o
 .debug_info    0x00005373       0x46 model/SystemModel.o
 .debug_info    0x000053b9      0x76c scheduler/Scheduler.o
 .debug_info    0x00005b25      0x359 sensors/MagnetometerSensor.o
 .debug_info    0x00005e7e      0xab6 tasks/PIDOuterLoopTask.o
 .debug_info    0x00006934      0xdd1 tasks/SimTelemetryTask.o
 .debug_info    0x00007705      0x3d8 tasks/Task.o
 .debug_info    0x00007add      0x97f tasks/TransmitTelemetryTask.o
 .debug_info    0x0000845c      0x15a util/CommonHeader.o
 .debug_info    0x000085b6      0x282 util/Timer.o
 .debug_info    0x00008838      0x23d c:/program files (x86)/atmel/atmel toolchain/avr8 gcc/native/3.4.2.1002/avr8-gnu-toolchain/bin/../lib/gcc/avr/4.7.2/../../../../avr/lib/avr6\libc.a(malloc.o)
 *(.gnu.linkonce.wi.*)

.debug_abbrev   0x00000000     0x2841
 *(.debug_abbrev)
 .debug_abbrev  0x00000000      0x1e3 buffer/Buffer.o
 .debug_abbrev  0x000001e3      0x1cb buffer/Record.o
 .debug_abbrev  0x000003ae      0x1df controller/PIDController.o
 .debug_abbrev  0x0000058d      0x12a drivers/MagnetometerDriver.o
 .debug_abbrev  0x000006b7      0x247 drivers/SerialDriver.o
 .debug_abbrev  0x000008fe      0x1b9 drivers/ServoDriver.o
 .debug_abbrev  0x00000ab7      0x36e HelicopterMain.o
 .debug_abbrev  0x00000e25      0x1bb interfaces/GroundControlStationInterface.o
 .debug_abbrev  0x00000fe0      0x1d4 messages/Message.o
 .debug_abbrev  0x000011b4      0x236 messages/SyncMessage.o
 .debug_abbrev  0x000013ea      0x2e4 messages/SystemTelemetryMessage.o
 .debug_abbrev  0x000016ce       0x49 model/SystemModel.o
 .debug_abbrev  0x00001717      0x2b4 scheduler/Scheduler.o
 .debug_abbrev  0x000019cb      0x18b sensors/MagnetometerSensor.o
 .debug_abbrev  0x00001b56      0x23b tasks/PIDOuterLoopTask.o
 .debug_abbrev  0x00001d91      0x2ee tasks/SimTelemetryTask.o
 .debug_abbrev  0x0000207f      0x206 tasks/Task.o
 .debug_abbrev  0x00002285      0x2b3 tasks/TransmitTelemetryTask.o
 .debug_abbrev  0x00002538       0xac util/CommonHeader.o
 .debug_abbrev  0x000025e4      0x164 util/Timer.o
 .debug_abbrev  0x00002748       0xf9 c:/program files (x86)/atmel/atmel toolchain/avr8 gcc/native/3.4.2.1002/avr8-gnu-toolchain/bin/../lib/gcc/avr/4.7.2/../../../../avr/lib/avr6\libc.a(malloc.o)

.debug_line     0x00000000     0x212d
 *(.debug_line)
 .debug_line    0x00000000       0xfb buffer/Buffer.o
 .debug_line    0x000000fb       0xe6 buffer/Record.o
 .debug_line    0x000001e1      0x23e controller/PIDController.o
 .debug_line    0x0000041f      0x12c drivers/MagnetometerDriver.o
 .debug_line    0x0000054b      0x10c drivers/SerialDriver.o
 .debug_line    0x00000657       0x9c drivers/ServoDriver.o
 .debug_line    0x000006f3      0x3bf HelicopterMain.o
 .debug_line    0x00000ab2      0x224 interfaces/GroundControlStationInterface.o
 .debug_line    0x00000cd6       0xbe messages/Message.o
 .debug_line    0x00000d94      0x12c messages/SyncMessage.o
 .debug_line    0x00000ec0      0x37c messages/SystemTelemetryMessage.o
 .debug_line    0x0000123c       0x47 model/SystemModel.o
 .debug_line    0x00001283      0x2a6 scheduler/Scheduler.o
 .debug_line    0x00001529      0x18b sensors/MagnetometerSensor.o
 .debug_line    0x000016b4      0x13c tasks/PIDOuterLoopTask.o
 .debug_line    0x000017f0      0x312 tasks/SimTelemetryTask.o
 .debug_line    0x00001b02       0xab tasks/Task.o
 .debug_line    0x00001bad      0x1ba tasks/TransmitTelemetryTask.o
 .debug_line    0x00001d67      0x116 util/CommonHeader.o
 .debug_line    0x00001e7d       0xa2 util/Timer.o
 .debug_line    0x00001f1f      0x20e c:/program files (x86)/atmel/atmel toolchain/avr8 gcc/native/3.4.2.1002/avr8-gnu-toolchain/bin/../lib/gcc/avr/4.7.2/../../../../avr/lib/avr6\libc.a(malloc.o)

.debug_frame    0x00000000     0x1c24
 *(.debug_frame)
 .debug_frame   0x00000000      0x100 buffer/Buffer.o
 .debug_frame   0x00000100      0x114 buffer/Record.o
 .debug_frame   0x00000214      0x320 controller/PIDController.o
 .debug_frame   0x00000534       0x54 drivers/MagnetometerDriver.o
 .debug_frame   0x00000588       0xb4 drivers/SerialDriver.o
 .debug_frame   0x0000063c       0x94 drivers/ServoDriver.o
 .debug_frame   0x000006d0      0x384 HelicopterMain.o
 .debug_frame   0x00000a54       0xc0 interfaces/GroundControlStationInterface.o
 .debug_frame   0x00000b14       0xb4 messages/Message.o
 .debug_frame   0x00000bc8      0x140 messages/SyncMessage.o
 .debug_frame   0x00000d08      0x48c messages/SystemTelemetryMessage.o
 .debug_frame   0x00001194      0x27c scheduler/Scheduler.o
 .debug_frame   0x00001410       0xf0 sensors/MagnetometerSensor.o
 .debug_frame   0x00001500       0xf4 tasks/PIDOuterLoopTask.o
 .debug_frame   0x000015f4      0x2e0 tasks/SimTelemetryTask.o
 .debug_frame   0x000018d4       0xd4 tasks/Task.o
 .debug_frame   0x000019a8      0x100 tasks/TransmitTelemetryTask.o
 .debug_frame   0x00001aa8       0x94 util/CommonHeader.o
 .debug_frame   0x00001b3c       0x80 util/Timer.o
 .debug_frame   0x00001bbc       0x68 c:/program files (x86)/atmel/atmel toolchain/avr8 gcc/native/3.4.2.1002/avr8-gnu-toolchain/bin/../lib/gcc/avr/4.7.2/../../../../avr/lib/avr6\libc.a(malloc.o)

.debug_str      0x00000000     0x35ae
 *(.debug_str)
 .debug_str     0x00000000      0x4ca buffer/Buffer.o
                                0x50c (size before relaxing)
 .debug_str     0x000004ca       0x88 buffer/Record.o
                                0x442 (size before relaxing)
 .debug_str     0x00000552      0xff0 controller/PIDController.o
                               0x10db (size before relaxing)
 .debug_str     0x00001542       0xf4 drivers/MagnetometerDriver.o
                                0x231 (size before relaxing)
 .debug_str     0x00001636      0x361 drivers/SerialDriver.o
                                0x4ca (size before relaxing)
 .debug_str     0x00001997      0x278 drivers/ServoDriver.o
                                0x327 (size before relaxing)
 .debug_str     0x00001c0f      0x71c HelicopterMain.o
                               0x1986 (size before relaxing)
 .debug_str     0x0000232b      0x12c interfaces/GroundControlStationInterface.o
                                0x441 (size before relaxing)
 .debug_str     0x00002457      0x28c messages/Message.o
                                0x3e6 (size before relaxing)
 .debug_str     0x000026e3      0x190 messages/SyncMessage.o
                                0x363 (size before relaxing)
 .debug_str     0x00002873      0x29f messages/SystemTelemetryMessage.o
                                0xd5f (size before relaxing)
 .debug_str     0x00002b12       0x19 model/SystemModel.o
                                 0x9b (size before relaxing)
 .debug_str     0x00002b2b      0x225 scheduler/Scheduler.o
                                0x62f (size before relaxing)
 .debug_str     0x00002d50      0x252 sensors/MagnetometerSensor.o
                                0x3b2 (size before relaxing)
 .debug_str     0x00002fa2      0x12e tasks/PIDOuterLoopTask.o
                               0x1119 (size before relaxing)
 .debug_str     0x000030d0      0x154 tasks/SimTelemetryTask.o
                                0xdda (size before relaxing)
 .debug_str     0x00003224       0x94 tasks/Task.o
                                0x371 (size before relaxing)
 .debug_str     0x000032b8      0x152 tasks/TransmitTelemetryTask.o
                                0xcc5 (size before relaxing)
 .debug_str     0x0000340a       0x7f util/CommonHeader.o
                                0x189 (size before relaxing)
 .debug_str     0x00003489       0x1c util/Timer.o
                                0x2dd (size before relaxing)
 .debug_str     0x000034a5      0x109 c:/program files (x86)/atmel/atmel toolchain/avr8 gcc/native/3.4.2.1002/avr8-gnu-toolchain/bin/../lib/gcc/avr/4.7.2/../../../../avr/lib/avr6\libc.a(malloc.o)
                                0x17c (size before relaxing)

.debug_loc      0x00000000     0x4052
 *(.debug_loc)
 .debug_loc     0x00000000      0x212 buffer/Buffer.o
 .debug_loc     0x00000212      0x246 buffer/Record.o
 .debug_loc     0x00000458      0x6eb controller/PIDController.o
 .debug_loc     0x00000b43       0x8f drivers/MagnetometerDriver.o
 .debug_loc     0x00000bd2      0x168 drivers/SerialDriver.o
 .debug_loc     0x00000d3a      0x11f drivers/ServoDriver.o
 .debug_loc     0x00000e59      0x7d4 HelicopterMain.o
 .debug_loc     0x0000162d      0x18b interfaces/GroundControlStationInterface.o
 .debug_loc     0x000017b8      0x168 messages/Message.o
 .debug_loc     0x00001920      0x2a2 messages/SyncMessage.o
 .debug_loc     0x00001bc2      0xa0c messages/SystemTelemetryMessage.o
 .debug_loc     0x000025ce      0x576 scheduler/Scheduler.o
 .debug_loc     0x00002b44      0x204 sensors/MagnetometerSensor.o
 .debug_loc     0x00002d48      0x1f7 tasks/PIDOuterLoopTask.o
 .debug_loc     0x00002f3f      0x648 tasks/SimTelemetryTask.o
 .debug_loc     0x00003587      0x1b0 tasks/Task.o
 .debug_loc     0x00003737      0x211 tasks/TransmitTelemetryTask.o
 .debug_loc     0x00003948      0x120 util/CommonHeader.o
 .debug_loc     0x00003a68       0xf2 util/Timer.o
 .debug_loc     0x00003b5a      0x4f8 c:/program files (x86)/atmel/atmel toolchain/avr8 gcc/native/3.4.2.1002/avr8-gnu-toolchain/bin/../lib/gcc/avr/4.7.2/../../../../avr/lib/avr6\libc.a(malloc.o)

.debug_macinfo
 *(.debug_macinfo)

.debug_pubtypes
 *(.debug_pubtypes)

.debug_ranges   0x00000000      0x6b0
 *(.debug_ranges)
 .debug_ranges  0x00000000       0x40 buffer/Buffer.o
 .debug_ranges  0x00000040       0x40 buffer/Record.o
 .debug_ranges  0x00000080       0xa8 controller/PIDController.o
 .debug_ranges  0x00000128       0x18 drivers/MagnetometerDriver.o
 .debug_ranges  0x00000140       0x30 drivers/SerialDriver.o
 .debug_ranges  0x00000170       0x28 drivers/ServoDriver.o
 .debug_ranges  0x00000198       0xd0 HelicopterMain.o
 .debug_ranges  0x00000268       0x20 interfaces/GroundControlStationInterface.o
 .debug_ranges  0x00000288       0x30 messages/Message.o
 .debug_ranges  0x000002b8       0x50 messages/SyncMessage.o
 .debug_ranges  0x00000308      0x120 messages/SystemTelemetryMessage.o
 .debug_ranges  0x00000428       0x88 scheduler/Scheduler.o
 .debug_ranges  0x000004b0       0x30 sensors/MagnetometerSensor.o
 .debug_ranges  0x000004e0       0x40 tasks/PIDOuterLoopTask.o
 .debug_ranges  0x00000520       0xb8 tasks/SimTelemetryTask.o
 .debug_ranges  0x000005d8       0x38 tasks/Task.o
 .debug_ranges  0x00000610       0x40 tasks/TransmitTelemetryTask.o
 .debug_ranges  0x00000650       0x28 util/CommonHeader.o
 .debug_ranges  0x00000678       0x20 util/Timer.o
 .debug_ranges  0x00000698       0x18 c:/program files (x86)/atmel/atmel toolchain/avr8 gcc/native/3.4.2.1002/avr8-gnu-toolchain/bin/../lib/gcc/avr/4.7.2/../../../../avr/lib/avr6\libc.a(malloc.o)

.debug_macro
 *(.debug_macro)
OUTPUT(Helicopter.elf elf32-avr)
LOAD linker stubs
