Archive member included because of file (symbol)

c:/program files (x86)/atmel/atmel toolchain/avr8 gcc/native/3.4.2.1002/avr8-gnu-toolchain/bin/../lib/gcc/avr/4.7.2/../../../../avr/lib/avr6\libm.a(addsf3.o)
                              controller/PIDController.o (__subsf3)
c:/program files (x86)/atmel/atmel toolchain/avr8 gcc/native/3.4.2.1002/avr8-gnu-toolchain/bin/../lib/gcc/avr/4.7.2/../../../../avr/lib/avr6\libm.a(addsf3x.o)
                              c:/program files (x86)/atmel/atmel toolchain/avr8 gcc/native/3.4.2.1002/avr8-gnu-toolchain/bin/../lib/gcc/avr/4.7.2/../../../../avr/lib/avr6\libm.a(addsf3.o) (__addsf3x)
c:/program files (x86)/atmel/atmel toolchain/avr8 gcc/native/3.4.2.1002/avr8-gnu-toolchain/bin/../lib/gcc/avr/4.7.2/../../../../avr/lib/avr6\libm.a(asin.o)
                              navigation/AHRS.o (asin)
c:/program files (x86)/atmel/atmel toolchain/avr8 gcc/native/3.4.2.1002/avr8-gnu-toolchain/bin/../lib/gcc/avr/4.7.2/../../../../avr/lib/avr6\libm.a(atan2.o)
                              navigation/AHRS.o (atan2)
c:/program files (x86)/atmel/atmel toolchain/avr8 gcc/native/3.4.2.1002/avr8-gnu-toolchain/bin/../lib/gcc/avr/4.7.2/../../../../avr/lib/avr6\libm.a(atan.o)
                              c:/program files (x86)/atmel/atmel toolchain/avr8 gcc/native/3.4.2.1002/avr8-gnu-toolchain/bin/../lib/gcc/avr/4.7.2/../../../../avr/lib/avr6\libm.a(atan2.o) (atan)
c:/program files (x86)/atmel/atmel toolchain/avr8 gcc/native/3.4.2.1002/avr8-gnu-toolchain/bin/../lib/gcc/avr/4.7.2/../../../../avr/lib/avr6\libm.a(cmpsf2.o)
                              HelicopterMain.o (__nesf2)
c:/program files (x86)/atmel/atmel toolchain/avr8 gcc/native/3.4.2.1002/avr8-gnu-toolchain/bin/../lib/gcc/avr/4.7.2/../../../../avr/lib/avr6\libm.a(cos.o)
                              util/CoordinateUtil.o (cos)
c:/program files (x86)/atmel/atmel toolchain/avr8 gcc/native/3.4.2.1002/avr8-gnu-toolchain/bin/../lib/gcc/avr/4.7.2/../../../../avr/lib/avr6\libm.a(divsf3.o)
                              HelicopterMain.o (__divsf3)
c:/program files (x86)/atmel/atmel toolchain/avr8 gcc/native/3.4.2.1002/avr8-gnu-toolchain/bin/../lib/gcc/avr/4.7.2/../../../../avr/lib/avr6\libm.a(divsf3x.o)
                              c:/program files (x86)/atmel/atmel toolchain/avr8 gcc/native/3.4.2.1002/avr8-gnu-toolchain/bin/../lib/gcc/avr/4.7.2/../../../../avr/lib/avr6\libm.a(divsf3.o) (__divsf3x)
c:/program files (x86)/atmel/atmel toolchain/avr8 gcc/native/3.4.2.1002/avr8-gnu-toolchain/bin/../lib/gcc/avr/4.7.2/../../../../avr/lib/avr6\libm.a(fixsfsi.o)
                              tasks/NavigationTask.o (__fixsfsi)
c:/program files (x86)/atmel/atmel toolchain/avr8 gcc/native/3.4.2.1002/avr8-gnu-toolchain/bin/../lib/gcc/avr/4.7.2/../../../../avr/lib/avr6\libm.a(fixunssfsi.o)
                              drivers/SerialDriver.o (__fixunssfsi)
c:/program files (x86)/atmel/atmel toolchain/avr8 gcc/native/3.4.2.1002/avr8-gnu-toolchain/bin/../lib/gcc/avr/4.7.2/../../../../avr/lib/avr6\libm.a(floatsisf.o)
                              drivers/SerialDriver.o (__floatunsisf)
c:/program files (x86)/atmel/atmel toolchain/avr8 gcc/native/3.4.2.1002/avr8-gnu-toolchain/bin/../lib/gcc/avr/4.7.2/../../../../avr/lib/avr6\libm.a(floor.o)
                              drivers/SerialDriver.o (floor)
c:/program files (x86)/atmel/atmel toolchain/avr8 gcc/native/3.4.2.1002/avr8-gnu-toolchain/bin/../lib/gcc/avr/4.7.2/../../../../avr/lib/avr6\libm.a(fp_arccos.o)
                              c:/program files (x86)/atmel/atmel toolchain/avr8 gcc/native/3.4.2.1002/avr8-gnu-toolchain/bin/../lib/gcc/avr/4.7.2/../../../../avr/lib/avr6\libm.a(asin.o) (__fp_arccos)
c:/program files (x86)/atmel/atmel toolchain/avr8 gcc/native/3.4.2.1002/avr8-gnu-toolchain/bin/../lib/gcc/avr/4.7.2/../../../../avr/lib/avr6\libm.a(fp_cmp.o)
                              c:/program files (x86)/atmel/atmel toolchain/avr8 gcc/native/3.4.2.1002/avr8-gnu-toolchain/bin/../lib/gcc/avr/4.7.2/../../../../avr/lib/avr6\libm.a(cmpsf2.o) (__fp_cmp)
c:/program files (x86)/atmel/atmel toolchain/avr8 gcc/native/3.4.2.1002/avr8-gnu-toolchain/bin/../lib/gcc/avr/4.7.2/../../../../avr/lib/avr6\libm.a(fp_inf.o)
                              c:/program files (x86)/atmel/atmel toolchain/avr8 gcc/native/3.4.2.1002/avr8-gnu-toolchain/bin/../lib/gcc/avr/4.7.2/../../../../avr/lib/avr6\libm.a(addsf3x.o) (__fp_inf)
c:/program files (x86)/atmel/atmel toolchain/avr8 gcc/native/3.4.2.1002/avr8-gnu-toolchain/bin/../lib/gcc/avr/4.7.2/../../../../avr/lib/avr6\libm.a(fp_mintl.o)
                              c:/program files (x86)/atmel/atmel toolchain/avr8 gcc/native/3.4.2.1002/avr8-gnu-toolchain/bin/../lib/gcc/avr/4.7.2/../../../../avr/lib/avr6\libm.a(floor.o) (__fp_mintl)
c:/program files (x86)/atmel/atmel toolchain/avr8 gcc/native/3.4.2.1002/avr8-gnu-toolchain/bin/../lib/gcc/avr/4.7.2/../../../../avr/lib/avr6\libm.a(fp_mpack.o)
[...]
Memory Configuration

Name             Origin             Length             Attributes
text             0x00000000         0x00100000         xr
data             0x00800200         0x0000fe00         rw !x
eeprom           0x00810000         0x00010000         rw !x
fuse             0x00820000         0x00000400         rw !x
lock             0x00830000         0x00000400         rw !x
signature        0x00840000         0x00000400         rw !x
user_signatures  0x00850000         0x00000400         rw !x
*default*        0x00000000         0xffffffff

Linker script and memory map

Address of section .data set to 0x800200
LOAD c:/program files (x86)/atmel/atmel toolchain/avr8 gcc/native/3.4.2.1002/avr8-gnu-toolchain/bin/../lib/gcc/avr/4.7.2/../../../../avr/lib/avr6/crtm2560.o
LOAD buffer/Buffer.o
LOAD buffer/Record.o
LOAD controller/PIDController.o
LOAD drivers/SerialDriver.o
LOAD drivers/SPIDriver.o
LOAD drivers/TWIDriver.o
LOAD HelicopterMain.o
LOAD interfaces/GroundControlStationInterface.o
LOAD interfaces/RadioControllerInterface.o
LOAD messages/Message.o
LOAD messages/SyncMessage.o
LOAD messages/SystemTelemetryMessage.o
LOAD model/SystemModel.o
LOAD navigation/AHRS.o
LOAD scheduler/Scheduler.o
LOAD sensors/BarometerSensor.o
LOAD sensors/GPSSensor.o
LOAD sensors/IMUSensor.o
LOAD sensors/MagnetometerSensor.o
LOAD tasks/NavigationTask.o
LOAD tasks/PIDInnerLoopTask.o
LOAD tasks/PIDOuterLoopTask.o
LOAD tasks/ReadBarometerSensorTask.o
LOAD tasks/ReadGPSSensorTask.o
LOAD tasks/ReadIMUSensorTask.o
LOAD tasks/ReadMagnetometerSensorTask.o
LOAD tasks/SensorProcessingTask.o
LOAD tasks/SimTelemetryTask.o
LOAD tasks/Task.o
LOAD tasks/TransmitTelemetryTask.o
LOAD util/CommonHeader.o
LOAD util/CoordinateUtil.o
LOAD util/MatrixUtil.o
LOAD util/Timer.o
START GROUP
LOAD c:/program files (x86)/atmel/atmel toolchain/avr8 gcc/native/3.4.2.1002/avr8-gnu-toolchain/bin/../lib/gcc/avr/4.7.2/../../../../avr/lib/avr6\libm.a
END GROUP
LOAD c:/program files (x86)/atmel/atmel toolchain/avr8 gcc/native/3.4.2.1002/avr8-gnu-toolchain/bin/../lib/gcc/avr/4.7.2/avr6\libgcc.a
LOAD c:/program files (x86)/atmel/atmel toolchain/avr8 gcc/native/3.4.2.1002/avr8-gnu-toolchain/bin/../lib/gcc/avr/4.7.2/../../../../avr/lib/avr6\libm.a
LOAD c:/program files (x86)/atmel/atmel toolchain/avr8 gcc/native/3.4.2.1002/avr8-gnu-toolchain/bin/../lib/gcc/avr/4.7.2/avr6\libgcc.a
LOAD c:/program files (x86)/atmel/atmel toolchain/avr8 gcc/native/3.4.2.1002/avr8-gnu-toolchain/bin/../lib/gcc/avr/4.7.2/../../../../avr/lib/avr6\libc.a
LOAD c:/program files (x86)/atmel/atmel toolchain/avr8 gcc/native/3.4.2.1002/avr8-gnu-toolchain/bin/../lib/gcc/avr/4.7.2/avr6\libgcc.a

.hash
 *(.hash)

.dynsym
 *(.dynsym)

.dynstr
 *(.dynstr)

.gnu.version
 *(.gnu.version)

.gnu.version_d
 *(.gnu.version_d)

.gnu.version_r
 *(.gnu.version_r)

.rel.init
 *(.rel.init)

.rela.init
 *(.rela.init)

.rel.text
 *(.rel.text)
 *(.rel.text.*)
 *(.rel.gnu.linkonce.t*)

.rela.text
 *(.rela.text)
 *(.rela.text.*)
 *(.rela.gnu.linkonce.t*)

.rel.fini
 *(.rel.fini)

.rela.fini
 *(.rela.fini)

.rel.rodata
 *(.rel.rodata)
 *(.rel.rodata.*)
 *(.rel.gnu.linkonce.r*)

.rela.rodata
 *(.rela.rodata)
 *(.rela.rodata.*)
 *(.rela.gnu.linkonce.r*)

.rel.data
 *(.rel.data)
 *(.rel.data.*)
 *(.rel.gnu.linkonce.d*)

.rela.data
 *(.rela.data)
 *(.rela.data.*)
 *(.rela.gnu.linkonce.d*)

.rel.ctors
 *(.rel.ctors)

.rela.ctors
 *(.rela.ctors)

.rel.dtors
 *(.rel.dtors)

.rela.dtors
 *(.rela.dtors)

.rel.got
 *(.rel.got)

.rela.got
 *(.rela.got)

.rel.bss
 *(.rel.bss)

.rela.bss
 *(.rela.bss)

.rel.plt
 *(.rel.plt)

.rela.plt
 *(.rela.plt)

.text           0x00000000    0x1116e
 *(.vectors)
 .vectors       0x00000000       0xe4 c:/program files (x86)/atmel/atmel toolchain/avr8 gcc/native/3.4.2.1002/avr8-gnu-toolchain/bin/../lib/gcc/avr/4.7.2/../../../../avr/lib/avr6/crtm2560.o
                0x00000000                __vector_default
                0x00000000                __vectors
 *(.vectors)
 *(.progmem.gcc*)
 .progmem.gcc_fplib
                0x000000e4       0x14 c:/program files (x86)/atmel/atmel toolchain/avr8 gcc/native/3.4.2.1002/avr8-gnu-toolchain/bin/../lib/gcc/avr/4.7.2/../../../../avr/lib/avr6\libm.a(asin.o)
 .progmem.gcc_fplib
                0x000000f8       0x2d c:/program files (x86)/atmel/atmel toolchain/avr8 gcc/native/3.4.2.1002/avr8-gnu-toolchain/bin/../lib/gcc/avr/4.7.2/../../../../avr/lib/avr6\libm.a(atan.o)
 .progmem.gcc_fplib
                0x00000125       0x28 c:/program files (x86)/atmel/atmel toolchain/avr8 gcc/native/3.4.2.1002/avr8-gnu-toolchain/bin/../lib/gcc/avr/4.7.2/../../../../avr/lib/avr6\libm.a(fp_arccos.o)
 .progmem.gcc_fplib
                0x0000014d       0x1e c:/program files (x86)/atmel/atmel toolchain/avr8 gcc/native/3.4.2.1002/avr8-gnu-toolchain/bin/../lib/gcc/avr/4.7.2/../../../../avr/lib/avr6\libm.a(fp_sinus.o)
 .progmem.gcc_fplib
                0x0000016b       0x5a c:/program files (x86)/atmel/atmel toolchain/avr8 gcc/native/3.4.2.1002/avr8-gnu-toolchain/bin/../lib/gcc/avr/4.7.2/../../../../avr/lib/avr6\libm.a(log.o)
 .progmem.gcc_fplib
                0x000001c5       0x28 c:/program files (x86)/atmel/atmel toolchain/avr8 gcc/native/3.4.2.1002/avr8-gnu-toolchain/bin/../lib/gcc/avr/4.7.2/../../../../avr/lib/avr6\libm.a(exp.o)
 *(.progmem*)
                0x000001ee                . = ALIGN (0x2)
 *fill*         0x000001ed        0x1 
                0x000001ee                __trampolines_start = .
 *(.trampolines)
 .trampolines   0x000001ee       0xe8 linker stubs
 *(.trampolines*)
                0x000002d6                __trampolines_end = .
 *(.jumptables)
 *(.jumptables*)
 *(.lowtext)
 *(.lowtext*)
                0x000002d6                __ctors_start = .
 *(.ctors)
                0x000002d6                __ctors_end = .
                0x000002d6                __dtors_start = .
 *(.dtors)
                0x000002d6                __dtors_end = .
 SORT(*)(.ctors)
 SORT(*)(.dtors)
 *(.init0)
 .init0         0x000002d6        0x0 c:/program files (x86)/atmel/atmel toolchain/avr8 gcc/native/3.4.2.1002/avr8-gnu-toolchain/bin/../lib/gcc/avr/4.7.2/../../../../avr/lib/avr6/crtm2560.o
                0x000002d6                __init
 *(.init0)
 *(.init1)
 *(.init1)
 *(.init2)
 .init2         0x000002d6       0x10 c:/program files (x86)/atmel/atmel toolchain/avr8 gcc/native/3.4.2.1002/avr8-gnu-toolchain/bin/../lib/gcc/avr/4.7.2/../../../../avr/lib/avr6/crtm2560.o
 *(.init2)
 *(.init3)
 *(.init3)
 *(.init4)
 .init4         0x000002e6       0x1a c:/program files (x86)/atmel/atmel toolchain/avr8 gcc/native/3.4.2.1002/avr8-gnu-toolchain/bin/../lib/gcc/avr/4.7.2/avr6\libgcc.a(_copy_data.o)
                0x000002e6                __do_copy_data
 .init4         0x00000300       0x10 c:/program files (x86)/atmel/atmel toolchain/avr8 gcc/native/3.4.2.1002/avr8-gnu-toolchain/bin/../lib/gcc/avr/4.7.2/avr6\libgcc.a(_clear_bss.o)
                0x00000300                __do_clear_bss
 *(.init4)
 *(.init5)
 *(.init5)
 *(.init6)
 *(.init6)
 *(.init7)
 *(.init7)
 *(.init8)
 *(.init8)
 *(.init9)
 .init9         0x00000310        0x8 c:/program files (x86)/atmel/atmel toolchain/avr8 gcc/native/3.4.2.1002/avr8-gnu-toolchain/bin/../lib/gcc/avr/4.7.2/../../../../avr/lib/avr6/crtm2560.o
 *(.init9)
 *(.text)
 .text          0x00000318        0x4 c:/program files (x86)/atmel/atmel toolchain/avr8 gcc/native/3.4.2.1002/avr8-gnu-toolchain/bin/../lib/gcc/avr/4.7.2/../../../../avr/lib/avr6/crtm2560.o
                0x00000318                __vector_38
                0x00000318                __vector_22
                0x00000318                __vector_28
                0x00000318                __vector_1
                0x00000318                __vector_32
                0x00000318                __vector_34
                0x00000318                __vector_24
                0x00000318                __vector_12
                0x00000318                __vector_55
                0x00000318                __bad_interrupt
                0x00000318                __vector_6
                0x00000318                __vector_31
                0x00000318                __vector_35
                0x00000318                __vector_39
                0x00000318                __vector_3
                0x00000318                __vector_23
                0x00000318                __vector_30
                0x00000318                __vector_45
                0x00000318                __vector_25
                0x00000318                __vector_11
                0x00000318                __vector_54
                0x00000318                __vector_13
                0x00000318                __vector_19
                0x00000318                __vector_56
                0x00000318                __vector_7
                0x00000318                __vector_49
                0x00000318                __vector_41
                0x00000318                __vector_43
                0x00000318                __vector_27
                0x00000318                __vector_5
                0x00000318                __vector_33
                0x00000318                __vector_47
                0x00000318                __vector_52
                0x00000318                __vector_37
                0x00000318                __vector_4
                0x00000318                __vector_44
                0x00000318                __vector_51
                0x00000318                __vector_9
                0x00000318                __vector_2
                0x00000318                __vector_21
                0x00000318                __vector_15
                0x00000318                __vector_36
                0x00000318                __vector_29
                0x00000318                __vector_40
                0x00000318                __vector_8
                0x00000318                __vector_26
                0x00000318                __vector_48
                0x00000318                __vector_14
                0x00000318                __vector_53
                0x00000318                __vector_10
                0x00000318                __vector_50
                0x00000318                __vector_16
                0x00000318                __vector_18
                0x00000318                __vector_20
                0x00000318                __vector_42
                0x0000031c                . = ALIGN (0x2)
 *(.text.*)
 .text._ZNK10helicopter5model11SystemModel19ReferenceMagYawRadsEv
                0x0000031c       0x2c controller/PIDController.o
                0x0000031c                _ZNK10helicopter5model11SystemModel19ReferenceMagYawRadsEv
 .text._ZNK10helicopter5model11SystemModel10YawControlEv
                0x00000348       0x2c controller/PIDController.o
                0x00000348                _ZNK10helicopter5model11SystemModel10YawControlEv
 .text._ZN10helicopter5model11SystemModel10YawControlEf
                0x00000374       0x40 controller/PIDController.o
                0x00000374                _ZN10helicopter5model11SystemModel10YawControlEf
 .text._ZNK10helicopter5model11SystemModel37YawControlBeforeServoLimitsAdjustmentEv
                0x000003b4       0x2c controller/PIDController.o
                0x000003b4                _ZNK10helicopter5model11SystemModel37YawControlBeforeServoLimitsAdjustmentEv
 .text._ZN10helicopter5model11SystemModel37YawControlBeforeServoLimitsAdjustmentEf
                0x000003e0       0x40 controller/PIDController.o
                0x000003e0                _ZN10helicopter5model11SystemModel37YawControlBeforeServoLimitsAdjustmentEf
 .text._ZNK10helicopter5model11SystemModel33ReferenceYawVelocityRadsPerSecondEv
                0x00000420       0x2c controller/PIDController.o
                0x00000420                _ZNK10helicopter5model11SystemModel33ReferenceYawVelocityRadsPerSecondEv
 .text._ZNK10helicopter5model11SystemModel11YawIntegralEv
                0x0000044c       0x2c controller/PIDController.o
                0x0000044c                _ZNK10helicopter5model11SystemModel11YawIntegralEv
 .text._ZN10helicopter5model11SystemModel11YawIntegralEf
                0x00000478       0x40 controller/PIDController.o
                0x00000478                _ZN10helicopter5model11SystemModel11YawIntegralEf
 .text._ZN10helicopter5model11SystemModel15YawProportionalEf
                0x000004b8       0x40 controller/PIDController.o
                0x000004b8                _ZN10helicopter5model11SystemModel15YawProportionalEf
 .text._ZN10helicopter5model11SystemModel18YawDerivativeErrorEf
                0x000004f8       0x40 controller/PIDController.o
                0x000004f8                _ZN10helicopter5model11SystemModel18YawDerivativeErrorEf
 .text._ZNK10helicopter5model11SystemModel16XNEDLocalFrameCmEv
                0x00000538       0x2c controller/PIDController.o
                0x00000538                _ZNK10helicopter5model11SystemModel16XNEDLocalFrameCmEv
 .text._ZNK10helicopter5model11SystemModel25ReferenceXNEDLocalFrameCmEv
                0x00000564       0x2c controller/PIDController.o
                0x00000564                _ZNK10helicopter5model11SystemModel25ReferenceXNEDLocalFrameCmEv
 .text._ZNK10helicopter5model11SystemModel43LongitudeControlBeforeServoLimitsAdjustmentEv
                0x00000590       0x2c controller/PIDController.o
                0x00000590                _ZNK10helicopter5model11SystemModel43LongitudeControlBeforeServoLimitsAdjustmentEv
 .text._ZN10helicopter5model11SystemModel43LongitudeControlBeforeServoLimitsAdjustmentEf
                0x000005bc       0x40 controller/PIDController.o
                0x000005bc                _ZN10helicopter5model11SystemModel43LongitudeControlBeforeServoLimitsAdjustmentEf
 .text._ZNK10helicopter5model11SystemModel16LongitudeControlEv
                0x000005fc       0x2c controller/PIDController.o
                0x000005fc                _ZNK10helicopter5model11SystemModel16LongitudeControlEv
 .text._ZN10helicopter5model11SystemModel16LongitudeControlEf
                0x00000628       0x40 controller/PIDController.o
                0x00000628                _ZN10helicopter5model11SystemModel16LongitudeControlEf
 .text._ZNK10helicopter5model11SystemModel15XVelocityFRDCmsEv
                0x00000668       0x2c controller/PIDController.o
                0x00000668                _ZNK10helicopter5model11SystemModel15XVelocityFRDCmsEv
 .text._ZNK10helicopter5model11SystemModel21ReferenceXVelocityCmsEv
                0x00000694       0x2c controller/PIDController.o
                0x00000694                _ZNK10helicopter5model11SystemModel21ReferenceXVelocityCmsEv
 .text._ZNK10helicopter5model11SystemModel27XLongitudeOuterLoopSetpointEv
                0x000006c0       0x2c controller/PIDController.o
                0x000006c0                _ZNK10helicopter5model11SystemModel27XLongitudeOuterLoopSetpointEv
 .text._ZN10helicopter5model11SystemModel27XLongitudeOuterLoopSetpointEf
                0x000006ec       0x40 controller/PIDController.o
                0x000006ec                _ZN10helicopter5model11SystemModel27XLongitudeOuterLoopSetpointEf
 .text._ZN10helicopter5model11SystemModel13XProportionalEf
                0x0000072c       0x40 controller/PIDController.o
                0x0000072c                _ZN10helicopter5model11SystemModel13XProportionalEf
 .text._ZNK10helicopter5model11SystemModel9XIntegralEv
                0x0000076c       0x2e controller/PIDController.o
                0x0000076c                _ZNK10helicopter5model11SystemModel9XIntegralEv
 .text._ZN10helicopter5model11SystemModel9XIntegralEf
                0x0000079a       0x46 controller/PIDController.o
                0x0000079a                _ZN10helicopter5model11SystemModel9XIntegralEf
 .text._ZN10helicopter5model11SystemModel16XDerivativeErrorEf
                0x000007e0       0x46 controller/PIDController.o
                0x000007e0                _ZN10helicopter5model11SystemModel16XDerivativeErrorEf
 .text._ZNK10helicopter5model11SystemModel16YNEDLocalFrameCmEv
                0x00000826       0x30 controller/PIDController.o
                0x00000826                _ZNK10helicopter5model11SystemModel16YNEDLocalFrameCmEv
 .text._ZNK10helicopter5model11SystemModel25ReferenceYNEDLocalFrameCmEv
                0x00000856       0x30 controller/PIDController.o
                0x00000856                _ZNK10helicopter5model11SystemModel25ReferenceYNEDLocalFrameCmEv
 .text._ZNK10helicopter5model11SystemModel41LateralControlBeforeServoLimitsAdjustmentEv
                0x00000886       0x30 controller/PIDController.o
                0x00000886                _ZNK10helicopter5model11SystemModel41LateralControlBeforeServoLimitsAdjustmentEv
 .text._ZN10helicopter5model11SystemModel41LateralControlBeforeServoLimitsAdjustmentEf
                0x000008b6       0x46 controller/PIDController.o
                0x000008b6                _ZN10helicopter5model11SystemModel41LateralControlBeforeServoLimitsAdjustmentEf
 .text._ZNK10helicopter5model11SystemModel14LateralControlEv
                0x000008fc       0x30 controller/PIDController.o
                0x000008fc                _ZNK10helicopter5model11SystemModel14LateralControlEv
 .text._ZN10helicopter5model11SystemModel14LateralControlEf
                0x0000092c       0x46 controller/PIDController.o
                0x0000092c                _ZN10helicopter5model11SystemModel14LateralControlEf
 .text._ZNK10helicopter5model11SystemModel15YVelocityFRDCmsEv
                0x00000972       0x30 controller/PIDController.o
                0x00000972                _ZNK10helicopter5model11SystemModel15YVelocityFRDCmsEv
 .text._ZNK10helicopter5model11SystemModel21ReferenceYVelocityCmsEv
                0x000009a2       0x30 controller/PIDController.o
                0x000009a2                _ZNK10helicopter5model11SystemModel21ReferenceYVelocityCmsEv
 .text._ZNK10helicopter5model11SystemModel25YLateralOuterLoopSetpointEv
                0x000009d2       0x30 controller/PIDController.o
                0x000009d2                _ZNK10helicopter5model11SystemModel25YLateralOuterLoopSetpointEv
 .text._ZN10helicopter5model11SystemModel25YLateralOuterLoopSetpointEf
                0x00000a02       0x46 controller/PIDController.o
                0x00000a02                _ZN10helicopter5model11SystemModel25YLateralOuterLoopSetpointEf
 .text._ZN10helicopter5model11SystemModel13YProportionalEf
                0x00000a48       0x46 controller/PIDController.o
                0x00000a48                _ZN10helicopter5model11SystemModel13YProportionalEf
 .text._ZNK10helicopter5model11SystemModel9YIntegralEv
                0x00000a8e       0x30 controller/PIDController.o
                0x00000a8e                _ZNK10helicopter5model11SystemModel9YIntegralEv
 .text._ZN10helicopter5model11SystemModel9YIntegralEf
                0x00000abe       0x46 controller/PIDController.o
                0x00000abe                _ZN10helicopter5model11SystemModel9YIntegralEf
 .text._ZN10helicopter5model11SystemModel16YDerivativeErrorEf
                0x00000b04       0x46 controller/PIDController.o
                0x00000b04                _ZN10helicopter5model11SystemModel16YDerivativeErrorEf
 .text._ZNK10helicopter5model11SystemModel16ZNEDLocalFrameCmEv
                0x00000b4a       0x30 controller/PIDController.o
                0x00000b4a                _ZNK10helicopter5model11SystemModel16ZNEDLocalFrameCmEv
 .text._ZNK10helicopter5model11SystemModel25ReferenceZNEDLocalFrameCmEv
                0x00000b7a       0x30 controller/PIDController.o
                0x00000b7a                _ZNK10helicopter5model11SystemModel25ReferenceZNEDLocalFrameCmEv
 .text._ZNK10helicopter5model11SystemModel26MainRotorCollectiveControlEv
                0x00000baa       0x30 controller/PIDController.o
                0x00000baa                _ZNK10helicopter5model11SystemModel26MainRotorCollectiveControlEv
 .text._ZN10helicopter5model11SystemModel26MainRotorCollectiveControlEf
                0x00000bda       0x46 controller/PIDController.o
                0x00000bda                _ZN10helicopter5model11SystemModel26MainRotorCollectiveControlEf
 .text._ZNK10helicopter5model11SystemModel43MainRotorControlBeforeServoLimitsAdjustmentEv
                0x00000c20       0x30 controller/PIDController.o
                0x00000c20                _ZNK10helicopter5model11SystemModel43MainRotorControlBeforeServoLimitsAdjustmentEv
 .text._ZN10helicopter5model11SystemModel43MainRotorControlBeforeServoLimitsAdjustmentEf
                0x00000c50       0x46 controller/PIDController.o
                0x00000c50                _ZN10helicopter5model11SystemModel43MainRotorControlBeforeServoLimitsAdjustmentEf
 .text._ZNK10helicopter5model11SystemModel15ZVelocityFRDCmsEv
                0x00000c96       0x30 controller/PIDController.o
                0x00000c96                _ZNK10helicopter5model11SystemModel15ZVelocityFRDCmsEv
 .text._ZNK10helicopter5model11SystemModel21ReferenceZVelocityCmsEv
                0x00000cc6       0x30 controller/PIDController.o
                0x00000cc6                _ZNK10helicopter5model11SystemModel21ReferenceZVelocityCmsEv
 .text._ZNK10helicopter5model11SystemModel9ZIntegralEv
                0x00000cf6       0x30 controller/PIDController.o
                0x00000cf6                _ZNK10helicopter5model11SystemModel9ZIntegralEv
 .text._ZN10helicopter5model11SystemModel9ZIntegralEf
                0x00000d26       0x46 controller/PIDController.o
                0x00000d26                _ZN10helicopter5model11SystemModel9ZIntegralEf
 .text._ZN10helicopter5model11SystemModel13ZProportionalEf
                0x00000d6c       0x46 controller/PIDController.o
                0x00000d6c                _ZN10helicopter5model11SystemModel13ZProportionalEf
 .text._ZN10helicopter5model11SystemModel16ZDerivativeErrorEf
                0x00000db2       0x46 controller/PIDController.o
                0x00000db2                _ZN10helicopter5model11SystemModel16ZDerivativeErrorEf
 .text._ZNK10helicopter5model11SystemModel11BlownFramesEv
                0x00000df8       0x30 controller/PIDController.o
                0x00000df8                _ZNK10helicopter5model11SystemModel11BlownFramesEv
 .text._ZN10helicopter5model11SystemModel11BlownFramesEl
                0x00000e28       0x46 controller/PIDController.o
                0x00000e28                _ZN10helicopter5model11SystemModel11BlownFramesEl
 .text._ZNK10helicopter5model11SystemModel16OperationalStateEv
                0x00000e6e       0x22 controller/PIDController.o
                0x00000e6e                _ZNK10helicopter5model11SystemModel16OperationalStateEv
 .text._ZNK10helicopter5model11SystemModel31YawAngularVelocityRadsPerSecondEv
                0x00000e90       0x30 controller/PIDController.o
                0x00000e90                _ZNK10helicopter5model11SystemModel31YawAngularVelocityRadsPerSecondEv
 .text._ZNK10helicopter5model11SystemModel33PitchAngularVelocityRadsPerSecondEv
                0x00000ec0       0x30 controller/PIDController.o
                0x00000ec0                _ZNK10helicopter5model11SystemModel33PitchAngularVelocityRadsPerSecondEv
 .text._ZNK10helicopter5model11SystemModel32RollAngularVelocityRadsPerSecondEv
                0x00000ef0       0x30 controller/PIDController.o
                0x00000ef0                _ZNK10helicopter5model11SystemModel32RollAngularVelocityRadsPerSecondEv
 .text._ZNK10helicopter5model11SystemModel7YawRadsEv
                0x00000f20       0x30 controller/PIDController.o
                0x00000f20                _ZNK10helicopter5model11SystemModel7YawRadsEv
 .text._ZNK10helicopter5model11SystemModel9PitchRadsEv
                0x00000f50       0x30 controller/PIDController.o
                0x00000f50                _ZNK10helicopter5model11SystemModel9PitchRadsEv
 .text._ZNK10helicopter5model11SystemModel8RollRadsEv
                0x00000f80       0x30 controller/PIDController.o
                0x00000f80                _ZNK10helicopter5model11SystemModel8RollRadsEv
 .text._ZN10helicopter10controller13PIDControllerC2EPNS_5model11SystemModelE
                0x00000fb0      0x202 controller/PIDController.o
                0x00000fb0                _ZN10helicopter10controller13PIDControllerC2EPNS_5model11SystemModelE
                0x00000fb0                _ZN10helicopter10controller13PIDControllerC1EPNS_5model11SystemModelE
 .text._ZN10helicopter10controller13PIDController21calculateProportionalEff
                0x000011b2       0x5e controller/PIDController.o
                0x000011b2                _ZN10helicopter10controller13PIDController21calculateProportionalEff
 .text._ZN10helicopter10controller13PIDController27calculateIntegralAntiWindupEfff
                0x00001210       0xa2 controller/PIDController.o
                0x00001210                _ZN10helicopter10controller13PIDController27calculateIntegralAntiWindupEfff
 .text._ZN10helicopter10controller13PIDController17calculateIntegralEffff
                0x000012b2       0xfc controller/PIDController.o
                0x000012b2                _ZN10helicopter10controller13PIDController17calculateIntegralEffff
 .text._ZN10helicopter10controller13PIDController22calculateVelocityErrorEff
                0x000013ae       0x5e controller/PIDController.o
                0x000013ae                _ZN10helicopter10controller13PIDController22calculateVelocityErrorEff
 .text._ZN10helicopter10controller13PIDController30calculateOuterLoopControlValueEfffffi
                0x0000140c      0x10e controller/PIDController.o
                0x0000140c                _ZN10helicopter10controller13PIDController30calculateOuterLoopControlValueEfffffi
 .text._ZN10helicopter10controller13PIDController27adjustControlForServoLimitsEfff
                0x0000151a       0xb8 controller/PIDController.o
                0x0000151a                _ZN10helicopter10controller13PIDController27adjustControlForServoLimitsEfff
 .text._Z30calculateInnerLoopControlValuefffff
                0x000015d2       0xc2 controller/PIDController.o
                0x000015d2                _Z30calculateInnerLoopControlValuefffff
 .text._ZN10helicopter10controller13PIDController23adjustForSetpointLimitsEfff
                0x00001694       0xb8 controller/PIDController.o
                0x00001694                _ZN10helicopter10controller13PIDController23adjustForSetpointLimitsEfff
 .text._ZN10helicopter10controller13PIDController13addBlownFrameEv
                0x0000174c       0x46 controller/PIDController.o
                0x0000174c                _ZN10helicopter10controller13PIDController13addBlownFrameEv
 .text._ZN10helicopter10controller13PIDController35convertYawErrorFrom2PitoPlusMinusPiEf
                0x00001792       0xa8 controller/PIDController.o
                0x00001792                _ZN10helicopter10controller13PIDController35convertYawErrorFrom2PitoPlusMinusPiEf
 .text._ZN10helicopter10controller13PIDController15outerLoopUpdateEv
                0x0000183a      0x308 controller/PIDController.o
                0x0000183a                _ZN10helicopter10controller13PIDController15outerLoopUpdateEv
 .text._ZN10helicopter10controller13PIDController34tailRotorCollectiveOuterLoopUpdateEv
                0x00001b42      0x2e8 controller/PIDController.o
                0x00001b42                _ZN10helicopter10controller13PIDController34tailRotorCollectiveOuterLoopUpdateEv
 .text._ZN10helicopter10controller13PIDController34mainRotorCollectiveOuterLoopUpdateEf
                0x00001e2a      0x29c controller/PIDController.o
                0x00001e2a                _ZN10helicopter10controller13PIDController34mainRotorCollectiveOuterLoopUpdateEf
 .text._ZN10helicopter10controller13PIDController30cyclicLongitudeOuterLoopUpdateEf
                0x000020c6      0x270 controller/PIDController.o
                0x000020c6                _ZN10helicopter10controller13PIDController30cyclicLongitudeOuterLoopUpdateEf
 .text._ZN10helicopter10controller13PIDController28cyclicLateralOuterLoopUpdateEf
                0x00002336      0x274 controller/PIDController.o
                0x00002336                _ZN10helicopter10controller13PIDController28cyclicLateralOuterLoopUpdateEf
 .text._ZN10helicopter10controller13PIDController30cyclicLongitudeInnerLoopUpdateEv
                0x000025aa      0x1a0 controller/PIDController.o
                0x000025aa                _ZN10helicopter10controller13PIDController30cyclicLongitudeInnerLoopUpdateEv
 .text._ZN10helicopter10controller13PIDController28cyclicLateralInnerLoopUpdateEv
                0x0000274a      0x1a2 controller/PIDController.o
                0x0000274a                _ZN10helicopter10controller13PIDController28cyclicLateralInnerLoopUpdateEv
 .text._ZN10helicopter7drivers12SerialDriverD2Ev
                0x000028ec       0x3c drivers/SerialDriver.o
                0x000028ec                _ZN10helicopter7drivers12SerialDriverD1Ev
                0x000028ec                _ZN10helicopter7drivers12SerialDriverD2Ev
 .text._ZN10helicopter7drivers12SerialDriverD0Ev
                0x00002928       0x2a drivers/SerialDriver.o
                0x00002928                _ZN10helicopter7drivers12SerialDriverD0Ev
 .text._ZN10helicopter7drivers12SerialDriver10startTimerEv
                0x00002952       0x36 drivers/SerialDriver.o
                0x00002952                _ZN10helicopter7drivers12SerialDriver10startTimerEv
 .text._ZN10helicopter7drivers12SerialDriver9stopTimerEv
                0x00002988       0x36 drivers/SerialDriver.o
                0x00002988                _ZN10helicopter7drivers12SerialDriver9stopTimerEv
 .text._ZN10helicopter7drivers12SerialDriver4initEv
                0x000029be      0x1f2 drivers/SerialDriver.o
                0x000029be                _ZN10helicopter7drivers12SerialDriver4initEv
 .text._ZN10helicopter7drivers12SerialDriver8transmitEf
                0x00002bb0       0xfe drivers/SerialDriver.o
                0x00002bb0                _ZN10helicopter7drivers12SerialDriver8transmitEf
 .text._ZN10helicopter7drivers12SerialDriver8transmitEi
                0x00002cae       0x8e drivers/SerialDriver.o
                0x00002cae                _ZN10helicopter7drivers12SerialDriver8transmitEi
 .text._ZN10helicopter7drivers12SerialDriver8transmitEm
                0x00002d3c      0x114 drivers/SerialDriver.o
                0x00002d3c                _ZN10helicopter7drivers12SerialDriver8transmitEm
 .text._ZN10helicopter7drivers12SerialDriver8transmitEl
                0x00002e50      0x11c drivers/SerialDriver.o
                0x00002e50                _ZN10helicopter7drivers12SerialDriver8transmitEl
 .text._ZN10helicopter7drivers12SerialDriver8transmitEx
                0x00002f6c      0x2c2 drivers/SerialDriver.o
                0x00002f6c                _ZN10helicopter7drivers12SerialDriver8transmitEx
 .text._ZN10helicopter7drivers12SerialDriver8transmitEPKci
                0x0000322e       0x9a drivers/SerialDriver.o
                0x0000322e                _ZN10helicopter7drivers12SerialDriver8transmitEPKci
 .text._ZN10helicopter7drivers12SerialDriver8transmitEh
                0x000032c8      0x110 drivers/SerialDriver.o
                0x000032c8                _ZN10helicopter7drivers12SerialDriver8transmitEh
 .text._ZN10helicopter7drivers12SerialDriver7receiveERh
                0x000033d8      0x15a drivers/SerialDriver.o
                0x000033d8                _ZN10helicopter7drivers12SerialDriver7receiveERh
 .text._ZN10helicopter7drivers9SPIDriver4initEv
                0x00003532       0x6c drivers/SPIDriver.o
                0x00003532                _ZN10helicopter7drivers9SPIDriver4initEv
 .text._ZN10helicopter7drivers9SPIDriver16beginTransactionEv
                0x0000359e       0x58 drivers/SPIDriver.o
                0x0000359e                _ZN10helicopter7drivers9SPIDriver16beginTransactionEv
 .text._ZN10helicopter7drivers9SPIDriver14endTransactionEv
                0x000035f6       0x58 drivers/SPIDriver.o
                0x000035f6                _ZN10helicopter7drivers9SPIDriver14endTransactionEv
 .text._ZN10helicopter7drivers9SPIDriver7readIntEv
                0x0000364e       0x46 drivers/SPIDriver.o
                0x0000364e                _ZN10helicopter7drivers9SPIDriver7readIntEv
 .text._ZN10helicopter7drivers9SPIDriver8readUIntEv
                0x00003694       0x56 drivers/SPIDriver.o
                0x00003694                _ZN10helicopter7drivers9SPIDriver8readUIntEv
 .text._ZN10helicopter7drivers9SPIDriver8readByteEv
                0x000036ea       0x40 drivers/SPIDriver.o
                0x000036ea                _ZN10helicopter7drivers9SPIDriver8readByteEv
 .text._ZN10helicopter7drivers9SPIDriver5writeEh
                0x0000372a       0x3c drivers/SPIDriver.o
                0x0000372a                _ZN10helicopter7drivers9SPIDriver5writeEh
 .text._ZN10helicopter7drivers9SPIDriver16transactionWriteEh
                0x00003766       0x36 drivers/SPIDriver.o
                0x00003766                _ZN10helicopter7drivers9SPIDriver16transactionWriteEh
 .text._ZN10helicopter7drivers9SPIDriver16transactionWriteEhh
                0x0000379c       0x46 drivers/SPIDriver.o
                0x0000379c                _ZN10helicopter7drivers9SPIDriver16transactionWriteEhh
 .text._ZN10helicopter7drivers9TWIDriver5startEv
                0x000037e2       0x6c drivers/TWIDriver.o
                0x000037e2                _ZN10helicopter7drivers9TWIDriver5startEv
 .text._ZN10helicopter7drivers9TWIDriver4stopEv
                0x0000384e       0x24 drivers/TWIDriver.o
                0x0000384e                _ZN10helicopter7drivers9TWIDriver4stopEv
 .text._ZN10helicopter7drivers9TWIDriver5writeEhh
                0x00003872       0x80 drivers/TWIDriver.o
                0x00003872                _ZN10helicopter7drivers9TWIDriver5writeEhh
 .text._ZN10helicopter7drivers9TWIDriver8readByteEb
                0x000038f2       0x5e drivers/TWIDriver.o
                0x000038f2                _ZN10helicopter7drivers9TWIDriver8readByteEb
 .text._ZN10helicopter5tasks4TaskD2Ev
                0x00003950       0x3c HelicopterMain.o
                0x00003950                _ZN10helicopter5tasks4TaskD2Ev
                0x00003950                _ZN10helicopter5tasks4TaskD1Ev
 .text._ZN10helicopter5tasks4TaskD0Ev
                0x0000398c       0x2a HelicopterMain.o
                0x0000398c                _ZN10helicopter5tasks4TaskD0Ev
 .text._ZN10helicopter5tasks12FlashLEDTaskC2Eiii
                0x000039b6       0x6c HelicopterMain.o
                0x000039b6                _ZN10helicopter5tasks12FlashLEDTaskC2Eiii
                0x000039b6                _ZN10helicopter5tasks12FlashLEDTaskC1Eiii
 .text._ZN10helicopter5tasks12FlashLEDTask4initEv
                0x00003a22       0x48 HelicopterMain.o
                0x00003a22                _ZN10helicopter5tasks12FlashLEDTask4initEv
 .text._ZN10helicopter5tasks12FlashLEDTask11runTaskImplEv
                0x00003a6a       0x98 HelicopterMain.o
                0x00003a6a                _ZN10helicopter5tasks12FlashLEDTask11runTaskImplEv
 .text._ZN10helicopter9scheduler9Scheduler13hasBlownFrameEv
                0x00003b02       0x22 HelicopterMain.o
                0x00003b02                _ZN10helicopter9scheduler9Scheduler13hasBlownFrameEv
 .text._ZN10helicopter4util5TimerC2Em9PRESCALERm
                0x00003b24       0x80 HelicopterMain.o
                0x00003b24                _ZN10helicopter4util5TimerC2Em9PRESCALERm
                0x00003b24                _ZN10helicopter4util5TimerC1Em9PRESCALERm
 .text._ZN10helicopter7drivers12SerialDriverC2EmNS1_8UartPortEbPNS_4util5TimerE
                0x00003ba4       0x8c HelicopterMain.o
                0x00003ba4                _ZN10helicopter7drivers12SerialDriverC2EmNS1_8UartPortEbPNS_4util5TimerE
                0x00003ba4                _ZN10helicopter7drivers12SerialDriverC1EmNS1_8UartPortEbPNS_4util5TimerE
 .text._ZN10helicopter10interfaces29GroundControlStationInterfaceC2EPNS_7drivers12SerialDriverE
                0x00003c30       0x30 HelicopterMain.o
                0x00003c30                _ZN10helicopter10interfaces29GroundControlStationInterfaceC1EPNS_7drivers12SerialDriverE
                0x00003c30                _ZN10helicopter10interfaces29GroundControlStationInterfaceC2EPNS_7drivers12SerialDriverE
 .text._ZN10helicopter5model11SystemModelC2Ev
                0x00003c60      0x518 HelicopterMain.o
                0x00003c60                _ZN10helicopter5model11SystemModelC1Ev
                0x00003c60                _ZN10helicopter5model11SystemModelC2Ev
 .text._ZN10helicopter5model11SystemModel19ReferenceMagYawRadsEf
                0x00004178       0x40 HelicopterMain.o
                0x00004178                _ZN10helicopter5model11SystemModel19ReferenceMagYawRadsEf
 .text._ZN10helicopter5model11SystemModel33ReferenceYawVelocityRadsPerSecondEf
                0x000041b8       0x40 HelicopterMain.o
                0x000041b8                _ZN10helicopter5model11SystemModel33ReferenceYawVelocityRadsPerSecondEf
 .text._ZN10helicopter5model11SystemModel25ReferenceXNEDLocalFrameCmEf
                0x000041f8       0x40 HelicopterMain.o
                0x000041f8                _ZN10helicopter5model11SystemModel25ReferenceXNEDLocalFrameCmEf
 .text._ZN10helicopter5model11SystemModel21ReferenceXVelocityCmsEf
                0x00004238       0x40 HelicopterMain.o
                0x00004238                _ZN10helicopter5model11SystemModel21ReferenceXVelocityCmsEf
 .text._ZN10helicopter5model11SystemModel25ReferenceYNEDLocalFrameCmEf
                0x00004278       0x46 HelicopterMain.o
                0x00004278                _ZN10helicopter5model11SystemModel25ReferenceYNEDLocalFrameCmEf
 .text._ZN10helicopter5model11SystemModel21ReferenceYVelocityCmsEf
                0x000042be       0x46 HelicopterMain.o
                0x000042be                _ZN10helicopter5model11SystemModel21ReferenceYVelocityCmsEf
 .text._ZN10helicopter5model11SystemModel25ReferenceZNEDLocalFrameCmEf
                0x00004304       0x46 HelicopterMain.o
                0x00004304                _ZN10helicopter5model11SystemModel25ReferenceZNEDLocalFrameCmEf
 .text._ZN10helicopter5model11SystemModel21ReferenceZVelocityCmsEf
                0x0000434a       0x46 HelicopterMain.o
                0x0000434a                _ZN10helicopter5model11SystemModel21ReferenceZVelocityCmsEf
 .text._ZNK10helicopter5model11SystemModel15LatitudeDegreesEv
                0x00004390       0x30 HelicopterMain.o
                0x00004390                _ZNK10helicopter5model11SystemModel15LatitudeDegreesEv
 .text._ZNK10helicopter5model11SystemModel16LongitudeDegreesEv
                0x000043c0       0x30 HelicopterMain.o
                0x000043c0                _ZNK10helicopter5model11SystemModel16LongitudeDegreesEv
 .text._ZN10helicopter5model11SystemModel20InitialXPositionEcefEl
                0x000043f0       0x4c HelicopterMain.o
                0x000043f0                _ZN10helicopter5model11SystemModel20InitialXPositionEcefEl
 .text._ZN10helicopter5model11SystemModel20InitialYPositionEcefEl
                0x0000443c       0x4c HelicopterMain.o
                0x0000443c                _ZN10helicopter5model11SystemModel20InitialYPositionEcefEl
 .text._ZN10helicopter5model11SystemModel20InitialZPositionEcefEl
                0x00004488       0x4c HelicopterMain.o
                0x00004488                _ZN10helicopter5model11SystemModel20InitialZPositionEcefEl
 .text._ZN10helicopter5model11SystemModel16OperationalStateENS1_14OperatingStateE
                0x000044d4       0x26 HelicopterMain.o
                0x000044d4                _ZN10helicopter5model11SystemModel16OperationalStateENS1_14OperatingStateE
 .text._ZNK10helicopter5model11SystemModel7XEcefCmEv
                0x000044fa       0x30 HelicopterMain.o
                0x000044fa                _ZNK10helicopter5model11SystemModel7XEcefCmEv
 .text._ZNK10helicopter5model11SystemModel7YEcefCmEv
                0x0000452a       0x30 HelicopterMain.o
                0x0000452a                _ZNK10helicopter5model11SystemModel7YEcefCmEv
 .text._ZNK10helicopter5model11SystemModel7ZEcefCmEv
                0x0000455a       0x30 HelicopterMain.o
                0x0000455a                _ZNK10helicopter5model11SystemModel7ZEcefCmEv
 .text._ZNK10helicopter5model11SystemModel17PressureMillibarsEv
                0x0000458a       0x30 HelicopterMain.o
                0x0000458a                _ZNK10helicopter5model11SystemModel17PressureMillibarsEv
 .text._ZN10helicopter5model11SystemModel17InitialAltitudeCmEf
                0x000045ba       0x46 HelicopterMain.o
                0x000045ba                _ZN10helicopter5model11SystemModel17InitialAltitudeCmEf
 .text._ZN10helicopter10controller13PIDController16setXIntegralGainEf
                0x00004600       0x40 HelicopterMain.o
                0x00004600                _ZN10helicopter10controller13PIDController16setXIntegralGainEf
 .text._ZN10helicopter10controller13PIDController18setXDerivativeGainEf
                0x00004640       0x40 HelicopterMain.o
                0x00004640                _ZN10helicopter10controller13PIDController18setXDerivativeGainEf
 .text._ZN10helicopter10controller13PIDController20setXProportionalGainEf
                0x00004680       0x40 HelicopterMain.o
                0x00004680                _ZN10helicopter10controller13PIDController20setXProportionalGainEf
 .text._ZN10helicopter10controller13PIDController18setXAntiWindupGainEf
                0x000046c0       0x40 HelicopterMain.o
                0x000046c0                _ZN10helicopter10controller13PIDController18setXAntiWindupGainEf
 .text._ZN10helicopter10controller13PIDController25setLongitudeInnerLoopGainEf
                0x00004700       0x40 HelicopterMain.o
                0x00004700                _ZN10helicopter10controller13PIDController25setLongitudeInnerLoopGainEf
 .text._ZN10helicopter10controller13PIDController27setPitchAngularVelocityGainEf
                0x00004740       0x40 HelicopterMain.o
                0x00004740                _ZN10helicopter10controller13PIDController27setPitchAngularVelocityGainEf
 .text._ZN10helicopter10controller13PIDController32setMinLongitudeServoControlValueEf
                0x00004780       0x46 HelicopterMain.o
                0x00004780                _ZN10helicopter10controller13PIDController32setMinLongitudeServoControlValueEf
 .text._ZN10helicopter10controller13PIDController32setMaxLongitudeServoControlValueEf
                0x000047c6       0x46 HelicopterMain.o
                0x000047c6                _ZN10helicopter10controller13PIDController32setMaxLongitudeServoControlValueEf
 .text._ZN10helicopter10controller13PIDController16setYIntegralGainEf
                0x0000480c       0x40 HelicopterMain.o
                0x0000480c                _ZN10helicopter10controller13PIDController16setYIntegralGainEf
 .text._ZN10helicopter10controller13PIDController18setYDerivativeGainEf
                0x0000484c       0x40 HelicopterMain.o
                0x0000484c                _ZN10helicopter10controller13PIDController18setYDerivativeGainEf
 .text._ZN10helicopter10controller13PIDController20setYProportionalGainEf
                0x0000488c       0x40 HelicopterMain.o
                0x0000488c                _ZN10helicopter10controller13PIDController20setYProportionalGainEf
 .text._ZN10helicopter10controller13PIDController18setYAntiWindupGainEf
                0x000048cc       0x40 HelicopterMain.o
                0x000048cc                _ZN10helicopter10controller13PIDController18setYAntiWindupGainEf
 .text._ZN10helicopter10controller13PIDController23setLateralInnerLoopGainEf
                0x0000490c       0x40 HelicopterMain.o
                0x0000490c                _ZN10helicopter10controller13PIDController23setLateralInnerLoopGainEf
 .text._ZN10helicopter10controller13PIDController26setRollAngularVelocityGainEf
                0x0000494c       0x46 HelicopterMain.o
                0x0000494c                _ZN10helicopter10controller13PIDController26setRollAngularVelocityGainEf
 .text._ZN10helicopter10controller13PIDController30setMinLateralServoControlValueEf
                0x00004992       0x46 HelicopterMain.o
                0x00004992                _ZN10helicopter10controller13PIDController30setMinLateralServoControlValueEf
 .text._ZN10helicopter10controller13PIDController30setMaxLateralServoControlValueEf
                0x000049d8       0x46 HelicopterMain.o
                0x000049d8                _ZN10helicopter10controller13PIDController30setMaxLateralServoControlValueEf
 .text._ZN10helicopter10controller13PIDController32setMinMainRotorServoControlValueEf
                0x00004a1e       0x46 HelicopterMain.o
                0x00004a1e                _ZN10helicopter10controller13PIDController32setMinMainRotorServoControlValueEf
 .text._ZN10helicopter10controller13PIDController32setMaxMainRotorServoControlValueEf
                0x00004a64       0x46 HelicopterMain.o
                0x00004a64                _ZN10helicopter10controller13PIDController32setMaxMainRotorServoControlValueEf
 .text._ZN10helicopter10controller13PIDController22setMaxRollSetpointRadsEf
                0x00004aaa       0x46 HelicopterMain.o
                0x00004aaa                _ZN10helicopter10controller13PIDController22setMaxRollSetpointRadsEf
 .text._ZN10helicopter10controller13PIDController22setMinRollSetpointRadsEf
                0x00004af0       0x46 HelicopterMain.o
                0x00004af0                _ZN10helicopter10controller13PIDController22setMinRollSetpointRadsEf
 .text._ZN10helicopter10controller13PIDController23setMaxPitchSetpointRadsEf
                0x00004b36       0x46 HelicopterMain.o
                0x00004b36                _ZN10helicopter10controller13PIDController23setMaxPitchSetpointRadsEf
 .text._ZN10helicopter10controller13PIDController23setMinPitchSetpointRadsEf
                0x00004b7c       0x46 HelicopterMain.o
                0x00004b7c                _ZN10helicopter10controller13PIDController23setMinPitchSetpointRadsEf
 .text._ZN10helicopter10controller13PIDController22setYawProportionalGainEf
                0x00004bc2       0x40 HelicopterMain.o
                0x00004bc2                _ZN10helicopter10controller13PIDController22setYawProportionalGainEf
 .text._ZN10helicopter10controller13PIDController18setYawIntegralGainEf
                0x00004c02       0x40 HelicopterMain.o
                0x00004c02                _ZN10helicopter10controller13PIDController18setYawIntegralGainEf
 .text._ZN10helicopter10controller13PIDController20setYawDerivativeGainEf
                0x00004c42       0x40 HelicopterMain.o
                0x00004c42                _ZN10helicopter10controller13PIDController20setYawDerivativeGainEf
 .text._ZN10helicopter10controller13PIDController21setIntervalPeriodSecsEf
                0x00004c82       0x46 HelicopterMain.o
                0x00004c82                _ZN10helicopter10controller13PIDController21setIntervalPeriodSecsEf
 .text._ZN10helicopter10controller13PIDController20setYawAntiWindupGainEf
                0x00004cc8       0x40 HelicopterMain.o
                0x00004cc8                _ZN10helicopter10controller13PIDController20setYawAntiWindupGainEf
 .text._ZN10helicopter10controller13PIDController21setMinYawServoControlEf
                0x00004d08       0x46 HelicopterMain.o
                0x00004d08                _ZN10helicopter10controller13PIDController21setMinYawServoControlEf
 .text._ZN10helicopter10controller13PIDController21setMaxYawServoControlEf
                0x00004d4e       0x46 HelicopterMain.o
                0x00004d4e                _ZN10helicopter10controller13PIDController21setMaxYawServoControlEf
 .text._ZN10helicopter10controller13PIDController18setControlMaxValueEf
                0x00004d94       0x46 HelicopterMain.o
                0x00004d94                _ZN10helicopter10controller13PIDController18setControlMaxValueEf
 .text._ZN10helicopter10controller13PIDController18setControlMinValueEf
                0x00004dda       0x46 HelicopterMain.o
                0x00004dda                _ZN10helicopter10controller13PIDController18setControlMinValueEf
 .text._ZN10helicopter10interfaces24RadioControllerInterface14SetSystemModelEPNS_5model11SystemModelE
                0x00004e20       0x30 HelicopterMain.o
                0x00004e20                _ZN10helicopter10interfaces24RadioControllerInterface14SetSystemModelEPNS_5model11SystemModelE
 .text._ZN10helicopter7drivers9SPIDriverC2ENS1_17SLAVE_SELECT_LINEE
                0x00004e50       0x26 HelicopterMain.o
                0x00004e50                _ZN10helicopter7drivers9SPIDriverC1ENS1_17SLAVE_SELECT_LINEE
                0x00004e50                _ZN10helicopter7drivers9SPIDriverC2ENS1_17SLAVE_SELECT_LINEE
 .text._ZN10helicopter7sensors9IMUSensorC2EPNS_7drivers9SPIDriverE
                0x00004e76      0x116 HelicopterMain.o
                0x00004e76                _ZN10helicopter7sensors9IMUSensorC1EPNS_7drivers9SPIDriverE
                0x00004e76                _ZN10helicopter7sensors9IMUSensorC2EPNS_7drivers9SPIDriverE
 .text._ZN10helicopter10navigation4AHRSC2Ef
                0x00004f8c      0x1d2 HelicopterMain.o
                0x00004f8c                _ZN10helicopter10navigation4AHRSC2Ef
                0x00004f8c                _ZN10helicopter10navigation4AHRSC1Ef
 .text._ZN10helicopter7sensors9GPSSensorC2EPNS_7drivers12SerialDriverE
                0x0000515e       0xc6 HelicopterMain.o
                0x0000515e                _ZN10helicopter7sensors9GPSSensorC2EPNS_7drivers12SerialDriverE
                0x0000515e                _ZN10helicopter7sensors9GPSSensorC1EPNS_7drivers12SerialDriverE
 .text._ZN10helicopter7sensors15BarometerSensorC2EPNS_7drivers9SPIDriverE
                0x00005224      0x142 HelicopterMain.o
                0x00005224                _ZN10helicopter7sensors15BarometerSensorC2EPNS_7drivers9SPIDriverE
                0x00005224                _ZN10helicopter7sensors15BarometerSensorC1EPNS_7drivers9SPIDriverE
 .text._Z33setupDefaultsandReferencePositionPN10helicopter5model11SystemModelEPNS_10controller13PIDControllerE
                0x00005366      0x27a HelicopterMain.o
                0x00005366                _Z33setupDefaultsandReferencePositionPN10helicopter5model11SystemModelEPNS_10controller13PIDControllerE
 .text.main     0x000055e0      0x7c2 HelicopterMain.o
                0x000055e0                main
 .text._ZN10helicopter5tasks12FlashLEDTaskD2Ev
                0x00005da2       0x44 HelicopterMain.o
                0x00005da2                _ZN10helicopter5tasks12FlashLEDTaskD1Ev
                0x00005da2                _ZN10helicopter5tasks12FlashLEDTaskD2Ev
 .text._ZN10helicopter5tasks12FlashLEDTaskD0Ev
                0x00005de6       0x2a HelicopterMain.o
                0x00005de6                _ZN10helicopter5tasks12FlashLEDTaskD0Ev
 .text._ZN10helicopter10interfaces29GroundControlStationInterface17calculateChecksumEPhiRhS3_
                0x00005e10       0xaa interfaces/GroundControlStationInterface.o
                0x00005e10                _ZN10helicopter10interfaces29GroundControlStationInterface17calculateChecksumEPhiRhS3_
 .text._ZN10helicopter10interfaces29GroundControlStationInterface8transmitEPNS_8messages7MessageE
                0x00005eba      0x1e8 interfaces/GroundControlStationInterface.o
                0x00005eba                _ZN10helicopter10interfaces29GroundControlStationInterface8transmitEPNS_8messages7MessageE
 .text._ZN10helicopter10interfaces29GroundControlStationInterface7receiveERPNS_8messages7MessageE
                0x000060a2      0x2ec interfaces/GroundControlStationInterface.o
                0x000060a2                _ZN10helicopter10interfaces29GroundControlStationInterface7receiveERPNS_8messages7MessageE
 .text._ZN10helicopter10interfaces24RadioControllerInterfaceC2Ev
                0x0000638e       0x4e interfaces/RadioControllerInterface.o
                0x0000638e                _ZN10helicopter10interfaces24RadioControllerInterfaceC2Ev
                0x0000638e                _ZN10helicopter10interfaces24RadioControllerInterfaceC1Ev
 .text._ZNK10helicopter10interfaces24RadioControllerInterface33PreviousInputCaptureRegisterValueEv
                0x000063dc       0x2c interfaces/RadioControllerInterface.o
                0x000063dc                _ZNK10helicopter10interfaces24RadioControllerInterface33PreviousInputCaptureRegisterValueEv
 .text._ZN10helicopter10interfaces24RadioControllerInterface33PreviousInputCaptureRegisterValueEl
                0x00006408       0x40 interfaces/RadioControllerInterface.o
                0x00006408                _ZN10helicopter10interfaces24RadioControllerInterface33PreviousInputCaptureRegisterValueEl
 .text._ZNK10helicopter10interfaces24RadioControllerInterface17ServoChannelIndexEv
                0x00006448       0x24 interfaces/RadioControllerInterface.o
                0x00006448                _ZNK10helicopter10interfaces24RadioControllerInterface17ServoChannelIndexEv
 .text._ZN10helicopter10interfaces24RadioControllerInterface17ServoChannelIndexEi
                0x0000646c       0x30 interfaces/RadioControllerInterface.o
                0x0000646c                _ZN10helicopter10interfaces24RadioControllerInterface17ServoChannelIndexEi
 .text._ZNK10helicopter10interfaces24RadioControllerInterface14GetSystemModelEv
                0x0000649c       0x24 interfaces/RadioControllerInterface.o
                0x0000649c                _ZNK10helicopter10interfaces24RadioControllerInterface14GetSystemModelEv
 .text._ZN10helicopter10interfaces24RadioControllerInterface20SetServoChannelValueEif
                0x000064c0       0x68 interfaces/RadioControllerInterface.o
                0x000064c0                _ZN10helicopter10interfaces24RadioControllerInterface20SetServoChannelValueEif
 .text._ZNK10helicopter10interfaces24RadioControllerInterface20GetServoChannelValueEi
                0x00006528       0x58 interfaces/RadioControllerInterface.o
                0x00006528                _ZNK10helicopter10interfaces24RadioControllerInterface20GetServoChannelValueEi
 .text._Z10ScaleValuei
                0x00006580       0xdc interfaces/RadioControllerInterface.o
                0x00006580                _Z10ScaleValuei
 .text.__vector_46
                0x0000665c      0x2ee interfaces/RadioControllerInterface.o
                0x0000665c                __vector_46
 .text._ZN10helicopter10interfaces24RadioControllerInterface27getRadioControllerInterfaceEv
                0x0000694a       0x42 interfaces/RadioControllerInterface.o
                0x0000694a                _ZN10helicopter10interfaces24RadioControllerInterface27getRadioControllerInterfaceEv
 .text._ZN10helicopter10interfaces24RadioControllerInterface4initEv
                0x0000698c       0x74 interfaces/RadioControllerInterface.o
                0x0000698c                _ZN10helicopter10interfaces24RadioControllerInterface4initEv
 .text._ZN10helicopter10interfaces24RadioControllerInterface5startEv
                0x00006a00       0x2c interfaces/RadioControllerInterface.o
                0x00006a00                _ZN10helicopter10interfaces24RadioControllerInterface5startEv
 .text._ZN10helicopter8messages7MessageD2Ev
                0x00006a2c       0x3c messages/Message.o
                0x00006a2c                _ZN10helicopter8messages7MessageD1Ev
                0x00006a2c                _ZN10helicopter8messages7MessageD2Ev
 .text._ZN10helicopter8messages7MessageD0Ev
                0x00006a68       0x2a messages/Message.o
                0x00006a68                _ZN10helicopter8messages7MessageD0Ev
 .text._ZN10helicopter8messages7Message14getMessageSizeEv
                0x00006a92       0x24 messages/Message.o
                0x00006a92                _ZN10helicopter8messages7Message14getMessageSizeEv
 .text._ZN10helicopter8messages7Message8getBytesEv
                0x00006ab6       0x1e messages/Message.o
                0x00006ab6                _ZN10helicopter8messages7Message8getBytesEv
 .text._ZN10helicopter8messages7Message12buildMessageEPh
                0x00006ad4       0x22 messages/Message.o
                0x00006ad4                _ZN10helicopter8messages7Message12buildMessageEPh
 .text._ZN10helicopter8messages7MessageC2Ehi
                0x00006af6       0x4e messages/SyncMessage.o
                0x00006af6                _ZN10helicopter8messages7MessageC1Ehi
                0x00006af6                _ZN10helicopter8messages7MessageC2Ehi
 .text._ZN10helicopter8messages11SyncMessageC2Ev
                0x00006b44       0x36 messages/SyncMessage.o
                0x00006b44                _ZN10helicopter8messages11SyncMessageC1Ev
                0x00006b44                _ZN10helicopter8messages11SyncMessageC2Ev
 .text._ZN10helicopter8messages11SyncMessageD2Ev
                0x00006b7a       0x44 messages/SyncMessage.o
                0x00006b7a                _ZN10helicopter8messages11SyncMessageD2Ev
                0x00006b7a                _ZN10helicopter8messages11SyncMessageD1Ev
 .text._ZN10helicopter8messages11SyncMessageD0Ev
                0x00006bbe       0x2a messages/SyncMessage.o
                0x00006bbe                _ZN10helicopter8messages11SyncMessageD0Ev
 .text._ZN10helicopter8messages11SyncMessage8getBytesEv
                0x00006be8       0x4a messages/SyncMessage.o
                0x00006be8                _ZN10helicopter8messages11SyncMessage8getBytesEv
 .text._ZN10helicopter8messages11SyncMessage12buildMessageEPh
                0x00006c32       0x3a messages/SyncMessage.o
                0x00006c32                _ZN10helicopter8messages11SyncMessage12buildMessageEPh
 .text._ZN10helicopter8messages7Message6encodeERPhRl
                0x00006c6c       0x5c messages/SystemTelemetryMessage.o
                0x00006c6c                _ZN10helicopter8messages7Message6encodeERPhRl
 .text._ZN10helicopter8messages7Message6encodeERPhRf
                0x00006cc8       0x5c messages/SystemTelemetryMessage.o
                0x00006cc8                _ZN10helicopter8messages7Message6encodeERPhRf
 .text._ZN10helicopter8messages7Message6encodeERPhRh
                0x00006d24       0x5a messages/SystemTelemetryMessage.o
                0x00006d24                _ZN10helicopter8messages7Message6encodeERPhRh
 .text._ZN10helicopter8messages7Message6decodeERPhRh
                0x00006d7e       0x5a messages/SystemTelemetryMessage.o
                0x00006d7e                _ZN10helicopter8messages7Message6decodeERPhRh
 .text._ZN10helicopter8messages7Message6decodeERPhRl
                0x00006dd8       0x5c messages/SystemTelemetryMessage.o
                0x00006dd8                _ZN10helicopter8messages7Message6decodeERPhRl
 .text._ZN10helicopter8messages7Message6decodeERPhRf
                0x00006e34       0x5c messages/SystemTelemetryMessage.o
                0x00006e34                _ZN10helicopter8messages7Message6decodeERPhRf
 .text._ZNK10helicopter5model11SystemModel15YawProportionalEv
                0x00006e90       0x2c messages/SystemTelemetryMessage.o
                0x00006e90                _ZNK10helicopter5model11SystemModel15YawProportionalEv
 .text._ZNK10helicopter5model11SystemModel18YawDerivativeErrorEv
                0x00006ebc       0x2c messages/SystemTelemetryMessage.o
                0x00006ebc                _ZNK10helicopter5model11SystemModel18YawDerivativeErrorEv
 .text._ZNK10helicopter5model11SystemModel13XProportionalEv
                0x00006ee8       0x2c messages/SystemTelemetryMessage.o
                0x00006ee8                _ZNK10helicopter5model11SystemModel13XProportionalEv
 .text._ZNK10helicopter5model11SystemModel16XDerivativeErrorEv
                0x00006f14       0x30 messages/SystemTelemetryMessage.o
                0x00006f14                _ZNK10helicopter5model11SystemModel16XDerivativeErrorEv
 .text._ZNK10helicopter5model11SystemModel13YProportionalEv
                0x00006f44       0x30 messages/SystemTelemetryMessage.o
                0x00006f44                _ZNK10helicopter5model11SystemModel13YProportionalEv
 .text._ZNK10helicopter5model11SystemModel16YDerivativeErrorEv
                0x00006f74       0x30 messages/SystemTelemetryMessage.o
                0x00006f74                _ZNK10helicopter5model11SystemModel16YDerivativeErrorEv
 .text._ZNK10helicopter5model11SystemModel13ZProportionalEv
                0x00006fa4       0x30 messages/SystemTelemetryMessage.o
                0x00006fa4                _ZNK10helicopter5model11SystemModel13ZProportionalEv
 .text._ZNK10helicopter5model11SystemModel16ZDerivativeErrorEv
                0x00006fd4       0x30 messages/SystemTelemetryMessage.o
                0x00006fd4                _ZNK10helicopter5model11SystemModel16ZDerivativeErrorEv
 .text._ZN10helicopter5model11SystemModel15LatitudeDegreesEf
                0x00007004       0x46 messages/SystemTelemetryMessage.o
                0x00007004                _ZN10helicopter5model11SystemModel15LatitudeDegreesEf
 .text._ZN10helicopter5model11SystemModel16LongitudeDegreesEf
                0x0000704a       0x46 messages/SystemTelemetryMessage.o
                0x0000704a                _ZN10helicopter5model11SystemModel16LongitudeDegreesEf
 .text._ZNK10helicopter5model11SystemModel8TimeoutsEv
                0x00007090       0x30 messages/SystemTelemetryMessage.o
                0x00007090                _ZNK10helicopter5model11SystemModel8TimeoutsEv
 .text._ZN10helicopter5model11SystemModel8TimeoutsEl
                0x000070c0       0x46 messages/SystemTelemetryMessage.o
                0x000070c0                _ZN10helicopter5model11SystemModel8TimeoutsEl
 .text._ZNK10helicopter5model11SystemModel20UnrecognizedMsgTypesEv
                0x00007106       0x30 messages/SystemTelemetryMessage.o
                0x00007106                _ZNK10helicopter5model11SystemModel20UnrecognizedMsgTypesEv
 .text._ZN10helicopter5model11SystemModel20UnrecognizedMsgTypesEl
                0x00007136       0x46 messages/SystemTelemetryMessage.o
                0x00007136                _ZN10helicopter5model11SystemModel20UnrecognizedMsgTypesEl
 .text._ZNK10helicopter5model11SystemModel14ChecksumErrorsEv
                0x0000717c       0x30 messages/SystemTelemetryMessage.o
                0x0000717c                _ZNK10helicopter5model11SystemModel14ChecksumErrorsEv
 .text._ZN10helicopter5model11SystemModel14ChecksumErrorsEl
                0x000071ac       0x46 messages/SystemTelemetryMessage.o
                0x000071ac                _ZN10helicopter5model11SystemModel14ChecksumErrorsEl
 .text._ZNK10helicopter5model11SystemModel33SerialCommunicationBufferOverrunsEv
                0x000071f2       0x30 messages/SystemTelemetryMessage.o
                0x000071f2                _ZNK10helicopter5model11SystemModel33SerialCommunicationBufferOverrunsEv
 .text._ZN10helicopter5model11SystemModel31YawAngularVelocityRadsPerSecondEf
                0x00007222       0x46 messages/SystemTelemetryMessage.o
                0x00007222                _ZN10helicopter5model11SystemModel31YawAngularVelocityRadsPerSecondEf
 .text._ZN10helicopter5model11SystemModel33PitchAngularVelocityRadsPerSecondEf
                0x00007268       0x46 messages/SystemTelemetryMessage.o
                0x00007268                _ZN10helicopter5model11SystemModel33PitchAngularVelocityRadsPerSecondEf
 .text._ZN10helicopter5model11SystemModel32RollAngularVelocityRadsPerSecondEf
                0x000072ae       0x46 messages/SystemTelemetryMessage.o
                0x000072ae                _ZN10helicopter5model11SystemModel32RollAngularVelocityRadsPerSecondEf
 .text._ZNK10helicopter5model11SystemModel12XAccelFrdMssEv
                0x000072f4       0x30 messages/SystemTelemetryMessage.o
                0x000072f4                _ZNK10helicopter5model11SystemModel12XAccelFrdMssEv
 .text._ZN10helicopter5model11SystemModel12XAccelFrdMssEf
                0x00007324       0x46 messages/SystemTelemetryMessage.o
                0x00007324                _ZN10helicopter5model11SystemModel12XAccelFrdMssEf
 .text._ZNK10helicopter5model11SystemModel12YAccelFrdMssEv
                0x0000736a       0x30 messages/SystemTelemetryMessage.o
                0x0000736a                _ZNK10helicopter5model11SystemModel12YAccelFrdMssEv
 .text._ZN10helicopter5model11SystemModel12YAccelFrdMssEf
                0x0000739a       0x46 messages/SystemTelemetryMessage.o
                0x0000739a                _ZN10helicopter5model11SystemModel12YAccelFrdMssEf
 .text._ZNK10helicopter5model11SystemModel12ZAccelFrdMssEv
                0x000073e0       0x30 messages/SystemTelemetryMessage.o
                0x000073e0                _ZNK10helicopter5model11SystemModel12ZAccelFrdMssEv
 .text._ZN10helicopter5model11SystemModel12ZAccelFrdMssEf
                0x00007410       0x46 messages/SystemTelemetryMessage.o
                0x00007410                _ZN10helicopter5model11SystemModel12ZAccelFrdMssEf
 .text._ZNK10helicopter5model11SystemModel7XMagFrdEv
                0x00007456       0x30 messages/SystemTelemetryMessage.o
                0x00007456                _ZNK10helicopter5model11SystemModel7XMagFrdEv
 .text._ZN10helicopter5model11SystemModel7XMagFrdEf
                0x00007486       0x46 messages/SystemTelemetryMessage.o
                0x00007486                _ZN10helicopter5model11SystemModel7XMagFrdEf
 .text._ZNK10helicopter5model11SystemModel7YMagFrdEv
                0x000074cc       0x30 messages/SystemTelemetryMessage.o
                0x000074cc                _ZNK10helicopter5model11SystemModel7YMagFrdEv
 .text._ZN10helicopter5model11SystemModel7YMagFrdEf
                0x000074fc       0x46 messages/SystemTelemetryMessage.o
                0x000074fc                _ZN10helicopter5model11SystemModel7YMagFrdEf
 .text._ZNK10helicopter5model11SystemModel7ZMagFrdEv
                0x00007542       0x30 messages/SystemTelemetryMessage.o
                0x00007542                _ZNK10helicopter5model11SystemModel7ZMagFrdEv
 .text._ZN10helicopter5model11SystemModel7ZMagFrdEf
                0x00007572       0x46 messages/SystemTelemetryMessage.o
                0x00007572                _ZN10helicopter5model11SystemModel7ZMagFrdEf
 .text._ZN10helicopter5model11SystemModel7XEcefCmEl
                0x000075b8       0x46 messages/SystemTelemetryMessage.o
                0x000075b8                _ZN10helicopter5model11SystemModel7XEcefCmEl
 .text._ZN10helicopter5model11SystemModel7YEcefCmEl
                0x000075fe       0x46 messages/SystemTelemetryMessage.o
                0x000075fe                _ZN10helicopter5model11SystemModel7YEcefCmEl
 .text._ZN10helicopter5model11SystemModel7ZEcefCmEl
                0x00007644       0x46 messages/SystemTelemetryMessage.o
                0x00007644                _ZN10helicopter5model11SystemModel7ZEcefCmEl
 .text._ZNK10helicopter5model11SystemModel9XVEcefCmsEv
                0x0000768a       0x30 messages/SystemTelemetryMessage.o
                0x0000768a                _ZNK10helicopter5model11SystemModel9XVEcefCmsEv
 .text._ZN10helicopter5model11SystemModel9XVEcefCmsEl
                0x000076ba       0x46 messages/SystemTelemetryMessage.o
                0x000076ba                _ZN10helicopter5model11SystemModel9XVEcefCmsEl
 .text._ZNK10helicopter5model11SystemModel9YVEcefCmsEv
                0x00007700       0x30 messages/SystemTelemetryMessage.o
                0x00007700                _ZNK10helicopter5model11SystemModel9YVEcefCmsEv
 .text._ZN10helicopter5model11SystemModel9YVEcefCmsEl
                0x00007730       0x46 messages/SystemTelemetryMessage.o
                0x00007730                _ZN10helicopter5model11SystemModel9YVEcefCmsEl
 .text._ZNK10helicopter5model11SystemModel9ZVEcefCmsEv
                0x00007776       0x30 messages/SystemTelemetryMessage.o
                0x00007776                _ZNK10helicopter5model11SystemModel9ZVEcefCmsEv
 .text._ZN10helicopter5model11SystemModel9ZVEcefCmsEl
                0x000077a6       0x46 messages/SystemTelemetryMessage.o
                0x000077a6                _ZN10helicopter5model11SystemModel9ZVEcefCmsEl
 .text._ZN10helicopter5model11SystemModel17PressureMillibarsEf
                0x000077ec       0x46 messages/SystemTelemetryMessage.o
                0x000077ec                _ZN10helicopter5model11SystemModel17PressureMillibarsEf
 .text._ZN10helicopter8messages22SystemTelemetryMessageC2Ev
                0x00007832      0x4fa messages/SystemTelemetryMessage.o
                0x00007832                _ZN10helicopter8messages22SystemTelemetryMessageC2Ev
                0x00007832                _ZN10helicopter8messages22SystemTelemetryMessageC1Ev
 .text._ZN10helicopter8messages22SystemTelemetryMessageD2Ev
                0x00007d2c       0x44 messages/SystemTelemetryMessage.o
                0x00007d2c                _ZN10helicopter8messages22SystemTelemetryMessageD2Ev
                0x00007d2c                _ZN10helicopter8messages22SystemTelemetryMessageD1Ev
 .text._ZN10helicopter8messages22SystemTelemetryMessageD0Ev
                0x00007d70       0x2a messages/SystemTelemetryMessage.o
                0x00007d70                _ZN10helicopter8messages22SystemTelemetryMessageD0Ev
 .text._ZN10helicopter8messages22SystemTelemetryMessage8getBytesEv
                0x00007d9a      0x78a messages/SystemTelemetryMessage.o
                0x00007d9a                _ZN10helicopter8messages22SystemTelemetryMessage8getBytesEv
 .text._ZN10helicopter8messages22SystemTelemetryMessage12buildMessageEPh
                0x00008524      0x77c messages/SystemTelemetryMessage.o
                0x00008524                _ZN10helicopter8messages22SystemTelemetryMessage12buildMessageEPh
 .text._ZN10helicopter8messages22SystemTelemetryMessage14buildMessageStEPh
                0x00008ca0       0x5e messages/SystemTelemetryMessage.o
                0x00008ca0                _ZN10helicopter8messages22SystemTelemetryMessage14buildMessageStEPh
 .text._ZN10helicopter8messages22SystemTelemetryMessage21buildMessageFromModelEPNS_5model11SystemModelE
                0x00008cfe      0x62e messages/SystemTelemetryMessage.o
                0x00008cfe                _ZN10helicopter8messages22SystemTelemetryMessage21buildMessageFromModelEPNS_5model11SystemModelE
 .text._ZN10helicopter8messages22SystemTelemetryMessage35updateModelFromMessageFromSimulatorEPNS_5model11SystemModelE
                0x0000932c      0x262 messages/SystemTelemetryMessage.o
                0x0000932c                _ZN10helicopter8messages22SystemTelemetryMessage35updateModelFromMessageFromSimulatorEPNS_5model11SystemModelE
 .text._ZN10helicopter10navigation4AHRS14scaleAndAdjustEPfS2_fRA3_f
                0x0000958e      0x148 navigation/AHRS.o
                0x0000958e                _ZN10helicopter10navigation4AHRS14scaleAndAdjustEPfS2_fRA3_f
 .text._ZN10helicopter10navigation4AHRS17orthonormalizeDcmEv
                0x000096d6      0x128 navigation/AHRS.o
                0x000096d6                _ZN10helicopter10navigation4AHRS17orthonormalizeDcmEv
 .text._ZN10helicopter10navigation4AHRS6updateEfffffffff
                0x000097fe      0x81a navigation/AHRS.o
                0x000097fe                _ZN10helicopter10navigation4AHRS6updateEfffffffff
 .text._ZN10helicopter10navigation4AHRS10getYawRadsEv
                0x0000a018       0x2c navigation/AHRS.o
                0x0000a018                _ZN10helicopter10navigation4AHRS10getYawRadsEv
 .text._ZN10helicopter10navigation4AHRS12getPitchRadsEv
                0x0000a044       0x2c navigation/AHRS.o
                0x0000a044                _ZN10helicopter10navigation4AHRS12getPitchRadsEv
 .text._ZN10helicopter10navigation4AHRS11getRollRadsEv
                0x0000a070       0x2c navigation/AHRS.o
                0x0000a070                _ZN10helicopter10navigation4AHRS11getRollRadsEv
 .text._ZN10helicopter5tasks4Task8getDelayEv
                0x0000a09c       0x24 scheduler/Scheduler.o
                0x0000a09c                _ZN10helicopter5tasks4Task8getDelayEv
 .text._ZN10helicopter5tasks4Task9getPeriodEv
                0x0000a0c0       0x24 scheduler/Scheduler.o
                0x0000a0c0                _ZN10helicopter5tasks4Task9getPeriodEv
 .text._ZN10helicopter5tasks4Task8setDelayEi
                0x0000a0e4       0x30 scheduler/Scheduler.o
                0x0000a0e4                _ZN10helicopter5tasks4Task8setDelayEi
 .text._ZN10helicopter5tasks4Task15getIsReadyToRunEv
                0x0000a114       0x22 scheduler/Scheduler.o
                0x0000a114                _ZN10helicopter5tasks4Task15getIsReadyToRunEv
 .text._ZN10helicopter5tasks4Task15setIsReadyToRunEb
                0x0000a136       0x26 scheduler/Scheduler.o
                0x0000a136                _ZN10helicopter5tasks4Task15setIsReadyToRunEb
 .text._ZN10helicopter5tasks4Task11reduceDelayEv
                0x0000a15c       0x34 scheduler/Scheduler.o
                0x0000a15c                _ZN10helicopter5tasks4Task11reduceDelayEv
 .text._ZN10helicopter9scheduler9Scheduler13getNumOfTasksEv
                0x0000a190       0x24 scheduler/Scheduler.o
                0x0000a190                _ZN10helicopter9scheduler9Scheduler13getNumOfTasksEv
 .text._ZN10helicopter9scheduler9Scheduler8getTasksEv
                0x0000a1b4       0x1e scheduler/Scheduler.o
                0x0000a1b4                _ZN10helicopter9scheduler9Scheduler8getTasksEv
 .text._ZN10helicopter9scheduler9Scheduler13hasBlownFrameEb
                0x0000a1d2       0x26 scheduler/Scheduler.o
                0x0000a1d2                _ZN10helicopter9scheduler9Scheduler13hasBlownFrameEb
 .text._ZN10helicopter9scheduler9Scheduler20hasCompletedDispatchEv
                0x0000a1f8       0x22 scheduler/Scheduler.o
                0x0000a1f8                _ZN10helicopter9scheduler9Scheduler20hasCompletedDispatchEv
 .text._ZN10helicopter9scheduler9Scheduler12getSchedulerEv
                0x0000a21a       0x5a scheduler/Scheduler.o
                0x0000a21a                _ZN10helicopter9scheduler9Scheduler12getSchedulerEv
 .text._ZN10helicopter9scheduler9SchedulerC2Em9PRESCALERi
                0x0000a274       0xc6 scheduler/Scheduler.o
                0x0000a274                _ZN10helicopter9scheduler9SchedulerC2Em9PRESCALERi
                0x0000a274                _ZN10helicopter9scheduler9SchedulerC1Em9PRESCALERi
 .text._ZN10helicopter9scheduler9Scheduler7addTaskEPNS_5tasks4TaskE
                0x0000a33a       0x76 scheduler/Scheduler.o
                0x0000a33a                _ZN10helicopter9scheduler9Scheduler7addTaskEPNS_5tasks4TaskE
 .text._ZN10helicopter9scheduler9Scheduler4initEv
                0x0000a3b0       0xc2 scheduler/Scheduler.o
                0x0000a3b0                _ZN10helicopter9scheduler9Scheduler4initEv
 .text._ZN10helicopter9scheduler9Scheduler8dispatchEv
                0x0000a472       0xee scheduler/Scheduler.o
                0x0000a472                _ZN10helicopter9scheduler9Scheduler8dispatchEv
 .text._ZN10helicopter9scheduler9Scheduler5startEv
                0x0000a560       0xc6 scheduler/Scheduler.o
                0x0000a560                _ZN10helicopter9scheduler9Scheduler5startEv
 .text.__vector_17
                0x0000a626      0x122 scheduler/Scheduler.o
                0x0000a626                __vector_17
 .text._ZN10helicopter7sensors15BarometerSensor4initEv
                0x0000a748      0x358 sensors/BarometerSensor.o
                0x0000a748                _ZN10helicopter7sensors15BarometerSensor4initEv
 .text._ZN10helicopter7sensors15BarometerSensor10readSensorEv
                0x0000aaa0     0x144c sensors/BarometerSensor.o
                0x0000aaa0                _ZN10helicopter7sensors15BarometerSensor10readSensorEv
 .text._ZN10helicopter7sensors9GPSSensor14receiveGpsDataEmPhi
                0x0000beec      0x1c2 sensors/GPSSensor.o
                0x0000beec                _ZN10helicopter7sensors9GPSSensor14receiveGpsDataEmPhi
 .text._ZN10helicopter7sensors9GPSSensor10readSensorEPhiS2_i
                0x0000c0ae      0x12c sensors/GPSSensor.o
                0x0000c0ae                _ZN10helicopter7sensors9GPSSensor10readSensorEPhiS2_i
 .text._ZN10helicopter7sensors9GPSSensor18readSensorSolutionEv
                0x0000c1da      0x3fe sensors/GPSSensor.o
                0x0000c1da                _ZN10helicopter7sensors9GPSSensor18readSensorSolutionEv
 .text._ZN10helicopter7sensors9GPSSensor4initEv
                0x0000c5d8      0x126 sensors/GPSSensor.o
                0x0000c5d8                _ZN10helicopter7sensors9GPSSensor4initEv
 .text._ZN10helicopter7sensors9IMUSensor4initEv
                0x0000c6fe      0x2a0 sensors/IMUSensor.o
                0x0000c6fe                _ZN10helicopter7sensors9IMUSensor4initEv
 .text._ZN10helicopter7sensors9IMUSensor10readSensorEv
                0x0000c99e      0x2a8 sensors/IMUSensor.o
                0x0000c99e                _ZN10helicopter7sensors9IMUSensor10readSensorEv
 .text._ZN10helicopter7sensors18MagnetometerSensorC2EPNS_7drivers9TWIDriverE
                0x0000cc46       0xc8 sensors/MagnetometerSensor.o
                0x0000cc46                _ZN10helicopter7sensors18MagnetometerSensorC1EPNS_7drivers9TWIDriverE
                0x0000cc46                _ZN10helicopter7sensors18MagnetometerSensorC2EPNS_7drivers9TWIDriverE
 .text._ZN10helicopter7sensors18MagnetometerSensor4initEv
                0x0000cd0e      0x130 sensors/MagnetometerSensor.o
                0x0000cd0e                _ZN10helicopter7sensors18MagnetometerSensor4initEv
 .text._ZN10helicopter7sensors18MagnetometerSensor10readSensorEv
                0x0000ce3e      0x23c sensors/MagnetometerSensor.o
                0x0000ce3e                _ZN10helicopter7sensors18MagnetometerSensor10readSensorEv
 .text._ZN10helicopter5tasks4Task4initEv
                0x0000d07a       0x1a tasks/NavigationTask.o
                0x0000d07a                _ZN10helicopter5tasks4Task4initEv
 .text._ZN10helicopter5model11SystemModel16XNEDLocalFrameCmEf
                0x0000d094       0x40 tasks/NavigationTask.o
                0x0000d094                _ZN10helicopter5model11SystemModel16XNEDLocalFrameCmEf
 .text._ZN10helicopter5model11SystemModel15XVelocityFRDCmsEf
                0x0000d0d4       0x40 tasks/NavigationTask.o
                0x0000d0d4                _ZN10helicopter5model11SystemModel15XVelocityFRDCmsEf
 .text._ZN10helicopter5model11SystemModel16YNEDLocalFrameCmEf
                0x0000d114       0x46 tasks/NavigationTask.o
                0x0000d114                _ZN10helicopter5model11SystemModel16YNEDLocalFrameCmEf
 .text._ZN10helicopter5model11SystemModel15YVelocityFRDCmsEf
                0x0000d15a       0x46 tasks/NavigationTask.o
                0x0000d15a                _ZN10helicopter5model11SystemModel15YVelocityFRDCmsEf
 .text._ZN10helicopter5model11SystemModel16ZNEDLocalFrameCmEf
                0x0000d1a0       0x46 tasks/NavigationTask.o
                0x0000d1a0                _ZN10helicopter5model11SystemModel16ZNEDLocalFrameCmEf
 .text._ZN10helicopter5model11SystemModel15ZVelocityFRDCmsEf
                0x0000d1e6       0x46 tasks/NavigationTask.o
                0x0000d1e6                _ZN10helicopter5model11SystemModel15ZVelocityFRDCmsEf
 .text._ZNK10helicopter5model11SystemModel20InitialXPositionEcefEv
                0x0000d22c       0x3c tasks/NavigationTask.o
                0x0000d22c                _ZNK10helicopter5model11SystemModel20InitialXPositionEcefEv
 .text._ZNK10helicopter5model11SystemModel20InitialYPositionEcefEv
                0x0000d268       0x3c tasks/NavigationTask.o
                0x0000d268                _ZNK10helicopter5model11SystemModel20InitialYPositionEcefEv
 .text._ZNK10helicopter5model11SystemModel20InitialZPositionEcefEv
                0x0000d2a4       0x3c tasks/NavigationTask.o
                0x0000d2a4                _ZNK10helicopter5model11SystemModel20InitialZPositionEcefEv
 .text._ZN10helicopter5model11SystemModel7YawRadsEf
                0x0000d2e0       0x46 tasks/NavigationTask.o
                0x0000d2e0                _ZN10helicopter5model11SystemModel7YawRadsEf
 .text._ZN10helicopter5model11SystemModel9PitchRadsEf
                0x0000d326       0x46 tasks/NavigationTask.o
                0x0000d326                _ZN10helicopter5model11SystemModel9PitchRadsEf
 .text._ZN10helicopter5model11SystemModel8RollRadsEf
                0x0000d36c       0x46 tasks/NavigationTask.o
                0x0000d36c                _ZN10helicopter5model11SystemModel8RollRadsEf
 .text._ZNK10helicopter5model11SystemModel17InitialAltitudeCmEv
                0x0000d3b2       0x30 tasks/NavigationTask.o
                0x0000d3b2                _ZNK10helicopter5model11SystemModel17InitialAltitudeCmEv
 .text._ZN10helicopter5tasks14NavigationTaskC2EfPNS_10navigation4AHRSEPNS_5model11SystemModelEii
                0x0000d3e2       0xac tasks/NavigationTask.o
                0x0000d3e2                _ZN10helicopter5tasks14NavigationTaskC2EfPNS_10navigation4AHRSEPNS_5model11SystemModelEii
                0x0000d3e2                _ZN10helicopter5tasks14NavigationTaskC1EfPNS_10navigation4AHRSEPNS_5model11SystemModelEii
 .text._ZN10helicopter5tasks14NavigationTask11runTaskImplEv
                0x0000d48e      0x858 tasks/NavigationTask.o
                0x0000d48e                _ZN10helicopter5tasks14NavigationTask11runTaskImplEv
 .text._ZN10helicopter5tasks14NavigationTaskD2Ev
                0x0000dce6       0x44 tasks/NavigationTask.o
                0x0000dce6                _ZN10helicopter5tasks14NavigationTaskD1Ev
                0x0000dce6                _ZN10helicopter5tasks14NavigationTaskD2Ev
 .text._ZN10helicopter5tasks14NavigationTaskD0Ev
                0x0000dd2a       0x2a tasks/NavigationTask.o
                0x0000dd2a                _ZN10helicopter5tasks14NavigationTaskD0Ev
 .text._ZN10helicopter5tasks16PIDInnerLoopTaskC2EPNS_10controller13PIDControllerEii
                0x0000dd54       0x64 tasks/PIDInnerLoopTask.o
                0x0000dd54                _ZN10helicopter5tasks16PIDInnerLoopTaskC2EPNS_10controller13PIDControllerEii
                0x0000dd54                _ZN10helicopter5tasks16PIDInnerLoopTaskC1EPNS_10controller13PIDControllerEii
 .text._ZN10helicopter5tasks16PIDInnerLoopTask11runTaskImplEv
                0x0000ddb8       0x36 tasks/PIDInnerLoopTask.o
                0x0000ddb8                _ZN10helicopter5tasks16PIDInnerLoopTask11runTaskImplEv
 .text._ZN10helicopter5tasks16PIDInnerLoopTaskD2Ev
                0x0000ddee       0x44 tasks/PIDInnerLoopTask.o
                0x0000ddee                _ZN10helicopter5tasks16PIDInnerLoopTaskD1Ev
                0x0000ddee                _ZN10helicopter5tasks16PIDInnerLoopTaskD2Ev
 .text._ZN10helicopter5tasks16PIDInnerLoopTaskD0Ev
                0x0000de32       0x2a tasks/PIDInnerLoopTask.o
                0x0000de32                _ZN10helicopter5tasks16PIDInnerLoopTaskD0Ev
 .text._ZN10helicopter5tasks16PIDOuterLoopTaskC2EPNS_10controller13PIDControllerEii
                0x0000de5c       0x64 tasks/PIDOuterLoopTask.o
                0x0000de5c                _ZN10helicopter5tasks16PIDOuterLoopTaskC1EPNS_10controller13PIDControllerEii
                0x0000de5c                _ZN10helicopter5tasks16PIDOuterLoopTaskC2EPNS_10controller13PIDControllerEii
 .text._ZN10helicopter5tasks16PIDOuterLoopTask11runTaskImplEv
                0x0000dec0       0x28 tasks/PIDOuterLoopTask.o
                0x0000dec0                _ZN10helicopter5tasks16PIDOuterLoopTask11runTaskImplEv
 .text._ZN10helicopter5tasks16PIDOuterLoopTaskD2Ev
                0x0000dee8       0x44 tasks/PIDOuterLoopTask.o
                0x0000dee8                _ZN10helicopter5tasks16PIDOuterLoopTaskD1Ev
                0x0000dee8                _ZN10helicopter5tasks16PIDOuterLoopTaskD2Ev
 .text._ZN10helicopter5tasks16PIDOuterLoopTaskD0Ev
                0x0000df2c       0x2a tasks/PIDOuterLoopTask.o
                0x0000df2c                _ZN10helicopter5tasks16PIDOuterLoopTaskD0Ev
 .text._ZN10helicopter5tasks23ReadBarometerSensorTaskC2EPNS_5model11SystemModelEPNS_7sensors15BarometerSensorEii
                0x0000df56       0x7e tasks/ReadBarometerSensorTask.o
                0x0000df56                _ZN10helicopter5tasks23ReadBarometerSensorTaskC2EPNS_5model11SystemModelEPNS_7sensors15BarometerSensorEii
                0x0000df56                _ZN10helicopter5tasks23ReadBarometerSensorTaskC1EPNS_5model11SystemModelEPNS_7sensors15BarometerSensorEii
 .text._ZN10helicopter5tasks23ReadBarometerSensorTask11runTaskImplEv
                0x0000dfd4       0x28 tasks/ReadBarometerSensorTask.o
                0x0000dfd4                _ZN10helicopter5tasks23ReadBarometerSensorTask11runTaskImplEv
 .text._ZN10helicopter5tasks23ReadBarometerSensorTaskD2Ev
                0x0000dffc       0x44 tasks/ReadBarometerSensorTask.o
                0x0000dffc                _ZN10helicopter5tasks23ReadBarometerSensorTaskD1Ev
                0x0000dffc                _ZN10helicopter5tasks23ReadBarometerSensorTaskD2Ev
 .text._ZN10helicopter5tasks23ReadBarometerSensorTaskD0Ev
                0x0000e040       0x2a tasks/ReadBarometerSensorTask.o
                0x0000e040                _ZN10helicopter5tasks23ReadBarometerSensorTaskD0Ev
 .text._ZN10helicopter5tasks17ReadGPSSensorTaskC2EPNS_5model11SystemModelEPNS_7sensors9GPSSensorEii
                0x0000e06a       0x7e tasks/ReadGPSSensorTask.o
                0x0000e06a                _ZN10helicopter5tasks17ReadGPSSensorTaskC2EPNS_5model11SystemModelEPNS_7sensors9GPSSensorEii
                0x0000e06a                _ZN10helicopter5tasks17ReadGPSSensorTaskC1EPNS_5model11SystemModelEPNS_7sensors9GPSSensorEii
 .text._ZN10helicopter5tasks17ReadGPSSensorTask11runTaskImplEv
                0x0000e0e8       0x28 tasks/ReadGPSSensorTask.o
                0x0000e0e8                _ZN10helicopter5tasks17ReadGPSSensorTask11runTaskImplEv
 .text._ZN10helicopter5tasks17ReadGPSSensorTaskD2Ev
                0x0000e110       0x44 tasks/ReadGPSSensorTask.o
                0x0000e110                _ZN10helicopter5tasks17ReadGPSSensorTaskD2Ev
                0x0000e110                _ZN10helicopter5tasks17ReadGPSSensorTaskD1Ev
 .text._ZN10helicopter5tasks17ReadGPSSensorTaskD0Ev
                0x0000e154       0x2a tasks/ReadGPSSensorTask.o
                0x0000e154                _ZN10helicopter5tasks17ReadGPSSensorTaskD0Ev
 .text._ZN10helicopter5tasks17ReadIMUSensorTaskC2EPNS_5model11SystemModelEPNS_7sensors9IMUSensorEii
                0x0000e17e       0x7e tasks/ReadIMUSensorTask.o
                0x0000e17e                _ZN10helicopter5tasks17ReadIMUSensorTaskC1EPNS_5model11SystemModelEPNS_7sensors9IMUSensorEii
                0x0000e17e                _ZN10helicopter5tasks17ReadIMUSensorTaskC2EPNS_5model11SystemModelEPNS_7sensors9IMUSensorEii
 .text._ZN10helicopter5tasks17ReadIMUSensorTask11runTaskImplEv
                0x0000e1fc       0x28 tasks/ReadIMUSensorTask.o
                0x0000e1fc                _ZN10helicopter5tasks17ReadIMUSensorTask11runTaskImplEv
 .text._ZN10helicopter5tasks17ReadIMUSensorTaskD2Ev
                0x0000e224       0x44 tasks/ReadIMUSensorTask.o
                0x0000e224                _ZN10helicopter5tasks17ReadIMUSensorTaskD2Ev
                0x0000e224                _ZN10helicopter5tasks17ReadIMUSensorTaskD1Ev
 .text._ZN10helicopter5tasks17ReadIMUSensorTaskD0Ev
                0x0000e268       0x2a tasks/ReadIMUSensorTask.o
                0x0000e268                _ZN10helicopter5tasks17ReadIMUSensorTaskD0Ev
 .text._ZN10helicopter5tasks26ReadMagnetometerSensorTaskC2EPNS_5model11SystemModelEPNS_7sensors18MagnetometerSensorEii
                0x0000e292       0x7e tasks/ReadMagnetometerSensorTask.o
                0x0000e292                _ZN10helicopter5tasks26ReadMagnetometerSensorTaskC1EPNS_5model11SystemModelEPNS_7sensors18MagnetometerSensorEii
                0x0000e292                _ZN10helicopter5tasks26ReadMagnetometerSensorTaskC2EPNS_5model11SystemModelEPNS_7sensors18MagnetometerSensorEii
 .text._ZN10helicopter5tasks26ReadMagnetometerSensorTask11runTaskImplEv
                0x0000e310       0x28 tasks/ReadMagnetometerSensorTask.o
                0x0000e310                _ZN10helicopter5tasks26ReadMagnetometerSensorTask11runTaskImplEv
 .text._ZN10helicopter5tasks26ReadMagnetometerSensorTaskD2Ev
                0x0000e338       0x44 tasks/ReadMagnetometerSensorTask.o
                0x0000e338                _ZN10helicopter5tasks26ReadMagnetometerSensorTaskD2Ev
                0x0000e338                _ZN10helicopter5tasks26ReadMagnetometerSensorTaskD1Ev
 .text._ZN10helicopter5tasks26ReadMagnetometerSensorTaskD0Ev
                0x0000e37c       0x2a tasks/ReadMagnetometerSensorTask.o
                0x0000e37c                _ZN10helicopter5tasks26ReadMagnetometerSensorTaskD0Ev
 .text._ZN10helicopter5model11SystemModel33SerialCommunicationBufferOverrunsEl
                0x0000e3a6       0x46 tasks/SimTelemetryTask.o
                0x0000e3a6                _ZN10helicopter5model11SystemModel33SerialCommunicationBufferOverrunsEl
 .text._ZN10helicopter10controller13PIDController16setZIntegralGainEf
                0x0000e3ec       0x46 tasks/SimTelemetryTask.o
                0x0000e3ec                _ZN10helicopter10controller13PIDController16setZIntegralGainEf
 .text._ZN10helicopter10controller13PIDController18setZDerivativeGainEf
                0x0000e432       0x46 tasks/SimTelemetryTask.o
                0x0000e432                _ZN10helicopter10controller13PIDController18setZDerivativeGainEf
 .text._ZN10helicopter10controller13PIDController20setZProportionalGainEf
                0x0000e478       0x46 tasks/SimTelemetryTask.o
                0x0000e478                _ZN10helicopter10controller13PIDController20setZProportionalGainEf
 .text._ZN10helicopter10controller13PIDController18setZAntiWindupGainEf
                0x0000e4be       0x46 tasks/SimTelemetryTask.o
                0x0000e4be                _ZN10helicopter10controller13PIDController18setZAntiWindupGainEf
 .text._ZN10helicopter5tasks16SimTelemetryTaskC2EPNS_10interfaces29GroundControlStationInterfaceEPNS_5model11SystemModelEPNS_10controller13PIDControllerEii
                0x0000e504       0x98 tasks/SimTelemetryTask.o
                0x0000e504                _ZN10helicopter5tasks16SimTelemetryTaskC2EPNS_10interfaces29GroundControlStationInterfaceEPNS_5model11SystemModelEPNS_10controller13PIDControllerEii
                0x0000e504                _ZN10helicopter5tasks16SimTelemetryTaskC1EPNS_10interfaces29GroundControlStationInterfaceEPNS_5model11SystemModelEPNS_10controller13PIDControllerEii
 .text._ZN10helicopter5tasks16SimTelemetryTask11runTaskImplEv
                0x0000e59c      0x4aa tasks/SimTelemetryTask.o
                0x0000e59c                _ZN10helicopter5tasks16SimTelemetryTask11runTaskImplEv
 .text._ZN10helicopter5tasks16SimTelemetryTaskD2Ev
                0x0000ea46       0x44 tasks/SimTelemetryTask.o
                0x0000ea46                _ZN10helicopter5tasks16SimTelemetryTaskD1Ev
                0x0000ea46                _ZN10helicopter5tasks16SimTelemetryTaskD2Ev
 .text._ZN10helicopter5tasks16SimTelemetryTaskD0Ev
                0x0000ea8a       0x2a tasks/SimTelemetryTask.o
                0x0000ea8a                _ZN10helicopter5tasks16SimTelemetryTaskD0Ev
 .text._ZN10helicopter5tasks4Task11runTaskImplEv
                0x0000eab4       0x1a tasks/Task.o
                0x0000eab4                _ZN10helicopter5tasks4Task11runTaskImplEv
 .text._ZN10helicopter5tasks4TaskC2Eii
                0x0000eace       0x5c tasks/Task.o
                0x0000eace                _ZN10helicopter5tasks4TaskC2Eii
                0x0000eace                _ZN10helicopter5tasks4TaskC1Eii
 .text._ZN10helicopter5tasks4Task7runTaskEv
                0x0000eb2a       0x36 tasks/Task.o
                0x0000eb2a                _ZN10helicopter5tasks4Task7runTaskEv
 .text._ZN10helicopter5tasks21TransmitTelemetryTaskC2EPNS_10interfaces29GroundControlStationInterfaceEPNS_5model11SystemModelEii
                0x0000eb60       0x7e tasks/TransmitTelemetryTask.o
                0x0000eb60                _ZN10helicopter5tasks21TransmitTelemetryTaskC2EPNS_10interfaces29GroundControlStationInterfaceEPNS_5model11SystemModelEii
                0x0000eb60                _ZN10helicopter5tasks21TransmitTelemetryTaskC1EPNS_10interfaces29GroundControlStationInterfaceEPNS_5model11SystemModelEii
 .text._ZN10helicopter5tasks21TransmitTelemetryTask11runTaskImplEv
                0x0000ebde       0x66 tasks/TransmitTelemetryTask.o
                0x0000ebde                _ZN10helicopter5tasks21TransmitTelemetryTask11runTaskImplEv
 .text._ZN10helicopter5tasks21TransmitTelemetryTaskD2Ev
                0x0000ec44       0x44 tasks/TransmitTelemetryTask.o
                0x0000ec44                _ZN10helicopter5tasks21TransmitTelemetryTaskD1Ev
                0x0000ec44                _ZN10helicopter5tasks21TransmitTelemetryTaskD2Ev
 .text._ZN10helicopter5tasks21TransmitTelemetryTaskD0Ev
                0x0000ec88       0x2a tasks/TransmitTelemetryTask.o
                0x0000ec88                _ZN10helicopter5tasks21TransmitTelemetryTaskD0Ev
 .text._Znwj    0x0000ecb2       0x22 util/CommonHeader.o
                0x0000ecb2                _Znwj
 .text._ZdlPv   0x0000ecd4       0x2a util/CommonHeader.o
                0x0000ecd4                _ZdlPv
 .text._Znaj    0x0000ecfe       0x22 util/CommonHeader.o
                0x0000ecfe                _Znaj
 .text._ZdaPv   0x0000ed20       0x2a util/CommonHeader.o
                0x0000ed20                _ZdaPv
 .text._ZN10helicopter4util14CoordinateUtil12DegreesToRadEf
                0x0000ed4a       0x3e util/CoordinateUtil.o
                0x0000ed4a                _ZN10helicopter4util14CoordinateUtil12DegreesToRadEf
 .text._ZN10helicopter4util14CoordinateUtil37CalculateECEFToLocalNEDRotationMatrixEffRA3_A3_f