Archive member included because of file (symbol)

c:/program files (x86)/atmel/atmel toolchain/avr8 gcc/native/3.4.2.1002/avr8-gnu-toolchain/bin/../lib/gcc/avr/4.7.2/../../../../avr/lib/avr6\libm.a(addsf3.o)
                              controller/PIDController.o (__subsf3)
c:/program files (x86)/atmel/atmel toolchain/avr8 gcc/native/3.4.2.1002/avr8-gnu-toolchain/bin/../lib/gcc/avr/4.7.2/../../../../avr/lib/avr6\libm.a(addsf3x.o)
                              c:/program files (x86)/atmel/atmel toolchain/avr8 gcc/native/3.4.2.1002/avr8-gnu-toolchain/bin/../lib/gcc/avr/4.7.2/../../../../avr/lib/avr6\libm.a(addsf3.o) (__addsf3x)
c:/program files (x86)/atmel/atmel toolchain/avr8 gcc/native/3.4.2.1002/avr8-gnu-toolchain/bin/../lib/gcc/avr/4.7.2/../../../../avr/lib/avr6\libm.a(asin.o)
                              navigation/AHRS.o (asin)
c:/program files (x86)/atmel/atmel toolchain/avr8 gcc/native/3.4.2.1002/avr8-gnu-toolchain/bin/../lib/gcc/avr/4.7.2/../../../../avr/lib/avr6\libm.a(atan2.o)
                              navigation/AHRS.o (atan2)
c:/program files (x86)/atmel/atmel toolchain/avr8 gcc/native/3.4.2.1002/avr8-gnu-toolchain/bin/../lib/gcc/avr/4.7.2/../../../../avr/lib/avr6\libm.a(atan.o)
                              c:/program files (x86)/atmel/atmel toolchain/avr8 gcc/native/3.4.2.1002/avr8-gnu-toolchain/bin/../lib/gcc/avr/4.7.2/../../../../avr/lib/avr6\libm.a(atan2.o) (atan)
c:/program files (x86)/atmel/atmel toolchain/avr8 gcc/native/3.4.2.1002/avr8-gnu-toolchain/bin/../lib/gcc/avr/4.7.2/../../../../avr/lib/avr6\libm.a(cmpsf2.o)
                              HelicopterMain.o (__nesf2)
c:/program files (x86)/atmel/atmel toolchain/avr8 gcc/native/3.4.2.1002/avr8-gnu-toolchain/bin/../lib/gcc/avr/4.7.2/../../../../avr/lib/avr6\libm.a(cos.o)
                              util/CoordinateUtil.o (cos)
c:/program files (x86)/atmel/atmel toolchain/avr8 gcc/native/3.4.2.1002/avr8-gnu-toolchain/bin/../lib/gcc/avr/4.7.2/../../../../avr/lib/avr6\libm.a(divsf3.o)
                              HelicopterMain.o (__divsf3)
c:/program files (x86)/atmel/atmel toolchain/avr8 gcc/native/3.4.2.1002/avr8-gnu-toolchain/bin/../lib/gcc/avr/4.7.2/../../../../avr/lib/avr6\libm.a(divsf3x.o)
                              c:/program files (x86)/atmel/atmel toolchain/avr8 gcc/native/3.4.2.1002/avr8-gnu-toolchain/bin/../lib/gcc/avr/4.7.2/../../../../avr/lib/avr6\libm.a(divsf3.o) (__divsf3x)
c:/program files (x86)/atmel/atmel toolchain/avr8 gcc/native/3.4.2.1002/avr8-gnu-toolchain/bin/../lib/gcc/avr/4.7.2/../../../../avr/lib/avr6\libm.a(fixsfsi.o)
                              tasks/NavigationTask.o (__fixsfsi)
c:/program files (x86)/atmel/atmel toolchain/avr8 gcc/native/3.4.2.1002/avr8-gnu-toolchain/bin/../lib/gcc/avr/4.7.2/../../../../avr/lib/avr6\libm.a(fixunssfsi.o)
                              drivers/SerialDriver.o (__fixunssfsi)
c:/program files (x86)/atmel/atmel toolchain/avr8 gcc/native/3.4.2.1002/avr8-gnu-toolchain/bin/../lib/gcc/avr/4.7.2/../../../../avr/lib/avr6\libm.a(floatsisf.o)
                              drivers/SerialDriver.o (__floatunsisf)
c:/program files (x86)/atmel/atmel toolchain/avr8 gcc/native/3.4.2.1002/avr8-gnu-toolchain/bin/../lib/gcc/avr/4.7.2/../../../../avr/lib/avr6\libm.a(floor.o)
                              drivers/SerialDriver.o (floor)
c:/program files (x86)/atmel/atmel toolchain/avr8 gcc/native/3.4.2.1002/avr8-gnu-toolchain/bin/../lib/gcc/avr/4.7.2/../../../../avr/lib/avr6\libm.a(fp_arccos.o)
                              c:/program files (x86)/atmel/atmel toolchain/avr8 gcc/native/3.4.2.1002/avr8-gnu-toolchain/bin/../lib/gcc/avr/4.7.2/../../../../avr/lib/avr6\libm.a(asin.o) (__fp_arccos)
c:/program files (x86)/atmel/atmel toolchain/avr8 gcc/native/3.4.2.1002/avr8-gnu-toolchain/bin/../lib/gcc/avr/4.7.2/../../../../avr/lib/avr6\libm.a(fp_cmp.o)
                              c:/program files (x86)/atmel/atmel toolchain/avr8 gcc/native/3.4.2.1002/avr8-gnu-toolchain/bin/../lib/gcc/avr/4.7.2/../../../../avr/lib/avr6\libm.a(cmpsf2.o) (__fp_cmp)
c:/program files (x86)/atmel/atmel toolchain/avr8 gcc/native/3.4.2.1002/avr8-gnu-toolchain/bin/../lib/gcc/avr/4.7.2/../../../../avr/lib/avr6\libm.a(fp_inf.o)
                              c:/program files (x86)/atmel/atmel toolchain/avr8 gcc/native/3.4.2.1002/avr8-gnu-toolchain/bin/../lib/gcc/avr/4.7.2/../../../../avr/lib/avr6\libm.a(addsf3x.o) (__fp_inf)
c:/program files (x86)/atmel/atmel toolchain/avr8 gcc/native/3.4.2.1002/avr8-gnu-toolchain/bin/../lib/gcc/avr/4.7.2/../../../../avr/lib/avr6\libm.a(fp_mintl.o)
                              c:/program files (x86)/atmel/atmel toolchain/avr8 gcc/native/3.4.2.1002/avr8-gnu-toolchain/bin/../lib/gcc/avr/4.7.2/../../../../avr/lib/avr6\libm.a(floor.o) (__fp_mintl)
c:/program files (x86)/atmel/atmel toolchain/avr8 gcc/native/3.4.2.1002/avr8-gnu-toolchain/bin/../lib/gcc/avr/4.7.2/../../../../avr/lib/avr6\libm.a(fp_mpack.o)
[...]
Memory Configuration

Name             Origin             Length             Attributes
text             0x00000000         0x00100000         xr
data             0x00800200         0x0000fe00         rw !x
eeprom           0x00810000         0x00010000         rw !x
fuse             0x00820000         0x00000400         rw !x
lock             0x00830000         0x00000400         rw !x
signature        0x00840000         0x00000400         rw !x
user_signatures  0x00850000         0x00000400         rw !x
*default*        0x00000000         0xffffffff

Linker script and memory map

Address of section .data set to 0x800200
LOAD c:/program files (x86)/atmel/atmel toolchain/avr8 gcc/native/3.4.2.1002/avr8-gnu-toolchain/bin/../lib/gcc/avr/4.7.2/../../../../avr/lib/avr6/crtm2560.o
LOAD buffer/Buffer.o
LOAD buffer/Record.o
LOAD controller/PIDController.o
LOAD drivers/SerialDriver.o
LOAD drivers/SPIDriver.o
LOAD drivers/TWIDriver.o
LOAD HelicopterMain.o
LOAD interfaces/GroundControlStationInterface.o
LOAD interfaces/RadioControllerInterface.o
LOAD messages/Message.o
LOAD messages/SyncMessage.o
LOAD messages/SystemTelemetryMessage.o
LOAD model/SystemModel.o
LOAD navigation/AHRS.o
LOAD scheduler/Scheduler.o
LOAD sensors/BarometerSensor.o
LOAD sensors/GPSSensor.o
LOAD sensors/IMUSensor.o
LOAD sensors/MagnetometerSensor.o
LOAD tasks/NavigationTask.o
LOAD tasks/PIDInnerLoopTask.o
LOAD tasks/PIDOuterLoopTask.o
LOAD tasks/ReadBarometerSensorTask.o
LOAD tasks/ReadGPSSensorTask.o
LOAD tasks/ReadIMUSensorTask.o
LOAD tasks/ReadMagnetometerSensorTask.o
LOAD tasks/SensorProcessingTask.o
LOAD tasks/SimTelemetryTask.o
LOAD tasks/Task.o
LOAD tasks/TransmitTelemetryTask.o
LOAD util/CommonHeader.o
LOAD util/CoordinateUtil.o
LOAD util/MatrixUtil.o
LOAD util/Timer.o
START GROUP
LOAD c:/program files (x86)/atmel/atmel toolchain/avr8 gcc/native/3.4.2.1002/avr8-gnu-toolchain/bin/../lib/gcc/avr/4.7.2/../../../../avr/lib/avr6\libm.a
END GROUP
LOAD c:/program files (x86)/atmel/atmel toolchain/avr8 gcc/native/3.4.2.1002/avr8-gnu-toolchain/bin/../lib/gcc/avr/4.7.2/avr6\libgcc.a
LOAD c:/program files (x86)/atmel/atmel toolchain/avr8 gcc/native/3.4.2.1002/avr8-gnu-toolchain/bin/../lib/gcc/avr/4.7.2/../../../../avr/lib/avr6\libm.a
LOAD c:/program files (x86)/atmel/atmel toolchain/avr8 gcc/native/3.4.2.1002/avr8-gnu-toolchain/bin/../lib/gcc/avr/4.7.2/avr6\libgcc.a
LOAD c:/program files (x86)/atmel/atmel toolchain/avr8 gcc/native/3.4.2.1002/avr8-gnu-toolchain/bin/../lib/gcc/avr/4.7.2/../../../../avr/lib/avr6\libc.a
LOAD c:/program files (x86)/atmel/atmel toolchain/avr8 gcc/native/3.4.2.1002/avr8-gnu-toolchain/bin/../lib/gcc/avr/4.7.2/avr6\libgcc.a

.hash
 *(.hash)

.dynsym
 *(.dynsym)

.dynstr
 *(.dynstr)

.gnu.version
 *(.gnu.version)

.gnu.version_d
 *(.gnu.version_d)

.gnu.version_r
 *(.gnu.version_r)

.rel.init
 *(.rel.init)

.rela.init
 *(.rela.init)

.rel.text
 *(.rel.text)
 *(.rel.text.*)
 *(.rel.gnu.linkonce.t*)

.rela.text
 *(.rela.text)
 *(.rela.text.*)
 *(.rela.gnu.linkonce.t*)

.rel.fini
 *(.rel.fini)

.rela.fini
 *(.rela.fini)

.rel.rodata
 *(.rel.rodata)
 *(.rel.rodata.*)
 *(.rel.gnu.linkonce.r*)

.rela.rodata
 *(.rela.rodata)
 *(.rela.rodata.*)
 *(.rela.gnu.linkonce.r*)

.rel.data
 *(.rel.data)
 *(.rel.data.*)
 *(.rel.gnu.linkonce.d*)

.rela.data
 *(.rela.data)
 *(.rela.data.*)
 *(.rela.gnu.linkonce.d*)

.rel.ctors
 *(.rel.ctors)

.rela.ctors
 *(.rela.ctors)

.rel.dtors
 *(.rel.dtors)

.rela.dtors
 *(.rela.dtors)

.rel.got
 *(.rel.got)

.rela.got
 *(.rela.got)

.rel.bss
 *(.rel.bss)

.rela.bss
 *(.rela.bss)

.rel.plt
 *(.rel.plt)

.rela.plt
 *(.rela.plt)

.text           0x00000000     0x990c
 *(.vectors)
 .vectors       0x00000000       0xe4 c:/program files (x86)/atmel/atmel toolchain/avr8 gcc/native/3.4.2.1002/avr8-gnu-toolchain/bin/../lib/gcc/avr/4.7.2/../../../../avr/lib/avr6/crtm2560.o
                0x00000000                __vector_default
                0x00000000                __vectors
 *(.vectors)
 *(.progmem.gcc*)
 .progmem.gcc_fplib
                0x000000e4       0x14 c:/program files (x86)/atmel/atmel toolchain/avr8 gcc/native/3.4.2.1002/avr8-gnu-toolchain/bin/../lib/gcc/avr/4.7.2/../../../../avr/lib/avr6\libm.a(asin.o)
 .progmem.gcc_fplib
                0x000000f8       0x2d c:/program files (x86)/atmel/atmel toolchain/avr8 gcc/native/3.4.2.1002/avr8-gnu-toolchain/bin/../lib/gcc/avr/4.7.2/../../../../avr/lib/avr6\libm.a(atan.o)
 .progmem.gcc_fplib
                0x00000125       0x28 c:/program files (x86)/atmel/atmel toolchain/avr8 gcc/native/3.4.2.1002/avr8-gnu-toolchain/bin/../lib/gcc/avr/4.7.2/../../../../avr/lib/avr6\libm.a(fp_arccos.o)
 .progmem.gcc_fplib
                0x0000014d       0x1e c:/program files (x86)/atmel/atmel toolchain/avr8 gcc/native/3.4.2.1002/avr8-gnu-toolchain/bin/../lib/gcc/avr/4.7.2/../../../../avr/lib/avr6\libm.a(fp_sinus.o)
 .progmem.gcc_fplib
                0x0000016b       0x5a c:/program files (x86)/atmel/atmel toolchain/avr8 gcc/native/3.4.2.1002/avr8-gnu-toolchain/bin/../lib/gcc/avr/4.7.2/../../../../avr/lib/avr6\libm.a(log.o)
 .progmem.gcc_fplib
                0x000001c5       0x28 c:/program files (x86)/atmel/atmel toolchain/avr8 gcc/native/3.4.2.1002/avr8-gnu-toolchain/bin/../lib/gcc/avr/4.7.2/../../../../avr/lib/avr6\libm.a(exp.o)
 *(.progmem*)
                0x000001ee                . = ALIGN (0x2)
 *fill*         0x000001ed        0x1 
                0x000001ee                __trampolines_start = .
 *(.trampolines)
 .trampolines   0x000001ee       0xe8 linker stubs
 *(.trampolines*)
                0x000002d6                __trampolines_end = .
 *(.jumptables)
 *(.jumptables*)
 *(.lowtext)
 *(.lowtext*)
                0x000002d6                __ctors_start = .
 *(.ctors)
                0x000002d6                __ctors_end = .
                0x000002d6                __dtors_start = .
 *(.dtors)
                0x000002d6                __dtors_end = .
 SORT(*)(.ctors)
 SORT(*)(.dtors)
 *(.init0)
 .init0         0x000002d6        0x0 c:/program files (x86)/atmel/atmel toolchain/avr8 gcc/native/3.4.2.1002/avr8-gnu-toolchain/bin/../lib/gcc/avr/4.7.2/../../../../avr/lib/avr6/crtm2560.o
                0x000002d6                __init
 *(.init0)
 *(.init1)
 *(.init1)
 *(.init2)
 .init2         0x000002d6       0x10 c:/program files (x86)/atmel/atmel toolchain/avr8 gcc/native/3.4.2.1002/avr8-gnu-toolchain/bin/../lib/gcc/avr/4.7.2/../../../../avr/lib/avr6/crtm2560.o
 *(.init2)
 *(.init3)
 *(.init3)
 *(.init4)
 .init4         0x000002e6       0x1a c:/program files (x86)/atmel/atmel toolchain/avr8 gcc/native/3.4.2.1002/avr8-gnu-toolchain/bin/../lib/gcc/avr/4.7.2/avr6\libgcc.a(_copy_data.o)
                0x000002e6                __do_copy_data
 .init4         0x00000300       0x10 c:/program files (x86)/atmel/atmel toolchain/avr8 gcc/native/3.4.2.1002/avr8-gnu-toolchain/bin/../lib/gcc/avr/4.7.2/avr6\libgcc.a(_clear_bss.o)
                0x00000300                __do_clear_bss
 *(.init4)
 *(.init5)
 *(.init5)
 *(.init6)
 *(.init6)
 *(.init7)
 *(.init7)
 *(.init8)
 *(.init8)
 *(.init9)
 .init9         0x00000310        0x8 c:/program files (x86)/atmel/atmel toolchain/avr8 gcc/native/3.4.2.1002/avr8-gnu-toolchain/bin/../lib/gcc/avr/4.7.2/../../../../avr/lib/avr6/crtm2560.o
 *(.init9)
 *(.text)
 .text          0x00000318        0x4 c:/program files (x86)/atmel/atmel toolchain/avr8 gcc/native/3.4.2.1002/avr8-gnu-toolchain/bin/../lib/gcc/avr/4.7.2/../../../../avr/lib/avr6/crtm2560.o
                0x00000318                __vector_38
                0x00000318                __vector_22
                0x00000318                __vector_28
                0x00000318                __vector_1
                0x00000318                __vector_32
                0x00000318                __vector_34
                0x00000318                __vector_24
                0x00000318                __vector_12
                0x00000318                __vector_55
                0x00000318                __bad_interrupt
                0x00000318                __vector_6
                0x00000318                __vector_31
                0x00000318                __vector_35
                0x00000318                __vector_39
                0x00000318                __vector_3
                0x00000318                __vector_23
                0x00000318                __vector_30
                0x00000318                __vector_45
                0x00000318                __vector_25
                0x00000318                __vector_11
                0x00000318                __vector_54
                0x00000318                __vector_13
                0x00000318                __vector_19
                0x00000318                __vector_56
                0x00000318                __vector_7
                0x00000318                __vector_49
                0x00000318                __vector_41
                0x00000318                __vector_43
                0x00000318                __vector_27
                0x00000318                __vector_5
                0x00000318                __vector_33
                0x00000318                __vector_47
                0x00000318                __vector_52
                0x00000318                __vector_37
                0x00000318                __vector_4
                0x00000318                __vector_44
                0x00000318                __vector_51
                0x00000318                __vector_9
                0x00000318                __vector_2
                0x00000318                __vector_21
                0x00000318                __vector_15
                0x00000318                __vector_36
                0x00000318                __vector_29
                0x00000318                __vector_40
                0x00000318                __vector_8
                0x00000318                __vector_26
                0x00000318                __vector_48
                0x00000318                __vector_14
                0x00000318                __vector_53
                0x00000318                __vector_10
                0x00000318                __vector_50
                0x00000318                __vector_16
                0x00000318                __vector_18
                0x00000318                __vector_20
                0x00000318                __vector_42
                0x0000031c                . = ALIGN (0x2)
 *(.text.*)
 .text._ZN10helicopter10controller13PIDControllerC2EPNS_5model11SystemModelE
                0x0000031c      0x164 controller/PIDController.o
                0x0000031c                _ZN10helicopter10controller13PIDControllerC2EPNS_5model11SystemModelE
                0x0000031c                _ZN10helicopter10controller13PIDControllerC1EPNS_5model11SystemModelE
 .text._ZN10helicopter10controller13PIDController21calculateProportionalEff
                0x00000480       0x16 controller/PIDController.o
                0x00000480                _ZN10helicopter10controller13PIDController21calculateProportionalEff
 .text._ZN10helicopter10controller13PIDController27calculateIntegralAntiWindupEfff
                0x00000496       0x42 controller/PIDController.o
                0x00000496                _ZN10helicopter10controller13PIDController27calculateIntegralAntiWindupEfff
 .text._ZN10helicopter10controller13PIDController17calculateIntegralEffff
                0x000004d8       0x92 controller/PIDController.o
                0x000004d8                _ZN10helicopter10controller13PIDController17calculateIntegralEffff
 .text._ZN10helicopter10controller13PIDController22calculateVelocityErrorEff
                0x0000056a       0x16 controller/PIDController.o
                0x0000056a                _ZN10helicopter10controller13PIDController22calculateVelocityErrorEff
 .text._ZN10helicopter10controller13PIDController30calculateOuterLoopControlValueEfffffi
                0x00000580       0xca controller/PIDController.o
                0x00000580                _ZN10helicopter10controller13PIDController30calculateOuterLoopControlValueEfffffi
 .text._ZN10helicopter10controller13PIDController27adjustControlForServoLimitsEfff
                0x0000064a       0x8a controller/PIDController.o
                0x0000064a                _ZN10helicopter10controller13PIDController27adjustControlForServoLimitsEfff
 .text._Z30calculateInnerLoopControlValuefffff
                0x000006d4       0x6a controller/PIDController.o
                0x000006d4                _Z30calculateInnerLoopControlValuefffff
 .text._ZN10helicopter10controller13PIDController23adjustForSetpointLimitsEfff
                0x0000073e       0x8a controller/PIDController.o
                0x0000073e                _ZN10helicopter10controller13PIDController23adjustForSetpointLimitsEfff
 .text._ZN10helicopter10controller13PIDController13addBlownFrameEv
                0x000007c8       0x22 controller/PIDController.o
                0x000007c8                _ZN10helicopter10controller13PIDController13addBlownFrameEv
 .text._ZN10helicopter10controller13PIDController35convertYawErrorFrom2PitoPlusMinusPiEf
                0x000007ea       0x8c controller/PIDController.o
                0x000007ea                _ZN10helicopter10controller13PIDController35convertYawErrorFrom2PitoPlusMinusPiEf
 .text._ZN10helicopter10controller13PIDController34tailRotorCollectiveOuterLoopUpdateEv
                0x00000876      0x1f2 controller/PIDController.o
                0x00000876                _ZN10helicopter10controller13PIDController34tailRotorCollectiveOuterLoopUpdateEv
 .text._ZN10helicopter10controller13PIDController34mainRotorCollectiveOuterLoopUpdateEf
                0x00000a68      0x1ea controller/PIDController.o
                0x00000a68                _ZN10helicopter10controller13PIDController34mainRotorCollectiveOuterLoopUpdateEf
 .text._ZN10helicopter10controller13PIDController30cyclicLongitudeOuterLoopUpdateEf
                0x00000c52      0x1c2 controller/PIDController.o
                0x00000c52                _ZN10helicopter10controller13PIDController30cyclicLongitudeOuterLoopUpdateEf
 .text._ZN10helicopter10controller13PIDController28cyclicLateralOuterLoopUpdateEf
                0x00000e14      0x1e0 controller/PIDController.o
                0x00000e14                _ZN10helicopter10controller13PIDController28cyclicLateralOuterLoopUpdateEf
 .text._ZN10helicopter10controller13PIDController15outerLoopUpdateEv
                0x00000ff4      0x1a4 controller/PIDController.o
                0x00000ff4                _ZN10helicopter10controller13PIDController15outerLoopUpdateEv
 .text._ZN10helicopter10controller13PIDController30cyclicLongitudeInnerLoopUpdateEv
                0x00001198       0xda controller/PIDController.o
                0x00001198                _ZN10helicopter10controller13PIDController30cyclicLongitudeInnerLoopUpdateEv
 .text._ZN10helicopter10controller13PIDController28cyclicLateralInnerLoopUpdateEv
                0x00001272       0xea controller/PIDController.o
                0x00001272                _ZN10helicopter10controller13PIDController28cyclicLateralInnerLoopUpdateEv
 .text._ZN10helicopter7drivers12SerialDriverD2Ev
                0x0000135c        0xc drivers/SerialDriver.o
                0x0000135c                _ZN10helicopter7drivers12SerialDriverD1Ev
                0x0000135c                _ZN10helicopter7drivers12SerialDriverD2Ev
 .text._ZN10helicopter7drivers12SerialDriver8transmitEf
                0x00001368       0x84 drivers/SerialDriver.o
                0x00001368                _ZN10helicopter7drivers12SerialDriver8transmitEf
 .text._ZN10helicopter7drivers12SerialDriver8transmitEi
                0x000013ec       0x44 drivers/SerialDriver.o
                0x000013ec                _ZN10helicopter7drivers12SerialDriver8transmitEi
 .text._ZN10helicopter7drivers12SerialDriver8transmitEm
                0x00001430       0x9e drivers/SerialDriver.o
                0x00001430                _ZN10helicopter7drivers12SerialDriver8transmitEm
 .text._ZN10helicopter7drivers12SerialDriver8transmitEl
                0x000014ce       0xa6 drivers/SerialDriver.o
                0x000014ce                _ZN10helicopter7drivers12SerialDriver8transmitEl
 .text._ZN10helicopter7drivers12SerialDriver8transmitEx
                0x00001574      0x1fc drivers/SerialDriver.o
                0x00001574                _ZN10helicopter7drivers12SerialDriver8transmitEx
 .text._ZN10helicopter7drivers12SerialDriver7receiveERh
                0x00001770       0xb8 drivers/SerialDriver.o
                0x00001770                _ZN10helicopter7drivers12SerialDriver7receiveERh
 .text._ZN10helicopter7drivers12SerialDriver8transmitEh
                0x00001828       0x90 drivers/SerialDriver.o
                0x00001828                _ZN10helicopter7drivers12SerialDriver8transmitEh
 .text._ZN10helicopter7drivers12SerialDriver4initEv
                0x000018b8      0x128 drivers/SerialDriver.o
                0x000018b8                _ZN10helicopter7drivers12SerialDriver4initEv
 .text._ZN10helicopter7drivers12SerialDriverD0Ev
                0x000019e0       0x10 drivers/SerialDriver.o
                0x000019e0                _ZN10helicopter7drivers12SerialDriverD0Ev
 .text._ZN10helicopter7drivers12SerialDriver10startTimerEv
                0x000019f0       0x10 drivers/SerialDriver.o
                0x000019f0                _ZN10helicopter7drivers12SerialDriver10startTimerEv
 .text._ZN10helicopter7drivers12SerialDriver9stopTimerEv
                0x00001a00       0x10 drivers/SerialDriver.o
                0x00001a00                _ZN10helicopter7drivers12SerialDriver9stopTimerEv
 .text._ZN10helicopter7drivers12SerialDriver8transmitEPKci
                0x00001a10       0x60 drivers/SerialDriver.o
                0x00001a10                _ZN10helicopter7drivers12SerialDriver8transmitEPKci
 .text._ZN10helicopter7drivers9SPIDriver4initEv
                0x00001a70       0x12 drivers/SPIDriver.o
                0x00001a70                _ZN10helicopter7drivers9SPIDriver4initEv
 .text._ZN10helicopter7drivers9SPIDriver16beginTransactionEv
                0x00001a82       0x14 drivers/SPIDriver.o
                0x00001a82                _ZN10helicopter7drivers9SPIDriver16beginTransactionEv
 .text._ZN10helicopter7drivers9SPIDriver14endTransactionEv
                0x00001a96       0x14 drivers/SPIDriver.o
                0x00001a96                _ZN10helicopter7drivers9SPIDriver14endTransactionEv
 .text._ZN10helicopter7drivers9SPIDriver8readByteEv
                0x00001aaa        0xc drivers/SPIDriver.o
                0x00001aaa                _ZN10helicopter7drivers9SPIDriver8readByteEv
 .text._ZN10helicopter7drivers9SPIDriver8readUIntEv
                0x00001ab6       0x24 drivers/SPIDriver.o
                0x00001ab6                _ZN10helicopter7drivers9SPIDriver8readUIntEv
 .text._ZN10helicopter7drivers9SPIDriver7readIntEv
                0x00001ada       0x24 drivers/SPIDriver.o
                0x00001ada                _ZN10helicopter7drivers9SPIDriver7readIntEv
 .text._ZN10helicopter7drivers9SPIDriver5writeEh
                0x00001afe        0xa drivers/SPIDriver.o
                0x00001afe                _ZN10helicopter7drivers9SPIDriver5writeEh
 .text._ZN10helicopter7drivers9SPIDriver16transactionWriteEh
                0x00001b08       0x24 drivers/SPIDriver.o
                0x00001b08                _ZN10helicopter7drivers9SPIDriver16transactionWriteEh
 .text._ZN10helicopter7drivers9SPIDriver16transactionWriteEhh
                0x00001b2c       0x32 drivers/SPIDriver.o
                0x00001b2c                _ZN10helicopter7drivers9SPIDriver16transactionWriteEhh
 .text._ZN10helicopter7drivers9TWIDriver5startEv
                0x00001b5e       0x2e drivers/TWIDriver.o
                0x00001b5e                _ZN10helicopter7drivers9TWIDriver5startEv
 .text._ZN10helicopter7drivers9TWIDriver4stopEv
                0x00001b8c        0x8 drivers/TWIDriver.o
                0x00001b8c                _ZN10helicopter7drivers9TWIDriver4stopEv
 .text._ZN10helicopter7drivers9TWIDriver5writeEhh
                0x00001b94       0x36 drivers/TWIDriver.o
                0x00001b94                _ZN10helicopter7drivers9TWIDriver5writeEhh
 .text._ZN10helicopter7drivers9TWIDriver8readByteEb
                0x00001bca       0x22 drivers/TWIDriver.o
                0x00001bca                _ZN10helicopter7drivers9TWIDriver8readByteEb
 .text._ZN10helicopter5tasks12FlashLEDTask4initEv
                0x00001bec       0x1a HelicopterMain.o
                0x00001bec                _ZN10helicopter5tasks12FlashLEDTask4initEv
 .text._ZN10helicopter5tasks12FlashLEDTask11runTaskImplEv
                0x00001c06       0x44 HelicopterMain.o
                0x00001c06                _ZN10helicopter5tasks12FlashLEDTask11runTaskImplEv
 .text._ZN10helicopter5tasks12FlashLEDTaskD2Ev
                0x00001c4a        0xc HelicopterMain.o
                0x00001c4a                _ZN10helicopter5tasks12FlashLEDTaskD1Ev
                0x00001c4a                _ZN10helicopter5tasks12FlashLEDTaskD2Ev
 .text._ZN10helicopter5tasks12FlashLEDTaskD0Ev
                0x00001c56       0x10 HelicopterMain.o
                0x00001c56                _ZN10helicopter5tasks12FlashLEDTaskD0Ev
 .text._Z33setupDefaultsandReferencePositionPN10helicopter5model11SystemModelEPNS_10controller13PIDControllerE
                0x00001c66      0x28e HelicopterMain.o
                0x00001c66                _Z33setupDefaultsandReferencePositionPN10helicopter5model11SystemModelEPNS_10controller13PIDControllerE
 .text.main     0x00001ef4      0xbd8 HelicopterMain.o
                0x00001ef4                main
 .text._ZN10helicopter10interfaces29GroundControlStationInterface17calculateChecksumEPhiRhS3_
                0x00002acc       0x38 interfaces/GroundControlStationInterface.o
                0x00002acc                _ZN10helicopter10interfaces29GroundControlStationInterface17calculateChecksumEPhiRhS3_
 .text._ZN10helicopter10interfaces29GroundControlStationInterface8transmitEPNS_8messages7MessageE
                0x00002b04      0x198 interfaces/GroundControlStationInterface.o
                0x00002b04                _ZN10helicopter10interfaces29GroundControlStationInterface8transmitEPNS_8messages7MessageE
 .text._ZN10helicopter10interfaces29GroundControlStationInterface7receiveERPNS_8messages7MessageE
                0x00002c9c      0x23c interfaces/GroundControlStationInterface.o
                0x00002c9c                _ZN10helicopter10interfaces29GroundControlStationInterface7receiveERPNS_8messages7MessageE
 .text._Z10ScaleValuei
                0x00002ed8       0xbc interfaces/RadioControllerInterface.o
                0x00002ed8                _Z10ScaleValuei
 .text._ZN10helicopter10interfaces24RadioControllerInterface27getRadioControllerInterfaceEv
                0x00002f94       0x50 interfaces/RadioControllerInterface.o
                0x00002f94                _ZN10helicopter10interfaces24RadioControllerInterface27getRadioControllerInterfaceEv
 .text.__vector_46
                0x00002fe4      0x196 interfaces/RadioControllerInterface.o
                0x00002fe4                __vector_46
 .text._ZN10helicopter10interfaces24RadioControllerInterface4initEv
                0x0000317a       0x38 interfaces/RadioControllerInterface.o
                0x0000317a                _ZN10helicopter10interfaces24RadioControllerInterface4initEv
 .text._ZN10helicopter10interfaces24RadioControllerInterface5startEv
                0x000031b2        0xc interfaces/RadioControllerInterface.o
                0x000031b2                _ZN10helicopter10interfaces24RadioControllerInterface5startEv
 .text._ZN10helicopter8messages7MessageD2Ev
                0x000031be        0xc messages/Message.o
                0x000031be                _ZN10helicopter8messages7MessageD1Ev
                0x000031be                _ZN10helicopter8messages7MessageD2Ev
 .text._ZN10helicopter8messages7Message8getBytesEv
                0x000031ca        0x6 messages/Message.o
                0x000031ca                _ZN10helicopter8messages7Message8getBytesEv
 .text._ZN10helicopter8messages7Message12buildMessageEPh
                0x000031d0        0x2 messages/Message.o
                0x000031d0                _ZN10helicopter8messages7Message12buildMessageEPh
 .text._ZN10helicopter8messages7MessageD0Ev
                0x000031d2       0x10 messages/Message.o
                0x000031d2                _ZN10helicopter8messages7MessageD0Ev
 .text._ZN10helicopter8messages7Message14getMessageSizeEv
                0x000031e2        0x8 messages/Message.o
                0x000031e2                _ZN10helicopter8messages7Message14getMessageSizeEv
 .text._ZN10helicopter8messages11SyncMessageD2Ev
                0x000031ea        0xc messages/SyncMessage.o
                0x000031ea                _ZN10helicopter8messages11SyncMessageD2Ev
                0x000031ea                _ZN10helicopter8messages11SyncMessageD1Ev
 .text._ZN10helicopter8messages11SyncMessage12buildMessageEPh
                0x000031f6       0x10 messages/SyncMessage.o
                0x000031f6                _ZN10helicopter8messages11SyncMessage12buildMessageEPh
 .text._ZN10helicopter8messages11SyncMessage8getBytesEv
                0x00003206       0x1e messages/SyncMessage.o
                0x00003206                _ZN10helicopter8messages11SyncMessage8getBytesEv
 .text._ZN10helicopter8messages11SyncMessageD0Ev
                0x00003224       0x10 messages/SyncMessage.o
                0x00003224                _ZN10helicopter8messages11SyncMessageD0Ev
 .text._ZN10helicopter8messages22SystemTelemetryMessageD2Ev
                0x00003234        0xc messages/SystemTelemetryMessage.o
                0x00003234                _ZN10helicopter8messages22SystemTelemetryMessageD2Ev
                0x00003234                _ZN10helicopter8messages22SystemTelemetryMessageD1Ev
 .text._ZN10helicopter8messages22SystemTelemetryMessageD0Ev
                0x00003240       0x10 messages/SystemTelemetryMessage.o
                0x00003240                _ZN10helicopter8messages22SystemTelemetryMessageD0Ev
 .text._ZN10helicopter8messages22SystemTelemetryMessage8getBytesEv
                0x00003250      0x814 messages/SystemTelemetryMessage.o
                0x00003250                _ZN10helicopter8messages22SystemTelemetryMessage8getBytesEv
 .text._ZN10helicopter8messages22SystemTelemetryMessage12buildMessageEPh
                0x00003a64      0x83e messages/SystemTelemetryMessage.o
                0x00003a64                _ZN10helicopter8messages22SystemTelemetryMessage12buildMessageEPh
 .text._ZN10helicopter8messages22SystemTelemetryMessage14buildMessageStEPh
                0x000042a2      0x3ca messages/SystemTelemetryMessage.o
                0x000042a2                _ZN10helicopter8messages22SystemTelemetryMessage14buildMessageStEPh
 .text._ZN10helicopter8messages22SystemTelemetryMessage21buildMessageFromModelEPNS_5model11SystemModelE
                0x0000466c      0xb4e messages/SystemTelemetryMessage.o
                0x0000466c                _ZN10helicopter8messages22SystemTelemetryMessage21buildMessageFromModelEPNS_5model11SystemModelE
 .text._ZN10helicopter8messages22SystemTelemetryMessage35updateModelFromMessageFromSimulatorEPNS_5model11SystemModelE
                0x000051ba      0x1fc messages/SystemTelemetryMessage.o
                0x000051ba                _ZN10helicopter8messages22SystemTelemetryMessage35updateModelFromMessageFromSimulatorEPNS_5model11SystemModelE
 .text._ZN10helicopter10navigation4AHRS14scaleAndAdjustEPfS2_fRA3_f
                0x000053b6       0xbe navigation/AHRS.o
                0x000053b6                _ZN10helicopter10navigation4AHRS14scaleAndAdjustEPfS2_fRA3_f
 .text._ZN10helicopter10navigation4AHRS17orthonormalizeDcmEv
                0x00005474       0xae navigation/AHRS.o
                0x00005474                _ZN10helicopter10navigation4AHRS17orthonormalizeDcmEv
 .text._ZN10helicopter10navigation4AHRS6updateEfffffffff
                0x00005522      0x4e0 navigation/AHRS.o
                0x00005522                _ZN10helicopter10navigation4AHRS6updateEfffffffff
 .text._ZN10helicopter10navigation4AHRS10getYawRadsEv
                0x00005a02       0x14 navigation/AHRS.o
                0x00005a02                _ZN10helicopter10navigation4AHRS10getYawRadsEv
 .text._ZN10helicopter10navigation4AHRS12getPitchRadsEv
                0x00005a16       0x14 navigation/AHRS.o
                0x00005a16                _ZN10helicopter10navigation4AHRS12getPitchRadsEv
 .text._ZN10helicopter10navigation4AHRS11getRollRadsEv
                0x00005a2a       0x14 navigation/AHRS.o
                0x00005a2a                _ZN10helicopter10navigation4AHRS11getRollRadsEv
 .text._ZN10helicopter9scheduler9SchedulerC2Em9PRESCALERi
                0x00005a3e       0x66 scheduler/Scheduler.o
                0x00005a3e                _ZN10helicopter9scheduler9SchedulerC2Em9PRESCALERi
                0x00005a3e                _ZN10helicopter9scheduler9SchedulerC1Em9PRESCALERi
 .text._ZN10helicopter9scheduler9Scheduler12getSchedulerEv
                0x00005aa4       0x4c scheduler/Scheduler.o
                0x00005aa4                _ZN10helicopter9scheduler9Scheduler12getSchedulerEv
 .text._ZN10helicopter9scheduler9Scheduler7addTaskEPNS_5tasks4TaskE
                0x00005af0       0x34 scheduler/Scheduler.o
                0x00005af0                _ZN10helicopter9scheduler9Scheduler7addTaskEPNS_5tasks4TaskE
 .text._ZN10helicopter9scheduler9Scheduler4initEv
                0x00005b24       0x7e scheduler/Scheduler.o
                0x00005b24                _ZN10helicopter9scheduler9Scheduler4initEv
 .text._ZN10helicopter9scheduler9Scheduler8dispatchEv
                0x00005ba2       0x82 scheduler/Scheduler.o
                0x00005ba2                _ZN10helicopter9scheduler9Scheduler8dispatchEv
 .text._ZN10helicopter9scheduler9Scheduler5startEv
                0x00005c24       0x72 scheduler/Scheduler.o
                0x00005c24                _ZN10helicopter9scheduler9Scheduler5startEv
 .text.__vector_17
                0x00005c96       0xa6 scheduler/Scheduler.o
                0x00005c96                __vector_17
 .text._ZN10helicopter7sensors15BarometerSensor4initEv
                0x00005d3c      0x166 sensors/BarometerSensor.o
                0x00005d3c                _ZN10helicopter7sensors15BarometerSensor4initEv
 .text._ZN10helicopter7sensors15BarometerSensor10readSensorEv
                0x00005ea2      0x7ee sensors/BarometerSensor.o
                0x00005ea2                _ZN10helicopter7sensors15BarometerSensor10readSensorEv
 .text._ZN10helicopter7sensors9GPSSensor14receiveGpsDataEmPhi
                0x00006690       0xf2 sensors/GPSSensor.o
                0x00006690                _ZN10helicopter7sensors9GPSSensor14receiveGpsDataEmPhi
 .text._ZN10helicopter7sensors9GPSSensor10readSensorEPhiS2_i
                0x00006782       0x7e sensors/GPSSensor.o
                0x00006782                _ZN10helicopter7sensors9GPSSensor10readSensorEPhiS2_i
 .text._ZN10helicopter7sensors9GPSSensor18readSensorSolutionEv
                0x00006800      0x186 sensors/GPSSensor.o
                0x00006800                _ZN10helicopter7sensors9GPSSensor18readSensorSolutionEv
 .text._ZN10helicopter7sensors9GPSSensor4initEv
                0x00006986       0xd0 sensors/GPSSensor.o
                0x00006986                _ZN10helicopter7sensors9GPSSensor4initEv
 .text._ZN10helicopter7sensors9IMUSensor4initEv
                0x00006a56       0x84 sensors/IMUSensor.o
                0x00006a56                _ZN10helicopter7sensors9IMUSensor4initEv
 .text._ZN10helicopter7sensors9IMUSensor10readSensorEv
                0x00006ada      0x1f2 sensors/IMUSensor.o
                0x00006ada                _ZN10helicopter7sensors9IMUSensor10readSensorEv
 .text._ZN10helicopter7sensors18MagnetometerSensorC2EPNS_7drivers9TWIDriverE
                0x00006ccc       0x74 sensors/MagnetometerSensor.o
                0x00006ccc                _ZN10helicopter7sensors18MagnetometerSensorC1EPNS_7drivers9TWIDriverE
                0x00006ccc                _ZN10helicopter7sensors18MagnetometerSensorC2EPNS_7drivers9TWIDriverE
 .text._ZN10helicopter7sensors18MagnetometerSensor4initEv
                0x00006d40       0xb8 sensors/MagnetometerSensor.o
                0x00006d40                _ZN10helicopter7sensors18MagnetometerSensor4initEv
 .text._ZN10helicopter7sensors18MagnetometerSensor10readSensorEv
                0x00006df8      0x196 sensors/MagnetometerSensor.o
                0x00006df8                _ZN10helicopter7sensors18MagnetometerSensor10readSensorEv
 .text._ZN10helicopter5tasks4Task4initEv
                0x00006f8e        0x2 tasks/NavigationTask.o
                0x00006f8e                _ZN10helicopter5tasks4Task4initEv
 .text._ZN10helicopter5tasks14NavigationTaskD2Ev
                0x00006f90        0xc tasks/NavigationTask.o
                0x00006f90                _ZN10helicopter5tasks14NavigationTaskD1Ev
                0x00006f90                _ZN10helicopter5tasks14NavigationTaskD2Ev
 .text._ZN10helicopter5tasks14NavigationTaskD0Ev
                0x00006f9c       0x10 tasks/NavigationTask.o
                0x00006f9c                _ZN10helicopter5tasks14NavigationTaskD0Ev
 .text._ZN10helicopter5tasks14NavigationTask11runTaskImplEv
                0x00006fac      0x532 tasks/NavigationTask.o
                0x00006fac                _ZN10helicopter5tasks14NavigationTask11runTaskImplEv
 .text._ZN10helicopter5tasks14NavigationTaskC2EfPNS_10navigation4AHRSEPNS_5model11SystemModelEii
                0x000074de       0x62 tasks/NavigationTask.o
                0x000074de                _ZN10helicopter5tasks14NavigationTaskC2EfPNS_10navigation4AHRSEPNS_5model11SystemModelEii
                0x000074de                _ZN10helicopter5tasks14NavigationTaskC1EfPNS_10navigation4AHRSEPNS_5model11SystemModelEii
 .text._ZN10helicopter5tasks16PIDInnerLoopTaskD2Ev
                0x00007540        0xc tasks/PIDInnerLoopTask.o
                0x00007540                _ZN10helicopter5tasks16PIDInnerLoopTaskD1Ev
                0x00007540                _ZN10helicopter5tasks16PIDInnerLoopTaskD2Ev
 .text._ZN10helicopter5tasks16PIDInnerLoopTaskD0Ev
                0x0000754c       0x10 tasks/PIDInnerLoopTask.o
                0x0000754c                _ZN10helicopter5tasks16PIDInnerLoopTaskD0Ev
 .text._ZN10helicopter5tasks16PIDInnerLoopTask11runTaskImplEv
                0x0000755c       0x1c tasks/PIDInnerLoopTask.o
                0x0000755c                _ZN10helicopter5tasks16PIDInnerLoopTask11runTaskImplEv
 .text._ZN10helicopter5tasks16PIDInnerLoopTaskC2EPNS_10controller13PIDControllerEii
                0x00007578       0x2a tasks/PIDInnerLoopTask.o
                0x00007578                _ZN10helicopter5tasks16PIDInnerLoopTaskC2EPNS_10controller13PIDControllerEii
                0x00007578                _ZN10helicopter5tasks16PIDInnerLoopTaskC1EPNS_10controller13PIDControllerEii
 .text._ZN10helicopter5tasks16PIDOuterLoopTaskD2Ev
                0x000075a2        0xc tasks/PIDOuterLoopTask.o
                0x000075a2                _ZN10helicopter5tasks16PIDOuterLoopTaskD1Ev
                0x000075a2                _ZN10helicopter5tasks16PIDOuterLoopTaskD2Ev
 .text._ZN10helicopter5tasks16PIDOuterLoopTaskD0Ev
                0x000075ae       0x10 tasks/PIDOuterLoopTask.o
                0x000075ae                _ZN10helicopter5tasks16PIDOuterLoopTaskD0Ev
 .text._ZN10helicopter5tasks16PIDOuterLoopTask11runTaskImplEv
                0x000075be        0xc tasks/PIDOuterLoopTask.o
                0x000075be                _ZN10helicopter5tasks16PIDOuterLoopTask11runTaskImplEv
 .text._ZN10helicopter5tasks16PIDOuterLoopTaskC2EPNS_10controller13PIDControllerEii
                0x000075ca       0x2a tasks/PIDOuterLoopTask.o
                0x000075ca                _ZN10helicopter5tasks16PIDOuterLoopTaskC1EPNS_10controller13PIDControllerEii
                0x000075ca                _ZN10helicopter5tasks16PIDOuterLoopTaskC2EPNS_10controller13PIDControllerEii
 .text._ZN10helicopter5tasks23ReadBarometerSensorTaskD2Ev
                0x000075f4        0xc tasks/ReadBarometerSensorTask.o
                0x000075f4                _ZN10helicopter5tasks23ReadBarometerSensorTaskD1Ev
                0x000075f4                _ZN10helicopter5tasks23ReadBarometerSensorTaskD2Ev
 .text._ZN10helicopter5tasks23ReadBarometerSensorTaskD0Ev
                0x00007600       0x10 tasks/ReadBarometerSensorTask.o
                0x00007600                _ZN10helicopter5tasks23ReadBarometerSensorTaskD0Ev
 .text._ZN10helicopter5tasks23ReadBarometerSensorTask11runTaskImplEv
                0x00007610        0xc tasks/ReadBarometerSensorTask.o
                0x00007610                _ZN10helicopter5tasks23ReadBarometerSensorTask11runTaskImplEv
 .text._ZN10helicopter5tasks23ReadBarometerSensorTaskC2EPNS_5model11SystemModelEPNS_7sensors15BarometerSensorEii
                0x0000761c       0x40 tasks/ReadBarometerSensorTask.o
                0x0000761c                _ZN10helicopter5tasks23ReadBarometerSensorTaskC2EPNS_5model11SystemModelEPNS_7sensors15BarometerSensorEii
                0x0000761c                _ZN10helicopter5tasks23ReadBarometerSensorTaskC1EPNS_5model11SystemModelEPNS_7sensors15BarometerSensorEii
 .text._ZN10helicopter5tasks17ReadGPSSensorTaskD2Ev
                0x0000765c        0xc tasks/ReadGPSSensorTask.o
                0x0000765c                _ZN10helicopter5tasks17ReadGPSSensorTaskD2Ev
                0x0000765c                _ZN10helicopter5tasks17ReadGPSSensorTaskD1Ev
 .text._ZN10helicopter5tasks17ReadGPSSensorTaskD0Ev
                0x00007668       0x10 tasks/ReadGPSSensorTask.o
                0x00007668                _ZN10helicopter5tasks17ReadGPSSensorTaskD0Ev
 .text._ZN10helicopter5tasks17ReadGPSSensorTask11runTaskImplEv
                0x00007678       0xbc tasks/ReadGPSSensorTask.o
                0x00007678                _ZN10helicopter5tasks17ReadGPSSensorTask11runTaskImplEv
 .text._ZN10helicopter5tasks17ReadGPSSensorTaskC2EPNS_5model11SystemModelEPNS_7sensors9GPSSensorEii
                0x00007734       0x44 tasks/ReadGPSSensorTask.o
                0x00007734                _ZN10helicopter5tasks17ReadGPSSensorTaskC2EPNS_5model11SystemModelEPNS_7sensors9GPSSensorEii
                0x00007734                _ZN10helicopter5tasks17ReadGPSSensorTaskC1EPNS_5model11SystemModelEPNS_7sensors9GPSSensorEii
 .text._ZN10helicopter5tasks17ReadIMUSensorTaskD2Ev
                0x00007778        0xc tasks/ReadIMUSensorTask.o
                0x00007778                _ZN10helicopter5tasks17ReadIMUSensorTaskD2Ev
                0x00007778                _ZN10helicopter5tasks17ReadIMUSensorTaskD1Ev
 .text._ZN10helicopter5tasks17ReadIMUSensorTaskD0Ev
                0x00007784       0x10 tasks/ReadIMUSensorTask.o
                0x00007784                _ZN10helicopter5tasks17ReadIMUSensorTaskD0Ev
 .text._ZN10helicopter5tasks17ReadIMUSensorTask11runTaskImplEv
                0x00007794        0xc tasks/ReadIMUSensorTask.o
                0x00007794                _ZN10helicopter5tasks17ReadIMUSensorTask11runTaskImplEv
 .text._ZN10helicopter5tasks17ReadIMUSensorTaskC2EPNS_5model11SystemModelEPNS_7sensors9IMUSensorEii
                0x000077a0       0x40 tasks/ReadIMUSensorTask.o
                0x000077a0                _ZN10helicopter5tasks17ReadIMUSensorTaskC1EPNS_5model11SystemModelEPNS_7sensors9IMUSensorEii
                0x000077a0                _ZN10helicopter5tasks17ReadIMUSensorTaskC2EPNS_5model11SystemModelEPNS_7sensors9IMUSensorEii
 .text._ZN10helicopter5tasks26ReadMagnetometerSensorTaskD2Ev
                0x000077e0        0xc tasks/ReadMagnetometerSensorTask.o
                0x000077e0                _ZN10helicopter5tasks26ReadMagnetometerSensorTaskD2Ev
                0x000077e0                _ZN10helicopter5tasks26ReadMagnetometerSensorTaskD1Ev
 .text._ZN10helicopter5tasks26ReadMagnetometerSensorTaskD0Ev
                0x000077ec       0x10 tasks/ReadMagnetometerSensorTask.o
                0x000077ec                _ZN10helicopter5tasks26ReadMagnetometerSensorTaskD0Ev
 .text._ZN10helicopter5tasks26ReadMagnetometerSensorTask11runTaskImplEv
                0x000077fc        0xc tasks/ReadMagnetometerSensorTask.o
                0x000077fc                _ZN10helicopter5tasks26ReadMagnetometerSensorTask11runTaskImplEv
 .text._ZN10helicopter5tasks26ReadMagnetometerSensorTaskC2EPNS_5model11SystemModelEPNS_7sensors18MagnetometerSensorEii
                0x00007808       0x40 tasks/ReadMagnetometerSensorTask.o
                0x00007808                _ZN10helicopter5tasks26ReadMagnetometerSensorTaskC1EPNS_5model11SystemModelEPNS_7sensors18MagnetometerSensorEii
                0x00007808                _ZN10helicopter5tasks26ReadMagnetometerSensorTaskC2EPNS_5model11SystemModelEPNS_7sensors18MagnetometerSensorEii
 .text._ZN10helicopter5tasks16SimTelemetryTaskD2Ev
                0x00007848        0xc tasks/SimTelemetryTask.o
                0x00007848                _ZN10helicopter5tasks16SimTelemetryTaskD1Ev
                0x00007848                _ZN10helicopter5tasks16SimTelemetryTaskD2Ev
 .text._ZN10helicopter5tasks16SimTelemetryTaskD0Ev
                0x00007854       0x10 tasks/SimTelemetryTask.o
                0x00007854                _ZN10helicopter5tasks16SimTelemetryTaskD0Ev
 .text._ZN10helicopter5tasks16SimTelemetryTask11runTaskImplEv
                0x00007864      0x3d4 tasks/SimTelemetryTask.o
                0x00007864                _ZN10helicopter5tasks16SimTelemetryTask11runTaskImplEv
 .text._ZN10helicopter5tasks16SimTelemetryTaskC2EPNS_10interfaces29GroundControlStationInterfaceEPNS_5model11SystemModelEPNS_10controller13PIDControllerEii
                0x00007c38       0x56 tasks/SimTelemetryTask.o
                0x00007c38                _ZN10helicopter5tasks16SimTelemetryTaskC2EPNS_10interfaces29GroundControlStationInterfaceEPNS_5model11SystemModelEPNS_10controller13PIDControllerEii
                0x00007c38                _ZN10helicopter5tasks16SimTelemetryTaskC1EPNS_10interfaces29GroundControlStationInterfaceEPNS_5model11SystemModelEPNS_10controller13PIDControllerEii
 .text._ZN10helicopter5tasks4Task11runTaskImplEv
                0x00007c8e        0x2 tasks/Task.o
                0x00007c8e                _ZN10helicopter5tasks4Task11runTaskImplEv
 .text._ZN10helicopter5tasks4TaskD2Ev
                0x00007c90        0xc tasks/Task.o
                0x00007c90                _ZN10helicopter5tasks4TaskD2Ev
                0x00007c90                _ZN10helicopter5tasks4TaskD1Ev
 .text._ZN10helicopter5tasks4Task7runTaskEv
                0x00007c9c       0x14 tasks/Task.o
                0x00007c9c                _ZN10helicopter5tasks4Task7runTaskEv
 .text._ZN10helicopter5tasks4TaskD0Ev
                0x00007cb0       0x10 tasks/Task.o
                0x00007cb0                _ZN10helicopter5tasks4TaskD0Ev
 .text._ZN10helicopter5tasks4TaskC2Eii
                0x00007cc0       0x16 tasks/Task.o
                0x00007cc0                _ZN10helicopter5tasks4TaskC2Eii
                0x00007cc0                _ZN10helicopter5tasks4TaskC1Eii
 .text._ZN10helicopter5tasks21TransmitTelemetryTaskD2Ev
                0x00007cd6        0xc tasks/TransmitTelemetryTask.o
                0x00007cd6                _ZN10helicopter5tasks21TransmitTelemetryTaskD1Ev
                0x00007cd6                _ZN10helicopter5tasks21TransmitTelemetryTaskD2Ev
 .text._ZN10helicopter5tasks21TransmitTelemetryTaskD0Ev
                0x00007ce2       0x10 tasks/TransmitTelemetryTask.o
                0x00007ce2                _ZN10helicopter5tasks21TransmitTelemetryTaskD0Ev
 .text._ZN10helicopter5tasks21TransmitTelemetryTask11runTaskImplEv
                0x00007cf2       0x3e tasks/TransmitTelemetryTask.o
                0x00007cf2                _ZN10helicopter5tasks21TransmitTelemetryTask11runTaskImplEv
 .text._ZN10helicopter5tasks21TransmitTelemetryTaskC2EPNS_10interfaces29GroundControlStationInterfaceEPNS_5model11SystemModelEii
                0x00007d30       0x40 tasks/TransmitTelemetryTask.o
                0x00007d30                _ZN10helicopter5tasks21TransmitTelemetryTaskC2EPNS_10interfaces29GroundControlStationInterfaceEPNS_5model11SystemModelEii
                0x00007d30                _ZN10helicopter5tasks21TransmitTelemetryTaskC1EPNS_10interfaces29GroundControlStationInterfaceEPNS_5model11SystemModelEii
 .text._Znwj    0x00007d70        0x6 util/CommonHeader.o
                0x00007d70                _Znwj
 .text._ZdlPv   0x00007d76        0xa util/CommonHeader.o
                0x00007d76                _ZdlPv
 .text._Znaj    0x00007d80        0x6 util/CommonHeader.o
                0x00007d80                _Znaj
 .text._ZdaPv   0x00007d86        0xa util/CommonHeader.o
                0x00007d86                _ZdaPv
 .text._ZN10helicopter4util14CoordinateUtil12DegreesToRadEf
                0x00007d90        0xe util/CoordinateUtil.o
                0x00007d90                _ZN10helicopter4util14CoordinateUtil12DegreesToRadEf
 .text._ZN10helicopter4util14CoordinateUtil37CalculateECEFToLocalNEDRotationMatrixEffRA3_A3_f
                0x00007d9e      0x15a util/CoordinateUtil.o
                0x00007d9e                _ZN10helicopter4util14CoordinateUtil37CalculateECEFToLocalNEDRotationMatrixEffRA3_A3_f
 .text._ZN10helicopter4util14CoordinateUtil25ConvertFromECEFToLocalNEDEllllllPA3_fRfS4_S4_
                0x00007ef8      0x122 util/CoordinateUtil.o
                0x00007ef8                _ZN10helicopter4util14CoordinateUtil25ConvertFromECEFToLocalNEDEllllllPA3_fRfS4_S4_
 .text._ZN10helicopter4util10MatrixUtil12CrossProductEPfS2_RA3_f
                0x0000801a      0x108 util/MatrixUtil.o
                0x0000801a                _ZN10helicopter4util10MatrixUtil12CrossProductEPfS2_RA3_f
 .text._ZN10helicopter4util10MatrixUtil9NormalizeERA3_f
                0x00008122      0x12c util/MatrixUtil.o
                0x00008122                _ZN10helicopter4util10MatrixUtil9NormalizeERA3_f
 .text._ZN10helicopter4util10MatrixUtil20CreateRotationMatrixEfffRA3_A3_f
                0x0000824e      0x296 util/MatrixUtil.o
                0x0000824e                _ZN10helicopter4util10MatrixUtil20CreateRotationMatrixEfffRA3_A3_f
 .text._ZN10helicopter4util10MatrixUtil30CreateRotationMatrixTransposedEfffRA3_A3_f
                0x000084e4      0x28e util/MatrixUtil.o
                0x000084e4                _ZN10helicopter4util10MatrixUtil30CreateRotationMatrixTransposedEfffRA3_A3_f
 .text._ZN10helicopter4util10MatrixUtil12RotateMatrixEPA3_fPiRS2_
                0x00008772       0xfe util/MatrixUtil.o
                0x00008772                _ZN10helicopter4util10MatrixUtil12RotateMatrixEPA3_fPiRS2_
 .text._ZN10helicopter4util10MatrixUtil12RotateMatrixEPA3_fPfRS2_
                0x00008870       0xca util/MatrixUtil.o
                0x00008870                _ZN10helicopter4util10MatrixUtil12RotateMatrixEPA3_fPfRS2_
 .text._ZN10helicopter4util10MatrixUtil10DotProductEPfS2_
                0x0000893a       0x88 util/MatrixUtil.o
                0x0000893a                _ZN10helicopter4util10MatrixUtil10DotProductEPfS2_
 .text._ZN10helicopter4util5Timer11hasTimedoutEv
                0x000089c2        0x8 util/Timer.o
                0x000089c2                _ZN10helicopter4util5Timer11hasTimedoutEv
 .text._ZN10helicopter4util5Timer9stopTimerEv
                0x000089ca       0x10 util/Timer.o
                0x000089ca                _ZN10helicopter4util5Timer9stopTimerEv
 .text._ZN10helicopter4util5Timer10startTimerEv
                0x000089da       0xf2 util/Timer.o
                0x000089da                _ZN10helicopter4util5Timer10startTimerEv
 .text.avr-libc.fplib
                0x00008acc        0xa c:/program files (x86)/atmel/atmel toolchain/avr8 gcc/native/3.4.2.1002/avr8-gnu-toolchain/bin/../lib/gcc/avr/4.7.2/../../../../avr/lib/avr6\libm.a(addsf3.o)
                0x00008acc                __subsf3
                0x00008ace                __addsf3
 .text.avr-libc.fplib
                0x00008ad6       0xc0 c:/program files (x86)/atmel/atmel toolchain/avr8 gcc/native/3.4.2.1002/avr8-gnu-toolchain/bin/../lib/gcc/avr/4.7.2/../../../../avr/lib/avr6\libm.a(addsf3x.o)
                0x00008af0                __addsf3x
 .text.avr-libc.fplib
                0x00008b96       0x2e c:/program files (x86)/atmel/atmel toolchain/avr8 gcc/native/3.4.2.1002/avr8-gnu-toolchain/bin/../lib/gcc/avr/4.7.2/../../../../avr/lib/avr6\libm.a(asin.o)
                0x00008b96                asin
 .text.avr-libc.fplib
                0x00008bc4       0x74 c:/program files (x86)/atmel/atmel toolchain/avr8 gcc/native/3.4.2.1002/avr8-gnu-toolchain/bin/../lib/gcc/avr/4.7.2/../../../../avr/lib/avr6\libm.a(atan2.o)
                0x00008be2                atan2
 .text.avr-libc.fplib
                0x00008c38       0x50 c:/program files (x86)/atmel/atmel toolchain/avr8 gcc/native/3.4.2.1002/avr8-gnu-toolchain/bin/../lib/gcc/avr/4.7.2/../../../../avr/lib/avr6\libm.a(atan.o)
                0x00008c38                atan
 .text.avr-libc.fplib
                0x00008c88        0x8 c:/program files (x86)/atmel/atmel toolchain/avr8 gcc/native/3.4.2.1002/avr8-gnu-toolchain/bin/../lib/gcc/avr/4.7.2/../../../../avr/lib/avr6\libm.a(cmpsf2.o)
                0x00008c88                __nesf2
                0x00008c88                __eqsf2
                0x00008c88                __cmpsf2
                0x00008c88                __ltsf2
                0x00008c88                __lesf2
 .text.avr-libc.fplib
                0x00008c90        0x6 c:/program files (x86)/atmel/atmel toolchain/avr8 gcc/native/3.4.2.1002/avr8-gnu-toolchain/bin/../lib/gcc/avr/4.7.2/../../../../avr/lib/avr6\libm.a(cos.o)
                0x00008c90                cos
 .text.avr-libc.fplib
                0x00008c96        0x4 c:/program files (x86)/atmel/atmel toolchain/avr8 gcc/native/3.4.2.1002/avr8-gnu-toolchain/bin/../lib/gcc/avr/4.7.2/../../../../avr/lib/avr6\libm.a(divsf3.o)
                0x00008c96                __divsf3
 .text.avr-libc.fplib
                0x00008c9a       0xcc c:/program files (x86)/atmel/atmel toolchain/avr8 gcc/native/3.4.2.1002/avr8-gnu-toolchain/bin/../lib/gcc/avr/4.7.2/../../../../avr/lib/avr6\libm.a(divsf3x.o)
                0x00008cb0                __divsf3x
                0x00008cb4                __divsf3_pse
 .text.avr-libc.fplib
                0x00008d66        0xa c:/program files (x86)/atmel/atmel toolchain/avr8 gcc/native/3.4.2.1002/avr8-gnu-toolchain/bin/../lib/gcc/avr/4.7.2/../../../../avr/lib/avr6\libm.a(fixsfsi.o)
                0x00008d66                __fixsfsi
 .text.avr-libc.fplib
                0x00008d70       0x58 c:/program files (x86)/atmel/atmel toolchain/avr8 gcc/native/3.4.2.1002/avr8-gnu-toolchain/bin/../lib/gcc/avr/4.7.2/../../../../avr/lib/avr6\libm.a(fixunssfsi.o)
                0x00008d70                __fixunssfsi
 .text.avr-libc.fplib
                0x00008dc8       0x7a c:/program files (x86)/atmel/atmel toolchain/avr8 gcc/native/3.4.2.1002/avr8-gnu-toolchain/bin/../lib/gcc/avr/4.7.2/../../../../avr/lib/avr6\libm.a(floatsisf.o)
                0x00008dc8                __floatunsisf
                0x00008dcc                __floatsisf
 .text.avr-libc.fplib
                0x00008e42       0x26 c:/program files (x86)/atmel/atmel toolchain/avr8 gcc/native/3.4.2.1002/avr8-gnu-toolchain/bin/../lib/gcc/avr/4.7.2/../../../../avr/lib/avr6\libm.a(floor.o)
                0x00008e42                floor
 .text.avr-libc.fplib
                0x00008e68       0x36 c:/program files (x86)/atmel/atmel toolchain/avr8 gcc/native/3.4.2.1002/avr8-gnu-toolchain/bin/../lib/gcc/avr/4.7.2/../../../../avr/lib/avr6\libm.a(fp_arccos.o)
                0x00008e68                __fp_arccos
 .text.avr-libc.fplib
                0x00008e9e       0x48 c:/program files (x86)/atmel/atmel toolchain/avr8 gcc/native/3.4.2.1002/avr8-gnu-toolchain/bin/../lib/gcc/avr/4.7.2/../../../../avr/lib/avr6\libm.a(fp_cmp.o)
                0x00008e9e                __fp_cmp
 .text.avr-libc.fplib
                0x00008ee6        0xc c:/program files (x86)/atmel/atmel toolchain/avr8 gcc/native/3.4.2.1002/avr8-gnu-toolchain/bin/../lib/gcc/avr/4.7.2/../../../../avr/lib/avr6\libm.a(fp_inf.o)
                0x00008ee6                __fp_inf
 .text.avr-libc.fplib
                0x00008ef2       0x36 c:/program files (x86)/atmel/atmel toolchain/avr8 gcc/native/3.4.2.1002/avr8-gnu-toolchain/bin/../lib/gcc/avr/4.7.2/../../../../avr/lib/avr6\libm.a(fp_mintl.o)
                0x00008ef2                __fp_mintl
 .text.avr-libc.fplib
                0x00008f28       0x1c c:/program files (x86)/atmel/atmel toolchain/avr8 gcc/native/3.4.2.1002/avr8-gnu-toolchain/bin/../lib/gcc/avr/4.7.2/../../../../avr/lib/avr6\libm.a(fp_mpack.o)
                0x00008f28                __fp_mpack
                0x00008f2c                __fp_mpack_finite
 .text.avr-libc.fplib
                0x00008f44        0x6 c:/program files (x86)/atmel/atmel toolchain/avr8 gcc/native/3.4.2.1002/avr8-gnu-toolchain/bin/../lib/gcc/avr/4.7.2/../../../../avr/lib/avr6\libm.a(fp_nan.o)
                0x00008f44                __fp_nan
 .text.avr-libc.fplib
                0x00008f4a       0x4a c:/program files (x86)/atmel/atmel toolchain/avr8 gcc/native/3.4.2.1002/avr8-gnu-toolchain/bin/../lib/gcc/avr/4.7.2/../../../../avr/lib/avr6\libm.a(fp_powser.o)
                0x00008f4a                __fp_powser
 .text.avr-libc.fplib
                0x00008f94       0x22 c:/program files (x86)/atmel/atmel toolchain/avr8 gcc/native/3.4.2.1002/avr8-gnu-toolchain/bin/../lib/gcc/avr/4.7.2/../../../../avr/lib/avr6\libm.a(fp_powsodd.o)
                0x00008f94                __fp_powsodd
 .text.avr-libc.fplib
                0x00008fb6        0xe c:/program files (x86)/atmel/atmel toolchain/avr8 gcc/native/3.4.2.1002/avr8-gnu-toolchain/bin/../lib/gcc/avr/4.7.2/../../../../avr/lib/avr6\libm.a(fp_pscA.o)
                0x00008fb6                __fp_pscA
 .text.avr-libc.fplib
                0x00008fc4        0xe c:/program files (x86)/atmel/atmel toolchain/avr8 gcc/native/3.4.2.1002/avr8-gnu-toolchain/bin/../lib/gcc/avr/4.7.2/../../../../avr/lib/avr6\libm.a(fp_pscB.o)
                0x00008fc4                __fp_pscB
 .text.avr-libc.fplib
                0x00008fd2       0x50 c:/program files (x86)/atmel/atmel toolchain/avr8 gcc/native/3.4.2.1002/avr8-gnu-toolchain/bin/../lib/gcc/avr/4.7.2/../../../../avr/lib/avr6\libm.a(fp_rempio2.o)
                0x00008fd4                __fp_rempio2
 .text.avr-libc.fplib
                0x00009022       0x22 c:/program files (x86)/atmel/atmel toolchain/avr8 gcc/native/3.4.2.1002/avr8-gnu-toolchain/bin/../lib/gcc/avr/4.7.2/../../../../avr/lib/avr6\libm.a(fp_round.o)
                0x00009022                __fp_round
 .text.avr-libc.fplib
                0x00009044       0x22 c:/program files (x86)/atmel/atmel toolchain/avr8 gcc/native/3.4.2.1002/avr8-gnu-toolchain/bin/../lib/gcc/avr/4.7.2/../../../../avr/lib/avr6\libm.a(fp_sinus.o)
                0x00009044                __fp_sinus
 .text.avr-libc.fplib
                0x00009066       0x44 c:/program files (x86)/atmel/atmel toolchain/avr8 gcc/native/3.4.2.1002/avr8-gnu-toolchain/bin/../lib/gcc/avr/4.7.2/../../../../avr/lib/avr6\libm.a(fp_split3.o)
                0x00009066                __fp_split3
                0x00009076                __fp_splitA
 .text.avr-libc.fplib
                0x000090aa       0x2e c:/program files (x86)/atmel/atmel toolchain/avr8 gcc/native/3.4.2.1002/avr8-gnu-toolchain/bin/../lib/gcc/avr/4.7.2/../../../../avr/lib/avr6\libm.a(fp_trunc.o)
                0x000090aa                __fp_trunc
 .text.avr-libc.fplib
                0x000090d8        0xe c:/program files (x86)/atmel/atmel toolchain/avr8 gcc/native/3.4.2.1002/avr8-gnu-toolchain/bin/../lib/gcc/avr/4.7.2/../../../../avr/lib/avr6\libm.a(fp_zero.o)
                0x000090d8                __fp_zero
                0x000090da                __fp_szero
 .text.avr-libc.fplib
                0x000090e6        0x8 c:/program files (x86)/atmel/atmel toolchain/avr8 gcc/native/3.4.2.1002/avr8-gnu-toolchain/bin/../lib/gcc/avr/4.7.2/../../../../avr/lib/avr6\libm.a(gesf2.o)
                0x000090e6                __gesf2
                0x000090e6                __gtsf2
 .text.avr-libc.fplib
                0x000090ee        0xe c:/program files (x86)/atmel/atmel toolchain/avr8 gcc/native/3.4.2.1002/avr8-gnu-toolchain/bin/../lib/gcc/avr/4.7.2/../../../../avr/lib/avr6\libm.a(inverse.o)
                0x000090ee                inverse
 .text.avr-libc.fplib
                0x000090fc        0xc c:/program files (x86)/atmel/atmel toolchain/avr8 gcc/native/3.4.2.1002/avr8-gnu-toolchain/bin/../lib/gcc/avr/4.7.2/../../../../avr/lib/avr6\libm.a(log10.o)
                0x000090fc                log10
 .text.avr-libc.fplib
                0x00009108       0x8a c:/program files (x86)/atmel/atmel toolchain/avr8 gcc/native/3.4.2.1002/avr8-gnu-toolchain/bin/../lib/gcc/avr/4.7.2/../../../../avr/lib/avr6\libm.a(log.o)
                0x00009112                log
 .text.avr-libc.fplib
                0x00009192        0x4 c:/program files (x86)/atmel/atmel toolchain/avr8 gcc/native/3.4.2.1002/avr8-gnu-toolchain/bin/../lib/gcc/avr/4.7.2/../../../../avr/lib/avr6\libm.a(mulsf3.o)
                0x00009192                __mulsf3
 .text.avr-libc.fplib
                0x00009196       0xc2 c:/program files (x86)/atmel/atmel toolchain/avr8 gcc/native/3.4.2.1002/avr8-gnu-toolchain/bin/../lib/gcc/avr/4.7.2/../../../../avr/lib/avr6\libm.a(mulsf3x.o)
                0x000091aa                __mulsf3x
                0x000091ae                __mulsf3_pse
 .text.avr-libc.fplib
                0x00009258       0x98 c:/program files (x86)/atmel/atmel toolchain/avr8 gcc/native/3.4.2.1002/avr8-gnu-toolchain/bin/../lib/gcc/avr/4.7.2/../../../../avr/lib/avr6\libm.a(pow.o)
                0x00009258                pow
 .text.avr-libc.fplib
                0x000092f0        0xc c:/program files (x86)/atmel/atmel toolchain/avr8 gcc/native/3.4.2.1002/avr8-gnu-toolchain/bin/../lib/gcc/avr/4.7.2/../../../../avr/lib/avr6\libm.a(sin.o)
                0x000092f0                sin
 .text.avr-libc.fplib
                0x000092fc       0x84 c:/program files (x86)/atmel/atmel toolchain/avr8 gcc/native/3.4.2.1002/avr8-gnu-toolchain/bin/../lib/gcc/avr/4.7.2/../../../../avr/lib/avr6\libm.a(sqrt.o)
                0x00009304                sqrt
 .text.avr-libc.fplib
                0x00009380        0x6 c:/program files (x86)/atmel/atmel toolchain/avr8 gcc/native/3.4.2.1002/avr8-gnu-toolchain/bin/../lib/gcc/avr/4.7.2/../../../../avr/lib/avr6\libm.a(square.o)
                0x00009380                square
 .text.avr-libc.fplib
                0x00009386       0x62 c:/program files (x86)/atmel/atmel toolchain/avr8 gcc/native/3.4.2.1002/avr8-gnu-toolchain/bin/../lib/gcc/avr/4.7.2/../../../../avr/lib/avr6\libm.a(exp.o)
                0x00009390                exp
 .text.avr-libc.fplib
                0x000093e8        0xe c:/program files (x86)/atmel/atmel toolchain/avr8 gcc/native/3.4.2.1002/avr8-gnu-toolchain/bin/../lib/gcc/avr/4.7.2/../../../../avr/lib/avr6\libm.a(fp_norm2.o)
                0x000093e8                __fp_norm2
 .text.avr-libc.fplib
                0x000093f6       0x6c c:/program files (x86)/atmel/atmel toolchain/avr8 gcc/native/3.4.2.1002/avr8-gnu-toolchain/bin/../lib/gcc/avr/4.7.2/../../../../avr/lib/avr6\libm.a(ldexp.o)
                0x000093fa                ldexp
 .text.avr-libc.fplib
                0x00009462       0x66 c:/program files (x86)/atmel/atmel toolchain/avr8 gcc/native/3.4.2.1002/avr8-gnu-toolchain/bin/../lib/gcc/avr/4.7.2/../../../../avr/lib/avr6\libm.a(modf.o)
                0x00009462                modf
                0x00009462                modff
 .text.libgcc.div
                0x000094c8       0x28 c:/program files (x86)/atmel/atmel toolchain/avr8 gcc/native/3.4.2.1002/avr8-gnu-toolchain/bin/../lib/gcc/avr/4.7.2/avr6\libgcc.a(_divmodhi4.o)
                0x000094c8                _div
                0x000094c8                __divmodhi4
 .text.libgcc.div
                0x000094f0       0x44 c:/program files (x86)/atmel/atmel toolchain/avr8 gcc/native/3.4.2.1002/avr8-gnu-toolchain/bin/../lib/gcc/avr/4.7.2/avr6\libgcc.a(_udivmodsi4.o)
                0x000094f0                __udivmodsi4
 .text.libgcc.mul
                0x00009534       0xae c:/program files (x86)/atmel/atmel toolchain/avr8 gcc/native/3.4.2.1002/avr8-gnu-toolchain/bin/../lib/gcc/avr/4.7.2/avr6\libgcc.a(_muldi3.o)
                0x00009534                __muldi3
 .text.libgcc.builtins
                0x000095e2       0x1e c:/program files (x86)/atmel/atmel toolchain/avr8 gcc/native/3.4.2.1002/avr8-gnu-toolchain/bin/../lib/gcc/avr/4.7.2/avr6\libgcc.a(_ashldi3.o)
                0x000095e2                __ashldi3
 .text.libgcc.builtins
                0x00009600       0x1e c:/program files (x86)/atmel/atmel toolchain/avr8 gcc/native/3.4.2.1002/avr8-gnu-toolchain/bin/../lib/gcc/avr/4.7.2/avr6\libgcc.a(_ashrdi3.o)
                0x00009600                __ashrdi3
 .text.libgcc   0x0000961e       0x12 c:/program files (x86)/atmel/atmel toolchain/avr8 gcc/native/3.4.2.1002/avr8-gnu-toolchain/bin/../lib/gcc/avr/4.7.2/avr6\libgcc.a(_adddi3.o)
                0x0000961e                __adddi3
 .text.libgcc   0x00009630       0x12 c:/program files (x86)/atmel/atmel toolchain/avr8 gcc/native/3.4.2.1002/avr8-gnu-toolchain/bin/../lib/gcc/avr/4.7.2/avr6\libgcc.a(_subdi3.o)
                0x00009630                __subdi3
 .text.libgcc.div
                0x00009642       0x28 c:/program files (x86)/atmel/atmel toolchain/avr8 gcc/native/3.4.2.1002/avr8-gnu-toolchain/bin/../lib/gcc/avr/4.7.2/avr6\libgcc.a(_udivmodhi4.o)
                0x00009642                __udivmodhi4
 .text.libgcc.mul
                0x0000966a       0x18 c:/program files (x86)/atmel/atmel toolchain/avr8 gcc/native/3.4.2.1002/avr8-gnu-toolchain/bin/../lib/gcc/avr/4.7.2/avr6\libgcc.a(_umulhisi3.o)
                0x0000966a                __umulhisi3
 .text.avr-libc
                0x00009682      0x274 c:/program files (x86)/atmel/atmel toolchain/avr8 gcc/native/3.4.2.1002/avr8-gnu-toolchain/bin/../lib/gcc/avr/4.7.2/../../../../avr/lib/avr6\libc.a(malloc.o)
                0x00009682                malloc
                0x000097b8                free
 .text.avr-libc
                0x000098f6       0x12 c:/program files (x86)/atmel/atmel toolchain/avr8 gcc/native/3.4.2.1002/avr8-gnu-toolchain/bin/../lib/gcc/avr/4.7.2/../../../../avr/lib/avr6\libc.a(memcpy.o)
                0x000098f6                memcpy
                0x00009908                . = ALIGN (0x2)
 *(.fini9)
 .fini9         0x00009908        0x0 c:/program files (x86)/atmel/atmel toolchain/avr8 gcc/native/3.4.2.1002/avr8-gnu-toolchain/bin/../lib/gcc/avr/4.7.2/avr6\libgcc.a(_exit.o)
                0x00009908                _exit
                0x00009908                exit
 *(.fini9)
 *(.fini8)
 *(.fini8)
 *(.fini7)
 *(.fini7)
 *(.fini6)
 *(.fini6)
 *(.fini5)
 *(.fini5)
 *(.fini4)
 *(.fini4)
 *(.fini3)
 *(.fini3)
 *(.fini2)
 *(.fini2)
 *(.fini1)
 *(.fini1)
 *(.fini0)
 .fini0         0x00009908        0x4 c:/program files (x86)/atmel/atmel toolchain/avr8 gcc/native/3.4.2.1002/avr8-gnu-toolchain/bin/../lib/gcc/avr/4.7.2/avr6\libgcc.a(_exit.o)
 *(.fini0)
                0x0000990c                _etext = .

.data           0x00800200      0x118 load address 0x0000990c
                0x00800200                PROVIDE (__data_start, .)
 *(.data)
 .data          0x00800200        0x0 c:/program files (x86)/atmel/atmel toolchain/avr8 gcc/native/3.4.2.1002/avr8-gnu-toolchain/bin/../lib/gcc/avr/4.7.2/../../../../avr/lib/avr6/crtm2560.o
 .data          0x00800200        0x0 buffer/Buffer.o
 .data          0x00800200        0x0 buffer/Record.o
 .data          0x00800200        0x0 controller/PIDController.o
 .data          0x00800200        0x0 drivers/SerialDriver.o
 .data          0x00800200        0x0 drivers/SPIDriver.o
 .data          0x00800200        0x0 drivers/TWIDriver.o
 .data          0x00800200        0x0 HelicopterMain.o
 .data          0x00800200        0x0 interfaces/GroundControlStationInterface.o
 .data          0x00800200        0x0 interfaces/RadioControllerInterface.o
 .data          0x00800200        0x0 messages/Message.o
 .data          0x00800200        0x0 messages/SyncMessage.o
 .data          0x00800200        0x0 messages/SystemTelemetryMessage.o
 .data          0x00800200        0x0 model/SystemModel.o
 .data          0x00800200        0x0 navigation/AHRS.o
 .data          0x00800200        0x0 scheduler/Scheduler.o
 .data          0x00800200        0x0 sensors/BarometerSensor.o
 .data          0x00800200        0x0 sensors/GPSSensor.o
 .data          0x00800200        0x0 sensors/IMUSensor.o
 .data          0x00800200        0x0 sensors/MagnetometerSensor.o
 .data          0x00800200        0x0 tasks/NavigationTask.o
 .data          0x00800200        0x0 tasks/PIDInnerLoopTask.o
 .data          0x00800200        0x0 tasks/PIDOuterLoopTask.o
 .data          0x00800200        0x0 tasks/ReadBarometerSensorTask.o
 .data          0x00800200        0x0 tasks/ReadGPSSensorTask.o
 .data          0x00800200        0x0 tasks/ReadIMUSensorTask.o
 .data          0x00800200        0x0 tasks/ReadMagnetometerSensorTask.o
 .data          0x00800200        0x0 tasks/SensorProcessingTask.o
 .data          0x00800200        0x0 tasks/SimTelemetryTask.o
 .data          0x00800200        0x0 tasks/Task.o
 .data          0x00800200        0x0 tasks/TransmitTelemetryTask.o
 .data          0x00800200        0x0 util/CommonHeader.o
 .data          0x00800200        0x0 util/CoordinateUtil.o
 .data          0x00800200        0x0 util/MatrixUtil.o
 .data          0x00800200        0x0 util/Timer.o
 .data          0x00800200        0x0 c:/program files (x86)/atmel/atmel toolchain/avr8 gcc/native/3.4.2.1002/avr8-gnu-toolchain/bin/../lib/gcc/avr/4.7.2/../../../../avr/lib/avr6\libm.a(addsf3.o)
 .data          0x00800200        0x0 c:/program files (x86)/atmel/atmel toolchain/avr8 gcc/native/3.4.2.1002/avr8-gnu-toolchain/bin/../lib/gcc/avr/4.7.2/../../../../avr/lib/avr6\libm.a(addsf3x.o)
 .data          0x00800200        0x0 c:/program files (x86)/atmel/atmel toolchain/avr8 gcc/native/3.4.2.1002/avr8-gnu-toolchain/bin/../lib/gcc/avr/4.7.2/../../../../avr/lib/avr6\libm.a(asin.o)
 .data          0x00800200        0x0 c:/program files (x86)/atmel/atmel toolchain/avr8 gcc/native/3.4.2.1002/avr8-gnu-toolchain/bin/../lib/gcc/avr/4.7.2/../../../../avr/lib/avr6\libm.a(atan2.o)
 .data          0x00800200        0x0 c:/program files (x86)/atmel/atmel toolchain/avr8 gcc/native/3.4.2.1002/avr8-gnu-toolchain/bin/../lib/gcc/avr/4.7.2/../../../../avr/lib/avr6\libm.a(atan.o)
 .data          0x00800200        0x0 c:/program files (x86)/atmel/atmel toolchain/avr8 gcc/native/3.4.2.1002/avr8-gnu-toolchain/bin/../lib/gcc/avr/4.7.2/../../../../avr/lib/avr6\libm.a(cmpsf2.o)
 .data          0x00800200        0x0 c:/program files (x86)/atmel/atmel toolchain/avr8 gcc/native/3.4.2.1002/avr8-gnu-toolchain/bin/../lib/gcc/avr/4.7.2/../../../../avr/lib/avr6\libm.a(cos.o)
 .data          0x00800200        0x0 c:/program files (x86)/atmel/atmel toolchain/avr8 gcc/native/3.4.2.1002/avr8-gnu-toolchain/bin/../lib/gcc/avr/4.7.2/../../../../avr/lib/avr6\libm.a(divsf3.o)
 .data          0x00800200        0x0 c:/program files (x86)/atmel/atmel toolchain/avr8 gcc/native/3.4.2.1002/avr8-gnu-toolchain/bin/../lib/gcc/avr/4.7.2/../../../../avr/lib/avr6\libm.a(divsf3x.o)
 .data          0x00800200        0x0 c:/program files (x86)/atmel/atmel toolchain/avr8 gcc/native/3.4.2.1002/avr8-gnu-toolchain/bin/../lib/gcc/avr/4.7.2/../../../../avr/lib/avr6\libm.a(fixsfsi.o)
 .data          0x00800200        0x0 c:/program files (x86)/atmel/atmel toolchain/avr8 gcc/native/3.4.2.1002/avr8-gnu-toolchain/bin/../lib/gcc/avr/4.7.2/../../../../avr/lib/avr6\libm.a(fixunssfsi.o)
 .data          0x00800200        0x0 c:/program files (x86)/atmel/atmel toolchain/avr8 gcc/native/3.4.2.1002/avr8-gnu-toolchain/bin/../lib/gcc/avr/4.7.2/../../../../avr/lib/avr6\libm.a(floatsisf.o)
 .data          0x00800200        0x0 c:/program files (x86)/atmel/atmel toolchain/avr8 gcc/native/3.4.2.1002/avr8-gnu-toolchain/bin/../lib/gcc/avr/4.7.2/../../../../avr/lib/avr6\libm.a(floor.o)
 .data          0x00800200        0x0 c:/program files (x86)/atmel/atmel toolchain/avr8 gcc/native/3.4.2.1002/avr8-gnu-toolchain/bin/../lib/gcc/avr/4.7.2/../../../../avr/lib/avr6\libm.a(fp_arccos.o)
 .data          0x00800200        0x0 c:/program files (x86)/atmel/atmel toolchain/avr8 gcc/native/3.4.2.1002/avr8-gnu-toolchain/bin/../lib/gcc/avr/4.7.2/../../../../avr/lib/avr6\libm.a(fp_cmp.o)
 .data          0x00800200        0x0 c:/program files (x86)/atmel/atmel toolchain/avr8 gcc/native/3.4.2.1002/avr8-gnu-toolchain/bin/../lib/gcc/avr/4.7.2/../../../../avr/lib/avr6\libm.a(fp_inf.o)
 .data          0x00800200        0x0 c:/program files (x86)/atmel/atmel toolchain/avr8 gcc/native/3.4.2.1002/avr8-gnu-toolchain/bin/../lib/gcc/avr/4.7.2/../../../../avr/lib/avr6\libm.a(fp_mintl.o)
 .data          0x00800200        0x0 c:/program files (x86)/atmel/atmel toolchain/avr8 gcc/native/3.4.2.1002/avr8-gnu-toolchain/bin/../lib/gcc/avr/4.7.2/../../../../avr/lib/avr6\libm.a(fp_mpack.o)
 .data          0x00800200        0x0 c:/program files (x86)/atmel/atmel toolchain/avr8 gcc/native/3.4.2.1002/avr8-gnu-toolchain/bin/../lib/gcc/avr/4.7.2/../../../../avr/lib/avr6\libm.a(fp_nan.o)
 .data          0x00800200        0x0 c:/program files (x86)/atmel/atmel toolchain/avr8 gcc/native/3.4.2.1002/avr8-gnu-toolchain/bin/../lib/gcc/avr/4.7.2/../../../../avr/lib/avr6\libm.a(fp_powser.o)
 .data          0x00800200        0x0 c:/program files (x86)/atmel/atmel toolchain/avr8 gcc/native/3.4.2.1002/avr8-gnu-toolchain/bin/../lib/gcc/avr/4.7.2/../../../../avr/lib/avr6\libm.a(fp_powsodd.o)
 .data          0x00800200        0x0 c:/program files (x86)/atmel/atmel toolchain/avr8 gcc/native/3.4.2.1002/avr8-gnu-toolchain/bin/../lib/gcc/avr/4.7.2/../../../../avr/lib/avr6\libm.a(fp_pscA.o)
 .data          0x00800200        0x0 c:/program files (x86)/atmel/atmel toolchain/avr8 gcc/native/3.4.2.1002/avr8-gnu-toolchain/bin/../lib/gcc/avr/4.7.2/../../../../avr/lib/avr6\libm.a(fp_pscB.o)
 .data          0x00800200        0x0 c:/program files (x86)/atmel/atmel toolchain/avr8 gcc/native/3.4.2.1002/avr8-gnu-toolchain/bin/../lib/gcc/avr/4.7.2/../../../../avr/lib/avr6\libm.a(fp_rempio2.o)
 .data          0x00800200        0x0 c:/program files (x86)/atmel/atmel toolchain/avr8 gcc/native/3.4.2.1002/avr8-gnu-toolchain/bin/../lib/gcc/avr/4.7.2/../../../../avr/lib/avr6\libm.a(fp_round.o)
 .data          0x00800200        0x0 c:/program files (x86)/atmel/atmel toolchain/avr8 gcc/native/3.4.2.1002/avr8-gnu-toolchain/bin/../lib/gcc/avr/4.7.2/../../../../avr/lib/avr6\libm.a(fp_sinus.o)
 .data          0x00800200        0x0 c:/program files (x86)/atmel/atmel toolchain/avr8 gcc/native/3.4.2.1002/avr8-gnu-toolchain/bin/../lib/gcc/avr/4.7.2/../../../../avr/lib/avr6\libm.a(fp_split3.o)
 .data          0x00800200        0x0 c:/program files (x86)/atmel/atmel toolchain/avr8 gcc/native/3.4.2.1002/avr8-gnu-toolchain/bin/../lib/gcc/avr/4.7.2/../../../../avr/lib/avr6\libm.a(fp_trunc.o)
 .data          0x00800200        0x0 c:/program files (x86)/atmel/atmel toolchain/avr8 gcc/native/3.4.2.1002/avr8-gnu-toolchain/bin/../lib/gcc/avr/4.7.2/../../../../avr/lib/avr6\libm.a(fp_zero.o)
 .data          0x00800200        0x0 c:/program files (x86)/atmel/atmel toolchain/avr8 gcc/native/3.4.2.1002/avr8-gnu-toolchain/bin/../lib/gcc/avr/4.7.2/../../../../avr/lib/avr6\libm.a(gesf2.o)
 .data          0x00800200        0x0 c:/program files (x86)/atmel/atmel toolchain/avr8 gcc/native/3.4.2.1002/avr8-gnu-toolchain/bin/../lib/gcc/avr/4.7.2/../../../../avr/lib/avr6\libm.a(inverse.o)
 .data          0x00800200        0x0 c:/program files (x86)/atmel/atmel toolchain/avr8 gcc/native/3.4.2.1002/avr8-gnu-toolchain/bin/../lib/gcc/avr/4.7.2/../../../../avr/lib/avr6\libm.a(log10.o)
 .data          0x00800200        0x0 c:/program files (x86)/atmel/atmel toolchain/avr8 gcc/native/3.4.2.1002/avr8-gnu-toolchain/bin/../lib/gcc/avr/4.7.2/../../../../avr/lib/avr6\libm.a(log.o)
 .data          0x00800200        0x0 c:/program files (x86)/atmel/atmel toolchain/avr8 gcc/native/3.4.2.1002/avr8-gnu-toolchain/bin/../lib/gcc/avr/4.7.2/../../../../avr/lib/avr6\libm.a(mulsf3.o)
 .data          0x00800200        0x0 c:/program files (x86)/atmel/atmel toolchain/avr8 gcc/native/3.4.2.1002/avr8-gnu-toolchain/bin/../lib/gcc/avr/4.7.2/../../../../avr/lib/avr6\libm.a(mulsf3x.o)
 .data          0x00800200        0x0 c:/program files (x86)/atmel/atmel toolchain/avr8 gcc/native/3.4.2.1002/avr8-gnu-toolchain/bin/../lib/gcc/avr/4.7.2/../../../../avr/lib/avr6\libm.a(pow.o)
 .data          0x00800200        0x0 c:/program files (x86)/atmel/atmel toolchain/avr8 gcc/native/3.4.2.1002/avr8-gnu-toolchain/bin/../lib/gcc/avr/4.7.2/../../../../avr/lib/avr6\libm.a(sin.o)
 .data          0x00800200        0x0 c:/program files (x86)/atmel/atmel toolchain/avr8 gcc/native/3.4.2.1002/avr8-gnu-toolchain/bin/../lib/gcc/avr/4.7.2/../../../../avr/lib/avr6\libm.a(sqrt.o)
 .data          0x00800200        0x0 c:/program files (x86)/atmel/atmel toolchain/avr8 gcc/native/3.4.2.1002/avr8-gnu-toolchain/bin/../lib/gcc/avr/4.7.2/../../../../avr/lib/avr6\libm.a(square.o)
 .data          0x00800200        0x0 c:/program files (x86)/atmel/atmel toolchain/avr8 gcc/native/3.4.2.1002/avr8-gnu-toolchain/bin/../lib/gcc/avr/4.7.2/../../../../avr/lib/avr6\libm.a(exp.o)
 .data          0x00800200        0x0 c:/program files (x86)/atmel/atmel toolchain/avr8 gcc/native/3.4.2.1002/avr8-gnu-toolchain/bin/../lib/gcc/avr/4.7.2/../../../../avr/lib/avr6\libm.a(fp_norm2.o)
 .data          0x00800200        0x0 c:/program files (x86)/atmel/atmel toolchain/avr8 gcc/native/3.4.2.1002/avr8-gnu-toolchain/bin/../lib/gcc/avr/4.7.2/../../../../avr/lib/avr6\libm.a(ldexp.o)
 .data          0x00800200        0x0 c:/program files (x86)/atmel/atmel toolchain/avr8 gcc/native/3.4.2.1002/avr8-gnu-toolchain/bin/../lib/gcc/avr/4.7.2/../../../../avr/lib/avr6\libm.a(modf.o)
 .data          0x00800200        0x0 c:/program files (x86)/atmel/atmel toolchain/avr8 gcc/native/3.4.2.1002/avr8-gnu-toolchain/bin/../lib/gcc/avr/4.7.2/avr6\libgcc.a(_divmodhi4.o)
 .data          0x00800200        0x0 c:/program files (x86)/atmel/atmel toolchain/avr8 gcc/native/3.4.2.1002/avr8-gnu-toolchain/bin/../lib/gcc/avr/4.7.2/avr6\libgcc.a(_udivmodsi4.o)
 .data          0x00800200        0x0 c:/program files (x86)/atmel/atmel toolchain/avr8 gcc/native/3.4.2.1002/avr8-gnu-toolchain/bin/../lib/gcc/avr/4.7.2/avr6\libgcc.a(_exit.o)
 .data          0x00800200        0x0 c:/program files (x86)/atmel/atmel toolchain/avr8 gcc/native/3.4.2.1002/avr8-gnu-toolchain/bin/../lib/gcc/avr/4.7.2/avr6\libgcc.a(_copy_data.o)
 .data          0x00800200        0x0 c:/program files (x86)/atmel/atmel toolchain/avr8 gcc/native/3.4.2.1002/avr8-gnu-toolchain/bin/../lib/gcc/avr/4.7.2/avr6\libgcc.a(_clear_bss.o)
 .data          0x00800200        0x0 c:/program files (x86)/atmel/atmel toolchain/avr8 gcc/native/3.4.2.1002/avr8-gnu-toolchain/bin/../lib/gcc/avr/4.7.2/avr6\libgcc.a(_muldi3.o)
 .data          0x00800200        0x0 c:/program files (x86)/atmel/atmel toolchain/avr8 gcc/native/3.4.2.1002/avr8-gnu-toolchain/bin/../lib/gcc/avr/4.7.2/avr6\libgcc.a(_ashldi3.o)
 .data          0x00800200        0x0 c:/program files (x86)/atmel/atmel toolchain/avr8 gcc/native/3.4.2.1002/avr8-gnu-toolchain/bin/../lib/gcc/avr/4.7.2/avr6\libgcc.a(_ashrdi3.o)
 .data          0x00800200        0x0 c:/program files (x86)/atmel/atmel toolchain/avr8 gcc/native/3.4.2.1002/avr8-gnu-toolchain/bin/../lib/gcc/avr/4.7.2/avr6\libgcc.a(_adddi3.o)
 .data          0x00800200        0x0 c:/program files (x86)/atmel/atmel toolchain/avr8 gcc/native/3.4.2.1002/avr8-gnu-toolchain/bin/../lib/gcc/avr/4.7.2/avr6\libgcc.a(_subdi3.o)
 .data          0x00800200        0x0 c:/program files (x86)/atmel/atmel toolchain/avr8 gcc/native/3.4.2.1002/avr8-gnu-toolchain/bin/../lib/gcc/avr/4.7.2/avr6\libgcc.a(_udivmodhi4.o)
 .data          0x00800200        0x0 c:/program files (x86)/atmel/atmel toolchain/avr8 gcc/native/3.4.2.1002/avr8-gnu-toolchain/bin/../lib/gcc/avr/4.7.2/avr6\libgcc.a(_umulhisi3.o)
 .data          0x00800200        0x6 c:/program files (x86)/atmel/atmel toolchain/avr8 gcc/native/3.4.2.1002/avr8-gnu-toolchain/bin/../lib/gcc/avr/4.7.2/../../../../avr/lib/avr6\libc.a(malloc.o)
                0x00800200                __malloc_heap_end
                0x00800202                __malloc_heap_start
                0x00800204                __malloc_margin
 .data          0x00800206        0x0 c:/program files (x86)/atmel/atmel toolchain/avr8 gcc/native/3.4.2.1002/avr8-gnu-toolchain/bin/../lib/gcc/avr/4.7.2/../../../../avr/lib/avr6\libc.a(memcpy.o)
 *(.data*)
 *(.rodata)
 .rodata        0x00800206        0xa sensors/GPSSensor.o
 *(.rodata*)
 .rodata._ZTVN10helicopter7drivers12SerialDriverE
                0x00800210       0x18 drivers/SerialDriver.o
                0x00800210                _ZTVN10helicopter7drivers12SerialDriverE
 .rodata._ZTVN10helicopter5tasks12FlashLEDTaskE
                0x00800228        0xe HelicopterMain.o
                0x00800228                _ZTVN10helicopter5tasks12FlashLEDTaskE
 .rodata._ZTVN10helicopter8messages7MessageE
                0x00800236        0xc messages/Message.o
                0x00800236                _ZTVN10helicopter8messages7MessageE
 .rodata._ZTVN10helicopter8messages11SyncMessageE
                0x00800242        0xc messages/SyncMessage.o
                0x00800242                _ZTVN10helicopter8messages11SyncMessageE
 .rodata._ZTVN10helicopter8messages22SystemTelemetryMessageE
                0x0080024e        0xc messages/SystemTelemetryMessage.o
                0x0080024e                _ZTVN10helicopter8messages22SystemTelemetryMessageE
 .rodata._ZN10helicopter7sensors9GPSSensor8CFG_RATEE
                0x0080025a        0xe sensors/GPSSensor.o
                0x0080025a                _ZN10helicopter7sensors9GPSSensor8CFG_RATEE
 .rodata._ZN10helicopter7sensors9GPSSensor7CFG_PRTE
                0x00800268       0x1c sensors/GPSSensor.o
                0x00800268                _ZN10helicopter7sensors9GPSSensor7CFG_PRTE
 .rodata._ZN10helicopter7sensors9GPSSensor15NAV_SOL_POLLMSGE
                0x00800284        0x8 sensors/GPSSensor.o
                0x00800284                _ZN10helicopter7sensors9GPSSensor15NAV_SOL_POLLMSGE
 .rodata._ZTVN10helicopter5tasks14NavigationTaskE
                0x0080028c        0xe tasks/NavigationTask.o
                0x0080028c                _ZTVN10helicopter5tasks14NavigationTaskE
 .rodata._ZTVN10helicopter5tasks16PIDInnerLoopTaskE
                0x0080029a        0xe tasks/PIDInnerLoopTask.o
                0x0080029a                _ZTVN10helicopter5tasks16PIDInnerLoopTaskE
 .rodata._ZTVN10helicopter5tasks16PIDOuterLoopTaskE
                0x008002a8        0xe tasks/PIDOuterLoopTask.o
                0x008002a8                _ZTVN10helicopter5tasks16PIDOuterLoopTaskE
 .rodata._ZTVN10helicopter5tasks23ReadBarometerSensorTaskE
                0x008002b6        0xe tasks/ReadBarometerSensorTask.o
                0x008002b6                _ZTVN10helicopter5tasks23ReadBarometerSensorTaskE
 .rodata._ZTVN10helicopter5tasks17ReadGPSSensorTaskE
                0x008002c4        0xe tasks/ReadGPSSensorTask.o
                0x008002c4                _ZTVN10helicopter5tasks17ReadGPSSensorTaskE
 .rodata._ZTVN10helicopter5tasks17ReadIMUSensorTaskE
                0x008002d2        0xe tasks/ReadIMUSensorTask.o
                0x008002d2                _ZTVN10helicopter5tasks17ReadIMUSensorTaskE
 .rodata._ZTVN10helicopter5tasks26ReadMagnetometerSensorTaskE
                0x008002e0        0xe tasks/ReadMagnetometerSensorTask.o
                0x008002e0                _ZTVN10helicopter5tasks26ReadMagnetometerSensorTaskE
 .rodata._ZTVN10helicopter5tasks16SimTelemetryTaskE
                0x008002ee        0xe tasks/SimTelemetryTask.o
                0x008002ee                _ZTVN10helicopter5tasks16SimTelemetryTaskE
 .rodata._ZTVN10helicopter5tasks4TaskE
                0x008002fc        0xe tasks/Task.o
                0x008002fc                _ZTVN10helicopter5tasks4TaskE
 .rodata._ZTVN10helicopter5tasks21TransmitTelemetryTaskE
                0x0080030a        0xe tasks/TransmitTelemetryTask.o
                0x0080030a                _ZTVN10helicopter5tasks21TransmitTelemetryTaskE
 *(.gnu.linkonce.d*)
                0x00800318                . = ALIGN (0x2)
                0x00800318                _edata = .
                0x00800318                PROVIDE (__data_end, .)

.bss            0x00800318        0x8
                0x00800318                PROVIDE (__bss_start, .)
 *(.bss)
 *(.bss*)
 .bss._ZN10helicopter10interfaces24RadioControllerInterface24radioControllerInterfaceE
                0x00800318        0x2 interfaces/RadioControllerInterface.o
                0x00800318                _ZN10helicopter10interfaces24RadioControllerInterface24radioControllerInterfaceE
 .bss._ZN10helicopter9scheduler9Scheduler9schedulerE
                0x0080031a        0x2 scheduler/Scheduler.o
                0x0080031a                _ZN10helicopter9scheduler9Scheduler9schedulerE
 *(COMMON)
 COMMON         0x0080031c        0x4 c:/program files (x86)/atmel/atmel toolchain/avr8 gcc/native/3.4.2.1002/avr8-gnu-toolchain/bin/../lib/gcc/avr/4.7.2/../../../../avr/lib/avr6\libc.a(malloc.o)
                0x0080031c                __brkval
                0x0080031e                __flp
                0x00800320                PROVIDE (__bss_end, .)
                0x0000990c                __data_load_start = LOADADDR (.data)
                0x00009a24                __data_load_end = (__data_load_start + SIZEOF (.data))

.noinit         0x00800320        0x0
                0x00800320                PROVIDE (__noinit_start, .)
 *(.noinit*)
                0x00800320                PROVIDE (__noinit_end, .)
                0x00800320                _end = .
                0x00800320                PROVIDE (__heap_start, .)

.eeprom         0x00810000        0x0
 *(.eeprom*)
                0x00810000                __eeprom_end = .

.fuse
 *(.fuse)
 *(.lfuse)
 *(.hfuse)
 *(.efuse)

.lock
 *(.lock*)

.signature
 *(.signature*)

.user_signatures
 *(.user_signatures*)

.stab           0x00000000     0x4c68
 *(.stab)
 .stab          0x00000000      0x6e4 c:/program files (x86)/atmel/atmel toolchain/avr8 gcc/native/3.4.2.1002/avr8-gnu-toolchain/bin/../lib/gcc/avr/4.7.2/../../../../avr/lib/avr6/crtm2560.o
 .stab          0x000006e4       0x78 c:/program files (x86)/atmel/atmel toolchain/avr8 gcc/native/3.4.2.1002/avr8-gnu-toolchain/bin/../lib/gcc/avr/4.7.2/../../../../avr/lib/avr6\libm.a(addsf3.o)
                                 0x84 (size before relaxing)
 .stab          0x0000075c      0x4bc c:/program files (x86)/atmel/atmel toolchain/avr8 gcc/native/3.4.2.1002/avr8-gnu-toolchain/bin/../lib/gcc/avr/4.7.2/../../../../avr/lib/avr6\libm.a(addsf3x.o)
                                0x4c8 (size before relaxing)
 .stab          0x00000c18      0x144 c:/program files (x86)/atmel/atmel toolchain/avr8 gcc/native/3.4.2.1002/avr8-gnu-toolchain/bin/../lib/gcc/avr/4.7.2/../../../../avr/lib/avr6\libm.a(asin.o)
                                0x150 (size before relaxing)
 .stab          0x00000d5c      0x2f4 c:/program files (x86)/atmel/atmel toolchain/avr8 gcc/native/3.4.2.1002/avr8-gnu-toolchain/bin/../lib/gcc/avr/4.7.2/../../../../avr/lib/avr6\libm.a(atan2.o)
                                0x300 (size before relaxing)
 .stab          0x00001050      0x210 c:/program files (x86)/atmel/atmel toolchain/avr8 gcc/native/3.4.2.1002/avr8-gnu-toolchain/bin/../lib/gcc/avr/4.7.2/../../../../avr/lib/avr6\libm.a(atan.o)
                                0x21c (size before relaxing)
 .stab          0x00001260       0x90 c:/program files (x86)/atmel/atmel toolchain/avr8 gcc/native/3.4.2.1002/avr8-gnu-toolchain/bin/../lib/gcc/avr/4.7.2/../../../../avr/lib/avr6\libm.a(cmpsf2.o)
                                 0x9c (size before relaxing)
 .stab          0x000012f0       0x54 c:/program files (x86)/atmel/atmel toolchain/avr8 gcc/native/3.4.2.1002/avr8-gnu-toolchain/bin/../lib/gcc/avr/4.7.2/../../../../avr/lib/avr6\libm.a(cos.o)
                                 0x60 (size before relaxing)
 .stab          0x00001344       0x48 c:/program files (x86)/atmel/atmel toolchain/avr8 gcc/native/3.4.2.1002/avr8-gnu-toolchain/bin/../lib/gcc/avr/4.7.2/../../../../avr/lib/avr6\libm.a(divsf3.o)
                                 0x54 (size before relaxing)
 .stab          0x0000138c      0x510 c:/program files (x86)/atmel/atmel toolchain/avr8 gcc/native/3.4.2.1002/avr8-gnu-toolchain/bin/../lib/gcc/avr/4.7.2/../../../../avr/lib/avr6\libm.a(divsf3x.o)
                                0x51c (size before relaxing)
 .stab          0x0000189c       0x6c c:/program files (x86)/atmel/atmel toolchain/avr8 gcc/native/3.4.2.1002/avr8-gnu-toolchain/bin/../lib/gcc/avr/4.7.2/../../../../avr/lib/avr6\libm.a(fixsfsi.o)
                                 0x78 (size before relaxing)
 .stab          0x00001908      0x240 c:/program files (x86)/atmel/atmel toolchain/avr8 gcc/native/3.4.2.1002/avr8-gnu-toolchain/bin/../lib/gcc/avr/4.7.2/../../../../avr/lib/avr6\libm.a(fixunssfsi.o)
                                0x24c (size before relaxing)
 .stab          0x00001b48      0x318 c:/program files (x86)/atmel/atmel toolchain/avr8 gcc/native/3.4.2.1002/avr8-gnu-toolchain/bin/../lib/gcc/avr/4.7.2/../../../../avr/lib/avr6\libm.a(floatsisf.o)
                                0x324 (size before relaxing)
 .stab          0x00001e60      0x114 c:/program files (x86)/atmel/atmel toolchain/avr8 gcc/native/3.4.2.1002/avr8-gnu-toolchain/bin/../lib/gcc/avr/4.7.2/../../../../avr/lib/avr6\libm.a(floor.o)
                                0x120 (size before relaxing)
 .stab          0x00001f74      0x174 c:/program files (x86)/atmel/atmel toolchain/avr8 gcc/native/3.4.2.1002/avr8-gnu-toolchain/bin/../lib/gcc/avr/4.7.2/../../../../avr/lib/avr6\libm.a(fp_arccos.o)
                                0x180 (size before relaxing)
 .stab          0x000020e8      0x1e0 c:/program files (x86)/atmel/atmel toolchain/avr8 gcc/native/3.4.2.1002/avr8-gnu-toolchain/bin/../lib/gcc/avr/4.7.2/../../../../avr/lib/avr6\libm.a(fp_cmp.o)
                                0x1ec (size before relaxing)
 .stab          0x000022c8       0x78 c:/program files (x86)/atmel/atmel toolchain/avr8 gcc/native/3.4.2.1002/avr8-gnu-toolchain/bin/../lib/gcc/avr/4.7.2/../../../../avr/lib/avr6\libm.a(fp_inf.o)
                                 0x84 (size before relaxing)
 .stab          0x00002340      0x174 c:/program files (x86)/atmel/atmel toolchain/avr8 gcc/native/3.4.2.1002/avr8-gnu-toolchain/bin/../lib/gcc/avr/4.7.2/../../../../avr/lib/avr6\libm.a(fp_mintl.o)
                                0x180 (size before relaxing)
 .stab          0x000024b4       0xe4 c:/program files (x86)/atmel/atmel toolchain/avr8 gcc/native/3.4.2.1002/avr8-gnu-toolchain/bin/../lib/gcc/avr/4.7.2/../../../../avr/lib/avr6\libm.a(fp_mpack.o)
                                 0xf0 (size before relaxing)
 .stab          0x00002598       0x54 c:/program files (x86)/atmel/atmel toolchain/avr8 gcc/native/3.4.2.1002/avr8-gnu-toolchain/bin/../lib/gcc/avr/4.7.2/../../../../avr/lib/avr6\libm.a(fp_nan.o)
                                 0x60 (size before relaxing)
 .stab          0x000025ec      0x1ec c:/program files (x86)/atmel/atmel toolchain/avr8 gcc/native/3.4.2.1002/avr8-gnu-toolchain/bin/../lib/gcc/avr/4.7.2/../../../../avr/lib/avr6\libm.a(fp_powser.o)
                                0x1f8 (size before relaxing)
 .stab          0x000027d8       0xfc c:/program files (x86)/atmel/atmel toolchain/avr8 gcc/native/3.4.2.1002/avr8-gnu-toolchain/bin/../lib/gcc/avr/4.7.2/../../../../avr/lib/avr6\libm.a(fp_powsodd.o)
                                0x108 (size before relaxing)
 .stab          0x000028d4       0x84 c:/program files (x86)/atmel/atmel toolchain/avr8 gcc/native/3.4.2.1002/avr8-gnu-toolchain/bin/../lib/gcc/avr/4.7.2/../../../../avr/lib/avr6\libm.a(fp_pscA.o)
                                 0x90 (size before relaxing)
 .stab          0x00002958       0x84 c:/program files (x86)/atmel/atmel toolchain/avr8 gcc/native/3.4.2.1002/avr8-gnu-toolchain/bin/../lib/gcc/avr/4.7.2/../../../../avr/lib/avr6\libm.a(fp_pscB.o)
                                 0x90 (size before relaxing)
 .stab          0x000029dc      0x21c c:/program files (x86)/atmel/atmel toolchain/avr8 gcc/native/3.4.2.1002/avr8-gnu-toolchain/bin/../lib/gcc/avr/4.7.2/../../../../avr/lib/avr6\libm.a(fp_rempio2.o)
                                0x228 (size before relaxing)
 .stab          0x00002bf8       0xfc c:/program files (x86)/atmel/atmel toolchain/avr8 gcc/native/3.4.2.1002/avr8-gnu-toolchain/bin/../lib/gcc/avr/4.7.2/../../../../avr/lib/avr6\libm.a(fp_round.o)
                                0x108 (size before relaxing)
 .stab          0x00002cf4       0xfc c:/program files (x86)/atmel/atmel toolchain/avr8 gcc/native/3.4.2.1002/avr8-gnu-toolchain/bin/../lib/gcc/avr/4.7.2/../../../../avr/lib/avr6\libm.a(fp_sinus.o)
                                0x108 (size before relaxing)
 .stab          0x00002df0      0x1d4 c:/program files (x86)/atmel/atmel toolchain/avr8 gcc/native/3.4.2.1002/avr8-gnu-toolchain/bin/../lib/gcc/avr/4.7.2/../../../../avr/lib/avr6\libm.a(fp_split3.o)
                                0x1e0 (size before relaxing)
 .stab          0x00002fc4      0x144 c:/program files (x86)/atmel/atmel toolchain/avr8 gcc/native/3.4.2.1002/avr8-gnu-toolchain/bin/../lib/gcc/avr/4.7.2/../../../../avr/lib/avr6\libm.a(fp_trunc.o)
                                0x150 (size before relaxing)
 .stab          0x00003108       0x90 c:/program files (x86)/atmel/atmel toolchain/avr8 gcc/native/3.4.2.1002/avr8-gnu-toolchain/bin/../lib/gcc/avr/4.7.2/../../../../avr/lib/avr6\libm.a(fp_zero.o)
                                 0x9c (size before relaxing)
 .stab          0x00003198       0x6c c:/program files (x86)/atmel/atmel toolchain/avr8 gcc/native/3.4.2.1002/avr8-gnu-toolchain/bin/../lib/gcc/avr/4.7.2/../../../../avr/lib/avr6\libm.a(gesf2.o)
                                 0x78 (size before relaxing)
 .stab          0x00003204       0x84 c:/program files (x86)/atmel/atmel toolchain/avr8 gcc/native/3.4.2.1002/avr8-gnu-toolchain/bin/../lib/gcc/avr/4.7.2/../../../../avr/lib/avr6\libm.a(inverse.o)
                                 0x90 (size before relaxing)
 .stab          0x00003288       0x78 c:/program files (x86)/atmel/atmel toolchain/avr8 gcc/native/3.4.2.1002/avr8-gnu-toolchain/bin/../lib/gcc/avr/4.7.2/../../../../avr/lib/avr6\libm.a(log10.o)
                                 0x84 (size before relaxing)
 .stab          0x00003300      0x378 c:/program files (x86)/atmel/atmel toolchain/avr8 gcc/native/3.4.2.1002/avr8-gnu-toolchain/bin/../lib/gcc/avr/4.7.2/../../../../avr/lib/avr6\libm.a(log.o)
                                0x384 (size before relaxing)
 .stab          0x00003678       0x48 c:/program files (x86)/atmel/atmel toolchain/avr8 gcc/native/3.4.2.1002/avr8-gnu-toolchain/bin/../lib/gcc/avr/4.7.2/../../../../avr/lib/avr6\libm.a(mulsf3.o)
                                 0x54 (size before relaxing)
 .stab          0x000036c0      0x4d4 c:/program files (x86)/atmel/atmel toolchain/avr8 gcc/native/3.4.2.1002/avr8-gnu-toolchain/bin/../lib/gcc/avr/4.7.2/../../../../avr/lib/avr6\libm.a(mulsf3x.o)
                                0x4e0 (size before relaxing)
 .stab          0x00003b94      0x3c0 c:/program files (x86)/atmel/atmel toolchain/avr8 gcc/native/3.4.2.1002/avr8-gnu-toolchain/bin/../lib/gcc/avr/4.7.2/../../../../avr/lib/avr6\libm.a(pow.o)
                                0x3cc (size before relaxing)
 .stab          0x00003f54       0x78 c:/program files (x86)/atmel/atmel toolchain/avr8 gcc/native/3.4.2.1002/avr8-gnu-toolchain/bin/../lib/gcc/avr/4.7.2/../../../../avr/lib/avr6\libm.a(sin.o)
                                 0x84 (size before relaxing)
 .stab          0x00003fcc      0x354 c:/program files (x86)/atmel/atmel toolchain/avr8 gcc/native/3.4.2.1002/avr8-gnu-toolchain/bin/../lib/gcc/avr/4.7.2/../../../../avr/lib/avr6\libm.a(sqrt.o)
                                0x360 (size before relaxing)
 .stab          0x00004320       0x54 c:/program files (x86)/atmel/atmel toolchain/avr8 gcc/native/3.4.2.1002/avr8-gnu-toolchain/bin/../lib/gcc/avr/4.7.2/../../../../avr/lib/avr6\libm.a(square.o)
                                 0x60 (size before relaxing)
 .stab          0x00004374      0x288 c:/program files (x86)/atmel/atmel toolchain/avr8 gcc/native/3.4.2.1002/avr8-gnu-toolchain/bin/../lib/gcc/avr/4.7.2/../../../../avr/lib/avr6\libm.a(exp.o)
                                0x294 (size before relaxing)
 .stab          0x000045fc       0x84 c:/program files (x86)/atmel/atmel toolchain/avr8 gcc/native/3.4.2.1002/avr8-gnu-toolchain/bin/../lib/gcc/avr/4.7.2/../../../../avr/lib/avr6\libm.a(fp_norm2.o)
                                 0x90 (size before relaxing)
 .stab          0x00004680      0x2c4 c:/program files (x86)/atmel/atmel toolchain/avr8 gcc/native/3.4.2.1002/avr8-gnu-toolchain/bin/../lib/gcc/avr/4.7.2/../../../../avr/lib/avr6\libm.a(ldexp.o)
                                0x2d0 (size before relaxing)
 .stab          0x00004944      0x2a0 c:/program files (x86)/atmel/atmel toolchain/avr8 gcc/native/3.4.2.1002/avr8-gnu-toolchain/bin/../lib/gcc/avr/4.7.2/../../../../avr/lib/avr6\libm.a(modf.o)
                                0x2ac (size before relaxing)
 .stab          0x00004be4       0x84 c:/program files (x86)/atmel/atmel toolchain/avr8 gcc/native/3.4.2.1002/avr8-gnu-toolchain/bin/../lib/gcc/avr/4.7.2/../../../../avr/lib/avr6\libc.a(memcpy.o)
                                 0x90 (size before relaxing)

.stabstr        0x00000000     0x146c
 *(.stabstr)