Archive member included because of file (symbol)

c:/program files (x86)/atmel/atmel toolchain/avr8 gcc/native/3.4.2.1002/avr8-gnu-toolchain/bin/../lib/gcc/avr/4.7.2/../../../../avr/lib/avr6\libm.a(addsf3.o)
                              controller/PIDController.o (__subsf3)
c:/program files (x86)/atmel/atmel toolchain/avr8 gcc/native/3.4.2.1002/avr8-gnu-toolchain/bin/../lib/gcc/avr/4.7.2/../../../../avr/lib/avr6\libm.a(addsf3x.o)
                              c:/program files (x86)/atmel/atmel toolchain/avr8 gcc/native/3.4.2.1002/avr8-gnu-toolchain/bin/../lib/gcc/avr/4.7.2/../../../../avr/lib/avr6\libm.a(addsf3.o) (__addsf3x)
c:/program files (x86)/atmel/atmel toolchain/avr8 gcc/native/3.4.2.1002/avr8-gnu-toolchain/bin/../lib/gcc/avr/4.7.2/../../../../avr/lib/avr6\libm.a(cmpsf2.o)
                              controller/PIDController.o (__nesf2)
c:/program files (x86)/atmel/atmel toolchain/avr8 gcc/native/3.4.2.1002/avr8-gnu-toolchain/bin/../lib/gcc/avr/4.7.2/../../../../avr/lib/avr6\libm.a(cos.o)
                              util/CoordinateUtil.o (cos)
c:/program files (x86)/atmel/atmel toolchain/avr8 gcc/native/3.4.2.1002/avr8-gnu-toolchain/bin/../lib/gcc/avr/4.7.2/../../../../avr/lib/avr6\libm.a(divsf3.o)
                              messages/SystemTelemetryMessage.o (__divsf3)
c:/program files (x86)/atmel/atmel toolchain/avr8 gcc/native/3.4.2.1002/avr8-gnu-toolchain/bin/../lib/gcc/avr/4.7.2/../../../../avr/lib/avr6\libm.a(divsf3x.o)
                              c:/program files (x86)/atmel/atmel toolchain/avr8 gcc/native/3.4.2.1002/avr8-gnu-toolchain/bin/../lib/gcc/avr/4.7.2/../../../../avr/lib/avr6\libm.a(divsf3.o) (__divsf3x)
c:/program files (x86)/atmel/atmel toolchain/avr8 gcc/native/3.4.2.1002/avr8-gnu-toolchain/bin/../lib/gcc/avr/4.7.2/../../../../avr/lib/avr6\libm.a(fixsfsi.o)
                              HelicopterMain.o (__fixsfsi)
c:/program files (x86)/atmel/atmel toolchain/avr8 gcc/native/3.4.2.1002/avr8-gnu-toolchain/bin/../lib/gcc/avr/4.7.2/../../../../avr/lib/avr6\libm.a(fixunssfsi.o)
                              drivers/SerialDriver.o (__fixunssfsi)
c:/program files (x86)/atmel/atmel toolchain/avr8 gcc/native/3.4.2.1002/avr8-gnu-toolchain/bin/../lib/gcc/avr/4.7.2/../../../../avr/lib/avr6\libm.a(floatsisf.o)
                              drivers/SerialDriver.o (__floatunsisf)
c:/program files (x86)/atmel/atmel toolchain/avr8 gcc/native/3.4.2.1002/avr8-gnu-toolchain/bin/../lib/gcc/avr/4.7.2/../../../../avr/lib/avr6\libm.a(floor.o)
                              drivers/SerialDriver.o (floor)
c:/program files (x86)/atmel/atmel toolchain/avr8 gcc/native/3.4.2.1002/avr8-gnu-toolchain/bin/../lib/gcc/avr/4.7.2/../../../../avr/lib/avr6\libm.a(fp_cmp.o)
                              c:/program files (x86)/atmel/atmel toolchain/avr8 gcc/native/3.4.2.1002/avr8-gnu-toolchain/bin/../lib/gcc/avr/4.7.2/../../../../avr/lib/avr6\libm.a(cmpsf2.o) (__fp_cmp)
c:/program files (x86)/atmel/atmel toolchain/avr8 gcc/native/3.4.2.1002/avr8-gnu-toolchain/bin/../lib/gcc/avr/4.7.2/../../../../avr/lib/avr6\libm.a(fp_inf.o)
                              c:/program files (x86)/atmel/atmel toolchain/avr8 gcc/native/3.4.2.1002/avr8-gnu-toolchain/bin/../lib/gcc/avr/4.7.2/../../../../avr/lib/avr6\libm.a(addsf3x.o) (__fp_inf)
c:/program files (x86)/atmel/atmel toolchain/avr8 gcc/native/3.4.2.1002/avr8-gnu-toolchain/bin/../lib/gcc/avr/4.7.2/../../../../avr/lib/avr6\libm.a(fp_mintl.o)
                              c:/program files (x86)/atmel/atmel toolchain/avr8 gcc/native/3.4.2.1002/avr8-gnu-toolchain/bin/../lib/gcc/avr/4.7.2/../../../../avr/lib/avr6\libm.a(floor.o) (__fp_mintl)
c:/program files (x86)/atmel/atmel toolchain/avr8 gcc/native/3.4.2.1002/avr8-gnu-toolchain/bin/../lib/gcc/avr/4.7.2/../../../../avr/lib/avr6\libm.a(fp_mpack.o)
                              c:/program files (x86)/atmel/atmel toolchain/avr8 gcc/native/3.4.2.1002/avr8-gnu-toolchain/bin/../lib/gcc/avr/4.7.2/../../../../avr/lib/avr6\libm.a(floor.o) (__fp_mpack)
c:/program files (x86)/atmel/atmel toolchain/avr8 gcc/native/3.4.2.1002/avr8-gnu-toolchain/bin/../lib/gcc/avr/4.7.2/../../../../avr/lib/avr6\libm.a(fp_nan.o)
                              c:/program files (x86)/atmel/atmel toolchain/avr8 gcc/native/3.4.2.1002/avr8-gnu-toolchain/bin/../lib/gcc/avr/4.7.2/../../../../avr/lib/avr6\libm.a(addsf3x.o) (__fp_nan)
c:/program files (x86)/atmel/atmel toolchain/avr8 gcc/native/3.4.2.1002/avr8-gnu-toolchain/bin/../lib/gcc/avr/4.7.2/../../../../avr/lib/avr6\libm.a(fp_pscA.o)
                              c:/program files (x86)/atmel/atmel toolchain/avr8 gcc/native/3.4.2.1002/avr8-gnu-toolchain/bin/../lib/gcc/avr/4.7.2/../../../../avr/lib/avr6\libm.a(addsf3x.o) (__fp_pscA)
c:/program files (x86)/atmel/atmel toolchain/avr8 gcc/native/3.4.2.1002/avr8-gnu-toolchain/bin/../lib/gcc/avr/4.7.2/../../../../avr/lib/avr6\libm.a(fp_pscB.o)
[...]
Memory Configuration

Name             Origin             Length             Attributes
text             0x00000000         0x00100000         xr
data             0x00800200         0x0000fe00         rw !x
eeprom           0x00810000         0x00010000         rw !x
fuse             0x00820000         0x00000400         rw !x
lock             0x00830000         0x00000400         rw !x
signature        0x00840000         0x00000400         rw !x
user_signatures  0x00850000         0x00000400         rw !x
*default*        0x00000000         0xffffffff

Linker script and memory map

Address of section .data set to 0x800200
LOAD c:/program files (x86)/atmel/atmel toolchain/avr8 gcc/native/3.4.2.1002/avr8-gnu-toolchain/bin/../lib/gcc/avr/4.7.2/../../../../avr/lib/avr6/crtm2560.o
LOAD buffer/Buffer.o
LOAD buffer/Record.o
LOAD controller/PIDController.o
LOAD drivers/MagnetometerDriver.o
LOAD drivers/SerialDriver.o
LOAD drivers/ServoDriver.o
LOAD HelicopterMain.o
LOAD interfaces/GroundControlStationInterface.o
LOAD messages/Message.o
LOAD messages/SyncMessage.o
LOAD messages/SystemTelemetryMessage.o
LOAD model/SystemModel.o
LOAD scheduler/Scheduler.o
LOAD sensors/MagnetometerSensor.o
LOAD tasks/PIDInnerLoopTask.o
LOAD tasks/PIDOuterLoopTask.o
LOAD tasks/SensorProcessingTask.o
LOAD tasks/SimTelemetryTask.o
LOAD tasks/Task.o
LOAD tasks/TransmitTelemetryTask.o
LOAD util/CommonHeader.o
LOAD util/CoordinateUtil.o
LOAD util/Timer.o
START GROUP
LOAD c:/program files (x86)/atmel/atmel toolchain/avr8 gcc/native/3.4.2.1002/avr8-gnu-toolchain/bin/../lib/gcc/avr/4.7.2/../../../../avr/lib/avr6\libm.a
END GROUP
LOAD c:/program files (x86)/atmel/atmel toolchain/avr8 gcc/native/3.4.2.1002/avr8-gnu-toolchain/bin/../lib/gcc/avr/4.7.2/avr6\libgcc.a
LOAD c:/program files (x86)/atmel/atmel toolchain/avr8 gcc/native/3.4.2.1002/avr8-gnu-toolchain/bin/../lib/gcc/avr/4.7.2/../../../../avr/lib/avr6\libm.a
LOAD c:/program files (x86)/atmel/atmel toolchain/avr8 gcc/native/3.4.2.1002/avr8-gnu-toolchain/bin/../lib/gcc/avr/4.7.2/avr6\libgcc.a
LOAD c:/program files (x86)/atmel/atmel toolchain/avr8 gcc/native/3.4.2.1002/avr8-gnu-toolchain/bin/../lib/gcc/avr/4.7.2/../../../../avr/lib/avr6\libc.a
LOAD c:/program files (x86)/atmel/atmel toolchain/avr8 gcc/native/3.4.2.1002/avr8-gnu-toolchain/bin/../lib/gcc/avr/4.7.2/avr6\libgcc.a

.hash
 *(.hash)

.dynsym
 *(.dynsym)

.dynstr
 *(.dynstr)

.gnu.version
 *(.gnu.version)

.gnu.version_d
 *(.gnu.version_d)

.gnu.version_r
 *(.gnu.version_r)

.rel.init
 *(.rel.init)

.rela.init
 *(.rela.init)

.rel.text
 *(.rel.text)
 *(.rel.text.*)
 *(.rel.gnu.linkonce.t*)

.rela.text
 *(.rela.text)
 *(.rela.text.*)
 *(.rela.gnu.linkonce.t*)

.rel.fini
 *(.rel.fini)

.rela.fini
 *(.rela.fini)

.rel.rodata
 *(.rel.rodata)
 *(.rel.rodata.*)
 *(.rel.gnu.linkonce.r*)

.rela.rodata
 *(.rela.rodata)
 *(.rela.rodata.*)
 *(.rela.gnu.linkonce.r*)

.rel.data
 *(.rel.data)
 *(.rel.data.*)
 *(.rel.gnu.linkonce.d*)

.rela.data
 *(.rela.data)
 *(.rela.data.*)
 *(.rela.gnu.linkonce.d*)

.rel.ctors
 *(.rel.ctors)

.rela.ctors
 *(.rela.ctors)

.rel.dtors
 *(.rel.dtors)

.rela.dtors
 *(.rela.dtors)

.rel.got
 *(.rel.got)

.rela.got
 *(.rela.got)

.rel.bss
 *(.rel.bss)

.rela.bss
 *(.rela.bss)

.rel.plt
 *(.rel.plt)

.rela.plt
 *(.rela.plt)

.text           0x00000000     0x8a06
 *(.vectors)
 .vectors       0x00000000       0xe4 c:/program files (x86)/atmel/atmel toolchain/avr8 gcc/native/3.4.2.1002/avr8-gnu-toolchain/bin/../lib/gcc/avr/4.7.2/../../../../avr/lib/avr6/crtm2560.o
                0x00000000                __vector_default
                0x00000000                __vectors
 *(.vectors)
 *(.progmem.gcc*)
 .progmem.gcc_fplib
                0x000000e4       0x1e c:/program files (x86)/atmel/atmel toolchain/avr8 gcc/native/3.4.2.1002/avr8-gnu-toolchain/bin/../lib/gcc/avr/4.7.2/../../../../avr/lib/avr6\libm.a(fp_sinus.o)
 .progmem.gcc_fplib
                0x00000102       0x28 c:/program files (x86)/atmel/atmel toolchain/avr8 gcc/native/3.4.2.1002/avr8-gnu-toolchain/bin/../lib/gcc/avr/4.7.2/../../../../avr/lib/avr6\libm.a(exp.o)
 .progmem.gcc_fplib
                0x0000012a       0x5a c:/program files (x86)/atmel/atmel toolchain/avr8 gcc/native/3.4.2.1002/avr8-gnu-toolchain/bin/../lib/gcc/avr/4.7.2/../../../../avr/lib/avr6\libm.a(log.o)
 *(.progmem*)
                0x00000184                . = ALIGN (0x2)
                0x00000184                __trampolines_start = .
 *(.trampolines)
 .trampolines   0x00000184       0xb0 linker stubs
 *(.trampolines*)
                0x00000234                __trampolines_end = .
 *(.jumptables)
 *(.jumptables*)
 *(.lowtext)
 *(.lowtext*)
                0x00000234                __ctors_start = .
 *(.ctors)
                0x00000234                __ctors_end = .
                0x00000234                __dtors_start = .
 *(.dtors)
                0x00000234                __dtors_end = .
 SORT(*)(.ctors)
 SORT(*)(.dtors)
 *(.init0)
 .init0         0x00000234        0x0 c:/program files (x86)/atmel/atmel toolchain/avr8 gcc/native/3.4.2.1002/avr8-gnu-toolchain/bin/../lib/gcc/avr/4.7.2/../../../../avr/lib/avr6/crtm2560.o
                0x00000234                __init
 *(.init0)
 *(.init1)
 *(.init1)
 *(.init2)
 .init2         0x00000234       0x10 c:/program files (x86)/atmel/atmel toolchain/avr8 gcc/native/3.4.2.1002/avr8-gnu-toolchain/bin/../lib/gcc/avr/4.7.2/../../../../avr/lib/avr6/crtm2560.o
 *(.init2)
 *(.init3)
 *(.init3)
 *(.init4)
 .init4         0x00000244       0x1a c:/program files (x86)/atmel/atmel toolchain/avr8 gcc/native/3.4.2.1002/avr8-gnu-toolchain/bin/../lib/gcc/avr/4.7.2/avr6\libgcc.a(_copy_data.o)
                0x00000244                __do_copy_data
 .init4         0x0000025e       0x10 c:/program files (x86)/atmel/atmel toolchain/avr8 gcc/native/3.4.2.1002/avr8-gnu-toolchain/bin/../lib/gcc/avr/4.7.2/avr6\libgcc.a(_clear_bss.o)
                0x0000025e                __do_clear_bss
 *(.init4)
 *(.init5)
 *(.init5)
 *(.init6)
 *(.init6)
 *(.init7)
 *(.init7)
 *(.init8)
 *(.init8)
 *(.init9)
 .init9         0x0000026e        0x8 c:/program files (x86)/atmel/atmel toolchain/avr8 gcc/native/3.4.2.1002/avr8-gnu-toolchain/bin/../lib/gcc/avr/4.7.2/../../../../avr/lib/avr6/crtm2560.o
 *(.init9)
 *(.text)
 .text          0x00000276        0x4 c:/program files (x86)/atmel/atmel toolchain/avr8 gcc/native/3.4.2.1002/avr8-gnu-toolchain/bin/../lib/gcc/avr/4.7.2/../../../../avr/lib/avr6/crtm2560.o
                0x00000276                __vector_38
                0x00000276                __vector_22
                0x00000276                __vector_28
                0x00000276                __vector_1
                0x00000276                __vector_32
                0x00000276                __vector_34
                0x00000276                __vector_24
                0x00000276                __vector_12
                0x00000276                __vector_55
                0x00000276                __vector_46
                0x00000276                __bad_interrupt
                0x00000276                __vector_6
                0x00000276                __vector_31
                0x00000276                __vector_35
                0x00000276                __vector_39
                0x00000276                __vector_3
                0x00000276                __vector_23
                0x00000276                __vector_30
                0x00000276                __vector_45
                0x00000276                __vector_25
                0x00000276                __vector_11
                0x00000276                __vector_54
                0x00000276                __vector_13
                0x00000276                __vector_19
                0x00000276                __vector_56
                0x00000276                __vector_7
                0x00000276                __vector_49
                0x00000276                __vector_41
                0x00000276                __vector_43
                0x00000276                __vector_27
                0x00000276                __vector_5
                0x00000276                __vector_33
                0x00000276                __vector_47
                0x00000276                __vector_52
                0x00000276                __vector_37
                0x00000276                __vector_4
                0x00000276                __vector_44
                0x00000276                __vector_51
                0x00000276                __vector_9
                0x00000276                __vector_2
                0x00000276                __vector_21
                0x00000276                __vector_15
                0x00000276                __vector_36
                0x00000276                __vector_29
                0x00000276                __vector_40
                0x00000276                __vector_8
                0x00000276                __vector_26
                0x00000276                __vector_48
                0x00000276                __vector_14
                0x00000276                __vector_53
                0x00000276                __vector_10
                0x00000276                __vector_50
                0x00000276                __vector_16
                0x00000276                __vector_18
                0x00000276                __vector_20
                0x00000276                __vector_42
                0x0000027a                . = ALIGN (0x2)
 *(.text.*)
 .text._ZNK10helicopter5model11SystemModel13MagYawDegreesEv
                0x0000027a       0x2c controller/PIDController.o
                0x0000027a                _ZNK10helicopter5model11SystemModel13MagYawDegreesEv
 .text._ZNK10helicopter5model11SystemModel22ReferenceMagYawDegreesEv
                0x000002a6       0x2c controller/PIDController.o
                0x000002a6                _ZNK10helicopter5model11SystemModel22ReferenceMagYawDegreesEv
 .text._ZNK10helicopter5model11SystemModel10YawControlEv
                0x000002d2       0x2c controller/PIDController.o
                0x000002d2                _ZNK10helicopter5model11SystemModel10YawControlEv
 .text._ZN10helicopter5model11SystemModel10YawControlEd
                0x000002fe       0x40 controller/PIDController.o
                0x000002fe                _ZN10helicopter5model11SystemModel10YawControlEd
 .text._ZNK10helicopter5model11SystemModel37YawControlBeforeServoLimitsAdjustmentEv
                0x0000033e       0x2c controller/PIDController.o
                0x0000033e                _ZNK10helicopter5model11SystemModel37YawControlBeforeServoLimitsAdjustmentEv
 .text._ZN10helicopter5model11SystemModel37YawControlBeforeServoLimitsAdjustmentEd
                0x0000036a       0x40 controller/PIDController.o
                0x0000036a                _ZN10helicopter5model11SystemModel37YawControlBeforeServoLimitsAdjustmentEd
 .text._ZNK10helicopter5model11SystemModel27YawVelocityDegreesPerSecondEv
                0x000003aa       0x2c controller/PIDController.o
                0x000003aa                _ZNK10helicopter5model11SystemModel27YawVelocityDegreesPerSecondEv
 .text._ZNK10helicopter5model11SystemModel36ReferenceYawVelocityDegreesPerSecondEv
                0x000003d6       0x2c controller/PIDController.o
                0x000003d6                _ZNK10helicopter5model11SystemModel36ReferenceYawVelocityDegreesPerSecondEv
 .text._ZNK10helicopter5model11SystemModel11YawIntegralEv
                0x00000402       0x2c controller/PIDController.o
                0x00000402                _ZNK10helicopter5model11SystemModel11YawIntegralEv
 .text._ZN10helicopter5model11SystemModel11YawIntegralEd
                0x0000042e       0x40 controller/PIDController.o
                0x0000042e                _ZN10helicopter5model11SystemModel11YawIntegralEd
 .text._ZN10helicopter5model11SystemModel15YawProportionalEd
                0x0000046e       0x40 controller/PIDController.o
                0x0000046e                _ZN10helicopter5model11SystemModel15YawProportionalEd
 .text._ZN10helicopter5model11SystemModel18YawDerivativeErrorEd
                0x000004ae       0x40 controller/PIDController.o
                0x000004ae                _ZN10helicopter5model11SystemModel18YawDerivativeErrorEd
 .text._ZNK10helicopter5model11SystemModel13XNEDBodyFrameEv
                0x000004ee       0x2c controller/PIDController.o
                0x000004ee                _ZNK10helicopter5model11SystemModel13XNEDBodyFrameEv
 .text._ZNK10helicopter5model11SystemModel22ReferenceXNEDBodyFrameEv
                0x0000051a       0x2c controller/PIDController.o
                0x0000051a                _ZNK10helicopter5model11SystemModel22ReferenceXNEDBodyFrameEv
 .text._ZNK10helicopter5model11SystemModel43LongitudeControlBeforeServoLimitsAdjustmentEv
                0x00000546       0x2c controller/PIDController.o
                0x00000546                _ZNK10helicopter5model11SystemModel43LongitudeControlBeforeServoLimitsAdjustmentEv
 .text._ZN10helicopter5model11SystemModel43LongitudeControlBeforeServoLimitsAdjustmentEd
                0x00000572       0x40 controller/PIDController.o
                0x00000572                _ZN10helicopter5model11SystemModel43LongitudeControlBeforeServoLimitsAdjustmentEd
 .text._ZNK10helicopter5model11SystemModel16LongitudeControlEv
                0x000005b2       0x2c controller/PIDController.o
                0x000005b2                _ZNK10helicopter5model11SystemModel16LongitudeControlEv
 .text._ZN10helicopter5model11SystemModel16LongitudeControlEd
                0x000005de       0x40 controller/PIDController.o
                0x000005de                _ZN10helicopter5model11SystemModel16LongitudeControlEd
 .text._ZNK10helicopter5model11SystemModel24XVelocityMetersPerSecondEv
                0x0000061e       0x2c controller/PIDController.o
                0x0000061e                _ZNK10helicopter5model11SystemModel24XVelocityMetersPerSecondEv
 .text._ZNK10helicopter5model11SystemModel33ReferenceXVelocityMetersPerSecondEv
                0x0000064a       0x2c controller/PIDController.o
                0x0000064a                _ZNK10helicopter5model11SystemModel33ReferenceXVelocityMetersPerSecondEv
 .text._ZNK10helicopter5model11SystemModel29XLongitudinalOuterLoopControlEv
                0x00000676       0x2c controller/PIDController.o
                0x00000676                _ZNK10helicopter5model11SystemModel29XLongitudinalOuterLoopControlEv
 .text._ZN10helicopter5model11SystemModel29XLongitudinalOuterLoopControlEd
                0x000006a2       0x40 controller/PIDController.o
                0x000006a2                _ZN10helicopter5model11SystemModel29XLongitudinalOuterLoopControlEd
 .text._ZN10helicopter5model11SystemModel13XProportionalEd
                0x000006e2       0x46 controller/PIDController.o
                0x000006e2                _ZN10helicopter5model11SystemModel13XProportionalEd
 .text._ZNK10helicopter5model11SystemModel9XIntegralEv
                0x00000728       0x30 controller/PIDController.o
                0x00000728                _ZNK10helicopter5model11SystemModel9XIntegralEv
 .text._ZN10helicopter5model11SystemModel9XIntegralEd
                0x00000758       0x46 controller/PIDController.o
                0x00000758                _ZN10helicopter5model11SystemModel9XIntegralEd
 .text._ZN10helicopter5model11SystemModel16XDerivativeErrorEd
                0x0000079e       0x46 controller/PIDController.o
                0x0000079e                _ZN10helicopter5model11SystemModel16XDerivativeErrorEd
 .text._ZNK10helicopter5model11SystemModel17ThetaPitchDegreesEv
                0x000007e4       0x30 controller/PIDController.o
                0x000007e4                _ZNK10helicopter5model11SystemModel17ThetaPitchDegreesEv
 .text._ZNK10helicopter5model11SystemModel13YNEDBodyFrameEv
                0x00000814       0x30 controller/PIDController.o
                0x00000814                _ZNK10helicopter5model11SystemModel13YNEDBodyFrameEv
 .text._ZNK10helicopter5model11SystemModel14LateralControlEv
                0x00000844       0x30 controller/PIDController.o
                0x00000844                _ZNK10helicopter5model11SystemModel14LateralControlEv
 .text._ZNK10helicopter5model11SystemModel24YVelocityMetersPerSecondEv
                0x00000874       0x30 controller/PIDController.o
                0x00000874                _ZNK10helicopter5model11SystemModel24YVelocityMetersPerSecondEv
 .text._ZNK10helicopter5model11SystemModel9YIntegralEv
                0x000008a4       0x30 controller/PIDController.o
                0x000008a4                _ZNK10helicopter5model11SystemModel9YIntegralEv
 .text._ZNK10helicopter5model11SystemModel12AltitudeFeetEv
                0x000008d4       0x30 controller/PIDController.o
                0x000008d4                _ZNK10helicopter5model11SystemModel12AltitudeFeetEv
 .text._ZNK10helicopter5model11SystemModel26MainRotorCollectiveControlEv
                0x00000904       0x30 controller/PIDController.o
                0x00000904                _ZNK10helicopter5model11SystemModel26MainRotorCollectiveControlEv
 .text._ZNK10helicopter5model11SystemModel22ZVelocityFeetPerSecondEv
                0x00000934       0x30 controller/PIDController.o
                0x00000934                _ZNK10helicopter5model11SystemModel22ZVelocityFeetPerSecondEv
 .text._ZNK10helicopter5model11SystemModel9ZIntegralEv
                0x00000964       0x30 controller/PIDController.o
                0x00000964                _ZNK10helicopter5model11SystemModel9ZIntegralEv
 .text._ZNK10helicopter5model11SystemModel11BlownFramesEv
                0x00000994       0x30 controller/PIDController.o
                0x00000994                _ZNK10helicopter5model11SystemModel11BlownFramesEv
 .text._ZN10helicopter5model11SystemModel11BlownFramesEl
                0x000009c4       0x46 controller/PIDController.o
                0x000009c4                _ZN10helicopter5model11SystemModel11BlownFramesEl
 .text._ZN10helicopter10controller13PIDControllerC2EPNS_5model11SystemModelEPNS_7drivers11ServoDriverE
                0x00000a0a      0x214 controller/PIDController.o
                0x00000a0a                _ZN10helicopter10controller13PIDControllerC2EPNS_5model11SystemModelEPNS_7drivers11ServoDriverE
                0x00000a0a                _ZN10helicopter10controller13PIDControllerC1EPNS_5model11SystemModelEPNS_7drivers11ServoDriverE
 .text._ZN10helicopter10controller13PIDController21calculateProportionalEdd
                0x00000c1e       0x5e controller/PIDController.o
                0x00000c1e                _ZN10helicopter10controller13PIDController21calculateProportionalEdd
 .text._ZN10helicopter10controller13PIDController27calculateIntegralAntiWindupEddd
                0x00000c7c       0xa2 controller/PIDController.o
                0x00000c7c                _ZN10helicopter10controller13PIDController27calculateIntegralAntiWindupEddd
 .text._ZN10helicopter10controller13PIDController17calculateIntegralEdddd
                0x00000d1e      0x1a4 controller/PIDController.o
                0x00000d1e                _ZN10helicopter10controller13PIDController17calculateIntegralEdddd
 .text._ZN10helicopter10controller13PIDController22calculateVelocityErrorEdd
                0x00000ec2       0x5e controller/PIDController.o
                0x00000ec2                _ZN10helicopter10controller13PIDController22calculateVelocityErrorEdd
 .text._ZN10helicopter10controller13PIDController30calculateOuterLoopControlValueEddddd
                0x00000f20       0xe6 controller/PIDController.o
                0x00000f20                _ZN10helicopter10controller13PIDController30calculateOuterLoopControlValueEddddd
 .text._ZN10helicopter10controller13PIDController27adjustControlForServoLimitsEddd
                0x00001006       0xb8 controller/PIDController.o
                0x00001006                _ZN10helicopter10controller13PIDController27adjustControlForServoLimitsEddd
 .text._Z30calculateInnerLoopControlValueddd
                0x000010be       0x7e controller/PIDController.o
                0x000010be                _Z30calculateInnerLoopControlValueddd
 .text._ZN10helicopter10controller13PIDController30cyclicLongitudeOuterLoopUpdateEv
                0x0000113c      0x2d8 controller/PIDController.o
                0x0000113c                _ZN10helicopter10controller13PIDController30cyclicLongitudeOuterLoopUpdateEv
 .text._ZN10helicopter10controller13PIDController30cyclicLongitudeInnerLoopUpdateEv
                0x00001414      0x14a controller/PIDController.o
                0x00001414                _ZN10helicopter10controller13PIDController30cyclicLongitudeInnerLoopUpdateEv
 .text._ZN10helicopter10controller13PIDController34tailRotorCollectiveOuterLoopUpdateEv
                0x0000155e      0x2f8 controller/PIDController.o
                0x0000155e                _ZN10helicopter10controller13PIDController34tailRotorCollectiveOuterLoopUpdateEv
 .text._ZN10helicopter10controller13PIDController13addBlownFrameEv
                0x00001856       0x46 controller/PIDController.o
                0x00001856                _ZN10helicopter10controller13PIDController13addBlownFrameEv
 .text._ZN10helicopter10controller13PIDController27convertYawErrorFrom360to180Ed
                0x0000189c       0xa8 controller/PIDController.o
                0x0000189c                _ZN10helicopter10controller13PIDController27convertYawErrorFrom360to180Ed
 .text._ZN10helicopter7drivers12SerialDriverD2Ev
                0x00001944       0x3c drivers/SerialDriver.o
                0x00001944                _ZN10helicopter7drivers12SerialDriverD1Ev
                0x00001944                _ZN10helicopter7drivers12SerialDriverD2Ev
 .text._ZN10helicopter7drivers12SerialDriverD0Ev
                0x00001980       0x2a drivers/SerialDriver.o
                0x00001980                _ZN10helicopter7drivers12SerialDriverD0Ev
 .text._ZN10helicopter7drivers12SerialDriver10initializeEv
                0x000019aa      0x16c drivers/SerialDriver.o
                0x000019aa                _ZN10helicopter7drivers12SerialDriver10initializeEv
 .text._ZN10helicopter7drivers12SerialDriver12transmitByteEh
                0x00001b16       0xb2 drivers/SerialDriver.o
                0x00001b16                _ZN10helicopter7drivers12SerialDriver12transmitByteEh
 .text._ZN10helicopter7drivers12SerialDriver11receiveByteERh
                0x00001bc8       0xca drivers/SerialDriver.o
                0x00001bc8                _ZN10helicopter7drivers12SerialDriver11receiveByteERh
 .text._ZN10helicopter7drivers11ServoDriverD2Ev
                0x00001c92       0x3c drivers/ServoDriver.o
                0x00001c92                _ZN10helicopter7drivers11ServoDriverD2Ev
                0x00001c92                _ZN10helicopter7drivers11ServoDriverD1Ev
 .text._ZN10helicopter7drivers11ServoDriverD0Ev
                0x00001cce       0x2a drivers/ServoDriver.o
                0x00001cce                _ZN10helicopter7drivers11ServoDriverD0Ev
 .text._ZN10helicopter7drivers11ServoDriver26controlTailRotorCollectiveEd
                0x00001cf8       0xda drivers/ServoDriver.o
                0x00001cf8                _ZN10helicopter7drivers11ServoDriver26controlTailRotorCollectiveEd
 .text._ZN10helicopter7drivers11ServoDriver30controlTailRotorCollectiveImplEd
                0x00001dd2       0x2a drivers/ServoDriver.o
                0x00001dd2                _ZN10helicopter7drivers11ServoDriver30controlTailRotorCollectiveImplEd
 .text._ZN10helicopter7drivers11ServoDriver19controlLongitudinalEd
                0x00001dfc       0x2a drivers/ServoDriver.o
                0x00001dfc                _ZN10helicopter7drivers11ServoDriver19controlLongitudinalEd
 .text._ZN10helicopter5tasks4TaskD2Ev
                0x00001e26       0x3c HelicopterMain.o
                0x00001e26                _ZN10helicopter5tasks4TaskD2Ev
                0x00001e26                _ZN10helicopter5tasks4TaskD1Ev
 .text._ZN10helicopter5tasks4TaskD0Ev
                0x00001e62       0x2a HelicopterMain.o
                0x00001e62                _ZN10helicopter5tasks4TaskD0Ev
 .text._ZN10helicopter5tasks12FlashLEDTaskC2Eiii
                0x00001e8c       0x6c HelicopterMain.o
                0x00001e8c                _ZN10helicopter5tasks12FlashLEDTaskC2Eiii
                0x00001e8c                _ZN10helicopter5tasks12FlashLEDTaskC1Eiii
 .text._ZN10helicopter5tasks12FlashLEDTask4initEv
                0x00001ef8       0x48 HelicopterMain.o
                0x00001ef8                _ZN10helicopter5tasks12FlashLEDTask4initEv
 .text._ZN10helicopter5tasks12FlashLEDTask11runTaskImplEv
                0x00001f40       0x98 HelicopterMain.o
                0x00001f40                _ZN10helicopter5tasks12FlashLEDTask11runTaskImplEv
 .text._ZN10helicopter9scheduler9Scheduler13hasBlownFrameEv
                0x00001fd8       0x22 HelicopterMain.o
                0x00001fd8                _ZN10helicopter9scheduler9Scheduler13hasBlownFrameEv
 .text._ZN10helicopter4util5TimerC2Em9PRESCALERm
                0x00001ffa       0x80 HelicopterMain.o
                0x00001ffa                _ZN10helicopter4util5TimerC2Em9PRESCALERm
                0x00001ffa                _ZN10helicopter4util5TimerC1Em9PRESCALERm
 .text._ZN10helicopter7drivers12SerialDriverC2EmNS1_8UartPortEPNS_4util5TimerEbb
                0x0000207a       0x9c HelicopterMain.o
                0x0000207a                _ZN10helicopter7drivers12SerialDriverC1EmNS1_8UartPortEPNS_4util5TimerEbb
                0x0000207a                _ZN10helicopter7drivers12SerialDriverC2EmNS1_8UartPortEPNS_4util5TimerEbb
 .text._ZN10helicopter10interfaces29GroundControlStationInterfaceC2EPNS_7drivers12SerialDriverE
                0x00002116       0x30 HelicopterMain.o
                0x00002116                _ZN10helicopter10interfaces29GroundControlStationInterfaceC1EPNS_7drivers12SerialDriverE
                0x00002116                _ZN10helicopter10interfaces29GroundControlStationInterfaceC2EPNS_7drivers12SerialDriverE
 .text._ZN10helicopter5model11SystemModelC2Ev
                0x00002146      0x400 HelicopterMain.o
                0x00002146                _ZN10helicopter5model11SystemModelC1Ev
                0x00002146                _ZN10helicopter5model11SystemModelC2Ev
 .text._ZN10helicopter5model11SystemModel22ReferenceMagYawDegreesEd
                0x00002546       0x40 HelicopterMain.o
                0x00002546                _ZN10helicopter5model11SystemModel22ReferenceMagYawDegreesEd
 .text._ZN10helicopter5model11SystemModel36ReferenceYawVelocityDegreesPerSecondEd
                0x00002586       0x40 HelicopterMain.o
                0x00002586                _ZN10helicopter5model11SystemModel36ReferenceYawVelocityDegreesPerSecondEd
 .text._ZNK10helicopter5model11SystemModel15LatitudeDegreesEv
                0x000025c6       0x30 HelicopterMain.o
                0x000025c6                _ZNK10helicopter5model11SystemModel15LatitudeDegreesEv
 .text._ZNK10helicopter5model11SystemModel16LongitudeDegreesEv
                0x000025f6       0x30 HelicopterMain.o
                0x000025f6                _ZNK10helicopter5model11SystemModel16LongitudeDegreesEv
 .text._ZN10helicopter5model11SystemModel20InitialXPositionEcefEl
                0x00002626       0x4c HelicopterMain.o
                0x00002626                _ZN10helicopter5model11SystemModel20InitialXPositionEcefEl
 .text._ZN10helicopter5model11SystemModel20InitialYPositionEcefEl
                0x00002672       0x4c HelicopterMain.o
                0x00002672                _ZN10helicopter5model11SystemModel20InitialYPositionEcefEl
 .text._ZN10helicopter5model11SystemModel20InitialZPositionEcefEl
                0x000026be       0x4c HelicopterMain.o
                0x000026be                _ZN10helicopter5model11SystemModel20InitialZPositionEcefEl
 .text._ZN10helicopter7drivers11ServoDriverC2Ev
                0x0000270a       0x44 HelicopterMain.o
                0x0000270a                _ZN10helicopter7drivers11ServoDriverC2Ev
                0x0000270a                _ZN10helicopter7drivers11ServoDriverC1Ev
 .text._ZN10helicopter10controller13PIDController16setXIntegralGainEd
                0x0000274e       0x40 HelicopterMain.o
                0x0000274e                _ZN10helicopter10controller13PIDController16setXIntegralGainEd
 .text._ZN10helicopter10controller13PIDController18setXDerivativeGainEd
                0x0000278e       0x40 HelicopterMain.o
                0x0000278e                _ZN10helicopter10controller13PIDController18setXDerivativeGainEd
 .text._ZN10helicopter10controller13PIDController20setXProportionalGainEd
                0x000027ce       0x40 HelicopterMain.o
                0x000027ce                _ZN10helicopter10controller13PIDController20setXProportionalGainEd
 .text._ZN10helicopter10controller13PIDController18setXAntiWindupGainEd
                0x0000280e       0x40 HelicopterMain.o
                0x0000280e                _ZN10helicopter10controller13PIDController18setXAntiWindupGainEd
 .text._ZN10helicopter10controller13PIDController25setLongitudeInnerLoopGainEd
                0x0000284e       0x40 HelicopterMain.o
                0x0000284e                _ZN10helicopter10controller13PIDController25setLongitudeInnerLoopGainEd
 .text._ZN10helicopter10controller13PIDController32setMinLongitudeServoControlValueEd
                0x0000288e       0x46 HelicopterMain.o
                0x0000288e                _ZN10helicopter10controller13PIDController32setMinLongitudeServoControlValueEd
 .text._ZN10helicopter10controller13PIDController32setMaxLongitudeServoControlValueEd
                0x000028d4       0x46 HelicopterMain.o
                0x000028d4                _ZN10helicopter10controller13PIDController32setMaxLongitudeServoControlValueEd
 .text._ZN10helicopter10controller13PIDController22setYawProportionalGainEd
                0x0000291a       0x40 HelicopterMain.o
                0x0000291a                _ZN10helicopter10controller13PIDController22setYawProportionalGainEd
 .text._ZN10helicopter10controller13PIDController18setYawIntegralGainEd
                0x0000295a       0x40 HelicopterMain.o
                0x0000295a                _ZN10helicopter10controller13PIDController18setYawIntegralGainEd
 .text._ZN10helicopter10controller13PIDController20setYawDerivativeGainEd
                0x0000299a       0x40 HelicopterMain.o
                0x0000299a                _ZN10helicopter10controller13PIDController20setYawDerivativeGainEd
 .text._ZN10helicopter10controller13PIDController21setIntervalPeriodSecsEd
                0x000029da       0x46 HelicopterMain.o
                0x000029da                _ZN10helicopter10controller13PIDController21setIntervalPeriodSecsEd
 .text._ZN10helicopter10controller13PIDController20setYawAntiWindupGainEd
                0x00002a20       0x40 HelicopterMain.o
                0x00002a20                _ZN10helicopter10controller13PIDController20setYawAntiWindupGainEd
 .text._ZN10helicopter10controller13PIDController21setMinYawServoControlEd
                0x00002a60       0x46 HelicopterMain.o
                0x00002a60                _ZN10helicopter10controller13PIDController21setMinYawServoControlEd
 .text._ZN10helicopter10controller13PIDController21setMaxYawServoControlEd
                0x00002aa6       0x46 HelicopterMain.o
                0x00002aa6                _ZN10helicopter10controller13PIDController21setMaxYawServoControlEd
 .text._ZN10helicopter10controller13PIDController18setControlMaxValueEd
                0x00002aec       0x46 HelicopterMain.o
                0x00002aec                _ZN10helicopter10controller13PIDController18setControlMaxValueEd
 .text._ZN10helicopter10controller13PIDController18setControlMinValueEd
                0x00002b32       0x46 HelicopterMain.o
                0x00002b32                _ZN10helicopter10controller13PIDController18setControlMinValueEd
 .text._Z33setupDefaultsandReferencePositionPN10helicopter5model11SystemModelEPNS_10controller13PIDControllerE
                0x00002b78      0x13a HelicopterMain.o
                0x00002b78                _Z33setupDefaultsandReferencePositionPN10helicopter5model11SystemModelEPNS_10controller13PIDControllerE
 .text.main     0x00002cb2      0x4e4 HelicopterMain.o
                0x00002cb2                main
 .text._ZN10helicopter5tasks12FlashLEDTaskD2Ev
                0x00003196       0x44 HelicopterMain.o
                0x00003196                _ZN10helicopter5tasks12FlashLEDTaskD1Ev
                0x00003196                _ZN10helicopter5tasks12FlashLEDTaskD2Ev
 .text._ZN10helicopter5tasks12FlashLEDTaskD0Ev
                0x000031da       0x2a HelicopterMain.o
                0x000031da                _ZN10helicopter5tasks12FlashLEDTaskD0Ev
 .text._ZN10helicopter10interfaces29GroundControlStationInterface17calculateChecksumEPhiRhS3_
                0x00003204       0xaa interfaces/GroundControlStationInterface.o
                0x00003204                _ZN10helicopter10interfaces29GroundControlStationInterface17calculateChecksumEPhiRhS3_
 .text._ZN10helicopter10interfaces29GroundControlStationInterface8transmitEPNS_8messages7MessageE
                0x000032ae      0x1cc interfaces/GroundControlStationInterface.o
                0x000032ae                _ZN10helicopter10interfaces29GroundControlStationInterface8transmitEPNS_8messages7MessageE
 .text._ZN10helicopter10interfaces29GroundControlStationInterface7receiveERPNS_8messages7MessageE
                0x0000347a      0x2d0 interfaces/GroundControlStationInterface.o
                0x0000347a                _ZN10helicopter10interfaces29GroundControlStationInterface7receiveERPNS_8messages7MessageE
 .text._ZN10helicopter8messages7MessageD2Ev
                0x0000374a       0x3c messages/Message.o
                0x0000374a                _ZN10helicopter8messages7MessageD1Ev
                0x0000374a                _ZN10helicopter8messages7MessageD2Ev
 .text._ZN10helicopter8messages7MessageD0Ev
                0x00003786       0x2a messages/Message.o
                0x00003786                _ZN10helicopter8messages7MessageD0Ev
 .text._ZN10helicopter8messages7Message14getMessageSizeEv
                0x000037b0       0x24 messages/Message.o
                0x000037b0                _ZN10helicopter8messages7Message14getMessageSizeEv
 .text._ZN10helicopter8messages7Message8getBytesEv
                0x000037d4       0x1e messages/Message.o
                0x000037d4                _ZN10helicopter8messages7Message8getBytesEv
 .text._ZN10helicopter8messages7Message12buildMessageEPh
                0x000037f2       0x22 messages/Message.o
                0x000037f2                _ZN10helicopter8messages7Message12buildMessageEPh
 .text._ZN10helicopter8messages7MessageC2Ehi
                0x00003814       0x4e messages/SyncMessage.o
                0x00003814                _ZN10helicopter8messages7MessageC1Ehi
                0x00003814                _ZN10helicopter8messages7MessageC2Ehi
 .text._ZN10helicopter8messages11SyncMessageC2Ev
                0x00003862       0x36 messages/SyncMessage.o
                0x00003862                _ZN10helicopter8messages11SyncMessageC1Ev
                0x00003862                _ZN10helicopter8messages11SyncMessageC2Ev
 .text._ZN10helicopter8messages11SyncMessageD2Ev
                0x00003898       0x44 messages/SyncMessage.o
                0x00003898                _ZN10helicopter8messages11SyncMessageD2Ev
                0x00003898                _ZN10helicopter8messages11SyncMessageD1Ev
 .text._ZN10helicopter8messages11SyncMessageD0Ev
                0x000038dc       0x2a messages/SyncMessage.o
                0x000038dc                _ZN10helicopter8messages11SyncMessageD0Ev
 .text._ZN10helicopter8messages11SyncMessage8getBytesEv
                0x00003906       0x4a messages/SyncMessage.o
                0x00003906                _ZN10helicopter8messages11SyncMessage8getBytesEv
 .text._ZN10helicopter8messages11SyncMessage12buildMessageEPh
                0x00003950       0x3a messages/SyncMessage.o
                0x00003950                _ZN10helicopter8messages11SyncMessage12buildMessageEPh
 .text._ZN10helicopter8messages7Message6encodeERPhRl
                0x0000398a       0x5c messages/SystemTelemetryMessage.o
                0x0000398a                _ZN10helicopter8messages7Message6encodeERPhRl
 .text._ZN10helicopter8messages7Message6encodeERPhRm
                0x000039e6       0x5c messages/SystemTelemetryMessage.o
                0x000039e6                _ZN10helicopter8messages7Message6encodeERPhRm
 .text._ZN10helicopter8messages7Message6encodeERPhRh
                0x00003a42       0x5a messages/SystemTelemetryMessage.o
                0x00003a42                _ZN10helicopter8messages7Message6encodeERPhRh
 .text._ZN10helicopter8messages7Message6decodeERPhRh
                0x00003a9c       0x5a messages/SystemTelemetryMessage.o
                0x00003a9c                _ZN10helicopter8messages7Message6decodeERPhRh
 .text._ZN10helicopter8messages7Message6decodeERPhRl
                0x00003af6       0x5c messages/SystemTelemetryMessage.o
                0x00003af6                _ZN10helicopter8messages7Message6decodeERPhRl
 .text._ZN10helicopter8messages7Message6decodeERPhRm
                0x00003b52       0x5c messages/SystemTelemetryMessage.o
                0x00003b52                _ZN10helicopter8messages7Message6decodeERPhRm
 .text._ZN10helicopter5model11SystemModel13MagYawDegreesEd
                0x00003bae       0x40 messages/SystemTelemetryMessage.o
                0x00003bae                _ZN10helicopter5model11SystemModel13MagYawDegreesEd
 .text._ZN10helicopter5model11SystemModel27YawVelocityDegreesPerSecondEd
                0x00003bee       0x40 messages/SystemTelemetryMessage.o
                0x00003bee                _ZN10helicopter5model11SystemModel27YawVelocityDegreesPerSecondEd
 .text._ZNK10helicopter5model11SystemModel15YawProportionalEv
                0x00003c2e       0x2c messages/SystemTelemetryMessage.o
                0x00003c2e                _ZNK10helicopter5model11SystemModel15YawProportionalEv
 .text._ZNK10helicopter5model11SystemModel18YawDerivativeErrorEv
                0x00003c5a       0x2c messages/SystemTelemetryMessage.o
                0x00003c5a                _ZNK10helicopter5model11SystemModel18YawDerivativeErrorEv
 .text._ZN10helicopter5model11SystemModel24XVelocityMetersPerSecondEd
                0x00003c86       0x40 messages/SystemTelemetryMessage.o
                0x00003c86                _ZN10helicopter5model11SystemModel24XVelocityMetersPerSecondEd
 .text._ZNK10helicopter5model11SystemModel13XProportionalEv
                0x00003cc6       0x30 messages/SystemTelemetryMessage.o
                0x00003cc6                _ZNK10helicopter5model11SystemModel13XProportionalEv
 .text._ZNK10helicopter5model11SystemModel16XDerivativeErrorEv
                0x00003cf6       0x30 messages/SystemTelemetryMessage.o
                0x00003cf6                _ZNK10helicopter5model11SystemModel16XDerivativeErrorEv
 .text._ZN10helicopter5model11SystemModel17ThetaPitchDegreesEd
                0x00003d26       0x46 messages/SystemTelemetryMessage.o
                0x00003d26                _ZN10helicopter5model11SystemModel17ThetaPitchDegreesEd
 .text._ZN10helicopter5model11SystemModel24YVelocityMetersPerSecondEd
                0x00003d6c       0x46 messages/SystemTelemetryMessage.o
                0x00003d6c                _ZN10helicopter5model11SystemModel24YVelocityMetersPerSecondEd
 .text._ZNK10helicopter5model11SystemModel13YProportionalEv
                0x00003db2       0x30 messages/SystemTelemetryMessage.o
                0x00003db2                _ZNK10helicopter5model11SystemModel13YProportionalEv
 .text._ZNK10helicopter5model11SystemModel16YDerivativeErrorEv
                0x00003de2       0x30 messages/SystemTelemetryMessage.o
                0x00003de2                _ZNK10helicopter5model11SystemModel16YDerivativeErrorEv
 .text._ZN10helicopter5model11SystemModel14PhiRollDegreesEd
                0x00003e12       0x46 messages/SystemTelemetryMessage.o
                0x00003e12                _ZN10helicopter5model11SystemModel14PhiRollDegreesEd
 .text._ZN10helicopter5model11SystemModel12AltitudeFeetEd
                0x00003e58       0x46 messages/SystemTelemetryMessage.o
                0x00003e58                _ZN10helicopter5model11SystemModel12AltitudeFeetEd
 .text._ZN10helicopter5model11SystemModel22ZVelocityFeetPerSecondEd
                0x00003e9e       0x46 messages/SystemTelemetryMessage.o
                0x00003e9e                _ZN10helicopter5model11SystemModel22ZVelocityFeetPerSecondEd
 .text._ZNK10helicopter5model11SystemModel13ZProportionalEv
                0x00003ee4       0x30 messages/SystemTelemetryMessage.o
                0x00003ee4                _ZNK10helicopter5model11SystemModel13ZProportionalEv
 .text._ZNK10helicopter5model11SystemModel16ZDerivativeErrorEv
                0x00003f14       0x30 messages/SystemTelemetryMessage.o
                0x00003f14                _ZNK10helicopter5model11SystemModel16ZDerivativeErrorEv
 .text._ZN10helicopter5model11SystemModel15LatitudeDegreesEd
                0x00003f44       0x46 messages/SystemTelemetryMessage.o
                0x00003f44                _ZN10helicopter5model11SystemModel15LatitudeDegreesEd
 .text._ZN10helicopter5model11SystemModel16LongitudeDegreesEd
                0x00003f8a       0x46 messages/SystemTelemetryMessage.o
                0x00003f8a                _ZN10helicopter5model11SystemModel16LongitudeDegreesEd
 .text._ZNK10helicopter5model11SystemModel8TimeoutsEv
                0x00003fd0       0x30 messages/SystemTelemetryMessage.o
                0x00003fd0                _ZNK10helicopter5model11SystemModel8TimeoutsEv
 .text._ZN10helicopter5model11SystemModel8TimeoutsEl
                0x00004000       0x46 messages/SystemTelemetryMessage.o
                0x00004000                _ZN10helicopter5model11SystemModel8TimeoutsEl
 .text._ZNK10helicopter5model11SystemModel20UnrecognizedMsgTypesEv
                0x00004046       0x30 messages/SystemTelemetryMessage.o
                0x00004046                _ZNK10helicopter5model11SystemModel20UnrecognizedMsgTypesEv
 .text._ZN10helicopter5model11SystemModel20UnrecognizedMsgTypesEl
                0x00004076       0x46 messages/SystemTelemetryMessage.o
                0x00004076                _ZN10helicopter5model11SystemModel20UnrecognizedMsgTypesEl
 .text._ZNK10helicopter5model11SystemModel14ChecksumErrorsEv
                0x000040bc       0x30 messages/SystemTelemetryMessage.o
                0x000040bc                _ZNK10helicopter5model11SystemModel14ChecksumErrorsEv
 .text._ZN10helicopter5model11SystemModel14ChecksumErrorsEl
                0x000040ec       0x46 messages/SystemTelemetryMessage.o
                0x000040ec                _ZN10helicopter5model11SystemModel14ChecksumErrorsEl
 .text._ZN10helicopter8messages22SystemTelemetryMessageC2Ev
                0x00004132      0x380 messages/SystemTelemetryMessage.o
                0x00004132                _ZN10helicopter8messages22SystemTelemetryMessageC2Ev
                0x00004132                _ZN10helicopter8messages22SystemTelemetryMessageC1Ev
 .text._ZN10helicopter8messages22SystemTelemetryMessageD2Ev
                0x000044b2       0x44 messages/SystemTelemetryMessage.o
                0x000044b2                _ZN10helicopter8messages22SystemTelemetryMessageD2Ev
                0x000044b2                _ZN10helicopter8messages22SystemTelemetryMessageD1Ev
 .text._ZN10helicopter8messages22SystemTelemetryMessageD0Ev
                0x000044f6       0x2a messages/SystemTelemetryMessage.o
                0x000044f6                _ZN10helicopter8messages22SystemTelemetryMessageD0Ev
 .text._ZN10helicopter8messages22SystemTelemetryMessage8getBytesEv
                0x00004520      0x568 messages/SystemTelemetryMessage.o
                0x00004520                _ZN10helicopter8messages22SystemTelemetryMessage8getBytesEv
 .text._ZN10helicopter8messages22SystemTelemetryMessage12buildMessageEPh
                0x00004a88      0x55a messages/SystemTelemetryMessage.o
                0x00004a88                _ZN10helicopter8messages22SystemTelemetryMessage12buildMessageEPh
 .text._ZN10helicopter8messages22SystemTelemetryMessage14buildMessageStEPh
                0x00004fe2       0x5e messages/SystemTelemetryMessage.o
                0x00004fe2                _ZN10helicopter8messages22SystemTelemetryMessage14buildMessageStEPh
 .text._ZN10helicopter8messages22SystemTelemetryMessage21buildMessageFromModelEPNS_5model11SystemModelE
                0x00005040      0x676 messages/SystemTelemetryMessage.o
                0x00005040                _ZN10helicopter8messages22SystemTelemetryMessage21buildMessageFromModelEPNS_5model11SystemModelE
 .text._ZN10helicopter8messages22SystemTelemetryMessage35updateModelFromMessageFromSimulatorEPNS_5model11SystemModelE
                0x000056b6      0x2a6 messages/SystemTelemetryMessage.o
                0x000056b6                _ZN10helicopter8messages22SystemTelemetryMessage35updateModelFromMessageFromSimulatorEPNS_5model11SystemModelE
 .text._ZN10helicopter5tasks4Task8getDelayEv
                0x0000595c       0x24 scheduler/Scheduler.o
                0x0000595c                _ZN10helicopter5tasks4Task8getDelayEv
 .text._ZN10helicopter5tasks4Task9getPeriodEv
                0x00005980       0x24 scheduler/Scheduler.o
                0x00005980                _ZN10helicopter5tasks4Task9getPeriodEv
 .text._ZN10helicopter5tasks4Task8setDelayEi
                0x000059a4       0x30 scheduler/Scheduler.o
                0x000059a4                _ZN10helicopter5tasks4Task8setDelayEi
 .text._ZN10helicopter5tasks4Task15getIsReadyToRunEv
                0x000059d4       0x22 scheduler/Scheduler.o
                0x000059d4                _ZN10helicopter5tasks4Task15getIsReadyToRunEv
 .text._ZN10helicopter5tasks4Task15setIsReadyToRunEb
                0x000059f6       0x26 scheduler/Scheduler.o
                0x000059f6                _ZN10helicopter5tasks4Task15setIsReadyToRunEb
 .text._ZN10helicopter5tasks4Task11reduceDelayEv
                0x00005a1c       0x34 scheduler/Scheduler.o
                0x00005a1c                _ZN10helicopter5tasks4Task11reduceDelayEv
 .text._ZN10helicopter9scheduler9Scheduler13getNumOfTasksEv
                0x00005a50       0x24 scheduler/Scheduler.o
                0x00005a50                _ZN10helicopter9scheduler9Scheduler13getNumOfTasksEv
 .text._ZN10helicopter9scheduler9Scheduler8getTasksEv
                0x00005a74       0x1e scheduler/Scheduler.o
                0x00005a74                _ZN10helicopter9scheduler9Scheduler8getTasksEv
 .text._ZN10helicopter9scheduler9Scheduler13hasBlownFrameEb
                0x00005a92       0x26 scheduler/Scheduler.o
                0x00005a92                _ZN10helicopter9scheduler9Scheduler13hasBlownFrameEb
 .text._ZN10helicopter9scheduler9Scheduler20hasCompletedDispatchEv
                0x00005ab8       0x22 scheduler/Scheduler.o
                0x00005ab8                _ZN10helicopter9scheduler9Scheduler20hasCompletedDispatchEv
 .text._ZN10helicopter9scheduler9Scheduler12getSchedulerEv
                0x00005ada       0x5a scheduler/Scheduler.o
                0x00005ada                _ZN10helicopter9scheduler9Scheduler12getSchedulerEv
 .text._ZN10helicopter9scheduler9SchedulerC2Em9PRESCALERi
                0x00005b34       0xc6 scheduler/Scheduler.o
                0x00005b34                _ZN10helicopter9scheduler9SchedulerC2Em9PRESCALERi
                0x00005b34                _ZN10helicopter9scheduler9SchedulerC1Em9PRESCALERi
 .text._ZN10helicopter9scheduler9Scheduler7addTaskEPNS_5tasks4TaskE
                0x00005bfa       0x76 scheduler/Scheduler.o
                0x00005bfa                _ZN10helicopter9scheduler9Scheduler7addTaskEPNS_5tasks4TaskE
 .text._ZN10helicopter9scheduler9Scheduler4initEv
                0x00005c70       0xc2 scheduler/Scheduler.o
                0x00005c70                _ZN10helicopter9scheduler9Scheduler4initEv
 .text._ZN10helicopter9scheduler9Scheduler8dispatchEv
                0x00005d32       0xee scheduler/Scheduler.o
                0x00005d32                _ZN10helicopter9scheduler9Scheduler8dispatchEv
 .text._ZN10helicopter9scheduler9Scheduler5startEv
                0x00005e20       0xc6 scheduler/Scheduler.o
                0x00005e20                _ZN10helicopter9scheduler9Scheduler5startEv
 .text.__vector_17
                0x00005ee6      0x122 scheduler/Scheduler.o
                0x00005ee6                __vector_17
 .text._ZN10helicopter5tasks4Task4initEv
                0x00006008       0x1a tasks/PIDInnerLoopTask.o
                0x00006008                _ZN10helicopter5tasks4Task4initEv
 .text._ZN10helicopter5tasks16PIDInnerLoopTaskC2EPNS_10controller13PIDControllerEii
                0x00006022       0x64 tasks/PIDInnerLoopTask.o
                0x00006022                _ZN10helicopter5tasks16PIDInnerLoopTaskC2EPNS_10controller13PIDControllerEii
                0x00006022                _ZN10helicopter5tasks16PIDInnerLoopTaskC1EPNS_10controller13PIDControllerEii
 .text._ZN10helicopter5tasks16PIDInnerLoopTask11runTaskImplEv
                0x00006086       0x28 tasks/PIDInnerLoopTask.o
                0x00006086                _ZN10helicopter5tasks16PIDInnerLoopTask11runTaskImplEv
 .text._ZN10helicopter5tasks16PIDInnerLoopTaskD2Ev
                0x000060ae       0x44 tasks/PIDInnerLoopTask.o
                0x000060ae                _ZN10helicopter5tasks16PIDInnerLoopTaskD1Ev
                0x000060ae                _ZN10helicopter5tasks16PIDInnerLoopTaskD2Ev
 .text._ZN10helicopter5tasks16PIDInnerLoopTaskD0Ev
                0x000060f2       0x2a tasks/PIDInnerLoopTask.o
                0x000060f2                _ZN10helicopter5tasks16PIDInnerLoopTaskD0Ev
 .text._ZN10helicopter5tasks16PIDOuterLoopTaskC2EPNS_10controller13PIDControllerEii
                0x0000611c       0x64 tasks/PIDOuterLoopTask.o
                0x0000611c                _ZN10helicopter5tasks16PIDOuterLoopTaskC1EPNS_10controller13PIDControllerEii
                0x0000611c                _ZN10helicopter5tasks16PIDOuterLoopTaskC2EPNS_10controller13PIDControllerEii
 .text._ZN10helicopter5tasks16PIDOuterLoopTask11runTaskImplEv
                0x00006180       0x36 tasks/PIDOuterLoopTask.o
                0x00006180                _ZN10helicopter5tasks16PIDOuterLoopTask11runTaskImplEv
 .text._ZN10helicopter5tasks16PIDOuterLoopTaskD2Ev
                0x000061b6       0x44 tasks/PIDOuterLoopTask.o
                0x000061b6                _ZN10helicopter5tasks16PIDOuterLoopTaskD1Ev
                0x000061b6                _ZN10helicopter5tasks16PIDOuterLoopTaskD2Ev
 .text._ZN10helicopter5tasks16PIDOuterLoopTaskD0Ev
                0x000061fa       0x2a tasks/PIDOuterLoopTask.o
                0x000061fa                _ZN10helicopter5tasks16PIDOuterLoopTaskD0Ev
 .text._ZN10helicopter5model11SystemModel13XNEDBodyFrameEd
                0x00006224       0x40 tasks/SensorProcessingTask.o
                0x00006224                _ZN10helicopter5model11SystemModel13XNEDBodyFrameEd
 .text._ZN10helicopter5model11SystemModel13YNEDBodyFrameEd
                0x00006264       0x46 tasks/SensorProcessingTask.o
                0x00006264                _ZN10helicopter5model11SystemModel13YNEDBodyFrameEd
 .text._ZN10helicopter5model11SystemModel13ZNEDBodyFrameEd
                0x000062aa       0x46 tasks/SensorProcessingTask.o
                0x000062aa                _ZN10helicopter5model11SystemModel13ZNEDBodyFrameEd
 .text._ZNK10helicopter5model11SystemModel20InitialXPositionEcefEv
                0x000062f0       0x3c tasks/SensorProcessingTask.o
                0x000062f0                _ZNK10helicopter5model11SystemModel20InitialXPositionEcefEv
 .text._ZNK10helicopter5model11SystemModel20InitialYPositionEcefEv
                0x0000632c       0x3c tasks/SensorProcessingTask.o
                0x0000632c                _ZNK10helicopter5model11SystemModel20InitialYPositionEcefEv
 .text._ZNK10helicopter5model11SystemModel20InitialZPositionEcefEv
                0x00006368       0x3c tasks/SensorProcessingTask.o
                0x00006368                _ZNK10helicopter5model11SystemModel20InitialZPositionEcefEv
 .text._ZN10helicopter5tasks20SensorProcessingTaskC2EPNS_5model11SystemModelEii
                0x000063a4       0x64 tasks/SensorProcessingTask.o
                0x000063a4                _ZN10helicopter5tasks20SensorProcessingTaskC1EPNS_5model11SystemModelEii
                0x000063a4                _ZN10helicopter5tasks20SensorProcessingTaskC2EPNS_5model11SystemModelEii
 .text._ZN10helicopter5tasks20SensorProcessingTask11runTaskImplEv
                0x00006408      0x1f4 tasks/SensorProcessingTask.o
                0x00006408                _ZN10helicopter5tasks20SensorProcessingTask11runTaskImplEv
 .text._ZN10helicopter5tasks20SensorProcessingTaskD2Ev
                0x000065fc       0x44 tasks/SensorProcessingTask.o
                0x000065fc                _ZN10helicopter5tasks20SensorProcessingTaskD1Ev
                0x000065fc                _ZN10helicopter5tasks20SensorProcessingTaskD2Ev
 .text._ZN10helicopter5tasks20SensorProcessingTaskD0Ev
                0x00006640       0x2a tasks/SensorProcessingTask.o
                0x00006640                _ZN10helicopter5tasks20SensorProcessingTaskD0Ev
 .text._ZN10helicopter10controller13PIDController16setYIntegralGainEd
                0x0000666a       0x40 tasks/SimTelemetryTask.o
                0x0000666a                _ZN10helicopter10controller13PIDController16setYIntegralGainEd
 .text._ZN10helicopter10controller13PIDController18setYDerivativeGainEd
                0x000066aa       0x40 tasks/SimTelemetryTask.o
                0x000066aa                _ZN10helicopter10controller13PIDController18setYDerivativeGainEd
 .text._ZN10helicopter10controller13PIDController20setYProportionalGainEd
                0x000066ea       0x40 tasks/SimTelemetryTask.o
                0x000066ea                _ZN10helicopter10controller13PIDController20setYProportionalGainEd
 .text._ZN10helicopter10controller13PIDController18setYAntiWindupGainEd
                0x0000672a       0x40 tasks/SimTelemetryTask.o
                0x0000672a                _ZN10helicopter10controller13PIDController18setYAntiWindupGainEd
 .text._ZN10helicopter10controller13PIDController23setLateralInnerLoopGainEd
                0x0000676a       0x40 tasks/SimTelemetryTask.o
                0x0000676a                _ZN10helicopter10controller13PIDController23setLateralInnerLoopGainEd
 .text._ZN10helicopter10controller13PIDController16setZIntegralGainEd
                0x000067aa       0x40 tasks/SimTelemetryTask.o
                0x000067aa                _ZN10helicopter10controller13PIDController16setZIntegralGainEd
 .text._ZN10helicopter10controller13PIDController18setZDerivativeGainEd
                0x000067ea       0x46 tasks/SimTelemetryTask.o
                0x000067ea                _ZN10helicopter10controller13PIDController18setZDerivativeGainEd
 .text._ZN10helicopter10controller13PIDController20setZProportionalGainEd
                0x00006830       0x46 tasks/SimTelemetryTask.o
                0x00006830                _ZN10helicopter10controller13PIDController20setZProportionalGainEd
 .text._ZN10helicopter10controller13PIDController18setZAntiWindupGainEd
                0x00006876       0x46 tasks/SimTelemetryTask.o
                0x00006876                _ZN10helicopter10controller13PIDController18setZAntiWindupGainEd
 .text._ZN10helicopter5tasks16SimTelemetryTaskC2EPNS_10interfaces29GroundControlStationInterfaceEPNS_5model11SystemModelEPNS_10controller13PIDControllerEii
                0x000068bc       0x98 tasks/SimTelemetryTask.o
                0x000068bc                _ZN10helicopter5tasks16SimTelemetryTaskC2EPNS_10interfaces29GroundControlStationInterfaceEPNS_5model11SystemModelEPNS_10controller13PIDControllerEii
                0x000068bc                _ZN10helicopter5tasks16SimTelemetryTaskC1EPNS_10interfaces29GroundControlStationInterfaceEPNS_5model11SystemModelEPNS_10controller13PIDControllerEii
 .text._ZN10helicopter5tasks16SimTelemetryTask11runTaskImplEv
                0x00006954      0x666 tasks/SimTelemetryTask.o
                0x00006954                _ZN10helicopter5tasks16SimTelemetryTask11runTaskImplEv
 .text._ZN10helicopter5tasks16SimTelemetryTaskD2Ev
                0x00006fba       0x44 tasks/SimTelemetryTask.o
                0x00006fba                _ZN10helicopter5tasks16SimTelemetryTaskD1Ev
                0x00006fba                _ZN10helicopter5tasks16SimTelemetryTaskD2Ev
 .text._ZN10helicopter5tasks16SimTelemetryTaskD0Ev
                0x00006ffe       0x2a tasks/SimTelemetryTask.o
                0x00006ffe                _ZN10helicopter5tasks16SimTelemetryTaskD0Ev
 .text._ZN10helicopter5tasks4Task11runTaskImplEv
                0x00007028       0x1a tasks/Task.o
                0x00007028                _ZN10helicopter5tasks4Task11runTaskImplEv
 .text._ZN10helicopter5tasks4TaskC2Eii
                0x00007042       0x5c tasks/Task.o
                0x00007042                _ZN10helicopter5tasks4TaskC2Eii
                0x00007042                _ZN10helicopter5tasks4TaskC1Eii
 .text._ZN10helicopter5tasks4Task7runTaskEv
                0x0000709e       0x36 tasks/Task.o
                0x0000709e                _ZN10helicopter5tasks4Task7runTaskEv
 .text._ZN10helicopter5tasks21TransmitTelemetryTaskC2EPNS_10interfaces29GroundControlStationInterfaceEPNS_5model11SystemModelEii
                0x000070d4       0x7e tasks/TransmitTelemetryTask.o
                0x000070d4                _ZN10helicopter5tasks21TransmitTelemetryTaskC2EPNS_10interfaces29GroundControlStationInterfaceEPNS_5model11SystemModelEii
                0x000070d4                _ZN10helicopter5tasks21TransmitTelemetryTaskC1EPNS_10interfaces29GroundControlStationInterfaceEPNS_5model11SystemModelEii
 .text._ZN10helicopter5tasks21TransmitTelemetryTask11runTaskImplEv
                0x00007152       0x66 tasks/TransmitTelemetryTask.o
                0x00007152                _ZN10helicopter5tasks21TransmitTelemetryTask11runTaskImplEv
 .text._ZN10helicopter5tasks21TransmitTelemetryTaskD2Ev
                0x000071b8       0x44 tasks/TransmitTelemetryTask.o
                0x000071b8                _ZN10helicopter5tasks21TransmitTelemetryTaskD1Ev
                0x000071b8                _ZN10helicopter5tasks21TransmitTelemetryTaskD2Ev
 .text._ZN10helicopter5tasks21TransmitTelemetryTaskD0Ev
                0x000071fc       0x2a tasks/TransmitTelemetryTask.o
                0x000071fc                _ZN10helicopter5tasks21TransmitTelemetryTaskD0Ev
 .text._Znwj    0x00007226       0x22 util/CommonHeader.o
                0x00007226                _Znwj
 .text._ZdlPv   0x00007248       0x2a util/CommonHeader.o
                0x00007248                _ZdlPv
 .text._Znaj    0x00007272       0x22 util/CommonHeader.o
                0x00007272                _Znaj
 .text._ZdaPv   0x00007294       0x2a util/CommonHeader.o
                0x00007294                _ZdaPv
 .text._ZN10helicopter4util14CoordinateUtil12DegreesToRadEd
                0x000072be       0x3e util/CoordinateUtil.o
                0x000072be                _ZN10helicopter4util14CoordinateUtil12DegreesToRadEd
 .text._ZN10helicopter4util14CoordinateUtil37CalculateECEFToLocalNEDRotationMatrixEddPA3_d
                0x000072fc      0x28c util/CoordinateUtil.o
                0x000072fc                _ZN10helicopter4util14CoordinateUtil37CalculateECEFToLocalNEDRotationMatrixEddPA3_d
 .text._ZN10helicopter4util14CoordinateUtil11calculateNeEdd
                0x00007588       0xd2 util/CoordinateUtil.o
                0x00007588                _ZN10helicopter4util14CoordinateUtil11calculateNeEdd
 .text._ZN10helicopter4util14CoordinateUtil25ConvertFromGeodeticToECEFEdddRdS2_S2_
                0x0000765a      0x21c util/CoordinateUtil.o
                0x0000765a                _ZN10helicopter4util14CoordinateUtil25ConvertFromGeodeticToECEFEdddRdS2_S2_
 .text._ZN10helicopter4util14CoordinateUtil25ConvertFromECEFToLocalNEDEddddddPA3_dRdS4_S4_
                0x00007876      0x266 util/CoordinateUtil.o
                0x00007876                _ZN10helicopter4util14CoordinateUtil25ConvertFromECEFToLocalNEDEddddddPA3_dRdS4_S4_
 .text._ZN10helicopter4util14CoordinateUtil29ConvertFromGeodedicToLocalNEDEddddddPA3_dRdS4_S4_
                0x00007adc      0x164 util/CoordinateUtil.o
                0x00007adc                _ZN10helicopter4util14CoordinateUtil29ConvertFromGeodedicToLocalNEDEddddddPA3_dRdS4_S4_
 .text._ZN10helicopter4util5Timer10startTimerEv
                0x00007c40      0x174 util/Timer.o
                0x00007c40                _ZN10helicopter4util5Timer10startTimerEv
 .text._ZN10helicopter4util5Timer11hasTimedoutEv
                0x00007db4       0x34 util/Timer.o
                0x00007db4                _ZN10helicopter4util5Timer11hasTimedoutEv
 .text._ZN10helicopter4util5Timer9stopTimerEv
                0x00007de8       0x3e util/Timer.o
                0x00007de8                _ZN10helicopter4util5Timer9stopTimerEv
 .text.avr-libc.fplib
                0x00007e26        0xa c:/program files (x86)/atmel/atmel toolchain/avr8 gcc/native/3.4.2.1002/avr8-gnu-toolchain/bin/../lib/gcc/avr/4.7.2/../../../../avr/lib/avr6\libm.a(addsf3.o)
                0x00007e26                __subsf3
                0x00007e28                __addsf3
 .text.avr-libc.fplib
                0x00007e30       0xc0 c:/program files (x86)/atmel/atmel toolchain/avr8 gcc/native/3.4.2.1002/avr8-gnu-toolchain/bin/../lib/gcc/avr/4.7.2/../../../../avr/lib/avr6\libm.a(addsf3x.o)
                0x00007e4a                __addsf3x
 .text.avr-libc.fplib
                0x00007ef0        0x8 c:/program files (x86)/atmel/atmel toolchain/avr8 gcc/native/3.4.2.1002/avr8-gnu-toolchain/bin/../lib/gcc/avr/4.7.2/../../../../avr/lib/avr6\libm.a(cmpsf2.o)
                0x00007ef0                __nesf2
                0x00007ef0                __eqsf2
                0x00007ef0                __cmpsf2
                0x00007ef0                __ltsf2
                0x00007ef0                __lesf2
 .text.avr-libc.fplib
                0x00007ef8        0x6 c:/program files (x86)/atmel/atmel toolchain/avr8 gcc/native/3.4.2.1002/avr8-gnu-toolchain/bin/../lib/gcc/avr/4.7.2/../../../../avr/lib/avr6\libm.a(cos.o)
                0x00007ef8                cos
 .text.avr-libc.fplib
                0x00007efe        0x4 c:/program files (x86)/atmel/atmel toolchain/avr8 gcc/native/3.4.2.1002/avr8-gnu-toolchain/bin/../lib/gcc/avr/4.7.2/../../../../avr/lib/avr6\libm.a(divsf3.o)
                0x00007efe                __divsf3
 .text.avr-libc.fplib
                0x00007f02       0xcc c:/program files (x86)/atmel/atmel toolchain/avr8 gcc/native/3.4.2.1002/avr8-gnu-toolchain/bin/../lib/gcc/avr/4.7.2/../../../../avr/lib/avr6\libm.a(divsf3x.o)
                0x00007f18                __divsf3x
                0x00007f1c                __divsf3_pse
 .text.avr-libc.fplib
                0x00007fce        0xa c:/program files (x86)/atmel/atmel toolchain/avr8 gcc/native/3.4.2.1002/avr8-gnu-toolchain/bin/../lib/gcc/avr/4.7.2/../../../../avr/lib/avr6\libm.a(fixsfsi.o)
                0x00007fce                __fixsfsi
 .text.avr-libc.fplib
                0x00007fd8       0x58 c:/program files (x86)/atmel/atmel toolchain/avr8 gcc/native/3.4.2.1002/avr8-gnu-toolchain/bin/../lib/gcc/avr/4.7.2/../../../../avr/lib/avr6\libm.a(fixunssfsi.o)
                0x00007fd8                __fixunssfsi
 .text.avr-libc.fplib
                0x00008030       0x7a c:/program files (x86)/atmel/atmel toolchain/avr8 gcc/native/3.4.2.1002/avr8-gnu-toolchain/bin/../lib/gcc/avr/4.7.2/../../../../avr/lib/avr6\libm.a(floatsisf.o)
                0x00008030                __floatunsisf
                0x00008034                __floatsisf
 .text.avr-libc.fplib
                0x000080aa       0x26 c:/program files (x86)/atmel/atmel toolchain/avr8 gcc/native/3.4.2.1002/avr8-gnu-toolchain/bin/../lib/gcc/avr/4.7.2/../../../../avr/lib/avr6\libm.a(floor.o)
                0x000080aa                floor
 .text.avr-libc.fplib
                0x000080d0       0x48 c:/program files (x86)/atmel/atmel toolchain/avr8 gcc/native/3.4.2.1002/avr8-gnu-toolchain/bin/../lib/gcc/avr/4.7.2/../../../../avr/lib/avr6\libm.a(fp_cmp.o)
                0x000080d0                __fp_cmp
 .text.avr-libc.fplib
                0x00008118        0xc c:/program files (x86)/atmel/atmel toolchain/avr8 gcc/native/3.4.2.1002/avr8-gnu-toolchain/bin/../lib/gcc/avr/4.7.2/../../../../avr/lib/avr6\libm.a(fp_inf.o)
                0x00008118                __fp_inf
 .text.avr-libc.fplib
                0x00008124       0x36 c:/program files (x86)/atmel/atmel toolchain/avr8 gcc/native/3.4.2.1002/avr8-gnu-toolchain/bin/../lib/gcc/avr/4.7.2/../../../../avr/lib/avr6\libm.a(fp_mintl.o)
                0x00008124                __fp_mintl
 .text.avr-libc.fplib
                0x0000815a       0x1c c:/program files (x86)/atmel/atmel toolchain/avr8 gcc/native/3.4.2.1002/avr8-gnu-toolchain/bin/../lib/gcc/avr/4.7.2/../../../../avr/lib/avr6\libm.a(fp_mpack.o)
                0x0000815a                __fp_mpack
                0x0000815e                __fp_mpack_finite
 .text.avr-libc.fplib
                0x00008176        0x6 c:/program files (x86)/atmel/atmel toolchain/avr8 gcc/native/3.4.2.1002/avr8-gnu-toolchain/bin/../lib/gcc/avr/4.7.2/../../../../avr/lib/avr6\libm.a(fp_nan.o)
                0x00008176                __fp_nan
 .text.avr-libc.fplib
                0x0000817c        0xe c:/program files (x86)/atmel/atmel toolchain/avr8 gcc/native/3.4.2.1002/avr8-gnu-toolchain/bin/../lib/gcc/avr/4.7.2/../../../../avr/lib/avr6\libm.a(fp_pscA.o)
                0x0000817c                __fp_pscA
 .text.avr-libc.fplib
                0x0000818a        0xe c:/program files (x86)/atmel/atmel toolchain/avr8 gcc/native/3.4.2.1002/avr8-gnu-toolchain/bin/../lib/gcc/avr/4.7.2/../../../../avr/lib/avr6\libm.a(fp_pscB.o)
                0x0000818a                __fp_pscB
 .text.avr-libc.fplib
                0x00008198       0x50 c:/program files (x86)/atmel/atmel toolchain/avr8 gcc/native/3.4.2.1002/avr8-gnu-toolchain/bin/../lib/gcc/avr/4.7.2/../../../../avr/lib/avr6\libm.a(fp_rempio2.o)
                0x0000819a                __fp_rempio2
 .text.avr-libc.fplib
                0x000081e8       0x22 c:/program files (x86)/atmel/atmel toolchain/avr8 gcc/native/3.4.2.1002/avr8-gnu-toolchain/bin/../lib/gcc/avr/4.7.2/../../../../avr/lib/avr6\libm.a(fp_round.o)
                0x000081e8                __fp_round
 .text.avr-libc.fplib
                0x0000820a       0x22 c:/program files (x86)/atmel/atmel toolchain/avr8 gcc/native/3.4.2.1002/avr8-gnu-toolchain/bin/../lib/gcc/avr/4.7.2/../../../../avr/lib/avr6\libm.a(fp_sinus.o)
                0x0000820a                __fp_sinus
 .text.avr-libc.fplib
                0x0000822c       0x44 c:/program files (x86)/atmel/atmel toolchain/avr8 gcc/native/3.4.2.1002/avr8-gnu-toolchain/bin/../lib/gcc/avr/4.7.2/../../../../avr/lib/avr6\libm.a(fp_split3.o)
                0x0000822c                __fp_split3
                0x0000823c                __fp_splitA
 .text.avr-libc.fplib
                0x00008270       0x2e c:/program files (x86)/atmel/atmel toolchain/avr8 gcc/native/3.4.2.1002/avr8-gnu-toolchain/bin/../lib/gcc/avr/4.7.2/../../../../avr/lib/avr6\libm.a(fp_trunc.o)
                0x00008270                __fp_trunc
 .text.avr-libc.fplib
                0x0000829e        0xe c:/program files (x86)/atmel/atmel toolchain/avr8 gcc/native/3.4.2.1002/avr8-gnu-toolchain/bin/../lib/gcc/avr/4.7.2/../../../../avr/lib/avr6\libm.a(fp_zero.o)
                0x0000829e                __fp_zero
                0x000082a0                __fp_szero
 .text.avr-libc.fplib
                0x000082ac        0x8 c:/program files (x86)/atmel/atmel toolchain/avr8 gcc/native/3.4.2.1002/avr8-gnu-toolchain/bin/../lib/gcc/avr/4.7.2/../../../../avr/lib/avr6\libm.a(gesf2.o)
                0x000082ac                __gesf2
                0x000082ac                __gtsf2
 .text.avr-libc.fplib
                0x000082b4        0x4 c:/program files (x86)/atmel/atmel toolchain/avr8 gcc/native/3.4.2.1002/avr8-gnu-toolchain/bin/../lib/gcc/avr/4.7.2/../../../../avr/lib/avr6\libm.a(mulsf3.o)
                0x000082b4                __mulsf3
 .text.avr-libc.fplib
                0x000082b8       0xc2 c:/program files (x86)/atmel/atmel toolchain/avr8 gcc/native/3.4.2.1002/avr8-gnu-toolchain/bin/../lib/gcc/avr/4.7.2/../../../../avr/lib/avr6\libm.a(mulsf3x.o)
                0x000082cc                __mulsf3x
                0x000082d0                __mulsf3_pse
 .text.avr-libc.fplib
                0x0000837a       0x98 c:/program files (x86)/atmel/atmel toolchain/avr8 gcc/native/3.4.2.1002/avr8-gnu-toolchain/bin/../lib/gcc/avr/4.7.2/../../../../avr/lib/avr6\libm.a(pow.o)
                0x0000837a                pow
 .text.avr-libc.fplib
                0x00008412        0xc c:/program files (x86)/atmel/atmel toolchain/avr8 gcc/native/3.4.2.1002/avr8-gnu-toolchain/bin/../lib/gcc/avr/4.7.2/../../../../avr/lib/avr6\libm.a(sin.o)
                0x00008412                sin
 .text.avr-libc.fplib
                0x0000841e       0x84 c:/program files (x86)/atmel/atmel toolchain/avr8 gcc/native/3.4.2.1002/avr8-gnu-toolchain/bin/../lib/gcc/avr/4.7.2/../../../../avr/lib/avr6\libm.a(sqrt.o)
                0x00008426                sqrt
 .text.avr-libc.fplib
                0x000084a2       0x62 c:/program files (x86)/atmel/atmel toolchain/avr8 gcc/native/3.4.2.1002/avr8-gnu-toolchain/bin/../lib/gcc/avr/4.7.2/../../../../avr/lib/avr6\libm.a(exp.o)
                0x000084ac                exp
 .text.avr-libc.fplib
                0x00008504        0xe c:/program files (x86)/atmel/atmel toolchain/avr8 gcc/native/3.4.2.1002/avr8-gnu-toolchain/bin/../lib/gcc/avr/4.7.2/../../../../avr/lib/avr6\libm.a(fp_norm2.o)
                0x00008504                __fp_norm2
 .text.avr-libc.fplib
                0x00008512       0x4a c:/program files (x86)/atmel/atmel toolchain/avr8 gcc/native/3.4.2.1002/avr8-gnu-toolchain/bin/../lib/gcc/avr/4.7.2/../../../../avr/lib/avr6\libm.a(fp_powser.o)
                0x00008512                __fp_powser
 .text.avr-libc.fplib
                0x0000855c       0x22 c:/program files (x86)/atmel/atmel toolchain/avr8 gcc/native/3.4.2.1002/avr8-gnu-toolchain/bin/../lib/gcc/avr/4.7.2/../../../../avr/lib/avr6\libm.a(fp_powsodd.o)
                0x0000855c                __fp_powsodd
 .text.avr-libc.fplib
                0x0000857e        0xe c:/program files (x86)/atmel/atmel toolchain/avr8 gcc/native/3.4.2.1002/avr8-gnu-toolchain/bin/../lib/gcc/avr/4.7.2/../../../../avr/lib/avr6\libm.a(inverse.o)
                0x0000857e                inverse
 .text.avr-libc.fplib
                0x0000858c       0x6c c:/program files (x86)/atmel/atmel toolchain/avr8 gcc/native/3.4.2.1002/avr8-gnu-toolchain/bin/../lib/gcc/avr/4.7.2/../../../../avr/lib/avr6\libm.a(ldexp.o)
                0x00008590                ldexp
 .text.avr-libc.fplib
                0x000085f8       0x8a c:/program files (x86)/atmel/atmel toolchain/avr8 gcc/native/3.4.2.1002/avr8-gnu-toolchain/bin/../lib/gcc/avr/4.7.2/../../../../avr/lib/avr6\libm.a(log.o)
                0x00008602                log
 .text.avr-libc.fplib
                0x00008682       0x66 c:/program files (x86)/atmel/atmel toolchain/avr8 gcc/native/3.4.2.1002/avr8-gnu-toolchain/bin/../lib/gcc/avr/4.7.2/../../../../avr/lib/avr6\libm.a(modf.o)
                0x00008682                modf
                0x00008682                modff
 .text.libgcc.div
                0x000086e8       0x28 c:/program files (x86)/atmel/atmel toolchain/avr8 gcc/native/3.4.2.1002/avr8-gnu-toolchain/bin/../lib/gcc/avr/4.7.2/avr6\libgcc.a(_divmodhi4.o)
                0x000086e8                _div
                0x000086e8                __divmodhi4
 .text.libgcc.div
                0x00008710       0x44 c:/program files (x86)/atmel/atmel toolchain/avr8 gcc/native/3.4.2.1002/avr8-gnu-toolchain/bin/../lib/gcc/avr/4.7.2/avr6\libgcc.a(_udivmodsi4.o)
                0x00008710                __udivmodsi4
 .text.libgcc.div
                0x00008754       0x28 c:/program files (x86)/atmel/atmel toolchain/avr8 gcc/native/3.4.2.1002/avr8-gnu-toolchain/bin/../lib/gcc/avr/4.7.2/avr6\libgcc.a(_udivmodhi4.o)
                0x00008754                __udivmodhi4
 .text.avr-libc
                0x0000877c      0x274 c:/program files (x86)/atmel/atmel toolchain/avr8 gcc/native/3.4.2.1002/avr8-gnu-toolchain/bin/../lib/gcc/avr/4.7.2/../../../../avr/lib/avr6\libc.a(malloc.o)
                0x0000877c                malloc
                0x000088b2                free
 .text.avr-libc
                0x000089f0       0x12 c:/program files (x86)/atmel/atmel toolchain/avr8 gcc/native/3.4.2.1002/avr8-gnu-toolchain/bin/../lib/gcc/avr/4.7.2/../../../../avr/lib/avr6\libc.a(memcpy.o)
                0x000089f0                memcpy
                0x00008a02                . = ALIGN (0x2)
 *(.fini9)
 .fini9         0x00008a02        0x0 c:/program files (x86)/atmel/atmel toolchain/avr8 gcc/native/3.4.2.1002/avr8-gnu-toolchain/bin/../lib/gcc/avr/4.7.2/avr6\libgcc.a(_exit.o)
                0x00008a02                _exit
                0x00008a02                exit
 *(.fini9)
 *(.fini8)
 *(.fini8)
 *(.fini7)
 *(.fini7)
 *(.fini6)
 *(.fini6)
 *(.fini5)
 *(.fini5)
 *(.fini4)
 *(.fini4)
 *(.fini3)
 *(.fini3)
 *(.fini2)
 *(.fini2)
 *(.fini1)
 *(.fini1)
 *(.fini0)
 .fini0         0x00008a02        0x4 c:/program files (x86)/atmel/atmel toolchain/avr8 gcc/native/3.4.2.1002/avr8-gnu-toolchain/bin/../lib/gcc/avr/4.7.2/avr6\libgcc.a(_exit.o)
 *(.fini0)
                0x00008a06                _etext = .

.data           0x00800200       0xa4 load address 0x00008a06
                0x00800200                PROVIDE (__data_start, .)
 *(.data)
 .data          0x00800200        0x0 c:/program files (x86)/atmel/atmel toolchain/avr8 gcc/native/3.4.2.1002/avr8-gnu-toolchain/bin/../lib/gcc/avr/4.7.2/../../../../avr/lib/avr6/crtm2560.o
 .data          0x00800200        0x0 buffer/Buffer.o
 .data          0x00800200        0x0 buffer/Record.o
 .data          0x00800200        0x0 controller/PIDController.o
 .data          0x00800200        0x0 drivers/MagnetometerDriver.o
 .data          0x00800200        0x0 drivers/SerialDriver.o
 .data          0x00800200        0x0 drivers/ServoDriver.o
 .data          0x00800200        0x0 HelicopterMain.o
 .data          0x00800200        0x0 interfaces/GroundControlStationInterface.o
 .data          0x00800200        0x0 messages/Message.o
 .data          0x00800200        0x0 messages/SyncMessage.o
 .data          0x00800200        0x0 messages/SystemTelemetryMessage.o
 .data          0x00800200        0x0 model/SystemModel.o
 .data          0x00800200        0x0 scheduler/Scheduler.o
 .data          0x00800200        0x0 sensors/MagnetometerSensor.o
 .data          0x00800200        0x0 tasks/PIDInnerLoopTask.o
 .data          0x00800200        0x0 tasks/PIDOuterLoopTask.o
 .data          0x00800200        0x0 tasks/SensorProcessingTask.o
 .data          0x00800200        0x0 tasks/SimTelemetryTask.o
 .data          0x00800200        0x0 tasks/Task.o
 .data          0x00800200        0x0 tasks/TransmitTelemetryTask.o
 .data          0x00800200        0x0 util/CommonHeader.o
 .data          0x00800200        0x0 util/CoordinateUtil.o
 .data          0x00800200        0x0 util/Timer.o
 .data          0x00800200        0x0 c:/program files (x86)/atmel/atmel toolchain/avr8 gcc/native/3.4.2.1002/avr8-gnu-toolchain/bin/../lib/gcc/avr/4.7.2/../../../../avr/lib/avr6\libm.a(addsf3.o)
 .data          0x00800200        0x0 c:/program files (x86)/atmel/atmel toolchain/avr8 gcc/native/3.4.2.1002/avr8-gnu-toolchain/bin/../lib/gcc/avr/4.7.2/../../../../avr/lib/avr6\libm.a(addsf3x.o)
 .data          0x00800200        0x0 c:/program files (x86)/atmel/atmel toolchain/avr8 gcc/native/3.4.2.1002/avr8-gnu-toolchain/bin/../lib/gcc/avr/4.7.2/../../../../avr/lib/avr6\libm.a(cmpsf2.o)
 .data          0x00800200        0x0 c:/program files (x86)/atmel/atmel toolchain/avr8 gcc/native/3.4.2.1002/avr8-gnu-toolchain/bin/../lib/gcc/avr/4.7.2/../../../../avr/lib/avr6\libm.a(cos.o)
 .data          0x00800200        0x0 c:/program files (x86)/atmel/atmel toolchain/avr8 gcc/native/3.4.2.1002/avr8-gnu-toolchain/bin/../lib/gcc/avr/4.7.2/../../../../avr/lib/avr6\libm.a(divsf3.o)
 .data          0x00800200        0x0 c:/program files (x86)/atmel/atmel toolchain/avr8 gcc/native/3.4.2.1002/avr8-gnu-toolchain/bin/../lib/gcc/avr/4.7.2/../../../../avr/lib/avr6\libm.a(divsf3x.o)
 .data          0x00800200        0x0 c:/program files (x86)/atmel/atmel toolchain/avr8 gcc/native/3.4.2.1002/avr8-gnu-toolchain/bin/../lib/gcc/avr/4.7.2/../../../../avr/lib/avr6\libm.a(fixsfsi.o)
 .data          0x00800200        0x0 c:/program files (x86)/atmel/atmel toolchain/avr8 gcc/native/3.4.2.1002/avr8-gnu-toolchain/bin/../lib/gcc/avr/4.7.2/../../../../avr/lib/avr6\libm.a(fixunssfsi.o)
 .data          0x00800200        0x0 c:/program files (x86)/atmel/atmel toolchain/avr8 gcc/native/3.4.2.1002/avr8-gnu-toolchain/bin/../lib/gcc/avr/4.7.2/../../../../avr/lib/avr6\libm.a(floatsisf.o)
 .data          0x00800200        0x0 c:/program files (x86)/atmel/atmel toolchain/avr8 gcc/native/3.4.2.1002/avr8-gnu-toolchain/bin/../lib/gcc/avr/4.7.2/../../../../avr/lib/avr6\libm.a(floor.o)
 .data          0x00800200        0x0 c:/program files (x86)/atmel/atmel toolchain/avr8 gcc/native/3.4.2.1002/avr8-gnu-toolchain/bin/../lib/gcc/avr/4.7.2/../../../../avr/lib/avr6\libm.a(fp_cmp.o)
 .data          0x00800200        0x0 c:/program files (x86)/atmel/atmel toolchain/avr8 gcc/native/3.4.2.1002/avr8-gnu-toolchain/bin/../lib/gcc/avr/4.7.2/../../../../avr/lib/avr6\libm.a(fp_inf.o)
 .data          0x00800200        0x0 c:/program files (x86)/atmel/atmel toolchain/avr8 gcc/native/3.4.2.1002/avr8-gnu-toolchain/bin/../lib/gcc/avr/4.7.2/../../../../avr/lib/avr6\libm.a(fp_mintl.o)
 .data          0x00800200        0x0 c:/program files (x86)/atmel/atmel toolchain/avr8 gcc/native/3.4.2.1002/avr8-gnu-toolchain/bin/../lib/gcc/avr/4.7.2/../../../../avr/lib/avr6\libm.a(fp_mpack.o)
 .data          0x00800200        0x0 c:/program files (x86)/atmel/atmel toolchain/avr8 gcc/native/3.4.2.1002/avr8-gnu-toolchain/bin/../lib/gcc/avr/4.7.2/../../../../avr/lib/avr6\libm.a(fp_nan.o)
 .data          0x00800200        0x0 c:/program files (x86)/atmel/atmel toolchain/avr8 gcc/native/3.4.2.1002/avr8-gnu-toolchain/bin/../lib/gcc/avr/4.7.2/../../../../avr/lib/avr6\libm.a(fp_pscA.o)
 .data          0x00800200        0x0 c:/program files (x86)/atmel/atmel toolchain/avr8 gcc/native/3.4.2.1002/avr8-gnu-toolchain/bin/../lib/gcc/avr/4.7.2/../../../../avr/lib/avr6\libm.a(fp_pscB.o)
 .data          0x00800200        0x0 c:/program files (x86)/atmel/atmel toolchain/avr8 gcc/native/3.4.2.1002/avr8-gnu-toolchain/bin/../lib/gcc/avr/4.7.2/../../../../avr/lib/avr6\libm.a(fp_rempio2.o)
 .data          0x00800200        0x0 c:/program files (x86)/atmel/atmel toolchain/avr8 gcc/native/3.4.2.1002/avr8-gnu-toolchain/bin/../lib/gcc/avr/4.7.2/../../../../avr/lib/avr6\libm.a(fp_round.o)
 .data          0x00800200        0x0 c:/program files (x86)/atmel/atmel toolchain/avr8 gcc/native/3.4.2.1002/avr8-gnu-toolchain/bin/../lib/gcc/avr/4.7.2/../../../../avr/lib/avr6\libm.a(fp_sinus.o)
 .data          0x00800200        0x0 c:/program files (x86)/atmel/atmel toolchain/avr8 gcc/native/3.4.2.1002/avr8-gnu-toolchain/bin/../lib/gcc/avr/4.7.2/../../../../avr/lib/avr6\libm.a(fp_split3.o)
 .data          0x00800200        0x0 c:/program files (x86)/atmel/atmel toolchain/avr8 gcc/native/3.4.2.1002/avr8-gnu-toolchain/bin/../lib/gcc/avr/4.7.2/../../../../avr/lib/avr6\libm.a(fp_trunc.o)
 .data          0x00800200        0x0 c:/program files (x86)/atmel/atmel toolchain/avr8 gcc/native/3.4.2.1002/avr8-gnu-toolchain/bin/../lib/gcc/avr/4.7.2/../../../../avr/lib/avr6\libm.a(fp_zero.o)
 .data          0x00800200        0x0 c:/program files (x86)/atmel/atmel toolchain/avr8 gcc/native/3.4.2.1002/avr8-gnu-toolchain/bin/../lib/gcc/avr/4.7.2/../../../../avr/lib/avr6\libm.a(gesf2.o)
 .data          0x00800200        0x0 c:/program files (x86)/atmel/atmel toolchain/avr8 gcc/native/3.4.2.1002/avr8-gnu-toolchain/bin/../lib/gcc/avr/4.7.2/../../../../avr/lib/avr6\libm.a(mulsf3.o)
 .data          0x00800200        0x0 c:/program files (x86)/atmel/atmel toolchain/avr8 gcc/native/3.4.2.1002/avr8-gnu-toolchain/bin/../lib/gcc/avr/4.7.2/../../../../avr/lib/avr6\libm.a(mulsf3x.o)
 .data          0x00800200        0x0 c:/program files (x86)/atmel/atmel toolchain/avr8 gcc/native/3.4.2.1002/avr8-gnu-toolchain/bin/../lib/gcc/avr/4.7.2/../../../../avr/lib/avr6\libm.a(pow.o)
 .data          0x00800200        0x0 c:/program files (x86)/atmel/atmel toolchain/avr8 gcc/native/3.4.2.1002/avr8-gnu-toolchain/bin/../lib/gcc/avr/4.7.2/../../../../avr/lib/avr6\libm.a(sin.o)
 .data          0x00800200        0x0 c:/program files (x86)/atmel/atmel toolchain/avr8 gcc/native/3.4.2.1002/avr8-gnu-toolchain/bin/../lib/gcc/avr/4.7.2/../../../../avr/lib/avr6\libm.a(sqrt.o)
 .data          0x00800200        0x0 c:/program files (x86)/atmel/atmel toolchain/avr8 gcc/native/3.4.2.1002/avr8-gnu-toolchain/bin/../lib/gcc/avr/4.7.2/../../../../avr/lib/avr6\libm.a(exp.o)
 .data          0x00800200        0x0 c:/program files (x86)/atmel/atmel toolchain/avr8 gcc/native/3.4.2.1002/avr8-gnu-toolchain/bin/../lib/gcc/avr/4.7.2/../../../../avr/lib/avr6\libm.a(fp_norm2.o)
 .data          0x00800200        0x0 c:/program files (x86)/atmel/atmel toolchain/avr8 gcc/native/3.4.2.1002/avr8-gnu-toolchain/bin/../lib/gcc/avr/4.7.2/../../../../avr/lib/avr6\libm.a(fp_powser.o)
 .data          0x00800200        0x0 c:/program files (x86)/atmel/atmel toolchain/avr8 gcc/native/3.4.2.1002/avr8-gnu-toolchain/bin/../lib/gcc/avr/4.7.2/../../../../avr/lib/avr6\libm.a(fp_powsodd.o)
 .data          0x00800200        0x0 c:/program files (x86)/atmel/atmel toolchain/avr8 gcc/native/3.4.2.1002/avr8-gnu-toolchain/bin/../lib/gcc/avr/4.7.2/../../../../avr/lib/avr6\libm.a(inverse.o)
 .data          0x00800200        0x0 c:/program files (x86)/atmel/atmel toolchain/avr8 gcc/native/3.4.2.1002/avr8-gnu-toolchain/bin/../lib/gcc/avr/4.7.2/../../../../avr/lib/avr6\libm.a(ldexp.o)
 .data          0x00800200        0x0 c:/program files (x86)/atmel/atmel toolchain/avr8 gcc/native/3.4.2.1002/avr8-gnu-toolchain/bin/../lib/gcc/avr/4.7.2/../../../../avr/lib/avr6\libm.a(log.o)
 .data          0x00800200        0x0 c:/program files (x86)/atmel/atmel toolchain/avr8 gcc/native/3.4.2.1002/avr8-gnu-toolchain/bin/../lib/gcc/avr/4.7.2/../../../../avr/lib/avr6\libm.a(modf.o)
 .data          0x00800200        0x0 c:/program files (x86)/atmel/atmel toolchain/avr8 gcc/native/3.4.2.1002/avr8-gnu-toolchain/bin/../lib/gcc/avr/4.7.2/avr6\libgcc.a(_divmodhi4.o)
 .data          0x00800200        0x0 c:/program files (x86)/atmel/atmel toolchain/avr8 gcc/native/3.4.2.1002/avr8-gnu-toolchain/bin/../lib/gcc/avr/4.7.2/avr6\libgcc.a(_udivmodsi4.o)
 .data          0x00800200        0x0 c:/program files (x86)/atmel/atmel toolchain/avr8 gcc/native/3.4.2.1002/avr8-gnu-toolchain/bin/../lib/gcc/avr/4.7.2/avr6\libgcc.a(_exit.o)
 .data          0x00800200        0x0 c:/program files (x86)/atmel/atmel toolchain/avr8 gcc/native/3.4.2.1002/avr8-gnu-toolchain/bin/../lib/gcc/avr/4.7.2/avr6\libgcc.a(_copy_data.o)
 .data          0x00800200        0x0 c:/program files (x86)/atmel/atmel toolchain/avr8 gcc/native/3.4.2.1002/avr8-gnu-toolchain/bin/../lib/gcc/avr/4.7.2/avr6\libgcc.a(_clear_bss.o)
 .data          0x00800200        0x0 c:/program files (x86)/atmel/atmel toolchain/avr8 gcc/native/3.4.2.1002/avr8-gnu-toolchain/bin/../lib/gcc/avr/4.7.2/avr6\libgcc.a(_udivmodhi4.o)
 .data          0x00800200        0x6 c:/program files (x86)/atmel/atmel toolchain/avr8 gcc/native/3.4.2.1002/avr8-gnu-toolchain/bin/../lib/gcc/avr/4.7.2/../../../../avr/lib/avr6\libc.a(malloc.o)
                0x00800200                __malloc_heap_end
                0x00800202                __malloc_heap_start
                0x00800204                __malloc_margin
 .data          0x00800206        0x0 c:/program files (x86)/atmel/atmel toolchain/avr8 gcc/native/3.4.2.1002/avr8-gnu-toolchain/bin/../lib/gcc/avr/4.7.2/../../../../avr/lib/avr6\libc.a(memcpy.o)
 *(.data*)
 *(.rodata)
 *(.rodata*)
 .rodata._ZTVN10helicopter7drivers12SerialDriverE
                0x00800206        0xe drivers/SerialDriver.o
                0x00800206                _ZTVN10helicopter7drivers12SerialDriverE
 .rodata._ZTVN10helicopter7drivers11ServoDriverE
                0x00800214        0xa drivers/ServoDriver.o
                0x00800214                _ZTVN10helicopter7drivers11ServoDriverE
 .rodata._ZTVN10helicopter5tasks12FlashLEDTaskE
                0x0080021e        0xe HelicopterMain.o
                0x0080021e                _ZTVN10helicopter5tasks12FlashLEDTaskE
 .rodata._ZTVN10helicopter8messages7MessageE
                0x0080022c        0xc messages/Message.o
                0x0080022c                _ZTVN10helicopter8messages7MessageE
 .rodata._ZTVN10helicopter8messages11SyncMessageE
                0x00800238        0xc messages/SyncMessage.o
                0x00800238                _ZTVN10helicopter8messages11SyncMessageE
 .rodata._ZTVN10helicopter8messages22SystemTelemetryMessageE
                0x00800244        0xc messages/SystemTelemetryMessage.o
                0x00800244                _ZTVN10helicopter8messages22SystemTelemetryMessageE
 .rodata._ZTVN10helicopter5tasks16PIDInnerLoopTaskE
                0x00800250        0xe tasks/PIDInnerLoopTask.o
                0x00800250                _ZTVN10helicopter5tasks16PIDInnerLoopTaskE
 .rodata._ZTVN10helicopter5tasks16PIDOuterLoopTaskE
                0x0080025e        0xe tasks/PIDOuterLoopTask.o
                0x0080025e                _ZTVN10helicopter5tasks16PIDOuterLoopTaskE
 .rodata._ZTVN10helicopter5tasks20SensorProcessingTaskE
                0x0080026c        0xe tasks/SensorProcessingTask.o
                0x0080026c                _ZTVN10helicopter5tasks20SensorProcessingTaskE
 .rodata._ZTVN10helicopter5tasks16SimTelemetryTaskE
                0x0080027a        0xe tasks/SimTelemetryTask.o
                0x0080027a                _ZTVN10helicopter5tasks16SimTelemetryTaskE
 .rodata._ZTVN10helicopter5tasks4TaskE
                0x00800288        0xe tasks/Task.o
                0x00800288                _ZTVN10helicopter5tasks4TaskE
 .rodata._ZTVN10helicopter5tasks21TransmitTelemetryTaskE
                0x00800296        0xe tasks/TransmitTelemetryTask.o
                0x00800296                _ZTVN10helicopter5tasks21TransmitTelemetryTaskE
 *(.gnu.linkonce.d*)
                0x008002a4                . = ALIGN (0x2)
                0x008002a4                _edata = .
                0x008002a4                PROVIDE (__data_end, .)

.bss            0x008002a4        0x6
                0x008002a4                PROVIDE (__bss_start, .)
 *(.bss)
 *(.bss*)
 .bss._ZN10helicopter9scheduler9Scheduler9schedulerE
                0x008002a4        0x2 scheduler/Scheduler.o
                0x008002a4                _ZN10helicopter9scheduler9Scheduler9schedulerE
 *(COMMON)
 COMMON         0x008002a6        0x4 c:/program files (x86)/atmel/atmel toolchain/avr8 gcc/native/3.4.2.1002/avr8-gnu-toolchain/bin/../lib/gcc/avr/4.7.2/../../../../avr/lib/avr6\libc.a(malloc.o)
                0x008002a6                __brkval
                0x008002a8                __flp
                0x008002aa                PROVIDE (__bss_end, .)
                0x00008a06                __data_load_start = LOADADDR (.data)
                0x00008aaa                __data_load_end = (__data_load_start + SIZEOF (.data))

.noinit         0x008002aa        0x0
                0x008002aa                PROVIDE (__noinit_start, .)
 *(.noinit*)
                0x008002aa                PROVIDE (__noinit_end, .)
                0x008002aa                _end = .
                0x008002aa                PROVIDE (__heap_start, .)

.eeprom         0x00810000        0x0
 *(.eeprom*)
                0x00810000                __eeprom_end = .

.fuse
 *(.fuse)
 *(.lfuse)
 *(.hfuse)
 *(.efuse)

.lock
 *(.lock*)

.signature
 *(.signature*)

.user_signatures
 *(.user_signatures*)

.stab           0x00000000     0x43e0
 *(.stab)
 .stab          0x00000000      0x6e4 c:/program files (x86)/atmel/atmel toolchain/avr8 gcc/native/3.4.2.1002/avr8-gnu-toolchain/bin/../lib/gcc/avr/4.7.2/../../../../avr/lib/avr6/crtm2560.o
 .stab          0x000006e4       0x78 c:/program files (x86)/atmel/atmel toolchain/avr8 gcc/native/3.4.2.1002/avr8-gnu-toolchain/bin/../lib/gcc/avr/4.7.2/../../../../avr/lib/avr6\libm.a(addsf3.o)
                                 0x84 (size before relaxing)
 .stab          0x0000075c      0x4bc c:/program files (x86)/atmel/atmel toolchain/avr8 gcc/native/3.4.2.1002/avr8-gnu-toolchain/bin/../lib/gcc/avr/4.7.2/../../../../avr/lib/avr6\libm.a(addsf3x.o)
                                0x4c8 (size before relaxing)
 .stab          0x00000c18       0x90 c:/program files (x86)/atmel/atmel toolchain/avr8 gcc/native/3.4.2.1002/avr8-gnu-toolchain/bin/../lib/gcc/avr/4.7.2/../../../../avr/lib/avr6\libm.a(cmpsf2.o)
                                 0x9c (size before relaxing)
 .stab          0x00000ca8       0x54 c:/program files (x86)/atmel/atmel toolchain/avr8 gcc/native/3.4.2.1002/avr8-gnu-toolchain/bin/../lib/gcc/avr/4.7.2/../../../../avr/lib/avr6\libm.a(cos.o)
                                 0x60 (size before relaxing)
 .stab          0x00000cfc       0x48 c:/program files (x86)/atmel/atmel toolchain/avr8 gcc/native/3.4.2.1002/avr8-gnu-toolchain/bin/../lib/gcc/avr/4.7.2/../../../../avr/lib/avr6\libm.a(divsf3.o)
                                 0x54 (size before relaxing)
 .stab          0x00000d44      0x510 c:/program files (x86)/atmel/atmel toolchain/avr8 gcc/native/3.4.2.1002/avr8-gnu-toolchain/bin/../lib/gcc/avr/4.7.2/../../../../avr/lib/avr6\libm.a(divsf3x.o)
                                0x51c (size before relaxing)
 .stab          0x00001254       0x6c c:/program files (x86)/atmel/atmel toolchain/avr8 gcc/native/3.4.2.1002/avr8-gnu-toolchain/bin/../lib/gcc/avr/4.7.2/../../../../avr/lib/avr6\libm.a(fixsfsi.o)
                                 0x78 (size before relaxing)
 .stab          0x000012c0      0x240 c:/program files (x86)/atmel/atmel toolchain/avr8 gcc/native/3.4.2.1002/avr8-gnu-toolchain/bin/../lib/gcc/avr/4.7.2/../../../../avr/lib/avr6\libm.a(fixunssfsi.o)
                                0x24c (size before relaxing)
 .stab          0x00001500      0x318 c:/program files (x86)/atmel/atmel toolchain/avr8 gcc/native/3.4.2.1002/avr8-gnu-toolchain/bin/../lib/gcc/avr/4.7.2/../../../../avr/lib/avr6\libm.a(floatsisf.o)
                                0x324 (size before relaxing)
 .stab          0x00001818      0x114 c:/program files (x86)/atmel/atmel toolchain/avr8 gcc/native/3.4.2.1002/avr8-gnu-toolchain/bin/../lib/gcc/avr/4.7.2/../../../../avr/lib/avr6\libm.a(floor.o)
                                0x120 (size before relaxing)
 .stab          0x0000192c      0x1e0 c:/program files (x86)/atmel/atmel toolchain/avr8 gcc/native/3.4.2.1002/avr8-gnu-toolchain/bin/../lib/gcc/avr/4.7.2/../../../../avr/lib/avr6\libm.a(fp_cmp.o)
                                0x1ec (size before relaxing)
 .stab          0x00001b0c       0x78 c:/program files (x86)/atmel/atmel toolchain/avr8 gcc/native/3.4.2.1002/avr8-gnu-toolchain/bin/../lib/gcc/avr/4.7.2/../../../../avr/lib/avr6\libm.a(fp_inf.o)
                                 0x84 (size before relaxing)
 .stab          0x00001b84      0x174 c:/program files (x86)/atmel/atmel toolchain/avr8 gcc/native/3.4.2.1002/avr8-gnu-toolchain/bin/../lib/gcc/avr/4.7.2/../../../../avr/lib/avr6\libm.a(fp_mintl.o)
                                0x180 (size before relaxing)
 .stab          0x00001cf8       0xe4 c:/program files (x86)/atmel/atmel toolchain/avr8 gcc/native/3.4.2.1002/avr8-gnu-toolchain/bin/../lib/gcc/avr/4.7.2/../../../../avr/lib/avr6\libm.a(fp_mpack.o)
                                 0xf0 (size before relaxing)
 .stab          0x00001ddc       0x54 c:/program files (x86)/atmel/atmel toolchain/avr8 gcc/native/3.4.2.1002/avr8-gnu-toolchain/bin/../lib/gcc/avr/4.7.2/../../../../avr/lib/avr6\libm.a(fp_nan.o)
                                 0x60 (size before relaxing)
 .stab          0x00001e30       0x84 c:/program files (x86)/atmel/atmel toolchain/avr8 gcc/native/3.4.2.1002/avr8-gnu-toolchain/bin/../lib/gcc/avr/4.7.2/../../../../avr/lib/avr6\libm.a(fp_pscA.o)
                                 0x90 (size before relaxing)
 .stab          0x00001eb4       0x84 c:/program files (x86)/atmel/atmel toolchain/avr8 gcc/native/3.4.2.1002/avr8-gnu-toolchain/bin/../lib/gcc/avr/4.7.2/../../../../avr/lib/avr6\libm.a(fp_pscB.o)
                                 0x90 (size before relaxing)
 .stab          0x00001f38      0x21c c:/program files (x86)/atmel/atmel toolchain/avr8 gcc/native/3.4.2.1002/avr8-gnu-toolchain/bin/../lib/gcc/avr/4.7.2/../../../../avr/lib/avr6\libm.a(fp_rempio2.o)
                                0x228 (size before relaxing)
 .stab          0x00002154       0xfc c:/program files (x86)/atmel/atmel toolchain/avr8 gcc/native/3.4.2.1002/avr8-gnu-toolchain/bin/../lib/gcc/avr/4.7.2/../../../../avr/lib/avr6\libm.a(fp_round.o)
                                0x108 (size before relaxing)
 .stab          0x00002250       0xfc c:/program files (x86)/atmel/atmel toolchain/avr8 gcc/native/3.4.2.1002/avr8-gnu-toolchain/bin/../lib/gcc/avr/4.7.2/../../../../avr/lib/avr6\libm.a(fp_sinus.o)
                                0x108 (size before relaxing)