Archive member included because of file (symbol)

c:/program files (x86)/atmel/atmel studio 6.0/extensions/atmel/avrgcc/3.4.0.65/avrtoolchain/bin/../lib/gcc/avr/4.6.2/../../../../avr/lib/avr6\libm.a(cmpsf2.o)
                              BufferTests.o (__eqsf2)
c:/program files (x86)/atmel/atmel studio 6.0/extensions/atmel/avrgcc/3.4.0.65/avrtoolchain/bin/../lib/gcc/avr/4.6.2/../../../../avr/lib/avr6\libm.a(fp_cmp.o)
                              c:/program files (x86)/atmel/atmel studio 6.0/extensions/atmel/avrgcc/3.4.0.65/avrtoolchain/bin/../lib/gcc/avr/4.6.2/../../../../avr/lib/avr6\libm.a(cmpsf2.o) (__fp_cmp)
../../libs\libheli.a(Record.o)
                              BufferTests.o (helicopter::buffer::Record::setRecordData(void*, int))
../../libs\libheli.a(commonheader.o)
                              SchedulerTest.o (operator new(unsigned int))
../../libs\libheli.a(Buffer.o)
                              BufferTests.o (helicopter::buffer::Buffer::enqueue(helicopter::buffer::Record*))
../../libs\libheli.a(Task.o)  SchedulerTest.o (helicopter::tasks::Task::Task(int, int))
../../libs\libheli.a(Scheduler.o)
                              SchedulerTest.o (helicopter::scheduler::Scheduler::getScheduler())
c:/program files (x86)/atmel/atmel studio 6.0/extensions/atmel/avrgcc/3.4.0.65/avrtoolchain/bin/../lib/gcc/avr/4.6.2/avr6\libgcc.a(_exit.o)
                              c:/program files (x86)/atmel/atmel studio 6.0/extensions/atmel/avrgcc/3.4.0.65/avrtoolchain/bin/../lib/gcc/avr/4.6.2/../../../../avr/lib/avr6/crtm2560.o (exit)
c:/program files (x86)/atmel/atmel studio 6.0/extensions/atmel/avrgcc/3.4.0.65/avrtoolchain/bin/../lib/gcc/avr/4.6.2/avr6\libgcc.a(_copy_data.o)
                              BufferTests.o (__do_copy_data)
c:/program files (x86)/atmel/atmel studio 6.0/extensions/atmel/avrgcc/3.4.0.65/avrtoolchain/bin/../lib/gcc/avr/4.6.2/avr6\libgcc.a(_clear_bss.o)
                              BufferTests.o (__do_clear_bss)
c:/program files (x86)/atmel/atmel studio 6.0/extensions/atmel/avrgcc/3.4.0.65/avrtoolchain/bin/../lib/gcc/avr/4.6.2/../../../../avr/lib/avr6\libc.a(malloc.o)
                              ../../libs\libheli.a(commonheader.o) (malloc)
c:/program files (x86)/atmel/atmel studio 6.0/extensions/atmel/avrgcc/3.4.0.65/avrtoolchain/bin/../lib/gcc/avr/4.6.2/../../../../avr/lib/avr6\libc.a(memcmp.o)
                              BufferTests.o (memcmp)
c:/program files (x86)/atmel/atmel studio 6.0/extensions/atmel/avrgcc/3.4.0.65/avrtoolchain/bin/../lib/gcc/avr/4.6.2/../../../../avr/lib/avr6\libc.a(memcpy.o)
                              ../../libs\libheli.a(Record.o) (memcpy)
c:/program files (x86)/atmel/atmel studio 6.0/extensions/atmel/avrgcc/3.4.0.65/avrtoolchain/bin/../lib/gcc/avr/4.6.2/../../../../avr/lib/avr6\libc.a(strncmp.o)
                              BufferTests.o (strncmp)

Allocating common symbols
Common symbol       size              file

__brkval            0x2               c:/program files (x86)/atmel/atmel studio 6.0/extensions/atmel/avrgcc/3.4.0.65/avrtoolchain/bin/../lib/gcc/avr/4.6.2/../../../../avr/lib/avr6\libc.a(malloc.o)
__flp               0x2               c:/program files (x86)/atmel/atmel studio 6.0/extensions/atmel/avrgcc/3.4.0.65/avrtoolchain/bin/../lib/gcc/avr/4.6.2/../../../../avr/lib/avr6\libc.a(malloc.o)

Memory Configuration

Name             Origin             Length             Attributes
text             0x00000000         0x00100000         xr
data             0x00800200         0x0000fe00         rw !x
eeprom           0x00810000         0x00010000         rw !x
fuse             0x00820000         0x00000400         rw !x
lock             0x00830000         0x00000400         rw !x
signature        0x00840000         0x00000400         rw !x
*default*        0x00000000         0xffffffff

Linker script and memory map

Address of section .data set to 0x800200
LOAD c:/program files (x86)/atmel/atmel studio 6.0/extensions/atmel/avrgcc/3.4.0.65/avrtoolchain/bin/../lib/gcc/avr/4.6.2/../../../../avr/lib/avr6/crtm2560.o
LOAD BufferTests.o
LOAD HelicopterUnitTests.o
LOAD SchedulerTest.o
LOAD util/testframework/TestSuite.o
START GROUP
LOAD c:/program files (x86)/atmel/atmel studio 6.0/extensions/atmel/avrgcc/3.4.0.65/avrtoolchain/bin/../lib/gcc/avr/4.6.2/../../../../avr/lib/avr6\libm.a
LOAD ../../libs\libheli.a
END GROUP
LOAD c:/program files (x86)/atmel/atmel studio 6.0/extensions/atmel/avrgcc/3.4.0.65/avrtoolchain/bin/../lib/gcc/avr/4.6.2/avr6\libgcc.a
LOAD c:/program files (x86)/atmel/atmel studio 6.0/extensions/atmel/avrgcc/3.4.0.65/avrtoolchain/bin/../lib/gcc/avr/4.6.2/../../../../avr/lib/avr6\libm.a
LOAD c:/program files (x86)/atmel/atmel studio 6.0/extensions/atmel/avrgcc/3.4.0.65/avrtoolchain/bin/../lib/gcc/avr/4.6.2/avr6\libgcc.a
LOAD c:/program files (x86)/atmel/atmel studio 6.0/extensions/atmel/avrgcc/3.4.0.65/avrtoolchain/bin/../lib/gcc/avr/4.6.2/../../../../avr/lib/avr6\libc.a
LOAD c:/program files (x86)/atmel/atmel studio 6.0/extensions/atmel/avrgcc/3.4.0.65/avrtoolchain/bin/../lib/gcc/avr/4.6.2/avr6\libgcc.a

.hash
 *(.hash)

.dynsym
 *(.dynsym)

.dynstr
 *(.dynstr)

.gnu.version
 *(.gnu.version)

.gnu.version_d
 *(.gnu.version_d)

.gnu.version_r
 *(.gnu.version_r)

.rel.init
 *(.rel.init)

.rela.init
 *(.rela.init)

.rel.text
 *(.rel.text)
 *(.rel.text.*)
 *(.rel.gnu.linkonce.t*)

.rela.text
 *(.rela.text)
 *(.rela.text.*)
 *(.rela.gnu.linkonce.t*)

.rel.fini
 *(.rel.fini)

.rela.fini
 *(.rela.fini)

.rel.rodata
 *(.rel.rodata)
 *(.rel.rodata.*)
 *(.rel.gnu.linkonce.r*)

.rela.rodata
 *(.rela.rodata)
 *(.rela.rodata.*)
 *(.rela.gnu.linkonce.r*)

.rel.data
 *(.rel.data)
 *(.rel.data.*)
 *(.rel.gnu.linkonce.d*)

.rela.data
 *(.rela.data)
 *(.rela.data.*)
 *(.rela.gnu.linkonce.d*)

.rel.ctors
 *(.rel.ctors)

.rela.ctors
 *(.rela.ctors)

.rel.dtors
 *(.rel.dtors)

.rela.dtors
 *(.rela.dtors)

.rel.got
 *(.rel.got)

.rela.got
 *(.rela.got)

.rel.bss
 *(.rel.bss)

.rela.bss
 *(.rela.bss)

.rel.plt
 *(.rel.plt)

.rela.plt
 *(.rela.plt)

.text           0x00000000     0x1ce6
 *(.vectors)
 .vectors       0x00000000       0xe4 c:/program files (x86)/atmel/atmel studio 6.0/extensions/atmel/avrgcc/3.4.0.65/avrtoolchain/bin/../lib/gcc/avr/4.6.2/../../../../avr/lib/avr6/crtm2560.o
                0x00000000                __vector_default
                0x00000000                __vectors
 *(.vectors)
 *(.progmem.gcc*)
 *(.progmem*)
                0x000000e4                . = ALIGN (0x2)
                0x000000e4                __trampolines_start = .
 *(.trampolines)
 .trampolines   0x000000e4        0x0 linker stubs
 *(.trampolines*)
                0x000000e4                __trampolines_end = .
 *(.jumptables)
 *(.jumptables*)
 *(.lowtext)
 *(.lowtext*)
                0x000000e4                __ctors_start = .
 *(.ctors)
                0x000000e4                __ctors_end = .
                0x000000e4                __dtors_start = .
 *(.dtors)
                0x000000e4                __dtors_end = .
 SORT(*)(.ctors)
 SORT(*)(.dtors)
 *(.init0)
 .init0         0x000000e4        0x0 c:/program files (x86)/atmel/atmel studio 6.0/extensions/atmel/avrgcc/3.4.0.65/avrtoolchain/bin/../lib/gcc/avr/4.6.2/../../../../avr/lib/avr6/crtm2560.o
                0x000000e4                __init
 *(.init0)
 *(.init1)
 *(.init1)
 *(.init2)
 .init2         0x000000e4       0x10 c:/program files (x86)/atmel/atmel studio 6.0/extensions/atmel/avrgcc/3.4.0.65/avrtoolchain/bin/../lib/gcc/avr/4.6.2/../../../../avr/lib/avr6/crtm2560.o
 *(.init2)
 *(.init3)
 *(.init3)
 *(.init4)
 .init4         0x000000f4       0x1a c:/program files (x86)/atmel/atmel studio 6.0/extensions/atmel/avrgcc/3.4.0.65/avrtoolchain/bin/../lib/gcc/avr/4.6.2/avr6\libgcc.a(_copy_data.o)
                0x000000f4                __do_copy_data
 .init4         0x0000010e       0x10 c:/program files (x86)/atmel/atmel studio 6.0/extensions/atmel/avrgcc/3.4.0.65/avrtoolchain/bin/../lib/gcc/avr/4.6.2/avr6\libgcc.a(_clear_bss.o)
                0x0000010e                __do_clear_bss
 *(.init4)
 *(.init5)
 *(.init5)
 *(.init6)
 *(.init6)
 *(.init7)
 *(.init7)
 *(.init8)
 *(.init8)
 *(.init9)
 .init9         0x0000011e        0x8 c:/program files (x86)/atmel/atmel studio 6.0/extensions/atmel/avrgcc/3.4.0.65/avrtoolchain/bin/../lib/gcc/avr/4.6.2/../../../../avr/lib/avr6/crtm2560.o
 *(.init9)
 *(.text)
 .text          0x00000126        0x4 c:/program files (x86)/atmel/atmel studio 6.0/extensions/atmel/avrgcc/3.4.0.65/avrtoolchain/bin/../lib/gcc/avr/4.6.2/../../../../avr/lib/avr6/crtm2560.o
                0x00000126                __vector_38
                0x00000126                __vector_22
                0x00000126                __vector_28
                0x00000126                __vector_1
                0x00000126                __vector_32
                0x00000126                __vector_34
                0x00000126                __vector_24
                0x00000126                __vector_12
                0x00000126                __vector_55
                0x00000126                __vector_46
                0x00000126                __bad_interrupt
                0x00000126                __vector_6
                0x00000126                __vector_31
                0x00000126                __vector_35
                0x00000126                __vector_39
                0x00000126                __vector_3
                0x00000126                __vector_23
                0x00000126                __vector_30
                0x00000126                __vector_45
                0x00000126                __vector_25
                0x00000126                __vector_11
                0x00000126                __vector_54
                0x00000126                __vector_13
                0x00000126                __vector_19
                0x00000126                __vector_56
                0x00000126                __vector_7
                0x00000126                __vector_49
                0x00000126                __vector_41
                0x00000126                __vector_43
                0x00000126                __vector_27
                0x00000126                __vector_5
                0x00000126                __vector_33
                0x00000126                __vector_47
                0x00000126                __vector_52
                0x00000126                __vector_37
                0x00000126                __vector_4
                0x00000126                __vector_44
                0x00000126                __vector_51
                0x00000126                __vector_9
                0x00000126                __vector_2
                0x00000126                __vector_21
                0x00000126                __vector_15
                0x00000126                __vector_36
                0x00000126                __vector_29
                0x00000126                __vector_40
                0x00000126                __vector_8
                0x00000126                __vector_26
                0x00000126                __vector_48
                0x00000126                __vector_14
                0x00000126                __vector_53
                0x00000126                __vector_10
                0x00000126                __vector_50
                0x00000126                __vector_16
                0x00000126                __vector_18
                0x00000126                __vector_20
                0x00000126                __vector_42
 .text          0x0000012a      0x4e4 BufferTests.o
                0x0000012a                helicopter::buffer::Record::getRecordData()
                0x0000014e                helicopter::buffer::Record::getSizeOfRecord()
                0x00000172                helicopter::buffer::Buffer::getBufferSize()
                0x00000196                helicopterunittests::util::testframework::TestCase::setFailedEvaluationId(int)
                0x000001c6                buffercreation_test(helicopterunittests::util::testframework::TestCase*)
                0x0000025a                addbufferrecord_test(helicopterunittests::util::testframework::TestCase*)
 .text          0x0000060e      0x328 HelicopterUnitTests.o
                0x0000060e                helicopterunittests::util::testframework::TestCase::TestCase()
                0x00000646                helicopterunittests::util::testframework::TestCase::~TestCase()
                0x00000660                helicopterunittests::util::testframework::TestCase::getTestCaseId()
                0x00000684                helicopterunittests::util::testframework::TestCase::getFailedEvaluationId()
                0x000006a8                helicopterunittests::util::testframework::TestSuite::TestSuite()
                0x00000754                helicopterunittests::util::testframework::TestSuite::getFailures()
                0x00000776                helicopterunittests::util::testframework::TestSuite::getFailureCount()
                0x0000079a                helicopterunittests::util::testframework::TestSuite::~TestSuite()
                0x00000818                main
 .text          0x00000936      0x1ea SchedulerTest.o
                0x00000966                CounterTask::CounterTask(int, int)
                0x000009bc                CounterTask::init()
                0x000009d6                CounterTask::runTaskImpl()
                0x00000a0a                schedulertask_test(helicopterunittests::util::testframework::TestCase*)
 .text          0x00000b20      0x37a util/testframework/TestSuite.o
                0x00000b20                helicopterunittests::util::testframework::TestCase::TestCase(int)
                0x00000b98                helicopterunittests::util::testframework::TestCase::setTestCaseId(int)
                0x00000c1c                helicopterunittests::util::testframework::TestSuite::addTest(int (*)(helicopterunittests::util::testframework::TestCase*), int)
                0x00000cf0                helicopterunittests::util::testframework::TestSuite::runTests()
 .text          0x00000e9a        0x0 c:/program files (x86)/atmel/atmel studio 6.0/extensions/atmel/avrgcc/3.4.0.65/avrtoolchain/bin/../lib/gcc/avr/4.6.2/../../../../avr/lib/avr6\libm.a(cmpsf2.o)
 .text          0x00000e9a        0x0 c:/program files (x86)/atmel/atmel studio 6.0/extensions/atmel/avrgcc/3.4.0.65/avrtoolchain/bin/../lib/gcc/avr/4.6.2/../../../../avr/lib/avr6\libm.a(fp_cmp.o)
 .text          0x00000e9a      0x1f8 ../../libs\libheli.a(Record.o)
                0x00000ee2                helicopter::buffer::Record::Record()
                0x00000ee2                helicopter::buffer::Record::Record()
                0x00000f24                helicopter::buffer::Record::~Record()
                0x00000f24                helicopter::buffer::Record::~Record()
                0x00000f4c                helicopter::buffer::Record::Record(void*, int)
                0x00000f4c                helicopter::buffer::Record::Record(void*, int)
                0x00000fc6                helicopter::buffer::Record::setRecordData(void*, int)
                0x0000102c                helicopter::buffer::Record::Copy()
 .text          0x00001092       0x98 ../../libs\libheli.a(commonheader.o)
                0x00001092                operator new(unsigned int)
                0x000010b4                operator delete(void*)
                0x000010de                operator new[](unsigned int)
                0x00001100                operator delete[](void*)
 .text          0x0000112a      0x23a ../../libs\libheli.a(Buffer.o)
                0x0000112a                helicopter::buffer::Record::getPreviousRecord()
                0x0000114e                helicopter::buffer::Record::setPreviousRecord(helicopter::buffer::Record*)
                0x0000117e                helicopter::buffer::Record::setNextRecord(helicopter::buffer::Record*)
                0x000011ae                helicopter::buffer::Buffer::Buffer()
                0x000011ae                helicopter::buffer::Buffer::Buffer()
                0x000011f0                helicopter::buffer::Buffer::~Buffer()
                0x000011f0                helicopter::buffer::Buffer::~Buffer()
                0x0000122e                helicopter::buffer::Buffer::enqueue(helicopter::buffer::Record*)
                0x000012f4                helicopter::buffer::Buffer::dequeue()
 .text          0x00001364       0xc6 ../../libs\libheli.a(Task.o)
                0x00001364                helicopter::tasks::Task::runTaskImpl()
                0x0000137e                helicopter::tasks::Task::init()
                0x00001398                helicopter::tasks::Task::Task(int, int)
                0x00001398                helicopter::tasks::Task::Task(int, int)
                0x000013f4                helicopter::tasks::Task::runTask()
 .text          0x0000142a      0x5c2 ../../libs\libheli.a(Scheduler.o)
                0x0000142a                helicopter::tasks::Task::getDelay()
                0x0000144e                helicopter::tasks::Task::getPeriod()
                0x00001472                helicopter::tasks::Task::setDelay(int)
                0x000014a2                helicopter::tasks::Task::getIsReadyToRun()
                0x000014c4                helicopter::tasks::Task::setIsReadyToRun(bool)
                0x000014ea                helicopter::tasks::Task::reduceDelay()
                0x0000151e                helicopter::scheduler::Scheduler::getNumOfTasks()
                0x00001542                helicopter::scheduler::Scheduler::getTasks()
                0x00001560                helicopter::scheduler::Scheduler::getScheduler()
                0x000015aa                helicopter::scheduler::Scheduler::Scheduler(int, int)
                0x000015aa                helicopter::scheduler::Scheduler::Scheduler(int, int)
                0x000015fa                helicopter::scheduler::Scheduler::~Scheduler()
                0x000015fa                helicopter::scheduler::Scheduler::~Scheduler()
                0x00001614                helicopter::scheduler::Scheduler::addTask(helicopter::tasks::Task*)
                0x0000168a                helicopter::scheduler::Scheduler::init()
                0x0000174c                helicopter::scheduler::Scheduler::dispatch()
                0x0000182a                helicopter::scheduler::Scheduler::start()
                0x000018f0                __vector_17
 .text          0x000019ec        0x0 c:/program files (x86)/atmel/atmel studio 6.0/extensions/atmel/avrgcc/3.4.0.65/avrtoolchain/bin/../lib/gcc/avr/4.6.2/avr6\libgcc.a(_exit.o)
 .text          0x000019ec        0x0 c:/program files (x86)/atmel/atmel studio 6.0/extensions/atmel/avrgcc/3.4.0.65/avrtoolchain/bin/../lib/gcc/avr/4.6.2/avr6\libgcc.a(_copy_data.o)
 .text          0x000019ec        0x0 c:/program files (x86)/atmel/atmel studio 6.0/extensions/atmel/avrgcc/3.4.0.65/avrtoolchain/bin/../lib/gcc/avr/4.6.2/avr6\libgcc.a(_clear_bss.o)
 .text          0x000019ec        0x0 c:/program files (x86)/atmel/atmel studio 6.0/extensions/atmel/avrgcc/3.4.0.65/avrtoolchain/bin/../lib/gcc/avr/4.6.2/../../../../avr/lib/avr6\libc.a(malloc.o)
 .text          0x000019ec        0x0 c:/program files (x86)/atmel/atmel studio 6.0/extensions/atmel/avrgcc/3.4.0.65/avrtoolchain/bin/../lib/gcc/avr/4.6.2/../../../../avr/lib/avr6\libc.a(memcmp.o)
 .text          0x000019ec        0x0 c:/program files (x86)/atmel/atmel studio 6.0/extensions/atmel/avrgcc/3.4.0.65/avrtoolchain/bin/../lib/gcc/avr/4.6.2/../../../../avr/lib/avr6\libc.a(memcpy.o)
 .text          0x000019ec        0x0 c:/program files (x86)/atmel/atmel studio 6.0/extensions/atmel/avrgcc/3.4.0.65/avrtoolchain/bin/../lib/gcc/avr/4.6.2/../../../../avr/lib/avr6\libc.a(strncmp.o)
                0x000019ec                . = ALIGN (0x2)
 *(.text.*)
 .text.avr-libc.fplib
                0x000019ec        0x8 c:/program files (x86)/atmel/atmel studio 6.0/extensions/atmel/avrgcc/3.4.0.65/avrtoolchain/bin/../lib/gcc/avr/4.6.2/../../../../avr/lib/avr6\libm.a(cmpsf2.o)
                0x000019ec                __nesf2
                0x000019ec                __eqsf2
                0x000019ec                __cmpsf2
                0x000019ec                __ltsf2
                0x000019ec                __lesf2
 .text.avr-libc.fplib
                0x000019f4       0x48 c:/program files (x86)/atmel/atmel studio 6.0/extensions/atmel/avrgcc/3.4.0.65/avrtoolchain/bin/../lib/gcc/avr/4.6.2/../../../../avr/lib/avr6\libm.a(fp_cmp.o)
                0x000019f4                __fp_cmp
 .text.libgcc   0x00001a3c        0x0 c:/program files (x86)/atmel/atmel studio 6.0/extensions/atmel/avrgcc/3.4.0.65/avrtoolchain/bin/../lib/gcc/avr/4.6.2/avr6\libgcc.a(_exit.o)
 .text.libgcc   0x00001a3c        0x0 c:/program files (x86)/atmel/atmel studio 6.0/extensions/atmel/avrgcc/3.4.0.65/avrtoolchain/bin/../lib/gcc/avr/4.6.2/avr6\libgcc.a(_copy_data.o)
 .text.libgcc   0x00001a3c        0x0 c:/program files (x86)/atmel/atmel studio 6.0/extensions/atmel/avrgcc/3.4.0.65/avrtoolchain/bin/../lib/gcc/avr/4.6.2/avr6\libgcc.a(_clear_bss.o)
 .text.avr-libc
                0x00001a3c      0x25e c:/program files (x86)/atmel/atmel studio 6.0/extensions/atmel/avrgcc/3.4.0.65/avrtoolchain/bin/../lib/gcc/avr/4.6.2/../../../../avr/lib/avr6\libc.a(malloc.o)
                0x00001a3c                malloc
                0x00001b68                free
 .text.avr-libc
                0x00001c9a       0x1a c:/program files (x86)/atmel/atmel studio 6.0/extensions/atmel/avrgcc/3.4.0.65/avrtoolchain/bin/../lib/gcc/avr/4.6.2/../../../../avr/lib/avr6\libc.a(memcmp.o)
                0x00001c9a                memcmp
 .text.avr-libc
                0x00001cb4       0x12 c:/program files (x86)/atmel/atmel studio 6.0/extensions/atmel/avrgcc/3.4.0.65/avrtoolchain/bin/../lib/gcc/avr/4.6.2/../../../../avr/lib/avr6\libc.a(memcpy.o)
                0x00001cb4                memcpy
 .text.avr-libc
                0x00001cc6       0x1c c:/program files (x86)/atmel/atmel studio 6.0/extensions/atmel/avrgcc/3.4.0.65/avrtoolchain/bin/../lib/gcc/avr/4.6.2/../../../../avr/lib/avr6\libc.a(strncmp.o)
                0x00001cc6                strncmp
                0x00001ce2                . = ALIGN (0x2)
 *(.fini9)
 .fini9         0x00001ce2        0x0 c:/program files (x86)/atmel/atmel studio 6.0/extensions/atmel/avrgcc/3.4.0.65/avrtoolchain/bin/../lib/gcc/avr/4.6.2/avr6\libgcc.a(_exit.o)
                0x00001ce2                _exit
                0x00001ce2                exit
 *(.fini9)
 *(.fini8)
 *(.fini8)
 *(.fini7)
 *(.fini7)
 *(.fini6)
 *(.fini6)
 *(.fini5)
 *(.fini5)
 *(.fini4)
 *(.fini4)
 *(.fini3)
 *(.fini3)
 *(.fini2)
 *(.fini2)
 *(.fini1)
 *(.fini1)
 *(.fini0)
 .fini0         0x00001ce2        0x4 c:/program files (x86)/atmel/atmel studio 6.0/extensions/atmel/avrgcc/3.4.0.65/avrtoolchain/bin/../lib/gcc/avr/4.6.2/avr6\libgcc.a(_exit.o)
 *(.fini0)
                0x00001ce6                _etext = .

.data           0x00800200       0x44 load address 0x00001ce6
                0x00800200                PROVIDE (__data_start, .)
 *(.data)
 .data          0x00800200        0x0 c:/program files (x86)/atmel/atmel studio 6.0/extensions/atmel/avrgcc/3.4.0.65/avrtoolchain/bin/../lib/gcc/avr/4.6.2/../../../../avr/lib/avr6/crtm2560.o
 .data          0x00800200       0x17 BufferTests.o
 .data          0x00800217        0x6 HelicopterUnitTests.o
 .data          0x0080021d       0x10 SchedulerTest.o
                0x0080021d                vtable for CounterTask
 .data          0x0080022d        0x6 util/testframework/TestSuite.o
 .data          0x00800233        0x0 c:/program files (x86)/atmel/atmel studio 6.0/extensions/atmel/avrgcc/3.4.0.65/avrtoolchain/bin/../lib/gcc/avr/4.6.2/../../../../avr/lib/avr6\libm.a(cmpsf2.o)
 .data          0x00800233        0x0 c:/program files (x86)/atmel/atmel studio 6.0/extensions/atmel/avrgcc/3.4.0.65/avrtoolchain/bin/../lib/gcc/avr/4.6.2/../../../../avr/lib/avr6\libm.a(fp_cmp.o)
 .data          0x00800233        0x0 ../../libs\libheli.a(Record.o)
 .data          0x00800233        0x0 ../../libs\libheli.a(commonheader.o)
 .data          0x00800233        0x0 ../../libs\libheli.a(Buffer.o)
 .data          0x00800233        0xa ../../libs\libheli.a(Task.o)
                0x00800233                vtable for helicopter::tasks::Task
 .data          0x0080023d        0x0 ../../libs\libheli.a(Scheduler.o)
 .data          0x0080023d        0x0 c:/program files (x86)/atmel/atmel studio 6.0/extensions/atmel/avrgcc/3.4.0.65/avrtoolchain/bin/../lib/gcc/avr/4.6.2/avr6\libgcc.a(_exit.o)
 .data          0x0080023d        0x0 c:/program files (x86)/atmel/atmel studio 6.0/extensions/atmel/avrgcc/3.4.0.65/avrtoolchain/bin/../lib/gcc/avr/4.6.2/avr6\libgcc.a(_copy_data.o)
 .data          0x0080023d        0x0 c:/program files (x86)/atmel/atmel studio 6.0/extensions/atmel/avrgcc/3.4.0.65/avrtoolchain/bin/../lib/gcc/avr/4.6.2/avr6\libgcc.a(_clear_bss.o)
 .data          0x0080023d        0x6 c:/program files (x86)/atmel/atmel studio 6.0/extensions/atmel/avrgcc/3.4.0.65/avrtoolchain/bin/../lib/gcc/avr/4.6.2/../../../../avr/lib/avr6\libc.a(malloc.o)
                0x0080023d                __malloc_heap_end
                0x0080023f                __malloc_heap_start
                0x00800241                __malloc_margin
 .data          0x00800243        0x0 c:/program files (x86)/atmel/atmel studio 6.0/extensions/atmel/avrgcc/3.4.0.65/avrtoolchain/bin/../lib/gcc/avr/4.6.2/../../../../avr/lib/avr6\libc.a(memcmp.o)
 .data          0x00800243        0x0 c:/program files (x86)/atmel/atmel studio 6.0/extensions/atmel/avrgcc/3.4.0.65/avrtoolchain/bin/../lib/gcc/avr/4.6.2/../../../../avr/lib/avr6\libc.a(memcpy.o)
 .data          0x00800243        0x0 c:/program files (x86)/atmel/atmel studio 6.0/extensions/atmel/avrgcc/3.4.0.65/avrtoolchain/bin/../lib/gcc/avr/4.6.2/../../../../avr/lib/avr6\libc.a(strncmp.o)
 *(.data*)
 *(.rodata)
 *(.rodata*)
 *(.gnu.linkonce.d*)
                0x00800244                . = ALIGN (0x2)
 *fill*         0x00800243        0x1 00
                0x00800244                _edata = .
                0x00800244                PROVIDE (__data_end, .)

.bss            0x00800244        0x6
                0x00800244                PROVIDE (__bss_start, .)
 *(.bss)
 .bss           0x00800244        0x0 c:/program files (x86)/atmel/atmel studio 6.0/extensions/atmel/avrgcc/3.4.0.65/avrtoolchain/bin/../lib/gcc/avr/4.6.2/../../../../avr/lib/avr6/crtm2560.o
 .bss           0x00800244        0x0 BufferTests.o
 .bss           0x00800244        0x0 HelicopterUnitTests.o
 .bss           0x00800244        0x0 SchedulerTest.o
 .bss           0x00800244        0x0 util/testframework/TestSuite.o
 .bss           0x00800244        0x0 c:/program files (x86)/atmel/atmel studio 6.0/extensions/atmel/avrgcc/3.4.0.65/avrtoolchain/bin/../lib/gcc/avr/4.6.2/../../../../avr/lib/avr6\libm.a(cmpsf2.o)
 .bss           0x00800244        0x0 c:/program files (x86)/atmel/atmel studio 6.0/extensions/atmel/avrgcc/3.4.0.65/avrtoolchain/bin/../lib/gcc/avr/4.6.2/../../../../avr/lib/avr6\libm.a(fp_cmp.o)
 .bss           0x00800244        0x0 ../../libs\libheli.a(Record.o)
 .bss           0x00800244        0x0 ../../libs\libheli.a(commonheader.o)
 .bss           0x00800244        0x0 ../../libs\libheli.a(Buffer.o)
 .bss           0x00800244        0x0 ../../libs\libheli.a(Task.o)
 .bss           0x00800244        0x2 ../../libs\libheli.a(Scheduler.o)
                0x00800244                helicopter::scheduler::Scheduler::scheduler
 .bss           0x00800246        0x0 c:/program files (x86)/atmel/atmel studio 6.0/extensions/atmel/avrgcc/3.4.0.65/avrtoolchain/bin/../lib/gcc/avr/4.6.2/avr6\libgcc.a(_exit.o)
 .bss           0x00800246        0x0 c:/program files (x86)/atmel/atmel studio 6.0/extensions/atmel/avrgcc/3.4.0.65/avrtoolchain/bin/../lib/gcc/avr/4.6.2/avr6\libgcc.a(_copy_data.o)
 .bss           0x00800246        0x0 c:/program files (x86)/atmel/atmel studio 6.0/extensions/atmel/avrgcc/3.4.0.65/avrtoolchain/bin/../lib/gcc/avr/4.6.2/avr6\libgcc.a(_clear_bss.o)
 .bss           0x00800246        0x0 c:/program files (x86)/atmel/atmel studio 6.0/extensions/atmel/avrgcc/3.4.0.65/avrtoolchain/bin/../lib/gcc/avr/4.6.2/../../../../avr/lib/avr6\libc.a(malloc.o)
 .bss           0x00800246        0x0 c:/program files (x86)/atmel/atmel studio 6.0/extensions/atmel/avrgcc/3.4.0.65/avrtoolchain/bin/../lib/gcc/avr/4.6.2/../../../../avr/lib/avr6\libc.a(memcmp.o)
 .bss           0x00800246        0x0 c:/program files (x86)/atmel/atmel studio 6.0/extensions/atmel/avrgcc/3.4.0.65/avrtoolchain/bin/../lib/gcc/avr/4.6.2/../../../../avr/lib/avr6\libc.a(memcpy.o)
 .bss           0x00800246        0x0 c:/program files (x86)/atmel/atmel studio 6.0/extensions/atmel/avrgcc/3.4.0.65/avrtoolchain/bin/../lib/gcc/avr/4.6.2/../../../../avr/lib/avr6\libc.a(strncmp.o)
 *(.bss*)
 *(COMMON)
 COMMON         0x00800246        0x4 c:/program files (x86)/atmel/atmel studio 6.0/extensions/atmel/avrgcc/3.4.0.65/avrtoolchain/bin/../lib/gcc/avr/4.6.2/../../../../avr/lib/avr6\libc.a(malloc.o)
                0x00800246                __brkval
                0x00800248                __flp
                0x0080024a                PROVIDE (__bss_end, .)
                0x00001ce6                __data_load_start = LOADADDR (.data)
                0x00001d2a                __data_load_end = (__data_load_start + SIZEOF (.data))

.noinit         0x0080024a        0x0
                0x0080024a                PROVIDE (__noinit_start, .)
 *(.noinit*)
                0x0080024a                PROVIDE (__noinit_end, .)
                0x0080024a                _end = .
                0x0080024a                PROVIDE (__heap_start, .)

.eeprom         0x00810000        0x0
 *(.eeprom*)
                0x00810000                __eeprom_end = .

.fuse
 *(.fuse)
 *(.lfuse)
 *(.hfuse)
 *(.efuse)

.lock
 *(.lock*)

.signature
 *(.signature*)

.stab           0x00000000      0xb4c
 *(.stab)
 .stab          0x00000000      0x6e4 c:/program files (x86)/atmel/atmel studio 6.0/extensions/atmel/avrgcc/3.4.0.65/avrtoolchain/bin/../lib/gcc/avr/4.6.2/../../../../avr/lib/avr6/crtm2560.o
 .stab          0x000006e4       0x90 c:/program files (x86)/atmel/atmel studio 6.0/extensions/atmel/avrgcc/3.4.0.65/avrtoolchain/bin/../lib/gcc/avr/4.6.2/../../../../avr/lib/avr6\libm.a(cmpsf2.o)
                                 0x9c (size before relaxing)
 .stab          0x00000774      0x1e0 c:/program files (x86)/atmel/atmel studio 6.0/extensions/atmel/avrgcc/3.4.0.65/avrtoolchain/bin/../lib/gcc/avr/4.6.2/../../../../avr/lib/avr6\libm.a(fp_cmp.o)
                                0x1ec (size before relaxing)
 .stab          0x00000954       0xb4 c:/program files (x86)/atmel/atmel studio 6.0/extensions/atmel/avrgcc/3.4.0.65/avrtoolchain/bin/../lib/gcc/avr/4.6.2/../../../../avr/lib/avr6\libc.a(memcmp.o)
                                 0xc0 (size before relaxing)
 .stab          0x00000a08       0x84 c:/program files (x86)/atmel/atmel studio 6.0/extensions/atmel/avrgcc/3.4.0.65/avrtoolchain/bin/../lib/gcc/avr/4.6.2/../../../../avr/lib/avr6\libc.a(memcpy.o)
                                 0x90 (size before relaxing)
 .stab          0x00000a8c       0xc0 c:/program files (x86)/atmel/atmel studio 6.0/extensions/atmel/avrgcc/3.4.0.65/avrtoolchain/bin/../lib/gcc/avr/4.6.2/../../../../avr/lib/avr6\libc.a(strncmp.o)
                                 0xcc (size before relaxing)

.stabstr        0x00000000      0x26e
 *(.stabstr)
 .stabstr       0x00000000      0x26e c:/program files (x86)/atmel/atmel studio 6.0/extensions/atmel/avrgcc/3.4.0.65/avrtoolchain/bin/../lib/gcc/avr/4.6.2/../../../../avr/lib/avr6/crtm2560.o

.stab.excl
 *(.stab.excl)

.stab.exclstr
 *(.stab.exclstr)

.stab.index
 *(.stab.index)

.stab.indexstr
 *(.stab.indexstr)

.comment
 *(.comment)

.debug
 *(.debug)

.line
 *(.line)

.debug_srcinfo
 *(.debug_srcinfo)

.debug_sfnames
 *(.debug_sfnames)

.debug_aranges  0x00000000      0x1a8
 *(.debug_aranges)
 .debug_aranges
                0x00000000       0x20 BufferTests.o
 .debug_aranges
                0x00000020       0x20 HelicopterUnitTests.o
 .debug_aranges
                0x00000040       0x20 SchedulerTest.o
 .debug_aranges
                0x00000060       0x20 util/testframework/TestSuite.o
 .debug_aranges
                0x00000080       0x20 ../../libs\libheli.a(Record.o)
 .debug_aranges
                0x000000a0       0x20 ../../libs\libheli.a(commonheader.o)
 .debug_aranges
                0x000000c0       0x20 ../../libs\libheli.a(Buffer.o)
 .debug_aranges
                0x000000e0       0x20 ../../libs\libheli.a(Task.o)
 .debug_aranges
                0x00000100       0x20 ../../libs\libheli.a(Scheduler.o)
 .debug_aranges
                0x00000120       0x20 c:/program files (x86)/atmel/atmel studio 6.0/extensions/atmel/avrgcc/3.4.0.65/avrtoolchain/bin/../lib/gcc/avr/4.6.2/avr6\libgcc.a(_exit.o)
 .debug_aranges
                0x00000140       0x20 c:/program files (x86)/atmel/atmel studio 6.0/extensions/atmel/avrgcc/3.4.0.65/avrtoolchain/bin/../lib/gcc/avr/4.6.2/avr6\libgcc.a(_copy_data.o)
 .debug_aranges
                0x00000160       0x20 c:/program files (x86)/atmel/atmel studio 6.0/extensions/atmel/avrgcc/3.4.0.65/avrtoolchain/bin/../lib/gcc/avr/4.6.2/avr6\libgcc.a(_clear_bss.o)
 .debug_aranges
                0x00000180       0x28 c:/program files (x86)/atmel/atmel studio 6.0/extensions/atmel/avrgcc/3.4.0.65/avrtoolchain/bin/../lib/gcc/avr/4.6.2/../../../../avr/lib/avr6\libc.a(malloc.o)

.debug_pubnames
 *(.debug_pubnames)

.debug_info     0x00000000     0x31fd
 *(.debug_info)
 .debug_info    0x00000000      0x70d BufferTests.o
 .debug_info    0x0000070d      0x5e5 HelicopterUnitTests.o
 .debug_info    0x00000cf2      0x675 SchedulerTest.o
 .debug_info    0x00001367      0x538 util/testframework/TestSuite.o
 .debug_info    0x0000189f      0x434 ../../libs\libheli.a(Record.o)
 .debug_info    0x00001cd3       0xf8 ../../libs\libheli.a(commonheader.o)
 .debug_info    0x00001dcb      0x50b ../../libs\libheli.a(Buffer.o)
 .debug_info    0x000022d6      0x339 ../../libs\libheli.a(Task.o)
 .debug_info    0x0000260f      0x6c1 ../../libs\libheli.a(Scheduler.o)
 .debug_info    0x00002cd0       0xdd c:/program files (x86)/atmel/atmel studio 6.0/extensions/atmel/avrgcc/3.4.0.65/avrtoolchain/bin/../lib/gcc/avr/4.6.2/avr6\libgcc.a(_exit.o)
 .debug_info    0x00002dad       0xdd c:/program files (x86)/atmel/atmel studio 6.0/extensions/atmel/avrgcc/3.4.0.65/avrtoolchain/bin/../lib/gcc/avr/4.6.2/avr6\libgcc.a(_copy_data.o)
 .debug_info    0x00002e8a       0xdd c:/program files (x86)/atmel/atmel studio 6.0/extensions/atmel/avrgcc/3.4.0.65/avrtoolchain/bin/../lib/gcc/avr/4.6.2/avr6\libgcc.a(_clear_bss.o)
 .debug_info    0x00002f67      0x296 c:/program files (x86)/atmel/atmel studio 6.0/extensions/atmel/avrgcc/3.4.0.65/avrtoolchain/bin/../lib/gcc/avr/4.6.2/../../../../avr/lib/avr6\libc.a(malloc.o)
 *(.gnu.linkonce.wi.*)

.debug_abbrev   0x00000000     0x1234
 *(.debug_abbrev)
 .debug_abbrev  0x00000000      0x1e6 BufferTests.o
 .debug_abbrev  0x000001e6      0x20a HelicopterUnitTests.o
 .debug_abbrev  0x000003f0      0x2bc SchedulerTest.o
 .debug_abbrev  0x000006ac      0x208 util/testframework/TestSuite.o
 .debug_abbrev  0x000008b4      0x1c4 ../../libs\libheli.a(Record.o)
 .debug_abbrev  0x00000a78       0xa4 ../../libs\libheli.a(commonheader.o)
 .debug_abbrev  0x00000b1c      0x1cd ../../libs\libheli.a(Buffer.o)
 .debug_abbrev  0x00000ce9      0x1d3 ../../libs\libheli.a(Task.o)
 .debug_abbrev  0x00000ebc      0x247 ../../libs\libheli.a(Scheduler.o)
 .debug_abbrev  0x00001103       0x14 c:/program files (x86)/atmel/atmel studio 6.0/extensions/atmel/avrgcc/3.4.0.65/avrtoolchain/bin/../lib/gcc/avr/4.6.2/avr6\libgcc.a(_exit.o)
 .debug_abbrev  0x00001117       0x14 c:/program files (x86)/atmel/atmel studio 6.0/extensions/atmel/avrgcc/3.4.0.65/avrtoolchain/bin/../lib/gcc/avr/4.6.2/avr6\libgcc.a(_copy_data.o)
 .debug_abbrev  0x0000112b       0x14 c:/program files (x86)/atmel/atmel studio 6.0/extensions/atmel/avrgcc/3.4.0.65/avrtoolchain/bin/../lib/gcc/avr/4.6.2/avr6\libgcc.a(_clear_bss.o)
 .debug_abbrev  0x0000113f       0xf5 c:/program files (x86)/atmel/atmel studio 6.0/extensions/atmel/avrgcc/3.4.0.65/avrtoolchain/bin/../lib/gcc/avr/4.6.2/../../../../avr/lib/avr6\libc.a(malloc.o)

.debug_line     0x00000000      0xd19
 *(.debug_line)
 .debug_line    0x00000000      0x1fb BufferTests.o
 .debug_line    0x000001fb      0x190 HelicopterUnitTests.o
 .debug_line    0x0000038b      0x134 SchedulerTest.o
 .debug_line    0x000004bf       0xdc util/testframework/TestSuite.o
 .debug_line    0x0000059b       0x91 ../../libs\libheli.a(Record.o)
 .debug_line    0x0000062c       0xe2 ../../libs\libheli.a(commonheader.o)
 .debug_line    0x0000070e       0xaa ../../libs\libheli.a(Buffer.o)
 .debug_line    0x000007b8       0x5a ../../libs\libheli.a(Task.o)
 .debug_line    0x00000812      0x18b ../../libs\libheli.a(Scheduler.o)
 .debug_line    0x0000099d       0x88 c:/program files (x86)/atmel/atmel studio 6.0/extensions/atmel/avrgcc/3.4.0.65/avrtoolchain/bin/../lib/gcc/avr/4.6.2/avr6\libgcc.a(_exit.o)
 .debug_line    0x00000a25       0x93 c:/program files (x86)/atmel/atmel studio 6.0/extensions/atmel/avrgcc/3.4.0.65/avrtoolchain/bin/../lib/gcc/avr/4.6.2/avr6\libgcc.a(_copy_data.o)
 .debug_line    0x00000ab8       0x8e c:/program files (x86)/atmel/atmel studio 6.0/extensions/atmel/avrgcc/3.4.0.65/avrtoolchain/bin/../lib/gcc/avr/4.6.2/avr6\libgcc.a(_clear_bss.o)
 .debug_line    0x00000b46      0x1d3 c:/program files (x86)/atmel/atmel studio 6.0/extensions/atmel/avrgcc/3.4.0.65/avrtoolchain/bin/../lib/gcc/avr/4.6.2/../../../../avr/lib/avr6\libc.a(malloc.o)

.debug_frame    0x00000000      0xa24
 *(.debug_frame)
 .debug_frame   0x00000000       0xf4 BufferTests.o
 .debug_frame   0x000000f4      0x160 HelicopterUnitTests.o
 .debug_frame   0x00000254       0xbc SchedulerTest.o
 .debug_frame   0x00000310      0x120 util/testframework/TestSuite.o
 .debug_frame   0x00000430      0x114 ../../libs\libheli.a(Record.o)
 .debug_frame   0x00000544       0x94 ../../libs\libheli.a(commonheader.o)
 .debug_frame   0x000005d8      0x100 ../../libs\libheli.a(Buffer.o)
 .debug_frame   0x000006d8       0x94 ../../libs\libheli.a(Task.o)
 .debug_frame   0x0000076c      0x264 ../../libs\libheli.a(Scheduler.o)
 .debug_frame   0x000009d0       0x54 c:/program files (x86)/atmel/atmel studio 6.0/extensions/atmel/avrgcc/3.4.0.65/avrtoolchain/bin/../lib/gcc/avr/4.6.2/../../../../avr/lib/avr6\libc.a(malloc.o)

.debug_str      0x00000000     0x11e7
 *(.debug_str)
 .debug_str     0x00000000      0x785 BufferTests.o
                                0x7c6 (size before relaxing)
 .debug_str     0x00000785      0x284 HelicopterUnitTests.o
                                0x5c9 (size before relaxing)
 .debug_str     0x00000a09      0x348 SchedulerTest.o
                                0x6bd (size before relaxing)
 .debug_str     0x00000d51       0x24 util/testframework/TestSuite.o
                                0x532 (size before relaxing)
 .debug_str     0x00000d75       0x6b ../../libs\libheli.a(Record.o)
                                0x349 (size before relaxing)
 .debug_str     0x00000de0       0x7f ../../libs\libheli.a(commonheader.o)
                                 0xee (size before relaxing)
 .debug_str     0x00000e5f       0x2c ../../libs\libheli.a(Buffer.o)
                                0x437 (size before relaxing)
 .debug_str     0x00000e8b      0x1f9 ../../libs\libheli.a(Task.o)
                                0x2eb (size before relaxing)
 .debug_str     0x00001084       0x6c ../../libs\libheli.a(Scheduler.o)
                                0x4f0 (size before relaxing)
 .debug_str     0x000010f0       0xf7 c:/program files (x86)/atmel/atmel studio 6.0/extensions/atmel/avrgcc/3.4.0.65/avrtoolchain/bin/../lib/gcc/avr/4.6.2/../../../../avr/lib/avr6\libc.a(malloc.o)
                                0x16a (size before relaxing)

.debug_loc      0x00000000     0x1893
 *(.debug_loc)
 .debug_loc     0x00000000      0x1f1 BufferTests.o
 .debug_loc     0x000001f1      0x2e4 HelicopterUnitTests.o
 .debug_loc     0x000004d5      0x175 SchedulerTest.o
 .debug_loc     0x0000064a      0x24d util/testframework/TestSuite.o
 .debug_loc     0x00000897      0x246 ../../libs\libheli.a(Record.o)
 .debug_loc     0x00000add      0x120 ../../libs\libheli.a(commonheader.o)
 .debug_loc     0x00000bfd      0x212 ../../libs\libheli.a(Buffer.o)
 .debug_loc     0x00000e0f      0x120 ../../libs\libheli.a(Task.o)
 .debug_loc     0x00000f2f      0x543 ../../libs\libheli.a(Scheduler.o)
 .debug_loc     0x00001472      0x421 c:/program files (x86)/atmel/atmel studio 6.0/extensions/atmel/avrgcc/3.4.0.65/avrtoolchain/bin/../lib/gcc/avr/4.6.2/../../../../avr/lib/avr6\libc.a(malloc.o)

.debug_macinfo
 *(.debug_macinfo)
OUTPUT(HelicopterUnitTests.elf elf32-avr)
LOAD linker stubs

.debug_ranges   0x00000000       0x18
 .debug_ranges  0x00000000       0x18 c:/program files (x86)/atmel/atmel studio 6.0/extensions/atmel/avrgcc/3.4.0.65/avrtoolchain/bin/../lib/gcc/avr/4.6.2/../../../../avr/lib/avr6\libc.a(malloc.o)
